 handmade

 Timestamp is 5ec866ef (Fri May 22 17:57:35 2020)

 Preferred load address is 0000000180000000

 Start         Length     Name                   Class
 0001:00000000 00037990H .text$mn                CODE
 0001:00037990 00000020H .text$mn$00             CODE
 0001:000379b0 0000068dH .text$x                 CODE
 0002:00000000 00000248H .idata$5                DATA
 0002:00000248 00000028H .00cfg                  DATA
 0002:00000270 00000008H .CRT$XCA                DATA
 0002:00000278 00000008H .CRT$XCZ                DATA
 0002:00000280 00000008H .CRT$XIA                DATA
 0002:00000288 00000018H .CRT$XIC                DATA
 0002:000002a0 00000008H .CRT$XIZ                DATA
 0002:000002a8 00000008H .CRT$XPA                DATA
 0002:000002b0 00000010H .CRT$XPX                DATA
 0002:000002c0 00000008H .CRT$XPXA               DATA
 0002:000002c8 00000008H .CRT$XPZ                DATA
 0002:000002d0 00000008H .CRT$XTA                DATA
 0002:000002d8 00000008H .CRT$XTZ                DATA
 0002:000002e0 00000000H .gfids$y                DATA
 0002:000002e0 000102e0H .rdata                  DATA
 0002:000105c0 0000016cH .rdata$r                DATA
 0002:0001072c 000002f4H .rdata$zzzdbg           DATA
 0002:00010a20 00000008H .rtc$IAA                DATA
 0002:00010a28 00000008H .rtc$IZZ                DATA
 0002:00010a30 00000008H .rtc$TAA                DATA
 0002:00010a38 00000008H .rtc$TZZ                DATA
 0002:00010a40 000010e8H .xdata                  DATA
 0002:00011b28 00000088H .xdata$x                DATA
 0002:00011bb0 00000074H .edata                  DATA
 0002:00011c24 00000014H .idata$2                DATA
 0002:00011c38 00000018H .idata$3                DATA
 0002:00011c50 00000248H .idata$4                DATA
 0002:00011e98 00000554H .idata$6                DATA
 0003:00000000 00000a30H .data                   DATA
 0003:00000a30 00000070H .data$r                 DATA
 0003:00000aa0 00001868H .bss                    DATA
 0004:00000000 00002dc0H .pdata                  DATA
 0005:00000000 00000094H _RDATA                  DATA

  Address         Publics by Value              Rva+Base               Lib:Object

 0000:00000000       __guard_longjmp_count      0000000000000000     <absolute>
 0000:00000000       __guard_fids_count         0000000000000000     <absolute>
 0000:00000000       __hybrid_code_map_count    0000000000000000     <absolute>
 0000:00000000       __guard_iat_table          0000000000000000     <absolute>
 0000:00000000       __hybrid_code_map          0000000000000000     <absolute>
 0000:00000000       __guard_iat_count          0000000000000000     <absolute>
 0000:00000000       __guard_eh_cont_count      0000000000000000     <absolute>
 0000:00000000       __volatile_metadata        0000000000000000     <absolute>
 0000:00000000       __guard_longjmp_table      0000000000000000     <absolute>
 0000:00000000       __guard_eh_cont_table      0000000000000000     <absolute>
 0000:00000000       __enclave_config           0000000000000000     <absolute>
 0000:00000000       __AbsoluteZero             0000000000000000     <absolute>
 0000:00000000       ___safe_se_handler_count   0000000000000000     <absolute>
 0000:00000000       ___safe_se_handler_table   0000000000000000     <absolute>
 0000:00000000       __guard_fids_table         0000000000000000     <absolute>
 0000:00000000       __hybrid_auxiliary_iat     0000000000000000     <absolute>
 0000:00000000       __dynamic_value_reloc_table 0000000000000000     <absolute>
 0000:00000100       __guard_flags              0000000000000100     <absolute>
 0000:00000000       __ImageBase                0000000180000000     <linker-defined>
 0001:00000510       ?PushSize_@@YAPEAXPEAUmemory_arena@@_K@Z 0000000180001510 f   handmade.obj
 0001:00000580       GameUpdateAndRender        0000000180001580 f   handmade.obj
 0001:00001280       GameGetSoundSamples        0000000180002280 f   handmade.obj
 0001:000012c0       ?GetChunkPositionFor@@YA?AUtile_chunk_position@@PEAUtile_map@@II@Z 00000001800022c0 f i handmade.obj
 0001:00001370       ?GetController@@YAPEAUgame_controller_input@@PEAUgame_input@@H@Z 0000000180002370 f i handmade.obj
 0001:000013c0       ?GetTileChunk@@YAPEAUtile_chunk@@PEAUtile_map@@II@Z 00000001800023c0 f i handmade.obj
 0001:00001430       ?GetTileValue@@YAIPEAUtile_map@@PEAUtile_chunk@@II@Z 0000000180002430 f i handmade.obj
 0001:00001480       ?GetTileValueUnchecked@@YAIPEAUtile_map@@PEAUtile_chunk@@II@Z 0000000180002480 f i handmade.obj
 0001:00001510       ?RecanonicalizeCoord@@YAXPEAUtile_map@@PEAIPEAM@Z 0000000180002510 f i handmade.obj
 0001:000015d0       ?RecanonicalizePosition@@YA?AUtile_map_position@@PEAUtile_map@@U1@@Z 00000001800025d0 f i handmade.obj
 0001:00001660       ?RoundReal32ToInt32@@YAHM@Z 0000000180002660 f i handmade.obj
 0001:00001690       ?RoundReal32ToUInt32@@YAIM@Z 0000000180002690 f i handmade.obj
 0001:000016c0       ?SetTileValue@@YAXPEAUtile_map@@PEAUtile_chunk@@III@Z 00000001800026c0 f i handmade.obj
 0001:00001710       ?SetTileValueUnchecked@@YAXPEAUtile_map@@PEAUtile_chunk@@III@Z 0000000180002710 f i handmade.obj
 0001:00001790       __GSHandlerCheck           0000000180002790 f   LIBCMTD:gshandler.obj
 0001:000017d0       __GSHandlerCheckCommon     00000001800027d0 f   LIBCMTD:gshandler.obj
 0001:000018e0       __security_check_cookie    00000001800028e0 f   LIBCMTD:amdsecgs.obj
 0001:00001d20       _DllMainCRTStartup         0000000180002d20 f   LIBCMTD:dll_dllmain.obj
 0001:00001d60       __raise_securityfailure    0000000180002d60 f   LIBCMTD:gs_report.obj
 0001:00001da0       __report_gsfailure         0000000180002da0 f   LIBCMTD:gs_report.obj
 0001:00001e80       __report_rangecheckfailure 0000000180002e80 f   LIBCMTD:gs_report.obj
 0001:00001ea0       __report_securityfailure   0000000180002ea0 f   LIBCMTD:gs_report.obj
 0001:00002160       __security_init_cookie     0000000180003160 f   LIBCMTD:gs_support.obj
 0001:000021e0       DllMain                    00000001800031e0 f   LIBCMTD:dll_dllmain_stub.obj
 0001:00002200       ?__scrt_initialize_type_info@@YAXXZ 0000000180003200 f   LIBCMTD:tncleanup.obj
 0001:00002220       ?__scrt_uninitialize_type_info@@YAXXZ 0000000180003220 f   LIBCMTD:tncleanup.obj
 0001:00002240       __local_stdio_printf_options 0000000180003240 f i LIBCMTD:default_local_stdio_options.obj
 0001:00002250       __local_stdio_scanf_options 0000000180003250 f i LIBCMTD:default_local_stdio_options.obj
 0001:00002260       __scrt_initialize_default_local_stdio_options 0000000180003260 f   LIBCMTD:default_local_stdio_options.obj
 0001:000022b0       ?configure_argv@__scrt_narrow_argv_policy@@SAHXZ 00000001800032b0 f i LIBCMTD:utility.obj
 0001:000023a0       ?initialize_environment@__scrt_narrow_environment_policy@@SAHXZ 00000001800033a0 f i LIBCMTD:utility.obj
 0001:00002440       NtCurrentTeb               0000000180003440 f i LIBCMTD:utility.obj
 0001:00002450       __scrt_acquire_startup_lock 0000000180003450 f   LIBCMTD:utility.obj
 0001:000024c0       __scrt_dllmain_after_initialize_c 00000001800034c0 f   LIBCMTD:utility.obj
 0001:000024f0       __scrt_dllmain_before_initialize_c 00000001800034f0 f   LIBCMTD:utility.obj
 0001:00002510       __scrt_dllmain_crt_thread_attach 0000000180003510 f   LIBCMTD:utility.obj
 0001:00002540       __scrt_dllmain_crt_thread_detach 0000000180003540 f   LIBCMTD:utility.obj
 0001:00002560       __scrt_dllmain_exception_filter 0000000180003560 f   LIBCMTD:utility.obj
 0001:000025d0       __scrt_dllmain_uninitialize_c 00000001800035d0 f   LIBCMTD:utility.obj
 0001:00002600       __scrt_dllmain_uninitialize_critical 0000000180003600 f   LIBCMTD:utility.obj
 0001:00002620       __scrt_initialize_crt      0000000180003620 f   LIBCMTD:utility.obj
 0001:00002670       __scrt_initialize_onexit_tables 0000000180003670 f   LIBCMTD:utility.obj
 0001:00002780       __scrt_is_nonwritable_in_current_image 0000000180003780 f   LIBCMTD:utility.obj
 0001:00002810       __scrt_release_startup_lock 0000000180003810 f   LIBCMTD:utility.obj
 0001:00002840       __scrt_uninitialize_crt    0000000180003840 f   LIBCMTD:utility.obj
 0001:00002880       __scrt_get_dyn_tls_init_callback 0000000180003880 f   LIBCMTD:dyn_tls_init.obj
 0001:00002890       __crt_debugger_hook        0000000180003890 f   LIBCMTD:utility_desktop.obj
 0001:000028a0       __scrt_fastfail            00000001800038a0 f   LIBCMTD:utility_desktop.obj
 0001:00002a40       _RTC_Initialize            0000000180003a40 f   LIBCMTD:initsect.obj
 0001:00002a90       _RTC_Terminate             0000000180003a90 f   LIBCMTD:initsect.obj
 0001:00002ae0       ??1?$__crt_simd_cleanup_guard@$0A@@@QEAA@XZ 0000000180003ae0 f i libucrtd:strnlen.obj
 0001:00002ae0       ??1scoped_global_state_reset@__crt_state_management@@QEAA@XZ 0000000180003ae0 f i libucrtd:onexit.obj
 0001:00002ae0       _guard_check_icall_nop     0000000180003ae0 f i LIBCMTD:guard_support.obj
 0001:00002af0       ReadNoFence64              0000000180003af0 f i LIBCMTD:guard_support.obj
 0001:00002af0       ?__crt_interlocked_read_64@@YA_JPED_J@Z 0000000180003af0 f i libvcruntimed:std_type_info.obj
 0001:00002b10       ??$__crt_interlocked_read_pointer@UHINSTANCE__@@@@YAPEAUHINSTANCE__@@PEDSEAU0@@Z 0000000180003b10 f i libvcruntimed:winapi_downlevel.obj
 0001:00002b10       ReadPointerNoFence         0000000180003b10 f i LIBCMTD:guard_support.obj
 0001:00002b10       ??$__crt_interlocked_read_pointer@X@@YAPEAXPEDSEAX@Z 0000000180003b10 f i libvcruntimed:winapi_downlevel.obj
 0001:00002b30       _guard_icall_checks_enforced 0000000180003b30 f i LIBCMTD:guard_support.obj
 0001:00002b70       __isa_available_init       0000000180003b70 f   LIBCMTD:cpu_disp.obj
 0001:00002f10       _get_startup_argv_mode     0000000180003f10 f   LIBCMTD:argv_mode.obj
 0001:00002f20       __scrt_is_ucrt_dll_in_use  0000000180003f20 f   LIBCMTD:ucrt_detection.obj
 0001:00002f50       IsProcessorFeaturePresent  0000000180003f50 f   kernel32:KERNEL32.dll
 0001:00002f60       __C_specific_handler       0000000180003f60 f   libvcruntimed:riscchandler.obj
 0001:000033d0       ??$?RU__crt_lowio_handle_data@@@__crt_internal_free_policy@@QEBAXQEBU__crt_lowio_handle_data@@@Z 00000001800043d0 f i libucrtd:osfinfo.obj
 0001:000033d0       ??$?RU__crt_multibyte_data@@@__crt_internal_free_policy@@QEBAXQEBU__crt_multibyte_data@@@Z 00000001800043d0 f i libucrtd:mbctype.obj
 0001:000033d0       ??$?RU__acrt_ptd@@@__crt_internal_free_policy@@QEBAXQEBU__acrt_ptd@@@Z 00000001800043d0 f i libucrtd:per_thread_data.obj
 0001:000033d0       ??$?RU__vcrt_ptd@@@__crt_internal_free_policy@@QEBAXQEBU__vcrt_ptd@@@Z 00000001800043d0 f i libvcruntimed:per_thread_data.obj
 0001:000033d0       ??$?RPEAD@__crt_internal_free_policy@@QEBAXQEBQEAD@Z 00000001800043d0 f i libucrtd:argv_parsing.obj
 0001:000033d0       ??$?RPEAU__crt_stdio_stream_data@@@__crt_internal_free_policy@@QEBAXQEBQEAU__crt_stdio_stream_data@@@Z 00000001800043d0 f i libucrtd:_file.obj
 0001:000033d0       ??$?RE@__crt_internal_free_policy@@QEBAXQEBE@Z 00000001800043d0 f i libucrtd:argv_parsing.obj
 0001:000033d0       ??$?RD@__crt_internal_free_policy@@QEBAXQEBD@Z 00000001800043d0 f i libvcruntimed:std_type_info.obj
 0001:00003400       ??0?$__crt_unique_heap_ptr@U__crt_multibyte_data@@U__crt_internal_free_policy@@@@QEAA@QEAU__crt_multibyte_data@@@Z 0000000180004400 f i libucrtd:mbctype.obj
 0001:00003400       ??0?$__crt_unique_heap_ptr@DU__crt_public_free_policy@@@@QEAA@QEAD@Z 0000000180004400 f i libvcruntimed:std_exception.obj
 0001:00003400       ??0?$__crt_unique_heap_ptr@DU__crt_internal_free_policy@@@@QEAA@QEAD@Z 0000000180004400 f i libvcruntimed:std_type_info.obj
 0001:00003400       ??0?$__crt_scoped_stack_ptr@_W@@QEAA@U?$__crt_scoped_stack_ptr_tag@_W@@@Z 0000000180004400 f i libucrtd:getstringtypea.obj
 0001:00003400       ??0?$__crt_scoped_stack_ptr_tag@_W@@QEAA@QEA_W@Z 0000000180004400 f i libucrtd:getstringtypea.obj
 0001:00003400       ??0?$__crt_unique_heap_ptr@U__vcrt_ptd@@U__crt_internal_free_policy@@@@QEAA@QEAU__vcrt_ptd@@@Z 0000000180004400 f i libvcruntimed:per_thread_data.obj
 0001:00003400       ??0?$__crt_unique_heap_ptr@U__crt_lowio_handle_data@@U__crt_internal_free_policy@@@@QEAA@QEAU__crt_lowio_handle_data@@@Z 0000000180004400 f i libucrtd:osfinfo.obj
 0001:00003400       ??0?$string_output_adapter@_W@__crt_stdio_output@@QEAA@QEAU?$string_output_adapter_context@_W@1@@Z 0000000180004400 f i libucrtd:output.obj
 0001:00003400       ??0?$__crt_unique_heap_ptr@PEADU__crt_internal_free_policy@@@@QEAA@QEAPEAD@Z 0000000180004400 f i libucrtd:argv_parsing.obj
 0001:00003400       ??0?$__crt_unique_heap_ptr@EU__crt_internal_free_policy@@@@QEAA@QEAE@Z 0000000180004400 f i libucrtd:argv_parsing.obj
 0001:00003400       ??0?$string_output_adapter@D@__crt_stdio_output@@QEAA@QEAU?$string_output_adapter_context@D@1@@Z 0000000180004400 f i libucrtd:output.obj
 0001:00003400       ??0?$__crt_unique_handle_t@U__crt_findfile_traits@@@@QEAA@QEAX@Z 0000000180004400 f i libucrtd:argv_wildcards.obj
 0001:00003400       ??0__crt_stdio_stream@@QEAA@QEAU__crt_stdio_stream_data@@@Z 0000000180004400 f i libucrtd:fflush.obj
 0001:00003400       ??0__crt_stdio_stream@@QEAA@QEAU_iobuf@@@Z 0000000180004400 f i libucrtd:output.obj
 0001:00003400       ??0?$__crt_unique_handle_t@U__crt_hmodule_traits@@@@QEAA@QEAUHINSTANCE__@@@Z 0000000180004400 f i libucrtd:exit.obj
 0001:00003400       ??0?$__crt_unique_heap_ptr@U__acrt_ptd@@U__crt_internal_free_policy@@@@QEAA@QEAU__acrt_ptd@@@Z 0000000180004400 f i libucrtd:per_thread_data.obj
 0001:00003400       ??0?$__crt_unique_heap_ptr@PEAU__crt_stdio_stream_data@@U__crt_internal_free_policy@@@@QEAA@QEAPEAU__crt_stdio_stream_data@@@Z 0000000180004400 f i libucrtd:_file.obj
 0001:00003420       ??1?$__crt_unique_heap_ptr@U__acrt_ptd@@U__crt_internal_free_policy@@@@QEAA@XZ 0000000180004420 f i libucrtd:per_thread_data.obj
 0001:00003420       ??1?$__crt_unique_heap_ptr@PEADU__crt_internal_free_policy@@@@QEAA@XZ 0000000180004420 f i libucrtd:argv_parsing.obj
 0001:00003420       ??1?$__crt_unique_heap_ptr@U__crt_multibyte_data@@U__crt_internal_free_policy@@@@QEAA@XZ 0000000180004420 f i libucrtd:mbctype.obj
 0001:00003420       ??1?$__crt_unique_heap_ptr@DU__crt_internal_free_policy@@@@QEAA@XZ 0000000180004420 f i libvcruntimed:std_type_info.obj
 0001:00003420       ??1?$__crt_unique_heap_ptr@EU__crt_internal_free_policy@@@@QEAA@XZ 0000000180004420 f i libucrtd:argv_parsing.obj
 0001:00003420       ??1?$__crt_unique_heap_ptr@U__crt_lowio_handle_data@@U__crt_internal_free_policy@@@@QEAA@XZ 0000000180004420 f i libucrtd:osfinfo.obj
 0001:00003420       ??1?$__crt_unique_heap_ptr@PEAU__crt_stdio_stream_data@@U__crt_internal_free_policy@@@@QEAA@XZ 0000000180004420 f i libucrtd:_file.obj
 0001:00003420       ??1?$__crt_unique_heap_ptr@U__vcrt_ptd@@U__crt_internal_free_policy@@@@QEAA@XZ 0000000180004420 f i libvcruntimed:per_thread_data.obj
 0001:00003440       ??B?$__crt_unique_heap_ptr@EU__crt_internal_free_policy@@@@QEBA_NXZ 0000000180004440 f i libucrtd:argv_parsing.obj
 0001:00003440       ??B?$__crt_unique_heap_ptr@U__acrt_ptd@@U__crt_internal_free_policy@@@@QEBA_NXZ 0000000180004440 f i libucrtd:per_thread_data.obj
 0001:00003440       ??B?$__crt_unique_heap_ptr@U__crt_lowio_handle_data@@U__crt_internal_free_policy@@@@QEBA_NXZ 0000000180004440 f i libucrtd:osfinfo.obj
 0001:00003440       ??B?$__crt_unique_heap_ptr@U__crt_multibyte_data@@U__crt_internal_free_policy@@@@QEBA_NXZ 0000000180004440 f i libucrtd:mbctype.obj
 0001:00003440       ??B?$__crt_unique_heap_ptr@DU__crt_public_free_policy@@@@QEBA_NXZ 0000000180004440 f i libvcruntimed:std_exception.obj
 0001:00003440       ??B?$__crt_unique_heap_ptr@U__vcrt_ptd@@U__crt_internal_free_policy@@@@QEBA_NXZ 0000000180004440 f i libvcruntimed:per_thread_data.obj
 0001:00003440       ??B?$__crt_unique_heap_ptr@DU__crt_internal_free_policy@@@@QEBA_NXZ 0000000180004440 f i libvcruntimed:std_type_info.obj
 0001:00003460       ??C__crt_stdio_stream@@QEBAPEAU__crt_stdio_stream_data@@XZ 0000000180004460 f i libucrtd:output.obj
 0001:00003460       ?get@?$__crt_unique_heap_ptr@U__vcrt_ptd@@U__crt_internal_free_policy@@@@QEBAPEAU__vcrt_ptd@@XZ 0000000180004460 f i libvcruntimed:per_thread_data.obj
 0001:00003460       ?get@?$__crt_unique_heap_ptr@U__acrt_ptd@@U__crt_internal_free_policy@@@@QEBAPEAU__acrt_ptd@@XZ 0000000180004460 f i libucrtd:per_thread_data.obj
 0001:00003460       ?get@?$__crt_unique_heap_ptr@DU__crt_internal_free_policy@@@@QEBAPEADXZ 0000000180004460 f i libvcruntimed:std_type_info.obj
 0001:00003460       ?save_state@?$c_string_character_source@D@__crt_strtox@@QEBAPEBDXZ 0000000180004460 f i libucrtd:atox.obj
 0001:00003460       ?get@?$__crt_unique_handle_t@U__crt_findfile_traits@@@@QEBAPEAXXZ 0000000180004460 f i libucrtd:argv_wildcards.obj
 0001:00003460       ?get@?$__crt_unique_handle_t@U__crt_hmodule_traits@@@@QEBAPEAUHINSTANCE__@@XZ 0000000180004460 f i libucrtd:exit.obj
 0001:00003460       ?get@?$__crt_unique_heap_ptr@U__crt_multibyte_data@@U__crt_internal_free_policy@@@@QEBAPEAU__crt_multibyte_data@@XZ 0000000180004460 f i libucrtd:mbctype.obj
 0001:00003460       ?get@?$__crt_unique_heap_ptr@EU__crt_internal_free_policy@@@@QEBAPEAEXZ 0000000180004460 f i libucrtd:argv_parsing.obj
 0001:00003460       ?get@?$__crt_unique_heap_ptr@U__crt_lowio_handle_data@@U__crt_internal_free_policy@@@@QEBAPEAU__crt_lowio_handle_data@@XZ 0000000180004460 f i libucrtd:osfinfo.obj
 0001:00003460       ?get@?$__crt_scoped_stack_ptr@_W@@QEBAPEA_WXZ 0000000180004460 f i libucrtd:getstringtypea.obj
 0001:00003460       ?get@?$__crt_unique_heap_ptr@PEADU__crt_internal_free_policy@@@@QEBAPEAPEADXZ 0000000180004460 f i libucrtd:argv_parsing.obj
 0001:00003460       ?save_state@?$c_string_character_source@_W@__crt_strtox@@QEBAPEB_WXZ 0000000180004460 f i libucrtd:atox.obj
 0001:00003460       ?public_stream@__crt_stdio_stream@@QEBAPEAU_iobuf@@XZ 0000000180004460 f i libucrtd:output.obj
 0001:00003460       ?get@?$__crt_unique_heap_ptr@DU__crt_public_free_policy@@@@QEBAPEADXZ 0000000180004460 f i libvcruntimed:std_exception.obj
 0001:00003470       ?valid@__crt_stdio_stream@@QEBA_NXZ 0000000180004470 f i libucrtd:output.obj
 0001:00003470       ?is_valid@?$__crt_unique_heap_ptr@U__crt_multibyte_data@@U__crt_internal_free_policy@@@@QEBA_NXZ 0000000180004470 f i libucrtd:mbctype.obj
 0001:00003470       ?is_valid@?$__crt_unique_heap_ptr@DU__crt_internal_free_policy@@@@QEBA_NXZ 0000000180004470 f i libvcruntimed:std_type_info.obj
 0001:00003470       ?is_valid@?$__crt_unique_heap_ptr@U__vcrt_ptd@@U__crt_internal_free_policy@@@@QEBA_NXZ 0000000180004470 f i libvcruntimed:per_thread_data.obj
 0001:00003470       ??B?$__crt_scoped_stack_ptr@_W@@QEBA_NXZ 0000000180004470 f i libucrtd:lcmapstringa.obj
 0001:00003470       ?is_valid@?$__crt_unique_heap_ptr@EU__crt_internal_free_policy@@@@QEBA_NXZ 0000000180004470 f i libucrtd:argv_parsing.obj
 0001:00003470       ?is_valid@?$__crt_unique_heap_ptr@U__acrt_ptd@@U__crt_internal_free_policy@@@@QEBA_NXZ 0000000180004470 f i libucrtd:per_thread_data.obj
 0001:00003470       ?is_valid@?$__crt_unique_heap_ptr@U__crt_lowio_handle_data@@U__crt_internal_free_policy@@@@QEBA_NXZ 0000000180004470 f i libucrtd:osfinfo.obj
 0001:00003470       ?is_valid@?$__crt_unique_heap_ptr@DU__crt_public_free_policy@@@@QEBA_NXZ 0000000180004470 f i libvcruntimed:std_exception.obj
 0001:000034a0       ?release@?$__crt_unique_heap_ptr@U__vcrt_ptd@@U__crt_internal_free_policy@@@@QEAAXXZ 00000001800044a0 f i libvcruntimed:per_thread_data.obj
 0001:000034a0       ?release@?$__crt_unique_heap_ptr@U__crt_multibyte_data@@U__crt_internal_free_policy@@@@QEAAXXZ 00000001800044a0 f i libucrtd:mbctype.obj
 0001:000034a0       ?release@?$__crt_unique_heap_ptr@PEADU__crt_internal_free_policy@@@@QEAAXXZ 00000001800044a0 f i libucrtd:argv_parsing.obj
 0001:000034a0       ?release@?$__crt_unique_heap_ptr@PEAU__crt_stdio_stream_data@@U__crt_internal_free_policy@@@@QEAAXXZ 00000001800044a0 f i libucrtd:_file.obj
 0001:000034a0       ?release@?$__crt_unique_heap_ptr@U__acrt_ptd@@U__crt_internal_free_policy@@@@QEAAXXZ 00000001800044a0 f i libucrtd:per_thread_data.obj
 0001:000034a0       ?release@?$__crt_unique_heap_ptr@U__crt_lowio_handle_data@@U__crt_internal_free_policy@@@@QEAAXXZ 00000001800044a0 f i libucrtd:osfinfo.obj
 0001:000034a0       ?release@?$__crt_unique_heap_ptr@EU__crt_internal_free_policy@@@@QEAAXXZ 00000001800044a0 f i libucrtd:argv_parsing.obj
 0001:000034a0       ?release@?$__crt_unique_heap_ptr@DU__crt_internal_free_policy@@@@QEAAXXZ 00000001800044a0 f i libvcruntimed:std_type_info.obj
 0001:000034d0       __std_type_info_compare    00000001800044d0 f   libvcruntimed:std_type_info.obj
 0001:00003510       __std_type_info_destroy_list 0000000180004510 f   libvcruntimed:std_type_info.obj
 0001:00003570       __vcrt_initialize          0000000180004570 f   libvcruntimed:initialization.obj
 0001:000035b0       __vcrt_thread_attach       00000001800045b0 f   libvcruntimed:initialization.obj
 0001:000035d0       __vcrt_thread_detach       00000001800045d0 f   libvcruntimed:initialization.obj
 0001:000035f0       __vcrt_uninitialize        00000001800045f0 f   libvcruntimed:initialization.obj
 0001:00003610       __vcrt_uninitialize_critical 0000000180004610 f   libvcruntimed:initialization.obj
 0001:00003630       __DestructExceptionObject  0000000180004630 f   libvcruntimed:ehhelpers.obj
 0001:00003730       ?_CallMemberFunction0@@YAXQEAX0@Z 0000000180004730 f i libvcruntimed:ehhelpers.obj
 0001:00003800       _IsExceptionObjectToBeDestroyed 0000000180004800 f   libvcruntimed:ehhelpers.obj
 0001:00003850       __AdjustPointer            0000000180004850 f   libvcruntimed:ehhelpers.obj
 0001:000038d0       __FrameUnwindFilter        00000001800048d0 f   libvcruntimed:ehhelpers.obj
 0001:00003990       _NLG_Notify                0000000180004990 f   libvcruntimed:notify.obj
 0001:000039b0       __NLG_Dispatch2            00000001800049b0 f   libvcruntimed:notify.obj
 0001:000039c0       __NLG_Return2              00000001800049c0 f   libvcruntimed:notify.obj
 0001:000039d0       __except_validate_context_record 00000001800049d0 f   libvcruntimed:jbcxrval.obj
 0001:00003a30       _vsprintf_s_l              0000000180004a30 f i libvcruntimed:undname.obj
 0001:00003aa0       sprintf_s                  0000000180004aa0 f i libvcruntimed:undname.obj
 0001:00003b40       ?detach@?$__crt_unique_heap_ptr@PEAU__crt_stdio_stream_data@@U__crt_internal_free_policy@@@@QEAAPEAPEAU__crt_stdio_stream_data@@XZ 0000000180004b40 f i libucrtd:_file.obj
 0001:00003b40       ?detach@?$__crt_unique_heap_ptr@EU__crt_internal_free_policy@@@@QEAAPEAEXZ 0000000180004b40 f i libucrtd:argv_parsing.obj
 0001:00003b40       ?detach@?$__crt_unique_heap_ptr@U__acrt_ptd@@U__crt_internal_free_policy@@@@QEAAPEAU__acrt_ptd@@XZ 0000000180004b40 f i libucrtd:per_thread_data.obj
 0001:00003b40       ?detach@?$__crt_unique_heap_ptr@PEADU__crt_internal_free_policy@@@@QEAAPEAPEADXZ 0000000180004b40 f i libucrtd:argv_parsing.obj
 0001:00003b40       ?detach@?$__crt_unique_heap_ptr@DU__crt_public_free_policy@@@@QEAAPEADXZ 0000000180004b40 f i libvcruntimed:std_exception.obj
 0001:00003b40       ?detach@?$__crt_unique_heap_ptr@U__crt_multibyte_data@@U__crt_internal_free_policy@@@@QEAAPEAU__crt_multibyte_data@@XZ 0000000180004b40 f i libucrtd:mbctype.obj
 0001:00003b40       ?detach@?$__crt_unique_heap_ptr@U__vcrt_ptd@@U__crt_internal_free_policy@@@@QEAAPEAU__vcrt_ptd@@XZ 0000000180004b40 f i libvcruntimed:per_thread_data.obj
 0001:00003b40       ?detach@?$__crt_unique_heap_ptr@U__crt_lowio_handle_data@@U__crt_internal_free_policy@@@@QEAAPEAU__crt_lowio_handle_data@@XZ 0000000180004b40 f i libucrtd:osfinfo.obj
 0001:00003bb0       __vcrt_freefls             0000000180004bb0 f   libvcruntimed:per_thread_data.obj
 0001:00003bf0       __vcrt_freeptd             0000000180004bf0 f   libvcruntimed:per_thread_data.obj
 0001:00003c50       __vcrt_getptd              0000000180004c50 f   libvcruntimed:per_thread_data.obj
 0001:00003c80       __vcrt_getptd_noexit       0000000180004c80 f   libvcruntimed:per_thread_data.obj
 0001:00003e20       __vcrt_initialize_ptd      0000000180004e20 f   libvcruntimed:per_thread_data.obj
 0001:00003e70       __vcrt_uninitialize_ptd    0000000180004e70 f   libvcruntimed:per_thread_data.obj
 0001:00003ea0       __vcrt_initialize_locks    0000000180004ea0 f   libvcruntimed:locks.obj
 0001:00003f10       __vcrt_uninitialize_locks  0000000180004f10 f   libvcruntimed:locks.obj
 0001:00003f80       memcpy_repmovs             0000000180004f80 f   libvcruntimed:memcpy.obj
 0001:00003fa0       memcpy                     0000000180004fa0 f   libvcruntimed:memcpy.obj
 0001:00003fa0       memmove                    0000000180004fa0 f   libvcruntimed:memcpy.obj
 0001:00004380       ??$?0AEAViterator@TryBlockMap@__FrameHandler3@@AEAV012@$0A@@?$pair@Viterator@TryBlockMap@__FrameHandler3@@V123@@std@@QEAA@AEAViterator@TryBlockMap@__FrameHandler3@@0@Z 0000000180005380 f i libvcruntimed:risctrnsctrl.obj
 0001:00004490       ??$_CallSETranslator@V__FrameHandler3@@@@YAHPEAUEHExceptionRecord@@PEA_KPEAU_CONTEXT@@PEAU_xDISPATCHER_CONTEXT@@PEBU_s_FuncInfo@@K1@Z 0000000180005490 f i libvcruntimed:risctrnsctrl.obj
 0001:00004520       ?dangerous_get_state_array@?$dual_state_global@PEAE@__crt_state_management@@QEAAPEAPEAEXZ 0000000180005520 f i libucrtd:mbctype.obj
 0001:00004520       ??$forward@AEAViterator@TryBlockMap@__FrameHandler3@@@std@@YAAEAViterator@TryBlockMap@__FrameHandler3@@AEAV123@@Z 0000000180005520 f i libvcruntimed:risctrnsctrl.obj
 0001:00004520       ?debug_info@?$__crt_win32_buffer@_WU__crt_win32_buffer_internal_dynamic_resizing@@@@QEBAAEBV__crt_win32_buffer_empty_debug_info@@XZ 0000000180005520 f i libucrtd:argv_wildcards.obj
 0001:00004520       ?get_address_of@?$__crt_unique_handle_t@U__crt_hmodule_traits@@@@QEAAPEAPEAUHINSTANCE__@@XZ 0000000180005520 f i libucrtd:exit.obj
 0001:00004520       ?debug_info@?$__crt_win32_buffer@DU__crt_win32_buffer_internal_dynamic_resizing@@@@QEBAAEBV__crt_win32_buffer_empty_debug_info@@XZ 0000000180005520 f i libucrtd:argv_wildcards.obj
 0001:00004520       ?dangerous_get_state_array@?$dual_state_global@PEAU__crt_locale_data@@@__crt_state_management@@QEAAPEAPEAU__crt_locale_data@@XZ 0000000180005520 f i libucrtd:per_thread_data.obj
 0001:00004520       ?debug_info@?$__crt_win32_buffer@DU__crt_win32_buffer_no_resizing@@@@QEBAAEBV__crt_win32_buffer_empty_debug_info@@XZ 0000000180005520 f i libucrtd:getmodulefilenamea.obj
 0001:00004520       ?dangerous_get_state_array@?$dual_state_global@P6AXPEB_W00I_K@Z@__crt_state_management@@QEAAPEAP6AXPEB_W00I_K@ZXZ 0000000180005520 f i libucrtd:invalid_parameter.obj
 0001:00004520       ?dangerous_get_state_array@?$dual_state_global@PEAU__crt_multibyte_data@@@__crt_state_management@@QEAAPEAPEAU__crt_multibyte_data@@XZ 0000000180005520 f i libucrtd:mbctype.obj
 0001:00004520       ?get_address_of@?$__crt_unique_heap_ptr@PEADU__crt_internal_free_policy@@@@QEAAPEAPEAPEADXZ 0000000180005520 f i libucrtd:argv_parsing.obj
 0001:00004530       ??0iterator@TryBlockMap@__FrameHandler3@@QEAA@AEAV12@I@Z 0000000180005530 f i libvcruntimed:risctrnsctrl.obj
 0001:00004530       ??0iterator@HandlerMap@__FrameHandler3@@QEAA@AEAV12@I@Z 0000000180005530 f i libvcruntimed:frame.obj
 0001:00004560       ?CatchTryBlock@__FrameHandler3@@SAPEBU_s_TryBlockMapEntry@@PEBU_s_FuncInfo@@H@Z 0000000180005560 f   libvcruntimed:risctrnsctrl.obj
 0001:000045f0       ?ExecutionInCatch@__FrameHandler3@@SA_NPEAU_xDISPATCHER_CONTEXT@@PEBU_s_FuncInfo@@@Z 00000001800055f0 f   libvcruntimed:risctrnsctrl.obj
 0001:00004640       ?FrameUnwindToEmptyState@__FrameHandler3@@SAXPEA_KPEAU_xDISPATCHER_CONTEXT@@PEBU_s_FuncInfo@@@Z 0000000180005640 f   libvcruntimed:risctrnsctrl.obj
 0001:000046e0       ?GetEstablisherFrame@__FrameHandler3@@SAPEA_KPEA_KPEAU_xDISPATCHER_CONTEXT@@PEBU_s_FuncInfo@@0@Z 00000001800056e0 f   libvcruntimed:risctrnsctrl.obj
 0001:00004850       ?GetRangeOfTrysToCheck@__FrameHandler3@@SA?AU?$pair@Viterator@TryBlockMap@__FrameHandler3@@V123@@std@@AEAVTryBlockMap@1@HPEAU_xDISPATCHER_CONTEXT@@PEBU_s_FuncInfo@@H@Z 0000000180005850 f   libvcruntimed:risctrnsctrl.obj
 0001:00004a90       ?UnwindNestedFrames@__FrameHandler3@@SAXPEA_KPEAUEHExceptionRecord@@PEAU_CONTEXT@@0PEAXPEBU_s_FuncInfo@@HHPEBU_s_HandlerType@@PEAU_xDISPATCHER_CONTEXT@@E@Z 0000000180005a90 f   libvcruntimed:risctrnsctrl.obj
 0001:00004c00       _CreateFrameInfo           0000000180005c00 f   libvcruntimed:risctrnsctrl.obj
 0001:00004c70       _FindAndUnlinkFrame        0000000180005c70 f   libvcruntimed:risctrnsctrl.obj
 0001:00004cf0       _GetImageBase              0000000180005cf0 f   libvcruntimed:risctrnsctrl.obj
 0001:00004d10       _GetThrowImageBase         0000000180005d10 f   libvcruntimed:risctrnsctrl.obj
 0001:00004d30       _SetImageBase              0000000180005d30 f   libvcruntimed:risctrnsctrl.obj
 0001:00004d50       _SetThrowImageBase         0000000180005d50 f   libvcruntimed:risctrnsctrl.obj
 0001:00004d70       __CxxFrameHandler3         0000000180005d70 f   libvcruntimed:risctrnsctrl.obj
 0001:00004e50       ??$__crt_interlocked_exchange_pointer@XPEAX@@YAPEAXPEDSEAXQEAX@Z 0000000180005e50 f i libvcruntimed:winapi_downlevel.obj
 0001:00004e50       ??$__crt_interlocked_exchange_pointer@UHINSTANCE__@@PEAX@@YAPEAUHINSTANCE__@@PEDSEAU0@QEAX@Z 0000000180005e50 f i libvcruntimed:winapi_downlevel.obj
 0001:00004e50       ??$__crt_interlocked_exchange_pointer@UHINSTANCE__@@PEAU1@@@YAPEAUHINSTANCE__@@PEDSEAU0@QEAU0@@Z 0000000180005e50 f i libvcruntimed:winapi_downlevel.obj
 0001:00004e70       ?get_invalid_value@__crt_findfile_traits@@SAPEAXXZ 0000000180005e70 f   libucrtd:argv_wildcards.obj
 0001:00005360       __vcrt_FlsAlloc            0000000180006360 f   libvcruntimed:winapi_downlevel.obj
 0001:000053b0       __vcrt_FlsFree             00000001800063b0 f   libvcruntimed:winapi_downlevel.obj
 0001:00005400       __vcrt_FlsGetValue         0000000180006400 f   libvcruntimed:winapi_downlevel.obj
 0001:00005450       __vcrt_FlsSetValue         0000000180006450 f   libvcruntimed:winapi_downlevel.obj
 0001:000054b0       __vcrt_InitializeCriticalSectionEx 00000001800064b0 f   libvcruntimed:winapi_downlevel.obj
 0001:00005520       ?GetCurrentState@__FrameHandler3@@SAHPEA_KPEAU_xDISPATCHER_CONTEXT@@PEBU_s_FuncInfo@@@Z 0000000180006520 f   libvcruntimed:ehstate.obj
 0001:00005580       ?GetUnwindTryBlock@__FrameHandler3@@SAHPEA_KPEAU_xDISPATCHER_CONTEXT@@PEBU_s_FuncInfo@@@Z 0000000180006580 f   libvcruntimed:ehstate.obj
 0001:000055d0       ?SetState@__FrameHandler3@@SAXPEA_KPEBU_s_FuncInfo@@H@Z 00000001800065d0 f   libvcruntimed:ehstate.obj
 0001:00005600       ?SetUnwindTryBlock@__FrameHandler3@@SAXPEA_KPEAU_xDISPATCHER_CONTEXT@@PEBU_s_FuncInfo@@H@Z 0000000180006600 f   libvcruntimed:ehstate.obj
 0001:00005670       ?StateFromControlPc@__FrameHandler3@@SAHPEBU_s_FuncInfo@@PEAU_xDISPATCHER_CONTEXT@@@Z 0000000180006670 f   libvcruntimed:ehstate.obj
 0001:000056b0       ?StateFromIp@__FrameHandler3@@SAHPEBU_s_FuncInfo@@PEAU_xDISPATCHER_CONTEXT@@_K@Z 00000001800066b0 f   libvcruntimed:ehstate.obj
 0001:000057a0       ?__RVAtoRealOffset@@YA_KPEAU_xDISPATCHER_CONTEXT@@H@Z 00000001800067a0 f i libvcruntimed:ehstate.obj
 0001:00006970       ??$TypeMatchHelper@V__FrameHandler3@@@@YAHPEBU_s_HandlerType@@PEBU_s_CatchableType@@PEBU_s_ThrowInfo@@@Z 0000000180007970 f i libvcruntimed:frame.obj
 0001:00006b70       ??$__InternalCxxFrameHandler@V__FrameHandler3@@@@YA?AW4_EXCEPTION_DISPOSITION@@PEAUEHExceptionRecord@@PEA_KPEAU_CONTEXT@@PEAU_xDISPATCHER_CONTEXT@@PEBU_s_FuncInfo@@H1E@Z 0000000180007b70 f i libvcruntimed:frame.obj
 0001:00006fe0       ??0HandlerMap@__FrameHandler3@@QEAA@PEBU_s_TryBlockMapEntry@@_KI@Z 0000000180007fe0 f i libvcruntimed:frame.obj
 0001:00007030       ??0TryBlockMap@__FrameHandler3@@QEAA@PEBU_s_FuncInfo@@_K@Z 0000000180008030 f i libvcruntimed:frame.obj
 0001:00007060       ??0bad_exception@std@@QEAA@AEBV01@@Z 0000000180008060 f i libvcruntimed:frame.obj
 0001:000070a0       ??0bad_exception@std@@QEAA@XZ 00000001800080a0 f i libvcruntimed:frame.obj
 0001:000070e0       ??0exception@std@@QEAA@AEBV01@@Z 00000001800080e0 f i libvcruntimed:frame.obj
 0001:00007140       ??0exception@std@@QEAA@QEBDH@Z 0000000180008140 f i libvcruntimed:frame.obj
 0001:00007190       ??1bad_exception@std@@UEAA@XZ 0000000180008190 f i libvcruntimed:frame.obj
 0001:000071b0       ??1exception@std@@UEAA@XZ  00000001800081b0 f i libvcruntimed:frame.obj
 0001:000071e0       ??8iterator@HandlerMap@__FrameHandler3@@QEBA_NAEBV012@@Z 00000001800081e0 f i libvcruntimed:frame.obj
 0001:00007220       ??8type_info@@QEBA_NAEBV0@@Z 0000000180008220 f i libvcruntimed:frame.obj
 0001:00007270       ??9iterator@HandlerMap@__FrameHandler3@@QEBA_NAEBV012@@Z 0000000180008270 f i libvcruntimed:frame.obj
 0001:000072b0       ??Diterator@HandlerMap@__FrameHandler3@@QEAA?BU_s_HandlerType@@XZ 00000001800082b0 f i libvcruntimed:frame.obj
 0001:000072f0       ??Diterator@TryBlockMap@__FrameHandler3@@QEAA?BU_s_TryBlockMapEntry@@XZ 00000001800082f0 f i libvcruntimed:frame.obj
 0001:00007340       ??Eiterator@TryBlockMap@__FrameHandler3@@QEAAAEAV012@XZ 0000000180008340 f i libvcruntimed:frame.obj
 0001:00007340       ??Eiterator@HandlerMap@__FrameHandler3@@QEAAAEAV012@XZ 0000000180008340 f i libvcruntimed:frame.obj
 0001:00007360       ??Miterator@TryBlockMap@__FrameHandler3@@QEBA_NAEBV012@@Z 0000000180008360 f i libvcruntimed:frame.obj
 0001:000073a0       ??_Gbad_exception@std@@UEAAPEAXI@Z 00000001800083a0 f i libvcruntimed:frame.obj
 0001:000073a0       ??_Ebad_exception@std@@UEAAPEAXI@Z 00000001800083a0 f i libvcruntimed:frame.obj
 0001:000073e0       ??_Gexception@std@@UEAAPEAXI@Z 00000001800083e0 f i libvcruntimed:frame.obj
 0001:000073e0       ??_Eexception@std@@UEAAPEAXI@Z 00000001800083e0 f i libvcruntimed:frame.obj
 0001:00007420       ?BuildCatchObject@__FrameHandler3@@SAXPEAUEHExceptionRecord@@PEAXPEBU_s_HandlerType@@PEBU_s_CatchableType@@@Z 0000000180008420 f   libvcruntimed:frame.obj
 0001:00007460       ?CxxCallCatchBlock@__FrameHandler3@@SAPEAXPEAU_EXCEPTION_RECORD@@@Z 0000000180008460 f   libvcruntimed:frame.obj
 0001:000077c0       ?FrameUnwindToState@__FrameHandler3@@SAXPEA_KPEAU_xDISPATCHER_CONTEXT@@PEBU_s_FuncInfo@@H@Z 00000001800087c0 f   libvcruntimed:frame.obj
 0001:00007a10       ?GetHandlerSearchState@__FrameHandler3@@SAHPEA_KPEAU_xDISPATCHER_CONTEXT@@PEBU_s_FuncInfo@@@Z 0000000180008a10 f i libvcruntimed:frame.obj
 0001:00007ac0       ?GetMaxState@__FrameHandler3@@SAHPEAU_xDISPATCHER_CONTEXT@@PEBU_s_FuncInfo@@@Z 0000000180008ac0 f i libvcruntimed:frame.obj
 0001:00007cc0       __TypeMatch                0000000180008cc0 f   libvcruntimed:frame.obj
 0001:00007cc0       ?TypeMatch@__FrameHandler3@@SAHPEBU_s_HandlerType@@PEBU_s_CatchableType@@PEBU_s_ThrowInfo@@@Z 0000000180008cc0 f   libvcruntimed:frame.obj
 0001:00007cf0       ?_CallMemberFunction1@@YAXQEAX00@Z 0000000180008cf0 f i libvcruntimed:frame.obj
 0001:00007d30       ?_CallMemberFunction2@@YAXQEAX00H@Z 0000000180008d30 f i libvcruntimed:frame.obj
 0001:00007dc0       ?begin@HandlerMap@__FrameHandler3@@QEAA?AViterator@12@XZ 0000000180008dc0 f i libvcruntimed:frame.obj
 0001:00007df0       ?end@HandlerMap@__FrameHandler3@@QEAA?AViterator@12@XZ 0000000180008df0 f i libvcruntimed:frame.obj
 0001:00007e20       ?getESTypes@__FrameHandler3@@SAPEBU_s_ESTypeList@@PEBU_s_FuncInfo@@@Z 0000000180008e20 f i libvcruntimed:frame.obj
 0001:00007e60       ?getLastEntry@HandlerMap@__FrameHandler3@@QEAAPEBU_s_HandlerType@@XZ 0000000180008e60 f i libvcruntimed:frame.obj
 0001:00007e80       ?getMagicNum@__FrameHandler3@@SAIPEBU_s_FuncInfo@@@Z 0000000180008e80 f i libvcruntimed:frame.obj
 0001:00007ea0       ?getNumTryBlocks@TryBlockMap@__FrameHandler3@@QEAAIXZ 0000000180008ea0 f i libvcruntimed:frame.obj
 0001:00007ec0       ?isEHs@__FrameHandler3@@SA_NPEBU_s_FuncInfo@@@Z 0000000180008ec0 f i libvcruntimed:frame.obj
 0001:00007f00       ?isNoExcept@__FrameHandler3@@SA_NPEBU_s_FuncInfo@@@Z 0000000180008f00 f i libvcruntimed:frame.obj
 0001:00007f40       ?what@exception@std@@UEBAPEBDXZ 0000000180008f40 f i libvcruntimed:frame.obj
 0001:00007f80       __vcrt_EncodePointer       0000000180008f80 f i libvcruntimed:frame.obj
 0001:00007fb0       memset_repmovs             0000000180008fb0 f   libvcruntimed:memset.obj
 0001:00007fd0       memset                     0000000180008fd0 f   libvcruntimed:memset.obj
 0001:00008170       _CallSettingFrame          0000000180009170 f   libvcruntimed:handlers.obj
 0001:000081c0       _CallSettingFrame_LookupContinuationIndex 00000001800091c0 f   libvcruntimed:handlers.obj
 0001:000081f0       _CallSettingFrame_NotifyContinuationAddr 00000001800091f0 f   libvcruntimed:handlers.obj
 0001:00008220       _CallSettingFrameEncoded   0000000180009220 f   libvcruntimed:handlers.obj
 0001:00008270       ??$?RD@__crt_public_free_policy@@QEBAXQEBD@Z 0000000180009270 f i libvcruntimed:std_exception.obj
 0001:00008290       ??1?$__crt_unique_heap_ptr@DU__crt_public_free_policy@@@@QEAA@XZ 0000000180009290 f i libvcruntimed:std_exception.obj
 0001:000082b0       ?release@?$__crt_unique_heap_ptr@DU__crt_public_free_policy@@@@QEAAXXZ 00000001800092b0 f i libvcruntimed:std_exception.obj
 0001:000082e0       __std_exception_copy       00000001800092e0 f   libvcruntimed:std_exception.obj
 0001:00008420       __std_exception_destroy    0000000180009420 f   libvcruntimed:std_exception.obj
 0001:00008460       _CxxThrowException         0000000180009460 f   libvcruntimed:throw.obj
 0001:00008590       roundf                     0000000180009590 f   libucrtd:roundf.obj
 0001:00008620       _initterm                  0000000180009620 f   libucrtd:initterm.obj
 0001:00008680       _initterm_e                0000000180009680 f   libucrtd:initterm.obj
 0001:00008770       _seh_filter_dll            0000000180009770 f   libucrtd:exception_filter.obj
 0001:000087a0       _seh_filter_exe            00000001800097a0 f   libucrtd:exception_filter.obj
 0001:00008a40       ??$?B$$A6AXPEAXK0@Z@__crt_fast_encoded_nullptr_t@@QEBAP6AXPEAXK0@ZXZ 0000000180009a40 f i libucrtd:exit.obj
 0001:00008a40       ??$?B$$A6AXH@Z@__crt_fast_encoded_nullptr_t@@QEBAP6AXH@ZXZ 0000000180009a40 f i libucrtd:signal.obj
 0001:00008a40       ??$?BX@__crt_fast_encoded_nullptr_t@@QEBAPEAXXZ 0000000180009a40 f i libucrtd:initialization.obj
 0001:00008a40       ??$?B$$A6AXXZ@__crt_fast_encoded_nullptr_t@@QEBAP6AXXZXZ 0000000180009a40 f i libucrtd:onexit.obj
 0001:00008a40       ??$?BP6AXXZ@__crt_fast_encoded_nullptr_t@@QEBAPEAP6AXXZXZ 0000000180009a40 f i libucrtd:onexit.obj
 0001:00008af0       ??$__crt_fast_decode_pointer@P6AXH@Z@@YAP6AXH@ZQ6AXH@Z@Z 0000000180009af0 f i libucrtd:signal.obj
 0001:00008af0       ??$__crt_fast_decode_pointer@P6AHPEAU_exception@@@Z@@YAP6AHPEAU_exception@@@ZQ6AH0@Z@Z 0000000180009af0 f i libucrtd:matherr.obj
 0001:00008af0       ??$__crt_fast_decode_pointer@P6AXPEB_W00I_K@Z@@YAP6AXPEB_W00I_K@ZQ6AX000I1@Z@Z 0000000180009af0 f i libucrtd:invalid_parameter.obj
 0001:00008af0       ??$__crt_fast_decode_pointer@P6AH_K@Z@@YAP6AH_K@ZQ6AH0@Z@Z 0000000180009af0 f i libucrtd:new_handler.obj
 0001:00008af0       ??$__crt_fast_decode_pointer@PEAP6AXXZ@@YAPEAP6AXXZQEAP6AXXZ@Z 0000000180009af0 f i libucrtd:onexit.obj
 0001:00008af0       ??$__crt_fast_decode_pointer@P6AXXZ@@YAP6AXXZQ6AXXZ@Z 0000000180009af0 f i libucrtd:onexit.obj
 0001:00008af0       ??$__crt_fast_decode_pointer@P6AXPEAXK0@Z@@YAP6AXPEAXK0@ZQ6AX0K0@Z@Z 0000000180009af0 f i libucrtd:exit.obj
 0001:00008af0       ??$__crt_fast_decode_pointer@PEAX@@YAPEAXQEAX@Z 0000000180009af0 f i libucrtd:winapi_thunks.obj
 0001:00008b30       ??$__crt_fast_encode_pointer@PEAX@@YAPEAXQEAX@Z 0000000180009b30 f i libucrtd:initialization.obj
 0001:00008b30       ??$__crt_fast_encode_pointer@P6AXPEAXK0@Z@@YAP6AXPEAXK0@ZQ6AX0K0@Z@Z 0000000180009b30 f i libucrtd:exit.obj
 0001:00008b30       ??$__crt_fast_encode_pointer@PEAP6AXXZ@@YAPEAP6AXXZQEAP6AXXZ@Z 0000000180009b30 f i libucrtd:onexit.obj
 0001:00008b30       ??$__crt_fast_encode_pointer@P6AXH@Z@@YAP6AXH@ZQ6AXH@Z@Z 0000000180009b30 f i libucrtd:signal.obj
 0001:00008b30       ??$__crt_fast_encode_pointer@P6AXXZ@@YAP6AXXZQ6AXXZ@Z 0000000180009b30 f i libucrtd:onexit.obj
 0001:00008b70       ??$__crt_get_proc_address@P6AXI@Z@@YAP6AXI@ZQEAUHINSTANCE__@@QEBD@Z 0000000180009b70 f i libucrtd:exit.obj
 0001:00008ba0       ??$__crt_interlocked_read@J@@YAJPEDJ@Z 0000000180009ba0 f i libucrtd:exit.obj
 0001:00008c30       ??1?$__crt_unique_handle_t@U__crt_hmodule_traits@@@@QEAA@XZ 0000000180009c30 f i libucrtd:exit.obj
 0001:00008d90       ?__acrt_select_exit_lock@@YA?AW4__acrt_lock_id@@XZ 0000000180009d90 f i libucrtd:exit.obj
 0001:00008da0       ?__crt_fast_encode_pointer@@YA?AU__crt_fast_encoded_nullptr_t@@$$T@Z 0000000180009da0 f i libucrtd:exit.obj
 0001:00008dc0       ?__crt_interlocked_read_32@@YAHPEDH@Z 0000000180009dc0 f i libucrtd:exit.obj
 0001:00008de0       ?__crt_rotate_pointer_value@@YA_K_KH@Z 0000000180009de0 f i libucrtd:exit.obj
 0001:00008e20       ?close@?$__crt_unique_handle_t@U__crt_hmodule_traits@@@@QEAAXXZ 0000000180009e20 f i libucrtd:exit.obj
 0001:00008e60       ?close@__crt_hmodule_traits@@SA_NPEAUHINSTANCE__@@@Z 0000000180009e60 f i libucrtd:exit.obj
 0001:00008f70       ?get_invalid_value@__crt_hmodule_traits@@SAPEAUHINSTANCE__@@XZ 0000000180009f70 f i libucrtd:exit.obj
 0001:00008f70       ?get_current_state_index@__crt_state_management@@YA_KXZ 0000000180009f70 f i libucrtd:environment_initialization.obj
 0001:00009130       __acrt_initialize_thread_local_exit_callback 000000018000a130 f   libucrtd:exit.obj
 0001:00009150       _cexit                     000000018000a150 f   libucrtd:exit.obj
 0001:00009170       _exit                      000000018000a170 f   libucrtd:exit.obj
 0001:00009190       _is_c_termination_complete 000000018000a190 f   libucrtd:exit.obj
 0001:00009540       ??$get_module_file_name@AEAPEAUHINSTANCE__@@AEAY0BAF@DK@?$__crt_char_traits@D@@SAKAEAPEAUHINSTANCE__@@AEAY0BAF@D$$QEAK@Z 000000018000a540 f i libucrtd:dbgrpt.obj
 0001:00009540       ??$get_module_file_name@$$TAEAY0BAF@DH@?$__crt_char_traits@D@@SAK$$QEA$$TAEAY0BAF@D$$QEAH@Z 000000018000a540 f i libucrtd:argv_parsing.obj
 0001:00009a10       ??$set_program_name@PEAD@?$__crt_char_traits@D@@SAX$$QEAPEAD@Z 000000018000aa10 f i libucrtd:argv_parsing.obj
 0001:00009b40       __acrt_allocate_buffer_for_argv 000000018000ab40 f   libucrtd:argv_parsing.obj
 0001:00009c60       _configure_narrow_argv     000000018000ac60 f   libucrtd:argv_parsing.obj
 0001:00009c80       _set_pgmptr                000000018000ac80 f i libucrtd:argv_parsing.obj
 0001:00009eb0       ??$tcslen@AEAPEAD@?$__crt_char_traits@D@@SA_KAEAPEAD@Z 000000018000aeb0 f i libucrtd:environment_initialization.obj
 0001:00009efc       ??B?$__crt_unique_heap_ptr@PEADU__crt_internal_free_policy@@@@QEBA_NXZ 000000018000aefc f i libucrtd:environment_initialization.obj
 0001:00009f04       ?detach@?$__crt_unique_heap_ptr@DU__crt_internal_free_policy@@@@QEAAPEADXZ 000000018000af04 f i libucrtd:environment_initialization.obj
 0001:00009f0c       __dcrt_uninitialize_environments_nolock 000000018000af0c f   libucrtd:environment_initialization.obj
 0001:00009f44       _initialize_narrow_environment 000000018000af44 f   libucrtd:environment_initialization.obj
 0001:00009f4c       _invoke_watson_if_error    000000018000af4c f i libucrtd:environment_initialization.obj
 0001:0000a250       _execute_onexit_table      000000018000b250 f   libucrtd:onexit.obj
 0001:0000a290       _initialize_onexit_table   000000018000b290 f   libucrtd:onexit.obj
 0001:0000a360       __acrt_uninitialize_command_line 000000018000b360 f   libucrtd:argv_data.obj
 0001:0000a5d0       ?initialize@?$dual_state_global@PEAU__crt_multibyte_data@@@__crt_state_management@@QEAAXQEAU__crt_multibyte_data@@@Z 000000018000b5d0 f i libucrtd:mbctype.obj
 0001:0000a5d0       ?initialize@?$dual_state_global@PEAU__crt_locale_data@@@__crt_state_management@@QEAAXQEAU__crt_locale_data@@@Z 000000018000b5d0 f i libucrtd:initialization.obj
 0001:0000a5d0       ?initialize@?$dual_state_global@P6AH_K@Z@__crt_state_management@@QEAAXQ6AH_K@Z@Z 000000018000b5d0 f i libucrtd:new_handler.obj
 0001:0000a5d0       ?initialize@?$dual_state_global@P6AHPEAU_exception@@@Z@__crt_state_management@@QEAAXQ6AHPEAU_exception@@@Z@Z 000000018000b5d0 f i libucrtd:matherr.obj
 0001:0000a5d0       ?initialize@?$dual_state_global@P6AXH@Z@__crt_state_management@@QEAAXQ6AXH@Z@Z 000000018000b5d0 f i libucrtd:signal.obj
 0001:0000a620       __acrt_initialize          000000018000b620 f   libucrtd:initialization.obj
 0001:0000a650       __acrt_thread_attach       000000018000b650 f   libucrtd:initialization.obj
 0001:0000a670       __acrt_thread_detach       000000018000b670 f   libucrtd:initialization.obj
 0001:0000a680       __acrt_uninitialize        000000018000b680 f   libucrtd:initialization.obj
 0001:0000a6b0       __acrt_uninitialize_critical 000000018000b6b0 f   libucrtd:initialization.obj
 0001:0000a6d0       terminate                  000000018000b6d0 f   libucrtd:terminate.obj
 0001:0000a710       ??0_LocaleUpdate@@QEAA@QEAU__crt_locale_pointers@@@Z 000000018000b710 f i libucrtd:debug_heap.obj
 0001:0000a830       ??1_LocaleUpdate@@QEAA@XZ  000000018000b830 f i libucrtd:debug_heap.obj
 0001:0000a870       ?GetLocaleT@_LocaleUpdate@@QEAAPEAU__crt_locale_pointers@@XZ 000000018000b870 f i libucrtd:debug_heap.obj
 0001:0000c850       _CrtCheckMemory            000000018000d850 f   libucrtd:debug_heap.obj
 0001:0000c9e0       _CrtDumpMemoryLeaks        000000018000d9e0 f   libucrtd:debug_heap.obj
 0001:0000caa0       _CrtIsValidHeapPointer     000000018000daa0 f   libucrtd:debug_heap.obj
 0001:0000cae0       _CrtIsValidPointer         000000018000dae0 f   libucrtd:debug_heap.obj
 0001:0000cb20       _CrtMemCheckpoint          000000018000db20 f   libucrtd:debug_heap.obj
 0001:0000cda0       _CrtMemDumpAllObjectsSince 000000018000dda0 f   libucrtd:debug_heap.obj
 0001:0000ce00       _CrtSetDbgFlag             000000018000de00 f   libucrtd:debug_heap.obj
 0001:0000cf60       _CrtSetDumpClient          000000018000df60 f   libucrtd:debug_heap.obj
 0001:0000cf90       __acrt_get_locale_data_prefix 000000018000df90 f i libucrtd:debug_heap.obj
 0001:0000cfb0       __acrt_locale_changed      000000018000dfb0 f i libucrtd:debug_heap.obj
 0001:0000cfe0       _calloc_dbg                000000018000dfe0 f   libucrtd:debug_heap.obj
 0001:0000d080       _chvalidchk_l              000000018000e080 f i libucrtd:debug_heap.obj
 0001:0000d0b0       _free_dbg                  000000018000e0b0 f   libucrtd:debug_heap.obj
 0001:0000d120       _invoke_watson_if_oneof    000000018000e120 f i libucrtd:debug_heap.obj
 0001:0000d180       _ischartype_l              000000018000e180 f i libucrtd:debug_heap.obj
 0001:0000d210       _malloc_dbg                000000018000e210 f   libucrtd:debug_heap.obj
 0001:0000d250       _msize_dbg                 000000018000e250 f   libucrtd:debug_heap.obj
 0001:0000d3f0       _realloc_dbg               000000018000e3f0 f   libucrtd:debug_heap.obj
 0001:0000d460       _recalloc_dbg              000000018000e460 f   libucrtd:debug_heap.obj
 0001:0000da30       strcpy_s                   000000018000ea30 f   libucrtd:strcpy_s.obj
 0001:0000da70       strcmp                     000000018000ea70 f   libucrtd:strcmp.obj
 0001:0000daf0       strlen                     000000018000eaf0 f   libucrtd:strlen.obj
 0001:0000dba0       abort                      000000018000eba0 f   libucrtd:abort.obj
 0001:0000dc20       ??$?0AEBV?$string_output_adapter@D@__crt_stdio_output@@AEB_KAEBQEBDAEBQEAU__crt_locale_pointers@@AEBQEAD@?$format_validation_base@DV?$string_output_adapter@D@__crt_stdio_output@@@__crt_stdio_output@@IEAA@AEBV?$string_output_adapter@D@1@AEB_KAEBQEBDAEBQEAU__crt_locale_pointers@@AEBQEAD@Z 000000018000ec20 f i libucrtd:output.obj
 0001:0000dc70       ??$?0AEBV?$string_output_adapter@D@__crt_stdio_output@@AEB_KAEBQEBDAEBQEAU__crt_locale_pointers@@AEBQEAD@?$standard_base@DV?$string_output_adapter@D@__crt_stdio_output@@@__crt_stdio_output@@IEAA@AEBV?$string_output_adapter@D@1@AEB_KAEBQEBDAEBQEAU__crt_locale_pointers@@AEBQEAD@Z 000000018000ec70 f i libucrtd:output.obj
 0001:0000dce0       ??$?0AEBV?$string_output_adapter@_W@__crt_stdio_output@@AEB_KAEBQEB_WAEBQEAU__crt_locale_pointers@@AEBQEAD@?$format_validation_base@_WV?$string_output_adapter@_W@__crt_stdio_output@@@__crt_stdio_output@@IEAA@AEBV?$string_output_adapter@_W@1@AEB_KAEBQEB_WAEBQEAU__crt_locale_pointers@@AEBQEAD@Z 000000018000ece0 f i libucrtd:output.obj
 0001:0000dd30       ??$?0AEBV?$string_output_adapter@_W@__crt_stdio_output@@AEB_KAEBQEB_WAEBQEAU__crt_locale_pointers@@AEBQEAD@?$standard_base@_WV?$string_output_adapter@_W@__crt_stdio_output@@@__crt_stdio_output@@IEAA@AEBV?$string_output_adapter@_W@1@AEB_KAEBQEB_WAEBQEAU__crt_locale_pointers@@AEBQEAD@Z 000000018000ed30 f i libucrtd:output.obj
 0001:0000f6b0       ??$count@D@formatting_buffer@__crt_stdio_output@@QEBA_KXZ 00000001800106b0 f i libucrtd:output.obj
 0001:0000f700       ??$count@_W@formatting_buffer@__crt_stdio_output@@QEBA_KXZ 0000000180010700 f i libucrtd:output.obj
 0001:0000f750       ??$data@D@formatting_buffer@__crt_stdio_output@@QEAAPEADXZ 0000000180010750 f i libucrtd:output.obj
 0001:0000f750       ??$data@_W@formatting_buffer@__crt_stdio_output@@QEAAPEA_WXZ 0000000180010750 f i libucrtd:output.obj
 0001:0000f7a0       ??$ensure_buffer_is_big_enough@D@formatting_buffer@__crt_stdio_output@@QEAA_N_K@Z 00000001800107a0 f i libucrtd:output.obj
 0001:0000f8d0       ??$ensure_buffer_is_big_enough@_W@formatting_buffer@__crt_stdio_output@@QEAA_N_K@Z 00000001800108d0 f i libucrtd:output.obj
 0001:0000fa00       ??$extract_argument_from_va_list@C_J@?$standard_base@_WV?$string_output_adapter@_W@__crt_stdio_output@@@__crt_stdio_output@@IEAA_NAEA_J@Z 0000000180010a00 f i libucrtd:output.obj
 0001:0000fa00       ??$extract_argument_from_va_list@C_J@?$standard_base@DV?$string_output_adapter@D@__crt_stdio_output@@@__crt_stdio_output@@IEAA_NAEA_J@Z 0000000180010a00 f i libucrtd:output.obj
 0001:0000fa40       ??$extract_argument_from_va_list@E_J@?$standard_base@_WV?$string_output_adapter@_W@__crt_stdio_output@@@__crt_stdio_output@@IEAA_NAEA_J@Z 0000000180010a40 f i libucrtd:output.obj
 0001:0000fa40       ??$extract_argument_from_va_list@E_J@?$standard_base@DV?$string_output_adapter@D@__crt_stdio_output@@@__crt_stdio_output@@IEAA_NAEA_J@Z 0000000180010a40 f i libucrtd:output.obj
 0001:0000fa80       ??$extract_argument_from_va_list@F_J@?$standard_base@DV?$string_output_adapter@D@__crt_stdio_output@@@__crt_stdio_output@@IEAA_NAEA_J@Z 0000000180010a80 f i libucrtd:output.obj
 0001:0000fa80       ??$extract_argument_from_va_list@F_J@?$standard_base@_WV?$string_output_adapter@_W@__crt_stdio_output@@@__crt_stdio_output@@IEAA_NAEA_J@Z 0000000180010a80 f i libucrtd:output.obj
 0001:0000fac0       ??$extract_argument_from_va_list@GD@?$standard_base@DV?$string_output_adapter@D@__crt_stdio_output@@@__crt_stdio_output@@IEAA_NAEAD@Z 0000000180010ac0 f i libucrtd:output.obj
 0001:0000faf0       ??$extract_argument_from_va_list@G_J@?$standard_base@DV?$string_output_adapter@D@__crt_stdio_output@@@__crt_stdio_output@@IEAA_NAEA_J@Z 0000000180010af0 f i libucrtd:output.obj
 0001:0000faf0       ??$extract_argument_from_va_list@G_J@?$standard_base@_WV?$string_output_adapter@_W@__crt_stdio_output@@@__crt_stdio_output@@IEAA_NAEA_J@Z 0000000180010af0 f i libucrtd:output.obj
 0001:0000fb30       ??$extract_argument_from_va_list@H_J@?$standard_base@DV?$string_output_adapter@D@__crt_stdio_output@@@__crt_stdio_output@@IEAA_NAEA_J@Z 0000000180010b30 f i libucrtd:output.obj
 0001:0000fb30       ??$extract_argument_from_va_list@H_J@?$standard_base@_WV?$string_output_adapter@_W@__crt_stdio_output@@@__crt_stdio_output@@IEAA_NAEA_J@Z 0000000180010b30 f i libucrtd:output.obj
 0001:0000fb60       ??$extract_argument_from_va_list@I_J@?$standard_base@_WV?$string_output_adapter@_W@__crt_stdio_output@@@__crt_stdio_output@@IEAA_NAEA_J@Z 0000000180010b60 f i libucrtd:output.obj
 0001:0000fb60       ??$extract_argument_from_va_list@I_J@?$standard_base@DV?$string_output_adapter@D@__crt_stdio_output@@@__crt_stdio_output@@IEAA_NAEA_J@Z 0000000180010b60 f i libucrtd:output.obj
 0001:0000fb90       ??$extract_argument_from_va_list@PEAXPEAX@?$standard_base@DV?$string_output_adapter@D@__crt_stdio_output@@@__crt_stdio_output@@IEAA_NAEAPEAX@Z 0000000180010b90 f i libucrtd:output.obj
 0001:0000fb90       ??$extract_argument_from_va_list@PEADPEAD@?$standard_base@DV?$string_output_adapter@D@__crt_stdio_output@@@__crt_stdio_output@@IEAA_NAEAPEAD@Z 0000000180010b90 f i libucrtd:output.obj
 0001:0000fb90       ??$extract_argument_from_va_list@_K_J@?$standard_base@_WV?$string_output_adapter@_W@__crt_stdio_output@@@__crt_stdio_output@@IEAA_NAEA_J@Z 0000000180010b90 f i libucrtd:output.obj
 0001:0000fb90       ??$extract_argument_from_va_list@PEADPEAD@?$standard_base@_WV?$string_output_adapter@_W@__crt_stdio_output@@@__crt_stdio_output@@IEAA_NAEAPEAD@Z 0000000180010b90 f i libucrtd:output.obj
 0001:0000fb90       ??$extract_argument_from_va_list@PEAXPEAX@?$standard_base@_WV?$string_output_adapter@_W@__crt_stdio_output@@@__crt_stdio_output@@IEAA_NAEAPEAX@Z 0000000180010b90 f i libucrtd:output.obj
 0001:0000fb90       ??$extract_argument_from_va_list@_K_J@?$standard_base@DV?$string_output_adapter@D@__crt_stdio_output@@@__crt_stdio_output@@IEAA_NAEA_J@Z 0000000180010b90 f i libucrtd:output.obj
 0001:0000fb90       ??$extract_argument_from_va_list@_J_J@?$standard_base@_WV?$string_output_adapter@_W@__crt_stdio_output@@@__crt_stdio_output@@IEAA_NAEA_J@Z 0000000180010b90 f i libucrtd:output.obj
 0001:0000fb90       ??$extract_argument_from_va_list@_J_J@?$standard_base@DV?$string_output_adapter@D@__crt_stdio_output@@@__crt_stdio_output@@IEAA_NAEA_J@Z 0000000180010b90 f i libucrtd:output.obj
 0001:0000fbf0       ??$extract_argument_from_va_list@U_CRT_DOUBLE@@U1@@?$standard_base@DV?$string_output_adapter@D@__crt_stdio_output@@@__crt_stdio_output@@IEAA_NAEAU_CRT_DOUBLE@@@Z 0000000180010bf0 f i libucrtd:output.obj
 0001:0000fbf0       ??$extract_argument_from_va_list@U_CRT_DOUBLE@@U1@@?$standard_base@_WV?$string_output_adapter@_W@__crt_stdio_output@@@__crt_stdio_output@@IEAA_NAEAU_CRT_DOUBLE@@@Z 0000000180010bf0 f i libucrtd:output.obj
 0001:0000fc40       ??$extract_argument_from_va_list@_W_W@?$standard_base@_WV?$string_output_adapter@_W@__crt_stdio_output@@@__crt_stdio_output@@IEAA_NAEA_W@Z 0000000180010c40 f i libucrtd:output.obj
 0001:0000fc40       ??$extract_argument_from_va_list@_W_W@?$standard_base@DV?$string_output_adapter@D@__crt_stdio_output@@@__crt_stdio_output@@IEAA_NAEA_W@Z 0000000180010c40 f i libucrtd:output.obj
 0001:0000fc70       ??$is_wide_character_specifier@D@__crt_stdio_output@@YA_N_KDW4length_modifier@0@@Z 0000000180010c70 f i libucrtd:output.obj
 0001:0000fd10       ??$is_wide_character_specifier@_W@__crt_stdio_output@@YA_N_K_WW4length_modifier@0@@Z 0000000180010d10 f i libucrtd:output.obj
 0001:0000fde0       ??$read_va_arg@E@__crt_stdio_output@@YAEAEAPEAD@Z 0000000180010de0 f i libucrtd:output.obj
 0001:0000fde0       ??$read_va_arg@C@__crt_stdio_output@@YACAEAPEAD@Z 0000000180010de0 f i libucrtd:output.obj
 0001:0000fe50       ??$read_va_arg@_W@__crt_stdio_output@@YA_WAEAPEAD@Z 0000000180010e50 f i libucrtd:output.obj
 0001:0000fe50       ??$read_va_arg@F@__crt_stdio_output@@YAFAEAPEAD@Z 0000000180010e50 f i libucrtd:output.obj
 0001:0000fe50       ??$read_va_arg@G@__crt_stdio_output@@YAGAEAPEAD@Z 0000000180010e50 f i libucrtd:output.obj
 0001:0000fec0       ??$read_va_arg@H@__crt_stdio_output@@YAHAEAPEAD@Z 0000000180010ec0 f i libucrtd:output.obj
 0001:0000fec0       ??$read_va_arg@I@__crt_stdio_output@@YAIAEAPEAD@Z 0000000180010ec0 f i libucrtd:output.obj
 0001:0000ff20       ??$read_va_arg@_K@__crt_stdio_output@@YA_KAEAPEAD@Z 0000000180010f20 f i libucrtd:output.obj
 0001:0000ff20       ??$read_va_arg@U_CRT_DOUBLE@@@__crt_stdio_output@@YA?AU_CRT_DOUBLE@@AEAPEAD@Z 0000000180010f20 f i libucrtd:output.obj
 0001:0000ff20       ??$read_va_arg@PEAX@__crt_stdio_output@@YAPEAXAEAPEAD@Z 0000000180010f20 f i libucrtd:output.obj
 0001:0000ff20       ??$read_va_arg@_J@__crt_stdio_output@@YA_JAEAPEAD@Z 0000000180010f20 f i libucrtd:output.obj
 0001:0000ff20       ??$read_va_arg@PEAD@__crt_stdio_output@@YAPEADAEAPEAD@Z 0000000180010f20 f i libucrtd:output.obj
 0001:00010000       ??$scratch_count@D@formatting_buffer@__crt_stdio_output@@QEBA_KXZ 0000000180011000 f i libucrtd:output.obj
 0001:00010020       ??$scratch_data@D@formatting_buffer@__crt_stdio_output@@QEAAPEADXZ 0000000180011020 f i libucrtd:output.obj
 0001:00010090       ??$tcstol@PEBDPEAPEADH@?$__crt_char_traits@D@@SAJ$$QEAPEBD$$QEAPEAPEAD$$QEAH@Z 0000000180011090 f i libucrtd:output.obj
 0001:000100d0       ??$tcstol@PEB_WPEAPEA_WH@?$__crt_char_traits@_W@@SAJ$$QEAPEB_W$$QEAPEAPEA_W$$QEAH@Z 00000001800110d0 f i libucrtd:output.obj
 0001:00010110       ??$type_case_integer_parse_into_buffer@I@?$output_processor@DV?$string_output_adapter@D@__crt_stdio_output@@V?$format_validation_base@DV?$string_output_adapter@D@__crt_stdio_output@@@2@@__crt_stdio_output@@AEAAXII_N@Z 0000000180011110 f i libucrtd:output.obj
 0001:00010240       ??$type_case_integer_parse_into_buffer@I@?$output_processor@_WV?$string_output_adapter@_W@__crt_stdio_output@@V?$format_validation_base@_WV?$string_output_adapter@_W@__crt_stdio_output@@@2@@__crt_stdio_output@@AEAAXII_N@Z 0000000180011240 f i libucrtd:output.obj
 0001:00010380       ??$type_case_integer_parse_into_buffer@_K@?$output_processor@DV?$string_output_adapter@D@__crt_stdio_output@@V?$format_validation_base@DV?$string_output_adapter@D@__crt_stdio_output@@@2@@__crt_stdio_output@@AEAAX_KI_N@Z 0000000180011380 f i libucrtd:output.obj
 0001:000104d0       ??$type_case_integer_parse_into_buffer@_K@?$output_processor@_WV?$string_output_adapter@_W@__crt_stdio_output@@V?$format_validation_base@_WV?$string_output_adapter@_W@__crt_stdio_output@@@2@@__crt_stdio_output@@AEAAX_KI_N@Z 00000001800114d0 f i libucrtd:output.obj
 0001:00010630       ??$write_multiple_characters@V?$string_output_adapter@D@__crt_stdio_output@@D@__crt_stdio_output@@YAXAEBV?$string_output_adapter@D@0@DHQEAH@Z 0000000180011630 f i libucrtd:output.obj
 0001:00010690       ??$write_multiple_characters@V?$string_output_adapter@_W@__crt_stdio_output@@D@__crt_stdio_output@@YAXAEBV?$string_output_adapter@_W@0@DHQEAH@Z 0000000180011690 f i libucrtd:output.obj
 0001:000106f0       ??0?$common_data@D@__crt_stdio_output@@IEAA@XZ 00000001800116f0 f i libucrtd:output.obj
 0001:000107c0       ??0?$common_data@_W@__crt_stdio_output@@IEAA@XZ 00000001800117c0 f i libucrtd:output.obj
 0001:00010890       ??0?$output_adapter_data@DV?$string_output_adapter@D@__crt_stdio_output@@@__crt_stdio_output@@IEAA@AEBV?$string_output_adapter@D@1@_KQEBDQEAU__crt_locale_pointers@@QEAD@Z 0000000180011890 f i libucrtd:output.obj
 0001:00010910       ??0?$output_adapter_data@_WV?$string_output_adapter@_W@__crt_stdio_output@@@__crt_stdio_output@@IEAA@AEBV?$string_output_adapter@_W@1@_KQEB_WQEAU__crt_locale_pointers@@QEAD@Z 0000000180011910 f i libucrtd:output.obj
 0001:00010990       ??0?$output_processor@DV?$string_output_adapter@D@__crt_stdio_output@@V?$format_validation_base@DV?$string_output_adapter@D@__crt_stdio_output@@@2@@__crt_stdio_output@@QEAA@AEBV?$string_output_adapter@D@1@_KQEBDQEAU__crt_locale_pointers@@QEAD@Z 0000000180011990 f i libucrtd:output.obj
 0001:000109e0       ??0?$output_processor@_WV?$string_output_adapter@_W@__crt_stdio_output@@V?$format_validation_base@_WV?$string_output_adapter@_W@__crt_stdio_output@@@2@@__crt_stdio_output@@QEAA@AEBV?$string_output_adapter@_W@1@_KQEB_WQEAU__crt_locale_pointers@@QEAD@Z 00000001800119e0 f i libucrtd:output.obj
 0001:00010a30       ??0__crt_deferred_errno_cache@@QEAA@XZ 0000000180011a30 f i libucrtd:output.obj
 0001:00010a50       ??0__crt_errno_guard@@QEAA@QEAH@Z 0000000180011a50 f i libucrtd:output.obj
 0001:00010a90       ??0formatting_buffer@__crt_stdio_output@@QEAA@XZ 0000000180011a90 f i libucrtd:output.obj
 0001:00010ad0       ??1?$common_data@D@__crt_stdio_output@@QEAA@XZ 0000000180011ad0 f i libucrtd:output.obj
 0001:00010ad0       ??1?$common_data@_W@__crt_stdio_output@@QEAA@XZ 0000000180011ad0 f i libucrtd:output.obj
 0001:00010af0       ??1?$format_validation_base@_WV?$string_output_adapter@_W@__crt_stdio_output@@@__crt_stdio_output@@QEAA@XZ 0000000180011af0 f i libucrtd:output.obj
 0001:00010af0       ??1?$format_validation_base@DV?$string_output_adapter@D@__crt_stdio_output@@@__crt_stdio_output@@QEAA@XZ 0000000180011af0 f i libucrtd:output.obj
 0001:00010b10       ??1?$output_adapter_data@DV?$string_output_adapter@D@__crt_stdio_output@@@__crt_stdio_output@@QEAA@XZ 0000000180011b10 f i libucrtd:output.obj
 0001:00010b10       ??1?$output_adapter_data@_WV?$string_output_adapter@_W@__crt_stdio_output@@@__crt_stdio_output@@QEAA@XZ 0000000180011b10 f i libucrtd:output.obj
 0001:00010b30       ??1?$output_processor@_WV?$string_output_adapter@_W@__crt_stdio_output@@V?$format_validation_base@_WV?$string_output_adapter@_W@__crt_stdio_output@@@2@@__crt_stdio_output@@QEAA@XZ 0000000180011b30 f i libucrtd:output.obj
 0001:00010b30       ??1?$output_processor@DV?$string_output_adapter@D@__crt_stdio_output@@V?$format_validation_base@DV?$string_output_adapter@D@__crt_stdio_output@@@2@@__crt_stdio_output@@QEAA@XZ 0000000180011b30 f i libucrtd:output.obj
 0001:00010b50       ??1?$standard_base@DV?$string_output_adapter@D@__crt_stdio_output@@@__crt_stdio_output@@QEAA@XZ 0000000180011b50 f i libucrtd:output.obj
 0001:00010b50       ??1?$standard_base@_WV?$string_output_adapter@_W@__crt_stdio_output@@@__crt_stdio_output@@QEAA@XZ 0000000180011b50 f i libucrtd:output.obj
 0001:00010b70       ??1__crt_errno_guard@@QEAA@XZ 0000000180011b70 f i libucrtd:output.obj
 0001:00010ba0       ??1formatting_buffer@__crt_stdio_output@@QEAA@XZ 0000000180011ba0 f i libucrtd:output.obj
 0001:00010bd0       ??4?$__crt_unique_heap_ptr@DU__crt_internal_free_policy@@@@QEAAAEAV0@$$QEAV0@@Z 0000000180011bd0 f i libucrtd:output.obj
 0001:00010c10       ?adjust_hexit@?$output_processor@_WV?$string_output_adapter@_W@__crt_stdio_output@@V?$format_validation_base@_WV?$string_output_adapter@_W@__crt_stdio_output@@@2@@__crt_stdio_output@@CADH_N@Z 0000000180011c10 f i libucrtd:output.obj
 0001:00010c10       ?adjust_hexit@?$output_processor@DV?$string_output_adapter@D@__crt_stdio_output@@V?$format_validation_base@DV?$string_output_adapter@D@__crt_stdio_output@@@2@@__crt_stdio_output@@CADH_N@Z 0000000180011c10 f i libucrtd:output.obj
 0001:00010c60       ?advance_to_next_pass@?$standard_base@_WV?$string_output_adapter@_W@__crt_stdio_output@@@__crt_stdio_output@@IEAA_NXZ 0000000180011c60 f i libucrtd:output.obj
 0001:00010c60       ?advance_to_next_pass@?$standard_base@DV?$string_output_adapter@D@__crt_stdio_output@@@__crt_stdio_output@@IEAA_NXZ 0000000180011c60 f i libucrtd:output.obj
 0001:00010cb0       ?crop_zeroes@__crt_stdio_output@@YAXPEADQEAU__crt_locale_pointers@@@Z 0000000180011cb0 f i libucrtd:output.obj
 0001:00010df0       ?find_next_state@?$output_processor@DV?$string_output_adapter@D@__crt_stdio_output@@V?$format_validation_base@DV?$string_output_adapter@D@__crt_stdio_output@@@2@@__crt_stdio_output@@AEBA?AW4state@2@DW432@@Z 0000000180011df0 f i libucrtd:output.obj
 0001:00010e90       ?find_next_state@?$output_processor@_WV?$string_output_adapter@_W@__crt_stdio_output@@V?$format_validation_base@_WV?$string_output_adapter@_W@__crt_stdio_output@@@2@@__crt_stdio_output@@AEBA?AW4state@2@_WW432@@Z 0000000180011e90 f i libucrtd:output.obj
 0001:00010f30       ?force_decimal_point@__crt_stdio_output@@YAXPEADQEAU__crt_locale_pointers@@@Z 0000000180011f30 f i libucrtd:output.obj
 0001:00011030       ?get@__crt_deferred_errno_cache@@QEAAAEAHXZ 0000000180012030 f i libucrtd:output.obj
 0001:00011060       ?get_flags@__crt_stdio_stream@@QEBAJXZ 0000000180012060 f i libucrtd:output.obj
 0001:00011090       ?has_flag@?$output_processor@DV?$string_output_adapter@D@__crt_stdio_output@@V?$format_validation_base@DV?$string_output_adapter@D@__crt_stdio_output@@@2@@__crt_stdio_output@@AEBA_NI@Z 0000000180012090 f i libucrtd:output.obj
 0001:00011090       ?has_flag@?$output_processor@_WV?$string_output_adapter@_W@__crt_stdio_output@@V?$format_validation_base@_WV?$string_output_adapter@_W@__crt_stdio_output@@@2@@__crt_stdio_output@@AEBA_NI@Z 0000000180012090 f i libucrtd:output.obj
 0001:000110d0       ?is_string_backed@__crt_stdio_stream@@QEBA_NXZ 00000001800120d0 f i libucrtd:output.obj
 0001:00011110       ?narrow_null_string@?$output_processor@_WV?$string_output_adapter@_W@__crt_stdio_output@@V?$format_validation_base@_WV?$string_output_adapter@_W@__crt_stdio_output@@@2@@__crt_stdio_output@@CAPEADXZ 0000000180012110 f i libucrtd:output.obj
 0001:00011110       ?narrow_null_string@?$output_processor@DV?$string_output_adapter@D@__crt_stdio_output@@V?$format_validation_base@DV?$string_output_adapter@D@__crt_stdio_output@@@2@@__crt_stdio_output@@CAPEADXZ 0000000180012110 f i libucrtd:output.obj
 0001:00011120       ?parse_int_from_format_string@?$output_processor@DV?$string_output_adapter@D@__crt_stdio_output@@V?$format_validation_base@DV?$string_output_adapter@D@__crt_stdio_output@@@2@@__crt_stdio_output@@AEAA_NQEAH@Z 0000000180012120 f i libucrtd:output.obj
 0001:00011210       ?parse_int_from_format_string@?$output_processor@_WV?$string_output_adapter@_W@__crt_stdio_output@@V?$format_validation_base@_WV?$string_output_adapter@_W@__crt_stdio_output@@@2@@__crt_stdio_output@@AEAA_NQEAH@Z 0000000180012210 f i libucrtd:output.obj
 0001:00011300       ?process@?$output_processor@DV?$string_output_adapter@D@__crt_stdio_output@@V?$format_validation_base@DV?$string_output_adapter@D@__crt_stdio_output@@@2@@__crt_stdio_output@@QEAAHXZ 0000000180012300 f i libucrtd:output.obj
 0001:00011660       ?process@?$output_processor@_WV?$string_output_adapter@_W@__crt_stdio_output@@V?$format_validation_base@_WV?$string_output_adapter@_W@__crt_stdio_output@@@2@@__crt_stdio_output@@QEAAHXZ 0000000180012660 f i libucrtd:output.obj
 0001:000119c0       ?set_flag@?$output_processor@_WV?$string_output_adapter@_W@__crt_stdio_output@@V?$format_validation_base@_WV?$string_output_adapter@_W@__crt_stdio_output@@@2@@__crt_stdio_output@@AEAAXI@Z 00000001800129c0 f i libucrtd:output.obj
 0001:000119c0       ?set_flag@?$output_processor@DV?$string_output_adapter@D@__crt_stdio_output@@V?$format_validation_base@DV?$string_output_adapter@D@__crt_stdio_output@@@2@@__crt_stdio_output@@AEAAXI@Z 00000001800129c0 f i libucrtd:output.obj
 0001:000119e0       ?validate_state_for_type_case_a@?$standard_base@DV?$string_output_adapter@D@__crt_stdio_output@@@__crt_stdio_output@@IEBA_NXZ 00000001800129e0 f i libucrtd:output.obj
 0001:000119e0       ?should_format@?$standard_base@_WV?$string_output_adapter@_W@__crt_stdio_output@@@__crt_stdio_output@@IEAA_NXZ 00000001800129e0 f i libucrtd:output.obj
 0001:000119e0       ?validate_and_update_state_at_beginning_of_format_character@?$standard_base@_WV?$string_output_adapter@_W@__crt_stdio_output@@@__crt_stdio_output@@IEAA_NXZ 00000001800129e0 f i libucrtd:output.obj
 0001:000119e0       ?should_format@?$standard_base@DV?$string_output_adapter@D@__crt_stdio_output@@@__crt_stdio_output@@IEAA_NXZ 00000001800129e0 f i libucrtd:output.obj
 0001:000119e0       ?validate_and_update_state_at_beginning_of_format_character@?$standard_base@DV?$string_output_adapter@D@__crt_stdio_output@@@__crt_stdio_output@@IEAA_NXZ 00000001800129e0 f i libucrtd:output.obj
 0001:000119e0       ?validate_state_for_type_case_a@?$standard_base@_WV?$string_output_adapter@_W@__crt_stdio_output@@@__crt_stdio_output@@IEBA_NXZ 00000001800129e0 f i libucrtd:output.obj
 0001:000119f0       ?should_skip_type_state_output@?$standard_base@_WV?$string_output_adapter@_W@__crt_stdio_output@@@__crt_stdio_output@@IEBA_NXZ 00000001800129f0 f i libucrtd:output.obj
 0001:000119f0       ?should_skip_normal_state_processing@?$standard_base@_WV?$string_output_adapter@_W@__crt_stdio_output@@@__crt_stdio_output@@IEAA_NXZ 00000001800129f0 f i libucrtd:output.obj
 0001:000119f0       ?should_skip_type_state_output@?$standard_base@DV?$string_output_adapter@D@__crt_stdio_output@@@__crt_stdio_output@@IEBA_NXZ 00000001800129f0 f i libucrtd:output.obj
 0001:000119f0       ?should_skip_normal_state_processing@?$standard_base@DV?$string_output_adapter@D@__crt_stdio_output@@@__crt_stdio_output@@IEAA_NXZ 00000001800129f0 f i libucrtd:output.obj
 0001:00011a00       ?state_case_dot@?$output_processor@DV?$string_output_adapter@D@__crt_stdio_output@@V?$format_validation_base@DV?$string_output_adapter@D@__crt_stdio_output@@@2@@__crt_stdio_output@@AEAA_NXZ 0000000180012a00 f i libucrtd:output.obj
 0001:00011a00       ?state_case_dot@?$output_processor@_WV?$string_output_adapter@_W@__crt_stdio_output@@V?$format_validation_base@_WV?$string_output_adapter@_W@__crt_stdio_output@@@2@@__crt_stdio_output@@AEAA_NXZ 0000000180012a00 f i libucrtd:output.obj
 0001:00011a20       ?state_case_flag@?$output_processor@DV?$string_output_adapter@D@__crt_stdio_output@@V?$format_validation_base@DV?$string_output_adapter@D@__crt_stdio_output@@@2@@__crt_stdio_output@@AEAA_NXZ 0000000180012a20 f i libucrtd:output.obj
 0001:00011ac0       ?state_case_flag@?$output_processor@_WV?$string_output_adapter@_W@__crt_stdio_output@@V?$format_validation_base@_WV?$string_output_adapter@_W@__crt_stdio_output@@@2@@__crt_stdio_output@@AEAA_NXZ 0000000180012ac0 f i libucrtd:output.obj
 0001:00011b60       ?state_case_normal@?$output_processor@DV?$string_output_adapter@D@__crt_stdio_output@@V?$format_validation_base@DV?$string_output_adapter@D@__crt_stdio_output@@@2@@__crt_stdio_output@@AEAA_NXZ 0000000180012b60 f i libucrtd:output.obj
 0001:00011c40       ?state_case_normal@?$output_processor@_WV?$string_output_adapter@_W@__crt_stdio_output@@V?$format_validation_base@_WV?$string_output_adapter@_W@__crt_stdio_output@@@2@@__crt_stdio_output@@AEAA_NXZ 0000000180012c40 f i libucrtd:output.obj
 0001:00011d20       ?state_case_normal_common@?$output_processor@DV?$string_output_adapter@D@__crt_stdio_output@@V?$format_validation_base@DV?$string_output_adapter@D@__crt_stdio_output@@@2@@__crt_stdio_output@@AEAA_NXZ 0000000180012d20 f i libucrtd:output.obj
 0001:00011d70       ?state_case_normal_common@?$output_processor@_WV?$string_output_adapter@_W@__crt_stdio_output@@V?$format_validation_base@_WV?$string_output_adapter@_W@__crt_stdio_output@@@2@@__crt_stdio_output@@AEAA_NXZ 0000000180012d70 f i libucrtd:output.obj
 0001:00011dc0       ?state_case_normal_tchar@?$output_processor@DV?$string_output_adapter@D@__crt_stdio_output@@V?$format_validation_base@DV?$string_output_adapter@D@__crt_stdio_output@@@2@@__crt_stdio_output@@AEAA_ND@Z 0000000180012dc0 f i libucrtd:output.obj
 0001:00011f00       ?state_case_normal_tchar@?$output_processor@_WV?$string_output_adapter@_W@__crt_stdio_output@@V?$format_validation_base@_WV?$string_output_adapter@_W@__crt_stdio_output@@@2@@__crt_stdio_output@@AEAA_N_W@Z 0000000180012f00 f i libucrtd:output.obj
 0001:00011f20       ?state_case_percent@?$output_processor@_WV?$string_output_adapter@_W@__crt_stdio_output@@V?$format_validation_base@_WV?$string_output_adapter@_W@__crt_stdio_output@@@2@@__crt_stdio_output@@AEAA_NXZ 0000000180012f20 f i libucrtd:output.obj
 0001:00011f20       ?state_case_percent@?$output_processor@DV?$string_output_adapter@D@__crt_stdio_output@@V?$format_validation_base@DV?$string_output_adapter@D@__crt_stdio_output@@@2@@__crt_stdio_output@@AEAA_NXZ 0000000180012f20 f i libucrtd:output.obj
 0001:00011f70       ?state_case_precision@?$output_processor@DV?$string_output_adapter@D@__crt_stdio_output@@V?$format_validation_base@DV?$string_output_adapter@D@__crt_stdio_output@@@2@@__crt_stdio_output@@AEAA_NXZ 0000000180012f70 f i libucrtd:output.obj
 0001:00011ff0       ?state_case_precision@?$output_processor@_WV?$string_output_adapter@_W@__crt_stdio_output@@V?$format_validation_base@_WV?$string_output_adapter@_W@__crt_stdio_output@@@2@@__crt_stdio_output@@AEAA_NXZ 0000000180012ff0 f i libucrtd:output.obj
 0001:00012070       ?state_case_size@?$output_processor@DV?$string_output_adapter@D@__crt_stdio_output@@V?$format_validation_base@DV?$string_output_adapter@D@__crt_stdio_output@@@2@@__crt_stdio_output@@AEAA_NXZ 0000000180013070 f i libucrtd:output.obj
 0001:000124f0       ?state_case_size@?$output_processor@_WV?$string_output_adapter@_W@__crt_stdio_output@@V?$format_validation_base@_WV?$string_output_adapter@_W@__crt_stdio_output@@@2@@__crt_stdio_output@@AEAA_NXZ 00000001800134f0 f i libucrtd:output.obj
 0001:00012970       ?state_case_type@?$output_processor@DV?$string_output_adapter@D@__crt_stdio_output@@V?$format_validation_base@DV?$string_output_adapter@D@__crt_stdio_output@@@2@@__crt_stdio_output@@AEAA_NXZ 0000000180013970 f i libucrtd:output.obj
 0001:00012e10       ?state_case_type@?$output_processor@_WV?$string_output_adapter@_W@__crt_stdio_output@@V?$format_validation_base@_WV?$string_output_adapter@_W@__crt_stdio_output@@@2@@__crt_stdio_output@@AEAA_NXZ 0000000180013e10 f i libucrtd:output.obj
 0001:00013370       ?state_case_width@?$output_processor@DV?$string_output_adapter@D@__crt_stdio_output@@V?$format_validation_base@DV?$string_output_adapter@D@__crt_stdio_output@@@2@@__crt_stdio_output@@AEAA_NXZ 0000000180014370 f i libucrtd:output.obj
 0001:00013400       ?state_case_width@?$output_processor@_WV?$string_output_adapter@_W@__crt_stdio_output@@V?$format_validation_base@_WV?$string_output_adapter@_W@__crt_stdio_output@@@2@@__crt_stdio_output@@AEAA_NXZ 0000000180014400 f i libucrtd:output.obj
 0001:00013490       ?state_count@?$format_validation_base@_WV?$string_output_adapter@_W@__crt_stdio_output@@@__crt_stdio_output@@KAIXZ 0000000180014490 f i libucrtd:output.obj
 0001:00013490       ?state_count@?$format_validation_base@DV?$string_output_adapter@D@__crt_stdio_output@@@__crt_stdio_output@@KAIXZ 0000000180014490 f i libucrtd:output.obj
 0001:000134a0       ?state_transition_table@?$format_validation_base@_WV?$string_output_adapter@_W@__crt_stdio_output@@@__crt_stdio_output@@KAPEBEXZ 00000001800144a0 f i libucrtd:output.obj
 0001:000134a0       ?state_transition_table@?$format_validation_base@DV?$string_output_adapter@D@__crt_stdio_output@@@__crt_stdio_output@@KAPEBEXZ 00000001800144a0 f i libucrtd:output.obj
 0001:000134b0       ?tchar_string@?$common_data@D@__crt_stdio_output@@IEAAAEAPEADD@Z 00000001800144b0 f i libucrtd:output.obj
 0001:000134d0       ?tchar_string@?$common_data@D@__crt_stdio_output@@IEAAAEAPEADXZ 00000001800144d0 f i libucrtd:output.obj
 0001:000134f0       ?tchar_string@?$common_data@_W@__crt_stdio_output@@IEAAAEAPEA_WXZ 00000001800144f0 f i libucrtd:output.obj
 0001:00013510       ?tchar_string@?$common_data@_W@__crt_stdio_output@@IEAAAEAPEA_W_W@Z 0000000180014510 f i libucrtd:output.obj
 0001:00013530       ?to_integer_size@__crt_stdio_output@@YA_KW4length_modifier@1@@Z 0000000180014530 f i libucrtd:output.obj
 0001:000135e0       ?type_case_X@?$output_processor@DV?$string_output_adapter@D@__crt_stdio_output@@V?$format_validation_base@DV?$string_output_adapter@D@__crt_stdio_output@@@2@@__crt_stdio_output@@AEAA_NXZ 00000001800145e0 f i libucrtd:output.obj
 0001:00013600       ?type_case_X@?$output_processor@_WV?$string_output_adapter@_W@__crt_stdio_output@@V?$format_validation_base@_WV?$string_output_adapter@_W@__crt_stdio_output@@@2@@__crt_stdio_output@@AEAA_NXZ 0000000180014600 f i libucrtd:output.obj
 0001:00013620       ?type_case_Z@?$output_processor@DV?$string_output_adapter@D@__crt_stdio_output@@V?$format_validation_base@DV?$string_output_adapter@D@__crt_stdio_output@@@2@@__crt_stdio_output@@AEAA_NXZ 0000000180014620 f i libucrtd:output.obj
 0001:00013740       ?type_case_Z@?$output_processor@_WV?$string_output_adapter@_W@__crt_stdio_output@@V?$format_validation_base@_WV?$string_output_adapter@_W@__crt_stdio_output@@@2@@__crt_stdio_output@@AEAA_NXZ 0000000180014740 f i libucrtd:output.obj
 0001:00013860       ?type_case_a@?$output_processor@DV?$string_output_adapter@D@__crt_stdio_output@@V?$format_validation_base@DV?$string_output_adapter@D@__crt_stdio_output@@@2@@__crt_stdio_output@@AEAA_NXZ 0000000180014860 f i libucrtd:output.obj
 0001:00013c20       ?type_case_a@?$output_processor@_WV?$string_output_adapter@_W@__crt_stdio_output@@V?$format_validation_base@_WV?$string_output_adapter@_W@__crt_stdio_output@@@2@@__crt_stdio_output@@AEAA_NXZ 0000000180014c20 f i libucrtd:output.obj
 0001:00013ff0       ?type_case_c@?$output_processor@DV?$string_output_adapter@D@__crt_stdio_output@@V?$format_validation_base@DV?$string_output_adapter@D@__crt_stdio_output@@@2@@__crt_stdio_output@@AEAA_NXZ 0000000180014ff0 f i libucrtd:output.obj
 0001:00014010       ?type_case_c@?$output_processor@_WV?$string_output_adapter@_W@__crt_stdio_output@@V?$format_validation_base@_WV?$string_output_adapter@_W@__crt_stdio_output@@@2@@__crt_stdio_output@@AEAA_NXZ 0000000180015010 f i libucrtd:output.obj
 0001:00014030       ?type_case_c_tchar@?$output_processor@DV?$string_output_adapter@D@__crt_stdio_output@@V?$format_validation_base@DV?$string_output_adapter@D@__crt_stdio_output@@@2@@__crt_stdio_output@@AEAA_ND@Z 0000000180015030 f i libucrtd:output.obj
 0001:00014180       ?type_case_c_tchar@?$output_processor@_WV?$string_output_adapter@_W@__crt_stdio_output@@V?$format_validation_base@_WV?$string_output_adapter@_W@__crt_stdio_output@@@2@@__crt_stdio_output@@AEAA_N_W@Z 0000000180015180 f i libucrtd:output.obj
 0001:000142b0       ?type_case_d@?$output_processor@DV?$string_output_adapter@D@__crt_stdio_output@@V?$format_validation_base@DV?$string_output_adapter@D@__crt_stdio_output@@@2@@__crt_stdio_output@@AEAA_NXZ 00000001800152b0 f i libucrtd:output.obj
 0001:000142e0       ?type_case_d@?$output_processor@_WV?$string_output_adapter@_W@__crt_stdio_output@@V?$format_validation_base@_WV?$string_output_adapter@_W@__crt_stdio_output@@@2@@__crt_stdio_output@@AEAA_NXZ 00000001800152e0 f i libucrtd:output.obj
 0001:00014310       ?type_case_integer@?$output_processor@DV?$string_output_adapter@D@__crt_stdio_output@@V?$format_validation_base@DV?$string_output_adapter@D@__crt_stdio_output@@@2@@__crt_stdio_output@@AEAA_NI_N@Z 0000000180015310 f i libucrtd:output.obj
 0001:00014760       ?type_case_integer@?$output_processor@_WV?$string_output_adapter@_W@__crt_stdio_output@@V?$format_validation_base@_WV?$string_output_adapter@_W@__crt_stdio_output@@@2@@__crt_stdio_output@@AEAA_NI_N@Z 0000000180015760 f i libucrtd:output.obj
 0001:00014bb0       ?type_case_n@?$output_processor@DV?$string_output_adapter@D@__crt_stdio_output@@V?$format_validation_base@DV?$string_output_adapter@D@__crt_stdio_output@@@2@@__crt_stdio_output@@AEAA_NXZ 0000000180015bb0 f i libucrtd:output.obj
[...]
 0004:00002664       $pdata$?has_all_of@__crt_stdio_stream@@QEBA_NJ@Z 0000000180052664     libucrtd:fflush.obj
 0004:00002670       $pdata$__acrt_stdio_flush_nolock 0000000180052670     libucrtd:fflush.obj
 0004:0000267c       $pdata$?__acrt_stdio_reset_buffer@@YAXV__crt_stdio_stream@@@Z 000000018005267c     libucrtd:fflush.obj
 0004:00002688       $pdata$?is_stream_allocated@@YA_NJ@Z 0000000180052688     libucrtd:fflush.obj
 0004:00002694       $pdata$?is_stream_flushable_or_commitable@@YA_NJ@Z 0000000180052694     libucrtd:fflush.obj
 0004:000026a0       $pdata$?common_flush_all_should_try_to_flush_stream@@YA_NV__crt_stdio_stream@@QEAH@Z 00000001800526a0     libucrtd:fflush.obj
 0004:000026ac       $pdata$?common_flush_all@@YAH_N@Z 00000001800526ac     libucrtd:fflush.obj
 0004:000026b8       $pdata$??R<lambda_ab61a845afdef5b7c387490eaf3616ee>@@QEBA@XZ 00000001800526b8     libucrtd:fflush.obj
 0004:000026c4       $pdata$??R<lambda_c5860995281e5c4ce005b3de8f5874ee>@@QEBAXXZ 00000001800526c4     libucrtd:fflush.obj
 0004:000026d0       $pdata$??$__acrt_lock_stream_and_call@V<lambda_c5860995281e5c4ce005b3de8f5874ee>@@@@YAXQEAU_iobuf@@$$QEAV<lambda_c5860995281e5c4ce005b3de8f5874ee>@@@Z 00000001800526d0     libucrtd:fflush.obj
 0004:000026dc       $pdata$??$__acrt_lock_and_call@V<lambda_ab61a845afdef5b7c387490eaf3616ee>@@@@YAXW4__acrt_lock_id@@$$QEAV<lambda_ab61a845afdef5b7c387490eaf3616ee>@@@Z 00000001800526dc     libucrtd:fflush.obj
 0004:000026e8       $pdata$??R<lambda_842d9ff0dc9ef11c61343bbaebe7f885>@@QEBAXXZ 00000001800526e8     libucrtd:fflush.obj
 0004:000026f4       $pdata$??R<lambda_d90129c13df834fdcbf8d2b88dafcf2d>@@QEBAXXZ 00000001800526f4     libucrtd:fflush.obj
 0004:00002700       $pdata$??$?RV<lambda_842d9ff0dc9ef11c61343bbaebe7f885>@@AEAV<lambda_c5860995281e5c4ce005b3de8f5874ee>@@V<lambda_d90129c13df834fdcbf8d2b88dafcf2d>@@@?$__crt_seh_guarded_call@X@@QEAAX$$QEAV<lambda_842d9ff0dc9ef11c61343bbaebe7f885>@@AEAV<lambda_c5860995281e5c4ce005b3de8f5874ee>@@$$QEAV<lambda_d90129c13df834fdcbf8d2b88dafcf2d>@@@Z 0000000180052700     libucrtd:fflush.obj
 0004:0000270c       $pdata$?fin$0@?0???$?RV<lambda_842d9ff0dc9ef11c61343bbaebe7f885>@@AEAV<lambda_c5860995281e5c4ce005b3de8f5874ee>@@V<lambda_d90129c13df834fdcbf8d2b88dafcf2d>@@@?$__crt_seh_guarded_call@X@@QEAAX$$QEAV<lambda_842d9ff0dc9ef11c61343bbaebe7f885>@@AEAV<lambda_c5860995281e5c4ce005b3de8f5874ee>@@$$QEAV<lambda_d90129c13df834fdcbf8d2b88dafcf2d>@@@Z@4HA 000000018005270c     libucrtd:fflush.obj
 0004:00002718       $pdata$??$?RV<lambda_886d6c58226a84441f68b9f2b8217b83>@@AEAV<lambda_ab61a845afdef5b7c387490eaf3616ee>@@V<lambda_f7f22ab5edc0698d5f6905b0d3f44752>@@@?$__crt_seh_guarded_call@X@@QEAAX$$QEAV<lambda_886d6c58226a84441f68b9f2b8217b83>@@AEAV<lambda_ab61a845afdef5b7c387490eaf3616ee>@@$$QEAV<lambda_f7f22ab5edc0698d5f6905b0d3f44752>@@@Z 0000000180052718     libucrtd:fflush.obj
 0004:00002724       $pdata$_malloc_base        0000000180052724     libucrtd:malloc_base.obj
 0004:00002730       $pdata$__acrt_locale_free_monetary 0000000180052730     libucrtd:initmon.obj
 0004:0000273c       $pdata$__acrt_locale_free_numeric 000000018005273c     libucrtd:initnum.obj
 0004:00002748       $pdata$__acrt_locale_free_time 0000000180052748     libucrtd:inittime.obj
 0004:00002754       $pdata$?free_crt_array_internal@@YAXQEAPEBX_K@Z 0000000180052754     libucrtd:inittime.obj
 0004:00002760       $pdata$??$free_crt_array@D$06@@YAXAEAY06PEAD@Z 0000000180052760     libucrtd:inittime.obj
 0004:00002760       $pdata$??$free_crt_array@_W$06@@YAXAEAY06PEA_W@Z 0000000180052760     libucrtd:inittime.obj
 0004:0000276c       $pdata$??$free_crt_array@D$0M@@@YAXAEAY0M@PEAD@Z 000000018005276c     libucrtd:inittime.obj
 0004:0000276c       $pdata$??$free_crt_array@_W$0M@@@YAXAEAY0M@PEA_W@Z 000000018005276c     libucrtd:inittime.obj
 0004:00002778       $pdata$??$free_crt_array@D$01@@YAXAEAY01PEAD@Z 0000000180052778     libucrtd:inittime.obj
 0004:00002778       $pdata$??$free_crt_array@_W$01@@YAXAEAY01PEA_W@Z 0000000180052778     libucrtd:inittime.obj
 0004:00002784       $pdata$wcscat_s            0000000180052784     libucrtd:wcscat_s.obj
 0004:00002790       $pdata$??$common_tcscat_s@_W@@YAHQEA_W_KQEB_W@Z 0000000180052790     libucrtd:wcscat_s.obj
 0004:0000279c       $pdata$_set_error_mode     000000018005279c     libucrtd:set_error_mode.obj
 0004:000027a8       $pdata$_isleadbyte_l       00000001800527a8     libucrtd:_wctype.obj
 0004:000027b4       $pdata$?__mbrtowc_utf8@__crt_mbstring@@YA_KPEA_WPEBD_KPEAU_Mbstatet@@@Z 00000001800527b4     libucrtd:mbrtowc.obj
 0004:000027c0       $pdata$?__mbsrtowcs_utf8@__crt_mbstring@@YA_KPEA_WPEAPEBD_KPEAU_Mbstatet@@@Z 00000001800527c0     libucrtd:mbrtowc.obj
 0004:000027cc       $pdata$c32rtomb            00000001800527cc     libucrtd:c32rtomb.obj
 0004:000027d8       $pdata$?__c32rtomb_utf8@__crt_mbstring@@YA_KPEAD_UPEAU_Mbstatet@@@Z 00000001800527d8     libucrtd:c32rtomb.obj
 0004:000027e4       $pdata$?return_illegal_sequence@__crt_mbstring@@YA_KPEAU_Mbstatet@@@Z 00000001800527e4     libucrtd:c32rtomb.obj
 0004:000027f0       $pdata$?reset_and_return@__crt_mbstring@@YA_K_KPEAU_Mbstatet@@@Z 00000001800527f0     libucrtd:c32rtomb.obj
 0004:000027fc       $pdata$__acrt_fp_strflt_to_string 00000001800527fc     libucrtd:_fptostr.obj
 0004:00002808       $pdata$__acrt_fltout       0000000180052808     libucrtd:cfout.obj
 0004:00002814       $pdata$??0big_integer@__crt_strtox@@QEAA@XZ 0000000180052814     libucrtd:cfout.obj
 0004:00002820       $pdata$??0big_integer@__crt_strtox@@QEAA@AEBU01@@Z 0000000180052820     libucrtd:cfout.obj
 0004:00002820       $pdata$??4big_integer@__crt_strtox@@QEAAAEAU01@AEBU01@@Z 0000000180052820     libucrtd:cfout.obj
 0004:0000282c       $pdata$??8__crt_strtox@@YA_NAEBUbig_integer@0@0@Z 000000018005282c     libucrtd:cfout.obj
 0004:00002838       $pdata$??9__crt_strtox@@YA_NAEBUbig_integer@0@0@Z 0000000180052838     libucrtd:cfout.obj
 0004:00002844       $pdata$?make_big_integer@__crt_strtox@@YA?AUbig_integer@1@_K@Z 0000000180052844     libucrtd:cfout.obj
 0004:00002850       $pdata$?make_big_integer_power_of_two@__crt_strtox@@YA?AUbig_integer@1@I@Z 0000000180052850     libucrtd:cfout.obj
 0004:0000285c       $pdata$?is_zero@__crt_strtox@@YA_NAEBUbig_integer@1@@Z 000000018005285c     libucrtd:cfout.obj
 0004:00002868       $pdata$?bit_scan_reverse@__crt_strtox@@YAII@Z 0000000180052868     libucrtd:cfout.obj
 0004:00002874       $pdata$?shift_left@__crt_strtox@@YA_NAEAUbig_integer@1@I@Z 0000000180052874     libucrtd:cfout.obj
 0004:00002880       $pdata$?add_carry@__crt_strtox@@YAIAEAIII@Z 0000000180052880     libucrtd:cfout.obj
 0004:0000288c       $pdata$?add_multiply_carry@__crt_strtox@@YAIAEAIIII@Z 000000018005288c     libucrtd:cfout.obj
 0004:00002898       $pdata$?multiply_core@__crt_strtox@@YAIQEAIII@Z 0000000180052898     libucrtd:cfout.obj
 0004:000028a4       $pdata$?multiply@__crt_strtox@@YA_NAEAUbig_integer@1@I@Z 00000001800528a4     libucrtd:cfout.obj
 0004:000028b0       $pdata$?multiply@__crt_strtox@@YA_NAEAUbig_integer@1@AEBU21@@Z 00000001800528b0     libucrtd:cfout.obj
 0004:000028bc       $pdata$?multiply_by_power_of_ten@__crt_strtox@@YA_NAEAUbig_integer@1@I@Z 00000001800528bc     libucrtd:cfout.obj
 0004:000028c8       $pdata$?count_sequential_high_zeroes@__crt_strtox@@YAII@Z 00000001800528c8     libucrtd:cfout.obj
 0004:000028d4       $pdata$?divide@__crt_strtox@@YA_KAEAUbig_integer@1@AEBU21@@Z 00000001800528d4     libucrtd:cfout.obj
 0004:000028e0       $pdata$??0scoped_fp_state_reset@?A0x71ca7cfb@@QEAA@XZ 00000001800528e0     libucrtd:cfout.obj
 0004:000028ec       $pdata$??1scoped_fp_state_reset@?A0x71ca7cfb@@QEAA@XZ 00000001800528ec     libucrtd:cfout.obj
 0004:000028f8       $pdata$??$convert_to_fos_high_precision@N@@YAXNIQEAHQEAD_K@Z 00000001800528f8     libucrtd:cfout.obj
 0004:00002904       $pdata$_fcloseall          0000000180052904     libucrtd:closeall.obj
 0004:00002910       $pdata$_fcloseall$fin$0    0000000180052910     libucrtd:closeall.obj
 0004:0000291c       $pdata$?is_in_use@__crt_stdio_stream@@QEBA_NXZ 000000018005291c     libucrtd:closeall.obj
 0004:00002928       $pdata$?has_crt_buffer@__crt_stdio_stream@@QEBA_NXZ 0000000180052928     libucrtd:_freebuf.obj
 0004:00002934       $pdata$__acrt_stdio_free_buffer_nolock 0000000180052934     libucrtd:_freebuf.obj
 0004:00002940       $pdata$__acrt_GetStringTypeW 0000000180052940     libucrtd:getstringtypew.obj
 0004:0000294c       $pdata$_itow_s             000000018005294c     libucrtd:xtoa.obj
 0004:00002958       $pdata$_itoa_s             0000000180052958     libucrtd:xtoa.obj
 0004:00002964       $pdata$??$common_xtox_s@KD@@YAHKQEAD_KI_N@Z 0000000180052964     libucrtd:xtoa.obj
 0004:00002970       $pdata$??$common_xtox@KD@@YAHKQEAD_KI_N@Z 0000000180052970     libucrtd:xtoa.obj
 0004:0000297c       $pdata$??$common_xtox_s@K_W@@YAHKQEA_W_KI_N@Z 000000018005297c     libucrtd:xtoa.obj
 0004:00002988       $pdata$??$common_xtox@K_W@@YAHKQEA_W_KI_N@Z 0000000180052988     libucrtd:xtoa.obj
 0004:00002994       $pdata$mbstowcs_s          0000000180052994     libucrtd:mbstowcs.obj
 0004:000029a0       $pdata$_mbstowcs_s_l       00000001800529a0     libucrtd:mbstowcs.obj
 0004:000029ac       $pdata$?_mbstowcs_l_helper@@YA_KPEA_WPEBD_KPEAU__crt_locale_pointers@@@Z 00000001800529ac     libucrtd:mbstowcs.obj
 0004:000029b8       $pdata$wcstombs_s          00000001800529b8     libucrtd:wcstombs.obj
 0004:000029c4       $pdata$_wcstombs_s_l       00000001800529c4     libucrtd:wcstombs.obj
 0004:000029d0       $pdata$?wcsncnt@@YA_KPEB_W_K@Z 00000001800529d0     libucrtd:wcstombs.obj
 0004:000029dc       $pdata$?_wcstombs_l_helper@@YA_KPEADPEB_W_KPEAU__crt_locale_pointers@@@Z 00000001800529dc     libucrtd:wcstombs.obj
 0004:000029e8       $pdata$?dtor$0@?0??_wcstombs_l_helper@@YA_KPEADPEB_W_KPEAU__crt_locale_pointers@@@Z@4HA 00000001800529e8     libucrtd:wcstombs.obj
 0004:000029f4       $pdata$strcat_s            00000001800529f4     libucrtd:strcat_s.obj
 0004:00002a00       $pdata$??$common_tcscat_s@D@@YAHQEAD_KQEBD@Z 0000000180052a00     libucrtd:strcat_s.obj
 0004:00002a0c       $pdata$__acrt_OutputDebugStringA 0000000180052a0c     libucrtd:outputdebugstringa.obj
 0004:00002a18       $pdata$__strncnt           0000000180052a18     libucrtd:strncnt.obj
 0004:00002a24       $pdata$__ascii_wcsnicmp    0000000180052a24     libucrtd:wcsnicmp.obj
 0004:00002a30       $pdata$_commit             0000000180052a30     libucrtd:commit.obj
 0004:00002a3c       $pdata$??R<lambda_5533cddd4bda0037814beee657757329>@@QEBAHXZ 0000000180052a3c     libucrtd:commit.obj
 0004:00002a48       $pdata$??$__acrt_lowio_lock_fh_and_call@V<lambda_5533cddd4bda0037814beee657757329>@@@@YAHH$$QEAV<lambda_5533cddd4bda0037814beee657757329>@@@Z 0000000180052a48     libucrtd:commit.obj
 0004:00002a54       $pdata$??R<lambda_53fc7fc888e23d815d7080162c0aeeb2>@@QEBAXXZ 0000000180052a54     libucrtd:close.obj
 0004:00002a54       $pdata$??R<lambda_4e3dbe6921bc0b5a1a6bc6573fdc859e>@@QEBAXXZ 0000000180052a54     libucrtd:commit.obj
 0004:00002a60       $pdata$??R<lambda_8ddc48ad9d26c778cb15812d1d88fc8a>@@QEBAXXZ 0000000180052a60     libucrtd:close.obj
 0004:00002a60       $pdata$??R<lambda_47cffbaa968af5c721c38a4a6f8da44d>@@QEBAXXZ 0000000180052a60     libucrtd:commit.obj
 0004:00002a6c       $pdata$??$?RV<lambda_4e3dbe6921bc0b5a1a6bc6573fdc859e>@@AEAV<lambda_5533cddd4bda0037814beee657757329>@@V<lambda_47cffbaa968af5c721c38a4a6f8da44d>@@@?$__crt_seh_guarded_call@H@@QEAAH$$QEAV<lambda_4e3dbe6921bc0b5a1a6bc6573fdc859e>@@AEAV<lambda_5533cddd4bda0037814beee657757329>@@$$QEAV<lambda_47cffbaa968af5c721c38a4a6f8da44d>@@@Z 0000000180052a6c     libucrtd:commit.obj
 0004:00002a78       $pdata$?fin$0@?0???$?RV<lambda_53fc7fc888e23d815d7080162c0aeeb2>@@AEAV<lambda_4e7105787b7b0e0227fbf2b2d883fa65>@@V<lambda_8ddc48ad9d26c778cb15812d1d88fc8a>@@@?$__crt_seh_guarded_call@H@@QEAAH$$QEAV<lambda_53fc7fc888e23d815d7080162c0aeeb2>@@AEAV<lambda_4e7105787b7b0e0227fbf2b2d883fa65>@@$$QEAV<lambda_8ddc48ad9d26c778cb15812d1d88fc8a>@@@Z@4HA 0000000180052a78     libucrtd:close.obj
 0004:00002a78       $pdata$?fin$0@?0???$?RV<lambda_4e3dbe6921bc0b5a1a6bc6573fdc859e>@@AEAV<lambda_5533cddd4bda0037814beee657757329>@@V<lambda_47cffbaa968af5c721c38a4a6f8da44d>@@@?$__crt_seh_guarded_call@H@@QEAAH$$QEAV<lambda_4e3dbe6921bc0b5a1a6bc6573fdc859e>@@AEAV<lambda_5533cddd4bda0037814beee657757329>@@$$QEAV<lambda_47cffbaa968af5c721c38a4a6f8da44d>@@@Z@4HA 0000000180052a78     libucrtd:commit.obj
 0004:00002a84       $pdata$_write              0000000180052a84     libucrtd:write.obj
 0004:00002a90       $pdata$_write$fin$0        0000000180052a90     libucrtd:write.obj
 0004:00002a9c       $pdata$_write_nolock       0000000180052a9c     libucrtd:write.obj
 0004:00002aa8       $pdata$?write_requires_double_translation_nolock@@YA_NH@Z 0000000180052aa8     libucrtd:write.obj
 0004:00002ab4       $pdata$?write_double_translated_ansi_nolock@@YA?AUwrite_result@?A0x17268360@@HQEBDI@Z 0000000180052ab4     libucrtd:write.obj
 0004:00002ac0       $pdata$?write_double_translated_unicode_nolock@@YA?AUwrite_result@?A0x17268360@@QEBDI@Z 0000000180052ac0     libucrtd:write.obj
 0004:00002acc       $pdata$?write_text_ansi_nolock@@YA?AUwrite_result@?A0x17268360@@HQEBDI@Z 0000000180052acc     libucrtd:write.obj
 0004:00002ad8       $pdata$?write_text_utf16le_nolock@@YA?AUwrite_result@?A0x17268360@@HQEBDI@Z 0000000180052ad8     libucrtd:write.obj
 0004:00002ae4       $pdata$?write_text_utf8_nolock@@YA?AUwrite_result@?A0x17268360@@HQEBDI@Z 0000000180052ae4     libucrtd:write.obj
 0004:00002af0       $pdata$?write_binary_nolock@@YA?AUwrite_result@?A0x17268360@@HQEBDI@Z 0000000180052af0     libucrtd:write.obj
 0004:00002afc       $pdata$?__mbrtoc32_utf8@__crt_mbstring@@YA_KPEA_UPEBD_KPEAU_Mbstatet@@@Z 0000000180052afc     libucrtd:mbrtoc32.obj
 0004:00002b14       $pdata$ceil                0000000180052b14     libucrtd:ceil.obj
 0004:00002b20       $pdata$fegetenv            0000000180052b20     libucrtd:fegetenv.obj
 0004:00002b2c       $pdata$fesetenv            0000000180052b2c     libucrtd:fesetenv.obj
 0004:00002b38       $pdata$feholdexcept        0000000180052b38     libucrtd:feholdexcept.obj
 0004:00002b44       $pdata$_lseeki64_nolock    0000000180052b44     libucrtd:lseek.obj
 0004:00002b50       $pdata$?common_lseek_do_seek_nolock@@YA_JQEAX_JH@Z 0000000180052b50     libucrtd:lseek.obj
 0004:00002b5c       $pdata$??$common_lseek_nolock@_J@@YA_JH_JH@Z 0000000180052b5c     libucrtd:lseek.obj
 0004:00002b68       $pdata$fclose              0000000180052b68     libucrtd:fclose.obj
 0004:00002b74       $pdata$fclose$fin$0        0000000180052b74     libucrtd:fclose.obj
 0004:00002b80       $pdata$_fclose_nolock      0000000180052b80     libucrtd:fclose.obj
 0004:00002b8c       $pdata$?__wcsrtombs_utf8@__crt_mbstring@@YA_KPEADPEAPEB_W_KPEAU_Mbstatet@@@Z 0000000180052b8c     libucrtd:wcrtomb.obj
 0004:00002b98       $pdata$_putwch_nolock      0000000180052b98     libucrtd:putwch.obj
 0004:00002ba4       $pdata$__acrt_initialize_fma3 0000000180052ba4     libucrtd:fma3_available.obj
 0004:00002bb0       $pdata$_log_special_common 0000000180052bb0     libucrtd:log_special.obj
 0004:00002bbc       $pdata$_log10_special      0000000180052bbc     libucrtd:log_special.obj
 0004:00002bc8       $pdata$_call_matherr       0000000180052bc8     libucrtd:libm_error.obj
 0004:00002bd4       $pdata$_exception_enabled  0000000180052bd4     libucrtd:libm_error.obj
 0004:00002be0       $pdata$_handle_nan         0000000180052be0     libucrtd:libm_error.obj
 0004:00002bec       $pdata$_handle_error       0000000180052bec     libucrtd:libm_error.obj
 0004:00002bf8       $pdata$_clearfp            0000000180052bf8     libucrtd:ieee.obj
 0004:00002c04       $pdata$_abstract_sw        0000000180052c04     libucrtd:ieee.obj
 0004:00002c10       $pdata$_close              0000000180052c10     libucrtd:close.obj
 0004:00002c1c       $pdata$_close_nolock       0000000180052c1c     libucrtd:close.obj
 0004:00002c28       $pdata$?close_os_handle_nolock@@YAKH@Z 0000000180052c28     libucrtd:close.obj
 0004:00002c34       $pdata$??R<lambda_4e7105787b7b0e0227fbf2b2d883fa65>@@QEBAHXZ 0000000180052c34     libucrtd:close.obj
 0004:00002c40       $pdata$??$__acrt_lowio_lock_fh_and_call@V<lambda_4e7105787b7b0e0227fbf2b2d883fa65>@@@@YAHH$$QEAV<lambda_4e7105787b7b0e0227fbf2b2d883fa65>@@@Z 0000000180052c40     libucrtd:close.obj
 0004:00002c4c       $pdata$??$?RV<lambda_53fc7fc888e23d815d7080162c0aeeb2>@@AEAV<lambda_4e7105787b7b0e0227fbf2b2d883fa65>@@V<lambda_8ddc48ad9d26c778cb15812d1d88fc8a>@@@?$__crt_seh_guarded_call@H@@QEAAH$$QEAV<lambda_53fc7fc888e23d815d7080162c0aeeb2>@@AEAV<lambda_4e7105787b7b0e0227fbf2b2d883fa65>@@$$QEAV<lambda_8ddc48ad9d26c778cb15812d1d88fc8a>@@@Z 0000000180052c4c     libucrtd:close.obj
 0004:00002c58       $pdata$?__acrt_stdio_free_stream@@YAXV__crt_stdio_stream@@@Z 0000000180052c58     libucrtd:stream.obj
 0004:00002c64       $pdata$?__c16rtomb_utf8@__crt_mbstring@@YA_KPEAD_SPEAU_Mbstatet@@@Z 0000000180052c64     libucrtd:c16rtomb.obj
 0004:00002c70       $pdata$?store_first_surrogate@?A0xc60ee810@@YAX_SPEAU_Mbstatet@@@Z 0000000180052c70     libucrtd:c16rtomb.obj
 0004:00002c7c       $pdata$?has_surrogate@?A0xc60ee810@@YA_NPEAU_Mbstatet@@@Z 0000000180052c7c     libucrtd:c16rtomb.obj
 0004:00002c88       $pdata$?is_first_surrogate@?A0xc60ee810@@YA_N_S@Z 0000000180052c88     libucrtd:c16rtomb.obj
 0004:00002c94       $pdata$?is_second_surrogate@?A0xc60ee810@@YA_N_S@Z 0000000180052c94     libucrtd:c16rtomb.obj
 0004:00002ca0       $pdata$__dcrt_lowio_ensure_console_output_initialized 0000000180052ca0     libucrtd:initcon.obj
 0004:00002cac       $pdata$__dcrt_write_console 0000000180052cac     libucrtd:initcon.obj
 0004:00002cb8       $pdata$__dcrt_terminate_console_output 0000000180052cb8     libucrtd:initcon.obj
 0004:00002cc4       $pdata$_set_errno_from_matherr 0000000180052cc4     libucrtd:fpexcept.obj
 0004:00002cd0       $pdata$_raise_exc          0000000180052cd0     libucrtd:fpexcept.obj
 0004:00002cdc       $pdata$_raise_exc_ex       0000000180052cdc     libucrtd:fpexcept.obj
 0004:00002ce8       $pdata$_clrfp              0000000180052ce8     libucrtd:fpctrl.obj
 0004:00002cf4       $pdata$_ctrlfp             0000000180052cf4     libucrtd:fpctrl.obj
 0004:00002d00       $pdata$_ctrlfp$filt$0      0000000180052d00     libucrtd:fpctrl.obj
 0004:00002d0c       $pdata$_statfp             0000000180052d0c     libucrtd:fpctrl.obj
 0004:00002d18       $pdata$_set_statfp         0000000180052d18     libucrtd:fpctrl.obj
 0004:00002d30       $pdata$_ValidateImageBase  0000000180052d30     LIBCMTD:pesect.obj
 0004:00002d3c       $pdata$_FindPESection      0000000180052d3c     LIBCMTD:pesect.obj
 0004:00002d48       $pdata$_IsNonwritableInCurrentImage 0000000180052d48     LIBCMTD:pesect.obj
 0004:00002d54       $pdata$_IsNonwritableInCurrentImage$filt$0 0000000180052d54     LIBCMTD:pesect.obj
 0004:00002d60       $pdata$??_Gtype_info@@UEAAPEAXI@Z 0000000180052d60     LIBCMTD:std_type_info_static.obj
 0004:00002d6c       $pdata$??3@YAXPEAX_K@Z     0000000180052d6c     LIBCMTD:delete_scalar_size.obj
 0004:00002d78       $pdata$__GSHandlerCheck_SEH 0000000180052d78     LIBCMTD:gshandlerseh.obj
 0004:00002d90       $pdata$__GSHandlerCheck_EH 0000000180052d90     LIBCMTD:gshandlereh.obj
 0004:00002d9c       $pdata$??3@YAXPEAX@Z       0000000180052d9c     LIBCMTD:delete_scalar.obj
 0004:00002db4       $pdata$strrchr             0000000180052db4     libvcruntimed:strrchr.obj
 0005:00000000       MoveSmall                  0000000180053000     libvcruntimed:memcpy.obj
 0005:00000050       MsetTab                    0000000180053050     libvcruntimed:memset.obj
