 handmade

 Timestamp is 5e9e2656 (Mon Apr 20 16:46:46 2020)

 Preferred load address is 0000000180000000

 Start         Length     Name                   Class
 0001:00000000 00036da0H .text$mn                CODE
 0001:00036da0 00000020H .text$mn$00             CODE
 0001:00036dc0 0000067dH .text$x                 CODE
 0002:00000000 00000248H .idata$5                DATA
 0002:00000248 00000010H .00cfg                  DATA
 0002:00000258 00000008H .CRT$XCA                DATA
 0002:00000260 00000008H .CRT$XCZ                DATA
 0002:00000268 00000008H .CRT$XIA                DATA
 0002:00000270 00000018H .CRT$XIC                DATA
 0002:00000288 00000008H .CRT$XIZ                DATA
 0002:00000290 00000008H .CRT$XPA                DATA
 0002:00000298 00000010H .CRT$XPX                DATA
 0002:000002a8 00000008H .CRT$XPXA               DATA
 0002:000002b0 00000008H .CRT$XPZ                DATA
 0002:000002b8 00000008H .CRT$XTA                DATA
 0002:000002c0 00000010H .CRT$XTZ                DATA
 0002:000002c8 00000000H .gfids$y                DATA
 0002:000002d0 00010278H .rdata                  DATA
 0002:00010548 0000016cH .rdata$r                DATA
 0002:000106b4 000002f4H .rdata$zzzdbg           DATA
 0002:000109a8 00000008H .rtc$IAA                DATA
 0002:000109b0 00000008H .rtc$IZZ                DATA
 0002:000109b8 00000008H .rtc$TAA                DATA
 0002:000109c0 00000010H .rtc$TZZ                DATA
 0002:000109d0 00001078H .xdata                  DATA
 0002:00011a48 00000088H .xdata$x                DATA
 0002:00011ad0 00000074H .edata                  DATA
 0002:00011b44 00000014H .idata$2                DATA
 0002:00011b58 00000018H .idata$3                DATA
 0002:00011b70 00000248H .idata$4                DATA
 0002:00011db8 00000554H .idata$6                DATA
 0003:00000000 00000a30H .data                   DATA
 0003:00000a30 00000070H .data$r                 DATA
 0003:00000aa0 00001868H .bss                    DATA
 0004:00000000 00002d18H .pdata                  DATA
 0005:00000000 00000094H _RDATA                  DATA

  Address         Publics by Value              Rva+Base               Lib:Object

 0000:00000000       __guard_longjmp_count      0000000000000000     <absolute>
 0000:00000000       __guard_fids_count         0000000000000000     <absolute>
 0000:00000000       __hybrid_code_map_count    0000000000000000     <absolute>
 0000:00000000       __guard_iat_table          0000000000000000     <absolute>
 0000:00000000       __hybrid_code_map          0000000000000000     <absolute>
 0000:00000000       __guard_iat_count          0000000000000000     <absolute>
 0000:00000000       __volatile_metadata        0000000000000000     <absolute>
 0000:00000000       __guard_longjmp_table      0000000000000000     <absolute>
 0000:00000000       __enclave_config           0000000000000000     <absolute>
 0000:00000000       __AbsoluteZero             0000000000000000     <absolute>
 0000:00000000       ___safe_se_handler_count   0000000000000000     <absolute>
 0000:00000000       ___safe_se_handler_table   0000000000000000     <absolute>
 0000:00000000       __guard_fids_table         0000000000000000     <absolute>
 0000:00000000       __hybrid_auxiliary_iat     0000000000000000     <absolute>
 0000:00000000       __dynamic_value_reloc_table 0000000000000000     <absolute>
 0000:00000100       __guard_flags              0000000000000100     <absolute>
 0000:00000000       __ImageBase                0000000180000000     <linker-defined>
 0001:00000310       GameUpdateAndRender        0000000180001310 f   handmade.obj
 0001:00000e00       GameGetSoundSamples        0000000180001e00 f   handmade.obj
 0001:00000e40       ?GetController@@YAPEAUgame_controller_input@@PEAUgame_input@@H@Z 0000000180001e40 f i handmade.obj
 0001:00000e90       __GSHandlerCheck           0000000180001e90 f   LIBCMTD:gshandler.obj
 0001:00000ed0       __GSHandlerCheckCommon     0000000180001ed0 f   LIBCMTD:gshandler.obj
 0001:00000fe0       __security_check_cookie    0000000180001fe0 f   LIBCMTD:amdsecgs.obj
 0001:00001410       _DllMainCRTStartup         0000000180002410 f   LIBCMTD:dll_dllmain.obj
 0001:00001450       __raise_securityfailure    0000000180002450 f   LIBCMTD:gs_report.obj
 0001:00001490       __report_gsfailure         0000000180002490 f   LIBCMTD:gs_report.obj
 0001:00001570       __report_rangecheckfailure 0000000180002570 f   LIBCMTD:gs_report.obj
 0001:00001590       __report_securityfailure   0000000180002590 f   LIBCMTD:gs_report.obj
 0001:00001850       __security_init_cookie     0000000180002850 f   LIBCMTD:gs_support.obj
 0001:000018d0       DllMain                    00000001800028d0 f   LIBCMTD:dll_dllmain_stub.obj
 0001:000018f0       ?__scrt_initialize_type_info@@YAXXZ 00000001800028f0 f   LIBCMTD:tncleanup.obj
 0001:00001910       ?__scrt_uninitialize_type_info@@YAXXZ 0000000180002910 f   LIBCMTD:tncleanup.obj
 0001:00001930       __local_stdio_printf_options 0000000180002930 f i LIBCMTD:default_local_stdio_options.obj
 0001:00001940       __local_stdio_scanf_options 0000000180002940 f i LIBCMTD:default_local_stdio_options.obj
 0001:00001950       __scrt_initialize_default_local_stdio_options 0000000180002950 f   LIBCMTD:default_local_stdio_options.obj
 0001:000019a0       ?configure_argv@__scrt_narrow_argv_policy@@SAHXZ 00000001800029a0 f i LIBCMTD:utility.obj
 0001:00001a90       ?initialize_environment@__scrt_narrow_environment_policy@@SAHXZ 0000000180002a90 f i LIBCMTD:utility.obj
 0001:00001b30       NtCurrentTeb               0000000180002b30 f i LIBCMTD:utility.obj
 0001:00001b40       __scrt_acquire_startup_lock 0000000180002b40 f   LIBCMTD:utility.obj
 0001:00001bb0       __scrt_dllmain_after_initialize_c 0000000180002bb0 f   LIBCMTD:utility.obj
 0001:00001be0       __scrt_dllmain_before_initialize_c 0000000180002be0 f   LIBCMTD:utility.obj
 0001:00001c00       __scrt_dllmain_crt_thread_attach 0000000180002c00 f   LIBCMTD:utility.obj
 0001:00001c30       __scrt_dllmain_crt_thread_detach 0000000180002c30 f   LIBCMTD:utility.obj
 0001:00001c50       __scrt_dllmain_exception_filter 0000000180002c50 f   LIBCMTD:utility.obj
 0001:00001cc0       __scrt_dllmain_uninitialize_c 0000000180002cc0 f   LIBCMTD:utility.obj
 0001:00001cf0       __scrt_dllmain_uninitialize_critical 0000000180002cf0 f   LIBCMTD:utility.obj
 0001:00001d10       __scrt_initialize_crt      0000000180002d10 f   LIBCMTD:utility.obj
 0001:00001d60       __scrt_initialize_onexit_tables 0000000180002d60 f   LIBCMTD:utility.obj
 0001:00001e70       __scrt_is_nonwritable_in_current_image 0000000180002e70 f   LIBCMTD:utility.obj
 0001:00001f00       __scrt_release_startup_lock 0000000180002f00 f   LIBCMTD:utility.obj
 0001:00001f30       __scrt_uninitialize_crt    0000000180002f30 f   LIBCMTD:utility.obj
 0001:00001f70       __scrt_get_dyn_tls_init_callback 0000000180002f70 f   LIBCMTD:dyn_tls_init.obj
 0001:00001f80       __crt_debugger_hook        0000000180002f80 f   LIBCMTD:utility_desktop.obj
 0001:00001f90       __scrt_fastfail            0000000180002f90 f   LIBCMTD:utility_desktop.obj
 0001:00002130       _RTC_Initialize            0000000180003130 f   LIBCMTD:initsect.obj
 0001:00002180       _RTC_Terminate             0000000180003180 f   LIBCMTD:initsect.obj
 0001:000021d0       ??1?$__crt_simd_cleanup_guard@$0A@@@QEAA@XZ 00000001800031d0 f i libucrtd:strnlen.obj
 0001:000021d0       ??1scoped_global_state_reset@__crt_state_management@@QEAA@XZ 00000001800031d0 f i libucrtd:onexit.obj
 0001:000021d0       _guard_check_icall_nop     00000001800031d0 f i LIBCMTD:guard_support.obj
 0001:000021e0       ReadNoFence64              00000001800031e0 f i LIBCMTD:guard_support.obj
 0001:000021e0       ?__crt_interlocked_read_64@@YA_JPED_J@Z 00000001800031e0 f i libvcruntimed:std_type_info.obj
 0001:00002200       ??$__crt_interlocked_read_pointer@X@@YAPEAXPEDSEAX@Z 0000000180003200 f i libvcruntimed:winapi_downlevel.obj
 0001:00002200       ??$__crt_interlocked_read_pointer@UHINSTANCE__@@@@YAPEAUHINSTANCE__@@PEDSEAU0@@Z 0000000180003200 f i libvcruntimed:winapi_downlevel.obj
 0001:00002200       ReadPointerNoFence         0000000180003200 f i LIBCMTD:guard_support.obj
 0001:00002220       _guard_icall_checks_enforced 0000000180003220 f i LIBCMTD:guard_support.obj
 0001:00002260       __isa_available_init       0000000180003260 f   LIBCMTD:cpu_disp.obj
 0001:000025e0       _get_startup_argv_mode     00000001800035e0 f   LIBCMTD:argv_mode.obj
 0001:000025f0       __scrt_is_ucrt_dll_in_use  00000001800035f0 f   LIBCMTD:ucrt_detection.obj
 0001:00002620       IsProcessorFeaturePresent  0000000180003620 f   kernel32:KERNEL32.dll
 0001:00002630       __C_specific_handler       0000000180003630 f   libvcruntimed:riscchandler.obj
 0001:00002aa0       ??$?RU__crt_multibyte_data@@@__crt_internal_free_policy@@QEBAXQEBU__crt_multibyte_data@@@Z 0000000180003aa0 f i libucrtd:mbctype.obj
 0001:00002aa0       ??$?RU__vcrt_ptd@@@__crt_internal_free_policy@@QEBAXQEBU__vcrt_ptd@@@Z 0000000180003aa0 f i libvcruntimed:per_thread_data.obj
 0001:00002aa0       ??$?RPEAU__crt_stdio_stream_data@@@__crt_internal_free_policy@@QEBAXQEBQEAU__crt_stdio_stream_data@@@Z 0000000180003aa0 f i libucrtd:_file.obj
 0001:00002aa0       ??$?RU__crt_lowio_handle_data@@@__crt_internal_free_policy@@QEBAXQEBU__crt_lowio_handle_data@@@Z 0000000180003aa0 f i libucrtd:osfinfo.obj
 0001:00002aa0       ??$?RD@__crt_internal_free_policy@@QEBAXQEBD@Z 0000000180003aa0 f i libvcruntimed:std_type_info.obj
 0001:00002aa0       ??$?RU__acrt_ptd@@@__crt_internal_free_policy@@QEBAXQEBU__acrt_ptd@@@Z 0000000180003aa0 f i libucrtd:per_thread_data.obj
 0001:00002aa0       ??$?RPEAD@__crt_internal_free_policy@@QEBAXQEBQEAD@Z 0000000180003aa0 f i libucrtd:argv_parsing.obj
 0001:00002aa0       ??$?RE@__crt_internal_free_policy@@QEBAXQEBE@Z 0000000180003aa0 f i libucrtd:argv_parsing.obj
 0001:00002ad0       ??0?$string_output_adapter@D@__crt_stdio_output@@QEAA@QEAU?$string_output_adapter_context@D@1@@Z 0000000180003ad0 f i libucrtd:output.obj
 0001:00002ad0       ??0?$__crt_scoped_stack_ptr_tag@_W@@QEAA@QEA_W@Z 0000000180003ad0 f i libucrtd:getstringtypea.obj
 0001:00002ad0       ??0?$__crt_scoped_stack_ptr@_W@@QEAA@U?$__crt_scoped_stack_ptr_tag@_W@@@Z 0000000180003ad0 f i libucrtd:getstringtypea.obj
 0001:00002ad0       ??0?$__crt_unique_handle_t@U__crt_findfile_traits@@@@QEAA@QEAX@Z 0000000180003ad0 f i libucrtd:argv_wildcards.obj
 0001:00002ad0       ??0?$__crt_unique_heap_ptr@EU__crt_internal_free_policy@@@@QEAA@QEAE@Z 0000000180003ad0 f i libucrtd:argv_parsing.obj
 0001:00002ad0       ??0?$__crt_unique_heap_ptr@U__vcrt_ptd@@U__crt_internal_free_policy@@@@QEAA@QEAU__vcrt_ptd@@@Z 0000000180003ad0 f i libvcruntimed:per_thread_data.obj
 0001:00002ad0       ??0?$__crt_unique_heap_ptr@DU__crt_internal_free_policy@@@@QEAA@QEAD@Z 0000000180003ad0 f i libvcruntimed:std_type_info.obj
 0001:00002ad0       ??0?$__crt_unique_heap_ptr@U__crt_multibyte_data@@U__crt_internal_free_policy@@@@QEAA@QEAU__crt_multibyte_data@@@Z 0000000180003ad0 f i libucrtd:mbctype.obj
 0001:00002ad0       ??0__crt_stdio_stream@@QEAA@QEAU__crt_stdio_stream_data@@@Z 0000000180003ad0 f i libucrtd:fflush.obj
 0001:00002ad0       ??0?$__crt_unique_heap_ptr@PEAU__crt_stdio_stream_data@@U__crt_internal_free_policy@@@@QEAA@QEAPEAU__crt_stdio_stream_data@@@Z 0000000180003ad0 f i libucrtd:_file.obj
 0001:00002ad0       ??0__crt_stdio_stream@@QEAA@QEAU_iobuf@@@Z 0000000180003ad0 f i libucrtd:output.obj
 0001:00002ad0       ??0?$__crt_unique_heap_ptr@DU__crt_public_free_policy@@@@QEAA@QEAD@Z 0000000180003ad0 f i libvcruntimed:std_exception.obj
 0001:00002ad0       ??0?$__crt_unique_heap_ptr@U__crt_lowio_handle_data@@U__crt_internal_free_policy@@@@QEAA@QEAU__crt_lowio_handle_data@@@Z 0000000180003ad0 f i libucrtd:osfinfo.obj
 0001:00002ad0       ??0?$__crt_unique_heap_ptr@PEADU__crt_internal_free_policy@@@@QEAA@QEAPEAD@Z 0000000180003ad0 f i libucrtd:argv_parsing.obj
 0001:00002ad0       ??0?$__crt_unique_handle_t@U__crt_hmodule_traits@@@@QEAA@QEAUHINSTANCE__@@@Z 0000000180003ad0 f i libucrtd:exit.obj
 0001:00002ad0       ??0?$string_output_adapter@_W@__crt_stdio_output@@QEAA@QEAU?$string_output_adapter_context@_W@1@@Z 0000000180003ad0 f i libucrtd:output.obj
 0001:00002ad0       ??0?$__crt_unique_heap_ptr@U__acrt_ptd@@U__crt_internal_free_policy@@@@QEAA@QEAU__acrt_ptd@@@Z 0000000180003ad0 f i libucrtd:per_thread_data.obj
 0001:00002af0       ??1?$__crt_unique_heap_ptr@U__crt_lowio_handle_data@@U__crt_internal_free_policy@@@@QEAA@XZ 0000000180003af0 f i libucrtd:osfinfo.obj
 0001:00002af0       ??1?$__crt_unique_heap_ptr@U__vcrt_ptd@@U__crt_internal_free_policy@@@@QEAA@XZ 0000000180003af0 f i libvcruntimed:per_thread_data.obj
 0001:00002af0       ??1?$__crt_unique_heap_ptr@PEAU__crt_stdio_stream_data@@U__crt_internal_free_policy@@@@QEAA@XZ 0000000180003af0 f i libucrtd:_file.obj
 0001:00002af0       ??1?$__crt_unique_heap_ptr@EU__crt_internal_free_policy@@@@QEAA@XZ 0000000180003af0 f i libucrtd:argv_parsing.obj
 0001:00002af0       ??1?$__crt_unique_heap_ptr@U__acrt_ptd@@U__crt_internal_free_policy@@@@QEAA@XZ 0000000180003af0 f i libucrtd:per_thread_data.obj
 0001:00002af0       ??1?$__crt_unique_heap_ptr@DU__crt_internal_free_policy@@@@QEAA@XZ 0000000180003af0 f i libvcruntimed:std_type_info.obj
 0001:00002af0       ??1?$__crt_unique_heap_ptr@PEADU__crt_internal_free_policy@@@@QEAA@XZ 0000000180003af0 f i libucrtd:argv_parsing.obj
 0001:00002af0       ??1?$__crt_unique_heap_ptr@U__crt_multibyte_data@@U__crt_internal_free_policy@@@@QEAA@XZ 0000000180003af0 f i libucrtd:mbctype.obj
 0001:00002b10       ??B?$__crt_unique_heap_ptr@DU__crt_internal_free_policy@@@@QEBA_NXZ 0000000180003b10 f i libvcruntimed:std_type_info.obj
 0001:00002b10       ??B?$__crt_unique_heap_ptr@EU__crt_internal_free_policy@@@@QEBA_NXZ 0000000180003b10 f i libucrtd:argv_parsing.obj
 0001:00002b10       ??B?$__crt_unique_heap_ptr@U__crt_lowio_handle_data@@U__crt_internal_free_policy@@@@QEBA_NXZ 0000000180003b10 f i libucrtd:osfinfo.obj
 0001:00002b10       ??B?$__crt_unique_heap_ptr@U__acrt_ptd@@U__crt_internal_free_policy@@@@QEBA_NXZ 0000000180003b10 f i libucrtd:per_thread_data.obj
 0001:00002b10       ??B?$__crt_unique_heap_ptr@U__crt_multibyte_data@@U__crt_internal_free_policy@@@@QEBA_NXZ 0000000180003b10 f i libucrtd:mbctype.obj
 0001:00002b10       ??B?$__crt_unique_heap_ptr@U__vcrt_ptd@@U__crt_internal_free_policy@@@@QEBA_NXZ 0000000180003b10 f i libvcruntimed:per_thread_data.obj
 0001:00002b10       ??B?$__crt_unique_heap_ptr@DU__crt_public_free_policy@@@@QEBA_NXZ 0000000180003b10 f i libvcruntimed:std_exception.obj
 0001:00002b30       ?get@?$__crt_unique_handle_t@U__crt_hmodule_traits@@@@QEBAPEAUHINSTANCE__@@XZ 0000000180003b30 f i libucrtd:exit.obj
 0001:00002b30       ?get@?$__crt_scoped_stack_ptr@_W@@QEBAPEA_WXZ 0000000180003b30 f i libucrtd:getstringtypea.obj
 0001:00002b30       ?get@?$__crt_unique_heap_ptr@U__vcrt_ptd@@U__crt_internal_free_policy@@@@QEBAPEAU__vcrt_ptd@@XZ 0000000180003b30 f i libvcruntimed:per_thread_data.obj
 0001:00002b30       ?get@?$__crt_unique_heap_ptr@PEADU__crt_internal_free_policy@@@@QEBAPEAPEADXZ 0000000180003b30 f i libucrtd:argv_parsing.obj
 0001:00002b30       ?public_stream@__crt_stdio_stream@@QEBAPEAU_iobuf@@XZ 0000000180003b30 f i libucrtd:output.obj
 0001:00002b30       ?save_state@?$c_string_character_source@D@__crt_strtox@@QEBAPEBDXZ 0000000180003b30 f i libucrtd:atox.obj
 0001:00002b30       ?get@?$__crt_unique_heap_ptr@DU__crt_internal_free_policy@@@@QEBAPEADXZ 0000000180003b30 f i libvcruntimed:std_type_info.obj
 0001:00002b30       ?get@?$__crt_unique_heap_ptr@DU__crt_public_free_policy@@@@QEBAPEADXZ 0000000180003b30 f i libvcruntimed:std_exception.obj
 0001:00002b30       ?get@?$__crt_unique_handle_t@U__crt_findfile_traits@@@@QEBAPEAXXZ 0000000180003b30 f i libucrtd:argv_wildcards.obj
 0001:00002b30       ?get@?$__crt_unique_heap_ptr@EU__crt_internal_free_policy@@@@QEBAPEAEXZ 0000000180003b30 f i libucrtd:argv_parsing.obj
 0001:00002b30       ??C__crt_stdio_stream@@QEBAPEAU__crt_stdio_stream_data@@XZ 0000000180003b30 f i libucrtd:output.obj
 0001:00002b30       ?get@?$__crt_unique_heap_ptr@U__crt_multibyte_data@@U__crt_internal_free_policy@@@@QEBAPEAU__crt_multibyte_data@@XZ 0000000180003b30 f i libucrtd:mbctype.obj
 0001:00002b30       ?get@?$__crt_unique_heap_ptr@U__crt_lowio_handle_data@@U__crt_internal_free_policy@@@@QEBAPEAU__crt_lowio_handle_data@@XZ 0000000180003b30 f i libucrtd:osfinfo.obj
 0001:00002b30       ?get@?$__crt_unique_heap_ptr@U__acrt_ptd@@U__crt_internal_free_policy@@@@QEBAPEAU__acrt_ptd@@XZ 0000000180003b30 f i libucrtd:per_thread_data.obj
 0001:00002b30       ?save_state@?$c_string_character_source@_W@__crt_strtox@@QEBAPEB_WXZ 0000000180003b30 f i libucrtd:atox.obj
 0001:00002b40       ??B?$__crt_scoped_stack_ptr@_W@@QEBA_NXZ 0000000180003b40 f i libucrtd:lcmapstringa.obj
 0001:00002b40       ?is_valid@?$__crt_unique_heap_ptr@EU__crt_internal_free_policy@@@@QEBA_NXZ 0000000180003b40 f i libucrtd:argv_parsing.obj
 0001:00002b40       ?valid@__crt_stdio_stream@@QEBA_NXZ 0000000180003b40 f i libucrtd:output.obj
 0001:00002b40       ?is_valid@?$__crt_unique_heap_ptr@DU__crt_internal_free_policy@@@@QEBA_NXZ 0000000180003b40 f i libvcruntimed:std_type_info.obj
 0001:00002b40       ?is_valid@?$__crt_unique_heap_ptr@U__crt_multibyte_data@@U__crt_internal_free_policy@@@@QEBA_NXZ 0000000180003b40 f i libucrtd:mbctype.obj
 0001:00002b40       ?is_valid@?$__crt_unique_heap_ptr@U__acrt_ptd@@U__crt_internal_free_policy@@@@QEBA_NXZ 0000000180003b40 f i libucrtd:per_thread_data.obj
 0001:00002b40       ?is_valid@?$__crt_unique_heap_ptr@DU__crt_public_free_policy@@@@QEBA_NXZ 0000000180003b40 f i libvcruntimed:std_exception.obj
 0001:00002b40       ?is_valid@?$__crt_unique_heap_ptr@U__crt_lowio_handle_data@@U__crt_internal_free_policy@@@@QEBA_NXZ 0000000180003b40 f i libucrtd:osfinfo.obj
 0001:00002b40       ?is_valid@?$__crt_unique_heap_ptr@U__vcrt_ptd@@U__crt_internal_free_policy@@@@QEBA_NXZ 0000000180003b40 f i libvcruntimed:per_thread_data.obj
 0001:00002b70       ?release@?$__crt_unique_heap_ptr@U__crt_lowio_handle_data@@U__crt_internal_free_policy@@@@QEAAXXZ 0000000180003b70 f i libucrtd:osfinfo.obj
 0001:00002b70       ?release@?$__crt_unique_heap_ptr@PEAU__crt_stdio_stream_data@@U__crt_internal_free_policy@@@@QEAAXXZ 0000000180003b70 f i libucrtd:_file.obj
 0001:00002b70       ?release@?$__crt_unique_heap_ptr@DU__crt_internal_free_policy@@@@QEAAXXZ 0000000180003b70 f i libvcruntimed:std_type_info.obj
 0001:00002b70       ?release@?$__crt_unique_heap_ptr@U__vcrt_ptd@@U__crt_internal_free_policy@@@@QEAAXXZ 0000000180003b70 f i libvcruntimed:per_thread_data.obj
 0001:00002b70       ?release@?$__crt_unique_heap_ptr@PEADU__crt_internal_free_policy@@@@QEAAXXZ 0000000180003b70 f i libucrtd:argv_parsing.obj
 0001:00002b70       ?release@?$__crt_unique_heap_ptr@U__crt_multibyte_data@@U__crt_internal_free_policy@@@@QEAAXXZ 0000000180003b70 f i libucrtd:mbctype.obj
 0001:00002b70       ?release@?$__crt_unique_heap_ptr@U__acrt_ptd@@U__crt_internal_free_policy@@@@QEAAXXZ 0000000180003b70 f i libucrtd:per_thread_data.obj
 0001:00002b70       ?release@?$__crt_unique_heap_ptr@EU__crt_internal_free_policy@@@@QEAAXXZ 0000000180003b70 f i libucrtd:argv_parsing.obj
 0001:00002ba0       __std_type_info_compare    0000000180003ba0 f   libvcruntimed:std_type_info.obj
 0001:00002be0       __std_type_info_destroy_list 0000000180003be0 f   libvcruntimed:std_type_info.obj
 0001:00002c40       __vcrt_initialize          0000000180003c40 f   libvcruntimed:initialization.obj
 0001:00002c80       __vcrt_thread_attach       0000000180003c80 f   libvcruntimed:initialization.obj
 0001:00002ca0       __vcrt_thread_detach       0000000180003ca0 f   libvcruntimed:initialization.obj
 0001:00002cc0       __vcrt_uninitialize        0000000180003cc0 f   libvcruntimed:initialization.obj
 0001:00002ce0       __vcrt_uninitialize_critical 0000000180003ce0 f   libvcruntimed:initialization.obj
 0001:00002d00       __DestructExceptionObject  0000000180003d00 f   libvcruntimed:ehhelpers.obj
 0001:00002e00       ?_CallMemberFunction0@@YAXQEAX0@Z 0000000180003e00 f i libvcruntimed:ehhelpers.obj
 0001:00002ed0       _IsExceptionObjectToBeDestroyed 0000000180003ed0 f   libvcruntimed:ehhelpers.obj
 0001:00002f20       __AdjustPointer            0000000180003f20 f   libvcruntimed:ehhelpers.obj
 0001:00002fa0       __FrameUnwindFilter        0000000180003fa0 f   libvcruntimed:ehhelpers.obj
 0001:00003060       _NLG_Notify                0000000180004060 f   libvcruntimed:notify.obj
 0001:00003080       __NLG_Dispatch2            0000000180004080 f   libvcruntimed:notify.obj
 0001:00003090       __NLG_Return2              0000000180004090 f   libvcruntimed:notify.obj
 0001:000030a0       __except_validate_context_record 00000001800040a0 f   libvcruntimed:jbcxrval.obj
 0001:00003100       _vsprintf_s_l              0000000180004100 f i libvcruntimed:undname.obj
 0001:00003170       sprintf_s                  0000000180004170 f i libvcruntimed:undname.obj
 0001:00003210       ?detach@?$__crt_unique_heap_ptr@U__crt_lowio_handle_data@@U__crt_internal_free_policy@@@@QEAAPEAU__crt_lowio_handle_data@@XZ 0000000180004210 f i libucrtd:osfinfo.obj
 0001:00003210       ?detach@?$__crt_unique_heap_ptr@PEAU__crt_stdio_stream_data@@U__crt_internal_free_policy@@@@QEAAPEAPEAU__crt_stdio_stream_data@@XZ 0000000180004210 f i libucrtd:_file.obj
 0001:00003210       ?detach@?$__crt_unique_heap_ptr@U__vcrt_ptd@@U__crt_internal_free_policy@@@@QEAAPEAU__vcrt_ptd@@XZ 0000000180004210 f i libvcruntimed:per_thread_data.obj
 0001:00003210       ?detach@?$__crt_unique_heap_ptr@PEADU__crt_internal_free_policy@@@@QEAAPEAPEADXZ 0000000180004210 f i libucrtd:argv_parsing.obj
 0001:00003210       ?detach@?$__crt_unique_heap_ptr@U__acrt_ptd@@U__crt_internal_free_policy@@@@QEAAPEAU__acrt_ptd@@XZ 0000000180004210 f i libucrtd:per_thread_data.obj
 0001:00003210       ?detach@?$__crt_unique_heap_ptr@EU__crt_internal_free_policy@@@@QEAAPEAEXZ 0000000180004210 f i libucrtd:argv_parsing.obj
 0001:00003210       ?detach@?$__crt_unique_heap_ptr@U__crt_multibyte_data@@U__crt_internal_free_policy@@@@QEAAPEAU__crt_multibyte_data@@XZ 0000000180004210 f i libucrtd:mbctype.obj
 0001:00003210       ?detach@?$__crt_unique_heap_ptr@DU__crt_public_free_policy@@@@QEAAPEADXZ 0000000180004210 f i libvcruntimed:std_exception.obj
 0001:00003280       __vcrt_freefls             0000000180004280 f   libvcruntimed:per_thread_data.obj
 0001:000032c0       __vcrt_freeptd             00000001800042c0 f   libvcruntimed:per_thread_data.obj
 0001:00003320       __vcrt_getptd              0000000180004320 f   libvcruntimed:per_thread_data.obj
 0001:00003350       __vcrt_getptd_noexit       0000000180004350 f   libvcruntimed:per_thread_data.obj
 0001:000034f0       __vcrt_initialize_ptd      00000001800044f0 f   libvcruntimed:per_thread_data.obj
 0001:00003540       __vcrt_uninitialize_ptd    0000000180004540 f   libvcruntimed:per_thread_data.obj
 0001:00003570       __vcrt_initialize_locks    0000000180004570 f   libvcruntimed:locks.obj
 0001:000035e0       __vcrt_uninitialize_locks  00000001800045e0 f   libvcruntimed:locks.obj
 0001:00003650       memcpy_repmovs             0000000180004650 f   libvcruntimed:memcpy.obj
 0001:00003670       memcpy                     0000000180004670 f   libvcruntimed:memcpy.obj
 0001:00003670       memmove                    0000000180004670 f   libvcruntimed:memcpy.obj
 0001:00003a50       ??$?0AEAViterator@TryBlockMap@__FrameHandler3@@AEAV012@$0A@@?$pair@Viterator@TryBlockMap@__FrameHandler3@@V123@@std@@QEAA@AEAViterator@TryBlockMap@__FrameHandler3@@0@Z 0000000180004a50 f i libvcruntimed:risctrnsctrl.obj
 0001:00003b60       ??$_CallSETranslator@V__FrameHandler3@@@@YAHPEAUEHExceptionRecord@@PEA_KPEAU_CONTEXT@@PEAU_xDISPATCHER_CONTEXT@@PEBU_s_FuncInfo@@K1@Z 0000000180004b60 f i libvcruntimed:risctrnsctrl.obj
 0001:00003bf0       ?get_address_of@?$__crt_unique_heap_ptr@PEADU__crt_internal_free_policy@@@@QEAAPEAPEAPEADXZ 0000000180004bf0 f i libucrtd:argv_parsing.obj
 0001:00003bf0       ?dangerous_get_state_array@?$dual_state_global@PEAU__crt_multibyte_data@@@__crt_state_management@@QEAAPEAPEAU__crt_multibyte_data@@XZ 0000000180004bf0 f i libucrtd:mbctype.obj
 0001:00003bf0       ?dangerous_get_state_array@?$dual_state_global@PEAE@__crt_state_management@@QEAAPEAPEAEXZ 0000000180004bf0 f i libucrtd:mbctype.obj
 0001:00003bf0       ?get_address_of@?$__crt_unique_handle_t@U__crt_hmodule_traits@@@@QEAAPEAPEAUHINSTANCE__@@XZ 0000000180004bf0 f i libucrtd:exit.obj
 0001:00003bf0       ?debug_info@?$__crt_win32_buffer@DU__crt_win32_buffer_internal_dynamic_resizing@@@@QEBAAEBV__crt_win32_buffer_empty_debug_info@@XZ 0000000180004bf0 f i libucrtd:argv_wildcards.obj
 0001:00003bf0       ?dangerous_get_state_array@?$dual_state_global@P6AXPEB_W00I_K@Z@__crt_state_management@@QEAAPEAP6AXPEB_W00I_K@ZXZ 0000000180004bf0 f i libucrtd:invalid_parameter.obj
 0001:00003bf0       ??$forward@AEAViterator@TryBlockMap@__FrameHandler3@@@std@@YAAEAViterator@TryBlockMap@__FrameHandler3@@AEAV123@@Z 0000000180004bf0 f i libvcruntimed:risctrnsctrl.obj
 0001:00003bf0       ?debug_info@?$__crt_win32_buffer@_WU__crt_win32_buffer_internal_dynamic_resizing@@@@QEBAAEBV__crt_win32_buffer_empty_debug_info@@XZ 0000000180004bf0 f i libucrtd:argv_wildcards.obj
 0001:00003bf0       ?dangerous_get_state_array@?$dual_state_global@PEAU__crt_locale_data@@@__crt_state_management@@QEAAPEAPEAU__crt_locale_data@@XZ 0000000180004bf0 f i libucrtd:per_thread_data.obj
 0001:00003bf0       ?debug_info@?$__crt_win32_buffer@DU__crt_win32_buffer_no_resizing@@@@QEBAAEBV__crt_win32_buffer_empty_debug_info@@XZ 0000000180004bf0 f i libucrtd:getmodulefilenamea.obj
 0001:00003c00       ??0iterator@TryBlockMap@__FrameHandler3@@QEAA@AEAV12@I@Z 0000000180004c00 f i libvcruntimed:risctrnsctrl.obj
 0001:00003c00       ??0iterator@HandlerMap@__FrameHandler3@@QEAA@AEAV12@I@Z 0000000180004c00 f i libvcruntimed:frame.obj
 0001:00003c30       ?CatchTryBlock@__FrameHandler3@@SAPEBU_s_TryBlockMapEntry@@PEBU_s_FuncInfo@@H@Z 0000000180004c30 f   libvcruntimed:risctrnsctrl.obj
 0001:00003cc0       ?ExecutionInCatch@__FrameHandler3@@SA_NPEAU_xDISPATCHER_CONTEXT@@PEBU_s_FuncInfo@@@Z 0000000180004cc0 f   libvcruntimed:risctrnsctrl.obj
 0001:00003d10       ?FrameUnwindToEmptyState@__FrameHandler3@@SAXPEA_KPEAU_xDISPATCHER_CONTEXT@@PEBU_s_FuncInfo@@@Z 0000000180004d10 f   libvcruntimed:risctrnsctrl.obj
 0001:00003db0       ?GetEstablisherFrame@__FrameHandler3@@SAPEA_KPEA_KPEAU_xDISPATCHER_CONTEXT@@PEBU_s_FuncInfo@@0@Z 0000000180004db0 f   libvcruntimed:risctrnsctrl.obj
 0001:00003f20       ?GetRangeOfTrysToCheck@__FrameHandler3@@SA?AU?$pair@Viterator@TryBlockMap@__FrameHandler3@@V123@@std@@AEAVTryBlockMap@1@HPEAU_xDISPATCHER_CONTEXT@@PEBU_s_FuncInfo@@H@Z 0000000180004f20 f   libvcruntimed:risctrnsctrl.obj
 0001:00004160       ?UnwindNestedFrames@__FrameHandler3@@SAXPEA_KPEAUEHExceptionRecord@@PEAU_CONTEXT@@0PEAXPEBU_s_FuncInfo@@HHPEBU_s_HandlerType@@PEAU_xDISPATCHER_CONTEXT@@E@Z 0000000180005160 f   libvcruntimed:risctrnsctrl.obj
 0001:000042d0       _CreateFrameInfo           00000001800052d0 f   libvcruntimed:risctrnsctrl.obj
 0001:00004340       _FindAndUnlinkFrame        0000000180005340 f   libvcruntimed:risctrnsctrl.obj
 0001:000043c0       _GetImageBase              00000001800053c0 f   libvcruntimed:risctrnsctrl.obj
 0001:000043e0       _GetThrowImageBase         00000001800053e0 f   libvcruntimed:risctrnsctrl.obj
 0001:00004400       _SetImageBase              0000000180005400 f   libvcruntimed:risctrnsctrl.obj
 0001:00004420       _SetThrowImageBase         0000000180005420 f   libvcruntimed:risctrnsctrl.obj
 0001:00004440       __CxxFrameHandler3         0000000180005440 f   libvcruntimed:risctrnsctrl.obj
 0001:00004520       ??$__crt_interlocked_exchange_pointer@UHINSTANCE__@@PEAX@@YAPEAUHINSTANCE__@@PEDSEAU0@QEAX@Z 0000000180005520 f i libvcruntimed:winapi_downlevel.obj
 0001:00004520       ??$__crt_interlocked_exchange_pointer@UHINSTANCE__@@PEAU1@@@YAPEAUHINSTANCE__@@PEDSEAU0@QEAU0@@Z 0000000180005520 f i libvcruntimed:winapi_downlevel.obj
 0001:00004520       ??$__crt_interlocked_exchange_pointer@XPEAX@@YAPEAXPEDSEAXQEAX@Z 0000000180005520 f i libvcruntimed:winapi_downlevel.obj
 0001:00004540       ?get_invalid_value@__crt_findfile_traits@@SAPEAXXZ 0000000180005540 f   libucrtd:argv_wildcards.obj
 0001:00004a30       __vcrt_FlsAlloc            0000000180005a30 f   libvcruntimed:winapi_downlevel.obj
 0001:00004a80       __vcrt_FlsFree             0000000180005a80 f   libvcruntimed:winapi_downlevel.obj
 0001:00004ad0       __vcrt_FlsGetValue         0000000180005ad0 f   libvcruntimed:winapi_downlevel.obj
 0001:00004b20       __vcrt_FlsSetValue         0000000180005b20 f   libvcruntimed:winapi_downlevel.obj
 0001:00004b80       __vcrt_InitializeCriticalSectionEx 0000000180005b80 f   libvcruntimed:winapi_downlevel.obj
 0001:00004bf0       ?GetCurrentState@__FrameHandler3@@SAHPEA_KPEAU_xDISPATCHER_CONTEXT@@PEBU_s_FuncInfo@@@Z 0000000180005bf0 f   libvcruntimed:ehstate.obj
 0001:00004c50       ?GetUnwindTryBlock@__FrameHandler3@@SAHPEA_KPEAU_xDISPATCHER_CONTEXT@@PEBU_s_FuncInfo@@@Z 0000000180005c50 f   libvcruntimed:ehstate.obj
 0001:00004ca0       ?SetState@__FrameHandler3@@SAXPEA_KPEBU_s_FuncInfo@@H@Z 0000000180005ca0 f   libvcruntimed:ehstate.obj
 0001:00004cd0       ?SetUnwindTryBlock@__FrameHandler3@@SAXPEA_KPEAU_xDISPATCHER_CONTEXT@@PEBU_s_FuncInfo@@H@Z 0000000180005cd0 f   libvcruntimed:ehstate.obj
 0001:00004d40       ?StateFromControlPc@__FrameHandler3@@SAHPEBU_s_FuncInfo@@PEAU_xDISPATCHER_CONTEXT@@@Z 0000000180005d40 f   libvcruntimed:ehstate.obj
 0001:00004d80       ?StateFromIp@__FrameHandler3@@SAHPEBU_s_FuncInfo@@PEAU_xDISPATCHER_CONTEXT@@_K@Z 0000000180005d80 f   libvcruntimed:ehstate.obj
 0001:00004e70       ?__RVAtoRealOffset@@YA_KPEAU_xDISPATCHER_CONTEXT@@H@Z 0000000180005e70 f i libvcruntimed:ehstate.obj
 0001:00006040       ??$TypeMatchHelper@V__FrameHandler3@@@@YAHPEBU_s_HandlerType@@PEBU_s_CatchableType@@PEBU_s_ThrowInfo@@@Z 0000000180007040 f i libvcruntimed:frame.obj
 0001:00006240       ??$__InternalCxxFrameHandler@V__FrameHandler3@@@@YA?AW4_EXCEPTION_DISPOSITION@@PEAUEHExceptionRecord@@PEA_KPEAU_CONTEXT@@PEAU_xDISPATCHER_CONTEXT@@PEBU_s_FuncInfo@@H1E@Z 0000000180007240 f i libvcruntimed:frame.obj
 0001:000066b0       ??0HandlerMap@__FrameHandler3@@QEAA@PEBU_s_TryBlockMapEntry@@_KI@Z 00000001800076b0 f i libvcruntimed:frame.obj
 0001:00006700       ??0TryBlockMap@__FrameHandler3@@QEAA@PEBU_s_FuncInfo@@_K@Z 0000000180007700 f i libvcruntimed:frame.obj
 0001:00006730       ??0bad_exception@std@@QEAA@AEBV01@@Z 0000000180007730 f i libvcruntimed:frame.obj
 0001:00006770       ??0bad_exception@std@@QEAA@XZ 0000000180007770 f i libvcruntimed:frame.obj
 0001:000067b0       ??0exception@std@@QEAA@AEBV01@@Z 00000001800077b0 f i libvcruntimed:frame.obj
 0001:00006810       ??0exception@std@@QEAA@QEBDH@Z 0000000180007810 f i libvcruntimed:frame.obj
 0001:00006860       ??1bad_exception@std@@UEAA@XZ 0000000180007860 f i libvcruntimed:frame.obj
 0001:00006880       ??1exception@std@@UEAA@XZ  0000000180007880 f i libvcruntimed:frame.obj
 0001:000068b0       ??8iterator@HandlerMap@__FrameHandler3@@QEBA_NAEBV012@@Z 00000001800078b0 f i libvcruntimed:frame.obj
 0001:000068f0       ??8type_info@@QEBA_NAEBV0@@Z 00000001800078f0 f i libvcruntimed:frame.obj
 0001:00006940       ??9iterator@HandlerMap@__FrameHandler3@@QEBA_NAEBV012@@Z 0000000180007940 f i libvcruntimed:frame.obj
 0001:00006980       ??Diterator@HandlerMap@__FrameHandler3@@QEAA?BU_s_HandlerType@@XZ 0000000180007980 f i libvcruntimed:frame.obj
 0001:000069c0       ??Diterator@TryBlockMap@__FrameHandler3@@QEAA?BU_s_TryBlockMapEntry@@XZ 00000001800079c0 f i libvcruntimed:frame.obj
 0001:00006a10       ??Eiterator@TryBlockMap@__FrameHandler3@@QEAAAEAV012@XZ 0000000180007a10 f i libvcruntimed:frame.obj
 0001:00006a10       ??Eiterator@HandlerMap@__FrameHandler3@@QEAAAEAV012@XZ 0000000180007a10 f i libvcruntimed:frame.obj
 0001:00006a30       ??Miterator@TryBlockMap@__FrameHandler3@@QEBA_NAEBV012@@Z 0000000180007a30 f i libvcruntimed:frame.obj
 0001:00006a70       ??_Ebad_exception@std@@UEAAPEAXI@Z 0000000180007a70 f i libvcruntimed:frame.obj
 0001:00006a70       ??_Gbad_exception@std@@UEAAPEAXI@Z 0000000180007a70 f i libvcruntimed:frame.obj
 0001:00006ab0       ??_Eexception@std@@UEAAPEAXI@Z 0000000180007ab0 f i libvcruntimed:frame.obj
 0001:00006ab0       ??_Gexception@std@@UEAAPEAXI@Z 0000000180007ab0 f i libvcruntimed:frame.obj
 0001:00006af0       ?BuildCatchObject@__FrameHandler3@@SAXPEAUEHExceptionRecord@@PEAXPEBU_s_HandlerType@@PEBU_s_CatchableType@@@Z 0000000180007af0 f   libvcruntimed:frame.obj
 0001:00006b30       ?CxxCallCatchBlock@__FrameHandler3@@SAPEAXPEAU_EXCEPTION_RECORD@@@Z 0000000180007b30 f   libvcruntimed:frame.obj
 0001:00006e90       ?FrameUnwindToState@__FrameHandler3@@SAXPEA_KPEAU_xDISPATCHER_CONTEXT@@PEBU_s_FuncInfo@@H@Z 0000000180007e90 f   libvcruntimed:frame.obj
 0001:000070e0       ?GetHandlerSearchState@__FrameHandler3@@SAHPEA_KPEAU_xDISPATCHER_CONTEXT@@PEBU_s_FuncInfo@@@Z 00000001800080e0 f i libvcruntimed:frame.obj
 0001:00007190       ?GetMaxState@__FrameHandler3@@SAHPEAU_xDISPATCHER_CONTEXT@@PEBU_s_FuncInfo@@@Z 0000000180008190 f i libvcruntimed:frame.obj
 0001:00007390       __TypeMatch                0000000180008390 f   libvcruntimed:frame.obj
 0001:00007390       ?TypeMatch@__FrameHandler3@@SAHPEBU_s_HandlerType@@PEBU_s_CatchableType@@PEBU_s_ThrowInfo@@@Z 0000000180008390 f   libvcruntimed:frame.obj
 0001:000073c0       ?_CallMemberFunction1@@YAXQEAX00@Z 00000001800083c0 f i libvcruntimed:frame.obj
 0001:00007400       ?_CallMemberFunction2@@YAXQEAX00H@Z 0000000180008400 f i libvcruntimed:frame.obj
 0001:00007490       ?begin@HandlerMap@__FrameHandler3@@QEAA?AViterator@12@XZ 0000000180008490 f i libvcruntimed:frame.obj
 0001:000074c0       ?end@HandlerMap@__FrameHandler3@@QEAA?AViterator@12@XZ 00000001800084c0 f i libvcruntimed:frame.obj
 0001:000074f0       ?getESTypes@__FrameHandler3@@SAPEBU_s_ESTypeList@@PEBU_s_FuncInfo@@@Z 00000001800084f0 f i libvcruntimed:frame.obj
 0001:00007530       ?getLastEntry@HandlerMap@__FrameHandler3@@QEAAPEBU_s_HandlerType@@XZ 0000000180008530 f i libvcruntimed:frame.obj
 0001:00007550       ?getMagicNum@__FrameHandler3@@SAIPEBU_s_FuncInfo@@@Z 0000000180008550 f i libvcruntimed:frame.obj
 0001:00007570       ?getNumTryBlocks@TryBlockMap@__FrameHandler3@@QEAAIXZ 0000000180008570 f i libvcruntimed:frame.obj
 0001:00007590       ?isEHs@__FrameHandler3@@SA_NPEBU_s_FuncInfo@@@Z 0000000180008590 f i libvcruntimed:frame.obj
 0001:000075d0       ?isNoExcept@__FrameHandler3@@SA_NPEBU_s_FuncInfo@@@Z 00000001800085d0 f i libvcruntimed:frame.obj
 0001:00007610       ?what@exception@std@@UEBAPEBDXZ 0000000180008610 f i libvcruntimed:frame.obj
 0001:00007650       __vcrt_EncodePointer       0000000180008650 f i libvcruntimed:frame.obj
 0001:00007680       memset_repmovs             0000000180008680 f   libvcruntimed:memset.obj
 0001:000076a0       memset                     00000001800086a0 f   libvcruntimed:memset.obj
 0001:00007840       _CallSettingFrame          0000000180008840 f   libvcruntimed:handlers.obj
 0001:00007890       _CallSettingFrame_LookupContinuationIndex 0000000180008890 f   libvcruntimed:handlers.obj
 0001:000078c0       _CallSettingFrame_NotifyContinuationAddr 00000001800088c0 f   libvcruntimed:handlers.obj
 0001:000078f0       _CallSettingFrameEncoded   00000001800088f0 f   libvcruntimed:handlers.obj
 0001:00007940       ??$?RD@__crt_public_free_policy@@QEBAXQEBD@Z 0000000180008940 f i libvcruntimed:std_exception.obj
 0001:00007960       ??1?$__crt_unique_heap_ptr@DU__crt_public_free_policy@@@@QEAA@XZ 0000000180008960 f i libvcruntimed:std_exception.obj
 0001:00007980       ?release@?$__crt_unique_heap_ptr@DU__crt_public_free_policy@@@@QEAAXXZ 0000000180008980 f i libvcruntimed:std_exception.obj
 0001:000079b0       __std_exception_copy       00000001800089b0 f   libvcruntimed:std_exception.obj
 0001:00007af0       __std_exception_destroy    0000000180008af0 f   libvcruntimed:std_exception.obj
 0001:00007b30       _CxxThrowException         0000000180008b30 f   libvcruntimed:throw.obj
 0001:00007c60       _initterm                  0000000180008c60 f   libucrtd:initterm.obj
 0001:00007cc0       _initterm_e                0000000180008cc0 f   libucrtd:initterm.obj
 0001:00007db0       _seh_filter_dll            0000000180008db0 f   libucrtd:exception_filter.obj
 0001:00007de0       _seh_filter_exe            0000000180008de0 f   libucrtd:exception_filter.obj
 0001:00008080       ??$?B$$A6AXPEAXK0@Z@__crt_fast_encoded_nullptr_t@@QEBAP6AXPEAXK0@ZXZ 0000000180009080 f i libucrtd:exit.obj
 0001:00008080       ??$?B$$A6AXH@Z@__crt_fast_encoded_nullptr_t@@QEBAP6AXH@ZXZ 0000000180009080 f i libucrtd:signal.obj
 0001:00008080       ??$?BP6AXXZ@__crt_fast_encoded_nullptr_t@@QEBAPEAP6AXXZXZ 0000000180009080 f i libucrtd:onexit.obj
 0001:00008080       ??$?B$$A6AXXZ@__crt_fast_encoded_nullptr_t@@QEBAP6AXXZXZ 0000000180009080 f i libucrtd:onexit.obj
 0001:00008080       ??$?BX@__crt_fast_encoded_nullptr_t@@QEBAPEAXXZ 0000000180009080 f i libucrtd:initialization.obj
 0001:00008130       ??$__crt_fast_decode_pointer@P6AHPEAU_exception@@@Z@@YAP6AHPEAU_exception@@@ZQ6AH0@Z@Z 0000000180009130 f i libucrtd:matherr.obj
 0001:00008130       ??$__crt_fast_decode_pointer@P6AXXZ@@YAP6AXXZQ6AXXZ@Z 0000000180009130 f i libucrtd:onexit.obj
 0001:00008130       ??$__crt_fast_decode_pointer@P6AXH@Z@@YAP6AXH@ZQ6AXH@Z@Z 0000000180009130 f i libucrtd:signal.obj
 0001:00008130       ??$__crt_fast_decode_pointer@P6AXPEAXK0@Z@@YAP6AXPEAXK0@ZQ6AX0K0@Z@Z 0000000180009130 f i libucrtd:exit.obj
 0001:00008130       ??$__crt_fast_decode_pointer@P6AH_K@Z@@YAP6AH_K@ZQ6AH0@Z@Z 0000000180009130 f i libucrtd:new_handler.obj
 0001:00008130       ??$__crt_fast_decode_pointer@PEAP6AXXZ@@YAPEAP6AXXZQEAP6AXXZ@Z 0000000180009130 f i libucrtd:onexit.obj
 0001:00008130       ??$__crt_fast_decode_pointer@PEAX@@YAPEAXQEAX@Z 0000000180009130 f i libucrtd:winapi_thunks.obj
 0001:00008130       ??$__crt_fast_decode_pointer@P6AXPEB_W00I_K@Z@@YAP6AXPEB_W00I_K@ZQ6AX000I1@Z@Z 0000000180009130 f i libucrtd:invalid_parameter.obj
 0001:00008170       ??$__crt_fast_encode_pointer@PEAP6AXXZ@@YAPEAP6AXXZQEAP6AXXZ@Z 0000000180009170 f i libucrtd:onexit.obj
 0001:00008170       ??$__crt_fast_encode_pointer@P6AXH@Z@@YAP6AXH@ZQ6AXH@Z@Z 0000000180009170 f i libucrtd:signal.obj
 0001:00008170       ??$__crt_fast_encode_pointer@PEAX@@YAPEAXQEAX@Z 0000000180009170 f i libucrtd:initialization.obj
 0001:00008170       ??$__crt_fast_encode_pointer@P6AXXZ@@YAP6AXXZQ6AXXZ@Z 0000000180009170 f i libucrtd:onexit.obj
 0001:00008170       ??$__crt_fast_encode_pointer@P6AXPEAXK0@Z@@YAP6AXPEAXK0@ZQ6AX0K0@Z@Z 0000000180009170 f i libucrtd:exit.obj
 0001:000081b0       ??$__crt_get_proc_address@P6AXI@Z@@YAP6AXI@ZQEAUHINSTANCE__@@QEBD@Z 00000001800091b0 f i libucrtd:exit.obj
 0001:000081e0       ??$__crt_interlocked_read@J@@YAJPEDJ@Z 00000001800091e0 f i libucrtd:exit.obj
 0001:00008270       ??1?$__crt_unique_handle_t@U__crt_hmodule_traits@@@@QEAA@XZ 0000000180009270 f i libucrtd:exit.obj
 0001:000083d0       ?__acrt_select_exit_lock@@YA?AW4__acrt_lock_id@@XZ 00000001800093d0 f i libucrtd:exit.obj
 0001:000083e0       ?__crt_fast_encode_pointer@@YA?AU__crt_fast_encoded_nullptr_t@@$$T@Z 00000001800093e0 f i libucrtd:exit.obj
 0001:00008400       ?__crt_interlocked_read_32@@YAHPEDH@Z 0000000180009400 f i libucrtd:exit.obj
 0001:00008420       ?__crt_rotate_pointer_value@@YA_K_KH@Z 0000000180009420 f i libucrtd:exit.obj
 0001:00008460       ?close@?$__crt_unique_handle_t@U__crt_hmodule_traits@@@@QEAAXXZ 0000000180009460 f i libucrtd:exit.obj
 0001:000084a0       ?close@__crt_hmodule_traits@@SA_NPEAUHINSTANCE__@@@Z 00000001800094a0 f i libucrtd:exit.obj
 0001:000085b0       ?get_invalid_value@__crt_hmodule_traits@@SAPEAUHINSTANCE__@@XZ 00000001800095b0 f i libucrtd:exit.obj
 0001:000085b0       ?get_current_state_index@__crt_state_management@@YA_KXZ 00000001800095b0 f i libucrtd:environment_initialization.obj
 0001:00008770       __acrt_initialize_thread_local_exit_callback 0000000180009770 f   libucrtd:exit.obj
 0001:00008790       _cexit                     0000000180009790 f   libucrtd:exit.obj
 0001:000087b0       _exit                      00000001800097b0 f   libucrtd:exit.obj
 0001:000087d0       _is_c_termination_complete 00000001800097d0 f   libucrtd:exit.obj
 0001:00008b80       ??$get_module_file_name@$$TAEAY0BAF@DH@?$__crt_char_traits@D@@SAK$$QEA$$TAEAY0BAF@D$$QEAH@Z 0000000180009b80 f i libucrtd:argv_parsing.obj
 0001:00008b80       ??$get_module_file_name@AEAPEAUHINSTANCE__@@AEAY0BAF@DK@?$__crt_char_traits@D@@SAKAEAPEAUHINSTANCE__@@AEAY0BAF@D$$QEAK@Z 0000000180009b80 f i libucrtd:dbgrpt.obj
 0001:00009050       ??$set_program_name@PEAD@?$__crt_char_traits@D@@SAX$$QEAPEAD@Z 000000018000a050 f i libucrtd:argv_parsing.obj
 0001:00009180       __acrt_allocate_buffer_for_argv 000000018000a180 f   libucrtd:argv_parsing.obj
 0001:000092a0       _configure_narrow_argv     000000018000a2a0 f   libucrtd:argv_parsing.obj
 0001:000092c0       _set_pgmptr                000000018000a2c0 f i libucrtd:argv_parsing.obj
 0001:000094f0       ??$tcslen@AEAPEAD@?$__crt_char_traits@D@@SA_KAEAPEAD@Z 000000018000a4f0 f i libucrtd:environment_initialization.obj
 0001:0000953c       ??B?$__crt_unique_heap_ptr@PEADU__crt_internal_free_policy@@@@QEBA_NXZ 000000018000a53c f i libucrtd:environment_initialization.obj
 0001:00009544       ?detach@?$__crt_unique_heap_ptr@DU__crt_internal_free_policy@@@@QEAAPEADXZ 000000018000a544 f i libucrtd:environment_initialization.obj
 0001:0000954c       __dcrt_uninitialize_environments_nolock 000000018000a54c f   libucrtd:environment_initialization.obj
 0001:00009584       _initialize_narrow_environment 000000018000a584 f   libucrtd:environment_initialization.obj
 0001:0000958c       _invoke_watson_if_error    000000018000a58c f i libucrtd:environment_initialization.obj
 0001:00009890       _execute_onexit_table      000000018000a890 f   libucrtd:onexit.obj
 0001:000098d0       _initialize_onexit_table   000000018000a8d0 f   libucrtd:onexit.obj
 0001:000099a0       __acrt_uninitialize_command_line 000000018000a9a0 f   libucrtd:argv_data.obj
 0001:00009c10       ?initialize@?$dual_state_global@PEAU__crt_multibyte_data@@@__crt_state_management@@QEAAXQEAU__crt_multibyte_data@@@Z 000000018000ac10 f i libucrtd:mbctype.obj
 0001:00009c10       ?initialize@?$dual_state_global@PEAU__crt_locale_data@@@__crt_state_management@@QEAAXQEAU__crt_locale_data@@@Z 000000018000ac10 f i libucrtd:initialization.obj
 0001:00009c10       ?initialize@?$dual_state_global@P6AHPEAU_exception@@@Z@__crt_state_management@@QEAAXQ6AHPEAU_exception@@@Z@Z 000000018000ac10 f i libucrtd:matherr.obj
 0001:00009c10       ?initialize@?$dual_state_global@P6AH_K@Z@__crt_state_management@@QEAAXQ6AH_K@Z@Z 000000018000ac10 f i libucrtd:new_handler.obj
 0001:00009c10       ?initialize@?$dual_state_global@P6AXH@Z@__crt_state_management@@QEAAXQ6AXH@Z@Z 000000018000ac10 f i libucrtd:signal.obj
 0001:00009c60       __acrt_initialize          000000018000ac60 f   libucrtd:initialization.obj
 0001:00009c90       __acrt_thread_attach       000000018000ac90 f   libucrtd:initialization.obj
 0001:00009cb0       __acrt_thread_detach       000000018000acb0 f   libucrtd:initialization.obj
 0001:00009cc0       __acrt_uninitialize        000000018000acc0 f   libucrtd:initialization.obj
 0001:00009cf0       __acrt_uninitialize_critical 000000018000acf0 f   libucrtd:initialization.obj
 0001:00009d10       terminate                  000000018000ad10 f   libucrtd:terminate.obj
 0001:00009d50       ??0_LocaleUpdate@@QEAA@QEAU__crt_locale_pointers@@@Z 000000018000ad50 f i libucrtd:debug_heap.obj
 0001:00009e70       ??1_LocaleUpdate@@QEAA@XZ  000000018000ae70 f i libucrtd:debug_heap.obj
 0001:00009eb0       ?GetLocaleT@_LocaleUpdate@@QEAAPEAU__crt_locale_pointers@@XZ 000000018000aeb0 f i libucrtd:debug_heap.obj
 0001:0000be90       _CrtCheckMemory            000000018000ce90 f   libucrtd:debug_heap.obj
 0001:0000c020       _CrtDumpMemoryLeaks        000000018000d020 f   libucrtd:debug_heap.obj
 0001:0000c0e0       _CrtIsValidHeapPointer     000000018000d0e0 f   libucrtd:debug_heap.obj
 0001:0000c120       _CrtIsValidPointer         000000018000d120 f   libucrtd:debug_heap.obj
 0001:0000c160       _CrtMemCheckpoint          000000018000d160 f   libucrtd:debug_heap.obj
 0001:0000c3e0       _CrtMemDumpAllObjectsSince 000000018000d3e0 f   libucrtd:debug_heap.obj
 0001:0000c440       _CrtSetDbgFlag             000000018000d440 f   libucrtd:debug_heap.obj
 0001:0000c5a0       _CrtSetDumpClient          000000018000d5a0 f   libucrtd:debug_heap.obj
 0001:0000c5d0       __acrt_get_locale_data_prefix 000000018000d5d0 f i libucrtd:debug_heap.obj
 0001:0000c5f0       __acrt_locale_changed      000000018000d5f0 f i libucrtd:debug_heap.obj
 0001:0000c620       _calloc_dbg                000000018000d620 f   libucrtd:debug_heap.obj
 0001:0000c6c0       _chvalidchk_l              000000018000d6c0 f i libucrtd:debug_heap.obj
 0001:0000c6f0       _free_dbg                  000000018000d6f0 f   libucrtd:debug_heap.obj
 0001:0000c760       _invoke_watson_if_oneof    000000018000d760 f i libucrtd:debug_heap.obj
 0001:0000c7c0       _ischartype_l              000000018000d7c0 f i libucrtd:debug_heap.obj
 0001:0000c850       _malloc_dbg                000000018000d850 f   libucrtd:debug_heap.obj
 0001:0000c890       _msize_dbg                 000000018000d890 f   libucrtd:debug_heap.obj
 0001:0000ca30       _realloc_dbg               000000018000da30 f   libucrtd:debug_heap.obj
 0001:0000caa0       _recalloc_dbg              000000018000daa0 f   libucrtd:debug_heap.obj
 0001:0000d070       strcpy_s                   000000018000e070 f   libucrtd:strcpy_s.obj
 0001:0000d0b0       strcmp                     000000018000e0b0 f   libucrtd:strcmp.obj
 0001:0000d130       strlen                     000000018000e130 f   libucrtd:strlen.obj
 0001:0000d1e0       abort                      000000018000e1e0 f   libucrtd:abort.obj
 0001:0000d260       ??$?0AEBV?$string_output_adapter@D@__crt_stdio_output@@AEB_KAEBQEBDAEBQEAU__crt_locale_pointers@@AEBQEAD@?$format_validation_base@DV?$string_output_adapter@D@__crt_stdio_output@@@__crt_stdio_output@@IEAA@AEBV?$string_output_adapter@D@1@AEB_KAEBQEBDAEBQEAU__crt_locale_pointers@@AEBQEAD@Z 000000018000e260 f i libucrtd:output.obj
 0001:0000d2b0       ??$?0AEBV?$string_output_adapter@D@__crt_stdio_output@@AEB_KAEBQEBDAEBQEAU__crt_locale_pointers@@AEBQEAD@?$standard_base@DV?$string_output_adapter@D@__crt_stdio_output@@@__crt_stdio_output@@IEAA@AEBV?$string_output_adapter@D@1@AEB_KAEBQEBDAEBQEAU__crt_locale_pointers@@AEBQEAD@Z 000000018000e2b0 f i libucrtd:output.obj
 0001:0000d320       ??$?0AEBV?$string_output_adapter@_W@__crt_stdio_output@@AEB_KAEBQEB_WAEBQEAU__crt_locale_pointers@@AEBQEAD@?$format_validation_base@_WV?$string_output_adapter@_W@__crt_stdio_output@@@__crt_stdio_output@@IEAA@AEBV?$string_output_adapter@_W@1@AEB_KAEBQEB_WAEBQEAU__crt_locale_pointers@@AEBQEAD@Z 000000018000e320 f i libucrtd:output.obj
 0001:0000d370       ??$?0AEBV?$string_output_adapter@_W@__crt_stdio_output@@AEB_KAEBQEB_WAEBQEAU__crt_locale_pointers@@AEBQEAD@?$standard_base@_WV?$string_output_adapter@_W@__crt_stdio_output@@@__crt_stdio_output@@IEAA@AEBV?$string_output_adapter@_W@1@AEB_KAEBQEB_WAEBQEAU__crt_locale_pointers@@AEBQEAD@Z 000000018000e370 f i libucrtd:output.obj
 0001:0000ecf0       ??$count@D@formatting_buffer@__crt_stdio_output@@QEBA_KXZ 000000018000fcf0 f i libucrtd:output.obj
 0001:0000ed40       ??$count@_W@formatting_buffer@__crt_stdio_output@@QEBA_KXZ 000000018000fd40 f i libucrtd:output.obj
 0001:0000ed90       ??$data@_W@formatting_buffer@__crt_stdio_output@@QEAAPEA_WXZ 000000018000fd90 f i libucrtd:output.obj
 0001:0000ed90       ??$data@D@formatting_buffer@__crt_stdio_output@@QEAAPEADXZ 000000018000fd90 f i libucrtd:output.obj
 0001:0000ede0       ??$ensure_buffer_is_big_enough@D@formatting_buffer@__crt_stdio_output@@QEAA_N_K@Z 000000018000fde0 f i libucrtd:output.obj
 0001:0000ef10       ??$ensure_buffer_is_big_enough@_W@formatting_buffer@__crt_stdio_output@@QEAA_N_K@Z 000000018000ff10 f i libucrtd:output.obj
 0001:0000f040       ??$extract_argument_from_va_list@C_J@?$standard_base@DV?$string_output_adapter@D@__crt_stdio_output@@@__crt_stdio_output@@IEAA_NAEA_J@Z 0000000180010040 f i libucrtd:output.obj
 0001:0000f040       ??$extract_argument_from_va_list@C_J@?$standard_base@_WV?$string_output_adapter@_W@__crt_stdio_output@@@__crt_stdio_output@@IEAA_NAEA_J@Z 0000000180010040 f i libucrtd:output.obj
 0001:0000f080       ??$extract_argument_from_va_list@E_J@?$standard_base@_WV?$string_output_adapter@_W@__crt_stdio_output@@@__crt_stdio_output@@IEAA_NAEA_J@Z 0000000180010080 f i libucrtd:output.obj
 0001:0000f080       ??$extract_argument_from_va_list@E_J@?$standard_base@DV?$string_output_adapter@D@__crt_stdio_output@@@__crt_stdio_output@@IEAA_NAEA_J@Z 0000000180010080 f i libucrtd:output.obj
 0001:0000f0c0       ??$extract_argument_from_va_list@F_J@?$standard_base@_WV?$string_output_adapter@_W@__crt_stdio_output@@@__crt_stdio_output@@IEAA_NAEA_J@Z 00000001800100c0 f i libucrtd:output.obj
 0001:0000f0c0       ??$extract_argument_from_va_list@F_J@?$standard_base@DV?$string_output_adapter@D@__crt_stdio_output@@@__crt_stdio_output@@IEAA_NAEA_J@Z 00000001800100c0 f i libucrtd:output.obj
 0001:0000f100       ??$extract_argument_from_va_list@GD@?$standard_base@DV?$string_output_adapter@D@__crt_stdio_output@@@__crt_stdio_output@@IEAA_NAEAD@Z 0000000180010100 f i libucrtd:output.obj
 0001:0000f130       ??$extract_argument_from_va_list@G_J@?$standard_base@DV?$string_output_adapter@D@__crt_stdio_output@@@__crt_stdio_output@@IEAA_NAEA_J@Z 0000000180010130 f i libucrtd:output.obj
 0001:0000f130       ??$extract_argument_from_va_list@G_J@?$standard_base@_WV?$string_output_adapter@_W@__crt_stdio_output@@@__crt_stdio_output@@IEAA_NAEA_J@Z 0000000180010130 f i libucrtd:output.obj
 0001:0000f170       ??$extract_argument_from_va_list@H_J@?$standard_base@DV?$string_output_adapter@D@__crt_stdio_output@@@__crt_stdio_output@@IEAA_NAEA_J@Z 0000000180010170 f i libucrtd:output.obj
 0001:0000f170       ??$extract_argument_from_va_list@H_J@?$standard_base@_WV?$string_output_adapter@_W@__crt_stdio_output@@@__crt_stdio_output@@IEAA_NAEA_J@Z 0000000180010170 f i libucrtd:output.obj
 0001:0000f1a0       ??$extract_argument_from_va_list@I_J@?$standard_base@DV?$string_output_adapter@D@__crt_stdio_output@@@__crt_stdio_output@@IEAA_NAEA_J@Z 00000001800101a0 f i libucrtd:output.obj
 0001:0000f1a0       ??$extract_argument_from_va_list@I_J@?$standard_base@_WV?$string_output_adapter@_W@__crt_stdio_output@@@__crt_stdio_output@@IEAA_NAEA_J@Z 00000001800101a0 f i libucrtd:output.obj
 0001:0000f1d0       ??$extract_argument_from_va_list@_K_J@?$standard_base@_WV?$string_output_adapter@_W@__crt_stdio_output@@@__crt_stdio_output@@IEAA_NAEA_J@Z 00000001800101d0 f i libucrtd:output.obj
 0001:0000f1d0       ??$extract_argument_from_va_list@_J_J@?$standard_base@DV?$string_output_adapter@D@__crt_stdio_output@@@__crt_stdio_output@@IEAA_NAEA_J@Z 00000001800101d0 f i libucrtd:output.obj
 0001:0000f1d0       ??$extract_argument_from_va_list@PEADPEAD@?$standard_base@DV?$string_output_adapter@D@__crt_stdio_output@@@__crt_stdio_output@@IEAA_NAEAPEAD@Z 00000001800101d0 f i libucrtd:output.obj
 0001:0000f1d0       ??$extract_argument_from_va_list@PEADPEAD@?$standard_base@_WV?$string_output_adapter@_W@__crt_stdio_output@@@__crt_stdio_output@@IEAA_NAEAPEAD@Z 00000001800101d0 f i libucrtd:output.obj
 0001:0000f1d0       ??$extract_argument_from_va_list@PEAXPEAX@?$standard_base@_WV?$string_output_adapter@_W@__crt_stdio_output@@@__crt_stdio_output@@IEAA_NAEAPEAX@Z 00000001800101d0 f i libucrtd:output.obj
 0001:0000f1d0       ??$extract_argument_from_va_list@_J_J@?$standard_base@_WV?$string_output_adapter@_W@__crt_stdio_output@@@__crt_stdio_output@@IEAA_NAEA_J@Z 00000001800101d0 f i libucrtd:output.obj
 0001:0000f1d0       ??$extract_argument_from_va_list@PEAXPEAX@?$standard_base@DV?$string_output_adapter@D@__crt_stdio_output@@@__crt_stdio_output@@IEAA_NAEAPEAX@Z 00000001800101d0 f i libucrtd:output.obj
 0001:0000f1d0       ??$extract_argument_from_va_list@_K_J@?$standard_base@DV?$string_output_adapter@D@__crt_stdio_output@@@__crt_stdio_output@@IEAA_NAEA_J@Z 00000001800101d0 f i libucrtd:output.obj
 0001:0000f230       ??$extract_argument_from_va_list@U_CRT_DOUBLE@@U1@@?$standard_base@DV?$string_output_adapter@D@__crt_stdio_output@@@__crt_stdio_output@@IEAA_NAEAU_CRT_DOUBLE@@@Z 0000000180010230 f i libucrtd:output.obj
 0001:0000f230       ??$extract_argument_from_va_list@U_CRT_DOUBLE@@U1@@?$standard_base@_WV?$string_output_adapter@_W@__crt_stdio_output@@@__crt_stdio_output@@IEAA_NAEAU_CRT_DOUBLE@@@Z 0000000180010230 f i libucrtd:output.obj
 0001:0000f280       ??$extract_argument_from_va_list@_W_W@?$standard_base@DV?$string_output_adapter@D@__crt_stdio_output@@@__crt_stdio_output@@IEAA_NAEA_W@Z 0000000180010280 f i libucrtd:output.obj
 0001:0000f280       ??$extract_argument_from_va_list@_W_W@?$standard_base@_WV?$string_output_adapter@_W@__crt_stdio_output@@@__crt_stdio_output@@IEAA_NAEA_W@Z 0000000180010280 f i libucrtd:output.obj
 0001:0000f2b0       ??$is_wide_character_specifier@D@__crt_stdio_output@@YA_N_KDW4length_modifier@0@@Z 00000001800102b0 f i libucrtd:output.obj
 0001:0000f350       ??$is_wide_character_specifier@_W@__crt_stdio_output@@YA_N_K_WW4length_modifier@0@@Z 0000000180010350 f i libucrtd:output.obj
 0001:0000f420       ??$read_va_arg@C@__crt_stdio_output@@YACAEAPEAD@Z 0000000180010420 f i libucrtd:output.obj
 0001:0000f420       ??$read_va_arg@E@__crt_stdio_output@@YAEAEAPEAD@Z 0000000180010420 f i libucrtd:output.obj
 0001:0000f490       ??$read_va_arg@G@__crt_stdio_output@@YAGAEAPEAD@Z 0000000180010490 f i libucrtd:output.obj
 0001:0000f490       ??$read_va_arg@_W@__crt_stdio_output@@YA_WAEAPEAD@Z 0000000180010490 f i libucrtd:output.obj
 0001:0000f490       ??$read_va_arg@F@__crt_stdio_output@@YAFAEAPEAD@Z 0000000180010490 f i libucrtd:output.obj
 0001:0000f500       ??$read_va_arg@I@__crt_stdio_output@@YAIAEAPEAD@Z 0000000180010500 f i libucrtd:output.obj
 0001:0000f500       ??$read_va_arg@H@__crt_stdio_output@@YAHAEAPEAD@Z 0000000180010500 f i libucrtd:output.obj
 0001:0000f560       ??$read_va_arg@PEAD@__crt_stdio_output@@YAPEADAEAPEAD@Z 0000000180010560 f i libucrtd:output.obj
 0001:0000f560       ??$read_va_arg@U_CRT_DOUBLE@@@__crt_stdio_output@@YA?AU_CRT_DOUBLE@@AEAPEAD@Z 0000000180010560 f i libucrtd:output.obj
 0001:0000f560       ??$read_va_arg@_J@__crt_stdio_output@@YA_JAEAPEAD@Z 0000000180010560 f i libucrtd:output.obj
 0001:0000f560       ??$read_va_arg@_K@__crt_stdio_output@@YA_KAEAPEAD@Z 0000000180010560 f i libucrtd:output.obj
 0001:0000f560       ??$read_va_arg@PEAX@__crt_stdio_output@@YAPEAXAEAPEAD@Z 0000000180010560 f i libucrtd:output.obj
 0001:0000f640       ??$scratch_count@D@formatting_buffer@__crt_stdio_output@@QEBA_KXZ 0000000180010640 f i libucrtd:output.obj
 0001:0000f660       ??$scratch_data@D@formatting_buffer@__crt_stdio_output@@QEAAPEADXZ 0000000180010660 f i libucrtd:output.obj
 0001:0000f6d0       ??$tcstol@PEBDPEAPEADH@?$__crt_char_traits@D@@SAJ$$QEAPEBD$$QEAPEAPEAD$$QEAH@Z 00000001800106d0 f i libucrtd:output.obj
 0001:0000f710       ??$tcstol@PEB_WPEAPEA_WH@?$__crt_char_traits@_W@@SAJ$$QEAPEB_W$$QEAPEAPEA_W$$QEAH@Z 0000000180010710 f i libucrtd:output.obj
 0001:0000f750       ??$type_case_integer_parse_into_buffer@I@?$output_processor@DV?$string_output_adapter@D@__crt_stdio_output@@V?$format_validation_base@DV?$string_output_adapter@D@__crt_stdio_output@@@2@@__crt_stdio_output@@AEAAXII_N@Z 0000000180010750 f i libucrtd:output.obj
 0001:0000f880       ??$type_case_integer_parse_into_buffer@I@?$output_processor@_WV?$string_output_adapter@_W@__crt_stdio_output@@V?$format_validation_base@_WV?$string_output_adapter@_W@__crt_stdio_output@@@2@@__crt_stdio_output@@AEAAXII_N@Z 0000000180010880 f i libucrtd:output.obj
 0001:0000f9c0       ??$type_case_integer_parse_into_buffer@_K@?$output_processor@DV?$string_output_adapter@D@__crt_stdio_output@@V?$format_validation_base@DV?$string_output_adapter@D@__crt_stdio_output@@@2@@__crt_stdio_output@@AEAAX_KI_N@Z 00000001800109c0 f i libucrtd:output.obj
 0001:0000fb10       ??$type_case_integer_parse_into_buffer@_K@?$output_processor@_WV?$string_output_adapter@_W@__crt_stdio_output@@V?$format_validation_base@_WV?$string_output_adapter@_W@__crt_stdio_output@@@2@@__crt_stdio_output@@AEAAX_KI_N@Z 0000000180010b10 f i libucrtd:output.obj
 0001:0000fc70       ??$write_multiple_characters@V?$string_output_adapter@D@__crt_stdio_output@@D@__crt_stdio_output@@YAXAEBV?$string_output_adapter@D@0@DHQEAH@Z 0000000180010c70 f i libucrtd:output.obj
 0001:0000fcd0       ??$write_multiple_characters@V?$string_output_adapter@_W@__crt_stdio_output@@D@__crt_stdio_output@@YAXAEBV?$string_output_adapter@_W@0@DHQEAH@Z 0000000180010cd0 f i libucrtd:output.obj
 0001:0000fd30       ??0?$common_data@D@__crt_stdio_output@@IEAA@XZ 0000000180010d30 f i libucrtd:output.obj
 0001:0000fe00       ??0?$common_data@_W@__crt_stdio_output@@IEAA@XZ 0000000180010e00 f i libucrtd:output.obj
 0001:0000fed0       ??0?$output_adapter_data@DV?$string_output_adapter@D@__crt_stdio_output@@@__crt_stdio_output@@IEAA@AEBV?$string_output_adapter@D@1@_KQEBDQEAU__crt_locale_pointers@@QEAD@Z 0000000180010ed0 f i libucrtd:output.obj
 0001:0000ff50       ??0?$output_adapter_data@_WV?$string_output_adapter@_W@__crt_stdio_output@@@__crt_stdio_output@@IEAA@AEBV?$string_output_adapter@_W@1@_KQEB_WQEAU__crt_locale_pointers@@QEAD@Z 0000000180010f50 f i libucrtd:output.obj
 0001:0000ffd0       ??0?$output_processor@DV?$string_output_adapter@D@__crt_stdio_output@@V?$format_validation_base@DV?$string_output_adapter@D@__crt_stdio_output@@@2@@__crt_stdio_output@@QEAA@AEBV?$string_output_adapter@D@1@_KQEBDQEAU__crt_locale_pointers@@QEAD@Z 0000000180010fd0 f i libucrtd:output.obj
 0001:00010020       ??0?$output_processor@_WV?$string_output_adapter@_W@__crt_stdio_output@@V?$format_validation_base@_WV?$string_output_adapter@_W@__crt_stdio_output@@@2@@__crt_stdio_output@@QEAA@AEBV?$string_output_adapter@_W@1@_KQEB_WQEAU__crt_locale_pointers@@QEAD@Z 0000000180011020 f i libucrtd:output.obj
 0001:00010070       ??0__crt_deferred_errno_cache@@QEAA@XZ 0000000180011070 f i libucrtd:output.obj
 0001:00010090       ??0__crt_errno_guard@@QEAA@QEAH@Z 0000000180011090 f i libucrtd:output.obj
 0001:000100d0       ??0formatting_buffer@__crt_stdio_output@@QEAA@XZ 00000001800110d0 f i libucrtd:output.obj
 0001:00010110       ??1?$common_data@D@__crt_stdio_output@@QEAA@XZ 0000000180011110 f i libucrtd:output.obj
 0001:00010110       ??1?$common_data@_W@__crt_stdio_output@@QEAA@XZ 0000000180011110 f i libucrtd:output.obj
 0001:00010130       ??1?$format_validation_base@_WV?$string_output_adapter@_W@__crt_stdio_output@@@__crt_stdio_output@@QEAA@XZ 0000000180011130 f i libucrtd:output.obj
 0001:00010130       ??1?$format_validation_base@DV?$string_output_adapter@D@__crt_stdio_output@@@__crt_stdio_output@@QEAA@XZ 0000000180011130 f i libucrtd:output.obj
 0001:00010150       ??1?$output_adapter_data@DV?$string_output_adapter@D@__crt_stdio_output@@@__crt_stdio_output@@QEAA@XZ 0000000180011150 f i libucrtd:output.obj
 0001:00010150       ??1?$output_adapter_data@_WV?$string_output_adapter@_W@__crt_stdio_output@@@__crt_stdio_output@@QEAA@XZ 0000000180011150 f i libucrtd:output.obj
 0001:00010170       ??1?$output_processor@_WV?$string_output_adapter@_W@__crt_stdio_output@@V?$format_validation_base@_WV?$string_output_adapter@_W@__crt_stdio_output@@@2@@__crt_stdio_output@@QEAA@XZ 0000000180011170 f i libucrtd:output.obj
 0001:00010170       ??1?$output_processor@DV?$string_output_adapter@D@__crt_stdio_output@@V?$format_validation_base@DV?$string_output_adapter@D@__crt_stdio_output@@@2@@__crt_stdio_output@@QEAA@XZ 0000000180011170 f i libucrtd:output.obj
 0001:00010190       ??1?$standard_base@_WV?$string_output_adapter@_W@__crt_stdio_output@@@__crt_stdio_output@@QEAA@XZ 0000000180011190 f i libucrtd:output.obj
 0001:00010190       ??1?$standard_base@DV?$string_output_adapter@D@__crt_stdio_output@@@__crt_stdio_output@@QEAA@XZ 0000000180011190 f i libucrtd:output.obj
 0001:000101b0       ??1__crt_errno_guard@@QEAA@XZ 00000001800111b0 f i libucrtd:output.obj
 0001:000101e0       ??1formatting_buffer@__crt_stdio_output@@QEAA@XZ 00000001800111e0 f i libucrtd:output.obj
 0001:00010210       ??4?$__crt_unique_heap_ptr@DU__crt_internal_free_policy@@@@QEAAAEAV0@$$QEAV0@@Z 0000000180011210 f i libucrtd:output.obj
 0001:00010250       ?adjust_hexit@?$output_processor@_WV?$string_output_adapter@_W@__crt_stdio_output@@V?$format_validation_base@_WV?$string_output_adapter@_W@__crt_stdio_output@@@2@@__crt_stdio_output@@CADH_N@Z 0000000180011250 f i libucrtd:output.obj
 0001:00010250       ?adjust_hexit@?$output_processor@DV?$string_output_adapter@D@__crt_stdio_output@@V?$format_validation_base@DV?$string_output_adapter@D@__crt_stdio_output@@@2@@__crt_stdio_output@@CADH_N@Z 0000000180011250 f i libucrtd:output.obj
 0001:000102a0       ?advance_to_next_pass@?$standard_base@DV?$string_output_adapter@D@__crt_stdio_output@@@__crt_stdio_output@@IEAA_NXZ 00000001800112a0 f i libucrtd:output.obj
 0001:000102a0       ?advance_to_next_pass@?$standard_base@_WV?$string_output_adapter@_W@__crt_stdio_output@@@__crt_stdio_output@@IEAA_NXZ 00000001800112a0 f i libucrtd:output.obj
 0001:000102f0       ?crop_zeroes@__crt_stdio_output@@YAXPEADQEAU__crt_locale_pointers@@@Z 00000001800112f0 f i libucrtd:output.obj
 0001:00010430       ?find_next_state@?$output_processor@DV?$string_output_adapter@D@__crt_stdio_output@@V?$format_validation_base@DV?$string_output_adapter@D@__crt_stdio_output@@@2@@__crt_stdio_output@@AEBA?AW4state@2@DW432@@Z 0000000180011430 f i libucrtd:output.obj
 0001:000104d0       ?find_next_state@?$output_processor@_WV?$string_output_adapter@_W@__crt_stdio_output@@V?$format_validation_base@_WV?$string_output_adapter@_W@__crt_stdio_output@@@2@@__crt_stdio_output@@AEBA?AW4state@2@_WW432@@Z 00000001800114d0 f i libucrtd:output.obj
 0001:00010570       ?force_decimal_point@__crt_stdio_output@@YAXPEADQEAU__crt_locale_pointers@@@Z 0000000180011570 f i libucrtd:output.obj
 0001:00010670       ?get@__crt_deferred_errno_cache@@QEAAAEAHXZ 0000000180011670 f i libucrtd:output.obj
 0001:000106a0       ?get_flags@__crt_stdio_stream@@QEBAJXZ 00000001800116a0 f i libucrtd:output.obj
 0001:000106d0       ?has_flag@?$output_processor@_WV?$string_output_adapter@_W@__crt_stdio_output@@V?$format_validation_base@_WV?$string_output_adapter@_W@__crt_stdio_output@@@2@@__crt_stdio_output@@AEBA_NI@Z 00000001800116d0 f i libucrtd:output.obj
 0001:000106d0       ?has_flag@?$output_processor@DV?$string_output_adapter@D@__crt_stdio_output@@V?$format_validation_base@DV?$string_output_adapter@D@__crt_stdio_output@@@2@@__crt_stdio_output@@AEBA_NI@Z 00000001800116d0 f i libucrtd:output.obj
 0001:00010710       ?is_string_backed@__crt_stdio_stream@@QEBA_NXZ 0000000180011710 f i libucrtd:output.obj
 0001:00010750       ?narrow_null_string@?$output_processor@_WV?$string_output_adapter@_W@__crt_stdio_output@@V?$format_validation_base@_WV?$string_output_adapter@_W@__crt_stdio_output@@@2@@__crt_stdio_output@@CAPEADXZ 0000000180011750 f i libucrtd:output.obj
 0001:00010750       ?narrow_null_string@?$output_processor@DV?$string_output_adapter@D@__crt_stdio_output@@V?$format_validation_base@DV?$string_output_adapter@D@__crt_stdio_output@@@2@@__crt_stdio_output@@CAPEADXZ 0000000180011750 f i libucrtd:output.obj
 0001:00010760       ?parse_int_from_format_string@?$output_processor@DV?$string_output_adapter@D@__crt_stdio_output@@V?$format_validation_base@DV?$string_output_adapter@D@__crt_stdio_output@@@2@@__crt_stdio_output@@AEAA_NQEAH@Z 0000000180011760 f i libucrtd:output.obj
 0001:00010850       ?parse_int_from_format_string@?$output_processor@_WV?$string_output_adapter@_W@__crt_stdio_output@@V?$format_validation_base@_WV?$string_output_adapter@_W@__crt_stdio_output@@@2@@__crt_stdio_output@@AEAA_NQEAH@Z 0000000180011850 f i libucrtd:output.obj
 0001:00010940       ?process@?$output_processor@DV?$string_output_adapter@D@__crt_stdio_output@@V?$format_validation_base@DV?$string_output_adapter@D@__crt_stdio_output@@@2@@__crt_stdio_output@@QEAAHXZ 0000000180011940 f i libucrtd:output.obj
 0001:00010ca0       ?process@?$output_processor@_WV?$string_output_adapter@_W@__crt_stdio_output@@V?$format_validation_base@_WV?$string_output_adapter@_W@__crt_stdio_output@@@2@@__crt_stdio_output@@QEAAHXZ 0000000180011ca0 f i libucrtd:output.obj
 0001:00011000       ?set_flag@?$output_processor@_WV?$string_output_adapter@_W@__crt_stdio_output@@V?$format_validation_base@_WV?$string_output_adapter@_W@__crt_stdio_output@@@2@@__crt_stdio_output@@AEAAXI@Z 0000000180012000 f i libucrtd:output.obj
 0001:00011000       ?set_flag@?$output_processor@DV?$string_output_adapter@D@__crt_stdio_output@@V?$format_validation_base@DV?$string_output_adapter@D@__crt_stdio_output@@@2@@__crt_stdio_output@@AEAAXI@Z 0000000180012000 f i libucrtd:output.obj
 0001:00011020       ?validate_state_for_type_case_a@?$standard_base@DV?$string_output_adapter@D@__crt_stdio_output@@@__crt_stdio_output@@IEBA_NXZ 0000000180012020 f i libucrtd:output.obj
 0001:00011020       ?validate_and_update_state_at_beginning_of_format_character@?$standard_base@_WV?$string_output_adapter@_W@__crt_stdio_output@@@__crt_stdio_output@@IEAA_NXZ 0000000180012020 f i libucrtd:output.obj
 0001:00011020       ?validate_state_for_type_case_a@?$standard_base@_WV?$string_output_adapter@_W@__crt_stdio_output@@@__crt_stdio_output@@IEBA_NXZ 0000000180012020 f i libucrtd:output.obj
 0001:00011020       ?should_format@?$standard_base@_WV?$string_output_adapter@_W@__crt_stdio_output@@@__crt_stdio_output@@IEAA_NXZ 0000000180012020 f i libucrtd:output.obj
 0001:00011020       ?validate_and_update_state_at_beginning_of_format_character@?$standard_base@DV?$string_output_adapter@D@__crt_stdio_output@@@__crt_stdio_output@@IEAA_NXZ 0000000180012020 f i libucrtd:output.obj
 0001:00011020       ?should_format@?$standard_base@DV?$string_output_adapter@D@__crt_stdio_output@@@__crt_stdio_output@@IEAA_NXZ 0000000180012020 f i libucrtd:output.obj
 0001:00011030       ?should_skip_normal_state_processing@?$standard_base@_WV?$string_output_adapter@_W@__crt_stdio_output@@@__crt_stdio_output@@IEAA_NXZ 0000000180012030 f i libucrtd:output.obj
 0001:00011030       ?should_skip_type_state_output@?$standard_base@_WV?$string_output_adapter@_W@__crt_stdio_output@@@__crt_stdio_output@@IEBA_NXZ 0000000180012030 f i libucrtd:output.obj
 0001:00011030       ?should_skip_type_state_output@?$standard_base@DV?$string_output_adapter@D@__crt_stdio_output@@@__crt_stdio_output@@IEBA_NXZ 0000000180012030 f i libucrtd:output.obj
 0001:00011030       ?should_skip_normal_state_processing@?$standard_base@DV?$string_output_adapter@D@__crt_stdio_output@@@__crt_stdio_output@@IEAA_NXZ 0000000180012030 f i libucrtd:output.obj
 0001:00011040       ?state_case_dot@?$output_processor@_WV?$string_output_adapter@_W@__crt_stdio_output@@V?$format_validation_base@_WV?$string_output_adapter@_W@__crt_stdio_output@@@2@@__crt_stdio_output@@AEAA_NXZ 0000000180012040 f i libucrtd:output.obj
 0001:00011040       ?state_case_dot@?$output_processor@DV?$string_output_adapter@D@__crt_stdio_output@@V?$format_validation_base@DV?$string_output_adapter@D@__crt_stdio_output@@@2@@__crt_stdio_output@@AEAA_NXZ 0000000180012040 f i libucrtd:output.obj
 0001:00011060       ?state_case_flag@?$output_processor@DV?$string_output_adapter@D@__crt_stdio_output@@V?$format_validation_base@DV?$string_output_adapter@D@__crt_stdio_output@@@2@@__crt_stdio_output@@AEAA_NXZ 0000000180012060 f i libucrtd:output.obj
 0001:00011100       ?state_case_flag@?$output_processor@_WV?$string_output_adapter@_W@__crt_stdio_output@@V?$format_validation_base@_WV?$string_output_adapter@_W@__crt_stdio_output@@@2@@__crt_stdio_output@@AEAA_NXZ 0000000180012100 f i libucrtd:output.obj
 0001:000111a0       ?state_case_normal@?$output_processor@DV?$string_output_adapter@D@__crt_stdio_output@@V?$format_validation_base@DV?$string_output_adapter@D@__crt_stdio_output@@@2@@__crt_stdio_output@@AEAA_NXZ 00000001800121a0 f i libucrtd:output.obj
 0001:00011280       ?state_case_normal@?$output_processor@_WV?$string_output_adapter@_W@__crt_stdio_output@@V?$format_validation_base@_WV?$string_output_adapter@_W@__crt_stdio_output@@@2@@__crt_stdio_output@@AEAA_NXZ 0000000180012280 f i libucrtd:output.obj
 0001:00011360       ?state_case_normal_common@?$output_processor@DV?$string_output_adapter@D@__crt_stdio_output@@V?$format_validation_base@DV?$string_output_adapter@D@__crt_stdio_output@@@2@@__crt_stdio_output@@AEAA_NXZ 0000000180012360 f i libucrtd:output.obj
 0001:000113b0       ?state_case_normal_common@?$output_processor@_WV?$string_output_adapter@_W@__crt_stdio_output@@V?$format_validation_base@_WV?$string_output_adapter@_W@__crt_stdio_output@@@2@@__crt_stdio_output@@AEAA_NXZ 00000001800123b0 f i libucrtd:output.obj
 0001:00011400       ?state_case_normal_tchar@?$output_processor@DV?$string_output_adapter@D@__crt_stdio_output@@V?$format_validation_base@DV?$string_output_adapter@D@__crt_stdio_output@@@2@@__crt_stdio_output@@AEAA_ND@Z 0000000180012400 f i libucrtd:output.obj
 0001:00011540       ?state_case_normal_tchar@?$output_processor@_WV?$string_output_adapter@_W@__crt_stdio_output@@V?$format_validation_base@_WV?$string_output_adapter@_W@__crt_stdio_output@@@2@@__crt_stdio_output@@AEAA_N_W@Z 0000000180012540 f i libucrtd:output.obj
 0001:00011560       ?state_case_percent@?$output_processor@_WV?$string_output_adapter@_W@__crt_stdio_output@@V?$format_validation_base@_WV?$string_output_adapter@_W@__crt_stdio_output@@@2@@__crt_stdio_output@@AEAA_NXZ 0000000180012560 f i libucrtd:output.obj
 0001:00011560       ?state_case_percent@?$output_processor@DV?$string_output_adapter@D@__crt_stdio_output@@V?$format_validation_base@DV?$string_output_adapter@D@__crt_stdio_output@@@2@@__crt_stdio_output@@AEAA_NXZ 0000000180012560 f i libucrtd:output.obj
 0001:000115b0       ?state_case_precision@?$output_processor@DV?$string_output_adapter@D@__crt_stdio_output@@V?$format_validation_base@DV?$string_output_adapter@D@__crt_stdio_output@@@2@@__crt_stdio_output@@AEAA_NXZ 00000001800125b0 f i libucrtd:output.obj
 0001:00011630       ?state_case_precision@?$output_processor@_WV?$string_output_adapter@_W@__crt_stdio_output@@V?$format_validation_base@_WV?$string_output_adapter@_W@__crt_stdio_output@@@2@@__crt_stdio_output@@AEAA_NXZ 0000000180012630 f i libucrtd:output.obj
 0001:000116b0       ?state_case_size@?$output_processor@DV?$string_output_adapter@D@__crt_stdio_output@@V?$format_validation_base@DV?$string_output_adapter@D@__crt_stdio_output@@@2@@__crt_stdio_output@@AEAA_NXZ 00000001800126b0 f i libucrtd:output.obj
 0001:00011b30       ?state_case_size@?$output_processor@_WV?$string_output_adapter@_W@__crt_stdio_output@@V?$format_validation_base@_WV?$string_output_adapter@_W@__crt_stdio_output@@@2@@__crt_stdio_output@@AEAA_NXZ 0000000180012b30 f i libucrtd:output.obj
 0001:00011fb0       ?state_case_type@?$output_processor@DV?$string_output_adapter@D@__crt_stdio_output@@V?$format_validation_base@DV?$string_output_adapter@D@__crt_stdio_output@@@2@@__crt_stdio_output@@AEAA_NXZ 0000000180012fb0 f i libucrtd:output.obj
 0001:00012450       ?state_case_type@?$output_processor@_WV?$string_output_adapter@_W@__crt_stdio_output@@V?$format_validation_base@_WV?$string_output_adapter@_W@__crt_stdio_output@@@2@@__crt_stdio_output@@AEAA_NXZ 0000000180013450 f i libucrtd:output.obj
 0001:000129b0       ?state_case_width@?$output_processor@DV?$string_output_adapter@D@__crt_stdio_output@@V?$format_validation_base@DV?$string_output_adapter@D@__crt_stdio_output@@@2@@__crt_stdio_output@@AEAA_NXZ 00000001800139b0 f i libucrtd:output.obj
 0001:00012a40       ?state_case_width@?$output_processor@_WV?$string_output_adapter@_W@__crt_stdio_output@@V?$format_validation_base@_WV?$string_output_adapter@_W@__crt_stdio_output@@@2@@__crt_stdio_output@@AEAA_NXZ 0000000180013a40 f i libucrtd:output.obj
 0001:00012ad0       ?state_count@?$format_validation_base@_WV?$string_output_adapter@_W@__crt_stdio_output@@@__crt_stdio_output@@KAIXZ 0000000180013ad0 f i libucrtd:output.obj
 0001:00012ad0       ?state_count@?$format_validation_base@DV?$string_output_adapter@D@__crt_stdio_output@@@__crt_stdio_output@@KAIXZ 0000000180013ad0 f i libucrtd:output.obj
 0001:00012ae0       ?state_transition_table@?$format_validation_base@_WV?$string_output_adapter@_W@__crt_stdio_output@@@__crt_stdio_output@@KAPEBEXZ 0000000180013ae0 f i libucrtd:output.obj
 0001:00012ae0       ?state_transition_table@?$format_validation_base@DV?$string_output_adapter@D@__crt_stdio_output@@@__crt_stdio_output@@KAPEBEXZ 0000000180013ae0 f i libucrtd:output.obj
 0001:00012af0       ?tchar_string@?$common_data@D@__crt_stdio_output@@IEAAAEAPEADD@Z 0000000180013af0 f i libucrtd:output.obj
 0001:00012b10       ?tchar_string@?$common_data@D@__crt_stdio_output@@IEAAAEAPEADXZ 0000000180013b10 f i libucrtd:output.obj
 0001:00012b30       ?tchar_string@?$common_data@_W@__crt_stdio_output@@IEAAAEAPEA_WXZ 0000000180013b30 f i libucrtd:output.obj
 0001:00012b50       ?tchar_string@?$common_data@_W@__crt_stdio_output@@IEAAAEAPEA_W_W@Z 0000000180013b50 f i libucrtd:output.obj
 0001:00012b70       ?to_integer_size@__crt_stdio_output@@YA_KW4length_modifier@1@@Z 0000000180013b70 f i libucrtd:output.obj
 0001:00012c20       ?type_case_X@?$output_processor@DV?$string_output_adapter@D@__crt_stdio_output@@V?$format_validation_base@DV?$string_output_adapter@D@__crt_stdio_output@@@2@@__crt_stdio_output@@AEAA_NXZ 0000000180013c20 f i libucrtd:output.obj
 0001:00012c40       ?type_case_X@?$output_processor@_WV?$string_output_adapter@_W@__crt_stdio_output@@V?$format_validation_base@_WV?$string_output_adapter@_W@__crt_stdio_output@@@2@@__crt_stdio_output@@AEAA_NXZ 0000000180013c40 f i libucrtd:output.obj
 0001:00012c60       ?type_case_Z@?$output_processor@DV?$string_output_adapter@D@__crt_stdio_output@@V?$format_validation_base@DV?$string_output_adapter@D@__crt_stdio_output@@@2@@__crt_stdio_output@@AEAA_NXZ 0000000180013c60 f i libucrtd:output.obj
 0001:00012d80       ?type_case_Z@?$output_processor@_WV?$string_output_adapter@_W@__crt_stdio_output@@V?$format_validation_base@_WV?$string_output_adapter@_W@__crt_stdio_output@@@2@@__crt_stdio_output@@AEAA_NXZ 0000000180013d80 f i libucrtd:output.obj
 0001:00012ea0       ?type_case_a@?$output_processor@DV?$string_output_adapter@D@__crt_stdio_output@@V?$format_validation_base@DV?$string_output_adapter@D@__crt_stdio_output@@@2@@__crt_stdio_output@@AEAA_NXZ 0000000180013ea0 f i libucrtd:output.obj
 0001:00013260       ?type_case_a@?$output_processor@_WV?$string_output_adapter@_W@__crt_stdio_output@@V?$format_validation_base@_WV?$string_output_adapter@_W@__crt_stdio_output@@@2@@__crt_stdio_output@@AEAA_NXZ 0000000180014260 f i libucrtd:output.obj
 0001:00013630       ?type_case_c@?$output_processor@DV?$string_output_adapter@D@__crt_stdio_output@@V?$format_validation_base@DV?$string_output_adapter@D@__crt_stdio_output@@@2@@__crt_stdio_output@@AEAA_NXZ 0000000180014630 f i libucrtd:output.obj
 0001:00013650       ?type_case_c@?$output_processor@_WV?$string_output_adapter@_W@__crt_stdio_output@@V?$format_validation_base@_WV?$string_output_adapter@_W@__crt_stdio_output@@@2@@__crt_stdio_output@@AEAA_NXZ 0000000180014650 f i libucrtd:output.obj
 0001:00013670       ?type_case_c_tchar@?$output_processor@DV?$string_output_adapter@D@__crt_stdio_output@@V?$format_validation_base@DV?$string_output_adapter@D@__crt_stdio_output@@@2@@__crt_stdio_output@@AEAA_ND@Z 0000000180014670 f i libucrtd:output.obj
 0001:000137c0       ?type_case_c_tchar@?$output_processor@_WV?$string_output_adapter@_W@__crt_stdio_output@@V?$format_validation_base@_WV?$string_output_adapter@_W@__crt_stdio_output@@@2@@__crt_stdio_output@@AEAA_N_W@Z 00000001800147c0 f i libucrtd:output.obj
 0001:000138f0       ?type_case_d@?$output_processor@DV?$string_output_adapter@D@__crt_stdio_output@@V?$format_validation_base@DV?$string_output_adapter@D@__crt_stdio_output@@@2@@__crt_stdio_output@@AEAA_NXZ 00000001800148f0 f i libucrtd:output.obj
 0001:00013920       ?type_case_d@?$output_processor@_WV?$string_output_adapter@_W@__crt_stdio_output@@V?$format_validation_base@_WV?$string_output_adapter@_W@__crt_stdio_output@@@2@@__crt_stdio_output@@AEAA_NXZ 0000000180014920 f i libucrtd:output.obj
 0001:00013950       ?type_case_integer@?$output_processor@DV?$string_output_adapter@D@__crt_stdio_output@@V?$format_validation_base@DV?$string_output_adapter@D@__crt_stdio_output@@@2@@__crt_stdio_output@@AEAA_NI_N@Z 0000000180014950 f i libucrtd:output.obj
 0001:00013da0       ?type_case_integer@?$output_processor@_WV?$string_output_adapter@_W@__crt_stdio_output@@V?$format_validation_base@_WV?$string_output_adapter@_W@__crt_stdio_output@@@2@@__crt_stdio_output@@AEAA_NI_N@Z 0000000180014da0 f i libucrtd:output.obj
 0001:000141f0       ?type_case_n@?$output_processor@DV?$string_output_adapter@D@__crt_stdio_output@@V?$format_validation_base@DV?$string_output_adapter@D@__crt_stdio_output@@@2@@__crt_stdio_output@@AEAA_NXZ 00000001800151f0 f i libucrtd:output.obj
 0001:00014430       ?type_case_n@?$output_processor@_WV?$string_output_adapter@_W@__crt_stdio_output@@V?$format_validation_base@_WV?$string_output_adapter@_W@__crt_stdio_output@@@2@@__crt_stdio_output@@AEAA_NXZ 0000000180015430 f i libucrtd:output.obj
 0001:00014670       ?type_case_o@?$output_processor@DV?$string_output_adapter@D@__crt_stdio_output@@V?$format_validation_base@DV?$string_output_adapter@D@__crt_stdio_output@@@2@@__crt_stdio_output@@AEAA_NXZ 0000000180015670 f i libucrtd:output.obj
 0001:000146c0       ?type_case_o@?$output_processor@_WV?$string_output_adapter@_W@__crt_stdio_output@@V?$format_validation_base@_WV?$string_output_adapter@_W@__crt_stdio_output@@@2@@__crt_stdio_output@@AEAA_NXZ 00000001800156c0 f i libucrtd:output.obj
 0001:00014710       ?type_case_p@?$output_processor@DV?$string_output_adapter@D@__crt_stdio_output@@V?$format_validation_base@DV?$string_output_adapter@D@__crt_stdio_output@@@2@@__crt_stdio_output@@AEAA_NXZ 0000000180015710 f i libucrtd:output.obj
 0001:00014750       ?type_case_p@?$output_processor@_WV?$string_output_adapter@_W@__crt_stdio_output@@V?$format_validation_base@_WV?$string_output_adapter@_W@__crt_stdio_output@@@2@@__crt_stdio_output@@AEAA_NXZ 0000000180015750 f i libucrtd:output.obj
 0001:00014790       ?type_case_s@?$output_processor@DV?$string_output_adapter@D@__crt_stdio_output@@V?$format_validation_base@DV?$string_output_adapter@D@__crt_stdio_output@@@2@@__crt_stdio_output@@AEAA_NXZ 0000000180015790 f i libucrtd:output.obj
[...]
 0004:000024cc       $pdata$??9__crt_strtox@@YA_NAEBUbig_integer@0@0@Z 00000001800514cc     libucrtd:cfout.obj
 0004:00002520       $pdata$?make_big_integer@__crt_strtox@@YA?AUbig_integer@1@_K@Z 0000000180051520     libucrtd:cfout.obj
 0004:0000252c       $pdata$?make_big_integer_power_of_two@__crt_strtox@@YA?AUbig_integer@1@I@Z 000000018005152c     libucrtd:cfout.obj
 0004:00002514       $pdata$?is_zero@__crt_strtox@@YA_NAEBUbig_integer@1@@Z 0000000180051514     libucrtd:cfout.obj
 0004:000024f0       $pdata$?bit_scan_reverse@__crt_strtox@@YAII@Z 00000001800514f0     libucrtd:cfout.obj
 0004:00002568       $pdata$?shift_left@__crt_strtox@@YA_NAEAUbig_integer@1@I@Z 0000000180051568     libucrtd:cfout.obj
 0004:000024d8       $pdata$?add_carry@__crt_strtox@@YAIAEAIII@Z 00000001800514d8     libucrtd:cfout.obj
 0004:000024e4       $pdata$?add_multiply_carry@__crt_strtox@@YAIAEAIIII@Z 00000001800514e4     libucrtd:cfout.obj
 0004:0000255c       $pdata$?multiply_core@__crt_strtox@@YAIQEAIII@Z 000000018005155c     libucrtd:cfout.obj
 0004:00002544       $pdata$?multiply@__crt_strtox@@YA_NAEAUbig_integer@1@I@Z 0000000180051544     libucrtd:cfout.obj
 0004:00002538       $pdata$?multiply@__crt_strtox@@YA_NAEAUbig_integer@1@AEBU21@@Z 0000000180051538     libucrtd:cfout.obj
 0004:00002550       $pdata$?multiply_by_power_of_ten@__crt_strtox@@YA_NAEAUbig_integer@1@I@Z 0000000180051550     libucrtd:cfout.obj
 0004:000024fc       $pdata$?count_sequential_high_zeroes@__crt_strtox@@YAII@Z 00000001800514fc     libucrtd:cfout.obj
 0004:00002508       $pdata$?divide@__crt_strtox@@YA_KAEAUbig_integer@1@AEBU21@@Z 0000000180051508     libucrtd:cfout.obj
 0004:000024a8       $pdata$??0scoped_fp_state_reset@?A0x71ca7cfb@@QEAA@XZ 00000001800514a8     libucrtd:cfout.obj
 0004:000024b4       $pdata$??1scoped_fp_state_reset@?A0x71ca7cfb@@QEAA@XZ 00000001800514b4     libucrtd:cfout.obj
 0004:00002484       $pdata$??$convert_to_fos_high_precision@N@@YAXNIQEAHQEAD_K@Z 0000000180051484     libucrtd:cfout.obj
 0004:0000258c       $pdata$_fcloseall          000000018005158c     libucrtd:closeall.obj
 0004:00002cc4       $pdata$_fcloseall$fin$0    0000000180051cc4     libucrtd:closeall.obj
 0004:00002580       $pdata$?is_in_use@__crt_stdio_stream@@QEBA_NXZ 0000000180051580     libucrtd:closeall.obj
 0004:00002598       $pdata$?has_crt_buffer@__crt_stdio_stream@@QEBA_NXZ 0000000180051598     libucrtd:_freebuf.obj
 0004:000025a4       $pdata$__acrt_stdio_free_buffer_nolock 00000001800515a4     libucrtd:_freebuf.obj
 0004:000025b0       $pdata$__acrt_GetStringTypeW 00000001800515b0     libucrtd:getstringtypew.obj
 0004:000025f8       $pdata$_itow_s             00000001800515f8     libucrtd:xtoa.obj
 0004:000025ec       $pdata$_itoa_s             00000001800515ec     libucrtd:xtoa.obj
 0004:000025d4       $pdata$??$common_xtox_s@KD@@YAHKQEAD_KI_N@Z 00000001800515d4     libucrtd:xtoa.obj
 0004:000025bc       $pdata$??$common_xtox@KD@@YAHKQEAD_KI_N@Z 00000001800515bc     libucrtd:xtoa.obj
 0004:000025e0       $pdata$??$common_xtox_s@K_W@@YAHKQEA_W_KI_N@Z 00000001800515e0     libucrtd:xtoa.obj
 0004:000025c8       $pdata$??$common_xtox@K_W@@YAHKQEA_W_KI_N@Z 00000001800515c8     libucrtd:xtoa.obj
 0004:0000261c       $pdata$mbstowcs_s          000000018005161c     libucrtd:mbstowcs.obj
 0004:00002610       $pdata$_mbstowcs_s_l       0000000180051610     libucrtd:mbstowcs.obj
 0004:00002604       $pdata$?_mbstowcs_l_helper@@YA_KPEA_WPEBD_KPEAU__crt_locale_pointers@@@Z 0000000180051604     libucrtd:mbstowcs.obj
 0004:0000264c       $pdata$wcstombs_s          000000018005164c     libucrtd:wcstombs.obj
 0004:00002640       $pdata$_wcstombs_s_l       0000000180051640     libucrtd:wcstombs.obj
 0004:00002634       $pdata$?wcsncnt@@YA_KPEB_W_K@Z 0000000180051634     libucrtd:wcstombs.obj
 0004:00002628       $pdata$?_wcstombs_l_helper@@YA_KPEADPEB_W_KPEAU__crt_locale_pointers@@@Z 0000000180051628     libucrtd:wcstombs.obj
 0004:00002cd0       $pdata$?dtor$0@?0??_wcstombs_l_helper@@YA_KPEADPEB_W_KPEAU__crt_locale_pointers@@@Z@4HA 0000000180051cd0     libucrtd:wcstombs.obj
 0004:00002664       $pdata$strcat_s            0000000180051664     libucrtd:strcat_s.obj
 0004:00002658       $pdata$??$common_tcscat_s@D@@YAHQEAD_KQEBD@Z 0000000180051658     libucrtd:strcat_s.obj
 0004:00002670       $pdata$__acrt_OutputDebugStringA 0000000180051670     libucrtd:outputdebugstringa.obj
 0004:0000267c       $pdata$__strncnt           000000018005167c     libucrtd:strncnt.obj
 0004:00002688       $pdata$__ascii_wcsnicmp    0000000180051688     libucrtd:wcsnicmp.obj
 0004:000026d0       $pdata$_commit             00000001800516d0     libucrtd:commit.obj
 0004:000026c4       $pdata$??R<lambda_5533cddd4bda0037814beee657757329>@@QEBAHXZ 00000001800516c4     libucrtd:commit.obj
 0004:000026a0       $pdata$??$__acrt_lowio_lock_fh_and_call@V<lambda_5533cddd4bda0037814beee657757329>@@@@YAHH$$QEAV<lambda_5533cddd4bda0037814beee657757329>@@@Z 00000001800516a0     libucrtd:commit.obj
 0004:000026b8       $pdata$??R<lambda_53fc7fc888e23d815d7080162c0aeeb2>@@QEBAXXZ 00000001800516b8     libucrtd:close.obj
 0004:000026b8       $pdata$??R<lambda_4e3dbe6921bc0b5a1a6bc6573fdc859e>@@QEBAXXZ 00000001800516b8     libucrtd:commit.obj
 0004:000026ac       $pdata$??R<lambda_8ddc48ad9d26c778cb15812d1d88fc8a>@@QEBAXXZ 00000001800516ac     libucrtd:close.obj
 0004:000026ac       $pdata$??R<lambda_47cffbaa968af5c721c38a4a6f8da44d>@@QEBAXXZ 00000001800516ac     libucrtd:commit.obj
 0004:00002694       $pdata$??$?RV<lambda_4e3dbe6921bc0b5a1a6bc6573fdc859e>@@AEAV<lambda_5533cddd4bda0037814beee657757329>@@V<lambda_47cffbaa968af5c721c38a4a6f8da44d>@@@?$__crt_seh_guarded_call@H@@QEAAH$$QEAV<lambda_4e3dbe6921bc0b5a1a6bc6573fdc859e>@@AEAV<lambda_5533cddd4bda0037814beee657757329>@@$$QEAV<lambda_47cffbaa968af5c721c38a4a6f8da44d>@@@Z 0000000180051694     libucrtd:commit.obj
 0004:00002cdc       $pdata$?fin$0@?0???$?RV<lambda_53fc7fc888e23d815d7080162c0aeeb2>@@AEAV<lambda_4e7105787b7b0e0227fbf2b2d883fa65>@@V<lambda_8ddc48ad9d26c778cb15812d1d88fc8a>@@@?$__crt_seh_guarded_call@H@@QEAAH$$QEAV<lambda_53fc7fc888e23d815d7080162c0aeeb2>@@AEAV<lambda_4e7105787b7b0e0227fbf2b2d883fa65>@@$$QEAV<lambda_8ddc48ad9d26c778cb15812d1d88fc8a>@@@Z@4HA 0000000180051cdc     libucrtd:close.obj
 0004:00002cdc       $pdata$?fin$0@?0???$?RV<lambda_4e3dbe6921bc0b5a1a6bc6573fdc859e>@@AEAV<lambda_5533cddd4bda0037814beee657757329>@@V<lambda_47cffbaa968af5c721c38a4a6f8da44d>@@@?$__crt_seh_guarded_call@H@@QEAAH$$QEAV<lambda_4e3dbe6921bc0b5a1a6bc6573fdc859e>@@AEAV<lambda_5533cddd4bda0037814beee657757329>@@$$QEAV<lambda_47cffbaa968af5c721c38a4a6f8da44d>@@@Z@4HA 0000000180051cdc     libucrtd:commit.obj
 0004:00002730       $pdata$_write              0000000180051730     libucrtd:write.obj
 0004:00002ce8       $pdata$_write$fin$0        0000000180051ce8     libucrtd:write.obj
 0004:0000273c       $pdata$_write_nolock       000000018005173c     libucrtd:write.obj
 0004:00002700       $pdata$?write_requires_double_translation_nolock@@YA_NH@Z 0000000180051700     libucrtd:write.obj
 0004:000026e8       $pdata$?write_double_translated_ansi_nolock@@YA?AUwrite_result@?A0x17268360@@HQEBDI@Z 00000001800516e8     libucrtd:write.obj
 0004:000026f4       $pdata$?write_double_translated_unicode_nolock@@YA?AUwrite_result@?A0x17268360@@QEBDI@Z 00000001800516f4     libucrtd:write.obj
 0004:0000270c       $pdata$?write_text_ansi_nolock@@YA?AUwrite_result@?A0x17268360@@HQEBDI@Z 000000018005170c     libucrtd:write.obj
 0004:00002718       $pdata$?write_text_utf16le_nolock@@YA?AUwrite_result@?A0x17268360@@HQEBDI@Z 0000000180051718     libucrtd:write.obj
 0004:00002724       $pdata$?write_text_utf8_nolock@@YA?AUwrite_result@?A0x17268360@@HQEBDI@Z 0000000180051724     libucrtd:write.obj
 0004:000026dc       $pdata$?write_binary_nolock@@YA?AUwrite_result@?A0x17268360@@HQEBDI@Z 00000001800516dc     libucrtd:write.obj
 0004:00002748       $pdata$?__mbrtoc32_utf8@__crt_mbstring@@YA_KPEA_UPEBD_KPEAU_Mbstatet@@@Z 0000000180051748     libucrtd:mbrtoc32.obj
 0004:00002760       $pdata$ceil                0000000180051760     libucrtd:ceil.obj
 0004:0000276c       $pdata$fegetenv            000000018005176c     libucrtd:fegetenv.obj
 0004:00002778       $pdata$fesetenv            0000000180051778     libucrtd:fesetenv.obj
 0004:00002784       $pdata$feholdexcept        0000000180051784     libucrtd:feholdexcept.obj
 0004:000027a8       $pdata$_lseeki64_nolock    00000001800517a8     libucrtd:lseek.obj
 0004:0000279c       $pdata$?common_lseek_do_seek_nolock@@YA_JQEAX_JH@Z 000000018005179c     libucrtd:lseek.obj
 0004:00002790       $pdata$??$common_lseek_nolock@_J@@YA_JH_JH@Z 0000000180051790     libucrtd:lseek.obj
 0004:000027c0       $pdata$fclose              00000001800517c0     libucrtd:fclose.obj
 0004:00002cf4       $pdata$fclose$fin$0        0000000180051cf4     libucrtd:fclose.obj
 0004:000027b4       $pdata$_fclose_nolock      00000001800517b4     libucrtd:fclose.obj
 0004:000027cc       $pdata$?__wcsrtombs_utf8@__crt_mbstring@@YA_KPEADPEAPEB_W_KPEAU_Mbstatet@@@Z 00000001800517cc     libucrtd:wcrtomb.obj
 0004:000027d8       $pdata$_putwch_nolock      00000001800517d8     libucrtd:putwch.obj
 0004:000027e4       $pdata$__acrt_initialize_fma3 00000001800517e4     libucrtd:fma3_available.obj
 0004:000027fc       $pdata$_log_special_common 00000001800517fc     libucrtd:log_special.obj
 0004:000027f0       $pdata$_log10_special      00000001800517f0     libucrtd:log_special.obj
 0004:00002808       $pdata$_call_matherr       0000000180051808     libucrtd:libm_error.obj
 0004:00002814       $pdata$_exception_enabled  0000000180051814     libucrtd:libm_error.obj
 0004:0000282c       $pdata$_handle_nan         000000018005182c     libucrtd:libm_error.obj
 0004:00002820       $pdata$_handle_error       0000000180051820     libucrtd:libm_error.obj
 0004:00002838       $pdata$??$__acrt_fenv_shift_bits@W4__acrt_fenv_abstract_control@@@@YA?AW4__acrt_fenv_abstract_control@@W40@0I@Z 0000000180051838     libucrtd:_fenvutils.obj
 0004:00002838       $pdata$??$__acrt_fenv_shift_bits@W4__acrt_fenv_abstract_status@@@@YA?AW4__acrt_fenv_abstract_status@@W40@0I@Z 0000000180051838     libucrtd:_fenvutils.obj
 0004:00002868       $pdata$??$__acrt_fenv_unshift_bits@W4__acrt_fenv_abstract_control@@@@YA?AW4__acrt_fenv_abstract_control@@W40@0I@Z 0000000180051868     libucrtd:_fenvutils.obj
 0004:00002868       $pdata$??$__acrt_fenv_unshift_bits@W4__acrt_fenv_abstract_status@@@@YA?AW4__acrt_fenv_abstract_status@@W40@0I@Z 0000000180051868     libucrtd:_fenvutils.obj
 0004:000028d4       $pdata$?__acrt_fenv_shift_abstract_sse_status@@YA?AW4__acrt_fenv_abstract_status@@W41@@Z 00000001800518d4     libucrtd:_fenvutils.obj
 0004:000028ec       $pdata$?__acrt_fenv_unshift_abstract_sse_status@@YA?AW4__acrt_fenv_abstract_status@@W41@@Z 00000001800518ec     libucrtd:_fenvutils.obj
 0004:000028c8       $pdata$?__acrt_fenv_shift_abstract_sse_control@@YA?AW4__acrt_fenv_abstract_control@@W41@@Z 00000001800518c8     libucrtd:_fenvutils.obj
 0004:000028e0       $pdata$?__acrt_fenv_unshift_abstract_sse_control@@YA?AW4__acrt_fenv_abstract_control@@W41@@Z 00000001800518e0     libucrtd:_fenvutils.obj
 0004:00002970       $pdata$__acrt_fenv_get_status 0000000180051970     libucrtd:_fenvutils.obj
 0004:00002988       $pdata$__acrt_fenv_set_status 0000000180051988     libucrtd:_fenvutils.obj
 0004:00002964       $pdata$__acrt_fenv_get_control 0000000180051964     libucrtd:_fenvutils.obj
 0004:0000297c       $pdata$__acrt_fenv_set_control 000000018005197c     libucrtd:_fenvutils.obj
 0004:00002940       $pdata$?to_machine_sse_status@@YA?AW4__acrt_fenv_machine_sse_status@@W4__acrt_fenv_abstract_status@@@Z 0000000180051940     libucrtd:_fenvutils.obj
 0004:000028bc       $pdata$??$translate_status@W4__acrt_fenv_machine_sse_status@@W4__acrt_fenv_abstract_status@@@@YA?AW4__acrt_fenv_machine_sse_status@@W4__acrt_fenv_abstract_status@@@Z 00000001800518bc     libucrtd:_fenvutils.obj
 0004:00002958       $pdata$?translate_control_denormal_control_to_sse@@YA?AW4__acrt_fenv_machine_sse_control@@W4__acrt_fenv_abstract_control@@@Z 0000000180051958     libucrtd:_fenvutils.obj
 0004:0000294c       $pdata$?translate_control_denormal_control_from_sse@@YA?AW4__acrt_fenv_abstract_control@@W4__acrt_fenv_machine_sse_control@@@Z 000000018005194c     libucrtd:_fenvutils.obj
 0004:00002928       $pdata$?to_abstract_control@@YA?AW4__acrt_fenv_abstract_control@@W4__acrt_fenv_machine_sse_control@@@Z 0000000180051928     libucrtd:_fenvutils.obj
 0004:00002880       $pdata$??$translate_control_exception_mask@W4__acrt_fenv_abstract_control@@W4__acrt_fenv_machine_sse_control@@@@YA?AW4__acrt_fenv_abstract_control@@W4__acrt_fenv_machine_sse_control@@@Z 0000000180051880     libucrtd:_fenvutils.obj
 0004:00002898       $pdata$??$translate_control_rounding_control@W4__acrt_fenv_abstract_control@@W4__acrt_fenv_machine_sse_control@@@@YA?AW4__acrt_fenv_abstract_control@@W4__acrt_fenv_machine_sse_control@@@Z 0000000180051898     libucrtd:_fenvutils.obj
 0004:00002934       $pdata$?to_machine_sse_control@@YA?AW4__acrt_fenv_machine_sse_control@@W4__acrt_fenv_abstract_control@@@Z 0000000180051934     libucrtd:_fenvutils.obj
 0004:0000288c       $pdata$??$translate_control_exception_mask@W4__acrt_fenv_machine_sse_control@@W4__acrt_fenv_abstract_control@@@@YA?AW4__acrt_fenv_machine_sse_control@@W4__acrt_fenv_abstract_control@@@Z 000000018005188c     libucrtd:_fenvutils.obj
 0004:000028a4       $pdata$??$translate_control_rounding_control@W4__acrt_fenv_machine_sse_control@@W4__acrt_fenv_abstract_control@@@@YA?AW4__acrt_fenv_machine_sse_control@@W4__acrt_fenv_abstract_control@@@Z 00000001800518a4     libucrtd:_fenvutils.obj
 0004:00002904       $pdata$?get_machine_sse_status@@YA?AW4__acrt_fenv_machine_sse_status@@XZ 0000000180051904     libucrtd:_fenvutils.obj
 0004:0000291c       $pdata$?set_machine_sse_status@@YAXW4__acrt_fenv_machine_sse_status@@@Z 000000018005191c     libucrtd:_fenvutils.obj
 0004:000028f8       $pdata$?get_machine_sse_control@@YA?AW4__acrt_fenv_machine_sse_control@@XZ 00000001800518f8     libucrtd:_fenvutils.obj
 0004:00002910       $pdata$?set_machine_sse_control@@YAXW4__acrt_fenv_machine_sse_control@@@Z 0000000180051910     libucrtd:_fenvutils.obj
 0004:00002874       $pdata$??$to_abstract_status@W4__acrt_fenv_machine_sse_status@@@@YA?AW4__acrt_fenv_abstract_status@@W4__acrt_fenv_machine_sse_status@@@Z 0000000180051874     libucrtd:_fenvutils.obj
 0004:00002850       $pdata$??$__acrt_fenv_translate_bit@W4__acrt_fenv_abstract_status@@W4__acrt_fenv_machine_sse_status@@@@YA?AW4__acrt_fenv_abstract_status@@W4__acrt_fenv_machine_sse_status@@0W40@1@Z 0000000180051850     libucrtd:_fenvutils.obj
 0004:00002850       $pdata$??$__acrt_fenv_translate_bit@W4__acrt_fenv_machine_sse_status@@W4__acrt_fenv_abstract_status@@@@YA?AW4__acrt_fenv_machine_sse_status@@W4__acrt_fenv_abstract_status@@0W40@1@Z 0000000180051850     libucrtd:_fenvutils.obj
 0004:00002844       $pdata$??$__acrt_fenv_translate_bit@W4__acrt_fenv_abstract_control@@W4__acrt_fenv_machine_sse_control@@@@YA?AW4__acrt_fenv_abstract_control@@W4__acrt_fenv_machine_sse_control@@0W40@1@Z 0000000180051844     libucrtd:_fenvutils.obj
 0004:0000285c       $pdata$??$__acrt_fenv_translate_bit@W4__acrt_fenv_machine_sse_control@@W4__acrt_fenv_abstract_control@@@@YA?AW4__acrt_fenv_machine_sse_control@@W4__acrt_fenv_abstract_control@@0W40@1@Z 000000018005185c     libucrtd:_fenvutils.obj
 0004:000028b0       $pdata$??$translate_status@W4__acrt_fenv_abstract_status@@W4__acrt_fenv_machine_sse_status@@@@YA?AW4__acrt_fenv_abstract_status@@W4__acrt_fenv_machine_sse_status@@@Z 00000001800518b0     libucrtd:_fenvutils.obj
 0004:000029a0       $pdata$_clearfp            00000001800519a0     libucrtd:ieee.obj
 0004:00002994       $pdata$_abstract_sw        0000000180051994     libucrtd:ieee.obj
 0004:000029dc       $pdata$_close              00000001800519dc     libucrtd:close.obj
 0004:000029e8       $pdata$_close_nolock       00000001800519e8     libucrtd:close.obj
 0004:000029d0       $pdata$?close_os_handle_nolock@@YAKH@Z 00000001800519d0     libucrtd:close.obj
 0004:000029c4       $pdata$??R<lambda_4e7105787b7b0e0227fbf2b2d883fa65>@@QEBAHXZ 00000001800519c4     libucrtd:close.obj
 0004:000029b8       $pdata$??$__acrt_lowio_lock_fh_and_call@V<lambda_4e7105787b7b0e0227fbf2b2d883fa65>@@@@YAHH$$QEAV<lambda_4e7105787b7b0e0227fbf2b2d883fa65>@@@Z 00000001800519b8     libucrtd:close.obj
 0004:000029ac       $pdata$??$?RV<lambda_53fc7fc888e23d815d7080162c0aeeb2>@@AEAV<lambda_4e7105787b7b0e0227fbf2b2d883fa65>@@V<lambda_8ddc48ad9d26c778cb15812d1d88fc8a>@@@?$__crt_seh_guarded_call@H@@QEAAH$$QEAV<lambda_53fc7fc888e23d815d7080162c0aeeb2>@@AEAV<lambda_4e7105787b7b0e0227fbf2b2d883fa65>@@$$QEAV<lambda_8ddc48ad9d26c778cb15812d1d88fc8a>@@@Z 00000001800519ac     libucrtd:close.obj
 0004:000029f4       $pdata$?__acrt_stdio_free_stream@@YAXV__crt_stdio_stream@@@Z 00000001800519f4     libucrtd:stream.obj
 0004:00002a00       $pdata$?__c16rtomb_utf8@__crt_mbstring@@YA_KPEAD_SPEAU_Mbstatet@@@Z 0000000180051a00     libucrtd:c16rtomb.obj
 0004:00002a30       $pdata$?store_first_surrogate@?A0xc60ee810@@YAX_SPEAU_Mbstatet@@@Z 0000000180051a30     libucrtd:c16rtomb.obj
 0004:00002a0c       $pdata$?has_surrogate@?A0xc60ee810@@YA_NPEAU_Mbstatet@@@Z 0000000180051a0c     libucrtd:c16rtomb.obj
 0004:00002a18       $pdata$?is_first_surrogate@?A0xc60ee810@@YA_N_S@Z 0000000180051a18     libucrtd:c16rtomb.obj
 0004:00002a24       $pdata$?is_second_surrogate@?A0xc60ee810@@YA_N_S@Z 0000000180051a24     libucrtd:c16rtomb.obj
 0004:00002a3c       $pdata$__dcrt_lowio_ensure_console_output_initialized 0000000180051a3c     libucrtd:initcon.obj
 0004:00002a54       $pdata$__dcrt_write_console 0000000180051a54     libucrtd:initcon.obj
 0004:00002a48       $pdata$__dcrt_terminate_console_output 0000000180051a48     libucrtd:initcon.obj
 0004:00002a78       $pdata$_set_errno_from_matherr 0000000180051a78     libucrtd:fpexcept.obj
 0004:00002a60       $pdata$_raise_exc          0000000180051a60     libucrtd:fpexcept.obj
 0004:00002a6c       $pdata$_raise_exc_ex       0000000180051a6c     libucrtd:fpexcept.obj
 0004:00002a84       $pdata$_clrfp              0000000180051a84     libucrtd:fpctrl.obj
 0004:00002a90       $pdata$_ctrlfp             0000000180051a90     libucrtd:fpctrl.obj
 0004:00002d00       $pdata$_ctrlfp$filt$0      0000000180051d00     libucrtd:fpctrl.obj
 0004:00002aa8       $pdata$_statfp             0000000180051aa8     libucrtd:fpctrl.obj
 0004:00002a9c       $pdata$_set_statfp         0000000180051a9c     libucrtd:fpctrl.obj
 0004:00002ad8       $pdata$_ValidateImageBase  0000000180051ad8     LIBCMTD:pesect.obj
 0004:00002ac0       $pdata$_FindPESection      0000000180051ac0     LIBCMTD:pesect.obj
 0004:00002acc       $pdata$_IsNonwritableInCurrentImage 0000000180051acc     LIBCMTD:pesect.obj
 0004:00002d0c       $pdata$_IsNonwritableInCurrentImage$filt$0 0000000180051d0c     LIBCMTD:pesect.obj
 0004:00002ae4       $pdata$??_Gtype_info@@UEAAPEAXI@Z 0000000180051ae4     LIBCMTD:std_type_info_static.obj
 0004:00002af0       $pdata$??3@YAXPEAX_K@Z     0000000180051af0     LIBCMTD:delete_scalar_size.obj
 0004:00002afc       $pdata$__GSHandlerCheck_SEH 0000000180051afc     LIBCMTD:gshandlerseh.obj
 0004:00002b14       $pdata$__GSHandlerCheck_EH 0000000180051b14     LIBCMTD:gshandlereh.obj
 0004:00002b20       $pdata$??3@YAXPEAX@Z       0000000180051b20     LIBCMTD:delete_scalar.obj
 0004:00002b38       $pdata$strrchr             0000000180051b38     libvcruntimed:strrchr.obj
 0005:00000000       MoveSmall                  0000000180052000     libvcruntimed:memcpy.obj
 0005:00000050       MsetTab                    0000000180052050     libvcruntimed:memset.obj
