 handmade

 Timestamp is 5eceeacd (Wed May 27 16:33:49 2020)

 Preferred load address is 0000000180000000

 Start         Length     Name                   Class
 0001:00000000 000394e0H .text$mn                CODE
 0001:000394e0 00000020H .text$mn$00             CODE
 0001:00039500 0000068dH .text$x                 CODE
 0002:00000000 00000248H .idata$5                DATA
 0002:00000248 00000028H .00cfg                  DATA
 0002:00000270 00000008H .CRT$XCA                DATA
 0002:00000278 00000008H .CRT$XCZ                DATA
 0002:00000280 00000008H .CRT$XIA                DATA
 0002:00000288 00000018H .CRT$XIC                DATA
 0002:000002a0 00000008H .CRT$XIZ                DATA
 0002:000002a8 00000008H .CRT$XPA                DATA
 0002:000002b0 00000010H .CRT$XPX                DATA
 0002:000002c0 00000008H .CRT$XPXA               DATA
 0002:000002c8 00000008H .CRT$XPZ                DATA
 0002:000002d0 00000008H .CRT$XTA                DATA
 0002:000002d8 00000008H .CRT$XTZ                DATA
 0002:000002e0 00000000H .gfids$y                DATA
 0002:000002e0 000104a0H .rdata                  DATA
 0002:00010780 0000016cH .rdata$r                DATA
 0002:000108ec 000002f4H .rdata$zzzdbg           DATA
 0002:00010be0 00000008H .rtc$IAA                DATA
 0002:00010be8 00000008H .rtc$IZZ                DATA
 0002:00010bf0 00000008H .rtc$TAA                DATA
 0002:00010bf8 00000008H .rtc$TZZ                DATA
 0002:00010c00 00001138H .xdata                  DATA
 0002:00011d38 00000088H .xdata$x                DATA
 0002:00011dc0 00000074H .edata                  DATA
 0002:00011e34 00000014H .idata$2                DATA
 0002:00011e48 00000018H .idata$3                DATA
 0002:00011e60 00000248H .idata$4                DATA
 0002:000120a8 00000554H .idata$6                DATA
 0003:00000000 00005a30H .data                   DATA
 0003:00005a30 00000070H .data$r                 DATA
 0003:00005aa0 00001868H .bss                    DATA
 0004:00000000 00002e68H .pdata                  DATA
 0005:00000000 00000094H _RDATA                  DATA

  Address         Publics by Value              Rva+Base               Lib:Object

 0000:00000000       __guard_longjmp_count      0000000000000000     <absolute>
 0000:00000000       __guard_fids_count         0000000000000000     <absolute>
 0000:00000000       __hybrid_code_map_count    0000000000000000     <absolute>
 0000:00000000       __guard_iat_table          0000000000000000     <absolute>
 0000:00000000       __hybrid_code_map          0000000000000000     <absolute>
 0000:00000000       __guard_iat_count          0000000000000000     <absolute>
 0000:00000000       __guard_eh_cont_count      0000000000000000     <absolute>
 0000:00000000       __volatile_metadata        0000000000000000     <absolute>
 0000:00000000       __guard_longjmp_table      0000000000000000     <absolute>
 0000:00000000       __guard_eh_cont_table      0000000000000000     <absolute>
 0000:00000000       __enclave_config           0000000000000000     <absolute>
 0000:00000000       __AbsoluteZero             0000000000000000     <absolute>
 0000:00000000       ___safe_se_handler_count   0000000000000000     <absolute>
 0000:00000000       ___safe_se_handler_table   0000000000000000     <absolute>
 0000:00000000       __guard_fids_table         0000000000000000     <absolute>
 0000:00000000       __hybrid_auxiliary_iat     0000000000000000     <absolute>
 0000:00000000       __dynamic_value_reloc_table 0000000000000000     <absolute>
 0000:00000100       __guard_flags              0000000000000100     <absolute>
 0000:00000000       __ImageBase                0000000180000000     <linker-defined>
 0001:00000040       ?PushSize_@@YAPEAXPEAUmemory_arena@@_K@Z 0000000180001040 f   handmade.obj
 0001:00000e40       GameUpdateAndRender        0000000180001e40 f   handmade.obj
 0001:00002a10       GameGetSoundSamples        0000000180003a10 f   handmade.obj
 0001:00002a50       ??D@YA?AUv2@@MU0@@Z        0000000180003a50 f i handmade.obj
 0001:00002a90       ??D@YA?AUv2@@U0@M@Z        0000000180003a90 f i handmade.obj
 0001:00002ad0       ??G@YA?AUv2@@U0@0@Z        0000000180003ad0 f i handmade.obj
 0001:00002b10       ??H@YA?AUv2@@U0@0@Z        0000000180003b10 f i handmade.obj
 0001:00002b50       ??Xv2@@QEAAAEAU0@M@Z       0000000180003b50 f i handmade.obj
 0001:00002b90       ??Yv2@@QEAAAEAU0@U0@@Z     0000000180003b90 f i handmade.obj
 0001:00002bd0       ?FindLeastSignificantSetBit@@YA?AUbit_scan_result@@I@Z 0000000180003bd0 f i handmade.obj
 0001:00002c10       ?GetChunkPositionFor@@YA?AUtile_chunk_position@@PEAUtile_map@@III@Z 0000000180003c10 f i handmade.obj
 0001:00002cc0       ?GetController@@YAPEAUgame_controller_input@@PEAUgame_input@@H@Z 0000000180003cc0 f i handmade.obj
 0001:00002d10       ?GetTileChunk@@YAPEAUtile_chunk@@PEAUtile_map@@III@Z 0000000180003d10 f i handmade.obj
 0001:00002da0       ?GetTileValue@@YAIPEAUtile_map@@PEAUtile_chunk@@II@Z 0000000180003da0 f i handmade.obj
 0001:00002e00       ?GetTileValueUnchecked@@YAIPEAUtile_map@@PEAUtile_chunk@@II@Z 0000000180003e00 f i handmade.obj
 0001:00002e90       ?InnerProduct@@YAMUv2@@0@Z 0000000180003e90 f i handmade.obj
 0001:00002ed0       ?RecanonicalizeCoord@@YAXPEAUtile_map@@PEAIPEAM@Z 0000000180003ed0 f i handmade.obj
 0001:00002f90       ?RecanonicalizePosition@@YA?AUtile_map_position@@PEAUtile_map@@U1@@Z 0000000180003f90 f i handmade.obj
 0001:00003020       ?RoundReal32ToInt32@@YAHM@Z 0000000180004020 f i handmade.obj
 0001:00003050       ?RoundReal32ToUInt32@@YAIM@Z 0000000180004050 f i handmade.obj
 0001:00003080       ?SetTileValue@@YAXPEAUtile_map@@PEAUtile_chunk@@III@Z 0000000180004080 f i handmade.obj
 0001:000030e0       ?SetTileValueUnchecked@@YAXPEAUtile_map@@PEAUtile_chunk@@III@Z 00000001800040e0 f i handmade.obj
 0001:00003160       ?Square@@YAMM@Z            0000000180004160 f i handmade.obj
 0001:00003190       ?Subtract@@YA?AUtile_map_difference@@PEAUtile_map@@PEAUtile_map_position@@1@Z 0000000180004190 f i handmade.obj
 0001:000032e0       __GSHandlerCheck           00000001800042e0 f   LIBCMTD:gshandler.obj
 0001:00003320       __GSHandlerCheckCommon     0000000180004320 f   LIBCMTD:gshandler.obj
 0001:00003430       __security_check_cookie    0000000180004430 f   LIBCMTD:amdsecgs.obj
 0001:00003870       _DllMainCRTStartup         0000000180004870 f   LIBCMTD:dll_dllmain.obj
 0001:000038b0       __raise_securityfailure    00000001800048b0 f   LIBCMTD:gs_report.obj
 0001:000038f0       __report_gsfailure         00000001800048f0 f   LIBCMTD:gs_report.obj
 0001:000039d0       __report_rangecheckfailure 00000001800049d0 f   LIBCMTD:gs_report.obj
 0001:000039f0       __report_securityfailure   00000001800049f0 f   LIBCMTD:gs_report.obj
 0001:00003cb0       __security_init_cookie     0000000180004cb0 f   LIBCMTD:gs_support.obj
 0001:00003d30       DllMain                    0000000180004d30 f   LIBCMTD:dll_dllmain_stub.obj
 0001:00003d50       ?__scrt_initialize_type_info@@YAXXZ 0000000180004d50 f   LIBCMTD:tncleanup.obj
 0001:00003d70       ?__scrt_uninitialize_type_info@@YAXXZ 0000000180004d70 f   LIBCMTD:tncleanup.obj
 0001:00003d90       __local_stdio_printf_options 0000000180004d90 f i LIBCMTD:default_local_stdio_options.obj
 0001:00003da0       __local_stdio_scanf_options 0000000180004da0 f i LIBCMTD:default_local_stdio_options.obj
 0001:00003db0       __scrt_initialize_default_local_stdio_options 0000000180004db0 f   LIBCMTD:default_local_stdio_options.obj
 0001:00003e00       ?configure_argv@__scrt_narrow_argv_policy@@SAHXZ 0000000180004e00 f i LIBCMTD:utility.obj
 0001:00003ef0       ?initialize_environment@__scrt_narrow_environment_policy@@SAHXZ 0000000180004ef0 f i LIBCMTD:utility.obj
 0001:00003f90       NtCurrentTeb               0000000180004f90 f i LIBCMTD:utility.obj
 0001:00003fa0       __scrt_acquire_startup_lock 0000000180004fa0 f   LIBCMTD:utility.obj
 0001:00004010       __scrt_dllmain_after_initialize_c 0000000180005010 f   LIBCMTD:utility.obj
 0001:00004040       __scrt_dllmain_before_initialize_c 0000000180005040 f   LIBCMTD:utility.obj
 0001:00004060       __scrt_dllmain_crt_thread_attach 0000000180005060 f   LIBCMTD:utility.obj
 0001:00004090       __scrt_dllmain_crt_thread_detach 0000000180005090 f   LIBCMTD:utility.obj
 0001:000040b0       __scrt_dllmain_exception_filter 00000001800050b0 f   LIBCMTD:utility.obj
 0001:00004120       __scrt_dllmain_uninitialize_c 0000000180005120 f   LIBCMTD:utility.obj
 0001:00004150       __scrt_dllmain_uninitialize_critical 0000000180005150 f   LIBCMTD:utility.obj
 0001:00004170       __scrt_initialize_crt      0000000180005170 f   LIBCMTD:utility.obj
 0001:000041c0       __scrt_initialize_onexit_tables 00000001800051c0 f   LIBCMTD:utility.obj
 0001:000042d0       __scrt_is_nonwritable_in_current_image 00000001800052d0 f   LIBCMTD:utility.obj
 0001:00004360       __scrt_release_startup_lock 0000000180005360 f   LIBCMTD:utility.obj
 0001:00004390       __scrt_uninitialize_crt    0000000180005390 f   LIBCMTD:utility.obj
 0001:000043d0       __scrt_get_dyn_tls_init_callback 00000001800053d0 f   LIBCMTD:dyn_tls_init.obj
 0001:000043e0       __crt_debugger_hook        00000001800053e0 f   LIBCMTD:utility_desktop.obj
 0001:000043f0       __scrt_fastfail            00000001800053f0 f   LIBCMTD:utility_desktop.obj
 0001:00004590       _RTC_Initialize            0000000180005590 f   LIBCMTD:initsect.obj
 0001:000045e0       _RTC_Terminate             00000001800055e0 f   LIBCMTD:initsect.obj
 0001:00004630       ??1?$__crt_simd_cleanup_guard@$0A@@@QEAA@XZ 0000000180005630 f i libucrtd:strnlen.obj
 0001:00004630       ??1scoped_global_state_reset@__crt_state_management@@QEAA@XZ 0000000180005630 f i libucrtd:onexit.obj
 0001:00004630       _guard_check_icall_nop     0000000180005630 f i LIBCMTD:guard_support.obj
 0001:00004640       ReadNoFence64              0000000180005640 f i LIBCMTD:guard_support.obj
 0001:00004640       ?__crt_interlocked_read_64@@YA_JPED_J@Z 0000000180005640 f i libvcruntimed:std_type_info.obj
 0001:00004660       ReadPointerNoFence         0000000180005660 f i LIBCMTD:guard_support.obj
 0001:00004660       ??$__crt_interlocked_read_pointer@UHINSTANCE__@@@@YAPEAUHINSTANCE__@@PEDSEAU0@@Z 0000000180005660 f i libvcruntimed:winapi_downlevel.obj
 0001:00004660       ??$__crt_interlocked_read_pointer@X@@YAPEAXPEDSEAX@Z 0000000180005660 f i libvcruntimed:winapi_downlevel.obj
 0001:00004680       _guard_icall_checks_enforced 0000000180005680 f i LIBCMTD:guard_support.obj
 0001:000046c0       __isa_available_init       00000001800056c0 f   LIBCMTD:cpu_disp.obj
 0001:00004a60       _get_startup_argv_mode     0000000180005a60 f   LIBCMTD:argv_mode.obj
 0001:00004a70       __scrt_is_ucrt_dll_in_use  0000000180005a70 f   LIBCMTD:ucrt_detection.obj
 0001:00004aa0       IsProcessorFeaturePresent  0000000180005aa0 f   kernel32:KERNEL32.dll
 0001:00004ab0       __C_specific_handler       0000000180005ab0 f   libvcruntimed:riscchandler.obj
 0001:00004f20       ??$?RU__crt_multibyte_data@@@__crt_internal_free_policy@@QEBAXQEBU__crt_multibyte_data@@@Z 0000000180005f20 f i libucrtd:mbctype.obj
 0001:00004f20       ??$?RE@__crt_internal_free_policy@@QEBAXQEBE@Z 0000000180005f20 f i libucrtd:argv_parsing.obj
 0001:00004f20       ??$?RU__crt_lowio_handle_data@@@__crt_internal_free_policy@@QEBAXQEBU__crt_lowio_handle_data@@@Z 0000000180005f20 f i libucrtd:osfinfo.obj
 0001:00004f20       ??$?RU__acrt_ptd@@@__crt_internal_free_policy@@QEBAXQEBU__acrt_ptd@@@Z 0000000180005f20 f i libucrtd:per_thread_data.obj
 0001:00004f20       ??$?RPEAU__crt_stdio_stream_data@@@__crt_internal_free_policy@@QEBAXQEBQEAU__crt_stdio_stream_data@@@Z 0000000180005f20 f i libucrtd:_file.obj
 0001:00004f20       ??$?RU__vcrt_ptd@@@__crt_internal_free_policy@@QEBAXQEBU__vcrt_ptd@@@Z 0000000180005f20 f i libvcruntimed:per_thread_data.obj
 0001:00004f20       ??$?RPEAD@__crt_internal_free_policy@@QEBAXQEBQEAD@Z 0000000180005f20 f i libucrtd:argv_parsing.obj
 0001:00004f20       ??$?RD@__crt_internal_free_policy@@QEBAXQEBD@Z 0000000180005f20 f i libvcruntimed:std_type_info.obj
 0001:00004f50       ??0__crt_stdio_stream@@QEAA@QEAU__crt_stdio_stream_data@@@Z 0000000180005f50 f i libucrtd:fflush.obj
 0001:00004f50       ??0?$__crt_unique_heap_ptr@PEADU__crt_internal_free_policy@@@@QEAA@QEAPEAD@Z 0000000180005f50 f i libucrtd:argv_parsing.obj
 0001:00004f50       ??0?$__crt_unique_handle_t@U__crt_hmodule_traits@@@@QEAA@QEAUHINSTANCE__@@@Z 0000000180005f50 f i libucrtd:exit.obj
 0001:00004f50       ??0?$__crt_unique_heap_ptr@U__vcrt_ptd@@U__crt_internal_free_policy@@@@QEAA@QEAU__vcrt_ptd@@@Z 0000000180005f50 f i libvcruntimed:per_thread_data.obj
 0001:00004f50       ??0?$__crt_scoped_stack_ptr_tag@_W@@QEAA@QEA_W@Z 0000000180005f50 f i libucrtd:getstringtypea.obj
 0001:00004f50       ??0?$string_output_adapter@_W@__crt_stdio_output@@QEAA@QEAU?$string_output_adapter_context@_W@1@@Z 0000000180005f50 f i libucrtd:output.obj
 0001:00004f50       ??0?$__crt_unique_heap_ptr@DU__crt_public_free_policy@@@@QEAA@QEAD@Z 0000000180005f50 f i libvcruntimed:std_exception.obj
 0001:00004f50       ??0?$__crt_unique_heap_ptr@PEAU__crt_stdio_stream_data@@U__crt_internal_free_policy@@@@QEAA@QEAPEAU__crt_stdio_stream_data@@@Z 0000000180005f50 f i libucrtd:_file.obj
 0001:00004f50       ??0?$__crt_scoped_stack_ptr@_W@@QEAA@U?$__crt_scoped_stack_ptr_tag@_W@@@Z 0000000180005f50 f i libucrtd:getstringtypea.obj
 0001:00004f50       ??0?$__crt_unique_heap_ptr@U__crt_lowio_handle_data@@U__crt_internal_free_policy@@@@QEAA@QEAU__crt_lowio_handle_data@@@Z 0000000180005f50 f i libucrtd:osfinfo.obj
 0001:00004f50       ??0?$__crt_unique_heap_ptr@EU__crt_internal_free_policy@@@@QEAA@QEAE@Z 0000000180005f50 f i libucrtd:argv_parsing.obj
 0001:00004f50       ??0?$__crt_unique_handle_t@U__crt_findfile_traits@@@@QEAA@QEAX@Z 0000000180005f50 f i libucrtd:argv_wildcards.obj
 0001:00004f50       ??0?$string_output_adapter@D@__crt_stdio_output@@QEAA@QEAU?$string_output_adapter_context@D@1@@Z 0000000180005f50 f i libucrtd:output.obj
 0001:00004f50       ??0?$__crt_unique_heap_ptr@U__acrt_ptd@@U__crt_internal_free_policy@@@@QEAA@QEAU__acrt_ptd@@@Z 0000000180005f50 f i libucrtd:per_thread_data.obj
 0001:00004f50       ??0__crt_stdio_stream@@QEAA@QEAU_iobuf@@@Z 0000000180005f50 f i libucrtd:output.obj
 0001:00004f50       ??0?$__crt_unique_heap_ptr@U__crt_multibyte_data@@U__crt_internal_free_policy@@@@QEAA@QEAU__crt_multibyte_data@@@Z 0000000180005f50 f i libucrtd:mbctype.obj
 0001:00004f50       ??0?$__crt_unique_heap_ptr@DU__crt_internal_free_policy@@@@QEAA@QEAD@Z 0000000180005f50 f i libvcruntimed:std_type_info.obj
 0001:00004f70       ??1?$__crt_unique_heap_ptr@U__crt_lowio_handle_data@@U__crt_internal_free_policy@@@@QEAA@XZ 0000000180005f70 f i libucrtd:osfinfo.obj
 0001:00004f70       ??1?$__crt_unique_heap_ptr@U__vcrt_ptd@@U__crt_internal_free_policy@@@@QEAA@XZ 0000000180005f70 f i libvcruntimed:per_thread_data.obj
 0001:00004f70       ??1?$__crt_unique_heap_ptr@U__crt_multibyte_data@@U__crt_internal_free_policy@@@@QEAA@XZ 0000000180005f70 f i libucrtd:mbctype.obj
 0001:00004f70       ??1?$__crt_unique_heap_ptr@EU__crt_internal_free_policy@@@@QEAA@XZ 0000000180005f70 f i libucrtd:argv_parsing.obj
 0001:00004f70       ??1?$__crt_unique_heap_ptr@PEADU__crt_internal_free_policy@@@@QEAA@XZ 0000000180005f70 f i libucrtd:argv_parsing.obj
 0001:00004f70       ??1?$__crt_unique_heap_ptr@PEAU__crt_stdio_stream_data@@U__crt_internal_free_policy@@@@QEAA@XZ 0000000180005f70 f i libucrtd:_file.obj
 0001:00004f70       ??1?$__crt_unique_heap_ptr@DU__crt_internal_free_policy@@@@QEAA@XZ 0000000180005f70 f i libvcruntimed:std_type_info.obj
 0001:00004f70       ??1?$__crt_unique_heap_ptr@U__acrt_ptd@@U__crt_internal_free_policy@@@@QEAA@XZ 0000000180005f70 f i libucrtd:per_thread_data.obj
 0001:00004f90       ??B?$__crt_unique_heap_ptr@U__acrt_ptd@@U__crt_internal_free_policy@@@@QEBA_NXZ 0000000180005f90 f i libucrtd:per_thread_data.obj
 0001:00004f90       ??B?$__crt_unique_heap_ptr@DU__crt_internal_free_policy@@@@QEBA_NXZ 0000000180005f90 f i libvcruntimed:std_type_info.obj
 0001:00004f90       ??B?$__crt_unique_heap_ptr@U__crt_multibyte_data@@U__crt_internal_free_policy@@@@QEBA_NXZ 0000000180005f90 f i libucrtd:mbctype.obj
 0001:00004f90       ??B?$__crt_unique_heap_ptr@U__crt_lowio_handle_data@@U__crt_internal_free_policy@@@@QEBA_NXZ 0000000180005f90 f i libucrtd:osfinfo.obj
 0001:00004f90       ??B?$__crt_unique_heap_ptr@DU__crt_public_free_policy@@@@QEBA_NXZ 0000000180005f90 f i libvcruntimed:std_exception.obj
 0001:00004f90       ??B?$__crt_unique_heap_ptr@EU__crt_internal_free_policy@@@@QEBA_NXZ 0000000180005f90 f i libucrtd:argv_parsing.obj
 0001:00004f90       ??B?$__crt_unique_heap_ptr@U__vcrt_ptd@@U__crt_internal_free_policy@@@@QEBA_NXZ 0000000180005f90 f i libvcruntimed:per_thread_data.obj
 0001:00004fb0       ?get@?$__crt_unique_heap_ptr@U__acrt_ptd@@U__crt_internal_free_policy@@@@QEBAPEAU__acrt_ptd@@XZ 0000000180005fb0 f i libucrtd:per_thread_data.obj
 0001:00004fb0       ?get@?$__crt_unique_heap_ptr@EU__crt_internal_free_policy@@@@QEBAPEAEXZ 0000000180005fb0 f i libucrtd:argv_parsing.obj
 0001:00004fb0       ?get@?$__crt_unique_heap_ptr@PEADU__crt_internal_free_policy@@@@QEBAPEAPEADXZ 0000000180005fb0 f i libucrtd:argv_parsing.obj
 0001:00004fb0       ?get@?$__crt_unique_handle_t@U__crt_findfile_traits@@@@QEBAPEAXXZ 0000000180005fb0 f i libucrtd:argv_wildcards.obj
 0001:00004fb0       ?get@?$__crt_unique_heap_ptr@U__crt_multibyte_data@@U__crt_internal_free_policy@@@@QEBAPEAU__crt_multibyte_data@@XZ 0000000180005fb0 f i libucrtd:mbctype.obj
 0001:00004fb0       ?get@?$__crt_unique_heap_ptr@U__crt_lowio_handle_data@@U__crt_internal_free_policy@@@@QEBAPEAU__crt_lowio_handle_data@@XZ 0000000180005fb0 f i libucrtd:osfinfo.obj
 0001:00004fb0       ?public_stream@__crt_stdio_stream@@QEBAPEAU_iobuf@@XZ 0000000180005fb0 f i libucrtd:output.obj
 0001:00004fb0       ?get@?$__crt_unique_heap_ptr@DU__crt_public_free_policy@@@@QEBAPEADXZ 0000000180005fb0 f i libvcruntimed:std_exception.obj
 0001:00004fb0       ?save_state@?$c_string_character_source@D@__crt_strtox@@QEBAPEBDXZ 0000000180005fb0 f i libucrtd:atox.obj
 0001:00004fb0       ?get@?$__crt_unique_heap_ptr@U__vcrt_ptd@@U__crt_internal_free_policy@@@@QEBAPEAU__vcrt_ptd@@XZ 0000000180005fb0 f i libvcruntimed:per_thread_data.obj
 0001:00004fb0       ?get@?$__crt_scoped_stack_ptr@_W@@QEBAPEA_WXZ 0000000180005fb0 f i libucrtd:getstringtypea.obj
 0001:00004fb0       ?save_state@?$c_string_character_source@_W@__crt_strtox@@QEBAPEB_WXZ 0000000180005fb0 f i libucrtd:atox.obj
 0001:00004fb0       ?get@?$__crt_unique_handle_t@U__crt_hmodule_traits@@@@QEBAPEAUHINSTANCE__@@XZ 0000000180005fb0 f i libucrtd:exit.obj
 0001:00004fb0       ??C__crt_stdio_stream@@QEBAPEAU__crt_stdio_stream_data@@XZ 0000000180005fb0 f i libucrtd:output.obj
 0001:00004fb0       ?get@?$__crt_unique_heap_ptr@DU__crt_internal_free_policy@@@@QEBAPEADXZ 0000000180005fb0 f i libvcruntimed:std_type_info.obj
 0001:00004fc0       ??B?$__crt_scoped_stack_ptr@_W@@QEBA_NXZ 0000000180005fc0 f i libucrtd:lcmapstringa.obj
 0001:00004fc0       ?is_valid@?$__crt_unique_heap_ptr@U__vcrt_ptd@@U__crt_internal_free_policy@@@@QEBA_NXZ 0000000180005fc0 f i libvcruntimed:per_thread_data.obj
 0001:00004fc0       ?is_valid@?$__crt_unique_heap_ptr@DU__crt_public_free_policy@@@@QEBA_NXZ 0000000180005fc0 f i libvcruntimed:std_exception.obj
 0001:00004fc0       ?is_valid@?$__crt_unique_heap_ptr@U__crt_multibyte_data@@U__crt_internal_free_policy@@@@QEBA_NXZ 0000000180005fc0 f i libucrtd:mbctype.obj
 0001:00004fc0       ?is_valid@?$__crt_unique_heap_ptr@U__crt_lowio_handle_data@@U__crt_internal_free_policy@@@@QEBA_NXZ 0000000180005fc0 f i libucrtd:osfinfo.obj
 0001:00004fc0       ?is_valid@?$__crt_unique_heap_ptr@U__acrt_ptd@@U__crt_internal_free_policy@@@@QEBA_NXZ 0000000180005fc0 f i libucrtd:per_thread_data.obj
 0001:00004fc0       ?valid@__crt_stdio_stream@@QEBA_NXZ 0000000180005fc0 f i libucrtd:output.obj
 0001:00004fc0       ?is_valid@?$__crt_unique_heap_ptr@EU__crt_internal_free_policy@@@@QEBA_NXZ 0000000180005fc0 f i libucrtd:argv_parsing.obj
 0001:00004fc0       ?is_valid@?$__crt_unique_heap_ptr@DU__crt_internal_free_policy@@@@QEBA_NXZ 0000000180005fc0 f i libvcruntimed:std_type_info.obj
 0001:00004ff0       ?release@?$__crt_unique_heap_ptr@PEADU__crt_internal_free_policy@@@@QEAAXXZ 0000000180005ff0 f i libucrtd:argv_parsing.obj
 0001:00004ff0       ?release@?$__crt_unique_heap_ptr@U__acrt_ptd@@U__crt_internal_free_policy@@@@QEAAXXZ 0000000180005ff0 f i libucrtd:per_thread_data.obj
 0001:00004ff0       ?release@?$__crt_unique_heap_ptr@U__crt_lowio_handle_data@@U__crt_internal_free_policy@@@@QEAAXXZ 0000000180005ff0 f i libucrtd:osfinfo.obj
 0001:00004ff0       ?release@?$__crt_unique_heap_ptr@PEAU__crt_stdio_stream_data@@U__crt_internal_free_policy@@@@QEAAXXZ 0000000180005ff0 f i libucrtd:_file.obj
 0001:00004ff0       ?release@?$__crt_unique_heap_ptr@U__vcrt_ptd@@U__crt_internal_free_policy@@@@QEAAXXZ 0000000180005ff0 f i libvcruntimed:per_thread_data.obj
 0001:00004ff0       ?release@?$__crt_unique_heap_ptr@EU__crt_internal_free_policy@@@@QEAAXXZ 0000000180005ff0 f i libucrtd:argv_parsing.obj
 0001:00004ff0       ?release@?$__crt_unique_heap_ptr@DU__crt_internal_free_policy@@@@QEAAXXZ 0000000180005ff0 f i libvcruntimed:std_type_info.obj
 0001:00004ff0       ?release@?$__crt_unique_heap_ptr@U__crt_multibyte_data@@U__crt_internal_free_policy@@@@QEAAXXZ 0000000180005ff0 f i libucrtd:mbctype.obj
 0001:00005020       __std_type_info_compare    0000000180006020 f   libvcruntimed:std_type_info.obj
 0001:00005060       __std_type_info_destroy_list 0000000180006060 f   libvcruntimed:std_type_info.obj
 0001:000050c0       __vcrt_initialize          00000001800060c0 f   libvcruntimed:initialization.obj
 0001:00005100       __vcrt_thread_attach       0000000180006100 f   libvcruntimed:initialization.obj
 0001:00005120       __vcrt_thread_detach       0000000180006120 f   libvcruntimed:initialization.obj
 0001:00005140       __vcrt_uninitialize        0000000180006140 f   libvcruntimed:initialization.obj
 0001:00005160       __vcrt_uninitialize_critical 0000000180006160 f   libvcruntimed:initialization.obj
 0001:00005180       __DestructExceptionObject  0000000180006180 f   libvcruntimed:ehhelpers.obj
 0001:00005280       ?_CallMemberFunction0@@YAXQEAX0@Z 0000000180006280 f i libvcruntimed:ehhelpers.obj
 0001:00005350       _IsExceptionObjectToBeDestroyed 0000000180006350 f   libvcruntimed:ehhelpers.obj
 0001:000053a0       __AdjustPointer            00000001800063a0 f   libvcruntimed:ehhelpers.obj
 0001:00005420       __FrameUnwindFilter        0000000180006420 f   libvcruntimed:ehhelpers.obj
 0001:000054e0       _NLG_Notify                00000001800064e0 f   libvcruntimed:notify.obj
 0001:00005500       __NLG_Dispatch2            0000000180006500 f   libvcruntimed:notify.obj
 0001:00005510       __NLG_Return2              0000000180006510 f   libvcruntimed:notify.obj
 0001:00005520       __except_validate_context_record 0000000180006520 f   libvcruntimed:jbcxrval.obj
 0001:00005580       _vsprintf_s_l              0000000180006580 f i libvcruntimed:undname.obj
 0001:000055f0       sprintf_s                  00000001800065f0 f i libvcruntimed:undname.obj
 0001:00005690       ?detach@?$__crt_unique_heap_ptr@EU__crt_internal_free_policy@@@@QEAAPEAEXZ 0000000180006690 f i libucrtd:argv_parsing.obj
 0001:00005690       ?detach@?$__crt_unique_heap_ptr@DU__crt_public_free_policy@@@@QEAAPEADXZ 0000000180006690 f i libvcruntimed:std_exception.obj
 0001:00005690       ?detach@?$__crt_unique_heap_ptr@U__crt_multibyte_data@@U__crt_internal_free_policy@@@@QEAAPEAU__crt_multibyte_data@@XZ 0000000180006690 f i libucrtd:mbctype.obj
 0001:00005690       ?detach@?$__crt_unique_heap_ptr@PEADU__crt_internal_free_policy@@@@QEAAPEAPEADXZ 0000000180006690 f i libucrtd:argv_parsing.obj
 0001:00005690       ?detach@?$__crt_unique_heap_ptr@U__vcrt_ptd@@U__crt_internal_free_policy@@@@QEAAPEAU__vcrt_ptd@@XZ 0000000180006690 f i libvcruntimed:per_thread_data.obj
 0001:00005690       ?detach@?$__crt_unique_heap_ptr@U__acrt_ptd@@U__crt_internal_free_policy@@@@QEAAPEAU__acrt_ptd@@XZ 0000000180006690 f i libucrtd:per_thread_data.obj
 0001:00005690       ?detach@?$__crt_unique_heap_ptr@U__crt_lowio_handle_data@@U__crt_internal_free_policy@@@@QEAAPEAU__crt_lowio_handle_data@@XZ 0000000180006690 f i libucrtd:osfinfo.obj
 0001:00005690       ?detach@?$__crt_unique_heap_ptr@PEAU__crt_stdio_stream_data@@U__crt_internal_free_policy@@@@QEAAPEAPEAU__crt_stdio_stream_data@@XZ 0000000180006690 f i libucrtd:_file.obj
 0001:00005700       __vcrt_freefls             0000000180006700 f   libvcruntimed:per_thread_data.obj
 0001:00005740       __vcrt_freeptd             0000000180006740 f   libvcruntimed:per_thread_data.obj
 0001:000057a0       __vcrt_getptd              00000001800067a0 f   libvcruntimed:per_thread_data.obj
 0001:000057d0       __vcrt_getptd_noexit       00000001800067d0 f   libvcruntimed:per_thread_data.obj
 0001:00005970       __vcrt_initialize_ptd      0000000180006970 f   libvcruntimed:per_thread_data.obj
 0001:000059c0       __vcrt_uninitialize_ptd    00000001800069c0 f   libvcruntimed:per_thread_data.obj
 0001:000059f0       __vcrt_initialize_locks    00000001800069f0 f   libvcruntimed:locks.obj
 0001:00005a60       __vcrt_uninitialize_locks  0000000180006a60 f   libvcruntimed:locks.obj
 0001:00005ad0       memcpy_repmovs             0000000180006ad0 f   libvcruntimed:memcpy.obj
 0001:00005af0       memcpy                     0000000180006af0 f   libvcruntimed:memcpy.obj
 0001:00005af0       memmove                    0000000180006af0 f   libvcruntimed:memcpy.obj
 0001:00005ed0       ??$?0AEAViterator@TryBlockMap@__FrameHandler3@@AEAV012@$0A@@?$pair@Viterator@TryBlockMap@__FrameHandler3@@V123@@std@@QEAA@AEAViterator@TryBlockMap@__FrameHandler3@@0@Z 0000000180006ed0 f i libvcruntimed:risctrnsctrl.obj
 0001:00005fe0       ??$_CallSETranslator@V__FrameHandler3@@@@YAHPEAUEHExceptionRecord@@PEA_KPEAU_CONTEXT@@PEAU_xDISPATCHER_CONTEXT@@PEBU_s_FuncInfo@@K1@Z 0000000180006fe0 f i libvcruntimed:risctrnsctrl.obj
 0001:00006070       ?dangerous_get_state_array@?$dual_state_global@PEAU__crt_multibyte_data@@@__crt_state_management@@QEAAPEAPEAU__crt_multibyte_data@@XZ 0000000180007070 f i libucrtd:mbctype.obj
 0001:00006070       ?dangerous_get_state_array@?$dual_state_global@P6AXPEB_W00I_K@Z@__crt_state_management@@QEAAPEAP6AXPEB_W00I_K@ZXZ 0000000180007070 f i libucrtd:invalid_parameter.obj
 0001:00006070       ??$forward@AEAViterator@TryBlockMap@__FrameHandler3@@@std@@YAAEAViterator@TryBlockMap@__FrameHandler3@@AEAV123@@Z 0000000180007070 f i libvcruntimed:risctrnsctrl.obj
 0001:00006070       ?dangerous_get_state_array@?$dual_state_global@PEAU__crt_locale_data@@@__crt_state_management@@QEAAPEAPEAU__crt_locale_data@@XZ 0000000180007070 f i libucrtd:per_thread_data.obj
 0001:00006070       ?dangerous_get_state_array@?$dual_state_global@PEAE@__crt_state_management@@QEAAPEAPEAEXZ 0000000180007070 f i libucrtd:mbctype.obj
 0001:00006070       ?debug_info@?$__crt_win32_buffer@_WU__crt_win32_buffer_internal_dynamic_resizing@@@@QEBAAEBV__crt_win32_buffer_empty_debug_info@@XZ 0000000180007070 f i libucrtd:argv_wildcards.obj
 0001:00006070       ?debug_info@?$__crt_win32_buffer@DU__crt_win32_buffer_internal_dynamic_resizing@@@@QEBAAEBV__crt_win32_buffer_empty_debug_info@@XZ 0000000180007070 f i libucrtd:argv_wildcards.obj
 0001:00006070       ?debug_info@?$__crt_win32_buffer@DU__crt_win32_buffer_no_resizing@@@@QEBAAEBV__crt_win32_buffer_empty_debug_info@@XZ 0000000180007070 f i libucrtd:getmodulefilenamea.obj
 0001:00006070       ?get_address_of@?$__crt_unique_heap_ptr@PEADU__crt_internal_free_policy@@@@QEAAPEAPEAPEADXZ 0000000180007070 f i libucrtd:argv_parsing.obj
 0001:00006070       ?get_address_of@?$__crt_unique_handle_t@U__crt_hmodule_traits@@@@QEAAPEAPEAUHINSTANCE__@@XZ 0000000180007070 f i libucrtd:exit.obj
 0001:00006080       ??0iterator@TryBlockMap@__FrameHandler3@@QEAA@AEAV12@I@Z 0000000180007080 f i libvcruntimed:risctrnsctrl.obj
 0001:00006080       ??0iterator@HandlerMap@__FrameHandler3@@QEAA@AEAV12@I@Z 0000000180007080 f i libvcruntimed:frame.obj
 0001:000060b0       ?CatchTryBlock@__FrameHandler3@@SAPEBU_s_TryBlockMapEntry@@PEBU_s_FuncInfo@@H@Z 00000001800070b0 f   libvcruntimed:risctrnsctrl.obj
 0001:00006140       ?ExecutionInCatch@__FrameHandler3@@SA_NPEAU_xDISPATCHER_CONTEXT@@PEBU_s_FuncInfo@@@Z 0000000180007140 f   libvcruntimed:risctrnsctrl.obj
 0001:00006190       ?FrameUnwindToEmptyState@__FrameHandler3@@SAXPEA_KPEAU_xDISPATCHER_CONTEXT@@PEBU_s_FuncInfo@@@Z 0000000180007190 f   libvcruntimed:risctrnsctrl.obj
 0001:00006230       ?GetEstablisherFrame@__FrameHandler3@@SAPEA_KPEA_KPEAU_xDISPATCHER_CONTEXT@@PEBU_s_FuncInfo@@0@Z 0000000180007230 f   libvcruntimed:risctrnsctrl.obj
 0001:000063a0       ?GetRangeOfTrysToCheck@__FrameHandler3@@SA?AU?$pair@Viterator@TryBlockMap@__FrameHandler3@@V123@@std@@AEAVTryBlockMap@1@HPEAU_xDISPATCHER_CONTEXT@@PEBU_s_FuncInfo@@H@Z 00000001800073a0 f   libvcruntimed:risctrnsctrl.obj
 0001:000065e0       ?UnwindNestedFrames@__FrameHandler3@@SAXPEA_KPEAUEHExceptionRecord@@PEAU_CONTEXT@@0PEAXPEBU_s_FuncInfo@@HHPEBU_s_HandlerType@@PEAU_xDISPATCHER_CONTEXT@@E@Z 00000001800075e0 f   libvcruntimed:risctrnsctrl.obj
 0001:00006750       _CreateFrameInfo           0000000180007750 f   libvcruntimed:risctrnsctrl.obj
 0001:000067c0       _FindAndUnlinkFrame        00000001800077c0 f   libvcruntimed:risctrnsctrl.obj
 0001:00006840       _GetImageBase              0000000180007840 f   libvcruntimed:risctrnsctrl.obj
 0001:00006860       _GetThrowImageBase         0000000180007860 f   libvcruntimed:risctrnsctrl.obj
 0001:00006880       _SetImageBase              0000000180007880 f   libvcruntimed:risctrnsctrl.obj
 0001:000068a0       _SetThrowImageBase         00000001800078a0 f   libvcruntimed:risctrnsctrl.obj
 0001:000068c0       __CxxFrameHandler3         00000001800078c0 f   libvcruntimed:risctrnsctrl.obj
 0001:000069a0       ??$__crt_interlocked_exchange_pointer@UHINSTANCE__@@PEAX@@YAPEAUHINSTANCE__@@PEDSEAU0@QEAX@Z 00000001800079a0 f i libvcruntimed:winapi_downlevel.obj
 0001:000069a0       ??$__crt_interlocked_exchange_pointer@UHINSTANCE__@@PEAU1@@@YAPEAUHINSTANCE__@@PEDSEAU0@QEAU0@@Z 00000001800079a0 f i libvcruntimed:winapi_downlevel.obj
 0001:000069a0       ??$__crt_interlocked_exchange_pointer@XPEAX@@YAPEAXPEDSEAXQEAX@Z 00000001800079a0 f i libvcruntimed:winapi_downlevel.obj
 0001:000069c0       ?get_invalid_value@__crt_findfile_traits@@SAPEAXXZ 00000001800079c0 f   libucrtd:argv_wildcards.obj
 0001:00006eb0       __vcrt_FlsAlloc            0000000180007eb0 f   libvcruntimed:winapi_downlevel.obj
 0001:00006f00       __vcrt_FlsFree             0000000180007f00 f   libvcruntimed:winapi_downlevel.obj
 0001:00006f50       __vcrt_FlsGetValue         0000000180007f50 f   libvcruntimed:winapi_downlevel.obj
 0001:00006fa0       __vcrt_FlsSetValue         0000000180007fa0 f   libvcruntimed:winapi_downlevel.obj
 0001:00007000       __vcrt_InitializeCriticalSectionEx 0000000180008000 f   libvcruntimed:winapi_downlevel.obj
 0001:00007070       ?GetCurrentState@__FrameHandler3@@SAHPEA_KPEAU_xDISPATCHER_CONTEXT@@PEBU_s_FuncInfo@@@Z 0000000180008070 f   libvcruntimed:ehstate.obj
 0001:000070d0       ?GetUnwindTryBlock@__FrameHandler3@@SAHPEA_KPEAU_xDISPATCHER_CONTEXT@@PEBU_s_FuncInfo@@@Z 00000001800080d0 f   libvcruntimed:ehstate.obj
 0001:00007120       ?SetState@__FrameHandler3@@SAXPEA_KPEBU_s_FuncInfo@@H@Z 0000000180008120 f   libvcruntimed:ehstate.obj
 0001:00007150       ?SetUnwindTryBlock@__FrameHandler3@@SAXPEA_KPEAU_xDISPATCHER_CONTEXT@@PEBU_s_FuncInfo@@H@Z 0000000180008150 f   libvcruntimed:ehstate.obj
 0001:000071c0       ?StateFromControlPc@__FrameHandler3@@SAHPEBU_s_FuncInfo@@PEAU_xDISPATCHER_CONTEXT@@@Z 00000001800081c0 f   libvcruntimed:ehstate.obj
 0001:00007200       ?StateFromIp@__FrameHandler3@@SAHPEBU_s_FuncInfo@@PEAU_xDISPATCHER_CONTEXT@@_K@Z 0000000180008200 f   libvcruntimed:ehstate.obj
 0001:000072f0       ?__RVAtoRealOffset@@YA_KPEAU_xDISPATCHER_CONTEXT@@H@Z 00000001800082f0 f i libvcruntimed:ehstate.obj
 0001:000084c0       ??$TypeMatchHelper@V__FrameHandler3@@@@YAHPEBU_s_HandlerType@@PEBU_s_CatchableType@@PEBU_s_ThrowInfo@@@Z 00000001800094c0 f i libvcruntimed:frame.obj
 0001:000086c0       ??$__InternalCxxFrameHandler@V__FrameHandler3@@@@YA?AW4_EXCEPTION_DISPOSITION@@PEAUEHExceptionRecord@@PEA_KPEAU_CONTEXT@@PEAU_xDISPATCHER_CONTEXT@@PEBU_s_FuncInfo@@H1E@Z 00000001800096c0 f i libvcruntimed:frame.obj
 0001:00008b30       ??0HandlerMap@__FrameHandler3@@QEAA@PEBU_s_TryBlockMapEntry@@_KI@Z 0000000180009b30 f i libvcruntimed:frame.obj
 0001:00008b80       ??0TryBlockMap@__FrameHandler3@@QEAA@PEBU_s_FuncInfo@@_K@Z 0000000180009b80 f i libvcruntimed:frame.obj
 0001:00008bb0       ??0bad_exception@std@@QEAA@AEBV01@@Z 0000000180009bb0 f i libvcruntimed:frame.obj
 0001:00008bf0       ??0bad_exception@std@@QEAA@XZ 0000000180009bf0 f i libvcruntimed:frame.obj
 0001:00008c30       ??0exception@std@@QEAA@AEBV01@@Z 0000000180009c30 f i libvcruntimed:frame.obj
 0001:00008c90       ??0exception@std@@QEAA@QEBDH@Z 0000000180009c90 f i libvcruntimed:frame.obj
 0001:00008ce0       ??1bad_exception@std@@UEAA@XZ 0000000180009ce0 f i libvcruntimed:frame.obj
 0001:00008d00       ??1exception@std@@UEAA@XZ  0000000180009d00 f i libvcruntimed:frame.obj
 0001:00008d30       ??8iterator@HandlerMap@__FrameHandler3@@QEBA_NAEBV012@@Z 0000000180009d30 f i libvcruntimed:frame.obj
 0001:00008d70       ??8type_info@@QEBA_NAEBV0@@Z 0000000180009d70 f i libvcruntimed:frame.obj
 0001:00008dc0       ??9iterator@HandlerMap@__FrameHandler3@@QEBA_NAEBV012@@Z 0000000180009dc0 f i libvcruntimed:frame.obj
 0001:00008e00       ??Diterator@HandlerMap@__FrameHandler3@@QEAA?BU_s_HandlerType@@XZ 0000000180009e00 f i libvcruntimed:frame.obj
 0001:00008e40       ??Diterator@TryBlockMap@__FrameHandler3@@QEAA?BU_s_TryBlockMapEntry@@XZ 0000000180009e40 f i libvcruntimed:frame.obj
 0001:00008e90       ??Eiterator@TryBlockMap@__FrameHandler3@@QEAAAEAV012@XZ 0000000180009e90 f i libvcruntimed:frame.obj
 0001:00008e90       ??Eiterator@HandlerMap@__FrameHandler3@@QEAAAEAV012@XZ 0000000180009e90 f i libvcruntimed:frame.obj
 0001:00008eb0       ??Miterator@TryBlockMap@__FrameHandler3@@QEBA_NAEBV012@@Z 0000000180009eb0 f i libvcruntimed:frame.obj
 0001:00008ef0       ??_Gbad_exception@std@@UEAAPEAXI@Z 0000000180009ef0 f i libvcruntimed:frame.obj
 0001:00008ef0       ??_Ebad_exception@std@@UEAAPEAXI@Z 0000000180009ef0 f i libvcruntimed:frame.obj
 0001:00008f30       ??_Gexception@std@@UEAAPEAXI@Z 0000000180009f30 f i libvcruntimed:frame.obj
 0001:00008f30       ??_Eexception@std@@UEAAPEAXI@Z 0000000180009f30 f i libvcruntimed:frame.obj
 0001:00008f70       ?BuildCatchObject@__FrameHandler3@@SAXPEAUEHExceptionRecord@@PEAXPEBU_s_HandlerType@@PEBU_s_CatchableType@@@Z 0000000180009f70 f   libvcruntimed:frame.obj
 0001:00008fb0       ?CxxCallCatchBlock@__FrameHandler3@@SAPEAXPEAU_EXCEPTION_RECORD@@@Z 0000000180009fb0 f   libvcruntimed:frame.obj
 0001:00009310       ?FrameUnwindToState@__FrameHandler3@@SAXPEA_KPEAU_xDISPATCHER_CONTEXT@@PEBU_s_FuncInfo@@H@Z 000000018000a310 f   libvcruntimed:frame.obj
 0001:00009560       ?GetHandlerSearchState@__FrameHandler3@@SAHPEA_KPEAU_xDISPATCHER_CONTEXT@@PEBU_s_FuncInfo@@@Z 000000018000a560 f i libvcruntimed:frame.obj
 0001:00009610       ?GetMaxState@__FrameHandler3@@SAHPEAU_xDISPATCHER_CONTEXT@@PEBU_s_FuncInfo@@@Z 000000018000a610 f i libvcruntimed:frame.obj
 0001:00009810       __TypeMatch                000000018000a810 f   libvcruntimed:frame.obj
 0001:00009810       ?TypeMatch@__FrameHandler3@@SAHPEBU_s_HandlerType@@PEBU_s_CatchableType@@PEBU_s_ThrowInfo@@@Z 000000018000a810 f   libvcruntimed:frame.obj
 0001:00009840       ?_CallMemberFunction1@@YAXQEAX00@Z 000000018000a840 f i libvcruntimed:frame.obj
 0001:00009880       ?_CallMemberFunction2@@YAXQEAX00H@Z 000000018000a880 f i libvcruntimed:frame.obj
 0001:00009910       ?begin@HandlerMap@__FrameHandler3@@QEAA?AViterator@12@XZ 000000018000a910 f i libvcruntimed:frame.obj
 0001:00009940       ?end@HandlerMap@__FrameHandler3@@QEAA?AViterator@12@XZ 000000018000a940 f i libvcruntimed:frame.obj
 0001:00009970       ?getESTypes@__FrameHandler3@@SAPEBU_s_ESTypeList@@PEBU_s_FuncInfo@@@Z 000000018000a970 f i libvcruntimed:frame.obj
 0001:000099b0       ?getLastEntry@HandlerMap@__FrameHandler3@@QEAAPEBU_s_HandlerType@@XZ 000000018000a9b0 f i libvcruntimed:frame.obj
 0001:000099d0       ?getMagicNum@__FrameHandler3@@SAIPEBU_s_FuncInfo@@@Z 000000018000a9d0 f i libvcruntimed:frame.obj
 0001:000099f0       ?getNumTryBlocks@TryBlockMap@__FrameHandler3@@QEAAIXZ 000000018000a9f0 f i libvcruntimed:frame.obj
 0001:00009a10       ?isEHs@__FrameHandler3@@SA_NPEBU_s_FuncInfo@@@Z 000000018000aa10 f i libvcruntimed:frame.obj
 0001:00009a50       ?isNoExcept@__FrameHandler3@@SA_NPEBU_s_FuncInfo@@@Z 000000018000aa50 f i libvcruntimed:frame.obj
 0001:00009a90       ?what@exception@std@@UEBAPEBDXZ 000000018000aa90 f i libvcruntimed:frame.obj
 0001:00009ad0       __vcrt_EncodePointer       000000018000aad0 f i libvcruntimed:frame.obj
 0001:00009b00       memset_repmovs             000000018000ab00 f   libvcruntimed:memset.obj
 0001:00009b20       memset                     000000018000ab20 f   libvcruntimed:memset.obj
 0001:00009cc0       _CallSettingFrame          000000018000acc0 f   libvcruntimed:handlers.obj
 0001:00009d10       _CallSettingFrame_LookupContinuationIndex 000000018000ad10 f   libvcruntimed:handlers.obj
 0001:00009d40       _CallSettingFrame_NotifyContinuationAddr 000000018000ad40 f   libvcruntimed:handlers.obj
 0001:00009d70       _CallSettingFrameEncoded   000000018000ad70 f   libvcruntimed:handlers.obj
 0001:00009dc0       ??$?RD@__crt_public_free_policy@@QEBAXQEBD@Z 000000018000adc0 f i libvcruntimed:std_exception.obj
 0001:00009de0       ??1?$__crt_unique_heap_ptr@DU__crt_public_free_policy@@@@QEAA@XZ 000000018000ade0 f i libvcruntimed:std_exception.obj
 0001:00009e00       ?release@?$__crt_unique_heap_ptr@DU__crt_public_free_policy@@@@QEAAXXZ 000000018000ae00 f i libvcruntimed:std_exception.obj
 0001:00009e30       __std_exception_copy       000000018000ae30 f   libvcruntimed:std_exception.obj
 0001:00009f70       __std_exception_destroy    000000018000af70 f   libvcruntimed:std_exception.obj
 0001:00009fb0       _CxxThrowException         000000018000afb0 f   libvcruntimed:throw.obj
 0001:0000a0e0       roundf                     000000018000b0e0 f   libucrtd:roundf.obj
 0001:0000a170       _initterm                  000000018000b170 f   libucrtd:initterm.obj
 0001:0000a1d0       _initterm_e                000000018000b1d0 f   libucrtd:initterm.obj
 0001:0000a2c0       _seh_filter_dll            000000018000b2c0 f   libucrtd:exception_filter.obj
 0001:0000a2f0       _seh_filter_exe            000000018000b2f0 f   libucrtd:exception_filter.obj
 0001:0000a590       ??$?B$$A6AXH@Z@__crt_fast_encoded_nullptr_t@@QEBAP6AXH@ZXZ 000000018000b590 f i libucrtd:signal.obj
 0001:0000a590       ??$?B$$A6AXPEAXK0@Z@__crt_fast_encoded_nullptr_t@@QEBAP6AXPEAXK0@ZXZ 000000018000b590 f i libucrtd:exit.obj
 0001:0000a590       ??$?BX@__crt_fast_encoded_nullptr_t@@QEBAPEAXXZ 000000018000b590 f i libucrtd:initialization.obj
 0001:0000a590       ??$?BP6AXXZ@__crt_fast_encoded_nullptr_t@@QEBAPEAP6AXXZXZ 000000018000b590 f i libucrtd:onexit.obj
 0001:0000a590       ??$?B$$A6AXXZ@__crt_fast_encoded_nullptr_t@@QEBAP6AXXZXZ 000000018000b590 f i libucrtd:onexit.obj
 0001:0000a640       ??$__crt_fast_decode_pointer@P6AH_K@Z@@YAP6AH_K@ZQ6AH0@Z@Z 000000018000b640 f i libucrtd:new_handler.obj
 0001:0000a640       ??$__crt_fast_decode_pointer@PEAP6AXXZ@@YAPEAP6AXXZQEAP6AXXZ@Z 000000018000b640 f i libucrtd:onexit.obj
 0001:0000a640       ??$__crt_fast_decode_pointer@PEAX@@YAPEAXQEAX@Z 000000018000b640 f i libucrtd:winapi_thunks.obj
 0001:0000a640       ??$__crt_fast_decode_pointer@P6AXPEAXK0@Z@@YAP6AXPEAXK0@ZQ6AX0K0@Z@Z 000000018000b640 f i libucrtd:exit.obj
 0001:0000a640       ??$__crt_fast_decode_pointer@P6AXH@Z@@YAP6AXH@ZQ6AXH@Z@Z 000000018000b640 f i libucrtd:signal.obj
 0001:0000a640       ??$__crt_fast_decode_pointer@P6AXXZ@@YAP6AXXZQ6AXXZ@Z 000000018000b640 f i libucrtd:onexit.obj
 0001:0000a640       ??$__crt_fast_decode_pointer@P6AXPEB_W00I_K@Z@@YAP6AXPEB_W00I_K@ZQ6AX000I1@Z@Z 000000018000b640 f i libucrtd:invalid_parameter.obj
 0001:0000a640       ??$__crt_fast_decode_pointer@P6AHPEAU_exception@@@Z@@YAP6AHPEAU_exception@@@ZQ6AH0@Z@Z 000000018000b640 f i libucrtd:matherr.obj
 0001:0000a680       ??$__crt_fast_encode_pointer@PEAX@@YAPEAXQEAX@Z 000000018000b680 f i libucrtd:initialization.obj
 0001:0000a680       ??$__crt_fast_encode_pointer@P6AXXZ@@YAP6AXXZQ6AXXZ@Z 000000018000b680 f i libucrtd:onexit.obj
 0001:0000a680       ??$__crt_fast_encode_pointer@P6AXPEAXK0@Z@@YAP6AXPEAXK0@ZQ6AX0K0@Z@Z 000000018000b680 f i libucrtd:exit.obj
 0001:0000a680       ??$__crt_fast_encode_pointer@P6AXH@Z@@YAP6AXH@ZQ6AXH@Z@Z 000000018000b680 f i libucrtd:signal.obj
 0001:0000a680       ??$__crt_fast_encode_pointer@PEAP6AXXZ@@YAPEAP6AXXZQEAP6AXXZ@Z 000000018000b680 f i libucrtd:onexit.obj
 0001:0000a6c0       ??$__crt_get_proc_address@P6AXI@Z@@YAP6AXI@ZQEAUHINSTANCE__@@QEBD@Z 000000018000b6c0 f i libucrtd:exit.obj
 0001:0000a6f0       ??$__crt_interlocked_read@J@@YAJPEDJ@Z 000000018000b6f0 f i libucrtd:exit.obj
 0001:0000a780       ??1?$__crt_unique_handle_t@U__crt_hmodule_traits@@@@QEAA@XZ 000000018000b780 f i libucrtd:exit.obj
 0001:0000a8e0       ?__acrt_select_exit_lock@@YA?AW4__acrt_lock_id@@XZ 000000018000b8e0 f i libucrtd:exit.obj
 0001:0000a8f0       ?__crt_fast_encode_pointer@@YA?AU__crt_fast_encoded_nullptr_t@@$$T@Z 000000018000b8f0 f i libucrtd:exit.obj
 0001:0000a910       ?__crt_interlocked_read_32@@YAHPEDH@Z 000000018000b910 f i libucrtd:exit.obj
 0001:0000a930       ?__crt_rotate_pointer_value@@YA_K_KH@Z 000000018000b930 f i libucrtd:exit.obj
 0001:0000a970       ?close@?$__crt_unique_handle_t@U__crt_hmodule_traits@@@@QEAAXXZ 000000018000b970 f i libucrtd:exit.obj
 0001:0000a9b0       ?close@__crt_hmodule_traits@@SA_NPEAUHINSTANCE__@@@Z 000000018000b9b0 f i libucrtd:exit.obj
 0001:0000aac0       ?get_invalid_value@__crt_hmodule_traits@@SAPEAUHINSTANCE__@@XZ 000000018000bac0 f i libucrtd:exit.obj
 0001:0000aac0       ?get_current_state_index@__crt_state_management@@YA_KXZ 000000018000bac0 f i libucrtd:environment_initialization.obj
 0001:0000ac80       __acrt_initialize_thread_local_exit_callback 000000018000bc80 f   libucrtd:exit.obj
 0001:0000aca0       _cexit                     000000018000bca0 f   libucrtd:exit.obj
 0001:0000acc0       _exit                      000000018000bcc0 f   libucrtd:exit.obj
 0001:0000ace0       _is_c_termination_complete 000000018000bce0 f   libucrtd:exit.obj
 0001:0000b090       ??$get_module_file_name@AEAPEAUHINSTANCE__@@AEAY0BAF@DK@?$__crt_char_traits@D@@SAKAEAPEAUHINSTANCE__@@AEAY0BAF@D$$QEAK@Z 000000018000c090 f i libucrtd:dbgrpt.obj
 0001:0000b090       ??$get_module_file_name@$$TAEAY0BAF@DH@?$__crt_char_traits@D@@SAK$$QEA$$TAEAY0BAF@D$$QEAH@Z 000000018000c090 f i libucrtd:argv_parsing.obj
 0001:0000b560       ??$set_program_name@PEAD@?$__crt_char_traits@D@@SAX$$QEAPEAD@Z 000000018000c560 f i libucrtd:argv_parsing.obj
 0001:0000b690       __acrt_allocate_buffer_for_argv 000000018000c690 f   libucrtd:argv_parsing.obj
 0001:0000b7b0       _configure_narrow_argv     000000018000c7b0 f   libucrtd:argv_parsing.obj
 0001:0000b7d0       _set_pgmptr                000000018000c7d0 f i libucrtd:argv_parsing.obj
 0001:0000ba00       ??$tcslen@AEAPEAD@?$__crt_char_traits@D@@SA_KAEAPEAD@Z 000000018000ca00 f i libucrtd:environment_initialization.obj
 0001:0000ba4c       ??B?$__crt_unique_heap_ptr@PEADU__crt_internal_free_policy@@@@QEBA_NXZ 000000018000ca4c f i libucrtd:environment_initialization.obj
 0001:0000ba54       ?detach@?$__crt_unique_heap_ptr@DU__crt_internal_free_policy@@@@QEAAPEADXZ 000000018000ca54 f i libucrtd:environment_initialization.obj
 0001:0000ba5c       __dcrt_uninitialize_environments_nolock 000000018000ca5c f   libucrtd:environment_initialization.obj
 0001:0000ba94       _initialize_narrow_environment 000000018000ca94 f   libucrtd:environment_initialization.obj
 0001:0000ba9c       _invoke_watson_if_error    000000018000ca9c f i libucrtd:environment_initialization.obj
 0001:0000bda0       _execute_onexit_table      000000018000cda0 f   libucrtd:onexit.obj
 0001:0000bde0       _initialize_onexit_table   000000018000cde0 f   libucrtd:onexit.obj
 0001:0000beb0       __acrt_uninitialize_command_line 000000018000ceb0 f   libucrtd:argv_data.obj
 0001:0000c120       ?initialize@?$dual_state_global@P6AH_K@Z@__crt_state_management@@QEAAXQ6AH_K@Z@Z 000000018000d120 f i libucrtd:new_handler.obj
 0001:0000c120       ?initialize@?$dual_state_global@P6AXH@Z@__crt_state_management@@QEAAXQ6AXH@Z@Z 000000018000d120 f i libucrtd:signal.obj
 0001:0000c120       ?initialize@?$dual_state_global@P6AHPEAU_exception@@@Z@__crt_state_management@@QEAAXQ6AHPEAU_exception@@@Z@Z 000000018000d120 f i libucrtd:matherr.obj
 0001:0000c120       ?initialize@?$dual_state_global@PEAU__crt_multibyte_data@@@__crt_state_management@@QEAAXQEAU__crt_multibyte_data@@@Z 000000018000d120 f i libucrtd:mbctype.obj
 0001:0000c120       ?initialize@?$dual_state_global@PEAU__crt_locale_data@@@__crt_state_management@@QEAAXQEAU__crt_locale_data@@@Z 000000018000d120 f i libucrtd:initialization.obj
 0001:0000c170       __acrt_initialize          000000018000d170 f   libucrtd:initialization.obj
 0001:0000c1a0       __acrt_thread_attach       000000018000d1a0 f   libucrtd:initialization.obj
 0001:0000c1c0       __acrt_thread_detach       000000018000d1c0 f   libucrtd:initialization.obj
 0001:0000c1d0       __acrt_uninitialize        000000018000d1d0 f   libucrtd:initialization.obj
 0001:0000c200       __acrt_uninitialize_critical 000000018000d200 f   libucrtd:initialization.obj
 0001:0000c220       terminate                  000000018000d220 f   libucrtd:terminate.obj
 0001:0000c260       ??0_LocaleUpdate@@QEAA@QEAU__crt_locale_pointers@@@Z 000000018000d260 f i libucrtd:debug_heap.obj
 0001:0000c380       ??1_LocaleUpdate@@QEAA@XZ  000000018000d380 f i libucrtd:debug_heap.obj
 0001:0000c3c0       ?GetLocaleT@_LocaleUpdate@@QEAAPEAU__crt_locale_pointers@@XZ 000000018000d3c0 f i libucrtd:debug_heap.obj
 0001:0000e3a0       _CrtCheckMemory            000000018000f3a0 f   libucrtd:debug_heap.obj
 0001:0000e530       _CrtDumpMemoryLeaks        000000018000f530 f   libucrtd:debug_heap.obj
 0001:0000e5f0       _CrtIsValidHeapPointer     000000018000f5f0 f   libucrtd:debug_heap.obj
 0001:0000e630       _CrtIsValidPointer         000000018000f630 f   libucrtd:debug_heap.obj
 0001:0000e670       _CrtMemCheckpoint          000000018000f670 f   libucrtd:debug_heap.obj
 0001:0000e8f0       _CrtMemDumpAllObjectsSince 000000018000f8f0 f   libucrtd:debug_heap.obj
 0001:0000e950       _CrtSetDbgFlag             000000018000f950 f   libucrtd:debug_heap.obj
 0001:0000eab0       _CrtSetDumpClient          000000018000fab0 f   libucrtd:debug_heap.obj
 0001:0000eae0       __acrt_get_locale_data_prefix 000000018000fae0 f i libucrtd:debug_heap.obj
 0001:0000eb00       __acrt_locale_changed      000000018000fb00 f i libucrtd:debug_heap.obj
 0001:0000eb30       _calloc_dbg                000000018000fb30 f   libucrtd:debug_heap.obj
 0001:0000ebd0       _chvalidchk_l              000000018000fbd0 f i libucrtd:debug_heap.obj
 0001:0000ec00       _free_dbg                  000000018000fc00 f   libucrtd:debug_heap.obj
 0001:0000ec70       _invoke_watson_if_oneof    000000018000fc70 f i libucrtd:debug_heap.obj
 0001:0000ecd0       _ischartype_l              000000018000fcd0 f i libucrtd:debug_heap.obj
 0001:0000ed60       _malloc_dbg                000000018000fd60 f   libucrtd:debug_heap.obj
 0001:0000eda0       _msize_dbg                 000000018000fda0 f   libucrtd:debug_heap.obj
 0001:0000ef40       _realloc_dbg               000000018000ff40 f   libucrtd:debug_heap.obj
 0001:0000efb0       _recalloc_dbg              000000018000ffb0 f   libucrtd:debug_heap.obj
 0001:0000f580       strcpy_s                   0000000180010580 f   libucrtd:strcpy_s.obj
 0001:0000f5c0       strcmp                     00000001800105c0 f   libucrtd:strcmp.obj
 0001:0000f640       strlen                     0000000180010640 f   libucrtd:strlen.obj
 0001:0000f6f0       abort                      00000001800106f0 f   libucrtd:abort.obj
 0001:0000f770       ??$?0AEBV?$string_output_adapter@D@__crt_stdio_output@@AEB_KAEBQEBDAEBQEAU__crt_locale_pointers@@AEBQEAD@?$format_validation_base@DV?$string_output_adapter@D@__crt_stdio_output@@@__crt_stdio_output@@IEAA@AEBV?$string_output_adapter@D@1@AEB_KAEBQEBDAEBQEAU__crt_locale_pointers@@AEBQEAD@Z 0000000180010770 f i libucrtd:output.obj
 0001:0000f7c0       ??$?0AEBV?$string_output_adapter@D@__crt_stdio_output@@AEB_KAEBQEBDAEBQEAU__crt_locale_pointers@@AEBQEAD@?$standard_base@DV?$string_output_adapter@D@__crt_stdio_output@@@__crt_stdio_output@@IEAA@AEBV?$string_output_adapter@D@1@AEB_KAEBQEBDAEBQEAU__crt_locale_pointers@@AEBQEAD@Z 00000001800107c0 f i libucrtd:output.obj
 0001:0000f830       ??$?0AEBV?$string_output_adapter@_W@__crt_stdio_output@@AEB_KAEBQEB_WAEBQEAU__crt_locale_pointers@@AEBQEAD@?$format_validation_base@_WV?$string_output_adapter@_W@__crt_stdio_output@@@__crt_stdio_output@@IEAA@AEBV?$string_output_adapter@_W@1@AEB_KAEBQEB_WAEBQEAU__crt_locale_pointers@@AEBQEAD@Z 0000000180010830 f i libucrtd:output.obj
 0001:0000f880       ??$?0AEBV?$string_output_adapter@_W@__crt_stdio_output@@AEB_KAEBQEB_WAEBQEAU__crt_locale_pointers@@AEBQEAD@?$standard_base@_WV?$string_output_adapter@_W@__crt_stdio_output@@@__crt_stdio_output@@IEAA@AEBV?$string_output_adapter@_W@1@AEB_KAEBQEB_WAEBQEAU__crt_locale_pointers@@AEBQEAD@Z 0000000180010880 f i libucrtd:output.obj
 0001:00011200       ??$count@D@formatting_buffer@__crt_stdio_output@@QEBA_KXZ 0000000180012200 f i libucrtd:output.obj
 0001:00011250       ??$count@_W@formatting_buffer@__crt_stdio_output@@QEBA_KXZ 0000000180012250 f i libucrtd:output.obj
 0001:000112a0       ??$data@_W@formatting_buffer@__crt_stdio_output@@QEAAPEA_WXZ 00000001800122a0 f i libucrtd:output.obj
 0001:000112a0       ??$data@D@formatting_buffer@__crt_stdio_output@@QEAAPEADXZ 00000001800122a0 f i libucrtd:output.obj
 0001:000112f0       ??$ensure_buffer_is_big_enough@D@formatting_buffer@__crt_stdio_output@@QEAA_N_K@Z 00000001800122f0 f i libucrtd:output.obj
 0001:00011420       ??$ensure_buffer_is_big_enough@_W@formatting_buffer@__crt_stdio_output@@QEAA_N_K@Z 0000000180012420 f i libucrtd:output.obj
 0001:00011550       ??$extract_argument_from_va_list@C_J@?$standard_base@DV?$string_output_adapter@D@__crt_stdio_output@@@__crt_stdio_output@@IEAA_NAEA_J@Z 0000000180012550 f i libucrtd:output.obj
 0001:00011550       ??$extract_argument_from_va_list@C_J@?$standard_base@_WV?$string_output_adapter@_W@__crt_stdio_output@@@__crt_stdio_output@@IEAA_NAEA_J@Z 0000000180012550 f i libucrtd:output.obj
 0001:00011590       ??$extract_argument_from_va_list@E_J@?$standard_base@_WV?$string_output_adapter@_W@__crt_stdio_output@@@__crt_stdio_output@@IEAA_NAEA_J@Z 0000000180012590 f i libucrtd:output.obj
 0001:00011590       ??$extract_argument_from_va_list@E_J@?$standard_base@DV?$string_output_adapter@D@__crt_stdio_output@@@__crt_stdio_output@@IEAA_NAEA_J@Z 0000000180012590 f i libucrtd:output.obj
 0001:000115d0       ??$extract_argument_from_va_list@F_J@?$standard_base@DV?$string_output_adapter@D@__crt_stdio_output@@@__crt_stdio_output@@IEAA_NAEA_J@Z 00000001800125d0 f i libucrtd:output.obj
 0001:000115d0       ??$extract_argument_from_va_list@F_J@?$standard_base@_WV?$string_output_adapter@_W@__crt_stdio_output@@@__crt_stdio_output@@IEAA_NAEA_J@Z 00000001800125d0 f i libucrtd:output.obj
 0001:00011610       ??$extract_argument_from_va_list@GD@?$standard_base@DV?$string_output_adapter@D@__crt_stdio_output@@@__crt_stdio_output@@IEAA_NAEAD@Z 0000000180012610 f i libucrtd:output.obj
 0001:00011640       ??$extract_argument_from_va_list@G_J@?$standard_base@DV?$string_output_adapter@D@__crt_stdio_output@@@__crt_stdio_output@@IEAA_NAEA_J@Z 0000000180012640 f i libucrtd:output.obj
 0001:00011640       ??$extract_argument_from_va_list@G_J@?$standard_base@_WV?$string_output_adapter@_W@__crt_stdio_output@@@__crt_stdio_output@@IEAA_NAEA_J@Z 0000000180012640 f i libucrtd:output.obj
 0001:00011680       ??$extract_argument_from_va_list@H_J@?$standard_base@_WV?$string_output_adapter@_W@__crt_stdio_output@@@__crt_stdio_output@@IEAA_NAEA_J@Z 0000000180012680 f i libucrtd:output.obj
 0001:00011680       ??$extract_argument_from_va_list@H_J@?$standard_base@DV?$string_output_adapter@D@__crt_stdio_output@@@__crt_stdio_output@@IEAA_NAEA_J@Z 0000000180012680 f i libucrtd:output.obj
 0001:000116b0       ??$extract_argument_from_va_list@I_J@?$standard_base@_WV?$string_output_adapter@_W@__crt_stdio_output@@@__crt_stdio_output@@IEAA_NAEA_J@Z 00000001800126b0 f i libucrtd:output.obj
 0001:000116b0       ??$extract_argument_from_va_list@I_J@?$standard_base@DV?$string_output_adapter@D@__crt_stdio_output@@@__crt_stdio_output@@IEAA_NAEA_J@Z 00000001800126b0 f i libucrtd:output.obj
 0001:000116e0       ??$extract_argument_from_va_list@PEAXPEAX@?$standard_base@_WV?$string_output_adapter@_W@__crt_stdio_output@@@__crt_stdio_output@@IEAA_NAEAPEAX@Z 00000001800126e0 f i libucrtd:output.obj
 0001:000116e0       ??$extract_argument_from_va_list@_K_J@?$standard_base@_WV?$string_output_adapter@_W@__crt_stdio_output@@@__crt_stdio_output@@IEAA_NAEA_J@Z 00000001800126e0 f i libucrtd:output.obj
 0001:000116e0       ??$extract_argument_from_va_list@PEADPEAD@?$standard_base@DV?$string_output_adapter@D@__crt_stdio_output@@@__crt_stdio_output@@IEAA_NAEAPEAD@Z 00000001800126e0 f i libucrtd:output.obj
 0001:000116e0       ??$extract_argument_from_va_list@PEADPEAD@?$standard_base@_WV?$string_output_adapter@_W@__crt_stdio_output@@@__crt_stdio_output@@IEAA_NAEAPEAD@Z 00000001800126e0 f i libucrtd:output.obj
 0001:000116e0       ??$extract_argument_from_va_list@PEAXPEAX@?$standard_base@DV?$string_output_adapter@D@__crt_stdio_output@@@__crt_stdio_output@@IEAA_NAEAPEAX@Z 00000001800126e0 f i libucrtd:output.obj
 0001:000116e0       ??$extract_argument_from_va_list@_K_J@?$standard_base@DV?$string_output_adapter@D@__crt_stdio_output@@@__crt_stdio_output@@IEAA_NAEA_J@Z 00000001800126e0 f i libucrtd:output.obj
 0001:000116e0       ??$extract_argument_from_va_list@_J_J@?$standard_base@_WV?$string_output_adapter@_W@__crt_stdio_output@@@__crt_stdio_output@@IEAA_NAEA_J@Z 00000001800126e0 f i libucrtd:output.obj
 0001:000116e0       ??$extract_argument_from_va_list@_J_J@?$standard_base@DV?$string_output_adapter@D@__crt_stdio_output@@@__crt_stdio_output@@IEAA_NAEA_J@Z 00000001800126e0 f i libucrtd:output.obj
 0001:00011740       ??$extract_argument_from_va_list@U_CRT_DOUBLE@@U1@@?$standard_base@DV?$string_output_adapter@D@__crt_stdio_output@@@__crt_stdio_output@@IEAA_NAEAU_CRT_DOUBLE@@@Z 0000000180012740 f i libucrtd:output.obj
 0001:00011740       ??$extract_argument_from_va_list@U_CRT_DOUBLE@@U1@@?$standard_base@_WV?$string_output_adapter@_W@__crt_stdio_output@@@__crt_stdio_output@@IEAA_NAEAU_CRT_DOUBLE@@@Z 0000000180012740 f i libucrtd:output.obj
 0001:00011790       ??$extract_argument_from_va_list@_W_W@?$standard_base@_WV?$string_output_adapter@_W@__crt_stdio_output@@@__crt_stdio_output@@IEAA_NAEA_W@Z 0000000180012790 f i libucrtd:output.obj
 0001:00011790       ??$extract_argument_from_va_list@_W_W@?$standard_base@DV?$string_output_adapter@D@__crt_stdio_output@@@__crt_stdio_output@@IEAA_NAEA_W@Z 0000000180012790 f i libucrtd:output.obj
 0001:000117c0       ??$is_wide_character_specifier@D@__crt_stdio_output@@YA_N_KDW4length_modifier@0@@Z 00000001800127c0 f i libucrtd:output.obj
 0001:00011860       ??$is_wide_character_specifier@_W@__crt_stdio_output@@YA_N_K_WW4length_modifier@0@@Z 0000000180012860 f i libucrtd:output.obj
 0001:00011930       ??$read_va_arg@C@__crt_stdio_output@@YACAEAPEAD@Z 0000000180012930 f i libucrtd:output.obj
 0001:00011930       ??$read_va_arg@E@__crt_stdio_output@@YAEAEAPEAD@Z 0000000180012930 f i libucrtd:output.obj
 0001:000119a0       ??$read_va_arg@_W@__crt_stdio_output@@YA_WAEAPEAD@Z 00000001800129a0 f i libucrtd:output.obj
 0001:000119a0       ??$read_va_arg@G@__crt_stdio_output@@YAGAEAPEAD@Z 00000001800129a0 f i libucrtd:output.obj
 0001:000119a0       ??$read_va_arg@F@__crt_stdio_output@@YAFAEAPEAD@Z 00000001800129a0 f i libucrtd:output.obj
 0001:00011a10       ??$read_va_arg@H@__crt_stdio_output@@YAHAEAPEAD@Z 0000000180012a10 f i libucrtd:output.obj
 0001:00011a10       ??$read_va_arg@I@__crt_stdio_output@@YAIAEAPEAD@Z 0000000180012a10 f i libucrtd:output.obj
 0001:00011a70       ??$read_va_arg@_J@__crt_stdio_output@@YA_JAEAPEAD@Z 0000000180012a70 f i libucrtd:output.obj
 0001:00011a70       ??$read_va_arg@PEAD@__crt_stdio_output@@YAPEADAEAPEAD@Z 0000000180012a70 f i libucrtd:output.obj
 0001:00011a70       ??$read_va_arg@PEAX@__crt_stdio_output@@YAPEAXAEAPEAD@Z 0000000180012a70 f i libucrtd:output.obj
 0001:00011a70       ??$read_va_arg@_K@__crt_stdio_output@@YA_KAEAPEAD@Z 0000000180012a70 f i libucrtd:output.obj
 0001:00011a70       ??$read_va_arg@U_CRT_DOUBLE@@@__crt_stdio_output@@YA?AU_CRT_DOUBLE@@AEAPEAD@Z 0000000180012a70 f i libucrtd:output.obj
 0001:00011b50       ??$scratch_count@D@formatting_buffer@__crt_stdio_output@@QEBA_KXZ 0000000180012b50 f i libucrtd:output.obj
 0001:00011b70       ??$scratch_data@D@formatting_buffer@__crt_stdio_output@@QEAAPEADXZ 0000000180012b70 f i libucrtd:output.obj
 0001:00011be0       ??$tcstol@PEBDPEAPEADH@?$__crt_char_traits@D@@SAJ$$QEAPEBD$$QEAPEAPEAD$$QEAH@Z 0000000180012be0 f i libucrtd:output.obj
 0001:00011c20       ??$tcstol@PEB_WPEAPEA_WH@?$__crt_char_traits@_W@@SAJ$$QEAPEB_W$$QEAPEAPEA_W$$QEAH@Z 0000000180012c20 f i libucrtd:output.obj
 0001:00011c60       ??$type_case_integer_parse_into_buffer@I@?$output_processor@DV?$string_output_adapter@D@__crt_stdio_output@@V?$format_validation_base@DV?$string_output_adapter@D@__crt_stdio_output@@@2@@__crt_stdio_output@@AEAAXII_N@Z 0000000180012c60 f i libucrtd:output.obj
 0001:00011d90       ??$type_case_integer_parse_into_buffer@I@?$output_processor@_WV?$string_output_adapter@_W@__crt_stdio_output@@V?$format_validation_base@_WV?$string_output_adapter@_W@__crt_stdio_output@@@2@@__crt_stdio_output@@AEAAXII_N@Z 0000000180012d90 f i libucrtd:output.obj
 0001:00011ed0       ??$type_case_integer_parse_into_buffer@_K@?$output_processor@DV?$string_output_adapter@D@__crt_stdio_output@@V?$format_validation_base@DV?$string_output_adapter@D@__crt_stdio_output@@@2@@__crt_stdio_output@@AEAAX_KI_N@Z 0000000180012ed0 f i libucrtd:output.obj
 0001:00012020       ??$type_case_integer_parse_into_buffer@_K@?$output_processor@_WV?$string_output_adapter@_W@__crt_stdio_output@@V?$format_validation_base@_WV?$string_output_adapter@_W@__crt_stdio_output@@@2@@__crt_stdio_output@@AEAAX_KI_N@Z 0000000180013020 f i libucrtd:output.obj
 0001:00012180       ??$write_multiple_characters@V?$string_output_adapter@D@__crt_stdio_output@@D@__crt_stdio_output@@YAXAEBV?$string_output_adapter@D@0@DHQEAH@Z 0000000180013180 f i libucrtd:output.obj
 0001:000121e0       ??$write_multiple_characters@V?$string_output_adapter@_W@__crt_stdio_output@@D@__crt_stdio_output@@YAXAEBV?$string_output_adapter@_W@0@DHQEAH@Z 00000001800131e0 f i libucrtd:output.obj
 0001:00012240       ??0?$common_data@D@__crt_stdio_output@@IEAA@XZ 0000000180013240 f i libucrtd:output.obj
 0001:00012310       ??0?$common_data@_W@__crt_stdio_output@@IEAA@XZ 0000000180013310 f i libucrtd:output.obj
 0001:000123e0       ??0?$output_adapter_data@DV?$string_output_adapter@D@__crt_stdio_output@@@__crt_stdio_output@@IEAA@AEBV?$string_output_adapter@D@1@_KQEBDQEAU__crt_locale_pointers@@QEAD@Z 00000001800133e0 f i libucrtd:output.obj
 0001:00012460       ??0?$output_adapter_data@_WV?$string_output_adapter@_W@__crt_stdio_output@@@__crt_stdio_output@@IEAA@AEBV?$string_output_adapter@_W@1@_KQEB_WQEAU__crt_locale_pointers@@QEAD@Z 0000000180013460 f i libucrtd:output.obj
 0001:000124e0       ??0?$output_processor@DV?$string_output_adapter@D@__crt_stdio_output@@V?$format_validation_base@DV?$string_output_adapter@D@__crt_stdio_output@@@2@@__crt_stdio_output@@QEAA@AEBV?$string_output_adapter@D@1@_KQEBDQEAU__crt_locale_pointers@@QEAD@Z 00000001800134e0 f i libucrtd:output.obj
 0001:00012530       ??0?$output_processor@_WV?$string_output_adapter@_W@__crt_stdio_output@@V?$format_validation_base@_WV?$string_output_adapter@_W@__crt_stdio_output@@@2@@__crt_stdio_output@@QEAA@AEBV?$string_output_adapter@_W@1@_KQEB_WQEAU__crt_locale_pointers@@QEAD@Z 0000000180013530 f i libucrtd:output.obj
 0001:00012580       ??0__crt_deferred_errno_cache@@QEAA@XZ 0000000180013580 f i libucrtd:output.obj
 0001:000125a0       ??0__crt_errno_guard@@QEAA@QEAH@Z 00000001800135a0 f i libucrtd:output.obj
 0001:000125e0       ??0formatting_buffer@__crt_stdio_output@@QEAA@XZ 00000001800135e0 f i libucrtd:output.obj
 0001:00012620       ??1?$common_data@_W@__crt_stdio_output@@QEAA@XZ 0000000180013620 f i libucrtd:output.obj
 0001:00012620       ??1?$common_data@D@__crt_stdio_output@@QEAA@XZ 0000000180013620 f i libucrtd:output.obj
 0001:00012640       ??1?$format_validation_base@DV?$string_output_adapter@D@__crt_stdio_output@@@__crt_stdio_output@@QEAA@XZ 0000000180013640 f i libucrtd:output.obj
 0001:00012640       ??1?$format_validation_base@_WV?$string_output_adapter@_W@__crt_stdio_output@@@__crt_stdio_output@@QEAA@XZ 0000000180013640 f i libucrtd:output.obj
 0001:00012660       ??1?$output_adapter_data@DV?$string_output_adapter@D@__crt_stdio_output@@@__crt_stdio_output@@QEAA@XZ 0000000180013660 f i libucrtd:output.obj
 0001:00012660       ??1?$output_adapter_data@_WV?$string_output_adapter@_W@__crt_stdio_output@@@__crt_stdio_output@@QEAA@XZ 0000000180013660 f i libucrtd:output.obj
 0001:00012680       ??1?$output_processor@DV?$string_output_adapter@D@__crt_stdio_output@@V?$format_validation_base@DV?$string_output_adapter@D@__crt_stdio_output@@@2@@__crt_stdio_output@@QEAA@XZ 0000000180013680 f i libucrtd:output.obj
 0001:00012680       ??1?$output_processor@_WV?$string_output_adapter@_W@__crt_stdio_output@@V?$format_validation_base@_WV?$string_output_adapter@_W@__crt_stdio_output@@@2@@__crt_stdio_output@@QEAA@XZ 0000000180013680 f i libucrtd:output.obj
 0001:000126a0       ??1?$standard_base@DV?$string_output_adapter@D@__crt_stdio_output@@@__crt_stdio_output@@QEAA@XZ 00000001800136a0 f i libucrtd:output.obj
 0001:000126a0       ??1?$standard_base@_WV?$string_output_adapter@_W@__crt_stdio_output@@@__crt_stdio_output@@QEAA@XZ 00000001800136a0 f i libucrtd:output.obj
 0001:000126c0       ??1__crt_errno_guard@@QEAA@XZ 00000001800136c0 f i libucrtd:output.obj
 0001:000126f0       ??1formatting_buffer@__crt_stdio_output@@QEAA@XZ 00000001800136f0 f i libucrtd:output.obj
 0001:00012720       ??4?$__crt_unique_heap_ptr@DU__crt_internal_free_policy@@@@QEAAAEAV0@$$QEAV0@@Z 0000000180013720 f i libucrtd:output.obj
 0001:00012760       ?adjust_hexit@?$output_processor@DV?$string_output_adapter@D@__crt_stdio_output@@V?$format_validation_base@DV?$string_output_adapter@D@__crt_stdio_output@@@2@@__crt_stdio_output@@CADH_N@Z 0000000180013760 f i libucrtd:output.obj
 0001:00012760       ?adjust_hexit@?$output_processor@_WV?$string_output_adapter@_W@__crt_stdio_output@@V?$format_validation_base@_WV?$string_output_adapter@_W@__crt_stdio_output@@@2@@__crt_stdio_output@@CADH_N@Z 0000000180013760 f i libucrtd:output.obj
 0001:000127b0       ?advance_to_next_pass@?$standard_base@DV?$string_output_adapter@D@__crt_stdio_output@@@__crt_stdio_output@@IEAA_NXZ 00000001800137b0 f i libucrtd:output.obj
 0001:000127b0       ?advance_to_next_pass@?$standard_base@_WV?$string_output_adapter@_W@__crt_stdio_output@@@__crt_stdio_output@@IEAA_NXZ 00000001800137b0 f i libucrtd:output.obj
 0001:00012800       ?crop_zeroes@__crt_stdio_output@@YAXPEADQEAU__crt_locale_pointers@@@Z 0000000180013800 f i libucrtd:output.obj
 0001:00012940       ?find_next_state@?$output_processor@DV?$string_output_adapter@D@__crt_stdio_output@@V?$format_validation_base@DV?$string_output_adapter@D@__crt_stdio_output@@@2@@__crt_stdio_output@@AEBA?AW4state@2@DW432@@Z 0000000180013940 f i libucrtd:output.obj
 0001:000129e0       ?find_next_state@?$output_processor@_WV?$string_output_adapter@_W@__crt_stdio_output@@V?$format_validation_base@_WV?$string_output_adapter@_W@__crt_stdio_output@@@2@@__crt_stdio_output@@AEBA?AW4state@2@_WW432@@Z 00000001800139e0 f i libucrtd:output.obj
 0001:00012a80       ?force_decimal_point@__crt_stdio_output@@YAXPEADQEAU__crt_locale_pointers@@@Z 0000000180013a80 f i libucrtd:output.obj
 0001:00012b80       ?get@__crt_deferred_errno_cache@@QEAAAEAHXZ 0000000180013b80 f i libucrtd:output.obj
 0001:00012bb0       ?get_flags@__crt_stdio_stream@@QEBAJXZ 0000000180013bb0 f i libucrtd:output.obj
 0001:00012be0       ?has_flag@?$output_processor@DV?$string_output_adapter@D@__crt_stdio_output@@V?$format_validation_base@DV?$string_output_adapter@D@__crt_stdio_output@@@2@@__crt_stdio_output@@AEBA_NI@Z 0000000180013be0 f i libucrtd:output.obj
 0001:00012be0       ?has_flag@?$output_processor@_WV?$string_output_adapter@_W@__crt_stdio_output@@V?$format_validation_base@_WV?$string_output_adapter@_W@__crt_stdio_output@@@2@@__crt_stdio_output@@AEBA_NI@Z 0000000180013be0 f i libucrtd:output.obj
 0001:00012c20       ?is_string_backed@__crt_stdio_stream@@QEBA_NXZ 0000000180013c20 f i libucrtd:output.obj
 0001:00012c60       ?narrow_null_string@?$output_processor@_WV?$string_output_adapter@_W@__crt_stdio_output@@V?$format_validation_base@_WV?$string_output_adapter@_W@__crt_stdio_output@@@2@@__crt_stdio_output@@CAPEADXZ 0000000180013c60 f i libucrtd:output.obj
 0001:00012c60       ?narrow_null_string@?$output_processor@DV?$string_output_adapter@D@__crt_stdio_output@@V?$format_validation_base@DV?$string_output_adapter@D@__crt_stdio_output@@@2@@__crt_stdio_output@@CAPEADXZ 0000000180013c60 f i libucrtd:output.obj
 0001:00012c70       ?parse_int_from_format_string@?$output_processor@DV?$string_output_adapter@D@__crt_stdio_output@@V?$format_validation_base@DV?$string_output_adapter@D@__crt_stdio_output@@@2@@__crt_stdio_output@@AEAA_NQEAH@Z 0000000180013c70 f i libucrtd:output.obj
 0001:00012d60       ?parse_int_from_format_string@?$output_processor@_WV?$string_output_adapter@_W@__crt_stdio_output@@V?$format_validation_base@_WV?$string_output_adapter@_W@__crt_stdio_output@@@2@@__crt_stdio_output@@AEAA_NQEAH@Z 0000000180013d60 f i libucrtd:output.obj
 0001:00012e50       ?process@?$output_processor@DV?$string_output_adapter@D@__crt_stdio_output@@V?$format_validation_base@DV?$string_output_adapter@D@__crt_stdio_output@@@2@@__crt_stdio_output@@QEAAHXZ 0000000180013e50 f i libucrtd:output.obj
 0001:000131b0       ?process@?$output_processor@_WV?$string_output_adapter@_W@__crt_stdio_output@@V?$format_validation_base@_WV?$string_output_adapter@_W@__crt_stdio_output@@@2@@__crt_stdio_output@@QEAAHXZ 00000001800141b0 f i libucrtd:output.obj
 0001:00013510       ?set_flag@?$output_processor@_WV?$string_output_adapter@_W@__crt_stdio_output@@V?$format_validation_base@_WV?$string_output_adapter@_W@__crt_stdio_output@@@2@@__crt_stdio_output@@AEAAXI@Z 0000000180014510 f i libucrtd:output.obj
 0001:00013510       ?set_flag@?$output_processor@DV?$string_output_adapter@D@__crt_stdio_output@@V?$format_validation_base@DV?$string_output_adapter@D@__crt_stdio_output@@@2@@__crt_stdio_output@@AEAAXI@Z 0000000180014510 f i libucrtd:output.obj
 0001:00013530       ?validate_state_for_type_case_a@?$standard_base@_WV?$string_output_adapter@_W@__crt_stdio_output@@@__crt_stdio_output@@IEBA_NXZ 0000000180014530 f i libucrtd:output.obj
 0001:00013530       ?validate_and_update_state_at_beginning_of_format_character@?$standard_base@DV?$string_output_adapter@D@__crt_stdio_output@@@__crt_stdio_output@@IEAA_NXZ 0000000180014530 f i libucrtd:output.obj
 0001:00013530       ?validate_state_for_type_case_a@?$standard_base@DV?$string_output_adapter@D@__crt_stdio_output@@@__crt_stdio_output@@IEBA_NXZ 0000000180014530 f i libucrtd:output.obj
 0001:00013530       ?should_format@?$standard_base@_WV?$string_output_adapter@_W@__crt_stdio_output@@@__crt_stdio_output@@IEAA_NXZ 0000000180014530 f i libucrtd:output.obj
 0001:00013530       ?should_format@?$standard_base@DV?$string_output_adapter@D@__crt_stdio_output@@@__crt_stdio_output@@IEAA_NXZ 0000000180014530 f i libucrtd:output.obj
 0001:00013530       ?validate_and_update_state_at_beginning_of_format_character@?$standard_base@_WV?$string_output_adapter@_W@__crt_stdio_output@@@__crt_stdio_output@@IEAA_NXZ 0000000180014530 f i libucrtd:output.obj
 0001:00013540       ?should_skip_type_state_output@?$standard_base@DV?$string_output_adapter@D@__crt_stdio_output@@@__crt_stdio_output@@IEBA_NXZ 0000000180014540 f i libucrtd:output.obj
 0001:00013540       ?should_skip_type_state_output@?$standard_base@_WV?$string_output_adapter@_W@__crt_stdio_output@@@__crt_stdio_output@@IEBA_NXZ 0000000180014540 f i libucrtd:output.obj
 0001:00013540       ?should_skip_normal_state_processing@?$standard_base@_WV?$string_output_adapter@_W@__crt_stdio_output@@@__crt_stdio_output@@IEAA_NXZ 0000000180014540 f i libucrtd:output.obj
 0001:00013540       ?should_skip_normal_state_processing@?$standard_base@DV?$string_output_adapter@D@__crt_stdio_output@@@__crt_stdio_output@@IEAA_NXZ 0000000180014540 f i libucrtd:output.obj
 0001:00013550       ?state_case_dot@?$output_processor@DV?$string_output_adapter@D@__crt_stdio_output@@V?$format_validation_base@DV?$string_output_adapter@D@__crt_stdio_output@@@2@@__crt_stdio_output@@AEAA_NXZ 0000000180014550 f i libucrtd:output.obj
 0001:00013550       ?state_case_dot@?$output_processor@_WV?$string_output_adapter@_W@__crt_stdio_output@@V?$format_validation_base@_WV?$string_output_adapter@_W@__crt_stdio_output@@@2@@__crt_stdio_output@@AEAA_NXZ 0000000180014550 f i libucrtd:output.obj
 0001:00013570       ?state_case_flag@?$output_processor@DV?$string_output_adapter@D@__crt_stdio_output@@V?$format_validation_base@DV?$string_output_adapter@D@__crt_stdio_output@@@2@@__crt_stdio_output@@AEAA_NXZ 0000000180014570 f i libucrtd:output.obj
 0001:00013610       ?state_case_flag@?$output_processor@_WV?$string_output_adapter@_W@__crt_stdio_output@@V?$format_validation_base@_WV?$string_output_adapter@_W@__crt_stdio_output@@@2@@__crt_stdio_output@@AEAA_NXZ 0000000180014610 f i libucrtd:output.obj
 0001:000136b0       ?state_case_normal@?$output_processor@DV?$string_output_adapter@D@__crt_stdio_output@@V?$format_validation_base@DV?$string_output_adapter@D@__crt_stdio_output@@@2@@__crt_stdio_output@@AEAA_NXZ 00000001800146b0 f i libucrtd:output.obj
 0001:00013790       ?state_case_normal@?$output_processor@_WV?$string_output_adapter@_W@__crt_stdio_output@@V?$format_validation_base@_WV?$string_output_adapter@_W@__crt_stdio_output@@@2@@__crt_stdio_output@@AEAA_NXZ 0000000180014790 f i libucrtd:output.obj
 0001:00013870       ?state_case_normal_common@?$output_processor@DV?$string_output_adapter@D@__crt_stdio_output@@V?$format_validation_base@DV?$string_output_adapter@D@__crt_stdio_output@@@2@@__crt_stdio_output@@AEAA_NXZ 0000000180014870 f i libucrtd:output.obj
 0001:000138c0       ?state_case_normal_common@?$output_processor@_WV?$string_output_adapter@_W@__crt_stdio_output@@V?$format_validation_base@_WV?$string_output_adapter@_W@__crt_stdio_output@@@2@@__crt_stdio_output@@AEAA_NXZ 00000001800148c0 f i libucrtd:output.obj
 0001:00013910       ?state_case_normal_tchar@?$output_processor@DV?$string_output_adapter@D@__crt_stdio_output@@V?$format_validation_base@DV?$string_output_adapter@D@__crt_stdio_output@@@2@@__crt_stdio_output@@AEAA_ND@Z 0000000180014910 f i libucrtd:output.obj
 0001:00013a50       ?state_case_normal_tchar@?$output_processor@_WV?$string_output_adapter@_W@__crt_stdio_output@@V?$format_validation_base@_WV?$string_output_adapter@_W@__crt_stdio_output@@@2@@__crt_stdio_output@@AEAA_N_W@Z 0000000180014a50 f i libucrtd:output.obj
 0001:00013a70       ?state_case_percent@?$output_processor@DV?$string_output_adapter@D@__crt_stdio_output@@V?$format_validation_base@DV?$string_output_adapter@D@__crt_stdio_output@@@2@@__crt_stdio_output@@AEAA_NXZ 0000000180014a70 f i libucrtd:output.obj
 0001:00013a70       ?state_case_percent@?$output_processor@_WV?$string_output_adapter@_W@__crt_stdio_output@@V?$format_validation_base@_WV?$string_output_adapter@_W@__crt_stdio_output@@@2@@__crt_stdio_output@@AEAA_NXZ 0000000180014a70 f i libucrtd:output.obj
 0001:00013ac0       ?state_case_precision@?$output_processor@DV?$string_output_adapter@D@__crt_stdio_output@@V?$format_validation_base@DV?$string_output_adapter@D@__crt_stdio_output@@@2@@__crt_stdio_output@@AEAA_NXZ 0000000180014ac0 f i libucrtd:output.obj
 0001:00013b40       ?state_case_precision@?$output_processor@_WV?$string_output_adapter@_W@__crt_stdio_output@@V?$format_validation_base@_WV?$string_output_adapter@_W@__crt_stdio_output@@@2@@__crt_stdio_output@@AEAA_NXZ 0000000180014b40 f i libucrtd:output.obj
 0001:00013bc0       ?state_case_size@?$output_processor@DV?$string_output_adapter@D@__crt_stdio_output@@V?$format_validation_base@DV?$string_output_adapter@D@__crt_stdio_output@@@2@@__crt_stdio_output@@AEAA_NXZ 0000000180014bc0 f i libucrtd:output.obj
 0001:00014040       ?state_case_size@?$output_processor@_WV?$string_output_adapter@_W@__crt_stdio_output@@V?$format_validation_base@_WV?$string_output_adapter@_W@__crt_stdio_output@@@2@@__crt_stdio_output@@AEAA_NXZ 0000000180015040 f i libucrtd:output.obj
 0001:000144c0       ?state_case_type@?$output_processor@DV?$string_output_adapter@D@__crt_stdio_output@@V?$format_validation_base@DV?$string_output_adapter@D@__crt_stdio_output@@@2@@__crt_stdio_output@@AEAA_NXZ 00000001800154c0 f i libucrtd:output.obj
 0001:00014960       ?state_case_type@?$output_processor@_WV?$string_output_adapter@_W@__crt_stdio_output@@V?$format_validation_base@_WV?$string_output_adapter@_W@__crt_stdio_output@@@2@@__crt_stdio_output@@AEAA_NXZ 0000000180015960 f i libucrtd:output.obj
 0001:00014ec0       ?state_case_width@?$output_processor@DV?$string_output_adapter@D@__crt_stdio_output@@V?$format_validation_base@DV?$string_output_adapter@D@__crt_stdio_output@@@2@@__crt_stdio_output@@AEAA_NXZ 0000000180015ec0 f i libucrtd:output.obj
 0001:00014f50       ?state_case_width@?$output_processor@_WV?$string_output_adapter@_W@__crt_stdio_output@@V?$format_validation_base@_WV?$string_output_adapter@_W@__crt_stdio_output@@@2@@__crt_stdio_output@@AEAA_NXZ 0000000180015f50 f i libucrtd:output.obj
 0001:00014fe0       ?state_count@?$format_validation_base@DV?$string_output_adapter@D@__crt_stdio_output@@@__crt_stdio_output@@KAIXZ 0000000180015fe0 f i libucrtd:output.obj
 0001:00014fe0       ?state_count@?$format_validation_base@_WV?$string_output_adapter@_W@__crt_stdio_output@@@__crt_stdio_output@@KAIXZ 0000000180015fe0 f i libucrtd:output.obj
 0001:00014ff0       ?state_transition_table@?$format_validation_base@DV?$string_output_adapter@D@__crt_stdio_output@@@__crt_stdio_output@@KAPEBEXZ 0000000180015ff0 f i libucrtd:output.obj
 0001:00014ff0       ?state_transition_table@?$format_validation_base@_WV?$string_output_adapter@_W@__crt_stdio_output@@@__crt_stdio_output@@KAPEBEXZ 0000000180015ff0 f i libucrtd:output.obj
 0001:00015000       ?tchar_string@?$common_data@D@__crt_stdio_output@@IEAAAEAPEADD@Z 0000000180016000 f i libucrtd:output.obj
 0001:00015020       ?tchar_string@?$common_data@D@__crt_stdio_output@@IEAAAEAPEADXZ 0000000180016020 f i libucrtd:output.obj
 0001:00015040       ?tchar_string@?$common_data@_W@__crt_stdio_output@@IEAAAEAPEA_WXZ 0000000180016040 f i libucrtd:output.obj
 0001:00015060       ?tchar_string@?$common_data@_W@__crt_stdio_output@@IEAAAEAPEA_W_W@Z 0000000180016060 f i libucrtd:output.obj
 0001:00015080       ?to_integer_size@__crt_stdio_output@@YA_KW4length_modifier@1@@Z 0000000180016080 f i libucrtd:output.obj
 0001:00015130       ?type_case_X@?$output_processor@DV?$string_output_adapter@D@__crt_stdio_output@@V?$format_validation_base@DV?$string_output_adapter@D@__crt_stdio_output@@@2@@__crt_stdio_output@@AEAA_NXZ 0000000180016130 f i libucrtd:output.obj
 0001:00015150       ?type_case_X@?$output_processor@_WV?$string_output_adapter@_W@__crt_stdio_output@@V?$format_validation_base@_WV?$string_output_adapter@_W@__crt_stdio_output@@@2@@__crt_stdio_output@@AEAA_NXZ 0000000180016150 f i libucrtd:output.obj
 0001:00015170       ?type_case_Z@?$output_processor@DV?$string_output_adapter@D@__crt_stdio_output@@V?$format_validation_base@DV?$string_output_adapter@D@__crt_stdio_output@@@2@@__crt_stdio_output@@AEAA_NXZ 0000000180016170 f i libucrtd:output.obj
 0001:00015290       ?type_case_Z@?$output_processor@_WV?$string_output_adapter@_W@__crt_stdio_output@@V?$format_validation_base@_WV?$string_output_adapter@_W@__crt_stdio_output@@@2@@__crt_stdio_output@@AEAA_NXZ 0000000180016290 f i libucrtd:output.obj
 0001:000153b0       ?type_case_a@?$output_processor@DV?$string_output_adapter@D@__crt_stdio_output@@V?$format_validation_base@DV?$string_output_adapter@D@__crt_stdio_output@@@2@@__crt_stdio_output@@AEAA_NXZ 00000001800163b0 f i libucrtd:output.obj
 0001:00015770       ?type_case_a@?$output_processor@_WV?$string_output_adapter@_W@__crt_stdio_output@@V?$format_validation_base@_WV?$string_output_adapter@_W@__crt_stdio_output@@@2@@__crt_stdio_output@@AEAA_NXZ 0000000180016770 f i libucrtd:output.obj
 0001:00015b40       ?type_case_c@?$output_processor@DV?$string_output_adapter@D@__crt_stdio_output@@V?$format_validation_base@DV?$string_output_adapter@D@__crt_stdio_output@@@2@@__crt_stdio_output@@AEAA_NXZ 0000000180016b40 f i libucrtd:output.obj
 0001:00015b60       ?type_case_c@?$output_processor@_WV?$string_output_adapter@_W@__crt_stdio_output@@V?$format_validation_base@_WV?$string_output_adapter@_W@__crt_stdio_output@@@2@@__crt_stdio_output@@AEAA_NXZ 0000000180016b60 f i libucrtd:output.obj
 0001:00015b80       ?type_case_c_tchar@?$output_processor@DV?$string_output_adapter@D@__crt_stdio_output@@V?$format_validation_base@DV?$string_output_adapter@D@__crt_stdio_output@@@2@@__crt_stdio_output@@AEAA_ND@Z 0000000180016b80 f i libucrtd:output.obj
 0001:00015cd0       ?type_case_c_tchar@?$output_processor@_WV?$string_output_adapter@_W@__crt_stdio_output@@V?$format_validation_base@_WV?$string_output_adapter@_W@__crt_stdio_output@@@2@@__crt_stdio_output@@AEAA_N_W@Z 0000000180016cd0 f i libucrtd:output.obj
 0001:00015e00       ?type_case_d@?$output_processor@DV?$string_output_adapter@D@__crt_stdio_output@@V?$format_validation_base@DV?$string_output_adapter@D@__crt_stdio_output@@@2@@__crt_stdio_output@@AEAA_NXZ 0000000180016e00 f i libucrtd:output.obj
 0001:00015e30       ?type_case_d@?$output_processor@_WV?$string_output_adapter@_W@__crt_stdio_output@@V?$format_validation_base@_WV?$string_output_adapter@_W@__crt_stdio_output@@@2@@__crt_stdio_output@@AEAA_NXZ 0000000180016e30 f i libucrtd:output.obj
[...]
 0004:0000270c       $pdata$?has_all_of@__crt_stdio_stream@@QEBA_NJ@Z 000000018005870c     libucrtd:fflush.obj
 0004:00002718       $pdata$__acrt_stdio_flush_nolock 0000000180058718     libucrtd:fflush.obj
 0004:00002724       $pdata$?__acrt_stdio_reset_buffer@@YAXV__crt_stdio_stream@@@Z 0000000180058724     libucrtd:fflush.obj
 0004:00002730       $pdata$?is_stream_allocated@@YA_NJ@Z 0000000180058730     libucrtd:fflush.obj
 0004:0000273c       $pdata$?is_stream_flushable_or_commitable@@YA_NJ@Z 000000018005873c     libucrtd:fflush.obj
 0004:00002748       $pdata$?common_flush_all_should_try_to_flush_stream@@YA_NV__crt_stdio_stream@@QEAH@Z 0000000180058748     libucrtd:fflush.obj
 0004:00002754       $pdata$?common_flush_all@@YAH_N@Z 0000000180058754     libucrtd:fflush.obj
 0004:00002760       $pdata$??R<lambda_ab61a845afdef5b7c387490eaf3616ee>@@QEBA@XZ 0000000180058760     libucrtd:fflush.obj
 0004:0000276c       $pdata$??R<lambda_c5860995281e5c4ce005b3de8f5874ee>@@QEBAXXZ 000000018005876c     libucrtd:fflush.obj
 0004:00002778       $pdata$??$__acrt_lock_stream_and_call@V<lambda_c5860995281e5c4ce005b3de8f5874ee>@@@@YAXQEAU_iobuf@@$$QEAV<lambda_c5860995281e5c4ce005b3de8f5874ee>@@@Z 0000000180058778     libucrtd:fflush.obj
 0004:00002784       $pdata$??$__acrt_lock_and_call@V<lambda_ab61a845afdef5b7c387490eaf3616ee>@@@@YAXW4__acrt_lock_id@@$$QEAV<lambda_ab61a845afdef5b7c387490eaf3616ee>@@@Z 0000000180058784     libucrtd:fflush.obj
 0004:00002790       $pdata$??R<lambda_842d9ff0dc9ef11c61343bbaebe7f885>@@QEBAXXZ 0000000180058790     libucrtd:fflush.obj
 0004:0000279c       $pdata$??R<lambda_d90129c13df834fdcbf8d2b88dafcf2d>@@QEBAXXZ 000000018005879c     libucrtd:fflush.obj
 0004:000027a8       $pdata$??$?RV<lambda_842d9ff0dc9ef11c61343bbaebe7f885>@@AEAV<lambda_c5860995281e5c4ce005b3de8f5874ee>@@V<lambda_d90129c13df834fdcbf8d2b88dafcf2d>@@@?$__crt_seh_guarded_call@X@@QEAAX$$QEAV<lambda_842d9ff0dc9ef11c61343bbaebe7f885>@@AEAV<lambda_c5860995281e5c4ce005b3de8f5874ee>@@$$QEAV<lambda_d90129c13df834fdcbf8d2b88dafcf2d>@@@Z 00000001800587a8     libucrtd:fflush.obj
 0004:000027b4       $pdata$?fin$0@?0???$?RV<lambda_842d9ff0dc9ef11c61343bbaebe7f885>@@AEAV<lambda_c5860995281e5c4ce005b3de8f5874ee>@@V<lambda_d90129c13df834fdcbf8d2b88dafcf2d>@@@?$__crt_seh_guarded_call@X@@QEAAX$$QEAV<lambda_842d9ff0dc9ef11c61343bbaebe7f885>@@AEAV<lambda_c5860995281e5c4ce005b3de8f5874ee>@@$$QEAV<lambda_d90129c13df834fdcbf8d2b88dafcf2d>@@@Z@4HA 00000001800587b4     libucrtd:fflush.obj
 0004:000027c0       $pdata$??$?RV<lambda_886d6c58226a84441f68b9f2b8217b83>@@AEAV<lambda_ab61a845afdef5b7c387490eaf3616ee>@@V<lambda_f7f22ab5edc0698d5f6905b0d3f44752>@@@?$__crt_seh_guarded_call@X@@QEAAX$$QEAV<lambda_886d6c58226a84441f68b9f2b8217b83>@@AEAV<lambda_ab61a845afdef5b7c387490eaf3616ee>@@$$QEAV<lambda_f7f22ab5edc0698d5f6905b0d3f44752>@@@Z 00000001800587c0     libucrtd:fflush.obj
 0004:000027cc       $pdata$_malloc_base        00000001800587cc     libucrtd:malloc_base.obj
 0004:000027d8       $pdata$__acrt_locale_free_monetary 00000001800587d8     libucrtd:initmon.obj
 0004:000027e4       $pdata$__acrt_locale_free_numeric 00000001800587e4     libucrtd:initnum.obj
 0004:000027f0       $pdata$__acrt_locale_free_time 00000001800587f0     libucrtd:inittime.obj
 0004:000027fc       $pdata$?free_crt_array_internal@@YAXQEAPEBX_K@Z 00000001800587fc     libucrtd:inittime.obj
 0004:00002808       $pdata$??$free_crt_array@D$06@@YAXAEAY06PEAD@Z 0000000180058808     libucrtd:inittime.obj
 0004:00002808       $pdata$??$free_crt_array@_W$06@@YAXAEAY06PEA_W@Z 0000000180058808     libucrtd:inittime.obj
 0004:00002814       $pdata$??$free_crt_array@D$0M@@@YAXAEAY0M@PEAD@Z 0000000180058814     libucrtd:inittime.obj
 0004:00002814       $pdata$??$free_crt_array@_W$0M@@@YAXAEAY0M@PEA_W@Z 0000000180058814     libucrtd:inittime.obj
 0004:00002820       $pdata$??$free_crt_array@D$01@@YAXAEAY01PEAD@Z 0000000180058820     libucrtd:inittime.obj
 0004:00002820       $pdata$??$free_crt_array@_W$01@@YAXAEAY01PEA_W@Z 0000000180058820     libucrtd:inittime.obj
 0004:0000282c       $pdata$wcscat_s            000000018005882c     libucrtd:wcscat_s.obj
 0004:00002838       $pdata$??$common_tcscat_s@_W@@YAHQEA_W_KQEB_W@Z 0000000180058838     libucrtd:wcscat_s.obj
 0004:00002844       $pdata$_set_error_mode     0000000180058844     libucrtd:set_error_mode.obj
 0004:00002850       $pdata$_isleadbyte_l       0000000180058850     libucrtd:_wctype.obj
 0004:0000285c       $pdata$?__mbrtowc_utf8@__crt_mbstring@@YA_KPEA_WPEBD_KPEAU_Mbstatet@@@Z 000000018005885c     libucrtd:mbrtowc.obj
 0004:00002868       $pdata$?__mbsrtowcs_utf8@__crt_mbstring@@YA_KPEA_WPEAPEBD_KPEAU_Mbstatet@@@Z 0000000180058868     libucrtd:mbrtowc.obj
 0004:00002874       $pdata$c32rtomb            0000000180058874     libucrtd:c32rtomb.obj
 0004:00002880       $pdata$?__c32rtomb_utf8@__crt_mbstring@@YA_KPEAD_UPEAU_Mbstatet@@@Z 0000000180058880     libucrtd:c32rtomb.obj
 0004:0000288c       $pdata$?return_illegal_sequence@__crt_mbstring@@YA_KPEAU_Mbstatet@@@Z 000000018005888c     libucrtd:c32rtomb.obj
 0004:00002898       $pdata$?reset_and_return@__crt_mbstring@@YA_K_KPEAU_Mbstatet@@@Z 0000000180058898     libucrtd:c32rtomb.obj
 0004:000028a4       $pdata$__acrt_fp_strflt_to_string 00000001800588a4     libucrtd:_fptostr.obj
 0004:000028b0       $pdata$__acrt_fltout       00000001800588b0     libucrtd:cfout.obj
 0004:000028bc       $pdata$??0big_integer@__crt_strtox@@QEAA@XZ 00000001800588bc     libucrtd:cfout.obj
 0004:000028c8       $pdata$??0big_integer@__crt_strtox@@QEAA@AEBU01@@Z 00000001800588c8     libucrtd:cfout.obj
 0004:000028c8       $pdata$??4big_integer@__crt_strtox@@QEAAAEAU01@AEBU01@@Z 00000001800588c8     libucrtd:cfout.obj
 0004:000028d4       $pdata$??8__crt_strtox@@YA_NAEBUbig_integer@0@0@Z 00000001800588d4     libucrtd:cfout.obj
 0004:000028e0       $pdata$??9__crt_strtox@@YA_NAEBUbig_integer@0@0@Z 00000001800588e0     libucrtd:cfout.obj
 0004:000028ec       $pdata$?make_big_integer@__crt_strtox@@YA?AUbig_integer@1@_K@Z 00000001800588ec     libucrtd:cfout.obj
 0004:000028f8       $pdata$?make_big_integer_power_of_two@__crt_strtox@@YA?AUbig_integer@1@I@Z 00000001800588f8     libucrtd:cfout.obj
 0004:00002904       $pdata$?is_zero@__crt_strtox@@YA_NAEBUbig_integer@1@@Z 0000000180058904     libucrtd:cfout.obj
 0004:00002910       $pdata$?bit_scan_reverse@__crt_strtox@@YAII@Z 0000000180058910     libucrtd:cfout.obj
 0004:0000291c       $pdata$?shift_left@__crt_strtox@@YA_NAEAUbig_integer@1@I@Z 000000018005891c     libucrtd:cfout.obj
 0004:00002928       $pdata$?add_carry@__crt_strtox@@YAIAEAIII@Z 0000000180058928     libucrtd:cfout.obj
 0004:00002934       $pdata$?add_multiply_carry@__crt_strtox@@YAIAEAIIII@Z 0000000180058934     libucrtd:cfout.obj
 0004:00002940       $pdata$?multiply_core@__crt_strtox@@YAIQEAIII@Z 0000000180058940     libucrtd:cfout.obj
 0004:0000294c       $pdata$?multiply@__crt_strtox@@YA_NAEAUbig_integer@1@I@Z 000000018005894c     libucrtd:cfout.obj
 0004:00002958       $pdata$?multiply@__crt_strtox@@YA_NAEAUbig_integer@1@AEBU21@@Z 0000000180058958     libucrtd:cfout.obj
 0004:00002964       $pdata$?multiply_by_power_of_ten@__crt_strtox@@YA_NAEAUbig_integer@1@I@Z 0000000180058964     libucrtd:cfout.obj
 0004:00002970       $pdata$?count_sequential_high_zeroes@__crt_strtox@@YAII@Z 0000000180058970     libucrtd:cfout.obj
 0004:0000297c       $pdata$?divide@__crt_strtox@@YA_KAEAUbig_integer@1@AEBU21@@Z 000000018005897c     libucrtd:cfout.obj
 0004:00002988       $pdata$??0scoped_fp_state_reset@?A0x71ca7cfb@@QEAA@XZ 0000000180058988     libucrtd:cfout.obj
 0004:00002994       $pdata$??1scoped_fp_state_reset@?A0x71ca7cfb@@QEAA@XZ 0000000180058994     libucrtd:cfout.obj
 0004:000029a0       $pdata$??$convert_to_fos_high_precision@N@@YAXNIQEAHQEAD_K@Z 00000001800589a0     libucrtd:cfout.obj
 0004:000029ac       $pdata$_fcloseall          00000001800589ac     libucrtd:closeall.obj
 0004:000029b8       $pdata$_fcloseall$fin$0    00000001800589b8     libucrtd:closeall.obj
 0004:000029c4       $pdata$?is_in_use@__crt_stdio_stream@@QEBA_NXZ 00000001800589c4     libucrtd:closeall.obj
 0004:000029d0       $pdata$?has_crt_buffer@__crt_stdio_stream@@QEBA_NXZ 00000001800589d0     libucrtd:_freebuf.obj
 0004:000029dc       $pdata$__acrt_stdio_free_buffer_nolock 00000001800589dc     libucrtd:_freebuf.obj
 0004:000029e8       $pdata$__acrt_GetStringTypeW 00000001800589e8     libucrtd:getstringtypew.obj
 0004:000029f4       $pdata$_itow_s             00000001800589f4     libucrtd:xtoa.obj
 0004:00002a00       $pdata$_itoa_s             0000000180058a00     libucrtd:xtoa.obj
 0004:00002a0c       $pdata$??$common_xtox_s@KD@@YAHKQEAD_KI_N@Z 0000000180058a0c     libucrtd:xtoa.obj
 0004:00002a18       $pdata$??$common_xtox@KD@@YAHKQEAD_KI_N@Z 0000000180058a18     libucrtd:xtoa.obj
 0004:00002a24       $pdata$??$common_xtox_s@K_W@@YAHKQEA_W_KI_N@Z 0000000180058a24     libucrtd:xtoa.obj
 0004:00002a30       $pdata$??$common_xtox@K_W@@YAHKQEA_W_KI_N@Z 0000000180058a30     libucrtd:xtoa.obj
 0004:00002a3c       $pdata$mbstowcs_s          0000000180058a3c     libucrtd:mbstowcs.obj
 0004:00002a48       $pdata$_mbstowcs_s_l       0000000180058a48     libucrtd:mbstowcs.obj
 0004:00002a54       $pdata$?_mbstowcs_l_helper@@YA_KPEA_WPEBD_KPEAU__crt_locale_pointers@@@Z 0000000180058a54     libucrtd:mbstowcs.obj
 0004:00002a60       $pdata$wcstombs_s          0000000180058a60     libucrtd:wcstombs.obj
 0004:00002a6c       $pdata$_wcstombs_s_l       0000000180058a6c     libucrtd:wcstombs.obj
 0004:00002a78       $pdata$?wcsncnt@@YA_KPEB_W_K@Z 0000000180058a78     libucrtd:wcstombs.obj
 0004:00002a84       $pdata$?_wcstombs_l_helper@@YA_KPEADPEB_W_KPEAU__crt_locale_pointers@@@Z 0000000180058a84     libucrtd:wcstombs.obj
 0004:00002a90       $pdata$?dtor$0@?0??_wcstombs_l_helper@@YA_KPEADPEB_W_KPEAU__crt_locale_pointers@@@Z@4HA 0000000180058a90     libucrtd:wcstombs.obj
 0004:00002a9c       $pdata$strcat_s            0000000180058a9c     libucrtd:strcat_s.obj
 0004:00002aa8       $pdata$??$common_tcscat_s@D@@YAHQEAD_KQEBD@Z 0000000180058aa8     libucrtd:strcat_s.obj
 0004:00002ab4       $pdata$__acrt_OutputDebugStringA 0000000180058ab4     libucrtd:outputdebugstringa.obj
 0004:00002ac0       $pdata$__strncnt           0000000180058ac0     libucrtd:strncnt.obj
 0004:00002acc       $pdata$__ascii_wcsnicmp    0000000180058acc     libucrtd:wcsnicmp.obj
 0004:00002ad8       $pdata$_commit             0000000180058ad8     libucrtd:commit.obj
 0004:00002ae4       $pdata$??R<lambda_5533cddd4bda0037814beee657757329>@@QEBAHXZ 0000000180058ae4     libucrtd:commit.obj
 0004:00002af0       $pdata$??$__acrt_lowio_lock_fh_and_call@V<lambda_5533cddd4bda0037814beee657757329>@@@@YAHH$$QEAV<lambda_5533cddd4bda0037814beee657757329>@@@Z 0000000180058af0     libucrtd:commit.obj
 0004:00002afc       $pdata$??R<lambda_53fc7fc888e23d815d7080162c0aeeb2>@@QEBAXXZ 0000000180058afc     libucrtd:close.obj
 0004:00002afc       $pdata$??R<lambda_4e3dbe6921bc0b5a1a6bc6573fdc859e>@@QEBAXXZ 0000000180058afc     libucrtd:commit.obj
 0004:00002b08       $pdata$??R<lambda_8ddc48ad9d26c778cb15812d1d88fc8a>@@QEBAXXZ 0000000180058b08     libucrtd:close.obj
 0004:00002b08       $pdata$??R<lambda_47cffbaa968af5c721c38a4a6f8da44d>@@QEBAXXZ 0000000180058b08     libucrtd:commit.obj
 0004:00002b14       $pdata$??$?RV<lambda_4e3dbe6921bc0b5a1a6bc6573fdc859e>@@AEAV<lambda_5533cddd4bda0037814beee657757329>@@V<lambda_47cffbaa968af5c721c38a4a6f8da44d>@@@?$__crt_seh_guarded_call@H@@QEAAH$$QEAV<lambda_4e3dbe6921bc0b5a1a6bc6573fdc859e>@@AEAV<lambda_5533cddd4bda0037814beee657757329>@@$$QEAV<lambda_47cffbaa968af5c721c38a4a6f8da44d>@@@Z 0000000180058b14     libucrtd:commit.obj
 0004:00002b20       $pdata$?fin$0@?0???$?RV<lambda_53fc7fc888e23d815d7080162c0aeeb2>@@AEAV<lambda_4e7105787b7b0e0227fbf2b2d883fa65>@@V<lambda_8ddc48ad9d26c778cb15812d1d88fc8a>@@@?$__crt_seh_guarded_call@H@@QEAAH$$QEAV<lambda_53fc7fc888e23d815d7080162c0aeeb2>@@AEAV<lambda_4e7105787b7b0e0227fbf2b2d883fa65>@@$$QEAV<lambda_8ddc48ad9d26c778cb15812d1d88fc8a>@@@Z@4HA 0000000180058b20     libucrtd:close.obj
 0004:00002b20       $pdata$?fin$0@?0???$?RV<lambda_4e3dbe6921bc0b5a1a6bc6573fdc859e>@@AEAV<lambda_5533cddd4bda0037814beee657757329>@@V<lambda_47cffbaa968af5c721c38a4a6f8da44d>@@@?$__crt_seh_guarded_call@H@@QEAAH$$QEAV<lambda_4e3dbe6921bc0b5a1a6bc6573fdc859e>@@AEAV<lambda_5533cddd4bda0037814beee657757329>@@$$QEAV<lambda_47cffbaa968af5c721c38a4a6f8da44d>@@@Z@4HA 0000000180058b20     libucrtd:commit.obj
 0004:00002b2c       $pdata$_write              0000000180058b2c     libucrtd:write.obj
 0004:00002b38       $pdata$_write$fin$0        0000000180058b38     libucrtd:write.obj
 0004:00002b44       $pdata$_write_nolock       0000000180058b44     libucrtd:write.obj
 0004:00002b50       $pdata$?write_requires_double_translation_nolock@@YA_NH@Z 0000000180058b50     libucrtd:write.obj
 0004:00002b5c       $pdata$?write_double_translated_ansi_nolock@@YA?AUwrite_result@?A0x17268360@@HQEBDI@Z 0000000180058b5c     libucrtd:write.obj
 0004:00002b68       $pdata$?write_double_translated_unicode_nolock@@YA?AUwrite_result@?A0x17268360@@QEBDI@Z 0000000180058b68     libucrtd:write.obj
 0004:00002b74       $pdata$?write_text_ansi_nolock@@YA?AUwrite_result@?A0x17268360@@HQEBDI@Z 0000000180058b74     libucrtd:write.obj
 0004:00002b80       $pdata$?write_text_utf16le_nolock@@YA?AUwrite_result@?A0x17268360@@HQEBDI@Z 0000000180058b80     libucrtd:write.obj
 0004:00002b8c       $pdata$?write_text_utf8_nolock@@YA?AUwrite_result@?A0x17268360@@HQEBDI@Z 0000000180058b8c     libucrtd:write.obj
 0004:00002b98       $pdata$?write_binary_nolock@@YA?AUwrite_result@?A0x17268360@@HQEBDI@Z 0000000180058b98     libucrtd:write.obj
 0004:00002ba4       $pdata$?__mbrtoc32_utf8@__crt_mbstring@@YA_KPEA_UPEBD_KPEAU_Mbstatet@@@Z 0000000180058ba4     libucrtd:mbrtoc32.obj
 0004:00002bbc       $pdata$ceil                0000000180058bbc     libucrtd:ceil.obj
 0004:00002bc8       $pdata$fegetenv            0000000180058bc8     libucrtd:fegetenv.obj
 0004:00002bd4       $pdata$fesetenv            0000000180058bd4     libucrtd:fesetenv.obj
 0004:00002be0       $pdata$feholdexcept        0000000180058be0     libucrtd:feholdexcept.obj
 0004:00002bec       $pdata$_lseeki64_nolock    0000000180058bec     libucrtd:lseek.obj
 0004:00002bf8       $pdata$?common_lseek_do_seek_nolock@@YA_JQEAX_JH@Z 0000000180058bf8     libucrtd:lseek.obj
 0004:00002c04       $pdata$??$common_lseek_nolock@_J@@YA_JH_JH@Z 0000000180058c04     libucrtd:lseek.obj
 0004:00002c10       $pdata$fclose              0000000180058c10     libucrtd:fclose.obj
 0004:00002c1c       $pdata$fclose$fin$0        0000000180058c1c     libucrtd:fclose.obj
 0004:00002c28       $pdata$_fclose_nolock      0000000180058c28     libucrtd:fclose.obj
 0004:00002c34       $pdata$?__wcsrtombs_utf8@__crt_mbstring@@YA_KPEADPEAPEB_W_KPEAU_Mbstatet@@@Z 0000000180058c34     libucrtd:wcrtomb.obj
 0004:00002c40       $pdata$_putwch_nolock      0000000180058c40     libucrtd:putwch.obj
 0004:00002c4c       $pdata$__acrt_initialize_fma3 0000000180058c4c     libucrtd:fma3_available.obj
 0004:00002c58       $pdata$_log_special_common 0000000180058c58     libucrtd:log_special.obj
 0004:00002c64       $pdata$_log10_special      0000000180058c64     libucrtd:log_special.obj
 0004:00002c70       $pdata$_call_matherr       0000000180058c70     libucrtd:libm_error.obj
 0004:00002c7c       $pdata$_exception_enabled  0000000180058c7c     libucrtd:libm_error.obj
 0004:00002c88       $pdata$_handle_nan         0000000180058c88     libucrtd:libm_error.obj
 0004:00002c94       $pdata$_handle_error       0000000180058c94     libucrtd:libm_error.obj
 0004:00002ca0       $pdata$_clearfp            0000000180058ca0     libucrtd:ieee.obj
 0004:00002cac       $pdata$_abstract_sw        0000000180058cac     libucrtd:ieee.obj
 0004:00002cb8       $pdata$_close              0000000180058cb8     libucrtd:close.obj
 0004:00002cc4       $pdata$_close_nolock       0000000180058cc4     libucrtd:close.obj
 0004:00002cd0       $pdata$?close_os_handle_nolock@@YAKH@Z 0000000180058cd0     libucrtd:close.obj
 0004:00002cdc       $pdata$??R<lambda_4e7105787b7b0e0227fbf2b2d883fa65>@@QEBAHXZ 0000000180058cdc     libucrtd:close.obj
 0004:00002ce8       $pdata$??$__acrt_lowio_lock_fh_and_call@V<lambda_4e7105787b7b0e0227fbf2b2d883fa65>@@@@YAHH$$QEAV<lambda_4e7105787b7b0e0227fbf2b2d883fa65>@@@Z 0000000180058ce8     libucrtd:close.obj
 0004:00002cf4       $pdata$??$?RV<lambda_53fc7fc888e23d815d7080162c0aeeb2>@@AEAV<lambda_4e7105787b7b0e0227fbf2b2d883fa65>@@V<lambda_8ddc48ad9d26c778cb15812d1d88fc8a>@@@?$__crt_seh_guarded_call@H@@QEAAH$$QEAV<lambda_53fc7fc888e23d815d7080162c0aeeb2>@@AEAV<lambda_4e7105787b7b0e0227fbf2b2d883fa65>@@$$QEAV<lambda_8ddc48ad9d26c778cb15812d1d88fc8a>@@@Z 0000000180058cf4     libucrtd:close.obj
 0004:00002d00       $pdata$?__acrt_stdio_free_stream@@YAXV__crt_stdio_stream@@@Z 0000000180058d00     libucrtd:stream.obj
 0004:00002d0c       $pdata$?__c16rtomb_utf8@__crt_mbstring@@YA_KPEAD_SPEAU_Mbstatet@@@Z 0000000180058d0c     libucrtd:c16rtomb.obj
 0004:00002d18       $pdata$?store_first_surrogate@?A0xc60ee810@@YAX_SPEAU_Mbstatet@@@Z 0000000180058d18     libucrtd:c16rtomb.obj
 0004:00002d24       $pdata$?has_surrogate@?A0xc60ee810@@YA_NPEAU_Mbstatet@@@Z 0000000180058d24     libucrtd:c16rtomb.obj
 0004:00002d30       $pdata$?is_first_surrogate@?A0xc60ee810@@YA_N_S@Z 0000000180058d30     libucrtd:c16rtomb.obj
 0004:00002d3c       $pdata$?is_second_surrogate@?A0xc60ee810@@YA_N_S@Z 0000000180058d3c     libucrtd:c16rtomb.obj
 0004:00002d48       $pdata$__dcrt_lowio_ensure_console_output_initialized 0000000180058d48     libucrtd:initcon.obj
 0004:00002d54       $pdata$__dcrt_write_console 0000000180058d54     libucrtd:initcon.obj
 0004:00002d60       $pdata$__dcrt_terminate_console_output 0000000180058d60     libucrtd:initcon.obj
 0004:00002d6c       $pdata$_set_errno_from_matherr 0000000180058d6c     libucrtd:fpexcept.obj
 0004:00002d78       $pdata$_raise_exc          0000000180058d78     libucrtd:fpexcept.obj
 0004:00002d84       $pdata$_raise_exc_ex       0000000180058d84     libucrtd:fpexcept.obj
 0004:00002d90       $pdata$_clrfp              0000000180058d90     libucrtd:fpctrl.obj
 0004:00002d9c       $pdata$_ctrlfp             0000000180058d9c     libucrtd:fpctrl.obj
 0004:00002da8       $pdata$_ctrlfp$filt$0      0000000180058da8     libucrtd:fpctrl.obj
 0004:00002db4       $pdata$_statfp             0000000180058db4     libucrtd:fpctrl.obj
 0004:00002dc0       $pdata$_set_statfp         0000000180058dc0     libucrtd:fpctrl.obj
 0004:00002dd8       $pdata$_ValidateImageBase  0000000180058dd8     LIBCMTD:pesect.obj
 0004:00002de4       $pdata$_FindPESection      0000000180058de4     LIBCMTD:pesect.obj
 0004:00002df0       $pdata$_IsNonwritableInCurrentImage 0000000180058df0     LIBCMTD:pesect.obj
 0004:00002dfc       $pdata$_IsNonwritableInCurrentImage$filt$0 0000000180058dfc     LIBCMTD:pesect.obj
 0004:00002e08       $pdata$??_Gtype_info@@UEAAPEAXI@Z 0000000180058e08     LIBCMTD:std_type_info_static.obj
 0004:00002e14       $pdata$??3@YAXPEAX_K@Z     0000000180058e14     LIBCMTD:delete_scalar_size.obj
 0004:00002e20       $pdata$__GSHandlerCheck_SEH 0000000180058e20     LIBCMTD:gshandlerseh.obj
 0004:00002e38       $pdata$__GSHandlerCheck_EH 0000000180058e38     LIBCMTD:gshandlereh.obj
 0004:00002e44       $pdata$??3@YAXPEAX@Z       0000000180058e44     LIBCMTD:delete_scalar.obj
 0004:00002e5c       $pdata$strrchr             0000000180058e5c     libvcruntimed:strrchr.obj
 0005:00000000       MoveSmall                  0000000180059000     libvcruntimed:memcpy.obj
 0005:00000050       MsetTab                    0000000180059050     libvcruntimed:memset.obj
