 handmade

 Timestamp is 5ec3a8b6 (Tue May 19 03:36:54 2020)

 Preferred load address is 0000000180000000

 Start         Length     Name                   Class
 0001:00000000 00038d80H .text$mn                CODE
 0001:00038d80 00000020H .text$mn$00             CODE
 0001:00038da0 0000068dH .text$x                 CODE
 0002:00000000 00000248H .idata$5                DATA
 0002:00000248 00000028H .00cfg                  DATA
 0002:00000270 00000008H .CRT$XCA                DATA
 0002:00000278 00000008H .CRT$XCZ                DATA
 0002:00000280 00000008H .CRT$XIA                DATA
 0002:00000288 00000018H .CRT$XIC                DATA
 0002:000002a0 00000008H .CRT$XIZ                DATA
 0002:000002a8 00000008H .CRT$XPA                DATA
 0002:000002b0 00000010H .CRT$XPX                DATA
 0002:000002c0 00000008H .CRT$XPXA               DATA
 0002:000002c8 00000008H .CRT$XPZ                DATA
 0002:000002d0 00000008H .CRT$XTA                DATA
 0002:000002d8 00000008H .CRT$XTZ                DATA
 0002:000002e0 00000000H .gfids$y                DATA
 0002:000002e0 000102a0H .rdata                  DATA
 0002:00010580 0000016cH .rdata$r                DATA
 0002:000106ec 000002f4H .rdata$zzzdbg           DATA
 0002:000109e0 00000008H .rtc$IAA                DATA
 0002:000109e8 00000008H .rtc$IZZ                DATA
 0002:000109f0 00000008H .rtc$TAA                DATA
 0002:000109f8 00000008H .rtc$TZZ                DATA
 0002:00010a00 000010c8H .xdata                  DATA
 0002:00011ac8 00000088H .xdata$x                DATA
 0002:00011b50 00000074H .edata                  DATA
 0002:00011bc4 00000014H .idata$2                DATA
 0002:00011bd8 00000018H .idata$3                DATA
 0002:00011bf0 00000248H .idata$4                DATA
 0002:00011e38 00000554H .idata$6                DATA
 0003:00000000 00000a30H .data                   DATA
 0003:00000a30 00000070H .data$r                 DATA
 0003:00000aa0 00001868H .bss                    DATA
 0004:00000000 00002d84H .pdata                  DATA
 0005:00000000 00000094H _RDATA                  DATA

  Address         Publics by Value              Rva+Base               Lib:Object

 0000:00000000       __guard_longjmp_count      0000000000000000     <absolute>
 0000:00000000       __guard_fids_count         0000000000000000     <absolute>
 0000:00000000       __hybrid_code_map_count    0000000000000000     <absolute>
 0000:00000000       __guard_iat_table          0000000000000000     <absolute>
 0000:00000000       __hybrid_code_map          0000000000000000     <absolute>
 0000:00000000       __guard_iat_count          0000000000000000     <absolute>
 0000:00000000       __guard_eh_cont_count      0000000000000000     <absolute>
 0000:00000000       __volatile_metadata        0000000000000000     <absolute>
 0000:00000000       __guard_longjmp_table      0000000000000000     <absolute>
 0000:00000000       __guard_eh_cont_table      0000000000000000     <absolute>
 0000:00000000       __enclave_config           0000000000000000     <absolute>
 0000:00000000       __AbsoluteZero             0000000000000000     <absolute>
 0000:00000000       ___safe_se_handler_count   0000000000000000     <absolute>
 0000:00000000       ___safe_se_handler_table   0000000000000000     <absolute>
 0000:00000000       __guard_fids_table         0000000000000000     <absolute>
 0000:00000000       __hybrid_auxiliary_iat     0000000000000000     <absolute>
 0000:00000000       __dynamic_value_reloc_table 0000000000000000     <absolute>
 0000:00000100       __guard_flags              0000000000000100     <absolute>
 0000:00000000       __ImageBase                0000000180000000     <linker-defined>
 0001:000005d0       GameUpdateAndRender        00000001800015d0 f   handmade.obj
 0001:000029e0       GameGetSoundSamples        00000001800039e0 f   handmade.obj
 0001:00002a20       ?FloorReal32ToInt32@@YAHM@Z 0000000180003a20 f i handmade.obj
 0001:00002a50       ?GetController@@YAPEAUgame_controller_input@@PEAUgame_input@@H@Z 0000000180003a50 f i handmade.obj
 0001:00002aa0       ?GetTileMap@@YAPEAUtile_map@@PEAUworld@@HH@Z 0000000180003aa0 f i handmade.obj
 0001:00002b20       ?GetTileValueUnchecked@@YAIPEAUworld@@PEAUtile_map@@HH@Z 0000000180003b20 f i handmade.obj
 0001:00002bc0       ?IsTileMapPointEmpty@@YAHPEAUworld@@PEAUtile_map@@HH@Z 0000000180003bc0 f i handmade.obj
 0001:00002c50       ?RoundReal32ToInt32@@YAHM@Z 0000000180003c50 f i handmade.obj
 0001:00002c80       ?RoundReal32ToUInt32@@YAIM@Z 0000000180003c80 f i handmade.obj
 0001:00002cb0       __GSHandlerCheck           0000000180003cb0 f   LIBCMTD:gshandler.obj
 0001:00002cf0       __GSHandlerCheckCommon     0000000180003cf0 f   LIBCMTD:gshandler.obj
 0001:00002e00       __security_check_cookie    0000000180003e00 f   LIBCMTD:amdsecgs.obj
 0001:00003240       _DllMainCRTStartup         0000000180004240 f   LIBCMTD:dll_dllmain.obj
 0001:00003280       __raise_securityfailure    0000000180004280 f   LIBCMTD:gs_report.obj
 0001:000032c0       __report_gsfailure         00000001800042c0 f   LIBCMTD:gs_report.obj
 0001:000033a0       __report_rangecheckfailure 00000001800043a0 f   LIBCMTD:gs_report.obj
 0001:000033c0       __report_securityfailure   00000001800043c0 f   LIBCMTD:gs_report.obj
 0001:00003680       __security_init_cookie     0000000180004680 f   LIBCMTD:gs_support.obj
 0001:00003700       DllMain                    0000000180004700 f   LIBCMTD:dll_dllmain_stub.obj
 0001:00003720       ?__scrt_initialize_type_info@@YAXXZ 0000000180004720 f   LIBCMTD:tncleanup.obj
 0001:00003740       ?__scrt_uninitialize_type_info@@YAXXZ 0000000180004740 f   LIBCMTD:tncleanup.obj
 0001:00003760       __local_stdio_printf_options 0000000180004760 f i LIBCMTD:default_local_stdio_options.obj
 0001:00003770       __local_stdio_scanf_options 0000000180004770 f i LIBCMTD:default_local_stdio_options.obj
 0001:00003780       __scrt_initialize_default_local_stdio_options 0000000180004780 f   LIBCMTD:default_local_stdio_options.obj
 0001:000037d0       ?configure_argv@__scrt_narrow_argv_policy@@SAHXZ 00000001800047d0 f i LIBCMTD:utility.obj
 0001:000038c0       ?initialize_environment@__scrt_narrow_environment_policy@@SAHXZ 00000001800048c0 f i LIBCMTD:utility.obj
 0001:00003960       NtCurrentTeb               0000000180004960 f i LIBCMTD:utility.obj
 0001:00003970       __scrt_acquire_startup_lock 0000000180004970 f   LIBCMTD:utility.obj
 0001:000039e0       __scrt_dllmain_after_initialize_c 00000001800049e0 f   LIBCMTD:utility.obj
 0001:00003a10       __scrt_dllmain_before_initialize_c 0000000180004a10 f   LIBCMTD:utility.obj
 0001:00003a30       __scrt_dllmain_crt_thread_attach 0000000180004a30 f   LIBCMTD:utility.obj
 0001:00003a60       __scrt_dllmain_crt_thread_detach 0000000180004a60 f   LIBCMTD:utility.obj
 0001:00003a80       __scrt_dllmain_exception_filter 0000000180004a80 f   LIBCMTD:utility.obj
 0001:00003af0       __scrt_dllmain_uninitialize_c 0000000180004af0 f   LIBCMTD:utility.obj
 0001:00003b20       __scrt_dllmain_uninitialize_critical 0000000180004b20 f   LIBCMTD:utility.obj
 0001:00003b40       __scrt_initialize_crt      0000000180004b40 f   LIBCMTD:utility.obj
 0001:00003b90       __scrt_initialize_onexit_tables 0000000180004b90 f   LIBCMTD:utility.obj
 0001:00003ca0       __scrt_is_nonwritable_in_current_image 0000000180004ca0 f   LIBCMTD:utility.obj
 0001:00003d30       __scrt_release_startup_lock 0000000180004d30 f   LIBCMTD:utility.obj
 0001:00003d60       __scrt_uninitialize_crt    0000000180004d60 f   LIBCMTD:utility.obj
 0001:00003da0       __scrt_get_dyn_tls_init_callback 0000000180004da0 f   LIBCMTD:dyn_tls_init.obj
 0001:00003db0       __crt_debugger_hook        0000000180004db0 f   LIBCMTD:utility_desktop.obj
 0001:00003dc0       __scrt_fastfail            0000000180004dc0 f   LIBCMTD:utility_desktop.obj
 0001:00003f60       _RTC_Initialize            0000000180004f60 f   LIBCMTD:initsect.obj
 0001:00003fb0       _RTC_Terminate             0000000180004fb0 f   LIBCMTD:initsect.obj
 0001:00004000       ??1scoped_global_state_reset@__crt_state_management@@QEAA@XZ 0000000180005000 f i libucrtd:onexit.obj
 0001:00004000       ??1?$__crt_simd_cleanup_guard@$0A@@@QEAA@XZ 0000000180005000 f i libucrtd:strnlen.obj
 0001:00004000       _guard_check_icall_nop     0000000180005000 f i LIBCMTD:guard_support.obj
 0001:00004010       ?__crt_interlocked_read_64@@YA_JPED_J@Z 0000000180005010 f i libvcruntimed:std_type_info.obj
 0001:00004010       ReadNoFence64              0000000180005010 f i LIBCMTD:guard_support.obj
 0001:00004030       ??$__crt_interlocked_read_pointer@UHINSTANCE__@@@@YAPEAUHINSTANCE__@@PEDSEAU0@@Z 0000000180005030 f i libvcruntimed:winapi_downlevel.obj
 0001:00004030       ??$__crt_interlocked_read_pointer@X@@YAPEAXPEDSEAX@Z 0000000180005030 f i libvcruntimed:winapi_downlevel.obj
 0001:00004030       ReadPointerNoFence         0000000180005030 f i LIBCMTD:guard_support.obj
 0001:00004050       _guard_icall_checks_enforced 0000000180005050 f i LIBCMTD:guard_support.obj
 0001:00004090       __isa_available_init       0000000180005090 f   LIBCMTD:cpu_disp.obj
 0001:00004430       _get_startup_argv_mode     0000000180005430 f   LIBCMTD:argv_mode.obj
 0001:00004440       __scrt_is_ucrt_dll_in_use  0000000180005440 f   LIBCMTD:ucrt_detection.obj
 0001:00004470       IsProcessorFeaturePresent  0000000180005470 f   kernel32:KERNEL32.dll
 0001:00004480       __C_specific_handler       0000000180005480 f   libvcruntimed:riscchandler.obj
 0001:000048f0       ??$?RU__crt_multibyte_data@@@__crt_internal_free_policy@@QEBAXQEBU__crt_multibyte_data@@@Z 00000001800058f0 f i libucrtd:mbctype.obj
 0001:000048f0       ??$?RE@__crt_internal_free_policy@@QEBAXQEBE@Z 00000001800058f0 f i libucrtd:argv_parsing.obj
 0001:000048f0       ??$?RU__vcrt_ptd@@@__crt_internal_free_policy@@QEBAXQEBU__vcrt_ptd@@@Z 00000001800058f0 f i libvcruntimed:per_thread_data.obj
 0001:000048f0       ??$?RPEAU__crt_stdio_stream_data@@@__crt_internal_free_policy@@QEBAXQEBQEAU__crt_stdio_stream_data@@@Z 00000001800058f0 f i libucrtd:_file.obj
 0001:000048f0       ??$?RD@__crt_internal_free_policy@@QEBAXQEBD@Z 00000001800058f0 f i libvcruntimed:std_type_info.obj
 0001:000048f0       ??$?RU__crt_lowio_handle_data@@@__crt_internal_free_policy@@QEBAXQEBU__crt_lowio_handle_data@@@Z 00000001800058f0 f i libucrtd:osfinfo.obj
 0001:000048f0       ??$?RU__acrt_ptd@@@__crt_internal_free_policy@@QEBAXQEBU__acrt_ptd@@@Z 00000001800058f0 f i libucrtd:per_thread_data.obj
 0001:000048f0       ??$?RPEAD@__crt_internal_free_policy@@QEBAXQEBQEAD@Z 00000001800058f0 f i libucrtd:argv_parsing.obj
 0001:00004920       ??0?$__crt_unique_heap_ptr@U__acrt_ptd@@U__crt_internal_free_policy@@@@QEAA@QEAU__acrt_ptd@@@Z 0000000180005920 f i libucrtd:per_thread_data.obj
 0001:00004920       ??0?$__crt_unique_heap_ptr@EU__crt_internal_free_policy@@@@QEAA@QEAE@Z 0000000180005920 f i libucrtd:argv_parsing.obj
 0001:00004920       ??0?$__crt_unique_heap_ptr@DU__crt_internal_free_policy@@@@QEAA@QEAD@Z 0000000180005920 f i libvcruntimed:std_type_info.obj
 0001:00004920       ??0?$__crt_unique_heap_ptr@DU__crt_public_free_policy@@@@QEAA@QEAD@Z 0000000180005920 f i libvcruntimed:std_exception.obj
 0001:00004920       ??0?$string_output_adapter@D@__crt_stdio_output@@QEAA@QEAU?$string_output_adapter_context@D@1@@Z 0000000180005920 f i libucrtd:output.obj
 0001:00004920       ??0?$__crt_unique_handle_t@U__crt_hmodule_traits@@@@QEAA@QEAUHINSTANCE__@@@Z 0000000180005920 f i libucrtd:exit.obj
 0001:00004920       ??0?$__crt_unique_handle_t@U__crt_findfile_traits@@@@QEAA@QEAX@Z 0000000180005920 f i libucrtd:argv_wildcards.obj
 0001:00004920       ??0__crt_stdio_stream@@QEAA@QEAU_iobuf@@@Z 0000000180005920 f i libucrtd:output.obj
 0001:00004920       ??0?$__crt_unique_heap_ptr@U__crt_multibyte_data@@U__crt_internal_free_policy@@@@QEAA@QEAU__crt_multibyte_data@@@Z 0000000180005920 f i libucrtd:mbctype.obj
 0001:00004920       ??0?$__crt_unique_heap_ptr@PEADU__crt_internal_free_policy@@@@QEAA@QEAPEAD@Z 0000000180005920 f i libucrtd:argv_parsing.obj
 0001:00004920       ??0?$__crt_scoped_stack_ptr@_W@@QEAA@U?$__crt_scoped_stack_ptr_tag@_W@@@Z 0000000180005920 f i libucrtd:getstringtypea.obj
 0001:00004920       ??0?$__crt_unique_heap_ptr@U__crt_lowio_handle_data@@U__crt_internal_free_policy@@@@QEAA@QEAU__crt_lowio_handle_data@@@Z 0000000180005920 f i libucrtd:osfinfo.obj
 0001:00004920       ??0?$__crt_unique_heap_ptr@PEAU__crt_stdio_stream_data@@U__crt_internal_free_policy@@@@QEAA@QEAPEAU__crt_stdio_stream_data@@@Z 0000000180005920 f i libucrtd:_file.obj
 0001:00004920       ??0?$__crt_unique_heap_ptr@U__vcrt_ptd@@U__crt_internal_free_policy@@@@QEAA@QEAU__vcrt_ptd@@@Z 0000000180005920 f i libvcruntimed:per_thread_data.obj
 0001:00004920       ??0?$__crt_scoped_stack_ptr_tag@_W@@QEAA@QEA_W@Z 0000000180005920 f i libucrtd:getstringtypea.obj
 0001:00004920       ??0__crt_stdio_stream@@QEAA@QEAU__crt_stdio_stream_data@@@Z 0000000180005920 f i libucrtd:fflush.obj
 0001:00004920       ??0?$string_output_adapter@_W@__crt_stdio_output@@QEAA@QEAU?$string_output_adapter_context@_W@1@@Z 0000000180005920 f i libucrtd:output.obj
 0001:00004940       ??1?$__crt_unique_heap_ptr@PEADU__crt_internal_free_policy@@@@QEAA@XZ 0000000180005940 f i libucrtd:argv_parsing.obj
 0001:00004940       ??1?$__crt_unique_heap_ptr@U__acrt_ptd@@U__crt_internal_free_policy@@@@QEAA@XZ 0000000180005940 f i libucrtd:per_thread_data.obj
 0001:00004940       ??1?$__crt_unique_heap_ptr@DU__crt_internal_free_policy@@@@QEAA@XZ 0000000180005940 f i libvcruntimed:std_type_info.obj
 0001:00004940       ??1?$__crt_unique_heap_ptr@PEAU__crt_stdio_stream_data@@U__crt_internal_free_policy@@@@QEAA@XZ 0000000180005940 f i libucrtd:_file.obj
 0001:00004940       ??1?$__crt_unique_heap_ptr@U__vcrt_ptd@@U__crt_internal_free_policy@@@@QEAA@XZ 0000000180005940 f i libvcruntimed:per_thread_data.obj
 0001:00004940       ??1?$__crt_unique_heap_ptr@EU__crt_internal_free_policy@@@@QEAA@XZ 0000000180005940 f i libucrtd:argv_parsing.obj
 0001:00004940       ??1?$__crt_unique_heap_ptr@U__crt_lowio_handle_data@@U__crt_internal_free_policy@@@@QEAA@XZ 0000000180005940 f i libucrtd:osfinfo.obj
 0001:00004940       ??1?$__crt_unique_heap_ptr@U__crt_multibyte_data@@U__crt_internal_free_policy@@@@QEAA@XZ 0000000180005940 f i libucrtd:mbctype.obj
 0001:00004960       ??B?$__crt_unique_heap_ptr@U__crt_multibyte_data@@U__crt_internal_free_policy@@@@QEBA_NXZ 0000000180005960 f i libucrtd:mbctype.obj
 0001:00004960       ??B?$__crt_unique_heap_ptr@DU__crt_internal_free_policy@@@@QEBA_NXZ 0000000180005960 f i libvcruntimed:std_type_info.obj
 0001:00004960       ??B?$__crt_unique_heap_ptr@U__vcrt_ptd@@U__crt_internal_free_policy@@@@QEBA_NXZ 0000000180005960 f i libvcruntimed:per_thread_data.obj
 0001:00004960       ??B?$__crt_unique_heap_ptr@EU__crt_internal_free_policy@@@@QEBA_NXZ 0000000180005960 f i libucrtd:argv_parsing.obj
 0001:00004960       ??B?$__crt_unique_heap_ptr@U__crt_lowio_handle_data@@U__crt_internal_free_policy@@@@QEBA_NXZ 0000000180005960 f i libucrtd:osfinfo.obj
 0001:00004960       ??B?$__crt_unique_heap_ptr@U__acrt_ptd@@U__crt_internal_free_policy@@@@QEBA_NXZ 0000000180005960 f i libucrtd:per_thread_data.obj
 0001:00004960       ??B?$__crt_unique_heap_ptr@DU__crt_public_free_policy@@@@QEBA_NXZ 0000000180005960 f i libvcruntimed:std_exception.obj
 0001:00004980       ?get@?$__crt_unique_handle_t@U__crt_findfile_traits@@@@QEBAPEAXXZ 0000000180005980 f i libucrtd:argv_wildcards.obj
 0001:00004980       ?save_state@?$c_string_character_source@_W@__crt_strtox@@QEBAPEB_WXZ 0000000180005980 f i libucrtd:atox.obj
 0001:00004980       ?get@?$__crt_scoped_stack_ptr@_W@@QEBAPEA_WXZ 0000000180005980 f i libucrtd:getstringtypea.obj
 0001:00004980       ?get@?$__crt_unique_heap_ptr@DU__crt_internal_free_policy@@@@QEBAPEADXZ 0000000180005980 f i libvcruntimed:std_type_info.obj
 0001:00004980       ?get@?$__crt_unique_heap_ptr@U__crt_lowio_handle_data@@U__crt_internal_free_policy@@@@QEBAPEAU__crt_lowio_handle_data@@XZ 0000000180005980 f i libucrtd:osfinfo.obj
 0001:00004980       ?public_stream@__crt_stdio_stream@@QEBAPEAU_iobuf@@XZ 0000000180005980 f i libucrtd:output.obj
 0001:00004980       ?get@?$__crt_unique_heap_ptr@U__acrt_ptd@@U__crt_internal_free_policy@@@@QEBAPEAU__acrt_ptd@@XZ 0000000180005980 f i libucrtd:per_thread_data.obj
 0001:00004980       ?get@?$__crt_unique_heap_ptr@PEADU__crt_internal_free_policy@@@@QEBAPEAPEADXZ 0000000180005980 f i libucrtd:argv_parsing.obj
 0001:00004980       ?get@?$__crt_unique_handle_t@U__crt_hmodule_traits@@@@QEBAPEAUHINSTANCE__@@XZ 0000000180005980 f i libucrtd:exit.obj
 0001:00004980       ?get@?$__crt_unique_heap_ptr@U__crt_multibyte_data@@U__crt_internal_free_policy@@@@QEBAPEAU__crt_multibyte_data@@XZ 0000000180005980 f i libucrtd:mbctype.obj
 0001:00004980       ?save_state@?$c_string_character_source@D@__crt_strtox@@QEBAPEBDXZ 0000000180005980 f i libucrtd:atox.obj
 0001:00004980       ??C__crt_stdio_stream@@QEBAPEAU__crt_stdio_stream_data@@XZ 0000000180005980 f i libucrtd:output.obj
 0001:00004980       ?get@?$__crt_unique_heap_ptr@DU__crt_public_free_policy@@@@QEBAPEADXZ 0000000180005980 f i libvcruntimed:std_exception.obj
 0001:00004980       ?get@?$__crt_unique_heap_ptr@EU__crt_internal_free_policy@@@@QEBAPEAEXZ 0000000180005980 f i libucrtd:argv_parsing.obj
 0001:00004980       ?get@?$__crt_unique_heap_ptr@U__vcrt_ptd@@U__crt_internal_free_policy@@@@QEBAPEAU__vcrt_ptd@@XZ 0000000180005980 f i libvcruntimed:per_thread_data.obj
 0001:00004990       ?is_valid@?$__crt_unique_heap_ptr@U__vcrt_ptd@@U__crt_internal_free_policy@@@@QEBA_NXZ 0000000180005990 f i libvcruntimed:per_thread_data.obj
 0001:00004990       ?is_valid@?$__crt_unique_heap_ptr@U__crt_multibyte_data@@U__crt_internal_free_policy@@@@QEBA_NXZ 0000000180005990 f i libucrtd:mbctype.obj
 0001:00004990       ?valid@__crt_stdio_stream@@QEBA_NXZ 0000000180005990 f i libucrtd:output.obj
 0001:00004990       ?is_valid@?$__crt_unique_heap_ptr@DU__crt_internal_free_policy@@@@QEBA_NXZ 0000000180005990 f i libvcruntimed:std_type_info.obj
 0001:00004990       ?is_valid@?$__crt_unique_heap_ptr@DU__crt_public_free_policy@@@@QEBA_NXZ 0000000180005990 f i libvcruntimed:std_exception.obj
 0001:00004990       ??B?$__crt_scoped_stack_ptr@_W@@QEBA_NXZ 0000000180005990 f i libucrtd:lcmapstringa.obj
 0001:00004990       ?is_valid@?$__crt_unique_heap_ptr@EU__crt_internal_free_policy@@@@QEBA_NXZ 0000000180005990 f i libucrtd:argv_parsing.obj
 0001:00004990       ?is_valid@?$__crt_unique_heap_ptr@U__acrt_ptd@@U__crt_internal_free_policy@@@@QEBA_NXZ 0000000180005990 f i libucrtd:per_thread_data.obj
 0001:00004990       ?is_valid@?$__crt_unique_heap_ptr@U__crt_lowio_handle_data@@U__crt_internal_free_policy@@@@QEBA_NXZ 0000000180005990 f i libucrtd:osfinfo.obj
 0001:000049c0       ?release@?$__crt_unique_heap_ptr@U__vcrt_ptd@@U__crt_internal_free_policy@@@@QEAAXXZ 00000001800059c0 f i libvcruntimed:per_thread_data.obj
 0001:000049c0       ?release@?$__crt_unique_heap_ptr@PEAU__crt_stdio_stream_data@@U__crt_internal_free_policy@@@@QEAAXXZ 00000001800059c0 f i libucrtd:_file.obj
 0001:000049c0       ?release@?$__crt_unique_heap_ptr@U__acrt_ptd@@U__crt_internal_free_policy@@@@QEAAXXZ 00000001800059c0 f i libucrtd:per_thread_data.obj
 0001:000049c0       ?release@?$__crt_unique_heap_ptr@U__crt_multibyte_data@@U__crt_internal_free_policy@@@@QEAAXXZ 00000001800059c0 f i libucrtd:mbctype.obj
 0001:000049c0       ?release@?$__crt_unique_heap_ptr@EU__crt_internal_free_policy@@@@QEAAXXZ 00000001800059c0 f i libucrtd:argv_parsing.obj
 0001:000049c0       ?release@?$__crt_unique_heap_ptr@U__crt_lowio_handle_data@@U__crt_internal_free_policy@@@@QEAAXXZ 00000001800059c0 f i libucrtd:osfinfo.obj
 0001:000049c0       ?release@?$__crt_unique_heap_ptr@DU__crt_internal_free_policy@@@@QEAAXXZ 00000001800059c0 f i libvcruntimed:std_type_info.obj
 0001:000049c0       ?release@?$__crt_unique_heap_ptr@PEADU__crt_internal_free_policy@@@@QEAAXXZ 00000001800059c0 f i libucrtd:argv_parsing.obj
 0001:000049f0       __std_type_info_compare    00000001800059f0 f   libvcruntimed:std_type_info.obj
 0001:00004a30       __std_type_info_destroy_list 0000000180005a30 f   libvcruntimed:std_type_info.obj
 0001:00004a90       __vcrt_initialize          0000000180005a90 f   libvcruntimed:initialization.obj
 0001:00004ad0       __vcrt_thread_attach       0000000180005ad0 f   libvcruntimed:initialization.obj
 0001:00004af0       __vcrt_thread_detach       0000000180005af0 f   libvcruntimed:initialization.obj
 0001:00004b10       __vcrt_uninitialize        0000000180005b10 f   libvcruntimed:initialization.obj
 0001:00004b30       __vcrt_uninitialize_critical 0000000180005b30 f   libvcruntimed:initialization.obj
 0001:00004b50       __DestructExceptionObject  0000000180005b50 f   libvcruntimed:ehhelpers.obj
 0001:00004c50       ?_CallMemberFunction0@@YAXQEAX0@Z 0000000180005c50 f i libvcruntimed:ehhelpers.obj
 0001:00004d20       _IsExceptionObjectToBeDestroyed 0000000180005d20 f   libvcruntimed:ehhelpers.obj
 0001:00004d70       __AdjustPointer            0000000180005d70 f   libvcruntimed:ehhelpers.obj
 0001:00004df0       __FrameUnwindFilter        0000000180005df0 f   libvcruntimed:ehhelpers.obj
 0001:00004eb0       _NLG_Notify                0000000180005eb0 f   libvcruntimed:notify.obj
 0001:00004ed0       __NLG_Dispatch2            0000000180005ed0 f   libvcruntimed:notify.obj
 0001:00004ee0       __NLG_Return2              0000000180005ee0 f   libvcruntimed:notify.obj
 0001:00004ef0       __except_validate_context_record 0000000180005ef0 f   libvcruntimed:jbcxrval.obj
 0001:00004f50       _vsprintf_s_l              0000000180005f50 f i libvcruntimed:undname.obj
 0001:00004fc0       sprintf_s                  0000000180005fc0 f i libvcruntimed:undname.obj
 0001:00005060       ?detach@?$__crt_unique_heap_ptr@DU__crt_public_free_policy@@@@QEAAPEADXZ 0000000180006060 f i libvcruntimed:std_exception.obj
 0001:00005060       ?detach@?$__crt_unique_heap_ptr@PEAU__crt_stdio_stream_data@@U__crt_internal_free_policy@@@@QEAAPEAPEAU__crt_stdio_stream_data@@XZ 0000000180006060 f i libucrtd:_file.obj
 0001:00005060       ?detach@?$__crt_unique_heap_ptr@PEADU__crt_internal_free_policy@@@@QEAAPEAPEADXZ 0000000180006060 f i libucrtd:argv_parsing.obj
 0001:00005060       ?detach@?$__crt_unique_heap_ptr@U__vcrt_ptd@@U__crt_internal_free_policy@@@@QEAAPEAU__vcrt_ptd@@XZ 0000000180006060 f i libvcruntimed:per_thread_data.obj
 0001:00005060       ?detach@?$__crt_unique_heap_ptr@EU__crt_internal_free_policy@@@@QEAAPEAEXZ 0000000180006060 f i libucrtd:argv_parsing.obj
 0001:00005060       ?detach@?$__crt_unique_heap_ptr@U__crt_lowio_handle_data@@U__crt_internal_free_policy@@@@QEAAPEAU__crt_lowio_handle_data@@XZ 0000000180006060 f i libucrtd:osfinfo.obj
 0001:00005060       ?detach@?$__crt_unique_heap_ptr@U__acrt_ptd@@U__crt_internal_free_policy@@@@QEAAPEAU__acrt_ptd@@XZ 0000000180006060 f i libucrtd:per_thread_data.obj
 0001:00005060       ?detach@?$__crt_unique_heap_ptr@U__crt_multibyte_data@@U__crt_internal_free_policy@@@@QEAAPEAU__crt_multibyte_data@@XZ 0000000180006060 f i libucrtd:mbctype.obj
 0001:000050d0       __vcrt_freefls             00000001800060d0 f   libvcruntimed:per_thread_data.obj
 0001:00005110       __vcrt_freeptd             0000000180006110 f   libvcruntimed:per_thread_data.obj
 0001:00005170       __vcrt_getptd              0000000180006170 f   libvcruntimed:per_thread_data.obj
 0001:000051a0       __vcrt_getptd_noexit       00000001800061a0 f   libvcruntimed:per_thread_data.obj
 0001:00005340       __vcrt_initialize_ptd      0000000180006340 f   libvcruntimed:per_thread_data.obj
 0001:00005390       __vcrt_uninitialize_ptd    0000000180006390 f   libvcruntimed:per_thread_data.obj
 0001:000053c0       __vcrt_initialize_locks    00000001800063c0 f   libvcruntimed:locks.obj
 0001:00005430       __vcrt_uninitialize_locks  0000000180006430 f   libvcruntimed:locks.obj
 0001:000054a0       memcpy_repmovs             00000001800064a0 f   libvcruntimed:memcpy.obj
 0001:000054c0       memcpy                     00000001800064c0 f   libvcruntimed:memcpy.obj
 0001:000054c0       memmove                    00000001800064c0 f   libvcruntimed:memcpy.obj
 0001:000058a0       ??$?0AEAViterator@TryBlockMap@__FrameHandler3@@AEAV012@$0A@@?$pair@Viterator@TryBlockMap@__FrameHandler3@@V123@@std@@QEAA@AEAViterator@TryBlockMap@__FrameHandler3@@0@Z 00000001800068a0 f i libvcruntimed:risctrnsctrl.obj
 0001:000059b0       ??$_CallSETranslator@V__FrameHandler3@@@@YAHPEAUEHExceptionRecord@@PEA_KPEAU_CONTEXT@@PEAU_xDISPATCHER_CONTEXT@@PEBU_s_FuncInfo@@K1@Z 00000001800069b0 f i libvcruntimed:risctrnsctrl.obj
 0001:00005a40       ?dangerous_get_state_array@?$dual_state_global@PEAU__crt_multibyte_data@@@__crt_state_management@@QEAAPEAPEAU__crt_multibyte_data@@XZ 0000000180006a40 f i libucrtd:mbctype.obj
 0001:00005a40       ??$forward@AEAViterator@TryBlockMap@__FrameHandler3@@@std@@YAAEAViterator@TryBlockMap@__FrameHandler3@@AEAV123@@Z 0000000180006a40 f i libvcruntimed:risctrnsctrl.obj
 0001:00005a40       ?dangerous_get_state_array@?$dual_state_global@P6AXPEB_W00I_K@Z@__crt_state_management@@QEAAPEAP6AXPEB_W00I_K@ZXZ 0000000180006a40 f i libucrtd:invalid_parameter.obj
 0001:00005a40       ?debug_info@?$__crt_win32_buffer@_WU__crt_win32_buffer_internal_dynamic_resizing@@@@QEBAAEBV__crt_win32_buffer_empty_debug_info@@XZ 0000000180006a40 f i libucrtd:argv_wildcards.obj
 0001:00005a40       ?get_address_of@?$__crt_unique_handle_t@U__crt_hmodule_traits@@@@QEAAPEAPEAUHINSTANCE__@@XZ 0000000180006a40 f i libucrtd:exit.obj
 0001:00005a40       ?get_address_of@?$__crt_unique_heap_ptr@PEADU__crt_internal_free_policy@@@@QEAAPEAPEAPEADXZ 0000000180006a40 f i libucrtd:argv_parsing.obj
 0001:00005a40       ?dangerous_get_state_array@?$dual_state_global@PEAU__crt_locale_data@@@__crt_state_management@@QEAAPEAPEAU__crt_locale_data@@XZ 0000000180006a40 f i libucrtd:per_thread_data.obj
 0001:00005a40       ?debug_info@?$__crt_win32_buffer@DU__crt_win32_buffer_no_resizing@@@@QEBAAEBV__crt_win32_buffer_empty_debug_info@@XZ 0000000180006a40 f i libucrtd:getmodulefilenamea.obj
 0001:00005a40       ?debug_info@?$__crt_win32_buffer@DU__crt_win32_buffer_internal_dynamic_resizing@@@@QEBAAEBV__crt_win32_buffer_empty_debug_info@@XZ 0000000180006a40 f i libucrtd:argv_wildcards.obj
 0001:00005a40       ?dangerous_get_state_array@?$dual_state_global@PEAE@__crt_state_management@@QEAAPEAPEAEXZ 0000000180006a40 f i libucrtd:mbctype.obj
 0001:00005a50       ??0iterator@TryBlockMap@__FrameHandler3@@QEAA@AEAV12@I@Z 0000000180006a50 f i libvcruntimed:risctrnsctrl.obj
 0001:00005a50       ??0iterator@HandlerMap@__FrameHandler3@@QEAA@AEAV12@I@Z 0000000180006a50 f i libvcruntimed:frame.obj
 0001:00005a80       ?CatchTryBlock@__FrameHandler3@@SAPEBU_s_TryBlockMapEntry@@PEBU_s_FuncInfo@@H@Z 0000000180006a80 f   libvcruntimed:risctrnsctrl.obj
 0001:00005b10       ?ExecutionInCatch@__FrameHandler3@@SA_NPEAU_xDISPATCHER_CONTEXT@@PEBU_s_FuncInfo@@@Z 0000000180006b10 f   libvcruntimed:risctrnsctrl.obj
 0001:00005b60       ?FrameUnwindToEmptyState@__FrameHandler3@@SAXPEA_KPEAU_xDISPATCHER_CONTEXT@@PEBU_s_FuncInfo@@@Z 0000000180006b60 f   libvcruntimed:risctrnsctrl.obj
 0001:00005c00       ?GetEstablisherFrame@__FrameHandler3@@SAPEA_KPEA_KPEAU_xDISPATCHER_CONTEXT@@PEBU_s_FuncInfo@@0@Z 0000000180006c00 f   libvcruntimed:risctrnsctrl.obj
 0001:00005d70       ?GetRangeOfTrysToCheck@__FrameHandler3@@SA?AU?$pair@Viterator@TryBlockMap@__FrameHandler3@@V123@@std@@AEAVTryBlockMap@1@HPEAU_xDISPATCHER_CONTEXT@@PEBU_s_FuncInfo@@H@Z 0000000180006d70 f   libvcruntimed:risctrnsctrl.obj
 0001:00005fb0       ?UnwindNestedFrames@__FrameHandler3@@SAXPEA_KPEAUEHExceptionRecord@@PEAU_CONTEXT@@0PEAXPEBU_s_FuncInfo@@HHPEBU_s_HandlerType@@PEAU_xDISPATCHER_CONTEXT@@E@Z 0000000180006fb0 f   libvcruntimed:risctrnsctrl.obj
 0001:00006120       _CreateFrameInfo           0000000180007120 f   libvcruntimed:risctrnsctrl.obj
 0001:00006190       _FindAndUnlinkFrame        0000000180007190 f   libvcruntimed:risctrnsctrl.obj
 0001:00006210       _GetImageBase              0000000180007210 f   libvcruntimed:risctrnsctrl.obj
 0001:00006230       _GetThrowImageBase         0000000180007230 f   libvcruntimed:risctrnsctrl.obj
 0001:00006250       _SetImageBase              0000000180007250 f   libvcruntimed:risctrnsctrl.obj
 0001:00006270       _SetThrowImageBase         0000000180007270 f   libvcruntimed:risctrnsctrl.obj
 0001:00006290       __CxxFrameHandler3         0000000180007290 f   libvcruntimed:risctrnsctrl.obj
 0001:00006370       ??$__crt_interlocked_exchange_pointer@UHINSTANCE__@@PEAU1@@@YAPEAUHINSTANCE__@@PEDSEAU0@QEAU0@@Z 0000000180007370 f i libvcruntimed:winapi_downlevel.obj
 0001:00006370       ??$__crt_interlocked_exchange_pointer@UHINSTANCE__@@PEAX@@YAPEAUHINSTANCE__@@PEDSEAU0@QEAX@Z 0000000180007370 f i libvcruntimed:winapi_downlevel.obj
 0001:00006370       ??$__crt_interlocked_exchange_pointer@XPEAX@@YAPEAXPEDSEAXQEAX@Z 0000000180007370 f i libvcruntimed:winapi_downlevel.obj
 0001:00006390       ?get_invalid_value@__crt_findfile_traits@@SAPEAXXZ 0000000180007390 f   libucrtd:argv_wildcards.obj
 0001:00006880       __vcrt_FlsAlloc            0000000180007880 f   libvcruntimed:winapi_downlevel.obj
 0001:000068d0       __vcrt_FlsFree             00000001800078d0 f   libvcruntimed:winapi_downlevel.obj
 0001:00006920       __vcrt_FlsGetValue         0000000180007920 f   libvcruntimed:winapi_downlevel.obj
 0001:00006970       __vcrt_FlsSetValue         0000000180007970 f   libvcruntimed:winapi_downlevel.obj
 0001:000069d0       __vcrt_InitializeCriticalSectionEx 00000001800079d0 f   libvcruntimed:winapi_downlevel.obj
 0001:00006a40       ?GetCurrentState@__FrameHandler3@@SAHPEA_KPEAU_xDISPATCHER_CONTEXT@@PEBU_s_FuncInfo@@@Z 0000000180007a40 f   libvcruntimed:ehstate.obj
 0001:00006aa0       ?GetUnwindTryBlock@__FrameHandler3@@SAHPEA_KPEAU_xDISPATCHER_CONTEXT@@PEBU_s_FuncInfo@@@Z 0000000180007aa0 f   libvcruntimed:ehstate.obj
 0001:00006af0       ?SetState@__FrameHandler3@@SAXPEA_KPEBU_s_FuncInfo@@H@Z 0000000180007af0 f   libvcruntimed:ehstate.obj
 0001:00006b20       ?SetUnwindTryBlock@__FrameHandler3@@SAXPEA_KPEAU_xDISPATCHER_CONTEXT@@PEBU_s_FuncInfo@@H@Z 0000000180007b20 f   libvcruntimed:ehstate.obj
 0001:00006b90       ?StateFromControlPc@__FrameHandler3@@SAHPEBU_s_FuncInfo@@PEAU_xDISPATCHER_CONTEXT@@@Z 0000000180007b90 f   libvcruntimed:ehstate.obj
 0001:00006bd0       ?StateFromIp@__FrameHandler3@@SAHPEBU_s_FuncInfo@@PEAU_xDISPATCHER_CONTEXT@@_K@Z 0000000180007bd0 f   libvcruntimed:ehstate.obj
 0001:00006cc0       ?__RVAtoRealOffset@@YA_KPEAU_xDISPATCHER_CONTEXT@@H@Z 0000000180007cc0 f i libvcruntimed:ehstate.obj
 0001:00007e90       ??$TypeMatchHelper@V__FrameHandler3@@@@YAHPEBU_s_HandlerType@@PEBU_s_CatchableType@@PEBU_s_ThrowInfo@@@Z 0000000180008e90 f i libvcruntimed:frame.obj
 0001:00008090       ??$__InternalCxxFrameHandler@V__FrameHandler3@@@@YA?AW4_EXCEPTION_DISPOSITION@@PEAUEHExceptionRecord@@PEA_KPEAU_CONTEXT@@PEAU_xDISPATCHER_CONTEXT@@PEBU_s_FuncInfo@@H1E@Z 0000000180009090 f i libvcruntimed:frame.obj
 0001:00008500       ??0HandlerMap@__FrameHandler3@@QEAA@PEBU_s_TryBlockMapEntry@@_KI@Z 0000000180009500 f i libvcruntimed:frame.obj
 0001:00008550       ??0TryBlockMap@__FrameHandler3@@QEAA@PEBU_s_FuncInfo@@_K@Z 0000000180009550 f i libvcruntimed:frame.obj
 0001:00008580       ??0bad_exception@std@@QEAA@AEBV01@@Z 0000000180009580 f i libvcruntimed:frame.obj
 0001:000085c0       ??0bad_exception@std@@QEAA@XZ 00000001800095c0 f i libvcruntimed:frame.obj
 0001:00008600       ??0exception@std@@QEAA@AEBV01@@Z 0000000180009600 f i libvcruntimed:frame.obj
 0001:00008660       ??0exception@std@@QEAA@QEBDH@Z 0000000180009660 f i libvcruntimed:frame.obj
 0001:000086b0       ??1bad_exception@std@@UEAA@XZ 00000001800096b0 f i libvcruntimed:frame.obj
 0001:000086d0       ??1exception@std@@UEAA@XZ  00000001800096d0 f i libvcruntimed:frame.obj
 0001:00008700       ??8iterator@HandlerMap@__FrameHandler3@@QEBA_NAEBV012@@Z 0000000180009700 f i libvcruntimed:frame.obj
 0001:00008740       ??8type_info@@QEBA_NAEBV0@@Z 0000000180009740 f i libvcruntimed:frame.obj
 0001:00008790       ??9iterator@HandlerMap@__FrameHandler3@@QEBA_NAEBV012@@Z 0000000180009790 f i libvcruntimed:frame.obj
 0001:000087d0       ??Diterator@HandlerMap@__FrameHandler3@@QEAA?BU_s_HandlerType@@XZ 00000001800097d0 f i libvcruntimed:frame.obj
 0001:00008810       ??Diterator@TryBlockMap@__FrameHandler3@@QEAA?BU_s_TryBlockMapEntry@@XZ 0000000180009810 f i libvcruntimed:frame.obj
 0001:00008860       ??Eiterator@HandlerMap@__FrameHandler3@@QEAAAEAV012@XZ 0000000180009860 f i libvcruntimed:frame.obj
 0001:00008860       ??Eiterator@TryBlockMap@__FrameHandler3@@QEAAAEAV012@XZ 0000000180009860 f i libvcruntimed:frame.obj
 0001:00008880       ??Miterator@TryBlockMap@__FrameHandler3@@QEBA_NAEBV012@@Z 0000000180009880 f i libvcruntimed:frame.obj
 0001:000088c0       ??_Ebad_exception@std@@UEAAPEAXI@Z 00000001800098c0 f i libvcruntimed:frame.obj
 0001:000088c0       ??_Gbad_exception@std@@UEAAPEAXI@Z 00000001800098c0 f i libvcruntimed:frame.obj
 0001:00008900       ??_Gexception@std@@UEAAPEAXI@Z 0000000180009900 f i libvcruntimed:frame.obj
 0001:00008900       ??_Eexception@std@@UEAAPEAXI@Z 0000000180009900 f i libvcruntimed:frame.obj
 0001:00008940       ?BuildCatchObject@__FrameHandler3@@SAXPEAUEHExceptionRecord@@PEAXPEBU_s_HandlerType@@PEBU_s_CatchableType@@@Z 0000000180009940 f   libvcruntimed:frame.obj
 0001:00008980       ?CxxCallCatchBlock@__FrameHandler3@@SAPEAXPEAU_EXCEPTION_RECORD@@@Z 0000000180009980 f   libvcruntimed:frame.obj
 0001:00008ce0       ?FrameUnwindToState@__FrameHandler3@@SAXPEA_KPEAU_xDISPATCHER_CONTEXT@@PEBU_s_FuncInfo@@H@Z 0000000180009ce0 f   libvcruntimed:frame.obj
 0001:00008f30       ?GetHandlerSearchState@__FrameHandler3@@SAHPEA_KPEAU_xDISPATCHER_CONTEXT@@PEBU_s_FuncInfo@@@Z 0000000180009f30 f i libvcruntimed:frame.obj
 0001:00008fe0       ?GetMaxState@__FrameHandler3@@SAHPEAU_xDISPATCHER_CONTEXT@@PEBU_s_FuncInfo@@@Z 0000000180009fe0 f i libvcruntimed:frame.obj
 0001:000091e0       __TypeMatch                000000018000a1e0 f   libvcruntimed:frame.obj
 0001:000091e0       ?TypeMatch@__FrameHandler3@@SAHPEBU_s_HandlerType@@PEBU_s_CatchableType@@PEBU_s_ThrowInfo@@@Z 000000018000a1e0 f   libvcruntimed:frame.obj
 0001:00009210       ?_CallMemberFunction1@@YAXQEAX00@Z 000000018000a210 f i libvcruntimed:frame.obj
 0001:00009250       ?_CallMemberFunction2@@YAXQEAX00H@Z 000000018000a250 f i libvcruntimed:frame.obj
 0001:000092e0       ?begin@HandlerMap@__FrameHandler3@@QEAA?AViterator@12@XZ 000000018000a2e0 f i libvcruntimed:frame.obj
 0001:00009310       ?end@HandlerMap@__FrameHandler3@@QEAA?AViterator@12@XZ 000000018000a310 f i libvcruntimed:frame.obj
 0001:00009340       ?getESTypes@__FrameHandler3@@SAPEBU_s_ESTypeList@@PEBU_s_FuncInfo@@@Z 000000018000a340 f i libvcruntimed:frame.obj
 0001:00009380       ?getLastEntry@HandlerMap@__FrameHandler3@@QEAAPEBU_s_HandlerType@@XZ 000000018000a380 f i libvcruntimed:frame.obj
 0001:000093a0       ?getMagicNum@__FrameHandler3@@SAIPEBU_s_FuncInfo@@@Z 000000018000a3a0 f i libvcruntimed:frame.obj
 0001:000093c0       ?getNumTryBlocks@TryBlockMap@__FrameHandler3@@QEAAIXZ 000000018000a3c0 f i libvcruntimed:frame.obj
 0001:000093e0       ?isEHs@__FrameHandler3@@SA_NPEBU_s_FuncInfo@@@Z 000000018000a3e0 f i libvcruntimed:frame.obj
 0001:00009420       ?isNoExcept@__FrameHandler3@@SA_NPEBU_s_FuncInfo@@@Z 000000018000a420 f i libvcruntimed:frame.obj
 0001:00009460       ?what@exception@std@@UEBAPEBDXZ 000000018000a460 f i libvcruntimed:frame.obj
 0001:000094a0       __vcrt_EncodePointer       000000018000a4a0 f i libvcruntimed:frame.obj
 0001:000094d0       memset_repmovs             000000018000a4d0 f   libvcruntimed:memset.obj
 0001:000094f0       memset                     000000018000a4f0 f   libvcruntimed:memset.obj
 0001:00009690       _CallSettingFrame          000000018000a690 f   libvcruntimed:handlers.obj
 0001:000096e0       _CallSettingFrame_LookupContinuationIndex 000000018000a6e0 f   libvcruntimed:handlers.obj
 0001:00009710       _CallSettingFrame_NotifyContinuationAddr 000000018000a710 f   libvcruntimed:handlers.obj
 0001:00009740       _CallSettingFrameEncoded   000000018000a740 f   libvcruntimed:handlers.obj
 0001:00009790       ??$?RD@__crt_public_free_policy@@QEBAXQEBD@Z 000000018000a790 f i libvcruntimed:std_exception.obj
 0001:000097b0       ??1?$__crt_unique_heap_ptr@DU__crt_public_free_policy@@@@QEAA@XZ 000000018000a7b0 f i libvcruntimed:std_exception.obj
 0001:000097d0       ?release@?$__crt_unique_heap_ptr@DU__crt_public_free_policy@@@@QEAAXXZ 000000018000a7d0 f i libvcruntimed:std_exception.obj
 0001:00009800       __std_exception_copy       000000018000a800 f   libvcruntimed:std_exception.obj
 0001:00009940       __std_exception_destroy    000000018000a940 f   libvcruntimed:std_exception.obj
 0001:00009980       _CxxThrowException         000000018000a980 f   libvcruntimed:throw.obj
 0001:00009ab0       floorf                     000000018000aab0 f   libucrtd:floorf.obj
 0001:00009c00       _initterm                  000000018000ac00 f   libucrtd:initterm.obj
 0001:00009c60       _initterm_e                000000018000ac60 f   libucrtd:initterm.obj
 0001:00009d50       _seh_filter_dll            000000018000ad50 f   libucrtd:exception_filter.obj
 0001:00009d80       _seh_filter_exe            000000018000ad80 f   libucrtd:exception_filter.obj
 0001:0000a020       ??$?B$$A6AXXZ@__crt_fast_encoded_nullptr_t@@QEBAP6AXXZXZ 000000018000b020 f i libucrtd:onexit.obj
 0001:0000a020       ??$?BX@__crt_fast_encoded_nullptr_t@@QEBAPEAXXZ 000000018000b020 f i libucrtd:initialization.obj
 0001:0000a020       ??$?B$$A6AXH@Z@__crt_fast_encoded_nullptr_t@@QEBAP6AXH@ZXZ 000000018000b020 f i libucrtd:signal.obj
 0001:0000a020       ??$?BP6AXXZ@__crt_fast_encoded_nullptr_t@@QEBAPEAP6AXXZXZ 000000018000b020 f i libucrtd:onexit.obj
 0001:0000a020       ??$?B$$A6AXPEAXK0@Z@__crt_fast_encoded_nullptr_t@@QEBAP6AXPEAXK0@ZXZ 000000018000b020 f i libucrtd:exit.obj
 0001:0000a0d0       ??$__crt_fast_decode_pointer@PEAX@@YAPEAXQEAX@Z 000000018000b0d0 f i libucrtd:winapi_thunks.obj
 0001:0000a0d0       ??$__crt_fast_decode_pointer@P6AXXZ@@YAP6AXXZQ6AXXZ@Z 000000018000b0d0 f i libucrtd:onexit.obj
 0001:0000a0d0       ??$__crt_fast_decode_pointer@P6AXH@Z@@YAP6AXH@ZQ6AXH@Z@Z 000000018000b0d0 f i libucrtd:signal.obj
 0001:0000a0d0       ??$__crt_fast_decode_pointer@P6AHPEAU_exception@@@Z@@YAP6AHPEAU_exception@@@ZQ6AH0@Z@Z 000000018000b0d0 f i libucrtd:matherr.obj
 0001:0000a0d0       ??$__crt_fast_decode_pointer@P6AXPEB_W00I_K@Z@@YAP6AXPEB_W00I_K@ZQ6AX000I1@Z@Z 000000018000b0d0 f i libucrtd:invalid_parameter.obj
 0001:0000a0d0       ??$__crt_fast_decode_pointer@P6AH_K@Z@@YAP6AH_K@ZQ6AH0@Z@Z 000000018000b0d0 f i libucrtd:new_handler.obj
 0001:0000a0d0       ??$__crt_fast_decode_pointer@P6AXPEAXK0@Z@@YAP6AXPEAXK0@ZQ6AX0K0@Z@Z 000000018000b0d0 f i libucrtd:exit.obj
 0001:0000a0d0       ??$__crt_fast_decode_pointer@PEAP6AXXZ@@YAPEAP6AXXZQEAP6AXXZ@Z 000000018000b0d0 f i libucrtd:onexit.obj
 0001:0000a110       ??$__crt_fast_encode_pointer@PEAX@@YAPEAXQEAX@Z 000000018000b110 f i libucrtd:initialization.obj
 0001:0000a110       ??$__crt_fast_encode_pointer@P6AXPEAXK0@Z@@YAP6AXPEAXK0@ZQ6AX0K0@Z@Z 000000018000b110 f i libucrtd:exit.obj
 0001:0000a110       ??$__crt_fast_encode_pointer@P6AXH@Z@@YAP6AXH@ZQ6AXH@Z@Z 000000018000b110 f i libucrtd:signal.obj
 0001:0000a110       ??$__crt_fast_encode_pointer@PEAP6AXXZ@@YAPEAP6AXXZQEAP6AXXZ@Z 000000018000b110 f i libucrtd:onexit.obj
 0001:0000a110       ??$__crt_fast_encode_pointer@P6AXXZ@@YAP6AXXZQ6AXXZ@Z 000000018000b110 f i libucrtd:onexit.obj
 0001:0000a150       ??$__crt_get_proc_address@P6AXI@Z@@YAP6AXI@ZQEAUHINSTANCE__@@QEBD@Z 000000018000b150 f i libucrtd:exit.obj
 0001:0000a180       ??$__crt_interlocked_read@J@@YAJPEDJ@Z 000000018000b180 f i libucrtd:exit.obj
 0001:0000a210       ??1?$__crt_unique_handle_t@U__crt_hmodule_traits@@@@QEAA@XZ 000000018000b210 f i libucrtd:exit.obj
 0001:0000a370       ?__acrt_select_exit_lock@@YA?AW4__acrt_lock_id@@XZ 000000018000b370 f i libucrtd:exit.obj
 0001:0000a380       ?__crt_fast_encode_pointer@@YA?AU__crt_fast_encoded_nullptr_t@@$$T@Z 000000018000b380 f i libucrtd:exit.obj
 0001:0000a3a0       ?__crt_interlocked_read_32@@YAHPEDH@Z 000000018000b3a0 f i libucrtd:exit.obj
 0001:0000a3c0       ?__crt_rotate_pointer_value@@YA_K_KH@Z 000000018000b3c0 f i libucrtd:exit.obj
 0001:0000a400       ?close@?$__crt_unique_handle_t@U__crt_hmodule_traits@@@@QEAAXXZ 000000018000b400 f i libucrtd:exit.obj
 0001:0000a440       ?close@__crt_hmodule_traits@@SA_NPEAUHINSTANCE__@@@Z 000000018000b440 f i libucrtd:exit.obj
 0001:0000a550       ?get_invalid_value@__crt_hmodule_traits@@SAPEAUHINSTANCE__@@XZ 000000018000b550 f i libucrtd:exit.obj
 0001:0000a550       ?get_current_state_index@__crt_state_management@@YA_KXZ 000000018000b550 f i libucrtd:environment_initialization.obj
 0001:0000a710       __acrt_initialize_thread_local_exit_callback 000000018000b710 f   libucrtd:exit.obj
 0001:0000a730       _cexit                     000000018000b730 f   libucrtd:exit.obj
 0001:0000a750       _exit                      000000018000b750 f   libucrtd:exit.obj
 0001:0000a770       _is_c_termination_complete 000000018000b770 f   libucrtd:exit.obj
 0001:0000ab20       ??$get_module_file_name@$$TAEAY0BAF@DH@?$__crt_char_traits@D@@SAK$$QEA$$TAEAY0BAF@D$$QEAH@Z 000000018000bb20 f i libucrtd:argv_parsing.obj
 0001:0000ab20       ??$get_module_file_name@AEAPEAUHINSTANCE__@@AEAY0BAF@DK@?$__crt_char_traits@D@@SAKAEAPEAUHINSTANCE__@@AEAY0BAF@D$$QEAK@Z 000000018000bb20 f i libucrtd:dbgrpt.obj
 0001:0000aff0       ??$set_program_name@PEAD@?$__crt_char_traits@D@@SAX$$QEAPEAD@Z 000000018000bff0 f i libucrtd:argv_parsing.obj
 0001:0000b120       __acrt_allocate_buffer_for_argv 000000018000c120 f   libucrtd:argv_parsing.obj
 0001:0000b240       _configure_narrow_argv     000000018000c240 f   libucrtd:argv_parsing.obj
 0001:0000b260       _set_pgmptr                000000018000c260 f i libucrtd:argv_parsing.obj
 0001:0000b490       ??$tcslen@AEAPEAD@?$__crt_char_traits@D@@SA_KAEAPEAD@Z 000000018000c490 f i libucrtd:environment_initialization.obj
 0001:0000b4dc       ??B?$__crt_unique_heap_ptr@PEADU__crt_internal_free_policy@@@@QEBA_NXZ 000000018000c4dc f i libucrtd:environment_initialization.obj
 0001:0000b4e4       ?detach@?$__crt_unique_heap_ptr@DU__crt_internal_free_policy@@@@QEAAPEADXZ 000000018000c4e4 f i libucrtd:environment_initialization.obj
 0001:0000b4ec       __dcrt_uninitialize_environments_nolock 000000018000c4ec f   libucrtd:environment_initialization.obj
 0001:0000b524       _initialize_narrow_environment 000000018000c524 f   libucrtd:environment_initialization.obj
 0001:0000b52c       _invoke_watson_if_error    000000018000c52c f i libucrtd:environment_initialization.obj
 0001:0000b830       _execute_onexit_table      000000018000c830 f   libucrtd:onexit.obj
 0001:0000b870       _initialize_onexit_table   000000018000c870 f   libucrtd:onexit.obj
 0001:0000b940       __acrt_uninitialize_command_line 000000018000c940 f   libucrtd:argv_data.obj
 0001:0000bbb0       ?initialize@?$dual_state_global@PEAU__crt_multibyte_data@@@__crt_state_management@@QEAAXQEAU__crt_multibyte_data@@@Z 000000018000cbb0 f i libucrtd:mbctype.obj
 0001:0000bbb0       ?initialize@?$dual_state_global@P6AH_K@Z@__crt_state_management@@QEAAXQ6AH_K@Z@Z 000000018000cbb0 f i libucrtd:new_handler.obj
 0001:0000bbb0       ?initialize@?$dual_state_global@P6AHPEAU_exception@@@Z@__crt_state_management@@QEAAXQ6AHPEAU_exception@@@Z@Z 000000018000cbb0 f i libucrtd:matherr.obj
 0001:0000bbb0       ?initialize@?$dual_state_global@PEAU__crt_locale_data@@@__crt_state_management@@QEAAXQEAU__crt_locale_data@@@Z 000000018000cbb0 f i libucrtd:initialization.obj
 0001:0000bbb0       ?initialize@?$dual_state_global@P6AXH@Z@__crt_state_management@@QEAAXQ6AXH@Z@Z 000000018000cbb0 f i libucrtd:signal.obj
 0001:0000bc00       __acrt_initialize          000000018000cc00 f   libucrtd:initialization.obj
 0001:0000bc30       __acrt_thread_attach       000000018000cc30 f   libucrtd:initialization.obj
 0001:0000bc50       __acrt_thread_detach       000000018000cc50 f   libucrtd:initialization.obj
 0001:0000bc60       __acrt_uninitialize        000000018000cc60 f   libucrtd:initialization.obj
 0001:0000bc90       __acrt_uninitialize_critical 000000018000cc90 f   libucrtd:initialization.obj
 0001:0000bcb0       terminate                  000000018000ccb0 f   libucrtd:terminate.obj
 0001:0000bcf0       ??0_LocaleUpdate@@QEAA@QEAU__crt_locale_pointers@@@Z 000000018000ccf0 f i libucrtd:debug_heap.obj
 0001:0000be10       ??1_LocaleUpdate@@QEAA@XZ  000000018000ce10 f i libucrtd:debug_heap.obj
 0001:0000be50       ?GetLocaleT@_LocaleUpdate@@QEAAPEAU__crt_locale_pointers@@XZ 000000018000ce50 f i libucrtd:debug_heap.obj
 0001:0000de30       _CrtCheckMemory            000000018000ee30 f   libucrtd:debug_heap.obj
 0001:0000dfc0       _CrtDumpMemoryLeaks        000000018000efc0 f   libucrtd:debug_heap.obj
 0001:0000e080       _CrtIsValidHeapPointer     000000018000f080 f   libucrtd:debug_heap.obj
 0001:0000e0c0       _CrtIsValidPointer         000000018000f0c0 f   libucrtd:debug_heap.obj
 0001:0000e100       _CrtMemCheckpoint          000000018000f100 f   libucrtd:debug_heap.obj
 0001:0000e380       _CrtMemDumpAllObjectsSince 000000018000f380 f   libucrtd:debug_heap.obj
 0001:0000e3e0       _CrtSetDbgFlag             000000018000f3e0 f   libucrtd:debug_heap.obj
 0001:0000e540       _CrtSetDumpClient          000000018000f540 f   libucrtd:debug_heap.obj
 0001:0000e570       __acrt_get_locale_data_prefix 000000018000f570 f i libucrtd:debug_heap.obj
 0001:0000e590       __acrt_locale_changed      000000018000f590 f i libucrtd:debug_heap.obj
 0001:0000e5c0       _calloc_dbg                000000018000f5c0 f   libucrtd:debug_heap.obj
 0001:0000e660       _chvalidchk_l              000000018000f660 f i libucrtd:debug_heap.obj
 0001:0000e690       _free_dbg                  000000018000f690 f   libucrtd:debug_heap.obj
 0001:0000e700       _invoke_watson_if_oneof    000000018000f700 f i libucrtd:debug_heap.obj
 0001:0000e760       _ischartype_l              000000018000f760 f i libucrtd:debug_heap.obj
 0001:0000e7f0       _malloc_dbg                000000018000f7f0 f   libucrtd:debug_heap.obj
 0001:0000e830       _msize_dbg                 000000018000f830 f   libucrtd:debug_heap.obj
 0001:0000e9d0       _realloc_dbg               000000018000f9d0 f   libucrtd:debug_heap.obj
 0001:0000ea40       _recalloc_dbg              000000018000fa40 f   libucrtd:debug_heap.obj
 0001:0000f010       strcpy_s                   0000000180010010 f   libucrtd:strcpy_s.obj
 0001:0000f050       strcmp                     0000000180010050 f   libucrtd:strcmp.obj
 0001:0000f0d0       strlen                     00000001800100d0 f   libucrtd:strlen.obj
 0001:0000f180       abort                      0000000180010180 f   libucrtd:abort.obj
 0001:0000f200       ??$?0AEBV?$string_output_adapter@D@__crt_stdio_output@@AEB_KAEBQEBDAEBQEAU__crt_locale_pointers@@AEBQEAD@?$format_validation_base@DV?$string_output_adapter@D@__crt_stdio_output@@@__crt_stdio_output@@IEAA@AEBV?$string_output_adapter@D@1@AEB_KAEBQEBDAEBQEAU__crt_locale_pointers@@AEBQEAD@Z 0000000180010200 f i libucrtd:output.obj
 0001:0000f250       ??$?0AEBV?$string_output_adapter@D@__crt_stdio_output@@AEB_KAEBQEBDAEBQEAU__crt_locale_pointers@@AEBQEAD@?$standard_base@DV?$string_output_adapter@D@__crt_stdio_output@@@__crt_stdio_output@@IEAA@AEBV?$string_output_adapter@D@1@AEB_KAEBQEBDAEBQEAU__crt_locale_pointers@@AEBQEAD@Z 0000000180010250 f i libucrtd:output.obj
 0001:0000f2c0       ??$?0AEBV?$string_output_adapter@_W@__crt_stdio_output@@AEB_KAEBQEB_WAEBQEAU__crt_locale_pointers@@AEBQEAD@?$format_validation_base@_WV?$string_output_adapter@_W@__crt_stdio_output@@@__crt_stdio_output@@IEAA@AEBV?$string_output_adapter@_W@1@AEB_KAEBQEB_WAEBQEAU__crt_locale_pointers@@AEBQEAD@Z 00000001800102c0 f i libucrtd:output.obj
 0001:0000f310       ??$?0AEBV?$string_output_adapter@_W@__crt_stdio_output@@AEB_KAEBQEB_WAEBQEAU__crt_locale_pointers@@AEBQEAD@?$standard_base@_WV?$string_output_adapter@_W@__crt_stdio_output@@@__crt_stdio_output@@IEAA@AEBV?$string_output_adapter@_W@1@AEB_KAEBQEB_WAEBQEAU__crt_locale_pointers@@AEBQEAD@Z 0000000180010310 f i libucrtd:output.obj
 0001:00010c90       ??$count@D@formatting_buffer@__crt_stdio_output@@QEBA_KXZ 0000000180011c90 f i libucrtd:output.obj
 0001:00010ce0       ??$count@_W@formatting_buffer@__crt_stdio_output@@QEBA_KXZ 0000000180011ce0 f i libucrtd:output.obj
 0001:00010d30       ??$data@_W@formatting_buffer@__crt_stdio_output@@QEAAPEA_WXZ 0000000180011d30 f i libucrtd:output.obj
 0001:00010d30       ??$data@D@formatting_buffer@__crt_stdio_output@@QEAAPEADXZ 0000000180011d30 f i libucrtd:output.obj
 0001:00010d80       ??$ensure_buffer_is_big_enough@D@formatting_buffer@__crt_stdio_output@@QEAA_N_K@Z 0000000180011d80 f i libucrtd:output.obj
 0001:00010eb0       ??$ensure_buffer_is_big_enough@_W@formatting_buffer@__crt_stdio_output@@QEAA_N_K@Z 0000000180011eb0 f i libucrtd:output.obj
 0001:00010fe0       ??$extract_argument_from_va_list@C_J@?$standard_base@DV?$string_output_adapter@D@__crt_stdio_output@@@__crt_stdio_output@@IEAA_NAEA_J@Z 0000000180011fe0 f i libucrtd:output.obj
 0001:00010fe0       ??$extract_argument_from_va_list@C_J@?$standard_base@_WV?$string_output_adapter@_W@__crt_stdio_output@@@__crt_stdio_output@@IEAA_NAEA_J@Z 0000000180011fe0 f i libucrtd:output.obj
 0001:00011020       ??$extract_argument_from_va_list@E_J@?$standard_base@_WV?$string_output_adapter@_W@__crt_stdio_output@@@__crt_stdio_output@@IEAA_NAEA_J@Z 0000000180012020 f i libucrtd:output.obj
 0001:00011020       ??$extract_argument_from_va_list@E_J@?$standard_base@DV?$string_output_adapter@D@__crt_stdio_output@@@__crt_stdio_output@@IEAA_NAEA_J@Z 0000000180012020 f i libucrtd:output.obj
 0001:00011060       ??$extract_argument_from_va_list@F_J@?$standard_base@DV?$string_output_adapter@D@__crt_stdio_output@@@__crt_stdio_output@@IEAA_NAEA_J@Z 0000000180012060 f i libucrtd:output.obj
 0001:00011060       ??$extract_argument_from_va_list@F_J@?$standard_base@_WV?$string_output_adapter@_W@__crt_stdio_output@@@__crt_stdio_output@@IEAA_NAEA_J@Z 0000000180012060 f i libucrtd:output.obj
 0001:000110a0       ??$extract_argument_from_va_list@GD@?$standard_base@DV?$string_output_adapter@D@__crt_stdio_output@@@__crt_stdio_output@@IEAA_NAEAD@Z 00000001800120a0 f i libucrtd:output.obj
 0001:000110d0       ??$extract_argument_from_va_list@G_J@?$standard_base@_WV?$string_output_adapter@_W@__crt_stdio_output@@@__crt_stdio_output@@IEAA_NAEA_J@Z 00000001800120d0 f i libucrtd:output.obj
 0001:000110d0       ??$extract_argument_from_va_list@G_J@?$standard_base@DV?$string_output_adapter@D@__crt_stdio_output@@@__crt_stdio_output@@IEAA_NAEA_J@Z 00000001800120d0 f i libucrtd:output.obj
 0001:00011110       ??$extract_argument_from_va_list@H_J@?$standard_base@DV?$string_output_adapter@D@__crt_stdio_output@@@__crt_stdio_output@@IEAA_NAEA_J@Z 0000000180012110 f i libucrtd:output.obj
 0001:00011110       ??$extract_argument_from_va_list@H_J@?$standard_base@_WV?$string_output_adapter@_W@__crt_stdio_output@@@__crt_stdio_output@@IEAA_NAEA_J@Z 0000000180012110 f i libucrtd:output.obj
 0001:00011140       ??$extract_argument_from_va_list@I_J@?$standard_base@DV?$string_output_adapter@D@__crt_stdio_output@@@__crt_stdio_output@@IEAA_NAEA_J@Z 0000000180012140 f i libucrtd:output.obj
 0001:00011140       ??$extract_argument_from_va_list@I_J@?$standard_base@_WV?$string_output_adapter@_W@__crt_stdio_output@@@__crt_stdio_output@@IEAA_NAEA_J@Z 0000000180012140 f i libucrtd:output.obj
 0001:00011170       ??$extract_argument_from_va_list@PEADPEAD@?$standard_base@_WV?$string_output_adapter@_W@__crt_stdio_output@@@__crt_stdio_output@@IEAA_NAEAPEAD@Z 0000000180012170 f i libucrtd:output.obj
 0001:00011170       ??$extract_argument_from_va_list@_K_J@?$standard_base@_WV?$string_output_adapter@_W@__crt_stdio_output@@@__crt_stdio_output@@IEAA_NAEA_J@Z 0000000180012170 f i libucrtd:output.obj
 0001:00011170       ??$extract_argument_from_va_list@PEAXPEAX@?$standard_base@_WV?$string_output_adapter@_W@__crt_stdio_output@@@__crt_stdio_output@@IEAA_NAEAPEAX@Z 0000000180012170 f i libucrtd:output.obj
 0001:00011170       ??$extract_argument_from_va_list@_J_J@?$standard_base@DV?$string_output_adapter@D@__crt_stdio_output@@@__crt_stdio_output@@IEAA_NAEA_J@Z 0000000180012170 f i libucrtd:output.obj
 0001:00011170       ??$extract_argument_from_va_list@_J_J@?$standard_base@_WV?$string_output_adapter@_W@__crt_stdio_output@@@__crt_stdio_output@@IEAA_NAEA_J@Z 0000000180012170 f i libucrtd:output.obj
 0001:00011170       ??$extract_argument_from_va_list@PEADPEAD@?$standard_base@DV?$string_output_adapter@D@__crt_stdio_output@@@__crt_stdio_output@@IEAA_NAEAPEAD@Z 0000000180012170 f i libucrtd:output.obj
 0001:00011170       ??$extract_argument_from_va_list@PEAXPEAX@?$standard_base@DV?$string_output_adapter@D@__crt_stdio_output@@@__crt_stdio_output@@IEAA_NAEAPEAX@Z 0000000180012170 f i libucrtd:output.obj
 0001:00011170       ??$extract_argument_from_va_list@_K_J@?$standard_base@DV?$string_output_adapter@D@__crt_stdio_output@@@__crt_stdio_output@@IEAA_NAEA_J@Z 0000000180012170 f i libucrtd:output.obj
 0001:000111d0       ??$extract_argument_from_va_list@U_CRT_DOUBLE@@U1@@?$standard_base@DV?$string_output_adapter@D@__crt_stdio_output@@@__crt_stdio_output@@IEAA_NAEAU_CRT_DOUBLE@@@Z 00000001800121d0 f i libucrtd:output.obj
 0001:000111d0       ??$extract_argument_from_va_list@U_CRT_DOUBLE@@U1@@?$standard_base@_WV?$string_output_adapter@_W@__crt_stdio_output@@@__crt_stdio_output@@IEAA_NAEAU_CRT_DOUBLE@@@Z 00000001800121d0 f i libucrtd:output.obj
 0001:00011220       ??$extract_argument_from_va_list@_W_W@?$standard_base@DV?$string_output_adapter@D@__crt_stdio_output@@@__crt_stdio_output@@IEAA_NAEA_W@Z 0000000180012220 f i libucrtd:output.obj
 0001:00011220       ??$extract_argument_from_va_list@_W_W@?$standard_base@_WV?$string_output_adapter@_W@__crt_stdio_output@@@__crt_stdio_output@@IEAA_NAEA_W@Z 0000000180012220 f i libucrtd:output.obj
 0001:00011250       ??$is_wide_character_specifier@D@__crt_stdio_output@@YA_N_KDW4length_modifier@0@@Z 0000000180012250 f i libucrtd:output.obj
 0001:000112f0       ??$is_wide_character_specifier@_W@__crt_stdio_output@@YA_N_K_WW4length_modifier@0@@Z 00000001800122f0 f i libucrtd:output.obj
 0001:000113c0       ??$read_va_arg@C@__crt_stdio_output@@YACAEAPEAD@Z 00000001800123c0 f i libucrtd:output.obj
 0001:000113c0       ??$read_va_arg@E@__crt_stdio_output@@YAEAEAPEAD@Z 00000001800123c0 f i libucrtd:output.obj
 0001:00011430       ??$read_va_arg@G@__crt_stdio_output@@YAGAEAPEAD@Z 0000000180012430 f i libucrtd:output.obj
 0001:00011430       ??$read_va_arg@F@__crt_stdio_output@@YAFAEAPEAD@Z 0000000180012430 f i libucrtd:output.obj
 0001:00011430       ??$read_va_arg@_W@__crt_stdio_output@@YA_WAEAPEAD@Z 0000000180012430 f i libucrtd:output.obj
 0001:000114a0       ??$read_va_arg@I@__crt_stdio_output@@YAIAEAPEAD@Z 00000001800124a0 f i libucrtd:output.obj
 0001:000114a0       ??$read_va_arg@H@__crt_stdio_output@@YAHAEAPEAD@Z 00000001800124a0 f i libucrtd:output.obj
 0001:00011500       ??$read_va_arg@PEAX@__crt_stdio_output@@YAPEAXAEAPEAD@Z 0000000180012500 f i libucrtd:output.obj
 0001:00011500       ??$read_va_arg@_K@__crt_stdio_output@@YA_KAEAPEAD@Z 0000000180012500 f i libucrtd:output.obj
 0001:00011500       ??$read_va_arg@PEAD@__crt_stdio_output@@YAPEADAEAPEAD@Z 0000000180012500 f i libucrtd:output.obj
 0001:00011500       ??$read_va_arg@U_CRT_DOUBLE@@@__crt_stdio_output@@YA?AU_CRT_DOUBLE@@AEAPEAD@Z 0000000180012500 f i libucrtd:output.obj
 0001:00011500       ??$read_va_arg@_J@__crt_stdio_output@@YA_JAEAPEAD@Z 0000000180012500 f i libucrtd:output.obj
 0001:000115e0       ??$scratch_count@D@formatting_buffer@__crt_stdio_output@@QEBA_KXZ 00000001800125e0 f i libucrtd:output.obj
 0001:00011600       ??$scratch_data@D@formatting_buffer@__crt_stdio_output@@QEAAPEADXZ 0000000180012600 f i libucrtd:output.obj
 0001:00011670       ??$tcstol@PEBDPEAPEADH@?$__crt_char_traits@D@@SAJ$$QEAPEBD$$QEAPEAPEAD$$QEAH@Z 0000000180012670 f i libucrtd:output.obj
 0001:000116b0       ??$tcstol@PEB_WPEAPEA_WH@?$__crt_char_traits@_W@@SAJ$$QEAPEB_W$$QEAPEAPEA_W$$QEAH@Z 00000001800126b0 f i libucrtd:output.obj
 0001:000116f0       ??$type_case_integer_parse_into_buffer@I@?$output_processor@DV?$string_output_adapter@D@__crt_stdio_output@@V?$format_validation_base@DV?$string_output_adapter@D@__crt_stdio_output@@@2@@__crt_stdio_output@@AEAAXII_N@Z 00000001800126f0 f i libucrtd:output.obj
 0001:00011820       ??$type_case_integer_parse_into_buffer@I@?$output_processor@_WV?$string_output_adapter@_W@__crt_stdio_output@@V?$format_validation_base@_WV?$string_output_adapter@_W@__crt_stdio_output@@@2@@__crt_stdio_output@@AEAAXII_N@Z 0000000180012820 f i libucrtd:output.obj
 0001:00011960       ??$type_case_integer_parse_into_buffer@_K@?$output_processor@DV?$string_output_adapter@D@__crt_stdio_output@@V?$format_validation_base@DV?$string_output_adapter@D@__crt_stdio_output@@@2@@__crt_stdio_output@@AEAAX_KI_N@Z 0000000180012960 f i libucrtd:output.obj
 0001:00011ab0       ??$type_case_integer_parse_into_buffer@_K@?$output_processor@_WV?$string_output_adapter@_W@__crt_stdio_output@@V?$format_validation_base@_WV?$string_output_adapter@_W@__crt_stdio_output@@@2@@__crt_stdio_output@@AEAAX_KI_N@Z 0000000180012ab0 f i libucrtd:output.obj
 0001:00011c10       ??$write_multiple_characters@V?$string_output_adapter@D@__crt_stdio_output@@D@__crt_stdio_output@@YAXAEBV?$string_output_adapter@D@0@DHQEAH@Z 0000000180012c10 f i libucrtd:output.obj
 0001:00011c70       ??$write_multiple_characters@V?$string_output_adapter@_W@__crt_stdio_output@@D@__crt_stdio_output@@YAXAEBV?$string_output_adapter@_W@0@DHQEAH@Z 0000000180012c70 f i libucrtd:output.obj
 0001:00011cd0       ??0?$common_data@D@__crt_stdio_output@@IEAA@XZ 0000000180012cd0 f i libucrtd:output.obj
 0001:00011da0       ??0?$common_data@_W@__crt_stdio_output@@IEAA@XZ 0000000180012da0 f i libucrtd:output.obj
 0001:00011e70       ??0?$output_adapter_data@DV?$string_output_adapter@D@__crt_stdio_output@@@__crt_stdio_output@@IEAA@AEBV?$string_output_adapter@D@1@_KQEBDQEAU__crt_locale_pointers@@QEAD@Z 0000000180012e70 f i libucrtd:output.obj
 0001:00011ef0       ??0?$output_adapter_data@_WV?$string_output_adapter@_W@__crt_stdio_output@@@__crt_stdio_output@@IEAA@AEBV?$string_output_adapter@_W@1@_KQEB_WQEAU__crt_locale_pointers@@QEAD@Z 0000000180012ef0 f i libucrtd:output.obj
 0001:00011f70       ??0?$output_processor@DV?$string_output_adapter@D@__crt_stdio_output@@V?$format_validation_base@DV?$string_output_adapter@D@__crt_stdio_output@@@2@@__crt_stdio_output@@QEAA@AEBV?$string_output_adapter@D@1@_KQEBDQEAU__crt_locale_pointers@@QEAD@Z 0000000180012f70 f i libucrtd:output.obj
 0001:00011fc0       ??0?$output_processor@_WV?$string_output_adapter@_W@__crt_stdio_output@@V?$format_validation_base@_WV?$string_output_adapter@_W@__crt_stdio_output@@@2@@__crt_stdio_output@@QEAA@AEBV?$string_output_adapter@_W@1@_KQEB_WQEAU__crt_locale_pointers@@QEAD@Z 0000000180012fc0 f i libucrtd:output.obj
 0001:00012010       ??0__crt_deferred_errno_cache@@QEAA@XZ 0000000180013010 f i libucrtd:output.obj
 0001:00012030       ??0__crt_errno_guard@@QEAA@QEAH@Z 0000000180013030 f i libucrtd:output.obj
 0001:00012070       ??0formatting_buffer@__crt_stdio_output@@QEAA@XZ 0000000180013070 f i libucrtd:output.obj
 0001:000120b0       ??1?$common_data@D@__crt_stdio_output@@QEAA@XZ 00000001800130b0 f i libucrtd:output.obj
 0001:000120b0       ??1?$common_data@_W@__crt_stdio_output@@QEAA@XZ 00000001800130b0 f i libucrtd:output.obj
 0001:000120d0       ??1?$format_validation_base@DV?$string_output_adapter@D@__crt_stdio_output@@@__crt_stdio_output@@QEAA@XZ 00000001800130d0 f i libucrtd:output.obj
 0001:000120d0       ??1?$format_validation_base@_WV?$string_output_adapter@_W@__crt_stdio_output@@@__crt_stdio_output@@QEAA@XZ 00000001800130d0 f i libucrtd:output.obj
 0001:000120f0       ??1?$output_adapter_data@DV?$string_output_adapter@D@__crt_stdio_output@@@__crt_stdio_output@@QEAA@XZ 00000001800130f0 f i libucrtd:output.obj
 0001:000120f0       ??1?$output_adapter_data@_WV?$string_output_adapter@_W@__crt_stdio_output@@@__crt_stdio_output@@QEAA@XZ 00000001800130f0 f i libucrtd:output.obj
 0001:00012110       ??1?$output_processor@_WV?$string_output_adapter@_W@__crt_stdio_output@@V?$format_validation_base@_WV?$string_output_adapter@_W@__crt_stdio_output@@@2@@__crt_stdio_output@@QEAA@XZ 0000000180013110 f i libucrtd:output.obj
 0001:00012110       ??1?$output_processor@DV?$string_output_adapter@D@__crt_stdio_output@@V?$format_validation_base@DV?$string_output_adapter@D@__crt_stdio_output@@@2@@__crt_stdio_output@@QEAA@XZ 0000000180013110 f i libucrtd:output.obj
 0001:00012130       ??1?$standard_base@DV?$string_output_adapter@D@__crt_stdio_output@@@__crt_stdio_output@@QEAA@XZ 0000000180013130 f i libucrtd:output.obj
 0001:00012130       ??1?$standard_base@_WV?$string_output_adapter@_W@__crt_stdio_output@@@__crt_stdio_output@@QEAA@XZ 0000000180013130 f i libucrtd:output.obj
 0001:00012150       ??1__crt_errno_guard@@QEAA@XZ 0000000180013150 f i libucrtd:output.obj
 0001:00012180       ??1formatting_buffer@__crt_stdio_output@@QEAA@XZ 0000000180013180 f i libucrtd:output.obj
 0001:000121b0       ??4?$__crt_unique_heap_ptr@DU__crt_internal_free_policy@@@@QEAAAEAV0@$$QEAV0@@Z 00000001800131b0 f i libucrtd:output.obj
 0001:000121f0       ?adjust_hexit@?$output_processor@DV?$string_output_adapter@D@__crt_stdio_output@@V?$format_validation_base@DV?$string_output_adapter@D@__crt_stdio_output@@@2@@__crt_stdio_output@@CADH_N@Z 00000001800131f0 f i libucrtd:output.obj
 0001:000121f0       ?adjust_hexit@?$output_processor@_WV?$string_output_adapter@_W@__crt_stdio_output@@V?$format_validation_base@_WV?$string_output_adapter@_W@__crt_stdio_output@@@2@@__crt_stdio_output@@CADH_N@Z 00000001800131f0 f i libucrtd:output.obj
 0001:00012240       ?advance_to_next_pass@?$standard_base@_WV?$string_output_adapter@_W@__crt_stdio_output@@@__crt_stdio_output@@IEAA_NXZ 0000000180013240 f i libucrtd:output.obj
 0001:00012240       ?advance_to_next_pass@?$standard_base@DV?$string_output_adapter@D@__crt_stdio_output@@@__crt_stdio_output@@IEAA_NXZ 0000000180013240 f i libucrtd:output.obj
 0001:00012290       ?crop_zeroes@__crt_stdio_output@@YAXPEADQEAU__crt_locale_pointers@@@Z 0000000180013290 f i libucrtd:output.obj
 0001:000123d0       ?find_next_state@?$output_processor@DV?$string_output_adapter@D@__crt_stdio_output@@V?$format_validation_base@DV?$string_output_adapter@D@__crt_stdio_output@@@2@@__crt_stdio_output@@AEBA?AW4state@2@DW432@@Z 00000001800133d0 f i libucrtd:output.obj
 0001:00012470       ?find_next_state@?$output_processor@_WV?$string_output_adapter@_W@__crt_stdio_output@@V?$format_validation_base@_WV?$string_output_adapter@_W@__crt_stdio_output@@@2@@__crt_stdio_output@@AEBA?AW4state@2@_WW432@@Z 0000000180013470 f i libucrtd:output.obj
 0001:00012510       ?force_decimal_point@__crt_stdio_output@@YAXPEADQEAU__crt_locale_pointers@@@Z 0000000180013510 f i libucrtd:output.obj
 0001:00012610       ?get@__crt_deferred_errno_cache@@QEAAAEAHXZ 0000000180013610 f i libucrtd:output.obj
 0001:00012640       ?get_flags@__crt_stdio_stream@@QEBAJXZ 0000000180013640 f i libucrtd:output.obj
 0001:00012670       ?has_flag@?$output_processor@DV?$string_output_adapter@D@__crt_stdio_output@@V?$format_validation_base@DV?$string_output_adapter@D@__crt_stdio_output@@@2@@__crt_stdio_output@@AEBA_NI@Z 0000000180013670 f i libucrtd:output.obj
 0001:00012670       ?has_flag@?$output_processor@_WV?$string_output_adapter@_W@__crt_stdio_output@@V?$format_validation_base@_WV?$string_output_adapter@_W@__crt_stdio_output@@@2@@__crt_stdio_output@@AEBA_NI@Z 0000000180013670 f i libucrtd:output.obj
 0001:000126b0       ?is_string_backed@__crt_stdio_stream@@QEBA_NXZ 00000001800136b0 f i libucrtd:output.obj
 0001:000126f0       ?narrow_null_string@?$output_processor@_WV?$string_output_adapter@_W@__crt_stdio_output@@V?$format_validation_base@_WV?$string_output_adapter@_W@__crt_stdio_output@@@2@@__crt_stdio_output@@CAPEADXZ 00000001800136f0 f i libucrtd:output.obj
 0001:000126f0       ?narrow_null_string@?$output_processor@DV?$string_output_adapter@D@__crt_stdio_output@@V?$format_validation_base@DV?$string_output_adapter@D@__crt_stdio_output@@@2@@__crt_stdio_output@@CAPEADXZ 00000001800136f0 f i libucrtd:output.obj
 0001:00012700       ?parse_int_from_format_string@?$output_processor@DV?$string_output_adapter@D@__crt_stdio_output@@V?$format_validation_base@DV?$string_output_adapter@D@__crt_stdio_output@@@2@@__crt_stdio_output@@AEAA_NQEAH@Z 0000000180013700 f i libucrtd:output.obj
 0001:000127f0       ?parse_int_from_format_string@?$output_processor@_WV?$string_output_adapter@_W@__crt_stdio_output@@V?$format_validation_base@_WV?$string_output_adapter@_W@__crt_stdio_output@@@2@@__crt_stdio_output@@AEAA_NQEAH@Z 00000001800137f0 f i libucrtd:output.obj
 0001:000128e0       ?process@?$output_processor@DV?$string_output_adapter@D@__crt_stdio_output@@V?$format_validation_base@DV?$string_output_adapter@D@__crt_stdio_output@@@2@@__crt_stdio_output@@QEAAHXZ 00000001800138e0 f i libucrtd:output.obj
 0001:00012c40       ?process@?$output_processor@_WV?$string_output_adapter@_W@__crt_stdio_output@@V?$format_validation_base@_WV?$string_output_adapter@_W@__crt_stdio_output@@@2@@__crt_stdio_output@@QEAAHXZ 0000000180013c40 f i libucrtd:output.obj
 0001:00012fa0       ?set_flag@?$output_processor@_WV?$string_output_adapter@_W@__crt_stdio_output@@V?$format_validation_base@_WV?$string_output_adapter@_W@__crt_stdio_output@@@2@@__crt_stdio_output@@AEAAXI@Z 0000000180013fa0 f i libucrtd:output.obj
 0001:00012fa0       ?set_flag@?$output_processor@DV?$string_output_adapter@D@__crt_stdio_output@@V?$format_validation_base@DV?$string_output_adapter@D@__crt_stdio_output@@@2@@__crt_stdio_output@@AEAAXI@Z 0000000180013fa0 f i libucrtd:output.obj
 0001:00012fc0       ?should_format@?$standard_base@_WV?$string_output_adapter@_W@__crt_stdio_output@@@__crt_stdio_output@@IEAA_NXZ 0000000180013fc0 f i libucrtd:output.obj
 0001:00012fc0       ?validate_state_for_type_case_a@?$standard_base@_WV?$string_output_adapter@_W@__crt_stdio_output@@@__crt_stdio_output@@IEBA_NXZ 0000000180013fc0 f i libucrtd:output.obj
 0001:00012fc0       ?validate_and_update_state_at_beginning_of_format_character@?$standard_base@DV?$string_output_adapter@D@__crt_stdio_output@@@__crt_stdio_output@@IEAA_NXZ 0000000180013fc0 f i libucrtd:output.obj
 0001:00012fc0       ?validate_state_for_type_case_a@?$standard_base@DV?$string_output_adapter@D@__crt_stdio_output@@@__crt_stdio_output@@IEBA_NXZ 0000000180013fc0 f i libucrtd:output.obj
 0001:00012fc0       ?should_format@?$standard_base@DV?$string_output_adapter@D@__crt_stdio_output@@@__crt_stdio_output@@IEAA_NXZ 0000000180013fc0 f i libucrtd:output.obj
 0001:00012fc0       ?validate_and_update_state_at_beginning_of_format_character@?$standard_base@_WV?$string_output_adapter@_W@__crt_stdio_output@@@__crt_stdio_output@@IEAA_NXZ 0000000180013fc0 f i libucrtd:output.obj
 0001:00012fd0       ?should_skip_type_state_output@?$standard_base@DV?$string_output_adapter@D@__crt_stdio_output@@@__crt_stdio_output@@IEBA_NXZ 0000000180013fd0 f i libucrtd:output.obj
 0001:00012fd0       ?should_skip_normal_state_processing@?$standard_base@DV?$string_output_adapter@D@__crt_stdio_output@@@__crt_stdio_output@@IEAA_NXZ 0000000180013fd0 f i libucrtd:output.obj
 0001:00012fd0       ?should_skip_type_state_output@?$standard_base@_WV?$string_output_adapter@_W@__crt_stdio_output@@@__crt_stdio_output@@IEBA_NXZ 0000000180013fd0 f i libucrtd:output.obj
 0001:00012fd0       ?should_skip_normal_state_processing@?$standard_base@_WV?$string_output_adapter@_W@__crt_stdio_output@@@__crt_stdio_output@@IEAA_NXZ 0000000180013fd0 f i libucrtd:output.obj
 0001:00012fe0       ?state_case_dot@?$output_processor@DV?$string_output_adapter@D@__crt_stdio_output@@V?$format_validation_base@DV?$string_output_adapter@D@__crt_stdio_output@@@2@@__crt_stdio_output@@AEAA_NXZ 0000000180013fe0 f i libucrtd:output.obj
 0001:00012fe0       ?state_case_dot@?$output_processor@_WV?$string_output_adapter@_W@__crt_stdio_output@@V?$format_validation_base@_WV?$string_output_adapter@_W@__crt_stdio_output@@@2@@__crt_stdio_output@@AEAA_NXZ 0000000180013fe0 f i libucrtd:output.obj
 0001:00013000       ?state_case_flag@?$output_processor@DV?$string_output_adapter@D@__crt_stdio_output@@V?$format_validation_base@DV?$string_output_adapter@D@__crt_stdio_output@@@2@@__crt_stdio_output@@AEAA_NXZ 0000000180014000 f i libucrtd:output.obj
 0001:000130a0       ?state_case_flag@?$output_processor@_WV?$string_output_adapter@_W@__crt_stdio_output@@V?$format_validation_base@_WV?$string_output_adapter@_W@__crt_stdio_output@@@2@@__crt_stdio_output@@AEAA_NXZ 00000001800140a0 f i libucrtd:output.obj
 0001:00013140       ?state_case_normal@?$output_processor@DV?$string_output_adapter@D@__crt_stdio_output@@V?$format_validation_base@DV?$string_output_adapter@D@__crt_stdio_output@@@2@@__crt_stdio_output@@AEAA_NXZ 0000000180014140 f i libucrtd:output.obj
 0001:00013220       ?state_case_normal@?$output_processor@_WV?$string_output_adapter@_W@__crt_stdio_output@@V?$format_validation_base@_WV?$string_output_adapter@_W@__crt_stdio_output@@@2@@__crt_stdio_output@@AEAA_NXZ 0000000180014220 f i libucrtd:output.obj
 0001:00013300       ?state_case_normal_common@?$output_processor@DV?$string_output_adapter@D@__crt_stdio_output@@V?$format_validation_base@DV?$string_output_adapter@D@__crt_stdio_output@@@2@@__crt_stdio_output@@AEAA_NXZ 0000000180014300 f i libucrtd:output.obj
 0001:00013350       ?state_case_normal_common@?$output_processor@_WV?$string_output_adapter@_W@__crt_stdio_output@@V?$format_validation_base@_WV?$string_output_adapter@_W@__crt_stdio_output@@@2@@__crt_stdio_output@@AEAA_NXZ 0000000180014350 f i libucrtd:output.obj
 0001:000133a0       ?state_case_normal_tchar@?$output_processor@DV?$string_output_adapter@D@__crt_stdio_output@@V?$format_validation_base@DV?$string_output_adapter@D@__crt_stdio_output@@@2@@__crt_stdio_output@@AEAA_ND@Z 00000001800143a0 f i libucrtd:output.obj
 0001:000134e0       ?state_case_normal_tchar@?$output_processor@_WV?$string_output_adapter@_W@__crt_stdio_output@@V?$format_validation_base@_WV?$string_output_adapter@_W@__crt_stdio_output@@@2@@__crt_stdio_output@@AEAA_N_W@Z 00000001800144e0 f i libucrtd:output.obj
 0001:00013500       ?state_case_percent@?$output_processor@_WV?$string_output_adapter@_W@__crt_stdio_output@@V?$format_validation_base@_WV?$string_output_adapter@_W@__crt_stdio_output@@@2@@__crt_stdio_output@@AEAA_NXZ 0000000180014500 f i libucrtd:output.obj
 0001:00013500       ?state_case_percent@?$output_processor@DV?$string_output_adapter@D@__crt_stdio_output@@V?$format_validation_base@DV?$string_output_adapter@D@__crt_stdio_output@@@2@@__crt_stdio_output@@AEAA_NXZ 0000000180014500 f i libucrtd:output.obj
 0001:00013550       ?state_case_precision@?$output_processor@DV?$string_output_adapter@D@__crt_stdio_output@@V?$format_validation_base@DV?$string_output_adapter@D@__crt_stdio_output@@@2@@__crt_stdio_output@@AEAA_NXZ 0000000180014550 f i libucrtd:output.obj
 0001:000135d0       ?state_case_precision@?$output_processor@_WV?$string_output_adapter@_W@__crt_stdio_output@@V?$format_validation_base@_WV?$string_output_adapter@_W@__crt_stdio_output@@@2@@__crt_stdio_output@@AEAA_NXZ 00000001800145d0 f i libucrtd:output.obj
 0001:00013650       ?state_case_size@?$output_processor@DV?$string_output_adapter@D@__crt_stdio_output@@V?$format_validation_base@DV?$string_output_adapter@D@__crt_stdio_output@@@2@@__crt_stdio_output@@AEAA_NXZ 0000000180014650 f i libucrtd:output.obj
 0001:00013ad0       ?state_case_size@?$output_processor@_WV?$string_output_adapter@_W@__crt_stdio_output@@V?$format_validation_base@_WV?$string_output_adapter@_W@__crt_stdio_output@@@2@@__crt_stdio_output@@AEAA_NXZ 0000000180014ad0 f i libucrtd:output.obj
 0001:00013f50       ?state_case_type@?$output_processor@DV?$string_output_adapter@D@__crt_stdio_output@@V?$format_validation_base@DV?$string_output_adapter@D@__crt_stdio_output@@@2@@__crt_stdio_output@@AEAA_NXZ 0000000180014f50 f i libucrtd:output.obj
 0001:000143f0       ?state_case_type@?$output_processor@_WV?$string_output_adapter@_W@__crt_stdio_output@@V?$format_validation_base@_WV?$string_output_adapter@_W@__crt_stdio_output@@@2@@__crt_stdio_output@@AEAA_NXZ 00000001800153f0 f i libucrtd:output.obj
 0001:00014950       ?state_case_width@?$output_processor@DV?$string_output_adapter@D@__crt_stdio_output@@V?$format_validation_base@DV?$string_output_adapter@D@__crt_stdio_output@@@2@@__crt_stdio_output@@AEAA_NXZ 0000000180015950 f i libucrtd:output.obj
 0001:000149e0       ?state_case_width@?$output_processor@_WV?$string_output_adapter@_W@__crt_stdio_output@@V?$format_validation_base@_WV?$string_output_adapter@_W@__crt_stdio_output@@@2@@__crt_stdio_output@@AEAA_NXZ 00000001800159e0 f i libucrtd:output.obj
 0001:00014a70       ?state_count@?$format_validation_base@DV?$string_output_adapter@D@__crt_stdio_output@@@__crt_stdio_output@@KAIXZ 0000000180015a70 f i libucrtd:output.obj
 0001:00014a70       ?state_count@?$format_validation_base@_WV?$string_output_adapter@_W@__crt_stdio_output@@@__crt_stdio_output@@KAIXZ 0000000180015a70 f i libucrtd:output.obj
 0001:00014a80       ?state_transition_table@?$format_validation_base@DV?$string_output_adapter@D@__crt_stdio_output@@@__crt_stdio_output@@KAPEBEXZ 0000000180015a80 f i libucrtd:output.obj
 0001:00014a80       ?state_transition_table@?$format_validation_base@_WV?$string_output_adapter@_W@__crt_stdio_output@@@__crt_stdio_output@@KAPEBEXZ 0000000180015a80 f i libucrtd:output.obj
 0001:00014a90       ?tchar_string@?$common_data@D@__crt_stdio_output@@IEAAAEAPEADD@Z 0000000180015a90 f i libucrtd:output.obj
 0001:00014ab0       ?tchar_string@?$common_data@D@__crt_stdio_output@@IEAAAEAPEADXZ 0000000180015ab0 f i libucrtd:output.obj
 0001:00014ad0       ?tchar_string@?$common_data@_W@__crt_stdio_output@@IEAAAEAPEA_WXZ 0000000180015ad0 f i libucrtd:output.obj
 0001:00014af0       ?tchar_string@?$common_data@_W@__crt_stdio_output@@IEAAAEAPEA_W_W@Z 0000000180015af0 f i libucrtd:output.obj
 0001:00014b10       ?to_integer_size@__crt_stdio_output@@YA_KW4length_modifier@1@@Z 0000000180015b10 f i libucrtd:output.obj
 0001:00014bc0       ?type_case_X@?$output_processor@DV?$string_output_adapter@D@__crt_stdio_output@@V?$format_validation_base@DV?$string_output_adapter@D@__crt_stdio_output@@@2@@__crt_stdio_output@@AEAA_NXZ 0000000180015bc0 f i libucrtd:output.obj
 0001:00014be0       ?type_case_X@?$output_processor@_WV?$string_output_adapter@_W@__crt_stdio_output@@V?$format_validation_base@_WV?$string_output_adapter@_W@__crt_stdio_output@@@2@@__crt_stdio_output@@AEAA_NXZ 0000000180015be0 f i libucrtd:output.obj
 0001:00014c00       ?type_case_Z@?$output_processor@DV?$string_output_adapter@D@__crt_stdio_output@@V?$format_validation_base@DV?$string_output_adapter@D@__crt_stdio_output@@@2@@__crt_stdio_output@@AEAA_NXZ 0000000180015c00 f i libucrtd:output.obj
 0001:00014d20       ?type_case_Z@?$output_processor@_WV?$string_output_adapter@_W@__crt_stdio_output@@V?$format_validation_base@_WV?$string_output_adapter@_W@__crt_stdio_output@@@2@@__crt_stdio_output@@AEAA_NXZ 0000000180015d20 f i libucrtd:output.obj
 0001:00014e40       ?type_case_a@?$output_processor@DV?$string_output_adapter@D@__crt_stdio_output@@V?$format_validation_base@DV?$string_output_adapter@D@__crt_stdio_output@@@2@@__crt_stdio_output@@AEAA_NXZ 0000000180015e40 f i libucrtd:output.obj
 0001:00015200       ?type_case_a@?$output_processor@_WV?$string_output_adapter@_W@__crt_stdio_output@@V?$format_validation_base@_WV?$string_output_adapter@_W@__crt_stdio_output@@@2@@__crt_stdio_output@@AEAA_NXZ 0000000180016200 f i libucrtd:output.obj
 0001:000155d0       ?type_case_c@?$output_processor@DV?$string_output_adapter@D@__crt_stdio_output@@V?$format_validation_base@DV?$string_output_adapter@D@__crt_stdio_output@@@2@@__crt_stdio_output@@AEAA_NXZ 00000001800165d0 f i libucrtd:output.obj
 0001:000155f0       ?type_case_c@?$output_processor@_WV?$string_output_adapter@_W@__crt_stdio_output@@V?$format_validation_base@_WV?$string_output_adapter@_W@__crt_stdio_output@@@2@@__crt_stdio_output@@AEAA_NXZ 00000001800165f0 f i libucrtd:output.obj
 0001:00015610       ?type_case_c_tchar@?$output_processor@DV?$string_output_adapter@D@__crt_stdio_output@@V?$format_validation_base@DV?$string_output_adapter@D@__crt_stdio_output@@@2@@__crt_stdio_output@@AEAA_ND@Z 0000000180016610 f i libucrtd:output.obj
 0001:00015760       ?type_case_c_tchar@?$output_processor@_WV?$string_output_adapter@_W@__crt_stdio_output@@V?$format_validation_base@_WV?$string_output_adapter@_W@__crt_stdio_output@@@2@@__crt_stdio_output@@AEAA_N_W@Z 0000000180016760 f i libucrtd:output.obj
 0001:00015890       ?type_case_d@?$output_processor@DV?$string_output_adapter@D@__crt_stdio_output@@V?$format_validation_base@DV?$string_output_adapter@D@__crt_stdio_output@@@2@@__crt_stdio_output@@AEAA_NXZ 0000000180016890 f i libucrtd:output.obj
 0001:000158c0       ?type_case_d@?$output_processor@_WV?$string_output_adapter@_W@__crt_stdio_output@@V?$format_validation_base@_WV?$string_output_adapter@_W@__crt_stdio_output@@@2@@__crt_stdio_output@@AEAA_NXZ 00000001800168c0 f i libucrtd:output.obj
 0001:000158f0       ?type_case_integer@?$output_processor@DV?$string_output_adapter@D@__crt_stdio_output@@V?$format_validation_base@DV?$string_output_adapter@D@__crt_stdio_output@@@2@@__crt_stdio_output@@AEAA_NI_N@Z 00000001800168f0 f i libucrtd:output.obj
 0001:00015d40       ?type_case_integer@?$output_processor@_WV?$string_output_adapter@_W@__crt_stdio_output@@V?$format_validation_base@_WV?$string_output_adapter@_W@__crt_stdio_output@@@2@@__crt_stdio_output@@AEAA_NI_N@Z 0000000180016d40 f i libucrtd:output.obj
 0001:00016190       ?type_case_n@?$output_processor@DV?$string_output_adapter@D@__crt_stdio_output@@V?$format_validation_base@DV?$string_output_adapter@D@__crt_stdio_output@@@2@@__crt_stdio_output@@AEAA_NXZ 0000000180017190 f i libucrtd:output.obj
 0001:000163d0       ?type_case_n@?$output_processor@_WV?$string_output_adapter@_W@__crt_stdio_output@@V?$format_validation_base@_WV?$string_output_adapter@_W@__crt_stdio_output@@@2@@__crt_stdio_output@@AEAA_NXZ 00000001800173d0 f i libucrtd:output.obj
 0001:00016610       ?type_case_o@?$output_processor@DV?$string_output_adapter@D@__crt_stdio_output@@V?$format_validation_base@DV?$string_output_adapter@D@__crt_stdio_output@@@2@@__crt_stdio_output@@AEAA_NXZ 0000000180017610 f i libucrtd:output.obj
 0001:00016660       ?type_case_o@?$output_processor@_WV?$string_output_adapter@_W@__crt_stdio_output@@V?$format_validation_base@_WV?$string_output_adapter@_W@__crt_stdio_output@@@2@@__crt_stdio_output@@AEAA_NXZ 0000000180017660 f i libucrtd:output.obj
[...]
 0004:000028f8       $pdata$??$__acrt_fenv_shift_bits@W4__acrt_fenv_abstract_control@@@@YA?AW4__acrt_fenv_abstract_control@@W40@0I@Z 00000001800538f8     libucrtd:_fenvutils.obj
 0004:000028f8       $pdata$??$__acrt_fenv_shift_bits@W4__acrt_fenv_abstract_status@@@@YA?AW4__acrt_fenv_abstract_status@@W40@0I@Z 00000001800538f8     libucrtd:_fenvutils.obj
 0004:00002904       $pdata$??$__acrt_fenv_translate_bit@W4__acrt_fenv_abstract_control@@W4__acrt_fenv_machine_sse_control@@@@YA?AW4__acrt_fenv_abstract_control@@W4__acrt_fenv_machine_sse_control@@0W40@1@Z 0000000180053904     libucrtd:_fenvutils.obj
 0004:00002910       $pdata$??$__acrt_fenv_translate_bit@W4__acrt_fenv_abstract_status@@W4__acrt_fenv_machine_sse_status@@@@YA?AW4__acrt_fenv_abstract_status@@W4__acrt_fenv_machine_sse_status@@0W40@1@Z 0000000180053910     libucrtd:_fenvutils.obj
 0004:00002910       $pdata$??$__acrt_fenv_translate_bit@W4__acrt_fenv_machine_sse_status@@W4__acrt_fenv_abstract_status@@@@YA?AW4__acrt_fenv_machine_sse_status@@W4__acrt_fenv_abstract_status@@0W40@1@Z 0000000180053910     libucrtd:_fenvutils.obj
 0004:0000291c       $pdata$??$__acrt_fenv_translate_bit@W4__acrt_fenv_machine_sse_control@@W4__acrt_fenv_abstract_control@@@@YA?AW4__acrt_fenv_machine_sse_control@@W4__acrt_fenv_abstract_control@@0W40@1@Z 000000018005391c     libucrtd:_fenvutils.obj
 0004:00002928       $pdata$??$__acrt_fenv_unshift_bits@W4__acrt_fenv_abstract_control@@@@YA?AW4__acrt_fenv_abstract_control@@W40@0I@Z 0000000180053928     libucrtd:_fenvutils.obj
 0004:00002928       $pdata$??$__acrt_fenv_unshift_bits@W4__acrt_fenv_abstract_status@@@@YA?AW4__acrt_fenv_abstract_status@@W40@0I@Z 0000000180053928     libucrtd:_fenvutils.obj
 0004:00002934       $pdata$??$to_abstract_status@W4__acrt_fenv_machine_sse_status@@@@YA?AW4__acrt_fenv_abstract_status@@W4__acrt_fenv_machine_sse_status@@@Z 0000000180053934     libucrtd:_fenvutils.obj
 0004:00002940       $pdata$??$translate_control_exception_mask@W4__acrt_fenv_abstract_control@@W4__acrt_fenv_machine_sse_control@@@@YA?AW4__acrt_fenv_abstract_control@@W4__acrt_fenv_machine_sse_control@@@Z 0000000180053940     libucrtd:_fenvutils.obj
 0004:0000294c       $pdata$??$translate_control_exception_mask@W4__acrt_fenv_machine_sse_control@@W4__acrt_fenv_abstract_control@@@@YA?AW4__acrt_fenv_machine_sse_control@@W4__acrt_fenv_abstract_control@@@Z 000000018005394c     libucrtd:_fenvutils.obj
 0004:00002958       $pdata$??$translate_control_rounding_control@W4__acrt_fenv_abstract_control@@W4__acrt_fenv_machine_sse_control@@@@YA?AW4__acrt_fenv_abstract_control@@W4__acrt_fenv_machine_sse_control@@@Z 0000000180053958     libucrtd:_fenvutils.obj
 0004:00002964       $pdata$??$translate_control_rounding_control@W4__acrt_fenv_machine_sse_control@@W4__acrt_fenv_abstract_control@@@@YA?AW4__acrt_fenv_machine_sse_control@@W4__acrt_fenv_abstract_control@@@Z 0000000180053964     libucrtd:_fenvutils.obj
 0004:00002970       $pdata$??$translate_status@W4__acrt_fenv_abstract_status@@W4__acrt_fenv_machine_sse_status@@@@YA?AW4__acrt_fenv_abstract_status@@W4__acrt_fenv_machine_sse_status@@@Z 0000000180053970     libucrtd:_fenvutils.obj
 0004:0000297c       $pdata$??$translate_status@W4__acrt_fenv_machine_sse_status@@W4__acrt_fenv_abstract_status@@@@YA?AW4__acrt_fenv_machine_sse_status@@W4__acrt_fenv_abstract_status@@@Z 000000018005397c     libucrtd:_fenvutils.obj
 0004:00002988       $pdata$?__acrt_fenv_shift_abstract_sse_control@@YA?AW4__acrt_fenv_abstract_control@@W41@@Z 0000000180053988     libucrtd:_fenvutils.obj
 0004:00002994       $pdata$?__acrt_fenv_shift_abstract_sse_status@@YA?AW4__acrt_fenv_abstract_status@@W41@@Z 0000000180053994     libucrtd:_fenvutils.obj
 0004:000029a0       $pdata$?__acrt_fenv_unshift_abstract_sse_control@@YA?AW4__acrt_fenv_abstract_control@@W41@@Z 00000001800539a0     libucrtd:_fenvutils.obj
 0004:000029ac       $pdata$?__acrt_fenv_unshift_abstract_sse_status@@YA?AW4__acrt_fenv_abstract_status@@W41@@Z 00000001800539ac     libucrtd:_fenvutils.obj
 0004:000029b8       $pdata$?get_machine_sse_control@@YA?AW4__acrt_fenv_machine_sse_control@@XZ 00000001800539b8     libucrtd:_fenvutils.obj
 0004:000029c4       $pdata$?get_machine_sse_status@@YA?AW4__acrt_fenv_machine_sse_status@@XZ 00000001800539c4     libucrtd:_fenvutils.obj
 0004:000029d0       $pdata$?set_machine_sse_control@@YAXW4__acrt_fenv_machine_sse_control@@@Z 00000001800539d0     libucrtd:_fenvutils.obj
 0004:000029dc       $pdata$?set_machine_sse_status@@YAXW4__acrt_fenv_machine_sse_status@@@Z 00000001800539dc     libucrtd:_fenvutils.obj
 0004:000029e8       $pdata$?to_abstract_control@@YA?AW4__acrt_fenv_abstract_control@@W4__acrt_fenv_machine_sse_control@@@Z 00000001800539e8     libucrtd:_fenvutils.obj
 0004:000029f4       $pdata$?to_machine_sse_control@@YA?AW4__acrt_fenv_machine_sse_control@@W4__acrt_fenv_abstract_control@@@Z 00000001800539f4     libucrtd:_fenvutils.obj
 0004:00002a00       $pdata$?to_machine_sse_status@@YA?AW4__acrt_fenv_machine_sse_status@@W4__acrt_fenv_abstract_status@@@Z 0000000180053a00     libucrtd:_fenvutils.obj
 0004:00002a0c       $pdata$?translate_control_denormal_control_from_sse@@YA?AW4__acrt_fenv_abstract_control@@W4__acrt_fenv_machine_sse_control@@@Z 0000000180053a0c     libucrtd:_fenvutils.obj
 0004:00002a18       $pdata$?translate_control_denormal_control_to_sse@@YA?AW4__acrt_fenv_machine_sse_control@@W4__acrt_fenv_abstract_control@@@Z 0000000180053a18     libucrtd:_fenvutils.obj
 0004:00002a24       $pdata$__acrt_fenv_get_control 0000000180053a24     libucrtd:_fenvutils.obj
 0004:00002a30       $pdata$__acrt_fenv_get_status 0000000180053a30     libucrtd:_fenvutils.obj
 0004:00002a3c       $pdata$__acrt_fenv_set_control 0000000180053a3c     libucrtd:_fenvutils.obj
 0004:00002a48       $pdata$__acrt_fenv_set_status 0000000180053a48     libucrtd:_fenvutils.obj
 0004:00002a54       $pdata$_abstract_sw        0000000180053a54     libucrtd:ieee.obj
 0004:00002a60       $pdata$_clearfp            0000000180053a60     libucrtd:ieee.obj
 0004:00002a6c       $pdata$??$?RV<lambda_53fc7fc888e23d815d7080162c0aeeb2>@@AEAV<lambda_4e7105787b7b0e0227fbf2b2d883fa65>@@V<lambda_8ddc48ad9d26c778cb15812d1d88fc8a>@@@?$__crt_seh_guarded_call@H@@QEAAH$$QEAV<lambda_53fc7fc888e23d815d7080162c0aeeb2>@@AEAV<lambda_4e7105787b7b0e0227fbf2b2d883fa65>@@$$QEAV<lambda_8ddc48ad9d26c778cb15812d1d88fc8a>@@@Z 0000000180053a6c     libucrtd:close.obj
 0004:00002a78       $pdata$??$__acrt_lowio_lock_fh_and_call@V<lambda_4e7105787b7b0e0227fbf2b2d883fa65>@@@@YAHH$$QEAV<lambda_4e7105787b7b0e0227fbf2b2d883fa65>@@@Z 0000000180053a78     libucrtd:close.obj
 0004:00002a84       $pdata$??R<lambda_4e7105787b7b0e0227fbf2b2d883fa65>@@QEBAHXZ 0000000180053a84     libucrtd:close.obj
 0004:00002a90       $pdata$?close_os_handle_nolock@@YAKH@Z 0000000180053a90     libucrtd:close.obj
 0004:00002a9c       $pdata$_close              0000000180053a9c     libucrtd:close.obj
 0004:00002aa8       $pdata$_close_nolock       0000000180053aa8     libucrtd:close.obj
 0004:00002ab4       $pdata$?__acrt_stdio_free_stream@@YAXV__crt_stdio_stream@@@Z 0000000180053ab4     libucrtd:stream.obj
 0004:00002ac0       $pdata$?__c16rtomb_utf8@__crt_mbstring@@YA_KPEAD_SPEAU_Mbstatet@@@Z 0000000180053ac0     libucrtd:c16rtomb.obj
 0004:00002acc       $pdata$?has_surrogate@?A0xc60ee810@@YA_NPEAU_Mbstatet@@@Z 0000000180053acc     libucrtd:c16rtomb.obj
 0004:00002ad8       $pdata$?is_first_surrogate@?A0xc60ee810@@YA_N_S@Z 0000000180053ad8     libucrtd:c16rtomb.obj
 0004:00002ae4       $pdata$?is_second_surrogate@?A0xc60ee810@@YA_N_S@Z 0000000180053ae4     libucrtd:c16rtomb.obj
 0004:00002af0       $pdata$?store_first_surrogate@?A0xc60ee810@@YAX_SPEAU_Mbstatet@@@Z 0000000180053af0     libucrtd:c16rtomb.obj
 0004:00002afc       $pdata$__dcrt_lowio_ensure_console_output_initialized 0000000180053afc     libucrtd:initcon.obj
 0004:00002b08       $pdata$__dcrt_terminate_console_output 0000000180053b08     libucrtd:initcon.obj
 0004:00002b14       $pdata$__dcrt_write_console 0000000180053b14     libucrtd:initcon.obj
 0004:00002b20       $pdata$_FindPESection      0000000180053b20     LIBCMTD:pesect.obj
 0004:00002b2c       $pdata$_IsNonwritableInCurrentImage 0000000180053b2c     LIBCMTD:pesect.obj
 0004:00002b38       $pdata$_ValidateImageBase  0000000180053b38     LIBCMTD:pesect.obj
 0004:00002b44       $pdata$??_Gtype_info@@UEAAPEAXI@Z 0000000180053b44     LIBCMTD:std_type_info_static.obj
 0004:00002b50       $pdata$??3@YAXPEAX_K@Z     0000000180053b50     LIBCMTD:delete_scalar_size.obj
 0004:00002b5c       $pdata$__GSHandlerCheck_SEH 0000000180053b5c     LIBCMTD:gshandlerseh.obj
 0004:00002b74       $pdata$__GSHandlerCheck_EH 0000000180053b74     LIBCMTD:gshandlereh.obj
 0004:00002b80       $pdata$??3@YAXPEAX@Z       0000000180053b80     LIBCMTD:delete_scalar.obj
 0004:00002b98       $pdata$strrchr             0000000180053b98     libvcruntimed:strrchr.obj
 0004:00002bb0       $pdata$?fin$0@?0??dllmain_crt_process_attach@@YAHQEAUHINSTANCE__@@QEAX@Z@4HA 0000000180053bb0     LIBCMTD:dll_dllmain.obj
 0004:00002bbc       $pdata$?fin$0@?0??dllmain_crt_process_detach@@YAH_N@Z@4HA 0000000180053bbc     LIBCMTD:dll_dllmain.obj
 0004:00002bc8       $pdata$?fin$1@?0??dllmain_crt_process_detach@@YAH_N@Z@4HA 0000000180053bc8     LIBCMTD:dll_dllmain.obj
 0004:00002bd4       $pdata$?filt$0@?0??dllmain_dispatch@@YAHQEAUHINSTANCE__@@KQEAX@Z@4HA 0000000180053bd4     LIBCMTD:dll_dllmain.obj
 0004:00002be0       $pdata$__scrt_is_nonwritable_in_current_image$filt$0 0000000180053be0     LIBCMTD:utility.obj
 0004:00002bec       $pdata$__DestructExceptionObject$filt$0 0000000180053bec     libvcruntimed:ehhelpers.obj
 0004:00002bf8       $pdata$?filt$0@?0???$_CallSETranslator@V__FrameHandler3@@@@YAHPEAUEHExceptionRecord@@PEA_KPEAU_CONTEXT@@PEAU_xDISPATCHER_CONTEXT@@PEBU_s_FuncInfo@@K1@Z@4HA 0000000180053bf8     libvcruntimed:risctrnsctrl.obj
 0004:00002c04       $pdata$?filt$0@?0???$BuildCatchObjectHelperInternal@V__FrameHandler3@@@@YAHPEAUEHExceptionRecord@@PEAXPEBU_s_HandlerType@@PEBU_s_CatchableType@@@Z@4HA 0000000180053c04     libvcruntimed:frame.obj
 0004:00002c04       $pdata$?filt$0@?0???$BuildCatchObjectInternal@V__FrameHandler3@@@@YAXPEAUEHExceptionRecord@@PEAXPEBU_s_HandlerType@@PEBU_s_CatchableType@@@Z@4HA 0000000180053c04     libvcruntimed:frame.obj
 0004:00002c04       $pdata$?filt$0@?0??is_bad_read_pointer@@YA_NQEBX_K@Z@4HA 0000000180053c04     libucrtd:debug_heap.obj
 0004:00002c04       $pdata$terminate$filt$0    0000000180053c04     libucrtd:terminate.obj
 0004:00002c10       $pdata$?filt$0@?0??CxxCallCatchBlock@__FrameHandler3@@SAPEAXPEAU_EXCEPTION_RECORD@@@Z@4HA 0000000180053c10     libvcruntimed:frame.obj
 0004:00002c1c       $pdata$?fin$1@?0??CxxCallCatchBlock@__FrameHandler3@@SAPEAXPEAU_EXCEPTION_RECORD@@@Z@4HA 0000000180053c1c     libvcruntimed:frame.obj
 0004:00002c28       $pdata$?filt$0@?0??FrameUnwindToState@__FrameHandler3@@SAXPEA_KPEAU_xDISPATCHER_CONTEXT@@PEBU_s_FuncInfo@@H@Z@4HA 0000000180053c28     libvcruntimed:frame.obj
 0004:00002c34       $pdata$?fin$1@?0??FrameUnwindToState@__FrameHandler3@@SAXPEA_KPEAU_xDISPATCHER_CONTEXT@@PEBU_s_FuncInfo@@H@Z@4HA 0000000180053c34     libvcruntimed:frame.obj
 0004:00002c40       $pdata$?fin$0@?0???$?RV<lambda_0ae27a3a962d80f24befdcbee591983d>@@AEAV<lambda_8d0ee55de4b1038c4002e0adecdf1839>@@V<lambda_dc504788e8f1664fe9b84e20bfb512f2>@@@?$__crt_seh_guarded_call@X@@QEAAX$$QEAV<lambda_0ae27a3a962d80f24befdcbee591983d>@@AEAV<lambda_8d0ee55de4b1038c4002e0adecdf1839>@@$$QEAV<lambda_dc504788e8f1664fe9b84e20bfb512f2>@@@Z@4HA 0000000180053c40     libucrtd:per_thread_data.obj
 0004:00002c40       $pdata$?fin$0@?0???$?RV<lambda_2d41944a1d46af3157314b8a01080d33>@@AEAV<lambda_8f455de75cd7d7f24b4096f044d8b9e6>@@V<lambda_aa500f224e6afead328df44964fe2772>@@@?$__crt_seh_guarded_call@X@@QEAAX$$QEAV<lambda_2d41944a1d46af3157314b8a01080d33>@@AEAV<lambda_8f455de75cd7d7f24b4096f044d8b9e6>@@$$QEAV<lambda_aa500f224e6afead328df44964fe2772>@@@Z@4HA 0000000180053c40     libucrtd:per_thread_data.obj
 0004:00002c40       $pdata$?fin$0@?0???$?RV<lambda_74a0ef281e44d15e1136f792f539efb3>@@AEAV<lambda_e157831efee4ea0afb0a2ace5dd5fd0d>@@V<lambda_04ddeca75b7c13fd67716e8dfcef87ee>@@@?$__crt_seh_guarded_call@X@@QEAAX$$QEAV<lambda_74a0ef281e44d15e1136f792f539efb3>@@AEAV<lambda_e157831efee4ea0afb0a2ace5dd5fd0d>@@$$QEAV<lambda_04ddeca75b7c13fd67716e8dfcef87ee>@@@Z@4HA 0000000180053c40     libucrtd:per_thread_data.obj
 0004:00002c40       $pdata$?fin$0@?0???$?RV<lambda_aa87e3671a710a21b5dc78c0bdf72e11>@@AEAV<lambda_92619d2358a28f41a33ba319515a20b9>@@V<lambda_6992ecaafeb10aed2b74cb1fae11a551>@@@?$__crt_seh_guarded_call@X@@QEAAX$$QEAV<lambda_aa87e3671a710a21b5dc78c0bdf72e11>@@AEAV<lambda_92619d2358a28f41a33ba319515a20b9>@@$$QEAV<lambda_6992ecaafeb10aed2b74cb1fae11a551>@@@Z@4HA 0000000180053c40     libucrtd:per_thread_data.obj
 0004:00002c40       $pdata$?fin$0@?0???$?RV<lambda_410d79af7f07d98d83a3f525b3859a53>@@AEAV<lambda_3e16ef9562a7dcce91392c22ab16ea36>@@V<lambda_38119f0e861e05405d8a144b9b982f0a>@@@?$__crt_seh_guarded_call@X@@QEAAX$$QEAV<lambda_410d79af7f07d98d83a3f525b3859a53>@@AEAV<lambda_3e16ef9562a7dcce91392c22ab16ea36>@@$$QEAV<lambda_38119f0e861e05405d8a144b9b982f0a>@@@Z@4HA 0000000180053c40     libucrtd:wsetlocale.obj
 0004:00002c40       $pdata$?fin$0@?0???$?RV<lambda_efa02eb69bf647d2f7ff0dd6f1103f72>@@AEAV<lambda_bd5a608237428601b7e45fbdc72b1ae8>@@V<lambda_728235dc0fc2b1f82d1fa5b3e7102d8f>@@@?$__crt_seh_guarded_call@X@@QEAAX$$QEAV<lambda_efa02eb69bf647d2f7ff0dd6f1103f72>@@AEAV<lambda_bd5a608237428601b7e45fbdc72b1ae8>@@$$QEAV<lambda_728235dc0fc2b1f82d1fa5b3e7102d8f>@@@Z@4HA 0000000180053c40     libucrtd:mbctype.obj
 0004:00002c40       $pdata$?fin$0@?0???$?RV<lambda_d80eeec6fff315bfe5c115232f3240e3>@@AEAV<lambda_6e4b09c48022b2350581041d5f6b0c4c>@@V<lambda_2358e3775559c9db80273638284d5e45>@@@?$__crt_seh_guarded_call@X@@QEAAX$$QEAV<lambda_d80eeec6fff315bfe5c115232f3240e3>@@AEAV<lambda_6e4b09c48022b2350581041d5f6b0c4c>@@$$QEAV<lambda_2358e3775559c9db80273638284d5e45>@@@Z@4HA 0000000180053c40     libucrtd:exit.obj
 0004:00002c40       $pdata$?fin$0@?0???$?RV<lambda_886d6c58226a84441f68b9f2b8217b83>@@AEAV<lambda_ab61a845afdef5b7c387490eaf3616ee>@@V<lambda_f7f22ab5edc0698d5f6905b0d3f44752>@@@?$__crt_seh_guarded_call@X@@QEAAX$$QEAV<lambda_886d6c58226a84441f68b9f2b8217b83>@@AEAV<lambda_ab61a845afdef5b7c387490eaf3616ee>@@$$QEAV<lambda_f7f22ab5edc0698d5f6905b0d3f44752>@@@Z@4HA 0000000180053c40     libucrtd:fflush.obj
 0004:00002c4c       $pdata$?filt$0@?0???R<lambda_6e4b09c48022b2350581041d5f6b0c4c>@@QEBA@XZ@4HA 0000000180053c4c     libucrtd:exit.obj
 0004:00002c58       $pdata$?fin$0@?0???$?RV<lambda_450d765d439847d4c735a33c368b5fc0>@@AEAV<lambda_44731a7d0e6d81c3e6aa82d741081786>@@V<lambda_601a2a7da3b7a96e9554ac7215c4b07c>@@@?$__crt_seh_guarded_call@P6AXH@Z@@QEAAP6AXH@Z$$QEAV<lambda_450d765d439847d4c735a33c368b5fc0>@@AEAV<lambda_44731a7d0e6d81c3e6aa82d741081786>@@$$QEAV<lambda_601a2a7da3b7a96e9554ac7215c4b07c>@@@Z@4HA 0000000180053c58     libucrtd:signal.obj
 0004:00002c58       $pdata$?fin$0@?0???$?RV<lambda_6a47f4c8fd0152770a780fc1d70204eb>@@AEAV<lambda_d121dba8a4adeaf3a9819e48611155df>@@V<lambda_6aaa2265f5b6a89667e7d7630012e97a>@@@?$__crt_seh_guarded_call@H@@QEAAH$$QEAV<lambda_6a47f4c8fd0152770a780fc1d70204eb>@@AEAV<lambda_d121dba8a4adeaf3a9819e48611155df>@@$$QEAV<lambda_6aaa2265f5b6a89667e7d7630012e97a>@@@Z@4HA 0000000180053c58     libucrtd:onexit.obj
 0004:00002c64       $pdata$?dtor$0@?0???R<lambda_d121dba8a4adeaf3a9819e48611155df>@@QEBAHXZ@4HA 0000000180053c64     libucrtd:onexit.obj
 0004:00002c70       $pdata$?fin$0@?0??heap_alloc_dbg_internal@@YAPEAX_KHQEBDH@Z@4HA 0000000180053c70     libucrtd:debug_heap.obj
 0004:00002c70       $pdata$_CrtMemCheckpoint$fin$0 0000000180053c70     libucrtd:debug_heap.obj
 0004:00002c7c       $pdata$?fin$0@?0??validate_heap_if_required_nolock@@YAXXZ@4HA 0000000180053c7c     libucrtd:debug_heap.obj
 0004:00002c88       $pdata$_CrtCheckMemory$fin$0 0000000180053c88     libucrtd:debug_heap.obj
 0004:00002c88       $pdata$_CrtMemDumpAllObjectsSince$fin$0 0000000180053c88     libucrtd:debug_heap.obj
 0004:00002c88       $pdata$_CrtSetDbgFlag$fin$0 0000000180053c88     libucrtd:debug_heap.obj
 0004:00002c88       $pdata$_msize_dbg$fin$0    0000000180053c88     libucrtd:debug_heap.obj
 0004:00002c88       $pdata$_realloc_dbg$fin$0  0000000180053c88     libucrtd:debug_heap.obj
 0004:00002c94       $pdata$_free_dbg$fin$0     0000000180053c94     libucrtd:debug_heap.obj
 0004:00002c94       $pdata$_query_new_handler$fin$0 0000000180053c94     libucrtd:new_handler.obj
 0004:00002ca0       $pdata$?fin$0@?0??update_thread_multibyte_data_internal@@YAPEAU__crt_multibyte_data@@QEAU__acrt_ptd@@QEAPEAU1@@Z@4HA 0000000180053ca0     libucrtd:mbctype.obj
 0004:00002cac       $pdata$__acrt_initialize_lowio$fin$0 0000000180053cac     libucrtd:ioinit.obj
 0004:00002cb8       $pdata$raise$fin$0         0000000180053cb8     libucrtd:signal.obj
 0004:00002cc4       $pdata$?dtor$0@?0??fp_format_a@@YAHQEBNPEAD_KQEAD2H_NIQEAU__crt_locale_pointers@@@Z@4HA 0000000180053cc4     libucrtd:cvt.obj
 0004:00002cd0       $pdata$_VCrtDbgReportA$fin$0 0000000180053cd0     libucrtd:dbgrptt.obj
 0004:00002cdc       $pdata$_VCrtDbgReportA$fin$1 0000000180053cdc     libucrtd:dbgrptt.obj
 0004:00002ce8       $pdata$_VCrtDbgReportW$fin$0 0000000180053ce8     libucrtd:dbgrptt.obj
 0004:00002cf4       $pdata$_VCrtDbgReportW$fin$1 0000000180053cf4     libucrtd:dbgrptt.obj
 0004:00002d00       $pdata$_ctrlfp$filt$0      0000000180053d00     libucrtd:fpctrl.obj
 0004:00002d0c       $pdata$__acrt_update_thread_locale_data$fin$0 0000000180053d0c     libucrtd:locale_refcounting.obj
 0004:00002d18       $pdata$?dtor$0@?0??shortsort@@YAXPEAD0_KP6AHPEBX2@Z@Z@4HA 0000000180053d18     libucrtd:qsort.obj
 0004:00002d24       $pdata$__acrt_lowio_ensure_fh_exists$fin$0 0000000180053d24     libucrtd:osfinfo.obj
 0004:00002d30       $pdata$?fin$0@?0???$?RV<lambda_842d9ff0dc9ef11c61343bbaebe7f885>@@AEAV<lambda_c5860995281e5c4ce005b3de8f5874ee>@@V<lambda_d90129c13df834fdcbf8d2b88dafcf2d>@@@?$__crt_seh_guarded_call@X@@QEAAX$$QEAV<lambda_842d9ff0dc9ef11c61343bbaebe7f885>@@AEAV<lambda_c5860995281e5c4ce005b3de8f5874ee>@@$$QEAV<lambda_d90129c13df834fdcbf8d2b88dafcf2d>@@@Z@4HA 0000000180053d30     libucrtd:fflush.obj
 0004:00002d3c       $pdata$_fcloseall$fin$0    0000000180053d3c     libucrtd:closeall.obj
 0004:00002d48       $pdata$?dtor$0@?0??_wcstombs_l_helper@@YA_KPEADPEB_W_KPEAU__crt_locale_pointers@@@Z@4HA 0000000180053d48     libucrtd:wcstombs.obj
 0004:00002d54       $pdata$?fin$0@?0???$?RV<lambda_53fc7fc888e23d815d7080162c0aeeb2>@@AEAV<lambda_4e7105787b7b0e0227fbf2b2d883fa65>@@V<lambda_8ddc48ad9d26c778cb15812d1d88fc8a>@@@?$__crt_seh_guarded_call@H@@QEAAH$$QEAV<lambda_53fc7fc888e23d815d7080162c0aeeb2>@@AEAV<lambda_4e7105787b7b0e0227fbf2b2d883fa65>@@$$QEAV<lambda_8ddc48ad9d26c778cb15812d1d88fc8a>@@@Z@4HA 0000000180053d54     libucrtd:close.obj
 0004:00002d54       $pdata$?fin$0@?0???$?RV<lambda_4e3dbe6921bc0b5a1a6bc6573fdc859e>@@AEAV<lambda_5533cddd4bda0037814beee657757329>@@V<lambda_47cffbaa968af5c721c38a4a6f8da44d>@@@?$__crt_seh_guarded_call@H@@QEAAH$$QEAV<lambda_4e3dbe6921bc0b5a1a6bc6573fdc859e>@@AEAV<lambda_5533cddd4bda0037814beee657757329>@@$$QEAV<lambda_47cffbaa968af5c721c38a4a6f8da44d>@@@Z@4HA 0000000180053d54     libucrtd:commit.obj
 0004:00002d60       $pdata$_write$fin$0        0000000180053d60     libucrtd:write.obj
 0004:00002d6c       $pdata$fclose$fin$0        0000000180053d6c     libucrtd:fclose.obj
 0004:00002d78       $pdata$_IsNonwritableInCurrentImage$filt$0 0000000180053d78     LIBCMTD:pesect.obj
 0005:00000000       MoveSmall                  0000000180054000     libvcruntimed:memcpy.obj
 0005:00000050       MsetTab                    0000000180054050     libvcruntimed:memset.obj
