 handmade

 Timestamp is 5e98092f (Thu Apr 16 01:28:47 2020)

 Preferred load address is 0000000180000000

 Start         Length     Name                   Class
 0001:00000000 00037190H .text$mn                CODE
 0001:00037190 00000020H .text$mn$00             CODE
 0001:000371b0 0000067dH .text$x                 CODE
 0002:00000000 00000248H .idata$5                DATA
 0002:00000248 00000010H .00cfg                  DATA
 0002:00000258 00000008H .CRT$XCA                DATA
 0002:00000260 00000008H .CRT$XCZ                DATA
 0002:00000268 00000008H .CRT$XIA                DATA
 0002:00000270 00000018H .CRT$XIC                DATA
 0002:00000288 00000008H .CRT$XIZ                DATA
 0002:00000290 00000008H .CRT$XPA                DATA
 0002:00000298 00000010H .CRT$XPX                DATA
 0002:000002a8 00000008H .CRT$XPXA               DATA
 0002:000002b0 00000008H .CRT$XPZ                DATA
 0002:000002b8 00000008H .CRT$XTA                DATA
 0002:000002c0 00000010H .CRT$XTZ                DATA
 0002:000002c8 00000000H .gfids$y                DATA
 0002:000002d0 00010588H .rdata                  DATA
 0002:00010858 0000016cH .rdata$r                DATA
 0002:000109c4 000002f4H .rdata$zzzdbg           DATA
 0002:00010cb8 00000008H .rtc$IAA                DATA
 0002:00010cc0 00000008H .rtc$IZZ                DATA
 0002:00010cc8 00000008H .rtc$TAA                DATA
 0002:00010cd0 00000010H .rtc$TZZ                DATA
 0002:00010ce0 000010b0H .xdata                  DATA
 0002:00011d90 00000090H .xdata$x                DATA
 0002:00011e20 00000074H .edata                  DATA
 0002:00011e94 00000014H .idata$2                DATA
 0002:00011ea8 00000018H .idata$3                DATA
 0002:00011ec0 00000248H .idata$4                DATA
 0002:00012108 00000554H .idata$6                DATA
 0003:00000000 00000a30H .data                   DATA
 0003:00000a30 00000070H .data$r                 DATA
 0003:00000aa0 00001860H .bss                    DATA
 0004:00000000 00002d54H .pdata                  DATA
 0005:00000000 00000094H _RDATA                  DATA

  Address         Publics by Value              Rva+Base               Lib:Object

 0000:00000000       __guard_longjmp_count      0000000000000000     <absolute>
 0000:00000000       __guard_fids_count         0000000000000000     <absolute>
 0000:00000000       __hybrid_code_map_count    0000000000000000     <absolute>
 0000:00000000       __guard_iat_table          0000000000000000     <absolute>
 0000:00000000       __hybrid_code_map          0000000000000000     <absolute>
 0000:00000000       __guard_iat_count          0000000000000000     <absolute>
 0000:00000000       __volatile_metadata        0000000000000000     <absolute>
 0000:00000000       __guard_longjmp_table      0000000000000000     <absolute>
 0000:00000000       __enclave_config           0000000000000000     <absolute>
 0000:00000000       __AbsoluteZero             0000000000000000     <absolute>
 0000:00000000       ___safe_se_handler_count   0000000000000000     <absolute>
 0000:00000000       ___safe_se_handler_table   0000000000000000     <absolute>
 0000:00000000       __guard_fids_table         0000000000000000     <absolute>
 0000:00000000       __hybrid_auxiliary_iat     0000000000000000     <absolute>
 0000:00000000       __dynamic_value_reloc_table 0000000000000000     <absolute>
 0000:00000100       __guard_flags              0000000000000100     <absolute>
 0000:00000000       __ImageBase                0000000180000000     <linker-defined>
 0001:00000340       GameUpdateAndRender        0000000180001340 f   handmade.obj
 0001:00000640       GameGetSoundSamples        0000000180001640 f   handmade.obj
 0001:00000680       ?GetController@@YAPEAUgame_controller_input@@PEAUgame_input@@H@Z 0000000180001680 f i handmade.obj
 0001:00000ad0       _DllMainCRTStartup         0000000180001ad0 f   LIBCMTD:dll_dllmain.obj
 0001:00000bd0       __security_init_cookie     0000000180001bd0 f   LIBCMTD:gs_support.obj
 0001:00000c50       DllMain                    0000000180001c50 f   LIBCMTD:dll_dllmain_stub.obj
 0001:00000c70       ?__scrt_initialize_type_info@@YAXXZ 0000000180001c70 f   LIBCMTD:tncleanup.obj
 0001:00000c90       ?__scrt_uninitialize_type_info@@YAXXZ 0000000180001c90 f   LIBCMTD:tncleanup.obj
 0001:00000cb0       __local_stdio_printf_options 0000000180001cb0 f i LIBCMTD:default_local_stdio_options.obj
 0001:00000cc0       __local_stdio_scanf_options 0000000180001cc0 f i LIBCMTD:default_local_stdio_options.obj
 0001:00000cd0       __scrt_initialize_default_local_stdio_options 0000000180001cd0 f   LIBCMTD:default_local_stdio_options.obj
 0001:00000d20       ?configure_argv@__scrt_narrow_argv_policy@@SAHXZ 0000000180001d20 f i LIBCMTD:utility.obj
 0001:00000e10       ?initialize_environment@__scrt_narrow_environment_policy@@SAHXZ 0000000180001e10 f i LIBCMTD:utility.obj
 0001:00000eb0       NtCurrentTeb               0000000180001eb0 f i LIBCMTD:utility.obj
 0001:00000ec0       __scrt_acquire_startup_lock 0000000180001ec0 f   LIBCMTD:utility.obj
 0001:00000f30       __scrt_dllmain_after_initialize_c 0000000180001f30 f   LIBCMTD:utility.obj
 0001:00000f60       __scrt_dllmain_before_initialize_c 0000000180001f60 f   LIBCMTD:utility.obj
 0001:00000f80       __scrt_dllmain_crt_thread_attach 0000000180001f80 f   LIBCMTD:utility.obj
 0001:00000fb0       __scrt_dllmain_crt_thread_detach 0000000180001fb0 f   LIBCMTD:utility.obj
 0001:00000fd0       __scrt_dllmain_exception_filter 0000000180001fd0 f   LIBCMTD:utility.obj
 0001:00001040       __scrt_dllmain_uninitialize_c 0000000180002040 f   LIBCMTD:utility.obj
 0001:00001070       __scrt_dllmain_uninitialize_critical 0000000180002070 f   LIBCMTD:utility.obj
 0001:00001090       __scrt_initialize_crt      0000000180002090 f   LIBCMTD:utility.obj
 0001:000010e0       __scrt_initialize_onexit_tables 00000001800020e0 f   LIBCMTD:utility.obj
 0001:000011f0       __scrt_is_nonwritable_in_current_image 00000001800021f0 f   LIBCMTD:utility.obj
 0001:00001280       __scrt_release_startup_lock 0000000180002280 f   LIBCMTD:utility.obj
 0001:000012b0       __scrt_uninitialize_crt    00000001800022b0 f   LIBCMTD:utility.obj
 0001:000012f0       __scrt_get_dyn_tls_init_callback 00000001800022f0 f   LIBCMTD:dyn_tls_init.obj
 0001:00001300       __crt_debugger_hook        0000000180002300 f   LIBCMTD:utility_desktop.obj
 0001:00001310       __scrt_fastfail            0000000180002310 f   LIBCMTD:utility_desktop.obj
 0001:000014b0       _RTC_Initialize            00000001800024b0 f   LIBCMTD:initsect.obj
 0001:00001500       _RTC_Terminate             0000000180002500 f   LIBCMTD:initsect.obj
 0001:00001550       ??1scoped_global_state_reset@__crt_state_management@@QEAA@XZ 0000000180002550 f i libucrtd:onexit.obj
 0001:00001550       ??1?$__crt_simd_cleanup_guard@$0A@@@QEAA@XZ 0000000180002550 f i libucrtd:strnlen.obj
 0001:00001550       _guard_check_icall_nop     0000000180002550 f i LIBCMTD:guard_support.obj
 0001:00001560       ReadNoFence64              0000000180002560 f i LIBCMTD:guard_support.obj
 0001:00001560       ?__crt_interlocked_read_64@@YA_JPED_J@Z 0000000180002560 f i libvcruntimed:std_type_info.obj
 0001:00001580       ??$__crt_interlocked_read_pointer@X@@YAPEAXPEDSEAX@Z 0000000180002580 f i libvcruntimed:winapi_downlevel.obj
 0001:00001580       ReadPointerNoFence         0000000180002580 f i LIBCMTD:guard_support.obj
 0001:00001580       ??$__crt_interlocked_read_pointer@UHINSTANCE__@@@@YAPEAUHINSTANCE__@@PEDSEAU0@@Z 0000000180002580 f i libvcruntimed:winapi_downlevel.obj
 0001:000015a0       _guard_icall_checks_enforced 00000001800025a0 f i LIBCMTD:guard_support.obj
 0001:000015e0       __isa_available_init       00000001800025e0 f   LIBCMTD:cpu_disp.obj
 0001:00001960       _get_startup_argv_mode     0000000180002960 f   LIBCMTD:argv_mode.obj
 0001:00001970       __scrt_is_ucrt_dll_in_use  0000000180002970 f   LIBCMTD:ucrt_detection.obj
 0001:000019a0       __GSHandlerCheck           00000001800029a0 f   LIBCMTD:gshandler.obj
 0001:000019e0       __GSHandlerCheckCommon     00000001800029e0 f   LIBCMTD:gshandler.obj
 0001:00001af0       __security_check_cookie    0000000180002af0 f   LIBCMTD:amdsecgs.obj
 0001:00001b20       __raise_securityfailure    0000000180002b20 f   LIBCMTD:gs_report.obj
 0001:00001b60       __report_gsfailure         0000000180002b60 f   LIBCMTD:gs_report.obj
 0001:00001c40       __report_rangecheckfailure 0000000180002c40 f   LIBCMTD:gs_report.obj
 0001:00001c60       __report_securityfailure   0000000180002c60 f   LIBCMTD:gs_report.obj
 0001:00001e52       IsProcessorFeaturePresent  0000000180002e52 f   kernel32:KERNEL32.dll
 0001:00001e60       __C_specific_handler       0000000180002e60 f   libvcruntimed:riscchandler.obj
 0001:000022d0       ??$?RU__crt_multibyte_data@@@__crt_internal_free_policy@@QEBAXQEBU__crt_multibyte_data@@@Z 00000001800032d0 f i libucrtd:mbctype.obj
 0001:000022d0       ??$?RPEAD@__crt_internal_free_policy@@QEBAXQEBQEAD@Z 00000001800032d0 f i libucrtd:argv_parsing.obj
 0001:000022d0       ??$?RU__crt_lowio_handle_data@@@__crt_internal_free_policy@@QEBAXQEBU__crt_lowio_handle_data@@@Z 00000001800032d0 f i libucrtd:osfinfo.obj
 0001:000022d0       ??$?RE@__crt_internal_free_policy@@QEBAXQEBE@Z 00000001800032d0 f i libucrtd:argv_parsing.obj
 0001:000022d0       ??$?RU__vcrt_ptd@@@__crt_internal_free_policy@@QEBAXQEBU__vcrt_ptd@@@Z 00000001800032d0 f i libvcruntimed:per_thread_data.obj
 0001:000022d0       ??$?RU__acrt_ptd@@@__crt_internal_free_policy@@QEBAXQEBU__acrt_ptd@@@Z 00000001800032d0 f i libucrtd:per_thread_data.obj
 0001:000022d0       ??$?RPEAU__crt_stdio_stream_data@@@__crt_internal_free_policy@@QEBAXQEBQEAU__crt_stdio_stream_data@@@Z 00000001800032d0 f i libucrtd:_file.obj
 0001:000022d0       ??$?RD@__crt_internal_free_policy@@QEBAXQEBD@Z 00000001800032d0 f i libvcruntimed:std_type_info.obj
 0001:00002300       ??0?$__crt_unique_heap_ptr@PEADU__crt_internal_free_policy@@@@QEAA@QEAPEAD@Z 0000000180003300 f i libucrtd:argv_parsing.obj
 0001:00002300       ??0?$__crt_scoped_stack_ptr_tag@_W@@QEAA@QEA_W@Z 0000000180003300 f i libucrtd:getstringtypea.obj
 0001:00002300       ??0?$__crt_unique_heap_ptr@DU__crt_internal_free_policy@@@@QEAA@QEAD@Z 0000000180003300 f i libvcruntimed:std_type_info.obj
 0001:00002300       ??0?$__crt_unique_handle_t@U__crt_hmodule_traits@@@@QEAA@QEAUHINSTANCE__@@@Z 0000000180003300 f i libucrtd:exit.obj
 0001:00002300       ??0__crt_stdio_stream@@QEAA@QEAU_iobuf@@@Z 0000000180003300 f i libucrtd:output.obj
 0001:00002300       ??0?$string_output_adapter@D@__crt_stdio_output@@QEAA@QEAU?$string_output_adapter_context@D@1@@Z 0000000180003300 f i libucrtd:output.obj
 0001:00002300       ??0?$__crt_unique_heap_ptr@U__crt_lowio_handle_data@@U__crt_internal_free_policy@@@@QEAA@QEAU__crt_lowio_handle_data@@@Z 0000000180003300 f i libucrtd:osfinfo.obj
 0001:00002300       ??0?$__crt_scoped_stack_ptr@_W@@QEAA@U?$__crt_scoped_stack_ptr_tag@_W@@@Z 0000000180003300 f i libucrtd:getstringtypea.obj
 0001:00002300       ??0?$__crt_unique_handle_t@U__crt_findfile_traits@@@@QEAA@QEAX@Z 0000000180003300 f i libucrtd:argv_wildcards.obj
 0001:00002300       ??0?$__crt_unique_heap_ptr@U__vcrt_ptd@@U__crt_internal_free_policy@@@@QEAA@QEAU__vcrt_ptd@@@Z 0000000180003300 f i libvcruntimed:per_thread_data.obj
 0001:00002300       ??0?$__crt_unique_heap_ptr@EU__crt_internal_free_policy@@@@QEAA@QEAE@Z 0000000180003300 f i libucrtd:argv_parsing.obj
 0001:00002300       ??0?$__crt_unique_heap_ptr@PEAU__crt_stdio_stream_data@@U__crt_internal_free_policy@@@@QEAA@QEAPEAU__crt_stdio_stream_data@@@Z 0000000180003300 f i libucrtd:_file.obj
 0001:00002300       ??0__crt_stdio_stream@@QEAA@QEAU__crt_stdio_stream_data@@@Z 0000000180003300 f i libucrtd:fflush.obj
 0001:00002300       ??0?$string_output_adapter@_W@__crt_stdio_output@@QEAA@QEAU?$string_output_adapter_context@_W@1@@Z 0000000180003300 f i libucrtd:output.obj
 0001:00002300       ??0?$__crt_unique_heap_ptr@U__acrt_ptd@@U__crt_internal_free_policy@@@@QEAA@QEAU__acrt_ptd@@@Z 0000000180003300 f i libucrtd:per_thread_data.obj
 0001:00002300       ??0?$__crt_unique_heap_ptr@DU__crt_public_free_policy@@@@QEAA@QEAD@Z 0000000180003300 f i libvcruntimed:std_exception.obj
 0001:00002300       ??0?$__crt_unique_heap_ptr@U__crt_multibyte_data@@U__crt_internal_free_policy@@@@QEAA@QEAU__crt_multibyte_data@@@Z 0000000180003300 f i libucrtd:mbctype.obj
 0001:00002320       ??1?$__crt_unique_heap_ptr@PEADU__crt_internal_free_policy@@@@QEAA@XZ 0000000180003320 f i libucrtd:argv_parsing.obj
 0001:00002320       ??1?$__crt_unique_heap_ptr@U__crt_multibyte_data@@U__crt_internal_free_policy@@@@QEAA@XZ 0000000180003320 f i libucrtd:mbctype.obj
 0001:00002320       ??1?$__crt_unique_heap_ptr@EU__crt_internal_free_policy@@@@QEAA@XZ 0000000180003320 f i libucrtd:argv_parsing.obj
 0001:00002320       ??1?$__crt_unique_heap_ptr@PEAU__crt_stdio_stream_data@@U__crt_internal_free_policy@@@@QEAA@XZ 0000000180003320 f i libucrtd:_file.obj
 0001:00002320       ??1?$__crt_unique_heap_ptr@U__acrt_ptd@@U__crt_internal_free_policy@@@@QEAA@XZ 0000000180003320 f i libucrtd:per_thread_data.obj
 0001:00002320       ??1?$__crt_unique_heap_ptr@U__vcrt_ptd@@U__crt_internal_free_policy@@@@QEAA@XZ 0000000180003320 f i libvcruntimed:per_thread_data.obj
 0001:00002320       ??1?$__crt_unique_heap_ptr@U__crt_lowio_handle_data@@U__crt_internal_free_policy@@@@QEAA@XZ 0000000180003320 f i libucrtd:osfinfo.obj
 0001:00002320       ??1?$__crt_unique_heap_ptr@DU__crt_internal_free_policy@@@@QEAA@XZ 0000000180003320 f i libvcruntimed:std_type_info.obj
 0001:00002340       ??B?$__crt_unique_heap_ptr@U__acrt_ptd@@U__crt_internal_free_policy@@@@QEBA_NXZ 0000000180003340 f i libucrtd:per_thread_data.obj
 0001:00002340       ??B?$__crt_unique_heap_ptr@U__vcrt_ptd@@U__crt_internal_free_policy@@@@QEBA_NXZ 0000000180003340 f i libvcruntimed:per_thread_data.obj
 0001:00002340       ??B?$__crt_unique_heap_ptr@EU__crt_internal_free_policy@@@@QEBA_NXZ 0000000180003340 f i libucrtd:argv_parsing.obj
 0001:00002340       ??B?$__crt_unique_heap_ptr@U__crt_multibyte_data@@U__crt_internal_free_policy@@@@QEBA_NXZ 0000000180003340 f i libucrtd:mbctype.obj
 0001:00002340       ??B?$__crt_unique_heap_ptr@DU__crt_internal_free_policy@@@@QEBA_NXZ 0000000180003340 f i libvcruntimed:std_type_info.obj
 0001:00002340       ??B?$__crt_unique_heap_ptr@DU__crt_public_free_policy@@@@QEBA_NXZ 0000000180003340 f i libvcruntimed:std_exception.obj
 0001:00002340       ??B?$__crt_unique_heap_ptr@U__crt_lowio_handle_data@@U__crt_internal_free_policy@@@@QEBA_NXZ 0000000180003340 f i libucrtd:osfinfo.obj
 0001:00002360       ?get@?$__crt_unique_handle_t@U__crt_findfile_traits@@@@QEBAPEAXXZ 0000000180003360 f i libucrtd:argv_wildcards.obj
 0001:00002360       ?get@?$__crt_unique_heap_ptr@DU__crt_internal_free_policy@@@@QEBAPEADXZ 0000000180003360 f i libvcruntimed:std_type_info.obj
 0001:00002360       ?get@?$__crt_unique_handle_t@U__crt_hmodule_traits@@@@QEBAPEAUHINSTANCE__@@XZ 0000000180003360 f i libucrtd:exit.obj
 0001:00002360       ?save_state@?$c_string_character_source@_W@__crt_strtox@@QEBAPEB_WXZ 0000000180003360 f i libucrtd:atox.obj
 0001:00002360       ?get@?$__crt_unique_heap_ptr@U__acrt_ptd@@U__crt_internal_free_policy@@@@QEBAPEAU__acrt_ptd@@XZ 0000000180003360 f i libucrtd:per_thread_data.obj
 0001:00002360       ?get@?$__crt_scoped_stack_ptr@_W@@QEBAPEA_WXZ 0000000180003360 f i libucrtd:getstringtypea.obj
 0001:00002360       ?save_state@?$c_string_character_source@D@__crt_strtox@@QEBAPEBDXZ 0000000180003360 f i libucrtd:atox.obj
 0001:00002360       ?public_stream@__crt_stdio_stream@@QEBAPEAU_iobuf@@XZ 0000000180003360 f i libucrtd:output.obj
 0001:00002360       ?get@?$__crt_unique_heap_ptr@U__vcrt_ptd@@U__crt_internal_free_policy@@@@QEBAPEAU__vcrt_ptd@@XZ 0000000180003360 f i libvcruntimed:per_thread_data.obj
 0001:00002360       ??C__crt_stdio_stream@@QEBAPEAU__crt_stdio_stream_data@@XZ 0000000180003360 f i libucrtd:output.obj
 0001:00002360       ?get@?$__crt_unique_heap_ptr@U__crt_multibyte_data@@U__crt_internal_free_policy@@@@QEBAPEAU__crt_multibyte_data@@XZ 0000000180003360 f i libucrtd:mbctype.obj
 0001:00002360       ?get@?$__crt_unique_heap_ptr@PEADU__crt_internal_free_policy@@@@QEBAPEAPEADXZ 0000000180003360 f i libucrtd:argv_parsing.obj
 0001:00002360       ?get@?$__crt_unique_heap_ptr@EU__crt_internal_free_policy@@@@QEBAPEAEXZ 0000000180003360 f i libucrtd:argv_parsing.obj
 0001:00002360       ?get@?$__crt_unique_heap_ptr@U__crt_lowio_handle_data@@U__crt_internal_free_policy@@@@QEBAPEAU__crt_lowio_handle_data@@XZ 0000000180003360 f i libucrtd:osfinfo.obj
 0001:00002360       ?get@?$__crt_unique_heap_ptr@DU__crt_public_free_policy@@@@QEBAPEADXZ 0000000180003360 f i libvcruntimed:std_exception.obj
 0001:00002370       ?is_valid@?$__crt_unique_heap_ptr@U__crt_lowio_handle_data@@U__crt_internal_free_policy@@@@QEBA_NXZ 0000000180003370 f i libucrtd:osfinfo.obj
 0001:00002370       ?is_valid@?$__crt_unique_heap_ptr@DU__crt_internal_free_policy@@@@QEBA_NXZ 0000000180003370 f i libvcruntimed:std_type_info.obj
 0001:00002370       ?is_valid@?$__crt_unique_heap_ptr@U__acrt_ptd@@U__crt_internal_free_policy@@@@QEBA_NXZ 0000000180003370 f i libucrtd:per_thread_data.obj
 0001:00002370       ?is_valid@?$__crt_unique_heap_ptr@EU__crt_internal_free_policy@@@@QEBA_NXZ 0000000180003370 f i libucrtd:argv_parsing.obj
 0001:00002370       ?is_valid@?$__crt_unique_heap_ptr@U__crt_multibyte_data@@U__crt_internal_free_policy@@@@QEBA_NXZ 0000000180003370 f i libucrtd:mbctype.obj
 0001:00002370       ??B?$__crt_scoped_stack_ptr@_W@@QEBA_NXZ 0000000180003370 f i libucrtd:lcmapstringa.obj
 0001:00002370       ?is_valid@?$__crt_unique_heap_ptr@DU__crt_public_free_policy@@@@QEBA_NXZ 0000000180003370 f i libvcruntimed:std_exception.obj
 0001:00002370       ?valid@__crt_stdio_stream@@QEBA_NXZ 0000000180003370 f i libucrtd:output.obj
 0001:00002370       ?is_valid@?$__crt_unique_heap_ptr@U__vcrt_ptd@@U__crt_internal_free_policy@@@@QEBA_NXZ 0000000180003370 f i libvcruntimed:per_thread_data.obj
 0001:000023a0       ?release@?$__crt_unique_heap_ptr@EU__crt_internal_free_policy@@@@QEAAXXZ 00000001800033a0 f i libucrtd:argv_parsing.obj
 0001:000023a0       ?release@?$__crt_unique_heap_ptr@U__vcrt_ptd@@U__crt_internal_free_policy@@@@QEAAXXZ 00000001800033a0 f i libvcruntimed:per_thread_data.obj
 0001:000023a0       ?release@?$__crt_unique_heap_ptr@PEAU__crt_stdio_stream_data@@U__crt_internal_free_policy@@@@QEAAXXZ 00000001800033a0 f i libucrtd:_file.obj
 0001:000023a0       ?release@?$__crt_unique_heap_ptr@U__acrt_ptd@@U__crt_internal_free_policy@@@@QEAAXXZ 00000001800033a0 f i libucrtd:per_thread_data.obj
 0001:000023a0       ?release@?$__crt_unique_heap_ptr@DU__crt_internal_free_policy@@@@QEAAXXZ 00000001800033a0 f i libvcruntimed:std_type_info.obj
 0001:000023a0       ?release@?$__crt_unique_heap_ptr@PEADU__crt_internal_free_policy@@@@QEAAXXZ 00000001800033a0 f i libucrtd:argv_parsing.obj
 0001:000023a0       ?release@?$__crt_unique_heap_ptr@U__crt_lowio_handle_data@@U__crt_internal_free_policy@@@@QEAAXXZ 00000001800033a0 f i libucrtd:osfinfo.obj
 0001:000023a0       ?release@?$__crt_unique_heap_ptr@U__crt_multibyte_data@@U__crt_internal_free_policy@@@@QEAAXXZ 00000001800033a0 f i libucrtd:mbctype.obj
 0001:000023d0       __std_type_info_compare    00000001800033d0 f   libvcruntimed:std_type_info.obj
 0001:00002410       __std_type_info_destroy_list 0000000180003410 f   libvcruntimed:std_type_info.obj
 0001:00002470       __vcrt_initialize          0000000180003470 f   libvcruntimed:initialization.obj
 0001:000024b0       __vcrt_thread_attach       00000001800034b0 f   libvcruntimed:initialization.obj
 0001:000024d0       __vcrt_thread_detach       00000001800034d0 f   libvcruntimed:initialization.obj
 0001:000024f0       __vcrt_uninitialize        00000001800034f0 f   libvcruntimed:initialization.obj
 0001:00002510       __vcrt_uninitialize_critical 0000000180003510 f   libvcruntimed:initialization.obj
 0001:00002530       __DestructExceptionObject  0000000180003530 f   libvcruntimed:ehhelpers.obj
 0001:00002630       ?_CallMemberFunction0@@YAXQEAX0@Z 0000000180003630 f i libvcruntimed:ehhelpers.obj
 0001:00002700       _IsExceptionObjectToBeDestroyed 0000000180003700 f   libvcruntimed:ehhelpers.obj
 0001:00002750       __AdjustPointer            0000000180003750 f   libvcruntimed:ehhelpers.obj
 0001:000027d0       __FrameUnwindFilter        00000001800037d0 f   libvcruntimed:ehhelpers.obj
 0001:00002890       _NLG_Notify                0000000180003890 f   libvcruntimed:notify.obj
 0001:000028b0       __NLG_Dispatch2            00000001800038b0 f   libvcruntimed:notify.obj
 0001:000028c0       __NLG_Return2              00000001800038c0 f   libvcruntimed:notify.obj
 0001:000028d0       __except_validate_context_record 00000001800038d0 f   libvcruntimed:jbcxrval.obj
 0001:00002930       _vsprintf_s_l              0000000180003930 f i libvcruntimed:undname.obj
 0001:000029a0       sprintf_s                  00000001800039a0 f i libvcruntimed:undname.obj
 0001:00002a40       ?detach@?$__crt_unique_heap_ptr@PEADU__crt_internal_free_policy@@@@QEAAPEAPEADXZ 0000000180003a40 f i libucrtd:argv_parsing.obj
 0001:00002a40       ?detach@?$__crt_unique_heap_ptr@EU__crt_internal_free_policy@@@@QEAAPEAEXZ 0000000180003a40 f i libucrtd:argv_parsing.obj
 0001:00002a40       ?detach@?$__crt_unique_heap_ptr@PEAU__crt_stdio_stream_data@@U__crt_internal_free_policy@@@@QEAAPEAPEAU__crt_stdio_stream_data@@XZ 0000000180003a40 f i libucrtd:_file.obj
 0001:00002a40       ?detach@?$__crt_unique_heap_ptr@U__vcrt_ptd@@U__crt_internal_free_policy@@@@QEAAPEAU__vcrt_ptd@@XZ 0000000180003a40 f i libvcruntimed:per_thread_data.obj
 0001:00002a40       ?detach@?$__crt_unique_heap_ptr@U__crt_lowio_handle_data@@U__crt_internal_free_policy@@@@QEAAPEAU__crt_lowio_handle_data@@XZ 0000000180003a40 f i libucrtd:osfinfo.obj
 0001:00002a40       ?detach@?$__crt_unique_heap_ptr@DU__crt_public_free_policy@@@@QEAAPEADXZ 0000000180003a40 f i libvcruntimed:std_exception.obj
 0001:00002a40       ?detach@?$__crt_unique_heap_ptr@U__crt_multibyte_data@@U__crt_internal_free_policy@@@@QEAAPEAU__crt_multibyte_data@@XZ 0000000180003a40 f i libucrtd:mbctype.obj
 0001:00002a40       ?detach@?$__crt_unique_heap_ptr@U__acrt_ptd@@U__crt_internal_free_policy@@@@QEAAPEAU__acrt_ptd@@XZ 0000000180003a40 f i libucrtd:per_thread_data.obj
 0001:00002ab0       __vcrt_freefls             0000000180003ab0 f   libvcruntimed:per_thread_data.obj
 0001:00002af0       __vcrt_freeptd             0000000180003af0 f   libvcruntimed:per_thread_data.obj
 0001:00002b50       __vcrt_getptd              0000000180003b50 f   libvcruntimed:per_thread_data.obj
 0001:00002b80       __vcrt_getptd_noexit       0000000180003b80 f   libvcruntimed:per_thread_data.obj
 0001:00002d20       __vcrt_initialize_ptd      0000000180003d20 f   libvcruntimed:per_thread_data.obj
 0001:00002d70       __vcrt_uninitialize_ptd    0000000180003d70 f   libvcruntimed:per_thread_data.obj
 0001:00002da0       __vcrt_initialize_locks    0000000180003da0 f   libvcruntimed:locks.obj
 0001:00002e10       __vcrt_uninitialize_locks  0000000180003e10 f   libvcruntimed:locks.obj
 0001:00002e80       memcpy_repmovs             0000000180003e80 f   libvcruntimed:memcpy.obj
 0001:00002ea0       memmove                    0000000180003ea0 f   libvcruntimed:memcpy.obj
 0001:00002ea0       memcpy                     0000000180003ea0 f   libvcruntimed:memcpy.obj
 0001:00003280       ??$?0AEAViterator@TryBlockMap@__FrameHandler3@@AEAV012@$0A@@?$pair@Viterator@TryBlockMap@__FrameHandler3@@V123@@std@@QEAA@AEAViterator@TryBlockMap@__FrameHandler3@@0@Z 0000000180004280 f i libvcruntimed:risctrnsctrl.obj
 0001:00003390       ??$_CallSETranslator@V__FrameHandler3@@@@YAHPEAUEHExceptionRecord@@PEA_KPEAU_CONTEXT@@PEAU_xDISPATCHER_CONTEXT@@PEBU_s_FuncInfo@@K1@Z 0000000180004390 f i libvcruntimed:risctrnsctrl.obj
 0001:00003420       ?debug_info@?$__crt_win32_buffer@DU__crt_win32_buffer_internal_dynamic_resizing@@@@QEBAAEBV__crt_win32_buffer_empty_debug_info@@XZ 0000000180004420 f i libucrtd:argv_wildcards.obj
 0001:00003420       ?dangerous_get_state_array@?$dual_state_global@PEAE@__crt_state_management@@QEAAPEAPEAEXZ 0000000180004420 f i libucrtd:mbctype.obj
 0001:00003420       ?dangerous_get_state_array@?$dual_state_global@PEAU__crt_multibyte_data@@@__crt_state_management@@QEAAPEAPEAU__crt_multibyte_data@@XZ 0000000180004420 f i libucrtd:mbctype.obj
 0001:00003420       ?get_address_of@?$__crt_unique_handle_t@U__crt_hmodule_traits@@@@QEAAPEAPEAUHINSTANCE__@@XZ 0000000180004420 f i libucrtd:exit.obj
 0001:00003420       ?debug_info@?$__crt_win32_buffer@DU__crt_win32_buffer_no_resizing@@@@QEBAAEBV__crt_win32_buffer_empty_debug_info@@XZ 0000000180004420 f i libucrtd:getmodulefilenamea.obj
 0001:00003420       ?debug_info@?$__crt_win32_buffer@_WU__crt_win32_buffer_internal_dynamic_resizing@@@@QEBAAEBV__crt_win32_buffer_empty_debug_info@@XZ 0000000180004420 f i libucrtd:argv_wildcards.obj
 0001:00003420       ?get_address_of@?$__crt_unique_heap_ptr@PEADU__crt_internal_free_policy@@@@QEAAPEAPEAPEADXZ 0000000180004420 f i libucrtd:argv_parsing.obj
 0001:00003420       ??$forward@AEAViterator@TryBlockMap@__FrameHandler3@@@std@@YAAEAViterator@TryBlockMap@__FrameHandler3@@AEAV123@@Z 0000000180004420 f i libvcruntimed:risctrnsctrl.obj
 0001:00003420       ?dangerous_get_state_array@?$dual_state_global@PEAU__crt_locale_data@@@__crt_state_management@@QEAAPEAPEAU__crt_locale_data@@XZ 0000000180004420 f i libucrtd:per_thread_data.obj
 0001:00003420       ?dangerous_get_state_array@?$dual_state_global@P6AXPEB_W00I_K@Z@__crt_state_management@@QEAAPEAP6AXPEB_W00I_K@ZXZ 0000000180004420 f i libucrtd:invalid_parameter.obj
 0001:00003430       ??0iterator@HandlerMap@__FrameHandler3@@QEAA@AEAV12@I@Z 0000000180004430 f i libvcruntimed:frame.obj
 0001:00003430       ??0iterator@TryBlockMap@__FrameHandler3@@QEAA@AEAV12@I@Z 0000000180004430 f i libvcruntimed:risctrnsctrl.obj
 0001:00003460       ?CatchTryBlock@__FrameHandler3@@SAPEBU_s_TryBlockMapEntry@@PEBU_s_FuncInfo@@H@Z 0000000180004460 f   libvcruntimed:risctrnsctrl.obj
 0001:000034f0       ?ExecutionInCatch@__FrameHandler3@@SA_NPEAU_xDISPATCHER_CONTEXT@@PEBU_s_FuncInfo@@@Z 00000001800044f0 f   libvcruntimed:risctrnsctrl.obj
 0001:00003540       ?FrameUnwindToEmptyState@__FrameHandler3@@SAXPEA_KPEAU_xDISPATCHER_CONTEXT@@PEBU_s_FuncInfo@@@Z 0000000180004540 f   libvcruntimed:risctrnsctrl.obj
 0001:000035e0       ?GetEstablisherFrame@__FrameHandler3@@SAPEA_KPEA_KPEAU_xDISPATCHER_CONTEXT@@PEBU_s_FuncInfo@@0@Z 00000001800045e0 f   libvcruntimed:risctrnsctrl.obj
 0001:00003750       ?GetRangeOfTrysToCheck@__FrameHandler3@@SA?AU?$pair@Viterator@TryBlockMap@__FrameHandler3@@V123@@std@@AEAVTryBlockMap@1@HPEAU_xDISPATCHER_CONTEXT@@PEBU_s_FuncInfo@@H@Z 0000000180004750 f   libvcruntimed:risctrnsctrl.obj
 0001:00003990       ?UnwindNestedFrames@__FrameHandler3@@SAXPEA_KPEAUEHExceptionRecord@@PEAU_CONTEXT@@0PEAXPEBU_s_FuncInfo@@HHPEBU_s_HandlerType@@PEAU_xDISPATCHER_CONTEXT@@E@Z 0000000180004990 f   libvcruntimed:risctrnsctrl.obj
 0001:00003b00       _CreateFrameInfo           0000000180004b00 f   libvcruntimed:risctrnsctrl.obj
 0001:00003b70       _FindAndUnlinkFrame        0000000180004b70 f   libvcruntimed:risctrnsctrl.obj
 0001:00003bf0       _GetImageBase              0000000180004bf0 f   libvcruntimed:risctrnsctrl.obj
 0001:00003c10       _GetThrowImageBase         0000000180004c10 f   libvcruntimed:risctrnsctrl.obj
 0001:00003c30       _SetImageBase              0000000180004c30 f   libvcruntimed:risctrnsctrl.obj
 0001:00003c50       _SetThrowImageBase         0000000180004c50 f   libvcruntimed:risctrnsctrl.obj
 0001:00003c70       __CxxFrameHandler3         0000000180004c70 f   libvcruntimed:risctrnsctrl.obj
 0001:00003d50       ??$__crt_interlocked_exchange_pointer@UHINSTANCE__@@PEAU1@@@YAPEAUHINSTANCE__@@PEDSEAU0@QEAU0@@Z 0000000180004d50 f i libvcruntimed:winapi_downlevel.obj
 0001:00003d50       ??$__crt_interlocked_exchange_pointer@XPEAX@@YAPEAXPEDSEAXQEAX@Z 0000000180004d50 f i libvcruntimed:winapi_downlevel.obj
 0001:00003d50       ??$__crt_interlocked_exchange_pointer@UHINSTANCE__@@PEAX@@YAPEAUHINSTANCE__@@PEDSEAU0@QEAX@Z 0000000180004d50 f i libvcruntimed:winapi_downlevel.obj
 0001:00003d70       ?get_invalid_value@__crt_findfile_traits@@SAPEAXXZ 0000000180004d70 f   libucrtd:argv_wildcards.obj
 0001:00004260       __vcrt_FlsAlloc            0000000180005260 f   libvcruntimed:winapi_downlevel.obj
 0001:000042b0       __vcrt_FlsFree             00000001800052b0 f   libvcruntimed:winapi_downlevel.obj
 0001:00004300       __vcrt_FlsGetValue         0000000180005300 f   libvcruntimed:winapi_downlevel.obj
 0001:00004350       __vcrt_FlsSetValue         0000000180005350 f   libvcruntimed:winapi_downlevel.obj
 0001:000043b0       __vcrt_InitializeCriticalSectionEx 00000001800053b0 f   libvcruntimed:winapi_downlevel.obj
 0001:00004420       ?GetCurrentState@__FrameHandler3@@SAHPEA_KPEAU_xDISPATCHER_CONTEXT@@PEBU_s_FuncInfo@@@Z 0000000180005420 f   libvcruntimed:ehstate.obj
 0001:00004480       ?GetUnwindTryBlock@__FrameHandler3@@SAHPEA_KPEAU_xDISPATCHER_CONTEXT@@PEBU_s_FuncInfo@@@Z 0000000180005480 f   libvcruntimed:ehstate.obj
 0001:000044d0       ?SetState@__FrameHandler3@@SAXPEA_KPEBU_s_FuncInfo@@H@Z 00000001800054d0 f   libvcruntimed:ehstate.obj
 0001:00004500       ?SetUnwindTryBlock@__FrameHandler3@@SAXPEA_KPEAU_xDISPATCHER_CONTEXT@@PEBU_s_FuncInfo@@H@Z 0000000180005500 f   libvcruntimed:ehstate.obj
 0001:00004570       ?StateFromControlPc@__FrameHandler3@@SAHPEBU_s_FuncInfo@@PEAU_xDISPATCHER_CONTEXT@@@Z 0000000180005570 f   libvcruntimed:ehstate.obj
 0001:000045b0       ?StateFromIp@__FrameHandler3@@SAHPEBU_s_FuncInfo@@PEAU_xDISPATCHER_CONTEXT@@_K@Z 00000001800055b0 f   libvcruntimed:ehstate.obj
 0001:000046a0       ?__RVAtoRealOffset@@YA_KPEAU_xDISPATCHER_CONTEXT@@H@Z 00000001800056a0 f i libvcruntimed:ehstate.obj
 0001:00005870       ??$TypeMatchHelper@V__FrameHandler3@@@@YAHPEBU_s_HandlerType@@PEBU_s_CatchableType@@PEBU_s_ThrowInfo@@@Z 0000000180006870 f i libvcruntimed:frame.obj
 0001:00005a70       ??$__InternalCxxFrameHandler@V__FrameHandler3@@@@YA?AW4_EXCEPTION_DISPOSITION@@PEAUEHExceptionRecord@@PEA_KPEAU_CONTEXT@@PEAU_xDISPATCHER_CONTEXT@@PEBU_s_FuncInfo@@H1E@Z 0000000180006a70 f i libvcruntimed:frame.obj
 0001:00005ee0       ??0HandlerMap@__FrameHandler3@@QEAA@PEBU_s_TryBlockMapEntry@@_KI@Z 0000000180006ee0 f i libvcruntimed:frame.obj
 0001:00005f30       ??0TryBlockMap@__FrameHandler3@@QEAA@PEBU_s_FuncInfo@@_K@Z 0000000180006f30 f i libvcruntimed:frame.obj
 0001:00005f60       ??0bad_exception@std@@QEAA@AEBV01@@Z 0000000180006f60 f i libvcruntimed:frame.obj
 0001:00005fa0       ??0bad_exception@std@@QEAA@XZ 0000000180006fa0 f i libvcruntimed:frame.obj
 0001:00005fe0       ??0exception@std@@QEAA@AEBV01@@Z 0000000180006fe0 f i libvcruntimed:frame.obj
 0001:00006040       ??0exception@std@@QEAA@QEBDH@Z 0000000180007040 f i libvcruntimed:frame.obj
 0001:00006090       ??1bad_exception@std@@UEAA@XZ 0000000180007090 f i libvcruntimed:frame.obj
 0001:000060b0       ??1exception@std@@UEAA@XZ  00000001800070b0 f i libvcruntimed:frame.obj
 0001:000060e0       ??8iterator@HandlerMap@__FrameHandler3@@QEBA_NAEBV012@@Z 00000001800070e0 f i libvcruntimed:frame.obj
 0001:00006120       ??8type_info@@QEBA_NAEBV0@@Z 0000000180007120 f i libvcruntimed:frame.obj
 0001:00006170       ??9iterator@HandlerMap@__FrameHandler3@@QEBA_NAEBV012@@Z 0000000180007170 f i libvcruntimed:frame.obj
 0001:000061b0       ??Diterator@HandlerMap@__FrameHandler3@@QEAA?BU_s_HandlerType@@XZ 00000001800071b0 f i libvcruntimed:frame.obj
 0001:000061f0       ??Diterator@TryBlockMap@__FrameHandler3@@QEAA?BU_s_TryBlockMapEntry@@XZ 00000001800071f0 f i libvcruntimed:frame.obj
 0001:00006240       ??Eiterator@HandlerMap@__FrameHandler3@@QEAAAEAV012@XZ 0000000180007240 f i libvcruntimed:frame.obj
 0001:00006240       ??Eiterator@TryBlockMap@__FrameHandler3@@QEAAAEAV012@XZ 0000000180007240 f i libvcruntimed:frame.obj
 0001:00006260       ??Miterator@TryBlockMap@__FrameHandler3@@QEBA_NAEBV012@@Z 0000000180007260 f i libvcruntimed:frame.obj
 0001:000062a0       ??_Ebad_exception@std@@UEAAPEAXI@Z 00000001800072a0 f i libvcruntimed:frame.obj
 0001:000062a0       ??_Gbad_exception@std@@UEAAPEAXI@Z 00000001800072a0 f i libvcruntimed:frame.obj
 0001:000062e0       ??_Gexception@std@@UEAAPEAXI@Z 00000001800072e0 f i libvcruntimed:frame.obj
 0001:000062e0       ??_Eexception@std@@UEAAPEAXI@Z 00000001800072e0 f i libvcruntimed:frame.obj
 0001:00006320       ?BuildCatchObject@__FrameHandler3@@SAXPEAUEHExceptionRecord@@PEAXPEBU_s_HandlerType@@PEBU_s_CatchableType@@@Z 0000000180007320 f   libvcruntimed:frame.obj
 0001:00006360       ?CxxCallCatchBlock@__FrameHandler3@@SAPEAXPEAU_EXCEPTION_RECORD@@@Z 0000000180007360 f   libvcruntimed:frame.obj
 0001:000066c0       ?FrameUnwindToState@__FrameHandler3@@SAXPEA_KPEAU_xDISPATCHER_CONTEXT@@PEBU_s_FuncInfo@@H@Z 00000001800076c0 f   libvcruntimed:frame.obj
 0001:00006910       ?GetHandlerSearchState@__FrameHandler3@@SAHPEA_KPEAU_xDISPATCHER_CONTEXT@@PEBU_s_FuncInfo@@@Z 0000000180007910 f i libvcruntimed:frame.obj
 0001:000069c0       ?GetMaxState@__FrameHandler3@@SAHPEAU_xDISPATCHER_CONTEXT@@PEBU_s_FuncInfo@@@Z 00000001800079c0 f i libvcruntimed:frame.obj
 0001:00006bc0       ?TypeMatch@__FrameHandler3@@SAHPEBU_s_HandlerType@@PEBU_s_CatchableType@@PEBU_s_ThrowInfo@@@Z 0000000180007bc0 f   libvcruntimed:frame.obj
 0001:00006bc0       __TypeMatch                0000000180007bc0 f   libvcruntimed:frame.obj
 0001:00006bf0       ?_CallMemberFunction1@@YAXQEAX00@Z 0000000180007bf0 f i libvcruntimed:frame.obj
 0001:00006c30       ?_CallMemberFunction2@@YAXQEAX00H@Z 0000000180007c30 f i libvcruntimed:frame.obj
 0001:00006cc0       ?begin@HandlerMap@__FrameHandler3@@QEAA?AViterator@12@XZ 0000000180007cc0 f i libvcruntimed:frame.obj
 0001:00006cf0       ?end@HandlerMap@__FrameHandler3@@QEAA?AViterator@12@XZ 0000000180007cf0 f i libvcruntimed:frame.obj
 0001:00006d20       ?getESTypes@__FrameHandler3@@SAPEBU_s_ESTypeList@@PEBU_s_FuncInfo@@@Z 0000000180007d20 f i libvcruntimed:frame.obj
 0001:00006d60       ?getLastEntry@HandlerMap@__FrameHandler3@@QEAAPEBU_s_HandlerType@@XZ 0000000180007d60 f i libvcruntimed:frame.obj
 0001:00006d80       ?getMagicNum@__FrameHandler3@@SAIPEBU_s_FuncInfo@@@Z 0000000180007d80 f i libvcruntimed:frame.obj
 0001:00006da0       ?getNumTryBlocks@TryBlockMap@__FrameHandler3@@QEAAIXZ 0000000180007da0 f i libvcruntimed:frame.obj
 0001:00006dc0       ?isEHs@__FrameHandler3@@SA_NPEBU_s_FuncInfo@@@Z 0000000180007dc0 f i libvcruntimed:frame.obj
 0001:00006e00       ?isNoExcept@__FrameHandler3@@SA_NPEBU_s_FuncInfo@@@Z 0000000180007e00 f i libvcruntimed:frame.obj
 0001:00006e40       ?what@exception@std@@UEBAPEBDXZ 0000000180007e40 f i libvcruntimed:frame.obj
 0001:00006e80       __vcrt_EncodePointer       0000000180007e80 f i libvcruntimed:frame.obj
 0001:00006eb0       memset_repmovs             0000000180007eb0 f   libvcruntimed:memset.obj
 0001:00006ed0       memset                     0000000180007ed0 f   libvcruntimed:memset.obj
 0001:00007070       _CallSettingFrame          0000000180008070 f   libvcruntimed:handlers.obj
 0001:000070c0       _CallSettingFrame_LookupContinuationIndex 00000001800080c0 f   libvcruntimed:handlers.obj
 0001:000070f0       _CallSettingFrame_NotifyContinuationAddr 00000001800080f0 f   libvcruntimed:handlers.obj
 0001:00007120       _CallSettingFrameEncoded   0000000180008120 f   libvcruntimed:handlers.obj
 0001:00007170       ??$?RD@__crt_public_free_policy@@QEBAXQEBD@Z 0000000180008170 f i libvcruntimed:std_exception.obj
 0001:00007190       ??1?$__crt_unique_heap_ptr@DU__crt_public_free_policy@@@@QEAA@XZ 0000000180008190 f i libvcruntimed:std_exception.obj
 0001:000071b0       ?release@?$__crt_unique_heap_ptr@DU__crt_public_free_policy@@@@QEAAXXZ 00000001800081b0 f i libvcruntimed:std_exception.obj
 0001:000071e0       __std_exception_copy       00000001800081e0 f   libvcruntimed:std_exception.obj
 0001:00007320       __std_exception_destroy    0000000180008320 f   libvcruntimed:std_exception.obj
 0001:00007360       _CxxThrowException         0000000180008360 f   libvcruntimed:throw.obj
 0001:00007490       sinf                       0000000180008490 f   libucrtd:sinf.obj
 0001:00007b90       _initterm                  0000000180008b90 f   libucrtd:initterm.obj
 0001:00007bf0       _initterm_e                0000000180008bf0 f   libucrtd:initterm.obj
 0001:00007ce0       _seh_filter_dll            0000000180008ce0 f   libucrtd:exception_filter.obj
 0001:00007d10       _seh_filter_exe            0000000180008d10 f   libucrtd:exception_filter.obj
 0001:00007fb0       ??$?B$$A6AXXZ@__crt_fast_encoded_nullptr_t@@QEBAP6AXXZXZ 0000000180008fb0 f i libucrtd:onexit.obj
 0001:00007fb0       ??$?BX@__crt_fast_encoded_nullptr_t@@QEBAPEAXXZ 0000000180008fb0 f i libucrtd:initialization.obj
 0001:00007fb0       ??$?B$$A6AXPEAXK0@Z@__crt_fast_encoded_nullptr_t@@QEBAP6AXPEAXK0@ZXZ 0000000180008fb0 f i libucrtd:exit.obj
 0001:00007fb0       ??$?B$$A6AXH@Z@__crt_fast_encoded_nullptr_t@@QEBAP6AXH@ZXZ 0000000180008fb0 f i libucrtd:signal.obj
 0001:00007fb0       ??$?BP6AXXZ@__crt_fast_encoded_nullptr_t@@QEBAPEAP6AXXZXZ 0000000180008fb0 f i libucrtd:onexit.obj
 0001:00008060       ??$__crt_fast_decode_pointer@P6AXPEAXK0@Z@@YAP6AXPEAXK0@ZQ6AX0K0@Z@Z 0000000180009060 f i libucrtd:exit.obj
 0001:00008060       ??$__crt_fast_decode_pointer@P6AXH@Z@@YAP6AXH@ZQ6AXH@Z@Z 0000000180009060 f i libucrtd:signal.obj
 0001:00008060       ??$__crt_fast_decode_pointer@P6AXPEB_W00I_K@Z@@YAP6AXPEB_W00I_K@ZQ6AX000I1@Z@Z 0000000180009060 f i libucrtd:invalid_parameter.obj
 0001:00008060       ??$__crt_fast_decode_pointer@P6AH_K@Z@@YAP6AH_K@ZQ6AH0@Z@Z 0000000180009060 f i libucrtd:new_handler.obj
 0001:00008060       ??$__crt_fast_decode_pointer@P6AXXZ@@YAP6AXXZQ6AXXZ@Z 0000000180009060 f i libucrtd:onexit.obj
 0001:00008060       ??$__crt_fast_decode_pointer@PEAP6AXXZ@@YAPEAP6AXXZQEAP6AXXZ@Z 0000000180009060 f i libucrtd:onexit.obj
 0001:00008060       ??$__crt_fast_decode_pointer@P6AHPEAU_exception@@@Z@@YAP6AHPEAU_exception@@@ZQ6AH0@Z@Z 0000000180009060 f i libucrtd:matherr.obj
 0001:00008060       ??$__crt_fast_decode_pointer@PEAX@@YAPEAXQEAX@Z 0000000180009060 f i libucrtd:winapi_thunks.obj
 0001:000080a0       ??$__crt_fast_encode_pointer@P6AXH@Z@@YAP6AXH@ZQ6AXH@Z@Z 00000001800090a0 f i libucrtd:signal.obj
 0001:000080a0       ??$__crt_fast_encode_pointer@P6AXXZ@@YAP6AXXZQ6AXXZ@Z 00000001800090a0 f i libucrtd:onexit.obj
 0001:000080a0       ??$__crt_fast_encode_pointer@PEAP6AXXZ@@YAPEAP6AXXZQEAP6AXXZ@Z 00000001800090a0 f i libucrtd:onexit.obj
 0001:000080a0       ??$__crt_fast_encode_pointer@PEAX@@YAPEAXQEAX@Z 00000001800090a0 f i libucrtd:initialization.obj
 0001:000080a0       ??$__crt_fast_encode_pointer@P6AXPEAXK0@Z@@YAP6AXPEAXK0@ZQ6AX0K0@Z@Z 00000001800090a0 f i libucrtd:exit.obj
 0001:000080e0       ??$__crt_get_proc_address@P6AXI@Z@@YAP6AXI@ZQEAUHINSTANCE__@@QEBD@Z 00000001800090e0 f i libucrtd:exit.obj
 0001:00008110       ??$__crt_interlocked_read@J@@YAJPEDJ@Z 0000000180009110 f i libucrtd:exit.obj
 0001:000081a0       ??1?$__crt_unique_handle_t@U__crt_hmodule_traits@@@@QEAA@XZ 00000001800091a0 f i libucrtd:exit.obj
 0001:00008300       ?__acrt_select_exit_lock@@YA?AW4__acrt_lock_id@@XZ 0000000180009300 f i libucrtd:exit.obj
 0001:00008310       ?__crt_fast_encode_pointer@@YA?AU__crt_fast_encoded_nullptr_t@@$$T@Z 0000000180009310 f i libucrtd:exit.obj
 0001:00008330       ?__crt_interlocked_read_32@@YAHPEDH@Z 0000000180009330 f i libucrtd:exit.obj
 0001:00008350       ?__crt_rotate_pointer_value@@YA_K_KH@Z 0000000180009350 f i libucrtd:exit.obj
 0001:00008390       ?close@?$__crt_unique_handle_t@U__crt_hmodule_traits@@@@QEAAXXZ 0000000180009390 f i libucrtd:exit.obj
 0001:000083d0       ?close@__crt_hmodule_traits@@SA_NPEAUHINSTANCE__@@@Z 00000001800093d0 f i libucrtd:exit.obj
 0001:000084e0       ?get_current_state_index@__crt_state_management@@YA_KXZ 00000001800094e0 f i libucrtd:environment_initialization.obj
 0001:000084e0       ?get_invalid_value@__crt_hmodule_traits@@SAPEAUHINSTANCE__@@XZ 00000001800094e0 f i libucrtd:exit.obj
 0001:000086a0       __acrt_initialize_thread_local_exit_callback 00000001800096a0 f   libucrtd:exit.obj
 0001:000086c0       _cexit                     00000001800096c0 f   libucrtd:exit.obj
 0001:000086e0       _exit                      00000001800096e0 f   libucrtd:exit.obj
 0001:00008700       _is_c_termination_complete 0000000180009700 f   libucrtd:exit.obj
 0001:00008ab0       ??$get_module_file_name@$$TAEAY0BAF@DH@?$__crt_char_traits@D@@SAK$$QEA$$TAEAY0BAF@D$$QEAH@Z 0000000180009ab0 f i libucrtd:argv_parsing.obj
 0001:00008ab0       ??$get_module_file_name@AEAPEAUHINSTANCE__@@AEAY0BAF@DK@?$__crt_char_traits@D@@SAKAEAPEAUHINSTANCE__@@AEAY0BAF@D$$QEAK@Z 0000000180009ab0 f i libucrtd:dbgrpt.obj
 0001:00008f80       ??$set_program_name@PEAD@?$__crt_char_traits@D@@SAX$$QEAPEAD@Z 0000000180009f80 f i libucrtd:argv_parsing.obj
 0001:000090b0       __acrt_allocate_buffer_for_argv 000000018000a0b0 f   libucrtd:argv_parsing.obj
 0001:000091d0       _configure_narrow_argv     000000018000a1d0 f   libucrtd:argv_parsing.obj
 0001:000091f0       _set_pgmptr                000000018000a1f0 f i libucrtd:argv_parsing.obj
 0001:00009420       ??$tcslen@AEAPEAD@?$__crt_char_traits@D@@SA_KAEAPEAD@Z 000000018000a420 f i libucrtd:environment_initialization.obj
 0001:0000946c       ??B?$__crt_unique_heap_ptr@PEADU__crt_internal_free_policy@@@@QEBA_NXZ 000000018000a46c f i libucrtd:environment_initialization.obj
 0001:00009474       ?detach@?$__crt_unique_heap_ptr@DU__crt_internal_free_policy@@@@QEAAPEADXZ 000000018000a474 f i libucrtd:environment_initialization.obj
 0001:0000947c       __dcrt_uninitialize_environments_nolock 000000018000a47c f   libucrtd:environment_initialization.obj
 0001:000094b4       _initialize_narrow_environment 000000018000a4b4 f   libucrtd:environment_initialization.obj
 0001:000094bc       _invoke_watson_if_error    000000018000a4bc f i libucrtd:environment_initialization.obj
 0001:000097c0       _execute_onexit_table      000000018000a7c0 f   libucrtd:onexit.obj
 0001:00009800       _initialize_onexit_table   000000018000a800 f   libucrtd:onexit.obj
 0001:000098d0       __acrt_uninitialize_command_line 000000018000a8d0 f   libucrtd:argv_data.obj
 0001:00009b40       ?initialize@?$dual_state_global@PEAU__crt_locale_data@@@__crt_state_management@@QEAAXQEAU__crt_locale_data@@@Z 000000018000ab40 f i libucrtd:initialization.obj
 0001:00009b40       ?initialize@?$dual_state_global@P6AH_K@Z@__crt_state_management@@QEAAXQ6AH_K@Z@Z 000000018000ab40 f i libucrtd:new_handler.obj
 0001:00009b40       ?initialize@?$dual_state_global@PEAU__crt_multibyte_data@@@__crt_state_management@@QEAAXQEAU__crt_multibyte_data@@@Z 000000018000ab40 f i libucrtd:mbctype.obj
 0001:00009b40       ?initialize@?$dual_state_global@P6AHPEAU_exception@@@Z@__crt_state_management@@QEAAXQ6AHPEAU_exception@@@Z@Z 000000018000ab40 f i libucrtd:matherr.obj
 0001:00009b40       ?initialize@?$dual_state_global@P6AXH@Z@__crt_state_management@@QEAAXQ6AXH@Z@Z 000000018000ab40 f i libucrtd:signal.obj
 0001:00009b90       __acrt_initialize          000000018000ab90 f   libucrtd:initialization.obj
 0001:00009bc0       __acrt_thread_attach       000000018000abc0 f   libucrtd:initialization.obj
 0001:00009be0       __acrt_thread_detach       000000018000abe0 f   libucrtd:initialization.obj
 0001:00009bf0       __acrt_uninitialize        000000018000abf0 f   libucrtd:initialization.obj
 0001:00009c20       __acrt_uninitialize_critical 000000018000ac20 f   libucrtd:initialization.obj
 0001:00009c40       terminate                  000000018000ac40 f   libucrtd:terminate.obj
 0001:00009c80       ??0_LocaleUpdate@@QEAA@QEAU__crt_locale_pointers@@@Z 000000018000ac80 f i libucrtd:debug_heap.obj
 0001:00009da0       ??1_LocaleUpdate@@QEAA@XZ  000000018000ada0 f i libucrtd:debug_heap.obj
 0001:00009de0       ?GetLocaleT@_LocaleUpdate@@QEAAPEAU__crt_locale_pointers@@XZ 000000018000ade0 f i libucrtd:debug_heap.obj
 0001:0000bdc0       _CrtCheckMemory            000000018000cdc0 f   libucrtd:debug_heap.obj
 0001:0000bf50       _CrtDumpMemoryLeaks        000000018000cf50 f   libucrtd:debug_heap.obj
 0001:0000c010       _CrtIsValidHeapPointer     000000018000d010 f   libucrtd:debug_heap.obj
 0001:0000c050       _CrtIsValidPointer         000000018000d050 f   libucrtd:debug_heap.obj
 0001:0000c090       _CrtMemCheckpoint          000000018000d090 f   libucrtd:debug_heap.obj
 0001:0000c310       _CrtMemDumpAllObjectsSince 000000018000d310 f   libucrtd:debug_heap.obj
 0001:0000c370       _CrtSetDbgFlag             000000018000d370 f   libucrtd:debug_heap.obj
 0001:0000c4d0       _CrtSetDumpClient          000000018000d4d0 f   libucrtd:debug_heap.obj
 0001:0000c500       __acrt_get_locale_data_prefix 000000018000d500 f i libucrtd:debug_heap.obj
 0001:0000c520       __acrt_locale_changed      000000018000d520 f i libucrtd:debug_heap.obj
 0001:0000c550       _calloc_dbg                000000018000d550 f   libucrtd:debug_heap.obj
 0001:0000c5f0       _chvalidchk_l              000000018000d5f0 f i libucrtd:debug_heap.obj
 0001:0000c620       _free_dbg                  000000018000d620 f   libucrtd:debug_heap.obj
 0001:0000c690       _invoke_watson_if_oneof    000000018000d690 f i libucrtd:debug_heap.obj
 0001:0000c6f0       _ischartype_l              000000018000d6f0 f i libucrtd:debug_heap.obj
 0001:0000c780       _malloc_dbg                000000018000d780 f   libucrtd:debug_heap.obj
 0001:0000c7c0       _msize_dbg                 000000018000d7c0 f   libucrtd:debug_heap.obj
 0001:0000c960       _realloc_dbg               000000018000d960 f   libucrtd:debug_heap.obj
 0001:0000c9d0       _recalloc_dbg              000000018000d9d0 f   libucrtd:debug_heap.obj
 0001:0000cfa0       strcpy_s                   000000018000dfa0 f   libucrtd:strcpy_s.obj
 0001:0000cfe0       strcmp                     000000018000dfe0 f   libucrtd:strcmp.obj
 0001:0000d060       strlen                     000000018000e060 f   libucrtd:strlen.obj
 0001:0000d110       abort                      000000018000e110 f   libucrtd:abort.obj
 0001:0000d190       ??$?0AEBV?$string_output_adapter@D@__crt_stdio_output@@AEB_KAEBQEBDAEBQEAU__crt_locale_pointers@@AEBQEAD@?$format_validation_base@DV?$string_output_adapter@D@__crt_stdio_output@@@__crt_stdio_output@@IEAA@AEBV?$string_output_adapter@D@1@AEB_KAEBQEBDAEBQEAU__crt_locale_pointers@@AEBQEAD@Z 000000018000e190 f i libucrtd:output.obj
 0001:0000d1e0       ??$?0AEBV?$string_output_adapter@D@__crt_stdio_output@@AEB_KAEBQEBDAEBQEAU__crt_locale_pointers@@AEBQEAD@?$standard_base@DV?$string_output_adapter@D@__crt_stdio_output@@@__crt_stdio_output@@IEAA@AEBV?$string_output_adapter@D@1@AEB_KAEBQEBDAEBQEAU__crt_locale_pointers@@AEBQEAD@Z 000000018000e1e0 f i libucrtd:output.obj
 0001:0000d250       ??$?0AEBV?$string_output_adapter@_W@__crt_stdio_output@@AEB_KAEBQEB_WAEBQEAU__crt_locale_pointers@@AEBQEAD@?$format_validation_base@_WV?$string_output_adapter@_W@__crt_stdio_output@@@__crt_stdio_output@@IEAA@AEBV?$string_output_adapter@_W@1@AEB_KAEBQEB_WAEBQEAU__crt_locale_pointers@@AEBQEAD@Z 000000018000e250 f i libucrtd:output.obj
 0001:0000d2a0       ??$?0AEBV?$string_output_adapter@_W@__crt_stdio_output@@AEB_KAEBQEB_WAEBQEAU__crt_locale_pointers@@AEBQEAD@?$standard_base@_WV?$string_output_adapter@_W@__crt_stdio_output@@@__crt_stdio_output@@IEAA@AEBV?$string_output_adapter@_W@1@AEB_KAEBQEB_WAEBQEAU__crt_locale_pointers@@AEBQEAD@Z 000000018000e2a0 f i libucrtd:output.obj
 0001:0000ec20       ??$count@D@formatting_buffer@__crt_stdio_output@@QEBA_KXZ 000000018000fc20 f i libucrtd:output.obj
 0001:0000ec70       ??$count@_W@formatting_buffer@__crt_stdio_output@@QEBA_KXZ 000000018000fc70 f i libucrtd:output.obj
 0001:0000ecc0       ??$data@_W@formatting_buffer@__crt_stdio_output@@QEAAPEA_WXZ 000000018000fcc0 f i libucrtd:output.obj
 0001:0000ecc0       ??$data@D@formatting_buffer@__crt_stdio_output@@QEAAPEADXZ 000000018000fcc0 f i libucrtd:output.obj
 0001:0000ed10       ??$ensure_buffer_is_big_enough@D@formatting_buffer@__crt_stdio_output@@QEAA_N_K@Z 000000018000fd10 f i libucrtd:output.obj
 0001:0000ee40       ??$ensure_buffer_is_big_enough@_W@formatting_buffer@__crt_stdio_output@@QEAA_N_K@Z 000000018000fe40 f i libucrtd:output.obj
 0001:0000ef70       ??$extract_argument_from_va_list@C_J@?$standard_base@DV?$string_output_adapter@D@__crt_stdio_output@@@__crt_stdio_output@@IEAA_NAEA_J@Z 000000018000ff70 f i libucrtd:output.obj
 0001:0000ef70       ??$extract_argument_from_va_list@C_J@?$standard_base@_WV?$string_output_adapter@_W@__crt_stdio_output@@@__crt_stdio_output@@IEAA_NAEA_J@Z 000000018000ff70 f i libucrtd:output.obj
 0001:0000efb0       ??$extract_argument_from_va_list@E_J@?$standard_base@DV?$string_output_adapter@D@__crt_stdio_output@@@__crt_stdio_output@@IEAA_NAEA_J@Z 000000018000ffb0 f i libucrtd:output.obj
 0001:0000efb0       ??$extract_argument_from_va_list@E_J@?$standard_base@_WV?$string_output_adapter@_W@__crt_stdio_output@@@__crt_stdio_output@@IEAA_NAEA_J@Z 000000018000ffb0 f i libucrtd:output.obj
 0001:0000eff0       ??$extract_argument_from_va_list@F_J@?$standard_base@DV?$string_output_adapter@D@__crt_stdio_output@@@__crt_stdio_output@@IEAA_NAEA_J@Z 000000018000fff0 f i libucrtd:output.obj
 0001:0000eff0       ??$extract_argument_from_va_list@F_J@?$standard_base@_WV?$string_output_adapter@_W@__crt_stdio_output@@@__crt_stdio_output@@IEAA_NAEA_J@Z 000000018000fff0 f i libucrtd:output.obj
 0001:0000f030       ??$extract_argument_from_va_list@GD@?$standard_base@DV?$string_output_adapter@D@__crt_stdio_output@@@__crt_stdio_output@@IEAA_NAEAD@Z 0000000180010030 f i libucrtd:output.obj
 0001:0000f060       ??$extract_argument_from_va_list@G_J@?$standard_base@_WV?$string_output_adapter@_W@__crt_stdio_output@@@__crt_stdio_output@@IEAA_NAEA_J@Z 0000000180010060 f i libucrtd:output.obj
 0001:0000f060       ??$extract_argument_from_va_list@G_J@?$standard_base@DV?$string_output_adapter@D@__crt_stdio_output@@@__crt_stdio_output@@IEAA_NAEA_J@Z 0000000180010060 f i libucrtd:output.obj
 0001:0000f0a0       ??$extract_argument_from_va_list@H_J@?$standard_base@DV?$string_output_adapter@D@__crt_stdio_output@@@__crt_stdio_output@@IEAA_NAEA_J@Z 00000001800100a0 f i libucrtd:output.obj
 0001:0000f0a0       ??$extract_argument_from_va_list@H_J@?$standard_base@_WV?$string_output_adapter@_W@__crt_stdio_output@@@__crt_stdio_output@@IEAA_NAEA_J@Z 00000001800100a0 f i libucrtd:output.obj
 0001:0000f0d0       ??$extract_argument_from_va_list@I_J@?$standard_base@_WV?$string_output_adapter@_W@__crt_stdio_output@@@__crt_stdio_output@@IEAA_NAEA_J@Z 00000001800100d0 f i libucrtd:output.obj
 0001:0000f0d0       ??$extract_argument_from_va_list@I_J@?$standard_base@DV?$string_output_adapter@D@__crt_stdio_output@@@__crt_stdio_output@@IEAA_NAEA_J@Z 00000001800100d0 f i libucrtd:output.obj
 0001:0000f100       ??$extract_argument_from_va_list@PEADPEAD@?$standard_base@_WV?$string_output_adapter@_W@__crt_stdio_output@@@__crt_stdio_output@@IEAA_NAEAPEAD@Z 0000000180010100 f i libucrtd:output.obj
 0001:0000f100       ??$extract_argument_from_va_list@PEADPEAD@?$standard_base@DV?$string_output_adapter@D@__crt_stdio_output@@@__crt_stdio_output@@IEAA_NAEAPEAD@Z 0000000180010100 f i libucrtd:output.obj
 0001:0000f100       ??$extract_argument_from_va_list@PEAXPEAX@?$standard_base@DV?$string_output_adapter@D@__crt_stdio_output@@@__crt_stdio_output@@IEAA_NAEAPEAX@Z 0000000180010100 f i libucrtd:output.obj
 0001:0000f100       ??$extract_argument_from_va_list@PEAXPEAX@?$standard_base@_WV?$string_output_adapter@_W@__crt_stdio_output@@@__crt_stdio_output@@IEAA_NAEAPEAX@Z 0000000180010100 f i libucrtd:output.obj
 0001:0000f100       ??$extract_argument_from_va_list@_J_J@?$standard_base@_WV?$string_output_adapter@_W@__crt_stdio_output@@@__crt_stdio_output@@IEAA_NAEA_J@Z 0000000180010100 f i libucrtd:output.obj
 0001:0000f100       ??$extract_argument_from_va_list@_K_J@?$standard_base@DV?$string_output_adapter@D@__crt_stdio_output@@@__crt_stdio_output@@IEAA_NAEA_J@Z 0000000180010100 f i libucrtd:output.obj
 0001:0000f100       ??$extract_argument_from_va_list@_K_J@?$standard_base@_WV?$string_output_adapter@_W@__crt_stdio_output@@@__crt_stdio_output@@IEAA_NAEA_J@Z 0000000180010100 f i libucrtd:output.obj
 0001:0000f100       ??$extract_argument_from_va_list@_J_J@?$standard_base@DV?$string_output_adapter@D@__crt_stdio_output@@@__crt_stdio_output@@IEAA_NAEA_J@Z 0000000180010100 f i libucrtd:output.obj
 0001:0000f160       ??$extract_argument_from_va_list@U_CRT_DOUBLE@@U1@@?$standard_base@DV?$string_output_adapter@D@__crt_stdio_output@@@__crt_stdio_output@@IEAA_NAEAU_CRT_DOUBLE@@@Z 0000000180010160 f i libucrtd:output.obj
 0001:0000f160       ??$extract_argument_from_va_list@U_CRT_DOUBLE@@U1@@?$standard_base@_WV?$string_output_adapter@_W@__crt_stdio_output@@@__crt_stdio_output@@IEAA_NAEAU_CRT_DOUBLE@@@Z 0000000180010160 f i libucrtd:output.obj
 0001:0000f1b0       ??$extract_argument_from_va_list@_W_W@?$standard_base@_WV?$string_output_adapter@_W@__crt_stdio_output@@@__crt_stdio_output@@IEAA_NAEA_W@Z 00000001800101b0 f i libucrtd:output.obj
 0001:0000f1b0       ??$extract_argument_from_va_list@_W_W@?$standard_base@DV?$string_output_adapter@D@__crt_stdio_output@@@__crt_stdio_output@@IEAA_NAEA_W@Z 00000001800101b0 f i libucrtd:output.obj
 0001:0000f1e0       ??$is_wide_character_specifier@D@__crt_stdio_output@@YA_N_KDW4length_modifier@0@@Z 00000001800101e0 f i libucrtd:output.obj
 0001:0000f280       ??$is_wide_character_specifier@_W@__crt_stdio_output@@YA_N_K_WW4length_modifier@0@@Z 0000000180010280 f i libucrtd:output.obj
 0001:0000f350       ??$read_va_arg@E@__crt_stdio_output@@YAEAEAPEAD@Z 0000000180010350 f i libucrtd:output.obj
 0001:0000f350       ??$read_va_arg@C@__crt_stdio_output@@YACAEAPEAD@Z 0000000180010350 f i libucrtd:output.obj
 0001:0000f3c0       ??$read_va_arg@F@__crt_stdio_output@@YAFAEAPEAD@Z 00000001800103c0 f i libucrtd:output.obj
 0001:0000f3c0       ??$read_va_arg@G@__crt_stdio_output@@YAGAEAPEAD@Z 00000001800103c0 f i libucrtd:output.obj
 0001:0000f3c0       ??$read_va_arg@_W@__crt_stdio_output@@YA_WAEAPEAD@Z 00000001800103c0 f i libucrtd:output.obj
 0001:0000f430       ??$read_va_arg@I@__crt_stdio_output@@YAIAEAPEAD@Z 0000000180010430 f i libucrtd:output.obj
 0001:0000f430       ??$read_va_arg@H@__crt_stdio_output@@YAHAEAPEAD@Z 0000000180010430 f i libucrtd:output.obj
 0001:0000f490       ??$read_va_arg@PEAX@__crt_stdio_output@@YAPEAXAEAPEAD@Z 0000000180010490 f i libucrtd:output.obj
 0001:0000f490       ??$read_va_arg@U_CRT_DOUBLE@@@__crt_stdio_output@@YA?AU_CRT_DOUBLE@@AEAPEAD@Z 0000000180010490 f i libucrtd:output.obj
 0001:0000f490       ??$read_va_arg@_K@__crt_stdio_output@@YA_KAEAPEAD@Z 0000000180010490 f i libucrtd:output.obj
 0001:0000f490       ??$read_va_arg@_J@__crt_stdio_output@@YA_JAEAPEAD@Z 0000000180010490 f i libucrtd:output.obj
 0001:0000f490       ??$read_va_arg@PEAD@__crt_stdio_output@@YAPEADAEAPEAD@Z 0000000180010490 f i libucrtd:output.obj
 0001:0000f570       ??$scratch_count@D@formatting_buffer@__crt_stdio_output@@QEBA_KXZ 0000000180010570 f i libucrtd:output.obj
 0001:0000f590       ??$scratch_data@D@formatting_buffer@__crt_stdio_output@@QEAAPEADXZ 0000000180010590 f i libucrtd:output.obj
 0001:0000f600       ??$tcstol@PEBDPEAPEADH@?$__crt_char_traits@D@@SAJ$$QEAPEBD$$QEAPEAPEAD$$QEAH@Z 0000000180010600 f i libucrtd:output.obj
 0001:0000f640       ??$tcstol@PEB_WPEAPEA_WH@?$__crt_char_traits@_W@@SAJ$$QEAPEB_W$$QEAPEAPEA_W$$QEAH@Z 0000000180010640 f i libucrtd:output.obj
 0001:0000f680       ??$type_case_integer_parse_into_buffer@I@?$output_processor@DV?$string_output_adapter@D@__crt_stdio_output@@V?$format_validation_base@DV?$string_output_adapter@D@__crt_stdio_output@@@2@@__crt_stdio_output@@AEAAXII_N@Z 0000000180010680 f i libucrtd:output.obj
 0001:0000f7b0       ??$type_case_integer_parse_into_buffer@I@?$output_processor@_WV?$string_output_adapter@_W@__crt_stdio_output@@V?$format_validation_base@_WV?$string_output_adapter@_W@__crt_stdio_output@@@2@@__crt_stdio_output@@AEAAXII_N@Z 00000001800107b0 f i libucrtd:output.obj
 0001:0000f8f0       ??$type_case_integer_parse_into_buffer@_K@?$output_processor@DV?$string_output_adapter@D@__crt_stdio_output@@V?$format_validation_base@DV?$string_output_adapter@D@__crt_stdio_output@@@2@@__crt_stdio_output@@AEAAX_KI_N@Z 00000001800108f0 f i libucrtd:output.obj
 0001:0000fa40       ??$type_case_integer_parse_into_buffer@_K@?$output_processor@_WV?$string_output_adapter@_W@__crt_stdio_output@@V?$format_validation_base@_WV?$string_output_adapter@_W@__crt_stdio_output@@@2@@__crt_stdio_output@@AEAAX_KI_N@Z 0000000180010a40 f i libucrtd:output.obj
 0001:0000fba0       ??$write_multiple_characters@V?$string_output_adapter@D@__crt_stdio_output@@D@__crt_stdio_output@@YAXAEBV?$string_output_adapter@D@0@DHQEAH@Z 0000000180010ba0 f i libucrtd:output.obj
 0001:0000fc00       ??$write_multiple_characters@V?$string_output_adapter@_W@__crt_stdio_output@@D@__crt_stdio_output@@YAXAEBV?$string_output_adapter@_W@0@DHQEAH@Z 0000000180010c00 f i libucrtd:output.obj
 0001:0000fc60       ??0?$common_data@D@__crt_stdio_output@@IEAA@XZ 0000000180010c60 f i libucrtd:output.obj
 0001:0000fd30       ??0?$common_data@_W@__crt_stdio_output@@IEAA@XZ 0000000180010d30 f i libucrtd:output.obj
 0001:0000fe00       ??0?$output_adapter_data@DV?$string_output_adapter@D@__crt_stdio_output@@@__crt_stdio_output@@IEAA@AEBV?$string_output_adapter@D@1@_KQEBDQEAU__crt_locale_pointers@@QEAD@Z 0000000180010e00 f i libucrtd:output.obj
 0001:0000fe80       ??0?$output_adapter_data@_WV?$string_output_adapter@_W@__crt_stdio_output@@@__crt_stdio_output@@IEAA@AEBV?$string_output_adapter@_W@1@_KQEB_WQEAU__crt_locale_pointers@@QEAD@Z 0000000180010e80 f i libucrtd:output.obj
 0001:0000ff00       ??0?$output_processor@DV?$string_output_adapter@D@__crt_stdio_output@@V?$format_validation_base@DV?$string_output_adapter@D@__crt_stdio_output@@@2@@__crt_stdio_output@@QEAA@AEBV?$string_output_adapter@D@1@_KQEBDQEAU__crt_locale_pointers@@QEAD@Z 0000000180010f00 f i libucrtd:output.obj
 0001:0000ff50       ??0?$output_processor@_WV?$string_output_adapter@_W@__crt_stdio_output@@V?$format_validation_base@_WV?$string_output_adapter@_W@__crt_stdio_output@@@2@@__crt_stdio_output@@QEAA@AEBV?$string_output_adapter@_W@1@_KQEB_WQEAU__crt_locale_pointers@@QEAD@Z 0000000180010f50 f i libucrtd:output.obj
 0001:0000ffa0       ??0__crt_deferred_errno_cache@@QEAA@XZ 0000000180010fa0 f i libucrtd:output.obj
 0001:0000ffc0       ??0__crt_errno_guard@@QEAA@QEAH@Z 0000000180010fc0 f i libucrtd:output.obj
 0001:00010000       ??0formatting_buffer@__crt_stdio_output@@QEAA@XZ 0000000180011000 f i libucrtd:output.obj
 0001:00010040       ??1?$common_data@D@__crt_stdio_output@@QEAA@XZ 0000000180011040 f i libucrtd:output.obj
 0001:00010040       ??1?$common_data@_W@__crt_stdio_output@@QEAA@XZ 0000000180011040 f i libucrtd:output.obj
 0001:00010060       ??1?$format_validation_base@_WV?$string_output_adapter@_W@__crt_stdio_output@@@__crt_stdio_output@@QEAA@XZ 0000000180011060 f i libucrtd:output.obj
 0001:00010060       ??1?$format_validation_base@DV?$string_output_adapter@D@__crt_stdio_output@@@__crt_stdio_output@@QEAA@XZ 0000000180011060 f i libucrtd:output.obj
 0001:00010080       ??1?$output_adapter_data@_WV?$string_output_adapter@_W@__crt_stdio_output@@@__crt_stdio_output@@QEAA@XZ 0000000180011080 f i libucrtd:output.obj
 0001:00010080       ??1?$output_adapter_data@DV?$string_output_adapter@D@__crt_stdio_output@@@__crt_stdio_output@@QEAA@XZ 0000000180011080 f i libucrtd:output.obj
 0001:000100a0       ??1?$output_processor@DV?$string_output_adapter@D@__crt_stdio_output@@V?$format_validation_base@DV?$string_output_adapter@D@__crt_stdio_output@@@2@@__crt_stdio_output@@QEAA@XZ 00000001800110a0 f i libucrtd:output.obj
 0001:000100a0       ??1?$output_processor@_WV?$string_output_adapter@_W@__crt_stdio_output@@V?$format_validation_base@_WV?$string_output_adapter@_W@__crt_stdio_output@@@2@@__crt_stdio_output@@QEAA@XZ 00000001800110a0 f i libucrtd:output.obj
 0001:000100c0       ??1?$standard_base@DV?$string_output_adapter@D@__crt_stdio_output@@@__crt_stdio_output@@QEAA@XZ 00000001800110c0 f i libucrtd:output.obj
 0001:000100c0       ??1?$standard_base@_WV?$string_output_adapter@_W@__crt_stdio_output@@@__crt_stdio_output@@QEAA@XZ 00000001800110c0 f i libucrtd:output.obj
 0001:000100e0       ??1__crt_errno_guard@@QEAA@XZ 00000001800110e0 f i libucrtd:output.obj
 0001:00010110       ??1formatting_buffer@__crt_stdio_output@@QEAA@XZ 0000000180011110 f i libucrtd:output.obj
 0001:00010140       ??4?$__crt_unique_heap_ptr@DU__crt_internal_free_policy@@@@QEAAAEAV0@$$QEAV0@@Z 0000000180011140 f i libucrtd:output.obj
 0001:00010180       ?adjust_hexit@?$output_processor@_WV?$string_output_adapter@_W@__crt_stdio_output@@V?$format_validation_base@_WV?$string_output_adapter@_W@__crt_stdio_output@@@2@@__crt_stdio_output@@CADH_N@Z 0000000180011180 f i libucrtd:output.obj
 0001:00010180       ?adjust_hexit@?$output_processor@DV?$string_output_adapter@D@__crt_stdio_output@@V?$format_validation_base@DV?$string_output_adapter@D@__crt_stdio_output@@@2@@__crt_stdio_output@@CADH_N@Z 0000000180011180 f i libucrtd:output.obj
 0001:000101d0       ?advance_to_next_pass@?$standard_base@DV?$string_output_adapter@D@__crt_stdio_output@@@__crt_stdio_output@@IEAA_NXZ 00000001800111d0 f i libucrtd:output.obj
 0001:000101d0       ?advance_to_next_pass@?$standard_base@_WV?$string_output_adapter@_W@__crt_stdio_output@@@__crt_stdio_output@@IEAA_NXZ 00000001800111d0 f i libucrtd:output.obj
 0001:00010220       ?crop_zeroes@__crt_stdio_output@@YAXPEADQEAU__crt_locale_pointers@@@Z 0000000180011220 f i libucrtd:output.obj
 0001:00010360       ?find_next_state@?$output_processor@DV?$string_output_adapter@D@__crt_stdio_output@@V?$format_validation_base@DV?$string_output_adapter@D@__crt_stdio_output@@@2@@__crt_stdio_output@@AEBA?AW4state@2@DW432@@Z 0000000180011360 f i libucrtd:output.obj
 0001:00010400       ?find_next_state@?$output_processor@_WV?$string_output_adapter@_W@__crt_stdio_output@@V?$format_validation_base@_WV?$string_output_adapter@_W@__crt_stdio_output@@@2@@__crt_stdio_output@@AEBA?AW4state@2@_WW432@@Z 0000000180011400 f i libucrtd:output.obj
 0001:000104a0       ?force_decimal_point@__crt_stdio_output@@YAXPEADQEAU__crt_locale_pointers@@@Z 00000001800114a0 f i libucrtd:output.obj
 0001:000105a0       ?get@__crt_deferred_errno_cache@@QEAAAEAHXZ 00000001800115a0 f i libucrtd:output.obj
 0001:000105d0       ?get_flags@__crt_stdio_stream@@QEBAJXZ 00000001800115d0 f i libucrtd:output.obj
 0001:00010600       ?has_flag@?$output_processor@_WV?$string_output_adapter@_W@__crt_stdio_output@@V?$format_validation_base@_WV?$string_output_adapter@_W@__crt_stdio_output@@@2@@__crt_stdio_output@@AEBA_NI@Z 0000000180011600 f i libucrtd:output.obj
 0001:00010600       ?has_flag@?$output_processor@DV?$string_output_adapter@D@__crt_stdio_output@@V?$format_validation_base@DV?$string_output_adapter@D@__crt_stdio_output@@@2@@__crt_stdio_output@@AEBA_NI@Z 0000000180011600 f i libucrtd:output.obj
 0001:00010640       ?is_string_backed@__crt_stdio_stream@@QEBA_NXZ 0000000180011640 f i libucrtd:output.obj
 0001:00010680       ?narrow_null_string@?$output_processor@DV?$string_output_adapter@D@__crt_stdio_output@@V?$format_validation_base@DV?$string_output_adapter@D@__crt_stdio_output@@@2@@__crt_stdio_output@@CAPEADXZ 0000000180011680 f i libucrtd:output.obj
 0001:00010680       ?narrow_null_string@?$output_processor@_WV?$string_output_adapter@_W@__crt_stdio_output@@V?$format_validation_base@_WV?$string_output_adapter@_W@__crt_stdio_output@@@2@@__crt_stdio_output@@CAPEADXZ 0000000180011680 f i libucrtd:output.obj
 0001:00010690       ?parse_int_from_format_string@?$output_processor@DV?$string_output_adapter@D@__crt_stdio_output@@V?$format_validation_base@DV?$string_output_adapter@D@__crt_stdio_output@@@2@@__crt_stdio_output@@AEAA_NQEAH@Z 0000000180011690 f i libucrtd:output.obj
 0001:00010780       ?parse_int_from_format_string@?$output_processor@_WV?$string_output_adapter@_W@__crt_stdio_output@@V?$format_validation_base@_WV?$string_output_adapter@_W@__crt_stdio_output@@@2@@__crt_stdio_output@@AEAA_NQEAH@Z 0000000180011780 f i libucrtd:output.obj
 0001:00010870       ?process@?$output_processor@DV?$string_output_adapter@D@__crt_stdio_output@@V?$format_validation_base@DV?$string_output_adapter@D@__crt_stdio_output@@@2@@__crt_stdio_output@@QEAAHXZ 0000000180011870 f i libucrtd:output.obj
 0001:00010bd0       ?process@?$output_processor@_WV?$string_output_adapter@_W@__crt_stdio_output@@V?$format_validation_base@_WV?$string_output_adapter@_W@__crt_stdio_output@@@2@@__crt_stdio_output@@QEAAHXZ 0000000180011bd0 f i libucrtd:output.obj
 0001:00010f30       ?set_flag@?$output_processor@_WV?$string_output_adapter@_W@__crt_stdio_output@@V?$format_validation_base@_WV?$string_output_adapter@_W@__crt_stdio_output@@@2@@__crt_stdio_output@@AEAAXI@Z 0000000180011f30 f i libucrtd:output.obj
 0001:00010f30       ?set_flag@?$output_processor@DV?$string_output_adapter@D@__crt_stdio_output@@V?$format_validation_base@DV?$string_output_adapter@D@__crt_stdio_output@@@2@@__crt_stdio_output@@AEAAXI@Z 0000000180011f30 f i libucrtd:output.obj
 0001:00010f50       ?validate_state_for_type_case_a@?$standard_base@_WV?$string_output_adapter@_W@__crt_stdio_output@@@__crt_stdio_output@@IEBA_NXZ 0000000180011f50 f i libucrtd:output.obj
 0001:00010f50       ?should_format@?$standard_base@DV?$string_output_adapter@D@__crt_stdio_output@@@__crt_stdio_output@@IEAA_NXZ 0000000180011f50 f i libucrtd:output.obj
 0001:00010f50       ?validate_state_for_type_case_a@?$standard_base@DV?$string_output_adapter@D@__crt_stdio_output@@@__crt_stdio_output@@IEBA_NXZ 0000000180011f50 f i libucrtd:output.obj
 0001:00010f50       ?validate_and_update_state_at_beginning_of_format_character@?$standard_base@DV?$string_output_adapter@D@__crt_stdio_output@@@__crt_stdio_output@@IEAA_NXZ 0000000180011f50 f i libucrtd:output.obj
 0001:00010f50       ?validate_and_update_state_at_beginning_of_format_character@?$standard_base@_WV?$string_output_adapter@_W@__crt_stdio_output@@@__crt_stdio_output@@IEAA_NXZ 0000000180011f50 f i libucrtd:output.obj
 0001:00010f50       ?should_format@?$standard_base@_WV?$string_output_adapter@_W@__crt_stdio_output@@@__crt_stdio_output@@IEAA_NXZ 0000000180011f50 f i libucrtd:output.obj
 0001:00010f60       ?should_skip_type_state_output@?$standard_base@DV?$string_output_adapter@D@__crt_stdio_output@@@__crt_stdio_output@@IEBA_NXZ 0000000180011f60 f i libucrtd:output.obj
 0001:00010f60       ?should_skip_normal_state_processing@?$standard_base@DV?$string_output_adapter@D@__crt_stdio_output@@@__crt_stdio_output@@IEAA_NXZ 0000000180011f60 f i libucrtd:output.obj
 0001:00010f60       ?should_skip_normal_state_processing@?$standard_base@_WV?$string_output_adapter@_W@__crt_stdio_output@@@__crt_stdio_output@@IEAA_NXZ 0000000180011f60 f i libucrtd:output.obj
 0001:00010f60       ?should_skip_type_state_output@?$standard_base@_WV?$string_output_adapter@_W@__crt_stdio_output@@@__crt_stdio_output@@IEBA_NXZ 0000000180011f60 f i libucrtd:output.obj
 0001:00010f70       ?state_case_dot@?$output_processor@_WV?$string_output_adapter@_W@__crt_stdio_output@@V?$format_validation_base@_WV?$string_output_adapter@_W@__crt_stdio_output@@@2@@__crt_stdio_output@@AEAA_NXZ 0000000180011f70 f i libucrtd:output.obj
 0001:00010f70       ?state_case_dot@?$output_processor@DV?$string_output_adapter@D@__crt_stdio_output@@V?$format_validation_base@DV?$string_output_adapter@D@__crt_stdio_output@@@2@@__crt_stdio_output@@AEAA_NXZ 0000000180011f70 f i libucrtd:output.obj
 0001:00010f90       ?state_case_flag@?$output_processor@DV?$string_output_adapter@D@__crt_stdio_output@@V?$format_validation_base@DV?$string_output_adapter@D@__crt_stdio_output@@@2@@__crt_stdio_output@@AEAA_NXZ 0000000180011f90 f i libucrtd:output.obj
 0001:00011030       ?state_case_flag@?$output_processor@_WV?$string_output_adapter@_W@__crt_stdio_output@@V?$format_validation_base@_WV?$string_output_adapter@_W@__crt_stdio_output@@@2@@__crt_stdio_output@@AEAA_NXZ 0000000180012030 f i libucrtd:output.obj
 0001:000110d0       ?state_case_normal@?$output_processor@DV?$string_output_adapter@D@__crt_stdio_output@@V?$format_validation_base@DV?$string_output_adapter@D@__crt_stdio_output@@@2@@__crt_stdio_output@@AEAA_NXZ 00000001800120d0 f i libucrtd:output.obj
 0001:000111b0       ?state_case_normal@?$output_processor@_WV?$string_output_adapter@_W@__crt_stdio_output@@V?$format_validation_base@_WV?$string_output_adapter@_W@__crt_stdio_output@@@2@@__crt_stdio_output@@AEAA_NXZ 00000001800121b0 f i libucrtd:output.obj
 0001:00011290       ?state_case_normal_common@?$output_processor@DV?$string_output_adapter@D@__crt_stdio_output@@V?$format_validation_base@DV?$string_output_adapter@D@__crt_stdio_output@@@2@@__crt_stdio_output@@AEAA_NXZ 0000000180012290 f i libucrtd:output.obj
 0001:000112e0       ?state_case_normal_common@?$output_processor@_WV?$string_output_adapter@_W@__crt_stdio_output@@V?$format_validation_base@_WV?$string_output_adapter@_W@__crt_stdio_output@@@2@@__crt_stdio_output@@AEAA_NXZ 00000001800122e0 f i libucrtd:output.obj
 0001:00011330       ?state_case_normal_tchar@?$output_processor@DV?$string_output_adapter@D@__crt_stdio_output@@V?$format_validation_base@DV?$string_output_adapter@D@__crt_stdio_output@@@2@@__crt_stdio_output@@AEAA_ND@Z 0000000180012330 f i libucrtd:output.obj
 0001:00011470       ?state_case_normal_tchar@?$output_processor@_WV?$string_output_adapter@_W@__crt_stdio_output@@V?$format_validation_base@_WV?$string_output_adapter@_W@__crt_stdio_output@@@2@@__crt_stdio_output@@AEAA_N_W@Z 0000000180012470 f i libucrtd:output.obj
 0001:00011490       ?state_case_percent@?$output_processor@DV?$string_output_adapter@D@__crt_stdio_output@@V?$format_validation_base@DV?$string_output_adapter@D@__crt_stdio_output@@@2@@__crt_stdio_output@@AEAA_NXZ 0000000180012490 f i libucrtd:output.obj
 0001:00011490       ?state_case_percent@?$output_processor@_WV?$string_output_adapter@_W@__crt_stdio_output@@V?$format_validation_base@_WV?$string_output_adapter@_W@__crt_stdio_output@@@2@@__crt_stdio_output@@AEAA_NXZ 0000000180012490 f i libucrtd:output.obj
 0001:000114e0       ?state_case_precision@?$output_processor@DV?$string_output_adapter@D@__crt_stdio_output@@V?$format_validation_base@DV?$string_output_adapter@D@__crt_stdio_output@@@2@@__crt_stdio_output@@AEAA_NXZ 00000001800124e0 f i libucrtd:output.obj
 0001:00011560       ?state_case_precision@?$output_processor@_WV?$string_output_adapter@_W@__crt_stdio_output@@V?$format_validation_base@_WV?$string_output_adapter@_W@__crt_stdio_output@@@2@@__crt_stdio_output@@AEAA_NXZ 0000000180012560 f i libucrtd:output.obj
 0001:000115e0       ?state_case_size@?$output_processor@DV?$string_output_adapter@D@__crt_stdio_output@@V?$format_validation_base@DV?$string_output_adapter@D@__crt_stdio_output@@@2@@__crt_stdio_output@@AEAA_NXZ 00000001800125e0 f i libucrtd:output.obj
 0001:00011a60       ?state_case_size@?$output_processor@_WV?$string_output_adapter@_W@__crt_stdio_output@@V?$format_validation_base@_WV?$string_output_adapter@_W@__crt_stdio_output@@@2@@__crt_stdio_output@@AEAA_NXZ 0000000180012a60 f i libucrtd:output.obj
 0001:00011ee0       ?state_case_type@?$output_processor@DV?$string_output_adapter@D@__crt_stdio_output@@V?$format_validation_base@DV?$string_output_adapter@D@__crt_stdio_output@@@2@@__crt_stdio_output@@AEAA_NXZ 0000000180012ee0 f i libucrtd:output.obj
 0001:00012380       ?state_case_type@?$output_processor@_WV?$string_output_adapter@_W@__crt_stdio_output@@V?$format_validation_base@_WV?$string_output_adapter@_W@__crt_stdio_output@@@2@@__crt_stdio_output@@AEAA_NXZ 0000000180013380 f i libucrtd:output.obj
 0001:000128e0       ?state_case_width@?$output_processor@DV?$string_output_adapter@D@__crt_stdio_output@@V?$format_validation_base@DV?$string_output_adapter@D@__crt_stdio_output@@@2@@__crt_stdio_output@@AEAA_NXZ 00000001800138e0 f i libucrtd:output.obj
 0001:00012970       ?state_case_width@?$output_processor@_WV?$string_output_adapter@_W@__crt_stdio_output@@V?$format_validation_base@_WV?$string_output_adapter@_W@__crt_stdio_output@@@2@@__crt_stdio_output@@AEAA_NXZ 0000000180013970 f i libucrtd:output.obj
 0001:00012a00       ?state_count@?$format_validation_base@_WV?$string_output_adapter@_W@__crt_stdio_output@@@__crt_stdio_output@@KAIXZ 0000000180013a00 f i libucrtd:output.obj
 0001:00012a00       ?state_count@?$format_validation_base@DV?$string_output_adapter@D@__crt_stdio_output@@@__crt_stdio_output@@KAIXZ 0000000180013a00 f i libucrtd:output.obj
 0001:00012a10       ?state_transition_table@?$format_validation_base@DV?$string_output_adapter@D@__crt_stdio_output@@@__crt_stdio_output@@KAPEBEXZ 0000000180013a10 f i libucrtd:output.obj
 0001:00012a10       ?state_transition_table@?$format_validation_base@_WV?$string_output_adapter@_W@__crt_stdio_output@@@__crt_stdio_output@@KAPEBEXZ 0000000180013a10 f i libucrtd:output.obj
 0001:00012a20       ?tchar_string@?$common_data@D@__crt_stdio_output@@IEAAAEAPEADD@Z 0000000180013a20 f i libucrtd:output.obj
 0001:00012a40       ?tchar_string@?$common_data@D@__crt_stdio_output@@IEAAAEAPEADXZ 0000000180013a40 f i libucrtd:output.obj
 0001:00012a60       ?tchar_string@?$common_data@_W@__crt_stdio_output@@IEAAAEAPEA_WXZ 0000000180013a60 f i libucrtd:output.obj
 0001:00012a80       ?tchar_string@?$common_data@_W@__crt_stdio_output@@IEAAAEAPEA_W_W@Z 0000000180013a80 f i libucrtd:output.obj
 0001:00012aa0       ?to_integer_size@__crt_stdio_output@@YA_KW4length_modifier@1@@Z 0000000180013aa0 f i libucrtd:output.obj
 0001:00012b50       ?type_case_X@?$output_processor@DV?$string_output_adapter@D@__crt_stdio_output@@V?$format_validation_base@DV?$string_output_adapter@D@__crt_stdio_output@@@2@@__crt_stdio_output@@AEAA_NXZ 0000000180013b50 f i libucrtd:output.obj
 0001:00012b70       ?type_case_X@?$output_processor@_WV?$string_output_adapter@_W@__crt_stdio_output@@V?$format_validation_base@_WV?$string_output_adapter@_W@__crt_stdio_output@@@2@@__crt_stdio_output@@AEAA_NXZ 0000000180013b70 f i libucrtd:output.obj
 0001:00012b90       ?type_case_Z@?$output_processor@DV?$string_output_adapter@D@__crt_stdio_output@@V?$format_validation_base@DV?$string_output_adapter@D@__crt_stdio_output@@@2@@__crt_stdio_output@@AEAA_NXZ 0000000180013b90 f i libucrtd:output.obj
 0001:00012cb0       ?type_case_Z@?$output_processor@_WV?$string_output_adapter@_W@__crt_stdio_output@@V?$format_validation_base@_WV?$string_output_adapter@_W@__crt_stdio_output@@@2@@__crt_stdio_output@@AEAA_NXZ 0000000180013cb0 f i libucrtd:output.obj
 0001:00012dd0       ?type_case_a@?$output_processor@DV?$string_output_adapter@D@__crt_stdio_output@@V?$format_validation_base@DV?$string_output_adapter@D@__crt_stdio_output@@@2@@__crt_stdio_output@@AEAA_NXZ 0000000180013dd0 f i libucrtd:output.obj
 0001:00013190       ?type_case_a@?$output_processor@_WV?$string_output_adapter@_W@__crt_stdio_output@@V?$format_validation_base@_WV?$string_output_adapter@_W@__crt_stdio_output@@@2@@__crt_stdio_output@@AEAA_NXZ 0000000180014190 f i libucrtd:output.obj
 0001:00013560       ?type_case_c@?$output_processor@DV?$string_output_adapter@D@__crt_stdio_output@@V?$format_validation_base@DV?$string_output_adapter@D@__crt_stdio_output@@@2@@__crt_stdio_output@@AEAA_NXZ 0000000180014560 f i libucrtd:output.obj
 0001:00013580       ?type_case_c@?$output_processor@_WV?$string_output_adapter@_W@__crt_stdio_output@@V?$format_validation_base@_WV?$string_output_adapter@_W@__crt_stdio_output@@@2@@__crt_stdio_output@@AEAA_NXZ 0000000180014580 f i libucrtd:output.obj
 0001:000135a0       ?type_case_c_tchar@?$output_processor@DV?$string_output_adapter@D@__crt_stdio_output@@V?$format_validation_base@DV?$string_output_adapter@D@__crt_stdio_output@@@2@@__crt_stdio_output@@AEAA_ND@Z 00000001800145a0 f i libucrtd:output.obj
 0001:000136f0       ?type_case_c_tchar@?$output_processor@_WV?$string_output_adapter@_W@__crt_stdio_output@@V?$format_validation_base@_WV?$string_output_adapter@_W@__crt_stdio_output@@@2@@__crt_stdio_output@@AEAA_N_W@Z 00000001800146f0 f i libucrtd:output.obj
 0001:00013820       ?type_case_d@?$output_processor@DV?$string_output_adapter@D@__crt_stdio_output@@V?$format_validation_base@DV?$string_output_adapter@D@__crt_stdio_output@@@2@@__crt_stdio_output@@AEAA_NXZ 0000000180014820 f i libucrtd:output.obj
 0001:00013850       ?type_case_d@?$output_processor@_WV?$string_output_adapter@_W@__crt_stdio_output@@V?$format_validation_base@_WV?$string_output_adapter@_W@__crt_stdio_output@@@2@@__crt_stdio_output@@AEAA_NXZ 0000000180014850 f i libucrtd:output.obj
 0001:00013880       ?type_case_integer@?$output_processor@DV?$string_output_adapter@D@__crt_stdio_output@@V?$format_validation_base@DV?$string_output_adapter@D@__crt_stdio_output@@@2@@__crt_stdio_output@@AEAA_NI_N@Z 0000000180014880 f i libucrtd:output.obj
 0001:00013cd0       ?type_case_integer@?$output_processor@_WV?$string_output_adapter@_W@__crt_stdio_output@@V?$format_validation_base@_WV?$string_output_adapter@_W@__crt_stdio_output@@@2@@__crt_stdio_output@@AEAA_NI_N@Z 0000000180014cd0 f i libucrtd:output.obj
 0001:00014120       ?type_case_n@?$output_processor@DV?$string_output_adapter@D@__crt_stdio_output@@V?$format_validation_base@DV?$string_output_adapter@D@__crt_stdio_output@@@2@@__crt_stdio_output@@AEAA_NXZ 0000000180015120 f i libucrtd:output.obj
 0001:00014360       ?type_case_n@?$output_processor@_WV?$string_output_adapter@_W@__crt_stdio_output@@V?$format_validation_base@_WV?$string_output_adapter@_W@__crt_stdio_output@@@2@@__crt_stdio_output@@AEAA_NXZ 0000000180015360 f i libucrtd:output.obj
 0001:000145a0       ?type_case_o@?$output_processor@DV?$string_output_adapter@D@__crt_stdio_output@@V?$format_validation_base@DV?$string_output_adapter@D@__crt_stdio_output@@@2@@__crt_stdio_output@@AEAA_NXZ 00000001800155a0 f i libucrtd:output.obj
 0001:000145f0       ?type_case_o@?$output_processor@_WV?$string_output_adapter@_W@__crt_stdio_output@@V?$format_validation_base@_WV?$string_output_adapter@_W@__crt_stdio_output@@@2@@__crt_stdio_output@@AEAA_NXZ 00000001800155f0 f i libucrtd:output.obj
 0001:00014640       ?type_case_p@?$output_processor@DV?$string_output_adapter@D@__crt_stdio_output@@V?$format_validation_base@DV?$string_output_adapter@D@__crt_stdio_output@@@2@@__crt_stdio_output@@AEAA_NXZ 0000000180015640 f i libucrtd:output.obj
 0001:00014680       ?type_case_p@?$output_processor@_WV?$string_output_adapter@_W@__crt_stdio_output@@V?$format_validation_base@_WV?$string_output_adapter@_W@__crt_stdio_output@@@2@@__crt_stdio_output@@AEAA_NXZ 0000000180015680 f i libucrtd:output.obj
 0001:000146c0       ?type_case_s@?$output_processor@DV?$string_output_adapter@D@__crt_stdio_output@@V?$format_validation_base@DV?$string_output_adapter@D@__crt_stdio_output@@@2@@__crt_stdio_output@@AEAA_NXZ 00000001800156c0 f i libucrtd:output.obj
[...]
 0004:00002688       $pdata$??0big_integer@__crt_strtox@@QEAA@AEBU01@@Z 0000000180051688     libucrtd:cfout.obj
 0004:00002688       $pdata$??4big_integer@__crt_strtox@@QEAAAEAU01@AEBU01@@Z 0000000180051688     libucrtd:cfout.obj
 0004:00002694       $pdata$??8__crt_strtox@@YA_NAEBUbig_integer@0@0@Z 0000000180051694     libucrtd:cfout.obj
 0004:000026a0       $pdata$??9__crt_strtox@@YA_NAEBUbig_integer@0@0@Z 00000001800516a0     libucrtd:cfout.obj
 0004:000026ac       $pdata$?make_big_integer@__crt_strtox@@YA?AUbig_integer@1@_K@Z 00000001800516ac     libucrtd:cfout.obj
 0004:000026b8       $pdata$?make_big_integer_power_of_two@__crt_strtox@@YA?AUbig_integer@1@I@Z 00000001800516b8     libucrtd:cfout.obj
 0004:000026c4       $pdata$?is_zero@__crt_strtox@@YA_NAEBUbig_integer@1@@Z 00000001800516c4     libucrtd:cfout.obj
 0004:000026d0       $pdata$?bit_scan_reverse@__crt_strtox@@YAII@Z 00000001800516d0     libucrtd:cfout.obj
 0004:000026dc       $pdata$?shift_left@__crt_strtox@@YA_NAEAUbig_integer@1@I@Z 00000001800516dc     libucrtd:cfout.obj
 0004:000026e8       $pdata$?add_carry@__crt_strtox@@YAIAEAIII@Z 00000001800516e8     libucrtd:cfout.obj
 0004:000026f4       $pdata$?add_multiply_carry@__crt_strtox@@YAIAEAIIII@Z 00000001800516f4     libucrtd:cfout.obj
 0004:00002700       $pdata$?multiply_core@__crt_strtox@@YAIQEAIII@Z 0000000180051700     libucrtd:cfout.obj
 0004:0000270c       $pdata$?multiply@__crt_strtox@@YA_NAEAUbig_integer@1@I@Z 000000018005170c     libucrtd:cfout.obj
 0004:00002718       $pdata$?multiply@__crt_strtox@@YA_NAEAUbig_integer@1@AEBU21@@Z 0000000180051718     libucrtd:cfout.obj
 0004:00002724       $pdata$?multiply_by_power_of_ten@__crt_strtox@@YA_NAEAUbig_integer@1@I@Z 0000000180051724     libucrtd:cfout.obj
 0004:00002730       $pdata$?count_sequential_high_zeroes@__crt_strtox@@YAII@Z 0000000180051730     libucrtd:cfout.obj
 0004:0000273c       $pdata$?divide@__crt_strtox@@YA_KAEAUbig_integer@1@AEBU21@@Z 000000018005173c     libucrtd:cfout.obj
 0004:00002748       $pdata$??0scoped_fp_state_reset@?A0x71ca7cfb@@QEAA@XZ 0000000180051748     libucrtd:cfout.obj
 0004:00002754       $pdata$??1scoped_fp_state_reset@?A0x71ca7cfb@@QEAA@XZ 0000000180051754     libucrtd:cfout.obj
 0004:00002760       $pdata$??$convert_to_fos_high_precision@N@@YAXNIQEAHQEAD_K@Z 0000000180051760     libucrtd:cfout.obj
 0004:0000276c       $pdata$_fcloseall          000000018005176c     libucrtd:closeall.obj
 0004:00002778       $pdata$_fcloseall$fin$0    0000000180051778     libucrtd:closeall.obj
 0004:00002784       $pdata$?is_in_use@__crt_stdio_stream@@QEBA_NXZ 0000000180051784     libucrtd:closeall.obj
 0004:00002790       $pdata$?has_crt_buffer@__crt_stdio_stream@@QEBA_NXZ 0000000180051790     libucrtd:_freebuf.obj
 0004:0000279c       $pdata$__acrt_stdio_free_buffer_nolock 000000018005179c     libucrtd:_freebuf.obj
 0004:000027a8       $pdata$__acrt_GetStringTypeW 00000001800517a8     libucrtd:getstringtypew.obj
 0004:000027b4       $pdata$_itow_s             00000001800517b4     libucrtd:xtoa.obj
 0004:000027c0       $pdata$_itoa_s             00000001800517c0     libucrtd:xtoa.obj
 0004:000027cc       $pdata$??$common_xtox_s@KD@@YAHKQEAD_KI_N@Z 00000001800517cc     libucrtd:xtoa.obj
 0004:000027d8       $pdata$??$common_xtox@KD@@YAHKQEAD_KI_N@Z 00000001800517d8     libucrtd:xtoa.obj
 0004:000027e4       $pdata$??$common_xtox_s@K_W@@YAHKQEA_W_KI_N@Z 00000001800517e4     libucrtd:xtoa.obj
 0004:000027f0       $pdata$??$common_xtox@K_W@@YAHKQEA_W_KI_N@Z 00000001800517f0     libucrtd:xtoa.obj
 0004:000027fc       $pdata$mbstowcs_s          00000001800517fc     libucrtd:mbstowcs.obj
 0004:00002808       $pdata$_mbstowcs_s_l       0000000180051808     libucrtd:mbstowcs.obj
 0004:00002814       $pdata$?_mbstowcs_l_helper@@YA_KPEA_WPEBD_KPEAU__crt_locale_pointers@@@Z 0000000180051814     libucrtd:mbstowcs.obj
 0004:00002820       $pdata$wcstombs_s          0000000180051820     libucrtd:wcstombs.obj
 0004:0000282c       $pdata$_wcstombs_s_l       000000018005182c     libucrtd:wcstombs.obj
 0004:00002838       $pdata$?wcsncnt@@YA_KPEB_W_K@Z 0000000180051838     libucrtd:wcstombs.obj
 0004:00002844       $pdata$?_wcstombs_l_helper@@YA_KPEADPEB_W_KPEAU__crt_locale_pointers@@@Z 0000000180051844     libucrtd:wcstombs.obj
 0004:00002850       $pdata$?dtor$0@?0??_wcstombs_l_helper@@YA_KPEADPEB_W_KPEAU__crt_locale_pointers@@@Z@4HA 0000000180051850     libucrtd:wcstombs.obj
 0004:0000285c       $pdata$strcat_s            000000018005185c     libucrtd:strcat_s.obj
 0004:00002868       $pdata$??$common_tcscat_s@D@@YAHQEAD_KQEBD@Z 0000000180051868     libucrtd:strcat_s.obj
 0004:00002874       $pdata$__acrt_OutputDebugStringA 0000000180051874     libucrtd:outputdebugstringa.obj
 0004:00002880       $pdata$_set_errno_from_matherr 0000000180051880     libucrtd:fpexcept.obj
 0004:0000288c       $pdata$_raise_excf         000000018005188c     libucrtd:fpexcept.obj
 0004:00002898       $pdata$_raise_exc          0000000180051898     libucrtd:fpexcept.obj
 0004:000028a4       $pdata$_raise_exc_ex       00000001800518a4     libucrtd:fpexcept.obj
 0004:000028b0       $pdata$_clrfp              00000001800518b0     libucrtd:fpctrl.obj
 0004:000028bc       $pdata$_ctrlfp             00000001800518bc     libucrtd:fpctrl.obj
 0004:000028c8       $pdata$_ctrlfp$filt$0      00000001800518c8     libucrtd:fpctrl.obj
 0004:000028d4       $pdata$_statfp             00000001800518d4     libucrtd:fpctrl.obj
 0004:000028e0       $pdata$_set_statfp         00000001800518e0     libucrtd:fpctrl.obj
 0004:000028ec       $pdata$__strncnt           00000001800518ec     libucrtd:strncnt.obj
 0004:000028f8       $pdata$__ascii_wcsnicmp    00000001800518f8     libucrtd:wcsnicmp.obj
 0004:00002904       $pdata$_commit             0000000180051904     libucrtd:commit.obj
 0004:00002910       $pdata$??R<lambda_5533cddd4bda0037814beee657757329>@@QEBAHXZ 0000000180051910     libucrtd:commit.obj
 0004:0000291c       $pdata$??$__acrt_lowio_lock_fh_and_call@V<lambda_5533cddd4bda0037814beee657757329>@@@@YAHH$$QEAV<lambda_5533cddd4bda0037814beee657757329>@@@Z 000000018005191c     libucrtd:commit.obj
 0004:00002928       $pdata$??R<lambda_53fc7fc888e23d815d7080162c0aeeb2>@@QEBAXXZ 0000000180051928     libucrtd:close.obj
 0004:00002928       $pdata$??R<lambda_4e3dbe6921bc0b5a1a6bc6573fdc859e>@@QEBAXXZ 0000000180051928     libucrtd:commit.obj
 0004:00002934       $pdata$??R<lambda_8ddc48ad9d26c778cb15812d1d88fc8a>@@QEBAXXZ 0000000180051934     libucrtd:close.obj
 0004:00002934       $pdata$??R<lambda_47cffbaa968af5c721c38a4a6f8da44d>@@QEBAXXZ 0000000180051934     libucrtd:commit.obj
 0004:00002940       $pdata$??$?RV<lambda_4e3dbe6921bc0b5a1a6bc6573fdc859e>@@AEAV<lambda_5533cddd4bda0037814beee657757329>@@V<lambda_47cffbaa968af5c721c38a4a6f8da44d>@@@?$__crt_seh_guarded_call@H@@QEAAH$$QEAV<lambda_4e3dbe6921bc0b5a1a6bc6573fdc859e>@@AEAV<lambda_5533cddd4bda0037814beee657757329>@@$$QEAV<lambda_47cffbaa968af5c721c38a4a6f8da44d>@@@Z 0000000180051940     libucrtd:commit.obj
 0004:0000294c       $pdata$?fin$0@?0???$?RV<lambda_53fc7fc888e23d815d7080162c0aeeb2>@@AEAV<lambda_4e7105787b7b0e0227fbf2b2d883fa65>@@V<lambda_8ddc48ad9d26c778cb15812d1d88fc8a>@@@?$__crt_seh_guarded_call@H@@QEAAH$$QEAV<lambda_53fc7fc888e23d815d7080162c0aeeb2>@@AEAV<lambda_4e7105787b7b0e0227fbf2b2d883fa65>@@$$QEAV<lambda_8ddc48ad9d26c778cb15812d1d88fc8a>@@@Z@4HA 000000018005194c     libucrtd:close.obj
 0004:0000294c       $pdata$?fin$0@?0???$?RV<lambda_4e3dbe6921bc0b5a1a6bc6573fdc859e>@@AEAV<lambda_5533cddd4bda0037814beee657757329>@@V<lambda_47cffbaa968af5c721c38a4a6f8da44d>@@@?$__crt_seh_guarded_call@H@@QEAAH$$QEAV<lambda_4e3dbe6921bc0b5a1a6bc6573fdc859e>@@AEAV<lambda_5533cddd4bda0037814beee657757329>@@$$QEAV<lambda_47cffbaa968af5c721c38a4a6f8da44d>@@@Z@4HA 000000018005194c     libucrtd:commit.obj
 0004:00002958       $pdata$_write              0000000180051958     libucrtd:write.obj
 0004:00002964       $pdata$_write$fin$0        0000000180051964     libucrtd:write.obj
 0004:00002970       $pdata$_write_nolock       0000000180051970     libucrtd:write.obj
 0004:0000297c       $pdata$?write_requires_double_translation_nolock@@YA_NH@Z 000000018005197c     libucrtd:write.obj
 0004:00002988       $pdata$?write_double_translated_ansi_nolock@@YA?AUwrite_result@?A0x17268360@@HQEBDI@Z 0000000180051988     libucrtd:write.obj
 0004:00002994       $pdata$?write_double_translated_unicode_nolock@@YA?AUwrite_result@?A0x17268360@@QEBDI@Z 0000000180051994     libucrtd:write.obj
 0004:000029a0       $pdata$?write_text_ansi_nolock@@YA?AUwrite_result@?A0x17268360@@HQEBDI@Z 00000001800519a0     libucrtd:write.obj
 0004:000029ac       $pdata$?write_text_utf16le_nolock@@YA?AUwrite_result@?A0x17268360@@HQEBDI@Z 00000001800519ac     libucrtd:write.obj
 0004:000029b8       $pdata$?write_text_utf8_nolock@@YA?AUwrite_result@?A0x17268360@@HQEBDI@Z 00000001800519b8     libucrtd:write.obj
 0004:000029c4       $pdata$?write_binary_nolock@@YA?AUwrite_result@?A0x17268360@@HQEBDI@Z 00000001800519c4     libucrtd:write.obj
 0004:000029d0       $pdata$?__mbrtoc32_utf8@__crt_mbstring@@YA_KPEA_UPEBD_KPEAU_Mbstatet@@@Z 00000001800519d0     libucrtd:mbrtoc32.obj
 0004:000029e8       $pdata$ceil                00000001800519e8     libucrtd:ceil.obj
 0004:000029f4       $pdata$fegetenv            00000001800519f4     libucrtd:fegetenv.obj
 0004:00002a00       $pdata$fesetenv            0000000180051a00     libucrtd:fesetenv.obj
 0004:00002a0c       $pdata$feholdexcept        0000000180051a0c     libucrtd:feholdexcept.obj
 0004:00002a18       $pdata$_lseeki64_nolock    0000000180051a18     libucrtd:lseek.obj
 0004:00002a24       $pdata$?common_lseek_do_seek_nolock@@YA_JQEAX_JH@Z 0000000180051a24     libucrtd:lseek.obj
 0004:00002a30       $pdata$??$common_lseek_nolock@_J@@YA_JH_JH@Z 0000000180051a30     libucrtd:lseek.obj
 0004:00002a3c       $pdata$fclose              0000000180051a3c     libucrtd:fclose.obj
 0004:00002a48       $pdata$fclose$fin$0        0000000180051a48     libucrtd:fclose.obj
 0004:00002a54       $pdata$_fclose_nolock      0000000180051a54     libucrtd:fclose.obj
 0004:00002a60       $pdata$?__wcsrtombs_utf8@__crt_mbstring@@YA_KPEADPEAPEB_W_KPEAU_Mbstatet@@@Z 0000000180051a60     libucrtd:wcrtomb.obj
 0004:00002a78       $pdata$_putwch_nolock      0000000180051a78     libucrtd:putwch.obj
 0004:00002a84       $pdata$_log_special_common 0000000180051a84     libucrtd:log_special.obj
 0004:00002a90       $pdata$_log10_special      0000000180051a90     libucrtd:log_special.obj
 0004:00002a9c       $pdata$??$__acrt_fenv_shift_bits@W4__acrt_fenv_abstract_control@@@@YA?AW4__acrt_fenv_abstract_control@@W40@0I@Z 0000000180051a9c     libucrtd:_fenvutils.obj
 0004:00002a9c       $pdata$??$__acrt_fenv_shift_bits@W4__acrt_fenv_abstract_status@@@@YA?AW4__acrt_fenv_abstract_status@@W40@0I@Z 0000000180051a9c     libucrtd:_fenvutils.obj
 0004:00002aa8       $pdata$??$__acrt_fenv_unshift_bits@W4__acrt_fenv_abstract_control@@@@YA?AW4__acrt_fenv_abstract_control@@W40@0I@Z 0000000180051aa8     libucrtd:_fenvutils.obj
 0004:00002aa8       $pdata$??$__acrt_fenv_unshift_bits@W4__acrt_fenv_abstract_status@@@@YA?AW4__acrt_fenv_abstract_status@@W40@0I@Z 0000000180051aa8     libucrtd:_fenvutils.obj
 0004:00002ab4       $pdata$?__acrt_fenv_shift_abstract_sse_status@@YA?AW4__acrt_fenv_abstract_status@@W41@@Z 0000000180051ab4     libucrtd:_fenvutils.obj
 0004:00002ac0       $pdata$?__acrt_fenv_unshift_abstract_sse_status@@YA?AW4__acrt_fenv_abstract_status@@W41@@Z 0000000180051ac0     libucrtd:_fenvutils.obj
 0004:00002acc       $pdata$?__acrt_fenv_shift_abstract_sse_control@@YA?AW4__acrt_fenv_abstract_control@@W41@@Z 0000000180051acc     libucrtd:_fenvutils.obj
 0004:00002ad8       $pdata$?__acrt_fenv_unshift_abstract_sse_control@@YA?AW4__acrt_fenv_abstract_control@@W41@@Z 0000000180051ad8     libucrtd:_fenvutils.obj
 0004:00002ae4       $pdata$__acrt_fenv_get_status 0000000180051ae4     libucrtd:_fenvutils.obj
 0004:00002af0       $pdata$__acrt_fenv_set_status 0000000180051af0     libucrtd:_fenvutils.obj
 0004:00002afc       $pdata$__acrt_fenv_get_control 0000000180051afc     libucrtd:_fenvutils.obj
 0004:00002b08       $pdata$__acrt_fenv_set_control 0000000180051b08     libucrtd:_fenvutils.obj
 0004:00002b14       $pdata$?to_machine_sse_status@@YA?AW4__acrt_fenv_machine_sse_status@@W4__acrt_fenv_abstract_status@@@Z 0000000180051b14     libucrtd:_fenvutils.obj
 0004:00002b20       $pdata$??$translate_status@W4__acrt_fenv_machine_sse_status@@W4__acrt_fenv_abstract_status@@@@YA?AW4__acrt_fenv_machine_sse_status@@W4__acrt_fenv_abstract_status@@@Z 0000000180051b20     libucrtd:_fenvutils.obj
 0004:00002b2c       $pdata$?translate_control_denormal_control_to_sse@@YA?AW4__acrt_fenv_machine_sse_control@@W4__acrt_fenv_abstract_control@@@Z 0000000180051b2c     libucrtd:_fenvutils.obj
 0004:00002b38       $pdata$?translate_control_denormal_control_from_sse@@YA?AW4__acrt_fenv_abstract_control@@W4__acrt_fenv_machine_sse_control@@@Z 0000000180051b38     libucrtd:_fenvutils.obj
 0004:00002b44       $pdata$?to_abstract_control@@YA?AW4__acrt_fenv_abstract_control@@W4__acrt_fenv_machine_sse_control@@@Z 0000000180051b44     libucrtd:_fenvutils.obj
 0004:00002b50       $pdata$??$translate_control_exception_mask@W4__acrt_fenv_abstract_control@@W4__acrt_fenv_machine_sse_control@@@@YA?AW4__acrt_fenv_abstract_control@@W4__acrt_fenv_machine_sse_control@@@Z 0000000180051b50     libucrtd:_fenvutils.obj
 0004:00002b5c       $pdata$??$translate_control_rounding_control@W4__acrt_fenv_abstract_control@@W4__acrt_fenv_machine_sse_control@@@@YA?AW4__acrt_fenv_abstract_control@@W4__acrt_fenv_machine_sse_control@@@Z 0000000180051b5c     libucrtd:_fenvutils.obj
 0004:00002b68       $pdata$?to_machine_sse_control@@YA?AW4__acrt_fenv_machine_sse_control@@W4__acrt_fenv_abstract_control@@@Z 0000000180051b68     libucrtd:_fenvutils.obj
 0004:00002b74       $pdata$??$translate_control_exception_mask@W4__acrt_fenv_machine_sse_control@@W4__acrt_fenv_abstract_control@@@@YA?AW4__acrt_fenv_machine_sse_control@@W4__acrt_fenv_abstract_control@@@Z 0000000180051b74     libucrtd:_fenvutils.obj
 0004:00002b80       $pdata$??$translate_control_rounding_control@W4__acrt_fenv_machine_sse_control@@W4__acrt_fenv_abstract_control@@@@YA?AW4__acrt_fenv_machine_sse_control@@W4__acrt_fenv_abstract_control@@@Z 0000000180051b80     libucrtd:_fenvutils.obj
 0004:00002b8c       $pdata$?get_machine_sse_status@@YA?AW4__acrt_fenv_machine_sse_status@@XZ 0000000180051b8c     libucrtd:_fenvutils.obj
 0004:00002b98       $pdata$?set_machine_sse_status@@YAXW4__acrt_fenv_machine_sse_status@@@Z 0000000180051b98     libucrtd:_fenvutils.obj
 0004:00002ba4       $pdata$?get_machine_sse_control@@YA?AW4__acrt_fenv_machine_sse_control@@XZ 0000000180051ba4     libucrtd:_fenvutils.obj
 0004:00002bb0       $pdata$?set_machine_sse_control@@YAXW4__acrt_fenv_machine_sse_control@@@Z 0000000180051bb0     libucrtd:_fenvutils.obj
 0004:00002bbc       $pdata$??$to_abstract_status@W4__acrt_fenv_machine_sse_status@@@@YA?AW4__acrt_fenv_abstract_status@@W4__acrt_fenv_machine_sse_status@@@Z 0000000180051bbc     libucrtd:_fenvutils.obj
 0004:00002bc8       $pdata$??$__acrt_fenv_translate_bit@W4__acrt_fenv_abstract_status@@W4__acrt_fenv_machine_sse_status@@@@YA?AW4__acrt_fenv_abstract_status@@W4__acrt_fenv_machine_sse_status@@0W40@1@Z 0000000180051bc8     libucrtd:_fenvutils.obj
 0004:00002bc8       $pdata$??$__acrt_fenv_translate_bit@W4__acrt_fenv_machine_sse_status@@W4__acrt_fenv_abstract_status@@@@YA?AW4__acrt_fenv_machine_sse_status@@W4__acrt_fenv_abstract_status@@0W40@1@Z 0000000180051bc8     libucrtd:_fenvutils.obj
 0004:00002bd4       $pdata$??$__acrt_fenv_translate_bit@W4__acrt_fenv_abstract_control@@W4__acrt_fenv_machine_sse_control@@@@YA?AW4__acrt_fenv_abstract_control@@W4__acrt_fenv_machine_sse_control@@0W40@1@Z 0000000180051bd4     libucrtd:_fenvutils.obj
 0004:00002be0       $pdata$??$__acrt_fenv_translate_bit@W4__acrt_fenv_machine_sse_control@@W4__acrt_fenv_abstract_control@@@@YA?AW4__acrt_fenv_machine_sse_control@@W4__acrt_fenv_abstract_control@@0W40@1@Z 0000000180051be0     libucrtd:_fenvutils.obj
 0004:00002bec       $pdata$??$translate_status@W4__acrt_fenv_abstract_status@@W4__acrt_fenv_machine_sse_status@@@@YA?AW4__acrt_fenv_abstract_status@@W4__acrt_fenv_machine_sse_status@@@Z 0000000180051bec     libucrtd:_fenvutils.obj
 0004:00002bf8       $pdata$_clearfp            0000000180051bf8     libucrtd:ieee.obj
 0004:00002c04       $pdata$_abstract_sw        0000000180051c04     libucrtd:ieee.obj
 0004:00002c10       $pdata$_close              0000000180051c10     libucrtd:close.obj
 0004:00002c1c       $pdata$_close_nolock       0000000180051c1c     libucrtd:close.obj
 0004:00002c28       $pdata$?close_os_handle_nolock@@YAKH@Z 0000000180051c28     libucrtd:close.obj
 0004:00002c34       $pdata$??R<lambda_4e7105787b7b0e0227fbf2b2d883fa65>@@QEBAHXZ 0000000180051c34     libucrtd:close.obj
 0004:00002c40       $pdata$??$__acrt_lowio_lock_fh_and_call@V<lambda_4e7105787b7b0e0227fbf2b2d883fa65>@@@@YAHH$$QEAV<lambda_4e7105787b7b0e0227fbf2b2d883fa65>@@@Z 0000000180051c40     libucrtd:close.obj
 0004:00002c4c       $pdata$??$?RV<lambda_53fc7fc888e23d815d7080162c0aeeb2>@@AEAV<lambda_4e7105787b7b0e0227fbf2b2d883fa65>@@V<lambda_8ddc48ad9d26c778cb15812d1d88fc8a>@@@?$__crt_seh_guarded_call@H@@QEAAH$$QEAV<lambda_53fc7fc888e23d815d7080162c0aeeb2>@@AEAV<lambda_4e7105787b7b0e0227fbf2b2d883fa65>@@$$QEAV<lambda_8ddc48ad9d26c778cb15812d1d88fc8a>@@@Z 0000000180051c4c     libucrtd:close.obj
 0004:00002c58       $pdata$?__acrt_stdio_free_stream@@YAXV__crt_stdio_stream@@@Z 0000000180051c58     libucrtd:stream.obj
 0004:00002c64       $pdata$?__c16rtomb_utf8@__crt_mbstring@@YA_KPEAD_SPEAU_Mbstatet@@@Z 0000000180051c64     libucrtd:c16rtomb.obj
 0004:00002c70       $pdata$?store_first_surrogate@?A0xc60ee810@@YAX_SPEAU_Mbstatet@@@Z 0000000180051c70     libucrtd:c16rtomb.obj
 0004:00002c7c       $pdata$?has_surrogate@?A0xc60ee810@@YA_NPEAU_Mbstatet@@@Z 0000000180051c7c     libucrtd:c16rtomb.obj
 0004:00002c88       $pdata$?is_first_surrogate@?A0xc60ee810@@YA_N_S@Z 0000000180051c88     libucrtd:c16rtomb.obj
 0004:00002c94       $pdata$?is_second_surrogate@?A0xc60ee810@@YA_N_S@Z 0000000180051c94     libucrtd:c16rtomb.obj
 0004:00002ca0       $pdata$__dcrt_lowio_ensure_console_output_initialized 0000000180051ca0     libucrtd:initcon.obj
 0004:00002cac       $pdata$__dcrt_write_console 0000000180051cac     libucrtd:initcon.obj
 0004:00002cb8       $pdata$__dcrt_terminate_console_output 0000000180051cb8     libucrtd:initcon.obj
 0004:00002cc4       $pdata$_ValidateImageBase  0000000180051cc4     LIBCMTD:pesect.obj
 0004:00002cd0       $pdata$_FindPESection      0000000180051cd0     LIBCMTD:pesect.obj
 0004:00002cdc       $pdata$_IsNonwritableInCurrentImage 0000000180051cdc     LIBCMTD:pesect.obj
 0004:00002ce8       $pdata$_IsNonwritableInCurrentImage$filt$0 0000000180051ce8     LIBCMTD:pesect.obj
 0004:00002cf4       $pdata$??_Gtype_info@@UEAAPEAXI@Z 0000000180051cf4     LIBCMTD:std_type_info_static.obj
 0004:00002d00       $pdata$??3@YAXPEAX_K@Z     0000000180051d00     LIBCMTD:delete_scalar_size.obj
 0004:00002d0c       $pdata$__GSHandlerCheck_SEH 0000000180051d0c     LIBCMTD:gshandlerseh.obj
 0004:00002d24       $pdata$__GSHandlerCheck_EH 0000000180051d24     LIBCMTD:gshandlereh.obj
 0004:00002d30       $pdata$??3@YAXPEAX@Z       0000000180051d30     LIBCMTD:delete_scalar.obj
 0004:00002d48       $pdata$strrchr             0000000180051d48     libvcruntimed:strrchr.obj
 0005:00000000       MoveSmall                  0000000180052000     libvcruntimed:memcpy.obj
 0005:00000050       MsetTab                    0000000180052050     libvcruntimed:memset.obj
