 handmade

 Timestamp is 5ec709cb (Thu May 21 17:07:55 2020)

 Preferred load address is 0000000180000000

 Start         Length     Name                   Class
 0001:00000000 00038dc0H .text$mn                CODE
 0001:00038dc0 00000020H .text$mn$00             CODE
 0001:00038de0 0000068dH .text$x                 CODE
 0002:00000000 00000248H .idata$5                DATA
 0002:00000248 00000028H .00cfg                  DATA
 0002:00000270 00000008H .CRT$XCA                DATA
 0002:00000278 00000008H .CRT$XCZ                DATA
 0002:00000280 00000008H .CRT$XIA                DATA
 0002:00000288 00000018H .CRT$XIC                DATA
 0002:000002a0 00000008H .CRT$XIZ                DATA
 0002:000002a8 00000008H .CRT$XPA                DATA
 0002:000002b0 00000010H .CRT$XPX                DATA
 0002:000002c0 00000008H .CRT$XPXA               DATA
 0002:000002c8 00000008H .CRT$XPZ                DATA
 0002:000002d0 00000008H .CRT$XTA                DATA
 0002:000002d8 00000008H .CRT$XTZ                DATA
 0002:000002e0 00000000H .gfids$y                DATA
 0002:000002e0 000102b0H .rdata                  DATA
 0002:00010590 0000016cH .rdata$r                DATA
 0002:000106fc 000002f4H .rdata$zzzdbg           DATA
 0002:000109f0 00000008H .rtc$IAA                DATA
 0002:000109f8 00000008H .rtc$IZZ                DATA
 0002:00010a00 00000008H .rtc$TAA                DATA
 0002:00010a08 00000008H .rtc$TZZ                DATA
 0002:00010a10 000010c8H .xdata                  DATA
 0002:00011ad8 00000088H .xdata$x                DATA
 0002:00011b60 00000074H .edata                  DATA
 0002:00011bd4 00000014H .idata$2                DATA
 0002:00011be8 00000018H .idata$3                DATA
 0002:00011c00 00000248H .idata$4                DATA
 0002:00011e48 00000554H .idata$6                DATA
 0003:00000000 00000a30H .data                   DATA
 0003:00000a30 00000070H .data$r                 DATA
 0003:00000aa0 00001868H .bss                    DATA
 0004:00000000 00002d84H .pdata                  DATA
 0005:00000000 00000094H _RDATA                  DATA

  Address         Publics by Value              Rva+Base               Lib:Object

 0000:00000000       __guard_fids_count         0000000000000000     <absolute>
 0000:00000000       __guard_longjmp_table      0000000000000000     <absolute>
 0000:00000000       __guard_iat_table          0000000000000000     <absolute>
 0000:00000000       __volatile_metadata        0000000000000000     <absolute>
 0000:00000000       __guard_longjmp_count      0000000000000000     <absolute>
 0000:00000000       __hybrid_code_map_count    0000000000000000     <absolute>
 0000:00000000       __guard_eh_cont_count      0000000000000000     <absolute>
 0000:00000000       __guard_eh_cont_table      0000000000000000     <absolute>
 0000:00000000       ___safe_se_handler_count   0000000000000000     <absolute>
 0000:00000000       __enclave_config           0000000000000000     <absolute>
 0000:00000000       __AbsoluteZero             0000000000000000     <absolute>
 0000:00000000       ___safe_se_handler_table   0000000000000000     <absolute>
 0000:00000000       __guard_fids_table         0000000000000000     <absolute>
 0000:00000000       __guard_iat_count          0000000000000000     <absolute>
 0000:00000000       __hybrid_auxiliary_iat     0000000000000000     <absolute>
 0000:00000000       __hybrid_code_map          0000000000000000     <absolute>
 0000:00000000       __dynamic_value_reloc_table 0000000000000000     <absolute>
 0000:00000100       __guard_flags              0000000000000100     <absolute>
 0000:00000000       __ImageBase                0000000180000000     <linker-defined>
 0001:000005f0       GameUpdateAndRender        00000001800015f0 f   handmade.obj
 0001:00002a20       GameGetSoundSamples        0000000180003a20 f   handmade.obj
 0001:00002a60       ?FloorReal32ToInt32@@YAHM@Z 0000000180003a60 f i handmade.obj
 0001:00002a90       ?GetController@@YAPEAUgame_controller_input@@PEAUgame_input@@H@Z 0000000180003a90 f i handmade.obj
 0001:00002ae0       ?GetTileMap@@YAPEAUtile_map@@PEAUworld@@HH@Z 0000000180003ae0 f i handmade.obj
 0001:00002b60       ?GetTileValueUnchecked@@YAIPEAUworld@@PEAUtile_map@@HH@Z 0000000180003b60 f i handmade.obj
 0001:00002c00       ?IsTileMapPointEmpty@@YAHPEAUworld@@PEAUtile_map@@HH@Z 0000000180003c00 f i handmade.obj
 0001:00002c90       ?RoundReal32ToInt32@@YAHM@Z 0000000180003c90 f i handmade.obj
 0001:00002cc0       ?RoundReal32ToUInt32@@YAIM@Z 0000000180003cc0 f i handmade.obj
 0001:00002cf0       __GSHandlerCheck           0000000180003cf0 f   LIBCMTD:gshandler.obj
 0001:00002d30       __GSHandlerCheckCommon     0000000180003d30 f   LIBCMTD:gshandler.obj
 0001:00002e40       __security_check_cookie    0000000180003e40 f   LIBCMTD:amdsecgs.obj
 0001:00003280       _DllMainCRTStartup         0000000180004280 f   LIBCMTD:dll_dllmain.obj
 0001:000032c0       __raise_securityfailure    00000001800042c0 f   LIBCMTD:gs_report.obj
 0001:00003300       __report_gsfailure         0000000180004300 f   LIBCMTD:gs_report.obj
 0001:000033e0       __report_rangecheckfailure 00000001800043e0 f   LIBCMTD:gs_report.obj
 0001:00003400       __report_securityfailure   0000000180004400 f   LIBCMTD:gs_report.obj
 0001:000036c0       __security_init_cookie     00000001800046c0 f   LIBCMTD:gs_support.obj
 0001:00003740       DllMain                    0000000180004740 f   LIBCMTD:dll_dllmain_stub.obj
 0001:00003760       ?__scrt_initialize_type_info@@YAXXZ 0000000180004760 f   LIBCMTD:tncleanup.obj
 0001:00003780       ?__scrt_uninitialize_type_info@@YAXXZ 0000000180004780 f   LIBCMTD:tncleanup.obj
 0001:000037a0       __local_stdio_printf_options 00000001800047a0 f i LIBCMTD:default_local_stdio_options.obj
 0001:000037b0       __local_stdio_scanf_options 00000001800047b0 f i LIBCMTD:default_local_stdio_options.obj
 0001:000037c0       __scrt_initialize_default_local_stdio_options 00000001800047c0 f   LIBCMTD:default_local_stdio_options.obj
 0001:00003810       ?configure_argv@__scrt_narrow_argv_policy@@SAHXZ 0000000180004810 f i LIBCMTD:utility.obj
 0001:00003900       ?initialize_environment@__scrt_narrow_environment_policy@@SAHXZ 0000000180004900 f i LIBCMTD:utility.obj
 0001:000039a0       NtCurrentTeb               00000001800049a0 f i LIBCMTD:utility.obj
 0001:000039b0       __scrt_acquire_startup_lock 00000001800049b0 f   LIBCMTD:utility.obj
 0001:00003a20       __scrt_dllmain_after_initialize_c 0000000180004a20 f   LIBCMTD:utility.obj
 0001:00003a50       __scrt_dllmain_before_initialize_c 0000000180004a50 f   LIBCMTD:utility.obj
 0001:00003a70       __scrt_dllmain_crt_thread_attach 0000000180004a70 f   LIBCMTD:utility.obj
 0001:00003aa0       __scrt_dllmain_crt_thread_detach 0000000180004aa0 f   LIBCMTD:utility.obj
 0001:00003ac0       __scrt_dllmain_exception_filter 0000000180004ac0 f   LIBCMTD:utility.obj
 0001:00003b30       __scrt_dllmain_uninitialize_c 0000000180004b30 f   LIBCMTD:utility.obj
 0001:00003b60       __scrt_dllmain_uninitialize_critical 0000000180004b60 f   LIBCMTD:utility.obj
 0001:00003b80       __scrt_initialize_crt      0000000180004b80 f   LIBCMTD:utility.obj
 0001:00003bd0       __scrt_initialize_onexit_tables 0000000180004bd0 f   LIBCMTD:utility.obj
 0001:00003ce0       __scrt_is_nonwritable_in_current_image 0000000180004ce0 f   LIBCMTD:utility.obj
 0001:00003d70       __scrt_release_startup_lock 0000000180004d70 f   LIBCMTD:utility.obj
 0001:00003da0       __scrt_uninitialize_crt    0000000180004da0 f   LIBCMTD:utility.obj
 0001:00003de0       __scrt_get_dyn_tls_init_callback 0000000180004de0 f   LIBCMTD:dyn_tls_init.obj
 0001:00003df0       __crt_debugger_hook        0000000180004df0 f   LIBCMTD:utility_desktop.obj
 0001:00003e00       __scrt_fastfail            0000000180004e00 f   LIBCMTD:utility_desktop.obj
 0001:00003fa0       _RTC_Initialize            0000000180004fa0 f   LIBCMTD:initsect.obj
 0001:00003ff0       _RTC_Terminate             0000000180004ff0 f   LIBCMTD:initsect.obj
 0001:00004040       ??1scoped_global_state_reset@__crt_state_management@@QEAA@XZ 0000000180005040 f i libucrtd:onexit.obj
 0001:00004040       _guard_check_icall_nop     0000000180005040 f i LIBCMTD:guard_support.obj
 0001:00004040       ??1?$__crt_simd_cleanup_guard@$0A@@@QEAA@XZ 0000000180005040 f i libucrtd:strnlen.obj
 0001:00004050       ?__crt_interlocked_read_64@@YA_JPED_J@Z 0000000180005050 f i libvcruntimed:std_type_info.obj
 0001:00004050       ReadNoFence64              0000000180005050 f i LIBCMTD:guard_support.obj
 0001:00004070       ReadPointerNoFence         0000000180005070 f i LIBCMTD:guard_support.obj
 0001:00004070       ??$__crt_interlocked_read_pointer@X@@YAPEAXPEDSEAX@Z 0000000180005070 f i libvcruntimed:winapi_downlevel.obj
 0001:00004070       ??$__crt_interlocked_read_pointer@UHINSTANCE__@@@@YAPEAUHINSTANCE__@@PEDSEAU0@@Z 0000000180005070 f i libvcruntimed:winapi_downlevel.obj
 0001:00004090       _guard_icall_checks_enforced 0000000180005090 f i LIBCMTD:guard_support.obj
 0001:000040d0       __isa_available_init       00000001800050d0 f   LIBCMTD:cpu_disp.obj
 0001:00004470       _get_startup_argv_mode     0000000180005470 f   LIBCMTD:argv_mode.obj
 0001:00004480       __scrt_is_ucrt_dll_in_use  0000000180005480 f   LIBCMTD:ucrt_detection.obj
 0001:000044b0       IsProcessorFeaturePresent  00000001800054b0 f   kernel32:KERNEL32.dll
 0001:000044c0       __C_specific_handler       00000001800054c0 f   libvcruntimed:riscchandler.obj
 0001:00004930       ??$?RU__crt_multibyte_data@@@__crt_internal_free_policy@@QEBAXQEBU__crt_multibyte_data@@@Z 0000000180005930 f i libucrtd:mbctype.obj
 0001:00004930       ??$?RE@__crt_internal_free_policy@@QEBAXQEBE@Z 0000000180005930 f i libucrtd:argv_parsing.obj
 0001:00004930       ??$?RU__crt_lowio_handle_data@@@__crt_internal_free_policy@@QEBAXQEBU__crt_lowio_handle_data@@@Z 0000000180005930 f i libucrtd:osfinfo.obj
 0001:00004930       ??$?RPEAD@__crt_internal_free_policy@@QEBAXQEBQEAD@Z 0000000180005930 f i libucrtd:argv_parsing.obj
 0001:00004930       ??$?RPEAU__crt_stdio_stream_data@@@__crt_internal_free_policy@@QEBAXQEBQEAU__crt_stdio_stream_data@@@Z 0000000180005930 f i libucrtd:_file.obj
 0001:00004930       ??$?RU__vcrt_ptd@@@__crt_internal_free_policy@@QEBAXQEBU__vcrt_ptd@@@Z 0000000180005930 f i libvcruntimed:per_thread_data.obj
 0001:00004930       ??$?RD@__crt_internal_free_policy@@QEBAXQEBD@Z 0000000180005930 f i libvcruntimed:std_type_info.obj
 0001:00004930       ??$?RU__acrt_ptd@@@__crt_internal_free_policy@@QEBAXQEBU__acrt_ptd@@@Z 0000000180005930 f i libucrtd:per_thread_data.obj
 0001:00004960       ??0?$__crt_unique_heap_ptr@PEAU__crt_stdio_stream_data@@U__crt_internal_free_policy@@@@QEAA@QEAPEAU__crt_stdio_stream_data@@@Z 0000000180005960 f i libucrtd:_file.obj
 0001:00004960       ??0?$string_output_adapter@_W@__crt_stdio_output@@QEAA@QEAU?$string_output_adapter_context@_W@1@@Z 0000000180005960 f i libucrtd:output.obj
 0001:00004960       ??0?$__crt_unique_heap_ptr@U__vcrt_ptd@@U__crt_internal_free_policy@@@@QEAA@QEAU__vcrt_ptd@@@Z 0000000180005960 f i libvcruntimed:per_thread_data.obj
 0001:00004960       ??0?$string_output_adapter@D@__crt_stdio_output@@QEAA@QEAU?$string_output_adapter_context@D@1@@Z 0000000180005960 f i libucrtd:output.obj
 0001:00004960       ??0?$__crt_unique_heap_ptr@DU__crt_public_free_policy@@@@QEAA@QEAD@Z 0000000180005960 f i libvcruntimed:std_exception.obj
 0001:00004960       ??0?$__crt_unique_heap_ptr@U__acrt_ptd@@U__crt_internal_free_policy@@@@QEAA@QEAU__acrt_ptd@@@Z 0000000180005960 f i libucrtd:per_thread_data.obj
 0001:00004960       ??0?$__crt_unique_heap_ptr@PEADU__crt_internal_free_policy@@@@QEAA@QEAPEAD@Z 0000000180005960 f i libucrtd:argv_parsing.obj
 0001:00004960       ??0?$__crt_scoped_stack_ptr_tag@_W@@QEAA@QEA_W@Z 0000000180005960 f i libucrtd:getstringtypea.obj
 0001:00004960       ??0?$__crt_unique_handle_t@U__crt_hmodule_traits@@@@QEAA@QEAUHINSTANCE__@@@Z 0000000180005960 f i libucrtd:exit.obj
 0001:00004960       ??0?$__crt_unique_heap_ptr@EU__crt_internal_free_policy@@@@QEAA@QEAE@Z 0000000180005960 f i libucrtd:argv_parsing.obj
 0001:00004960       ??0?$__crt_scoped_stack_ptr@_W@@QEAA@U?$__crt_scoped_stack_ptr_tag@_W@@@Z 0000000180005960 f i libucrtd:getstringtypea.obj
 0001:00004960       ??0?$__crt_unique_heap_ptr@U__crt_multibyte_data@@U__crt_internal_free_policy@@@@QEAA@QEAU__crt_multibyte_data@@@Z 0000000180005960 f i libucrtd:mbctype.obj
 0001:00004960       ??0?$__crt_unique_heap_ptr@DU__crt_internal_free_policy@@@@QEAA@QEAD@Z 0000000180005960 f i libvcruntimed:std_type_info.obj
 0001:00004960       ??0?$__crt_unique_handle_t@U__crt_findfile_traits@@@@QEAA@QEAX@Z 0000000180005960 f i libucrtd:argv_wildcards.obj
 0001:00004960       ??0?$__crt_unique_heap_ptr@U__crt_lowio_handle_data@@U__crt_internal_free_policy@@@@QEAA@QEAU__crt_lowio_handle_data@@@Z 0000000180005960 f i libucrtd:osfinfo.obj
 0001:00004960       ??0__crt_stdio_stream@@QEAA@QEAU_iobuf@@@Z 0000000180005960 f i libucrtd:output.obj
 0001:00004960       ??0__crt_stdio_stream@@QEAA@QEAU__crt_stdio_stream_data@@@Z 0000000180005960 f i libucrtd:fflush.obj
 0001:00004980       ??1?$__crt_unique_heap_ptr@U__acrt_ptd@@U__crt_internal_free_policy@@@@QEAA@XZ 0000000180005980 f i libucrtd:per_thread_data.obj
 0001:00004980       ??1?$__crt_unique_heap_ptr@PEADU__crt_internal_free_policy@@@@QEAA@XZ 0000000180005980 f i libucrtd:argv_parsing.obj
 0001:00004980       ??1?$__crt_unique_heap_ptr@DU__crt_internal_free_policy@@@@QEAA@XZ 0000000180005980 f i libvcruntimed:std_type_info.obj
 0001:00004980       ??1?$__crt_unique_heap_ptr@U__crt_multibyte_data@@U__crt_internal_free_policy@@@@QEAA@XZ 0000000180005980 f i libucrtd:mbctype.obj
 0001:00004980       ??1?$__crt_unique_heap_ptr@U__crt_lowio_handle_data@@U__crt_internal_free_policy@@@@QEAA@XZ 0000000180005980 f i libucrtd:osfinfo.obj
 0001:00004980       ??1?$__crt_unique_heap_ptr@U__vcrt_ptd@@U__crt_internal_free_policy@@@@QEAA@XZ 0000000180005980 f i libvcruntimed:per_thread_data.obj
 0001:00004980       ??1?$__crt_unique_heap_ptr@PEAU__crt_stdio_stream_data@@U__crt_internal_free_policy@@@@QEAA@XZ 0000000180005980 f i libucrtd:_file.obj
 0001:00004980       ??1?$__crt_unique_heap_ptr@EU__crt_internal_free_policy@@@@QEAA@XZ 0000000180005980 f i libucrtd:argv_parsing.obj
 0001:000049a0       ??B?$__crt_unique_heap_ptr@U__crt_multibyte_data@@U__crt_internal_free_policy@@@@QEBA_NXZ 00000001800059a0 f i libucrtd:mbctype.obj
 0001:000049a0       ??B?$__crt_unique_heap_ptr@U__vcrt_ptd@@U__crt_internal_free_policy@@@@QEBA_NXZ 00000001800059a0 f i libvcruntimed:per_thread_data.obj
 0001:000049a0       ??B?$__crt_unique_heap_ptr@EU__crt_internal_free_policy@@@@QEBA_NXZ 00000001800059a0 f i libucrtd:argv_parsing.obj
 0001:000049a0       ??B?$__crt_unique_heap_ptr@DU__crt_internal_free_policy@@@@QEBA_NXZ 00000001800059a0 f i libvcruntimed:std_type_info.obj
 0001:000049a0       ??B?$__crt_unique_heap_ptr@U__acrt_ptd@@U__crt_internal_free_policy@@@@QEBA_NXZ 00000001800059a0 f i libucrtd:per_thread_data.obj
 0001:000049a0       ??B?$__crt_unique_heap_ptr@U__crt_lowio_handle_data@@U__crt_internal_free_policy@@@@QEBA_NXZ 00000001800059a0 f i libucrtd:osfinfo.obj
 0001:000049a0       ??B?$__crt_unique_heap_ptr@DU__crt_public_free_policy@@@@QEBA_NXZ 00000001800059a0 f i libvcruntimed:std_exception.obj
 0001:000049c0       ??C__crt_stdio_stream@@QEBAPEAU__crt_stdio_stream_data@@XZ 00000001800059c0 f i libucrtd:output.obj
 0001:000049c0       ?get@?$__crt_unique_heap_ptr@DU__crt_public_free_policy@@@@QEBAPEADXZ 00000001800059c0 f i libvcruntimed:std_exception.obj
 0001:000049c0       ?get@?$__crt_unique_heap_ptr@DU__crt_internal_free_policy@@@@QEBAPEADXZ 00000001800059c0 f i libvcruntimed:std_type_info.obj
 0001:000049c0       ?get@?$__crt_unique_heap_ptr@U__crt_multibyte_data@@U__crt_internal_free_policy@@@@QEBAPEAU__crt_multibyte_data@@XZ 00000001800059c0 f i libucrtd:mbctype.obj
 0001:000049c0       ?public_stream@__crt_stdio_stream@@QEBAPEAU_iobuf@@XZ 00000001800059c0 f i libucrtd:output.obj
 0001:000049c0       ?get@?$__crt_unique_heap_ptr@U__vcrt_ptd@@U__crt_internal_free_policy@@@@QEBAPEAU__vcrt_ptd@@XZ 00000001800059c0 f i libvcruntimed:per_thread_data.obj
 0001:000049c0       ?get@?$__crt_unique_heap_ptr@PEADU__crt_internal_free_policy@@@@QEBAPEAPEADXZ 00000001800059c0 f i libucrtd:argv_parsing.obj
 0001:000049c0       ?get@?$__crt_unique_handle_t@U__crt_findfile_traits@@@@QEBAPEAXXZ 00000001800059c0 f i libucrtd:argv_wildcards.obj
 0001:000049c0       ?get@?$__crt_scoped_stack_ptr@_W@@QEBAPEA_WXZ 00000001800059c0 f i libucrtd:getstringtypea.obj
 0001:000049c0       ?get@?$__crt_unique_handle_t@U__crt_hmodule_traits@@@@QEBAPEAUHINSTANCE__@@XZ 00000001800059c0 f i libucrtd:exit.obj
 0001:000049c0       ?get@?$__crt_unique_heap_ptr@U__acrt_ptd@@U__crt_internal_free_policy@@@@QEBAPEAU__acrt_ptd@@XZ 00000001800059c0 f i libucrtd:per_thread_data.obj
 0001:000049c0       ?save_state@?$c_string_character_source@_W@__crt_strtox@@QEBAPEB_WXZ 00000001800059c0 f i libucrtd:atox.obj
 0001:000049c0       ?get@?$__crt_unique_heap_ptr@U__crt_lowio_handle_data@@U__crt_internal_free_policy@@@@QEBAPEAU__crt_lowio_handle_data@@XZ 00000001800059c0 f i libucrtd:osfinfo.obj
 0001:000049c0       ?get@?$__crt_unique_heap_ptr@EU__crt_internal_free_policy@@@@QEBAPEAEXZ 00000001800059c0 f i libucrtd:argv_parsing.obj
 0001:000049c0       ?save_state@?$c_string_character_source@D@__crt_strtox@@QEBAPEBDXZ 00000001800059c0 f i libucrtd:atox.obj
 0001:000049d0       ?is_valid@?$__crt_unique_heap_ptr@U__crt_multibyte_data@@U__crt_internal_free_policy@@@@QEBA_NXZ 00000001800059d0 f i libucrtd:mbctype.obj
 0001:000049d0       ?is_valid@?$__crt_unique_heap_ptr@U__acrt_ptd@@U__crt_internal_free_policy@@@@QEBA_NXZ 00000001800059d0 f i libucrtd:per_thread_data.obj
 0001:000049d0       ?valid@__crt_stdio_stream@@QEBA_NXZ 00000001800059d0 f i libucrtd:output.obj
 0001:000049d0       ??B?$__crt_scoped_stack_ptr@_W@@QEBA_NXZ 00000001800059d0 f i libucrtd:lcmapstringa.obj
 0001:000049d0       ?is_valid@?$__crt_unique_heap_ptr@U__crt_lowio_handle_data@@U__crt_internal_free_policy@@@@QEBA_NXZ 00000001800059d0 f i libucrtd:osfinfo.obj
 0001:000049d0       ?is_valid@?$__crt_unique_heap_ptr@U__vcrt_ptd@@U__crt_internal_free_policy@@@@QEBA_NXZ 00000001800059d0 f i libvcruntimed:per_thread_data.obj
 0001:000049d0       ?is_valid@?$__crt_unique_heap_ptr@DU__crt_public_free_policy@@@@QEBA_NXZ 00000001800059d0 f i libvcruntimed:std_exception.obj
 0001:000049d0       ?is_valid@?$__crt_unique_heap_ptr@DU__crt_internal_free_policy@@@@QEBA_NXZ 00000001800059d0 f i libvcruntimed:std_type_info.obj
 0001:000049d0       ?is_valid@?$__crt_unique_heap_ptr@EU__crt_internal_free_policy@@@@QEBA_NXZ 00000001800059d0 f i libucrtd:argv_parsing.obj
 0001:00004a00       ?release@?$__crt_unique_heap_ptr@U__crt_lowio_handle_data@@U__crt_internal_free_policy@@@@QEAAXXZ 0000000180005a00 f i libucrtd:osfinfo.obj
 0001:00004a00       ?release@?$__crt_unique_heap_ptr@PEADU__crt_internal_free_policy@@@@QEAAXXZ 0000000180005a00 f i libucrtd:argv_parsing.obj
 0001:00004a00       ?release@?$__crt_unique_heap_ptr@U__crt_multibyte_data@@U__crt_internal_free_policy@@@@QEAAXXZ 0000000180005a00 f i libucrtd:mbctype.obj
 0001:00004a00       ?release@?$__crt_unique_heap_ptr@DU__crt_internal_free_policy@@@@QEAAXXZ 0000000180005a00 f i libvcruntimed:std_type_info.obj
 0001:00004a00       ?release@?$__crt_unique_heap_ptr@U__vcrt_ptd@@U__crt_internal_free_policy@@@@QEAAXXZ 0000000180005a00 f i libvcruntimed:per_thread_data.obj
 0001:00004a00       ?release@?$__crt_unique_heap_ptr@PEAU__crt_stdio_stream_data@@U__crt_internal_free_policy@@@@QEAAXXZ 0000000180005a00 f i libucrtd:_file.obj
 0001:00004a00       ?release@?$__crt_unique_heap_ptr@EU__crt_internal_free_policy@@@@QEAAXXZ 0000000180005a00 f i libucrtd:argv_parsing.obj
 0001:00004a00       ?release@?$__crt_unique_heap_ptr@U__acrt_ptd@@U__crt_internal_free_policy@@@@QEAAXXZ 0000000180005a00 f i libucrtd:per_thread_data.obj
 0001:00004a30       __std_type_info_compare    0000000180005a30 f   libvcruntimed:std_type_info.obj
 0001:00004a70       __std_type_info_destroy_list 0000000180005a70 f   libvcruntimed:std_type_info.obj
 0001:00004ad0       __vcrt_initialize          0000000180005ad0 f   libvcruntimed:initialization.obj
 0001:00004b10       __vcrt_thread_attach       0000000180005b10 f   libvcruntimed:initialization.obj
 0001:00004b30       __vcrt_thread_detach       0000000180005b30 f   libvcruntimed:initialization.obj
 0001:00004b50       __vcrt_uninitialize        0000000180005b50 f   libvcruntimed:initialization.obj
 0001:00004b70       __vcrt_uninitialize_critical 0000000180005b70 f   libvcruntimed:initialization.obj
 0001:00004b90       __DestructExceptionObject  0000000180005b90 f   libvcruntimed:ehhelpers.obj
 0001:00004c90       ?_CallMemberFunction0@@YAXQEAX0@Z 0000000180005c90 f i libvcruntimed:ehhelpers.obj
 0001:00004d60       _IsExceptionObjectToBeDestroyed 0000000180005d60 f   libvcruntimed:ehhelpers.obj
 0001:00004db0       __AdjustPointer            0000000180005db0 f   libvcruntimed:ehhelpers.obj
 0001:00004e30       __FrameUnwindFilter        0000000180005e30 f   libvcruntimed:ehhelpers.obj
 0001:00004ef0       _NLG_Notify                0000000180005ef0 f   libvcruntimed:notify.obj
 0001:00004f10       __NLG_Dispatch2            0000000180005f10 f   libvcruntimed:notify.obj
 0001:00004f20       __NLG_Return2              0000000180005f20 f   libvcruntimed:notify.obj
 0001:00004f30       __except_validate_context_record 0000000180005f30 f   libvcruntimed:jbcxrval.obj
 0001:00004f90       _vsprintf_s_l              0000000180005f90 f i libvcruntimed:undname.obj
 0001:00005000       sprintf_s                  0000000180006000 f i libvcruntimed:undname.obj
 0001:000050a0       ?detach@?$__crt_unique_heap_ptr@PEAU__crt_stdio_stream_data@@U__crt_internal_free_policy@@@@QEAAPEAPEAU__crt_stdio_stream_data@@XZ 00000001800060a0 f i libucrtd:_file.obj
 0001:000050a0       ?detach@?$__crt_unique_heap_ptr@U__acrt_ptd@@U__crt_internal_free_policy@@@@QEAAPEAU__acrt_ptd@@XZ 00000001800060a0 f i libucrtd:per_thread_data.obj
 0001:000050a0       ?detach@?$__crt_unique_heap_ptr@U__crt_lowio_handle_data@@U__crt_internal_free_policy@@@@QEAAPEAU__crt_lowio_handle_data@@XZ 00000001800060a0 f i libucrtd:osfinfo.obj
 0001:000050a0       ?detach@?$__crt_unique_heap_ptr@DU__crt_public_free_policy@@@@QEAAPEADXZ 00000001800060a0 f i libvcruntimed:std_exception.obj
 0001:000050a0       ?detach@?$__crt_unique_heap_ptr@U__vcrt_ptd@@U__crt_internal_free_policy@@@@QEAAPEAU__vcrt_ptd@@XZ 00000001800060a0 f i libvcruntimed:per_thread_data.obj
 0001:000050a0       ?detach@?$__crt_unique_heap_ptr@EU__crt_internal_free_policy@@@@QEAAPEAEXZ 00000001800060a0 f i libucrtd:argv_parsing.obj
 0001:000050a0       ?detach@?$__crt_unique_heap_ptr@PEADU__crt_internal_free_policy@@@@QEAAPEAPEADXZ 00000001800060a0 f i libucrtd:argv_parsing.obj
 0001:000050a0       ?detach@?$__crt_unique_heap_ptr@U__crt_multibyte_data@@U__crt_internal_free_policy@@@@QEAAPEAU__crt_multibyte_data@@XZ 00000001800060a0 f i libucrtd:mbctype.obj
 0001:00005110       __vcrt_freefls             0000000180006110 f   libvcruntimed:per_thread_data.obj
 0001:00005150       __vcrt_freeptd             0000000180006150 f   libvcruntimed:per_thread_data.obj
 0001:000051b0       __vcrt_getptd              00000001800061b0 f   libvcruntimed:per_thread_data.obj
 0001:000051e0       __vcrt_getptd_noexit       00000001800061e0 f   libvcruntimed:per_thread_data.obj
 0001:00005380       __vcrt_initialize_ptd      0000000180006380 f   libvcruntimed:per_thread_data.obj
 0001:000053d0       __vcrt_uninitialize_ptd    00000001800063d0 f   libvcruntimed:per_thread_data.obj
 0001:00005400       __vcrt_initialize_locks    0000000180006400 f   libvcruntimed:locks.obj
 0001:00005470       __vcrt_uninitialize_locks  0000000180006470 f   libvcruntimed:locks.obj
 0001:000054e0       memcpy_repmovs             00000001800064e0 f   libvcruntimed:memcpy.obj
 0001:00005500       memcpy                     0000000180006500 f   libvcruntimed:memcpy.obj
 0001:00005500       memmove                    0000000180006500 f   libvcruntimed:memcpy.obj
 0001:000058e0       ??$?0AEAViterator@TryBlockMap@__FrameHandler3@@AEAV012@$0A@@?$pair@Viterator@TryBlockMap@__FrameHandler3@@V123@@std@@QEAA@AEAViterator@TryBlockMap@__FrameHandler3@@0@Z 00000001800068e0 f i libvcruntimed:risctrnsctrl.obj
 0001:000059f0       ??$_CallSETranslator@V__FrameHandler3@@@@YAHPEAUEHExceptionRecord@@PEA_KPEAU_CONTEXT@@PEAU_xDISPATCHER_CONTEXT@@PEBU_s_FuncInfo@@K1@Z 00000001800069f0 f i libvcruntimed:risctrnsctrl.obj
 0001:00005a80       ?get_address_of@?$__crt_unique_heap_ptr@PEADU__crt_internal_free_policy@@@@QEAAPEAPEAPEADXZ 0000000180006a80 f i libucrtd:argv_parsing.obj
 0001:00005a80       ?debug_info@?$__crt_win32_buffer@DU__crt_win32_buffer_internal_dynamic_resizing@@@@QEBAAEBV__crt_win32_buffer_empty_debug_info@@XZ 0000000180006a80 f i libucrtd:argv_wildcards.obj
 0001:00005a80       ?debug_info@?$__crt_win32_buffer@_WU__crt_win32_buffer_internal_dynamic_resizing@@@@QEBAAEBV__crt_win32_buffer_empty_debug_info@@XZ 0000000180006a80 f i libucrtd:argv_wildcards.obj
 0001:00005a80       ?dangerous_get_state_array@?$dual_state_global@PEAU__crt_locale_data@@@__crt_state_management@@QEAAPEAPEAU__crt_locale_data@@XZ 0000000180006a80 f i libucrtd:per_thread_data.obj
 0001:00005a80       ?get_address_of@?$__crt_unique_handle_t@U__crt_hmodule_traits@@@@QEAAPEAPEAUHINSTANCE__@@XZ 0000000180006a80 f i libucrtd:exit.obj
 0001:00005a80       ?dangerous_get_state_array@?$dual_state_global@P6AXPEB_W00I_K@Z@__crt_state_management@@QEAAPEAP6AXPEB_W00I_K@ZXZ 0000000180006a80 f i libucrtd:invalid_parameter.obj
 0001:00005a80       ??$forward@AEAViterator@TryBlockMap@__FrameHandler3@@@std@@YAAEAViterator@TryBlockMap@__FrameHandler3@@AEAV123@@Z 0000000180006a80 f i libvcruntimed:risctrnsctrl.obj
 0001:00005a80       ?dangerous_get_state_array@?$dual_state_global@PEAE@__crt_state_management@@QEAAPEAPEAEXZ 0000000180006a80 f i libucrtd:mbctype.obj
 0001:00005a80       ?dangerous_get_state_array@?$dual_state_global@PEAU__crt_multibyte_data@@@__crt_state_management@@QEAAPEAPEAU__crt_multibyte_data@@XZ 0000000180006a80 f i libucrtd:mbctype.obj
 0001:00005a80       ?debug_info@?$__crt_win32_buffer@DU__crt_win32_buffer_no_resizing@@@@QEBAAEBV__crt_win32_buffer_empty_debug_info@@XZ 0000000180006a80 f i libucrtd:getmodulefilenamea.obj
 0001:00005a90       ??0iterator@TryBlockMap@__FrameHandler3@@QEAA@AEAV12@I@Z 0000000180006a90 f i libvcruntimed:risctrnsctrl.obj
 0001:00005a90       ??0iterator@HandlerMap@__FrameHandler3@@QEAA@AEAV12@I@Z 0000000180006a90 f i libvcruntimed:frame.obj
 0001:00005ac0       ?CatchTryBlock@__FrameHandler3@@SAPEBU_s_TryBlockMapEntry@@PEBU_s_FuncInfo@@H@Z 0000000180006ac0 f   libvcruntimed:risctrnsctrl.obj
 0001:00005b50       ?ExecutionInCatch@__FrameHandler3@@SA_NPEAU_xDISPATCHER_CONTEXT@@PEBU_s_FuncInfo@@@Z 0000000180006b50 f   libvcruntimed:risctrnsctrl.obj
 0001:00005ba0       ?FrameUnwindToEmptyState@__FrameHandler3@@SAXPEA_KPEAU_xDISPATCHER_CONTEXT@@PEBU_s_FuncInfo@@@Z 0000000180006ba0 f   libvcruntimed:risctrnsctrl.obj
 0001:00005c40       ?GetEstablisherFrame@__FrameHandler3@@SAPEA_KPEA_KPEAU_xDISPATCHER_CONTEXT@@PEBU_s_FuncInfo@@0@Z 0000000180006c40 f   libvcruntimed:risctrnsctrl.obj
 0001:00005db0       ?GetRangeOfTrysToCheck@__FrameHandler3@@SA?AU?$pair@Viterator@TryBlockMap@__FrameHandler3@@V123@@std@@AEAVTryBlockMap@1@HPEAU_xDISPATCHER_CONTEXT@@PEBU_s_FuncInfo@@H@Z 0000000180006db0 f   libvcruntimed:risctrnsctrl.obj
 0001:00005ff0       ?UnwindNestedFrames@__FrameHandler3@@SAXPEA_KPEAUEHExceptionRecord@@PEAU_CONTEXT@@0PEAXPEBU_s_FuncInfo@@HHPEBU_s_HandlerType@@PEAU_xDISPATCHER_CONTEXT@@E@Z 0000000180006ff0 f   libvcruntimed:risctrnsctrl.obj
 0001:00006160       _CreateFrameInfo           0000000180007160 f   libvcruntimed:risctrnsctrl.obj
 0001:000061d0       _FindAndUnlinkFrame        00000001800071d0 f   libvcruntimed:risctrnsctrl.obj
 0001:00006250       _GetImageBase              0000000180007250 f   libvcruntimed:risctrnsctrl.obj
 0001:00006270       _GetThrowImageBase         0000000180007270 f   libvcruntimed:risctrnsctrl.obj
 0001:00006290       _SetImageBase              0000000180007290 f   libvcruntimed:risctrnsctrl.obj
 0001:000062b0       _SetThrowImageBase         00000001800072b0 f   libvcruntimed:risctrnsctrl.obj
 0001:000062d0       __CxxFrameHandler3         00000001800072d0 f   libvcruntimed:risctrnsctrl.obj
 0001:000063b0       ??$__crt_interlocked_exchange_pointer@XPEAX@@YAPEAXPEDSEAXQEAX@Z 00000001800073b0 f i libvcruntimed:winapi_downlevel.obj
 0001:000063b0       ??$__crt_interlocked_exchange_pointer@UHINSTANCE__@@PEAU1@@@YAPEAUHINSTANCE__@@PEDSEAU0@QEAU0@@Z 00000001800073b0 f i libvcruntimed:winapi_downlevel.obj
 0001:000063b0       ??$__crt_interlocked_exchange_pointer@UHINSTANCE__@@PEAX@@YAPEAUHINSTANCE__@@PEDSEAU0@QEAX@Z 00000001800073b0 f i libvcruntimed:winapi_downlevel.obj
 0001:000063d0       ?get_invalid_value@__crt_findfile_traits@@SAPEAXXZ 00000001800073d0 f   libucrtd:argv_wildcards.obj
 0001:000068c0       __vcrt_FlsAlloc            00000001800078c0 f   libvcruntimed:winapi_downlevel.obj
 0001:00006910       __vcrt_FlsFree             0000000180007910 f   libvcruntimed:winapi_downlevel.obj
 0001:00006960       __vcrt_FlsGetValue         0000000180007960 f   libvcruntimed:winapi_downlevel.obj
 0001:000069b0       __vcrt_FlsSetValue         00000001800079b0 f   libvcruntimed:winapi_downlevel.obj
 0001:00006a10       __vcrt_InitializeCriticalSectionEx 0000000180007a10 f   libvcruntimed:winapi_downlevel.obj
 0001:00006a80       ?GetCurrentState@__FrameHandler3@@SAHPEA_KPEAU_xDISPATCHER_CONTEXT@@PEBU_s_FuncInfo@@@Z 0000000180007a80 f   libvcruntimed:ehstate.obj
 0001:00006ae0       ?GetUnwindTryBlock@__FrameHandler3@@SAHPEA_KPEAU_xDISPATCHER_CONTEXT@@PEBU_s_FuncInfo@@@Z 0000000180007ae0 f   libvcruntimed:ehstate.obj
 0001:00006b30       ?SetState@__FrameHandler3@@SAXPEA_KPEBU_s_FuncInfo@@H@Z 0000000180007b30 f   libvcruntimed:ehstate.obj
 0001:00006b60       ?SetUnwindTryBlock@__FrameHandler3@@SAXPEA_KPEAU_xDISPATCHER_CONTEXT@@PEBU_s_FuncInfo@@H@Z 0000000180007b60 f   libvcruntimed:ehstate.obj
 0001:00006bd0       ?StateFromControlPc@__FrameHandler3@@SAHPEBU_s_FuncInfo@@PEAU_xDISPATCHER_CONTEXT@@@Z 0000000180007bd0 f   libvcruntimed:ehstate.obj
 0001:00006c10       ?StateFromIp@__FrameHandler3@@SAHPEBU_s_FuncInfo@@PEAU_xDISPATCHER_CONTEXT@@_K@Z 0000000180007c10 f   libvcruntimed:ehstate.obj
 0001:00006d00       ?__RVAtoRealOffset@@YA_KPEAU_xDISPATCHER_CONTEXT@@H@Z 0000000180007d00 f i libvcruntimed:ehstate.obj
 0001:00007ed0       ??$TypeMatchHelper@V__FrameHandler3@@@@YAHPEBU_s_HandlerType@@PEBU_s_CatchableType@@PEBU_s_ThrowInfo@@@Z 0000000180008ed0 f i libvcruntimed:frame.obj
 0001:000080d0       ??$__InternalCxxFrameHandler@V__FrameHandler3@@@@YA?AW4_EXCEPTION_DISPOSITION@@PEAUEHExceptionRecord@@PEA_KPEAU_CONTEXT@@PEAU_xDISPATCHER_CONTEXT@@PEBU_s_FuncInfo@@H1E@Z 00000001800090d0 f i libvcruntimed:frame.obj
 0001:00008540       ??0HandlerMap@__FrameHandler3@@QEAA@PEBU_s_TryBlockMapEntry@@_KI@Z 0000000180009540 f i libvcruntimed:frame.obj
 0001:00008590       ??0TryBlockMap@__FrameHandler3@@QEAA@PEBU_s_FuncInfo@@_K@Z 0000000180009590 f i libvcruntimed:frame.obj
 0001:000085c0       ??0bad_exception@std@@QEAA@AEBV01@@Z 00000001800095c0 f i libvcruntimed:frame.obj
 0001:00008600       ??0bad_exception@std@@QEAA@XZ 0000000180009600 f i libvcruntimed:frame.obj
 0001:00008640       ??0exception@std@@QEAA@AEBV01@@Z 0000000180009640 f i libvcruntimed:frame.obj
 0001:000086a0       ??0exception@std@@QEAA@QEBDH@Z 00000001800096a0 f i libvcruntimed:frame.obj
 0001:000086f0       ??1bad_exception@std@@UEAA@XZ 00000001800096f0 f i libvcruntimed:frame.obj
 0001:00008710       ??1exception@std@@UEAA@XZ  0000000180009710 f i libvcruntimed:frame.obj
 0001:00008740       ??8iterator@HandlerMap@__FrameHandler3@@QEBA_NAEBV012@@Z 0000000180009740 f i libvcruntimed:frame.obj
 0001:00008780       ??8type_info@@QEBA_NAEBV0@@Z 0000000180009780 f i libvcruntimed:frame.obj
 0001:000087d0       ??9iterator@HandlerMap@__FrameHandler3@@QEBA_NAEBV012@@Z 00000001800097d0 f i libvcruntimed:frame.obj
 0001:00008810       ??Diterator@HandlerMap@__FrameHandler3@@QEAA?BU_s_HandlerType@@XZ 0000000180009810 f i libvcruntimed:frame.obj
 0001:00008850       ??Diterator@TryBlockMap@__FrameHandler3@@QEAA?BU_s_TryBlockMapEntry@@XZ 0000000180009850 f i libvcruntimed:frame.obj
 0001:000088a0       ??Eiterator@HandlerMap@__FrameHandler3@@QEAAAEAV012@XZ 00000001800098a0 f i libvcruntimed:frame.obj
 0001:000088a0       ??Eiterator@TryBlockMap@__FrameHandler3@@QEAAAEAV012@XZ 00000001800098a0 f i libvcruntimed:frame.obj
 0001:000088c0       ??Miterator@TryBlockMap@__FrameHandler3@@QEBA_NAEBV012@@Z 00000001800098c0 f i libvcruntimed:frame.obj
 0001:00008900       ??_Ebad_exception@std@@UEAAPEAXI@Z 0000000180009900 f i libvcruntimed:frame.obj
 0001:00008900       ??_Gbad_exception@std@@UEAAPEAXI@Z 0000000180009900 f i libvcruntimed:frame.obj
 0001:00008940       ??_Eexception@std@@UEAAPEAXI@Z 0000000180009940 f i libvcruntimed:frame.obj
 0001:00008940       ??_Gexception@std@@UEAAPEAXI@Z 0000000180009940 f i libvcruntimed:frame.obj
 0001:00008980       ?BuildCatchObject@__FrameHandler3@@SAXPEAUEHExceptionRecord@@PEAXPEBU_s_HandlerType@@PEBU_s_CatchableType@@@Z 0000000180009980 f   libvcruntimed:frame.obj
 0001:000089c0       ?CxxCallCatchBlock@__FrameHandler3@@SAPEAXPEAU_EXCEPTION_RECORD@@@Z 00000001800099c0 f   libvcruntimed:frame.obj
 0001:00008d20       ?FrameUnwindToState@__FrameHandler3@@SAXPEA_KPEAU_xDISPATCHER_CONTEXT@@PEBU_s_FuncInfo@@H@Z 0000000180009d20 f   libvcruntimed:frame.obj
 0001:00008f70       ?GetHandlerSearchState@__FrameHandler3@@SAHPEA_KPEAU_xDISPATCHER_CONTEXT@@PEBU_s_FuncInfo@@@Z 0000000180009f70 f i libvcruntimed:frame.obj
 0001:00009020       ?GetMaxState@__FrameHandler3@@SAHPEAU_xDISPATCHER_CONTEXT@@PEBU_s_FuncInfo@@@Z 000000018000a020 f i libvcruntimed:frame.obj
 0001:00009220       __TypeMatch                000000018000a220 f   libvcruntimed:frame.obj
 0001:00009220       ?TypeMatch@__FrameHandler3@@SAHPEBU_s_HandlerType@@PEBU_s_CatchableType@@PEBU_s_ThrowInfo@@@Z 000000018000a220 f   libvcruntimed:frame.obj
 0001:00009250       ?_CallMemberFunction1@@YAXQEAX00@Z 000000018000a250 f i libvcruntimed:frame.obj
 0001:00009290       ?_CallMemberFunction2@@YAXQEAX00H@Z 000000018000a290 f i libvcruntimed:frame.obj
 0001:00009320       ?begin@HandlerMap@__FrameHandler3@@QEAA?AViterator@12@XZ 000000018000a320 f i libvcruntimed:frame.obj
 0001:00009350       ?end@HandlerMap@__FrameHandler3@@QEAA?AViterator@12@XZ 000000018000a350 f i libvcruntimed:frame.obj
 0001:00009380       ?getESTypes@__FrameHandler3@@SAPEBU_s_ESTypeList@@PEBU_s_FuncInfo@@@Z 000000018000a380 f i libvcruntimed:frame.obj
 0001:000093c0       ?getLastEntry@HandlerMap@__FrameHandler3@@QEAAPEBU_s_HandlerType@@XZ 000000018000a3c0 f i libvcruntimed:frame.obj
 0001:000093e0       ?getMagicNum@__FrameHandler3@@SAIPEBU_s_FuncInfo@@@Z 000000018000a3e0 f i libvcruntimed:frame.obj
 0001:00009400       ?getNumTryBlocks@TryBlockMap@__FrameHandler3@@QEAAIXZ 000000018000a400 f i libvcruntimed:frame.obj
 0001:00009420       ?isEHs@__FrameHandler3@@SA_NPEBU_s_FuncInfo@@@Z 000000018000a420 f i libvcruntimed:frame.obj
 0001:00009460       ?isNoExcept@__FrameHandler3@@SA_NPEBU_s_FuncInfo@@@Z 000000018000a460 f i libvcruntimed:frame.obj
 0001:000094a0       ?what@exception@std@@UEBAPEBDXZ 000000018000a4a0 f i libvcruntimed:frame.obj
 0001:000094e0       __vcrt_EncodePointer       000000018000a4e0 f i libvcruntimed:frame.obj
 0001:00009510       memset_repmovs             000000018000a510 f   libvcruntimed:memset.obj
 0001:00009530       memset                     000000018000a530 f   libvcruntimed:memset.obj
 0001:000096d0       _CallSettingFrame          000000018000a6d0 f   libvcruntimed:handlers.obj
 0001:00009720       _CallSettingFrame_LookupContinuationIndex 000000018000a720 f   libvcruntimed:handlers.obj
 0001:00009750       _CallSettingFrame_NotifyContinuationAddr 000000018000a750 f   libvcruntimed:handlers.obj
 0001:00009780       _CallSettingFrameEncoded   000000018000a780 f   libvcruntimed:handlers.obj
 0001:000097d0       ??$?RD@__crt_public_free_policy@@QEBAXQEBD@Z 000000018000a7d0 f i libvcruntimed:std_exception.obj
 0001:000097f0       ??1?$__crt_unique_heap_ptr@DU__crt_public_free_policy@@@@QEAA@XZ 000000018000a7f0 f i libvcruntimed:std_exception.obj
 0001:00009810       ?release@?$__crt_unique_heap_ptr@DU__crt_public_free_policy@@@@QEAAXXZ 000000018000a810 f i libvcruntimed:std_exception.obj
 0001:00009840       __std_exception_copy       000000018000a840 f   libvcruntimed:std_exception.obj
 0001:00009980       __std_exception_destroy    000000018000a980 f   libvcruntimed:std_exception.obj
 0001:000099c0       _CxxThrowException         000000018000a9c0 f   libvcruntimed:throw.obj
 0001:00009af0       floorf                     000000018000aaf0 f   libucrtd:floorf.obj
 0001:00009c40       _initterm                  000000018000ac40 f   libucrtd:initterm.obj
 0001:00009ca0       _initterm_e                000000018000aca0 f   libucrtd:initterm.obj
 0001:00009d90       _seh_filter_dll            000000018000ad90 f   libucrtd:exception_filter.obj
 0001:00009dc0       _seh_filter_exe            000000018000adc0 f   libucrtd:exception_filter.obj
 0001:0000a060       ??$?B$$A6AXPEAXK0@Z@__crt_fast_encoded_nullptr_t@@QEBAP6AXPEAXK0@ZXZ 000000018000b060 f i libucrtd:exit.obj
 0001:0000a060       ??$?BX@__crt_fast_encoded_nullptr_t@@QEBAPEAXXZ 000000018000b060 f i libucrtd:initialization.obj
 0001:0000a060       ??$?BP6AXXZ@__crt_fast_encoded_nullptr_t@@QEBAPEAP6AXXZXZ 000000018000b060 f i libucrtd:onexit.obj
 0001:0000a060       ??$?B$$A6AXXZ@__crt_fast_encoded_nullptr_t@@QEBAP6AXXZXZ 000000018000b060 f i libucrtd:onexit.obj
 0001:0000a060       ??$?B$$A6AXH@Z@__crt_fast_encoded_nullptr_t@@QEBAP6AXH@ZXZ 000000018000b060 f i libucrtd:signal.obj
 0001:0000a110       ??$__crt_fast_decode_pointer@P6AH_K@Z@@YAP6AH_K@ZQ6AH0@Z@Z 000000018000b110 f i libucrtd:new_handler.obj
 0001:0000a110       ??$__crt_fast_decode_pointer@PEAX@@YAPEAXQEAX@Z 000000018000b110 f i libucrtd:winapi_thunks.obj
 0001:0000a110       ??$__crt_fast_decode_pointer@P6AXXZ@@YAP6AXXZQ6AXXZ@Z 000000018000b110 f i libucrtd:onexit.obj
 0001:0000a110       ??$__crt_fast_decode_pointer@P6AHPEAU_exception@@@Z@@YAP6AHPEAU_exception@@@ZQ6AH0@Z@Z 000000018000b110 f i libucrtd:matherr.obj
 0001:0000a110       ??$__crt_fast_decode_pointer@P6AXH@Z@@YAP6AXH@ZQ6AXH@Z@Z 000000018000b110 f i libucrtd:signal.obj
 0001:0000a110       ??$__crt_fast_decode_pointer@PEAP6AXXZ@@YAPEAP6AXXZQEAP6AXXZ@Z 000000018000b110 f i libucrtd:onexit.obj
 0001:0000a110       ??$__crt_fast_decode_pointer@P6AXPEB_W00I_K@Z@@YAP6AXPEB_W00I_K@ZQ6AX000I1@Z@Z 000000018000b110 f i libucrtd:invalid_parameter.obj
 0001:0000a110       ??$__crt_fast_decode_pointer@P6AXPEAXK0@Z@@YAP6AXPEAXK0@ZQ6AX0K0@Z@Z 000000018000b110 f i libucrtd:exit.obj
 0001:0000a150       ??$__crt_fast_encode_pointer@P6AXXZ@@YAP6AXXZQ6AXXZ@Z 000000018000b150 f i libucrtd:onexit.obj
 0001:0000a150       ??$__crt_fast_encode_pointer@P6AXPEAXK0@Z@@YAP6AXPEAXK0@ZQ6AX0K0@Z@Z 000000018000b150 f i libucrtd:exit.obj
 0001:0000a150       ??$__crt_fast_encode_pointer@PEAX@@YAPEAXQEAX@Z 000000018000b150 f i libucrtd:initialization.obj
 0001:0000a150       ??$__crt_fast_encode_pointer@P6AXH@Z@@YAP6AXH@ZQ6AXH@Z@Z 000000018000b150 f i libucrtd:signal.obj
 0001:0000a150       ??$__crt_fast_encode_pointer@PEAP6AXXZ@@YAPEAP6AXXZQEAP6AXXZ@Z 000000018000b150 f i libucrtd:onexit.obj
 0001:0000a190       ??$__crt_get_proc_address@P6AXI@Z@@YAP6AXI@ZQEAUHINSTANCE__@@QEBD@Z 000000018000b190 f i libucrtd:exit.obj
 0001:0000a1c0       ??$__crt_interlocked_read@J@@YAJPEDJ@Z 000000018000b1c0 f i libucrtd:exit.obj
 0001:0000a250       ??1?$__crt_unique_handle_t@U__crt_hmodule_traits@@@@QEAA@XZ 000000018000b250 f i libucrtd:exit.obj
 0001:0000a3b0       ?__acrt_select_exit_lock@@YA?AW4__acrt_lock_id@@XZ 000000018000b3b0 f i libucrtd:exit.obj
 0001:0000a3c0       ?__crt_fast_encode_pointer@@YA?AU__crt_fast_encoded_nullptr_t@@$$T@Z 000000018000b3c0 f i libucrtd:exit.obj
 0001:0000a3e0       ?__crt_interlocked_read_32@@YAHPEDH@Z 000000018000b3e0 f i libucrtd:exit.obj
 0001:0000a400       ?__crt_rotate_pointer_value@@YA_K_KH@Z 000000018000b400 f i libucrtd:exit.obj
 0001:0000a440       ?close@?$__crt_unique_handle_t@U__crt_hmodule_traits@@@@QEAAXXZ 000000018000b440 f i libucrtd:exit.obj
 0001:0000a480       ?close@__crt_hmodule_traits@@SA_NPEAUHINSTANCE__@@@Z 000000018000b480 f i libucrtd:exit.obj
 0001:0000a590       ?get_invalid_value@__crt_hmodule_traits@@SAPEAUHINSTANCE__@@XZ 000000018000b590 f i libucrtd:exit.obj
 0001:0000a590       ?get_current_state_index@__crt_state_management@@YA_KXZ 000000018000b590 f i libucrtd:environment_initialization.obj
 0001:0000a750       __acrt_initialize_thread_local_exit_callback 000000018000b750 f   libucrtd:exit.obj
 0001:0000a770       _cexit                     000000018000b770 f   libucrtd:exit.obj
 0001:0000a790       _exit                      000000018000b790 f   libucrtd:exit.obj
 0001:0000a7b0       _is_c_termination_complete 000000018000b7b0 f   libucrtd:exit.obj
 0001:0000ab60       ??$get_module_file_name@AEAPEAUHINSTANCE__@@AEAY0BAF@DK@?$__crt_char_traits@D@@SAKAEAPEAUHINSTANCE__@@AEAY0BAF@D$$QEAK@Z 000000018000bb60 f i libucrtd:dbgrpt.obj
 0001:0000ab60       ??$get_module_file_name@$$TAEAY0BAF@DH@?$__crt_char_traits@D@@SAK$$QEA$$TAEAY0BAF@D$$QEAH@Z 000000018000bb60 f i libucrtd:argv_parsing.obj
 0001:0000b030       ??$set_program_name@PEAD@?$__crt_char_traits@D@@SAX$$QEAPEAD@Z 000000018000c030 f i libucrtd:argv_parsing.obj
 0001:0000b160       __acrt_allocate_buffer_for_argv 000000018000c160 f   libucrtd:argv_parsing.obj
 0001:0000b280       _configure_narrow_argv     000000018000c280 f   libucrtd:argv_parsing.obj
 0001:0000b2a0       _set_pgmptr                000000018000c2a0 f i libucrtd:argv_parsing.obj
 0001:0000b4d0       ??$tcslen@AEAPEAD@?$__crt_char_traits@D@@SA_KAEAPEAD@Z 000000018000c4d0 f i libucrtd:environment_initialization.obj
 0001:0000b51c       ??B?$__crt_unique_heap_ptr@PEADU__crt_internal_free_policy@@@@QEBA_NXZ 000000018000c51c f i libucrtd:environment_initialization.obj
 0001:0000b524       ?detach@?$__crt_unique_heap_ptr@DU__crt_internal_free_policy@@@@QEAAPEADXZ 000000018000c524 f i libucrtd:environment_initialization.obj
 0001:0000b52c       __dcrt_uninitialize_environments_nolock 000000018000c52c f   libucrtd:environment_initialization.obj
 0001:0000b564       _initialize_narrow_environment 000000018000c564 f   libucrtd:environment_initialization.obj
 0001:0000b56c       _invoke_watson_if_error    000000018000c56c f i libucrtd:environment_initialization.obj
 0001:0000b870       _execute_onexit_table      000000018000c870 f   libucrtd:onexit.obj
 0001:0000b8b0       _initialize_onexit_table   000000018000c8b0 f   libucrtd:onexit.obj
 0001:0000b980       __acrt_uninitialize_command_line 000000018000c980 f   libucrtd:argv_data.obj
 0001:0000bbf0       ?initialize@?$dual_state_global@P6AH_K@Z@__crt_state_management@@QEAAXQ6AH_K@Z@Z 000000018000cbf0 f i libucrtd:new_handler.obj
 0001:0000bbf0       ?initialize@?$dual_state_global@P6AHPEAU_exception@@@Z@__crt_state_management@@QEAAXQ6AHPEAU_exception@@@Z@Z 000000018000cbf0 f i libucrtd:matherr.obj
 0001:0000bbf0       ?initialize@?$dual_state_global@PEAU__crt_locale_data@@@__crt_state_management@@QEAAXQEAU__crt_locale_data@@@Z 000000018000cbf0 f i libucrtd:initialization.obj
 0001:0000bbf0       ?initialize@?$dual_state_global@PEAU__crt_multibyte_data@@@__crt_state_management@@QEAAXQEAU__crt_multibyte_data@@@Z 000000018000cbf0 f i libucrtd:mbctype.obj
 0001:0000bbf0       ?initialize@?$dual_state_global@P6AXH@Z@__crt_state_management@@QEAAXQ6AXH@Z@Z 000000018000cbf0 f i libucrtd:signal.obj
 0001:0000bc40       __acrt_initialize          000000018000cc40 f   libucrtd:initialization.obj
 0001:0000bc70       __acrt_thread_attach       000000018000cc70 f   libucrtd:initialization.obj
 0001:0000bc90       __acrt_thread_detach       000000018000cc90 f   libucrtd:initialization.obj
 0001:0000bca0       __acrt_uninitialize        000000018000cca0 f   libucrtd:initialization.obj
 0001:0000bcd0       __acrt_uninitialize_critical 000000018000ccd0 f   libucrtd:initialization.obj
 0001:0000bcf0       terminate                  000000018000ccf0 f   libucrtd:terminate.obj
 0001:0000bd30       ??0_LocaleUpdate@@QEAA@QEAU__crt_locale_pointers@@@Z 000000018000cd30 f i libucrtd:debug_heap.obj
 0001:0000be50       ??1_LocaleUpdate@@QEAA@XZ  000000018000ce50 f i libucrtd:debug_heap.obj
 0001:0000be90       ?GetLocaleT@_LocaleUpdate@@QEAAPEAU__crt_locale_pointers@@XZ 000000018000ce90 f i libucrtd:debug_heap.obj
 0001:0000de70       _CrtCheckMemory            000000018000ee70 f   libucrtd:debug_heap.obj
 0001:0000e000       _CrtDumpMemoryLeaks        000000018000f000 f   libucrtd:debug_heap.obj
 0001:0000e0c0       _CrtIsValidHeapPointer     000000018000f0c0 f   libucrtd:debug_heap.obj
 0001:0000e100       _CrtIsValidPointer         000000018000f100 f   libucrtd:debug_heap.obj
 0001:0000e140       _CrtMemCheckpoint          000000018000f140 f   libucrtd:debug_heap.obj
 0001:0000e3c0       _CrtMemDumpAllObjectsSince 000000018000f3c0 f   libucrtd:debug_heap.obj
 0001:0000e420       _CrtSetDbgFlag             000000018000f420 f   libucrtd:debug_heap.obj
 0001:0000e580       _CrtSetDumpClient          000000018000f580 f   libucrtd:debug_heap.obj
 0001:0000e5b0       __acrt_get_locale_data_prefix 000000018000f5b0 f i libucrtd:debug_heap.obj
 0001:0000e5d0       __acrt_locale_changed      000000018000f5d0 f i libucrtd:debug_heap.obj
 0001:0000e600       _calloc_dbg                000000018000f600 f   libucrtd:debug_heap.obj
 0001:0000e6a0       _chvalidchk_l              000000018000f6a0 f i libucrtd:debug_heap.obj
 0001:0000e6d0       _free_dbg                  000000018000f6d0 f   libucrtd:debug_heap.obj
 0001:0000e740       _invoke_watson_if_oneof    000000018000f740 f i libucrtd:debug_heap.obj
 0001:0000e7a0       _ischartype_l              000000018000f7a0 f i libucrtd:debug_heap.obj
 0001:0000e830       _malloc_dbg                000000018000f830 f   libucrtd:debug_heap.obj
 0001:0000e870       _msize_dbg                 000000018000f870 f   libucrtd:debug_heap.obj
 0001:0000ea10       _realloc_dbg               000000018000fa10 f   libucrtd:debug_heap.obj
 0001:0000ea80       _recalloc_dbg              000000018000fa80 f   libucrtd:debug_heap.obj
 0001:0000f050       strcpy_s                   0000000180010050 f   libucrtd:strcpy_s.obj
 0001:0000f090       strcmp                     0000000180010090 f   libucrtd:strcmp.obj
 0001:0000f110       strlen                     0000000180010110 f   libucrtd:strlen.obj
 0001:0000f1c0       abort                      00000001800101c0 f   libucrtd:abort.obj
 0001:0000f240       ??$?0AEBV?$string_output_adapter@D@__crt_stdio_output@@AEB_KAEBQEBDAEBQEAU__crt_locale_pointers@@AEBQEAD@?$format_validation_base@DV?$string_output_adapter@D@__crt_stdio_output@@@__crt_stdio_output@@IEAA@AEBV?$string_output_adapter@D@1@AEB_KAEBQEBDAEBQEAU__crt_locale_pointers@@AEBQEAD@Z 0000000180010240 f i libucrtd:output.obj
 0001:0000f290       ??$?0AEBV?$string_output_adapter@D@__crt_stdio_output@@AEB_KAEBQEBDAEBQEAU__crt_locale_pointers@@AEBQEAD@?$standard_base@DV?$string_output_adapter@D@__crt_stdio_output@@@__crt_stdio_output@@IEAA@AEBV?$string_output_adapter@D@1@AEB_KAEBQEBDAEBQEAU__crt_locale_pointers@@AEBQEAD@Z 0000000180010290 f i libucrtd:output.obj
 0001:0000f300       ??$?0AEBV?$string_output_adapter@_W@__crt_stdio_output@@AEB_KAEBQEB_WAEBQEAU__crt_locale_pointers@@AEBQEAD@?$format_validation_base@_WV?$string_output_adapter@_W@__crt_stdio_output@@@__crt_stdio_output@@IEAA@AEBV?$string_output_adapter@_W@1@AEB_KAEBQEB_WAEBQEAU__crt_locale_pointers@@AEBQEAD@Z 0000000180010300 f i libucrtd:output.obj
 0001:0000f350       ??$?0AEBV?$string_output_adapter@_W@__crt_stdio_output@@AEB_KAEBQEB_WAEBQEAU__crt_locale_pointers@@AEBQEAD@?$standard_base@_WV?$string_output_adapter@_W@__crt_stdio_output@@@__crt_stdio_output@@IEAA@AEBV?$string_output_adapter@_W@1@AEB_KAEBQEB_WAEBQEAU__crt_locale_pointers@@AEBQEAD@Z 0000000180010350 f i libucrtd:output.obj
 0001:00010cd0       ??$count@D@formatting_buffer@__crt_stdio_output@@QEBA_KXZ 0000000180011cd0 f i libucrtd:output.obj
 0001:00010d20       ??$count@_W@formatting_buffer@__crt_stdio_output@@QEBA_KXZ 0000000180011d20 f i libucrtd:output.obj
 0001:00010d70       ??$data@_W@formatting_buffer@__crt_stdio_output@@QEAAPEA_WXZ 0000000180011d70 f i libucrtd:output.obj
 0001:00010d70       ??$data@D@formatting_buffer@__crt_stdio_output@@QEAAPEADXZ 0000000180011d70 f i libucrtd:output.obj
 0001:00010dc0       ??$ensure_buffer_is_big_enough@D@formatting_buffer@__crt_stdio_output@@QEAA_N_K@Z 0000000180011dc0 f i libucrtd:output.obj
 0001:00010ef0       ??$ensure_buffer_is_big_enough@_W@formatting_buffer@__crt_stdio_output@@QEAA_N_K@Z 0000000180011ef0 f i libucrtd:output.obj
 0001:00011020       ??$extract_argument_from_va_list@C_J@?$standard_base@DV?$string_output_adapter@D@__crt_stdio_output@@@__crt_stdio_output@@IEAA_NAEA_J@Z 0000000180012020 f i libucrtd:output.obj
 0001:00011020       ??$extract_argument_from_va_list@C_J@?$standard_base@_WV?$string_output_adapter@_W@__crt_stdio_output@@@__crt_stdio_output@@IEAA_NAEA_J@Z 0000000180012020 f i libucrtd:output.obj
 0001:00011060       ??$extract_argument_from_va_list@E_J@?$standard_base@_WV?$string_output_adapter@_W@__crt_stdio_output@@@__crt_stdio_output@@IEAA_NAEA_J@Z 0000000180012060 f i libucrtd:output.obj
 0001:00011060       ??$extract_argument_from_va_list@E_J@?$standard_base@DV?$string_output_adapter@D@__crt_stdio_output@@@__crt_stdio_output@@IEAA_NAEA_J@Z 0000000180012060 f i libucrtd:output.obj
 0001:000110a0       ??$extract_argument_from_va_list@F_J@?$standard_base@DV?$string_output_adapter@D@__crt_stdio_output@@@__crt_stdio_output@@IEAA_NAEA_J@Z 00000001800120a0 f i libucrtd:output.obj
 0001:000110a0       ??$extract_argument_from_va_list@F_J@?$standard_base@_WV?$string_output_adapter@_W@__crt_stdio_output@@@__crt_stdio_output@@IEAA_NAEA_J@Z 00000001800120a0 f i libucrtd:output.obj
 0001:000110e0       ??$extract_argument_from_va_list@GD@?$standard_base@DV?$string_output_adapter@D@__crt_stdio_output@@@__crt_stdio_output@@IEAA_NAEAD@Z 00000001800120e0 f i libucrtd:output.obj
 0001:00011110       ??$extract_argument_from_va_list@G_J@?$standard_base@_WV?$string_output_adapter@_W@__crt_stdio_output@@@__crt_stdio_output@@IEAA_NAEA_J@Z 0000000180012110 f i libucrtd:output.obj
 0001:00011110       ??$extract_argument_from_va_list@G_J@?$standard_base@DV?$string_output_adapter@D@__crt_stdio_output@@@__crt_stdio_output@@IEAA_NAEA_J@Z 0000000180012110 f i libucrtd:output.obj
 0001:00011150       ??$extract_argument_from_va_list@H_J@?$standard_base@_WV?$string_output_adapter@_W@__crt_stdio_output@@@__crt_stdio_output@@IEAA_NAEA_J@Z 0000000180012150 f i libucrtd:output.obj
 0001:00011150       ??$extract_argument_from_va_list@H_J@?$standard_base@DV?$string_output_adapter@D@__crt_stdio_output@@@__crt_stdio_output@@IEAA_NAEA_J@Z 0000000180012150 f i libucrtd:output.obj
 0001:00011180       ??$extract_argument_from_va_list@I_J@?$standard_base@DV?$string_output_adapter@D@__crt_stdio_output@@@__crt_stdio_output@@IEAA_NAEA_J@Z 0000000180012180 f i libucrtd:output.obj
 0001:00011180       ??$extract_argument_from_va_list@I_J@?$standard_base@_WV?$string_output_adapter@_W@__crt_stdio_output@@@__crt_stdio_output@@IEAA_NAEA_J@Z 0000000180012180 f i libucrtd:output.obj
 0001:000111b0       ??$extract_argument_from_va_list@PEADPEAD@?$standard_base@_WV?$string_output_adapter@_W@__crt_stdio_output@@@__crt_stdio_output@@IEAA_NAEAPEAD@Z 00000001800121b0 f i libucrtd:output.obj
 0001:000111b0       ??$extract_argument_from_va_list@_K_J@?$standard_base@_WV?$string_output_adapter@_W@__crt_stdio_output@@@__crt_stdio_output@@IEAA_NAEA_J@Z 00000001800121b0 f i libucrtd:output.obj
 0001:000111b0       ??$extract_argument_from_va_list@PEADPEAD@?$standard_base@DV?$string_output_adapter@D@__crt_stdio_output@@@__crt_stdio_output@@IEAA_NAEAPEAD@Z 00000001800121b0 f i libucrtd:output.obj
 0001:000111b0       ??$extract_argument_from_va_list@_J_J@?$standard_base@DV?$string_output_adapter@D@__crt_stdio_output@@@__crt_stdio_output@@IEAA_NAEA_J@Z 00000001800121b0 f i libucrtd:output.obj
 0001:000111b0       ??$extract_argument_from_va_list@PEAXPEAX@?$standard_base@_WV?$string_output_adapter@_W@__crt_stdio_output@@@__crt_stdio_output@@IEAA_NAEAPEAX@Z 00000001800121b0 f i libucrtd:output.obj
 0001:000111b0       ??$extract_argument_from_va_list@_J_J@?$standard_base@_WV?$string_output_adapter@_W@__crt_stdio_output@@@__crt_stdio_output@@IEAA_NAEA_J@Z 00000001800121b0 f i libucrtd:output.obj
 0001:000111b0       ??$extract_argument_from_va_list@PEAXPEAX@?$standard_base@DV?$string_output_adapter@D@__crt_stdio_output@@@__crt_stdio_output@@IEAA_NAEAPEAX@Z 00000001800121b0 f i libucrtd:output.obj
 0001:000111b0       ??$extract_argument_from_va_list@_K_J@?$standard_base@DV?$string_output_adapter@D@__crt_stdio_output@@@__crt_stdio_output@@IEAA_NAEA_J@Z 00000001800121b0 f i libucrtd:output.obj
 0001:00011210       ??$extract_argument_from_va_list@U_CRT_DOUBLE@@U1@@?$standard_base@_WV?$string_output_adapter@_W@__crt_stdio_output@@@__crt_stdio_output@@IEAA_NAEAU_CRT_DOUBLE@@@Z 0000000180012210 f i libucrtd:output.obj
 0001:00011210       ??$extract_argument_from_va_list@U_CRT_DOUBLE@@U1@@?$standard_base@DV?$string_output_adapter@D@__crt_stdio_output@@@__crt_stdio_output@@IEAA_NAEAU_CRT_DOUBLE@@@Z 0000000180012210 f i libucrtd:output.obj
 0001:00011260       ??$extract_argument_from_va_list@_W_W@?$standard_base@DV?$string_output_adapter@D@__crt_stdio_output@@@__crt_stdio_output@@IEAA_NAEA_W@Z 0000000180012260 f i libucrtd:output.obj
 0001:00011260       ??$extract_argument_from_va_list@_W_W@?$standard_base@_WV?$string_output_adapter@_W@__crt_stdio_output@@@__crt_stdio_output@@IEAA_NAEA_W@Z 0000000180012260 f i libucrtd:output.obj
 0001:00011290       ??$is_wide_character_specifier@D@__crt_stdio_output@@YA_N_KDW4length_modifier@0@@Z 0000000180012290 f i libucrtd:output.obj
 0001:00011330       ??$is_wide_character_specifier@_W@__crt_stdio_output@@YA_N_K_WW4length_modifier@0@@Z 0000000180012330 f i libucrtd:output.obj
 0001:00011400       ??$read_va_arg@C@__crt_stdio_output@@YACAEAPEAD@Z 0000000180012400 f i libucrtd:output.obj
 0001:00011400       ??$read_va_arg@E@__crt_stdio_output@@YAEAEAPEAD@Z 0000000180012400 f i libucrtd:output.obj
 0001:00011470       ??$read_va_arg@G@__crt_stdio_output@@YAGAEAPEAD@Z 0000000180012470 f i libucrtd:output.obj
 0001:00011470       ??$read_va_arg@F@__crt_stdio_output@@YAFAEAPEAD@Z 0000000180012470 f i libucrtd:output.obj
 0001:00011470       ??$read_va_arg@_W@__crt_stdio_output@@YA_WAEAPEAD@Z 0000000180012470 f i libucrtd:output.obj
 0001:000114e0       ??$read_va_arg@H@__crt_stdio_output@@YAHAEAPEAD@Z 00000001800124e0 f i libucrtd:output.obj
 0001:000114e0       ??$read_va_arg@I@__crt_stdio_output@@YAIAEAPEAD@Z 00000001800124e0 f i libucrtd:output.obj
 0001:00011540       ??$read_va_arg@_K@__crt_stdio_output@@YA_KAEAPEAD@Z 0000000180012540 f i libucrtd:output.obj
 0001:00011540       ??$read_va_arg@PEAX@__crt_stdio_output@@YAPEAXAEAPEAD@Z 0000000180012540 f i libucrtd:output.obj
 0001:00011540       ??$read_va_arg@U_CRT_DOUBLE@@@__crt_stdio_output@@YA?AU_CRT_DOUBLE@@AEAPEAD@Z 0000000180012540 f i libucrtd:output.obj
 0001:00011540       ??$read_va_arg@PEAD@__crt_stdio_output@@YAPEADAEAPEAD@Z 0000000180012540 f i libucrtd:output.obj
 0001:00011540       ??$read_va_arg@_J@__crt_stdio_output@@YA_JAEAPEAD@Z 0000000180012540 f i libucrtd:output.obj
 0001:00011620       ??$scratch_count@D@formatting_buffer@__crt_stdio_output@@QEBA_KXZ 0000000180012620 f i libucrtd:output.obj
 0001:00011640       ??$scratch_data@D@formatting_buffer@__crt_stdio_output@@QEAAPEADXZ 0000000180012640 f i libucrtd:output.obj
 0001:000116b0       ??$tcstol@PEBDPEAPEADH@?$__crt_char_traits@D@@SAJ$$QEAPEBD$$QEAPEAPEAD$$QEAH@Z 00000001800126b0 f i libucrtd:output.obj
 0001:000116f0       ??$tcstol@PEB_WPEAPEA_WH@?$__crt_char_traits@_W@@SAJ$$QEAPEB_W$$QEAPEAPEA_W$$QEAH@Z 00000001800126f0 f i libucrtd:output.obj
 0001:00011730       ??$type_case_integer_parse_into_buffer@I@?$output_processor@DV?$string_output_adapter@D@__crt_stdio_output@@V?$format_validation_base@DV?$string_output_adapter@D@__crt_stdio_output@@@2@@__crt_stdio_output@@AEAAXII_N@Z 0000000180012730 f i libucrtd:output.obj
 0001:00011860       ??$type_case_integer_parse_into_buffer@I@?$output_processor@_WV?$string_output_adapter@_W@__crt_stdio_output@@V?$format_validation_base@_WV?$string_output_adapter@_W@__crt_stdio_output@@@2@@__crt_stdio_output@@AEAAXII_N@Z 0000000180012860 f i libucrtd:output.obj
 0001:000119a0       ??$type_case_integer_parse_into_buffer@_K@?$output_processor@DV?$string_output_adapter@D@__crt_stdio_output@@V?$format_validation_base@DV?$string_output_adapter@D@__crt_stdio_output@@@2@@__crt_stdio_output@@AEAAX_KI_N@Z 00000001800129a0 f i libucrtd:output.obj
 0001:00011af0       ??$type_case_integer_parse_into_buffer@_K@?$output_processor@_WV?$string_output_adapter@_W@__crt_stdio_output@@V?$format_validation_base@_WV?$string_output_adapter@_W@__crt_stdio_output@@@2@@__crt_stdio_output@@AEAAX_KI_N@Z 0000000180012af0 f i libucrtd:output.obj
 0001:00011c50       ??$write_multiple_characters@V?$string_output_adapter@D@__crt_stdio_output@@D@__crt_stdio_output@@YAXAEBV?$string_output_adapter@D@0@DHQEAH@Z 0000000180012c50 f i libucrtd:output.obj
 0001:00011cb0       ??$write_multiple_characters@V?$string_output_adapter@_W@__crt_stdio_output@@D@__crt_stdio_output@@YAXAEBV?$string_output_adapter@_W@0@DHQEAH@Z 0000000180012cb0 f i libucrtd:output.obj
 0001:00011d10       ??0?$common_data@D@__crt_stdio_output@@IEAA@XZ 0000000180012d10 f i libucrtd:output.obj
 0001:00011de0       ??0?$common_data@_W@__crt_stdio_output@@IEAA@XZ 0000000180012de0 f i libucrtd:output.obj
 0001:00011eb0       ??0?$output_adapter_data@DV?$string_output_adapter@D@__crt_stdio_output@@@__crt_stdio_output@@IEAA@AEBV?$string_output_adapter@D@1@_KQEBDQEAU__crt_locale_pointers@@QEAD@Z 0000000180012eb0 f i libucrtd:output.obj
 0001:00011f30       ??0?$output_adapter_data@_WV?$string_output_adapter@_W@__crt_stdio_output@@@__crt_stdio_output@@IEAA@AEBV?$string_output_adapter@_W@1@_KQEB_WQEAU__crt_locale_pointers@@QEAD@Z 0000000180012f30 f i libucrtd:output.obj
 0001:00011fb0       ??0?$output_processor@DV?$string_output_adapter@D@__crt_stdio_output@@V?$format_validation_base@DV?$string_output_adapter@D@__crt_stdio_output@@@2@@__crt_stdio_output@@QEAA@AEBV?$string_output_adapter@D@1@_KQEBDQEAU__crt_locale_pointers@@QEAD@Z 0000000180012fb0 f i libucrtd:output.obj
 0001:00012000       ??0?$output_processor@_WV?$string_output_adapter@_W@__crt_stdio_output@@V?$format_validation_base@_WV?$string_output_adapter@_W@__crt_stdio_output@@@2@@__crt_stdio_output@@QEAA@AEBV?$string_output_adapter@_W@1@_KQEB_WQEAU__crt_locale_pointers@@QEAD@Z 0000000180013000 f i libucrtd:output.obj
 0001:00012050       ??0__crt_deferred_errno_cache@@QEAA@XZ 0000000180013050 f i libucrtd:output.obj
 0001:00012070       ??0__crt_errno_guard@@QEAA@QEAH@Z 0000000180013070 f i libucrtd:output.obj
 0001:000120b0       ??0formatting_buffer@__crt_stdio_output@@QEAA@XZ 00000001800130b0 f i libucrtd:output.obj
 0001:000120f0       ??1?$common_data@D@__crt_stdio_output@@QEAA@XZ 00000001800130f0 f i libucrtd:output.obj
 0001:000120f0       ??1?$common_data@_W@__crt_stdio_output@@QEAA@XZ 00000001800130f0 f i libucrtd:output.obj
 0001:00012110       ??1?$format_validation_base@_WV?$string_output_adapter@_W@__crt_stdio_output@@@__crt_stdio_output@@QEAA@XZ 0000000180013110 f i libucrtd:output.obj
 0001:00012110       ??1?$format_validation_base@DV?$string_output_adapter@D@__crt_stdio_output@@@__crt_stdio_output@@QEAA@XZ 0000000180013110 f i libucrtd:output.obj
 0001:00012130       ??1?$output_adapter_data@DV?$string_output_adapter@D@__crt_stdio_output@@@__crt_stdio_output@@QEAA@XZ 0000000180013130 f i libucrtd:output.obj
 0001:00012130       ??1?$output_adapter_data@_WV?$string_output_adapter@_W@__crt_stdio_output@@@__crt_stdio_output@@QEAA@XZ 0000000180013130 f i libucrtd:output.obj
 0001:00012150       ??1?$output_processor@DV?$string_output_adapter@D@__crt_stdio_output@@V?$format_validation_base@DV?$string_output_adapter@D@__crt_stdio_output@@@2@@__crt_stdio_output@@QEAA@XZ 0000000180013150 f i libucrtd:output.obj
 0001:00012150       ??1?$output_processor@_WV?$string_output_adapter@_W@__crt_stdio_output@@V?$format_validation_base@_WV?$string_output_adapter@_W@__crt_stdio_output@@@2@@__crt_stdio_output@@QEAA@XZ 0000000180013150 f i libucrtd:output.obj
 0001:00012170       ??1?$standard_base@DV?$string_output_adapter@D@__crt_stdio_output@@@__crt_stdio_output@@QEAA@XZ 0000000180013170 f i libucrtd:output.obj
 0001:00012170       ??1?$standard_base@_WV?$string_output_adapter@_W@__crt_stdio_output@@@__crt_stdio_output@@QEAA@XZ 0000000180013170 f i libucrtd:output.obj
 0001:00012190       ??1__crt_errno_guard@@QEAA@XZ 0000000180013190 f i libucrtd:output.obj
 0001:000121c0       ??1formatting_buffer@__crt_stdio_output@@QEAA@XZ 00000001800131c0 f i libucrtd:output.obj
 0001:000121f0       ??4?$__crt_unique_heap_ptr@DU__crt_internal_free_policy@@@@QEAAAEAV0@$$QEAV0@@Z 00000001800131f0 f i libucrtd:output.obj
 0001:00012230       ?adjust_hexit@?$output_processor@_WV?$string_output_adapter@_W@__crt_stdio_output@@V?$format_validation_base@_WV?$string_output_adapter@_W@__crt_stdio_output@@@2@@__crt_stdio_output@@CADH_N@Z 0000000180013230 f i libucrtd:output.obj
 0001:00012230       ?adjust_hexit@?$output_processor@DV?$string_output_adapter@D@__crt_stdio_output@@V?$format_validation_base@DV?$string_output_adapter@D@__crt_stdio_output@@@2@@__crt_stdio_output@@CADH_N@Z 0000000180013230 f i libucrtd:output.obj
 0001:00012280       ?advance_to_next_pass@?$standard_base@DV?$string_output_adapter@D@__crt_stdio_output@@@__crt_stdio_output@@IEAA_NXZ 0000000180013280 f i libucrtd:output.obj
 0001:00012280       ?advance_to_next_pass@?$standard_base@_WV?$string_output_adapter@_W@__crt_stdio_output@@@__crt_stdio_output@@IEAA_NXZ 0000000180013280 f i libucrtd:output.obj
 0001:000122d0       ?crop_zeroes@__crt_stdio_output@@YAXPEADQEAU__crt_locale_pointers@@@Z 00000001800132d0 f i libucrtd:output.obj
 0001:00012410       ?find_next_state@?$output_processor@DV?$string_output_adapter@D@__crt_stdio_output@@V?$format_validation_base@DV?$string_output_adapter@D@__crt_stdio_output@@@2@@__crt_stdio_output@@AEBA?AW4state@2@DW432@@Z 0000000180013410 f i libucrtd:output.obj
 0001:000124b0       ?find_next_state@?$output_processor@_WV?$string_output_adapter@_W@__crt_stdio_output@@V?$format_validation_base@_WV?$string_output_adapter@_W@__crt_stdio_output@@@2@@__crt_stdio_output@@AEBA?AW4state@2@_WW432@@Z 00000001800134b0 f i libucrtd:output.obj
 0001:00012550       ?force_decimal_point@__crt_stdio_output@@YAXPEADQEAU__crt_locale_pointers@@@Z 0000000180013550 f i libucrtd:output.obj
 0001:00012650       ?get@__crt_deferred_errno_cache@@QEAAAEAHXZ 0000000180013650 f i libucrtd:output.obj
 0001:00012680       ?get_flags@__crt_stdio_stream@@QEBAJXZ 0000000180013680 f i libucrtd:output.obj
 0001:000126b0       ?has_flag@?$output_processor@_WV?$string_output_adapter@_W@__crt_stdio_output@@V?$format_validation_base@_WV?$string_output_adapter@_W@__crt_stdio_output@@@2@@__crt_stdio_output@@AEBA_NI@Z 00000001800136b0 f i libucrtd:output.obj
 0001:000126b0       ?has_flag@?$output_processor@DV?$string_output_adapter@D@__crt_stdio_output@@V?$format_validation_base@DV?$string_output_adapter@D@__crt_stdio_output@@@2@@__crt_stdio_output@@AEBA_NI@Z 00000001800136b0 f i libucrtd:output.obj
 0001:000126f0       ?is_string_backed@__crt_stdio_stream@@QEBA_NXZ 00000001800136f0 f i libucrtd:output.obj
 0001:00012730       ?narrow_null_string@?$output_processor@DV?$string_output_adapter@D@__crt_stdio_output@@V?$format_validation_base@DV?$string_output_adapter@D@__crt_stdio_output@@@2@@__crt_stdio_output@@CAPEADXZ 0000000180013730 f i libucrtd:output.obj
 0001:00012730       ?narrow_null_string@?$output_processor@_WV?$string_output_adapter@_W@__crt_stdio_output@@V?$format_validation_base@_WV?$string_output_adapter@_W@__crt_stdio_output@@@2@@__crt_stdio_output@@CAPEADXZ 0000000180013730 f i libucrtd:output.obj
 0001:00012740       ?parse_int_from_format_string@?$output_processor@DV?$string_output_adapter@D@__crt_stdio_output@@V?$format_validation_base@DV?$string_output_adapter@D@__crt_stdio_output@@@2@@__crt_stdio_output@@AEAA_NQEAH@Z 0000000180013740 f i libucrtd:output.obj
 0001:00012830       ?parse_int_from_format_string@?$output_processor@_WV?$string_output_adapter@_W@__crt_stdio_output@@V?$format_validation_base@_WV?$string_output_adapter@_W@__crt_stdio_output@@@2@@__crt_stdio_output@@AEAA_NQEAH@Z 0000000180013830 f i libucrtd:output.obj
 0001:00012920       ?process@?$output_processor@DV?$string_output_adapter@D@__crt_stdio_output@@V?$format_validation_base@DV?$string_output_adapter@D@__crt_stdio_output@@@2@@__crt_stdio_output@@QEAAHXZ 0000000180013920 f i libucrtd:output.obj
 0001:00012c80       ?process@?$output_processor@_WV?$string_output_adapter@_W@__crt_stdio_output@@V?$format_validation_base@_WV?$string_output_adapter@_W@__crt_stdio_output@@@2@@__crt_stdio_output@@QEAAHXZ 0000000180013c80 f i libucrtd:output.obj
 0001:00012fe0       ?set_flag@?$output_processor@_WV?$string_output_adapter@_W@__crt_stdio_output@@V?$format_validation_base@_WV?$string_output_adapter@_W@__crt_stdio_output@@@2@@__crt_stdio_output@@AEAAXI@Z 0000000180013fe0 f i libucrtd:output.obj
 0001:00012fe0       ?set_flag@?$output_processor@DV?$string_output_adapter@D@__crt_stdio_output@@V?$format_validation_base@DV?$string_output_adapter@D@__crt_stdio_output@@@2@@__crt_stdio_output@@AEAAXI@Z 0000000180013fe0 f i libucrtd:output.obj
 0001:00013000       ?validate_and_update_state_at_beginning_of_format_character@?$standard_base@DV?$string_output_adapter@D@__crt_stdio_output@@@__crt_stdio_output@@IEAA_NXZ 0000000180014000 f i libucrtd:output.obj
 0001:00013000       ?should_format@?$standard_base@DV?$string_output_adapter@D@__crt_stdio_output@@@__crt_stdio_output@@IEAA_NXZ 0000000180014000 f i libucrtd:output.obj
 0001:00013000       ?should_format@?$standard_base@_WV?$string_output_adapter@_W@__crt_stdio_output@@@__crt_stdio_output@@IEAA_NXZ 0000000180014000 f i libucrtd:output.obj
 0001:00013000       ?validate_state_for_type_case_a@?$standard_base@_WV?$string_output_adapter@_W@__crt_stdio_output@@@__crt_stdio_output@@IEBA_NXZ 0000000180014000 f i libucrtd:output.obj
 0001:00013000       ?validate_state_for_type_case_a@?$standard_base@DV?$string_output_adapter@D@__crt_stdio_output@@@__crt_stdio_output@@IEBA_NXZ 0000000180014000 f i libucrtd:output.obj
 0001:00013000       ?validate_and_update_state_at_beginning_of_format_character@?$standard_base@_WV?$string_output_adapter@_W@__crt_stdio_output@@@__crt_stdio_output@@IEAA_NXZ 0000000180014000 f i libucrtd:output.obj
 0001:00013010       ?should_skip_normal_state_processing@?$standard_base@_WV?$string_output_adapter@_W@__crt_stdio_output@@@__crt_stdio_output@@IEAA_NXZ 0000000180014010 f i libucrtd:output.obj
 0001:00013010       ?should_skip_type_state_output@?$standard_base@DV?$string_output_adapter@D@__crt_stdio_output@@@__crt_stdio_output@@IEBA_NXZ 0000000180014010 f i libucrtd:output.obj
 0001:00013010       ?should_skip_type_state_output@?$standard_base@_WV?$string_output_adapter@_W@__crt_stdio_output@@@__crt_stdio_output@@IEBA_NXZ 0000000180014010 f i libucrtd:output.obj
 0001:00013010       ?should_skip_normal_state_processing@?$standard_base@DV?$string_output_adapter@D@__crt_stdio_output@@@__crt_stdio_output@@IEAA_NXZ 0000000180014010 f i libucrtd:output.obj
 0001:00013020       ?state_case_dot@?$output_processor@DV?$string_output_adapter@D@__crt_stdio_output@@V?$format_validation_base@DV?$string_output_adapter@D@__crt_stdio_output@@@2@@__crt_stdio_output@@AEAA_NXZ 0000000180014020 f i libucrtd:output.obj
 0001:00013020       ?state_case_dot@?$output_processor@_WV?$string_output_adapter@_W@__crt_stdio_output@@V?$format_validation_base@_WV?$string_output_adapter@_W@__crt_stdio_output@@@2@@__crt_stdio_output@@AEAA_NXZ 0000000180014020 f i libucrtd:output.obj
 0001:00013040       ?state_case_flag@?$output_processor@DV?$string_output_adapter@D@__crt_stdio_output@@V?$format_validation_base@DV?$string_output_adapter@D@__crt_stdio_output@@@2@@__crt_stdio_output@@AEAA_NXZ 0000000180014040 f i libucrtd:output.obj
 0001:000130e0       ?state_case_flag@?$output_processor@_WV?$string_output_adapter@_W@__crt_stdio_output@@V?$format_validation_base@_WV?$string_output_adapter@_W@__crt_stdio_output@@@2@@__crt_stdio_output@@AEAA_NXZ 00000001800140e0 f i libucrtd:output.obj
 0001:00013180       ?state_case_normal@?$output_processor@DV?$string_output_adapter@D@__crt_stdio_output@@V?$format_validation_base@DV?$string_output_adapter@D@__crt_stdio_output@@@2@@__crt_stdio_output@@AEAA_NXZ 0000000180014180 f i libucrtd:output.obj
 0001:00013260       ?state_case_normal@?$output_processor@_WV?$string_output_adapter@_W@__crt_stdio_output@@V?$format_validation_base@_WV?$string_output_adapter@_W@__crt_stdio_output@@@2@@__crt_stdio_output@@AEAA_NXZ 0000000180014260 f i libucrtd:output.obj
 0001:00013340       ?state_case_normal_common@?$output_processor@DV?$string_output_adapter@D@__crt_stdio_output@@V?$format_validation_base@DV?$string_output_adapter@D@__crt_stdio_output@@@2@@__crt_stdio_output@@AEAA_NXZ 0000000180014340 f i libucrtd:output.obj
 0001:00013390       ?state_case_normal_common@?$output_processor@_WV?$string_output_adapter@_W@__crt_stdio_output@@V?$format_validation_base@_WV?$string_output_adapter@_W@__crt_stdio_output@@@2@@__crt_stdio_output@@AEAA_NXZ 0000000180014390 f i libucrtd:output.obj
 0001:000133e0       ?state_case_normal_tchar@?$output_processor@DV?$string_output_adapter@D@__crt_stdio_output@@V?$format_validation_base@DV?$string_output_adapter@D@__crt_stdio_output@@@2@@__crt_stdio_output@@AEAA_ND@Z 00000001800143e0 f i libucrtd:output.obj
 0001:00013520       ?state_case_normal_tchar@?$output_processor@_WV?$string_output_adapter@_W@__crt_stdio_output@@V?$format_validation_base@_WV?$string_output_adapter@_W@__crt_stdio_output@@@2@@__crt_stdio_output@@AEAA_N_W@Z 0000000180014520 f i libucrtd:output.obj
 0001:00013540       ?state_case_percent@?$output_processor@DV?$string_output_adapter@D@__crt_stdio_output@@V?$format_validation_base@DV?$string_output_adapter@D@__crt_stdio_output@@@2@@__crt_stdio_output@@AEAA_NXZ 0000000180014540 f i libucrtd:output.obj
 0001:00013540       ?state_case_percent@?$output_processor@_WV?$string_output_adapter@_W@__crt_stdio_output@@V?$format_validation_base@_WV?$string_output_adapter@_W@__crt_stdio_output@@@2@@__crt_stdio_output@@AEAA_NXZ 0000000180014540 f i libucrtd:output.obj
 0001:00013590       ?state_case_precision@?$output_processor@DV?$string_output_adapter@D@__crt_stdio_output@@V?$format_validation_base@DV?$string_output_adapter@D@__crt_stdio_output@@@2@@__crt_stdio_output@@AEAA_NXZ 0000000180014590 f i libucrtd:output.obj
 0001:00013610       ?state_case_precision@?$output_processor@_WV?$string_output_adapter@_W@__crt_stdio_output@@V?$format_validation_base@_WV?$string_output_adapter@_W@__crt_stdio_output@@@2@@__crt_stdio_output@@AEAA_NXZ 0000000180014610 f i libucrtd:output.obj
 0001:00013690       ?state_case_size@?$output_processor@DV?$string_output_adapter@D@__crt_stdio_output@@V?$format_validation_base@DV?$string_output_adapter@D@__crt_stdio_output@@@2@@__crt_stdio_output@@AEAA_NXZ 0000000180014690 f i libucrtd:output.obj
 0001:00013b10       ?state_case_size@?$output_processor@_WV?$string_output_adapter@_W@__crt_stdio_output@@V?$format_validation_base@_WV?$string_output_adapter@_W@__crt_stdio_output@@@2@@__crt_stdio_output@@AEAA_NXZ 0000000180014b10 f i libucrtd:output.obj
 0001:00013f90       ?state_case_type@?$output_processor@DV?$string_output_adapter@D@__crt_stdio_output@@V?$format_validation_base@DV?$string_output_adapter@D@__crt_stdio_output@@@2@@__crt_stdio_output@@AEAA_NXZ 0000000180014f90 f i libucrtd:output.obj
 0001:00014430       ?state_case_type@?$output_processor@_WV?$string_output_adapter@_W@__crt_stdio_output@@V?$format_validation_base@_WV?$string_output_adapter@_W@__crt_stdio_output@@@2@@__crt_stdio_output@@AEAA_NXZ 0000000180015430 f i libucrtd:output.obj
 0001:00014990       ?state_case_width@?$output_processor@DV?$string_output_adapter@D@__crt_stdio_output@@V?$format_validation_base@DV?$string_output_adapter@D@__crt_stdio_output@@@2@@__crt_stdio_output@@AEAA_NXZ 0000000180015990 f i libucrtd:output.obj
 0001:00014a20       ?state_case_width@?$output_processor@_WV?$string_output_adapter@_W@__crt_stdio_output@@V?$format_validation_base@_WV?$string_output_adapter@_W@__crt_stdio_output@@@2@@__crt_stdio_output@@AEAA_NXZ 0000000180015a20 f i libucrtd:output.obj
 0001:00014ab0       ?state_count@?$format_validation_base@_WV?$string_output_adapter@_W@__crt_stdio_output@@@__crt_stdio_output@@KAIXZ 0000000180015ab0 f i libucrtd:output.obj
 0001:00014ab0       ?state_count@?$format_validation_base@DV?$string_output_adapter@D@__crt_stdio_output@@@__crt_stdio_output@@KAIXZ 0000000180015ab0 f i libucrtd:output.obj
 0001:00014ac0       ?state_transition_table@?$format_validation_base@DV?$string_output_adapter@D@__crt_stdio_output@@@__crt_stdio_output@@KAPEBEXZ 0000000180015ac0 f i libucrtd:output.obj
 0001:00014ac0       ?state_transition_table@?$format_validation_base@_WV?$string_output_adapter@_W@__crt_stdio_output@@@__crt_stdio_output@@KAPEBEXZ 0000000180015ac0 f i libucrtd:output.obj
 0001:00014ad0       ?tchar_string@?$common_data@D@__crt_stdio_output@@IEAAAEAPEADD@Z 0000000180015ad0 f i libucrtd:output.obj
 0001:00014af0       ?tchar_string@?$common_data@D@__crt_stdio_output@@IEAAAEAPEADXZ 0000000180015af0 f i libucrtd:output.obj
 0001:00014b10       ?tchar_string@?$common_data@_W@__crt_stdio_output@@IEAAAEAPEA_WXZ 0000000180015b10 f i libucrtd:output.obj
 0001:00014b30       ?tchar_string@?$common_data@_W@__crt_stdio_output@@IEAAAEAPEA_W_W@Z 0000000180015b30 f i libucrtd:output.obj
 0001:00014b50       ?to_integer_size@__crt_stdio_output@@YA_KW4length_modifier@1@@Z 0000000180015b50 f i libucrtd:output.obj
 0001:00014c00       ?type_case_X@?$output_processor@DV?$string_output_adapter@D@__crt_stdio_output@@V?$format_validation_base@DV?$string_output_adapter@D@__crt_stdio_output@@@2@@__crt_stdio_output@@AEAA_NXZ 0000000180015c00 f i libucrtd:output.obj
 0001:00014c20       ?type_case_X@?$output_processor@_WV?$string_output_adapter@_W@__crt_stdio_output@@V?$format_validation_base@_WV?$string_output_adapter@_W@__crt_stdio_output@@@2@@__crt_stdio_output@@AEAA_NXZ 0000000180015c20 f i libucrtd:output.obj
 0001:00014c40       ?type_case_Z@?$output_processor@DV?$string_output_adapter@D@__crt_stdio_output@@V?$format_validation_base@DV?$string_output_adapter@D@__crt_stdio_output@@@2@@__crt_stdio_output@@AEAA_NXZ 0000000180015c40 f i libucrtd:output.obj
 0001:00014d60       ?type_case_Z@?$output_processor@_WV?$string_output_adapter@_W@__crt_stdio_output@@V?$format_validation_base@_WV?$string_output_adapter@_W@__crt_stdio_output@@@2@@__crt_stdio_output@@AEAA_NXZ 0000000180015d60 f i libucrtd:output.obj
 0001:00014e80       ?type_case_a@?$output_processor@DV?$string_output_adapter@D@__crt_stdio_output@@V?$format_validation_base@DV?$string_output_adapter@D@__crt_stdio_output@@@2@@__crt_stdio_output@@AEAA_NXZ 0000000180015e80 f i libucrtd:output.obj
 0001:00015240       ?type_case_a@?$output_processor@_WV?$string_output_adapter@_W@__crt_stdio_output@@V?$format_validation_base@_WV?$string_output_adapter@_W@__crt_stdio_output@@@2@@__crt_stdio_output@@AEAA_NXZ 0000000180016240 f i libucrtd:output.obj
 0001:00015610       ?type_case_c@?$output_processor@DV?$string_output_adapter@D@__crt_stdio_output@@V?$format_validation_base@DV?$string_output_adapter@D@__crt_stdio_output@@@2@@__crt_stdio_output@@AEAA_NXZ 0000000180016610 f i libucrtd:output.obj
 0001:00015630       ?type_case_c@?$output_processor@_WV?$string_output_adapter@_W@__crt_stdio_output@@V?$format_validation_base@_WV?$string_output_adapter@_W@__crt_stdio_output@@@2@@__crt_stdio_output@@AEAA_NXZ 0000000180016630 f i libucrtd:output.obj
 0001:00015650       ?type_case_c_tchar@?$output_processor@DV?$string_output_adapter@D@__crt_stdio_output@@V?$format_validation_base@DV?$string_output_adapter@D@__crt_stdio_output@@@2@@__crt_stdio_output@@AEAA_ND@Z 0000000180016650 f i libucrtd:output.obj
 0001:000157a0       ?type_case_c_tchar@?$output_processor@_WV?$string_output_adapter@_W@__crt_stdio_output@@V?$format_validation_base@_WV?$string_output_adapter@_W@__crt_stdio_output@@@2@@__crt_stdio_output@@AEAA_N_W@Z 00000001800167a0 f i libucrtd:output.obj
 0001:000158d0       ?type_case_d@?$output_processor@DV?$string_output_adapter@D@__crt_stdio_output@@V?$format_validation_base@DV?$string_output_adapter@D@__crt_stdio_output@@@2@@__crt_stdio_output@@AEAA_NXZ 00000001800168d0 f i libucrtd:output.obj
 0001:00015900       ?type_case_d@?$output_processor@_WV?$string_output_adapter@_W@__crt_stdio_output@@V?$format_validation_base@_WV?$string_output_adapter@_W@__crt_stdio_output@@@2@@__crt_stdio_output@@AEAA_NXZ 0000000180016900 f i libucrtd:output.obj
 0001:00015930       ?type_case_integer@?$output_processor@DV?$string_output_adapter@D@__crt_stdio_output@@V?$format_validation_base@DV?$string_output_adapter@D@__crt_stdio_output@@@2@@__crt_stdio_output@@AEAA_NI_N@Z 0000000180016930 f i libucrtd:output.obj
 0001:00015d80       ?type_case_integer@?$output_processor@_WV?$string_output_adapter@_W@__crt_stdio_output@@V?$format_validation_base@_WV?$string_output_adapter@_W@__crt_stdio_output@@@2@@__crt_stdio_output@@AEAA_NI_N@Z 0000000180016d80 f i libucrtd:output.obj
 0001:000161d0       ?type_case_n@?$output_processor@DV?$string_output_adapter@D@__crt_stdio_output@@V?$format_validation_base@DV?$string_output_adapter@D@__crt_stdio_output@@@2@@__crt_stdio_output@@AEAA_NXZ 00000001800171d0 f i libucrtd:output.obj
 0001:00016410       ?type_case_n@?$output_processor@_WV?$string_output_adapter@_W@__crt_stdio_output@@V?$format_validation_base@_WV?$string_output_adapter@_W@__crt_stdio_output@@@2@@__crt_stdio_output@@AEAA_NXZ 0000000180017410 f i libucrtd:output.obj
 0001:00016650       ?type_case_o@?$output_processor@DV?$string_output_adapter@D@__crt_stdio_output@@V?$format_validation_base@DV?$string_output_adapter@D@__crt_stdio_output@@@2@@__crt_stdio_output@@AEAA_NXZ 0000000180017650 f i libucrtd:output.obj
 0001:000166a0       ?type_case_o@?$output_processor@_WV?$string_output_adapter@_W@__crt_stdio_output@@V?$format_validation_base@_WV?$string_output_adapter@_W@__crt_stdio_output@@@2@@__crt_stdio_output@@AEAA_NXZ 00000001800176a0 f i libucrtd:output.obj
[...]
 0004:000026c4       $pdata$c32rtomb            00000001800536c4     libucrtd:c32rtomb.obj
 0004:000026d0       $pdata$?__c32rtomb_utf8@__crt_mbstring@@YA_KPEAD_UPEAU_Mbstatet@@@Z 00000001800536d0     libucrtd:c32rtomb.obj
 0004:000026dc       $pdata$?return_illegal_sequence@__crt_mbstring@@YA_KPEAU_Mbstatet@@@Z 00000001800536dc     libucrtd:c32rtomb.obj
 0004:000026e8       $pdata$?reset_and_return@__crt_mbstring@@YA_K_KPEAU_Mbstatet@@@Z 00000001800536e8     libucrtd:c32rtomb.obj
 0004:000026f4       $pdata$__acrt_fp_strflt_to_string 00000001800536f4     libucrtd:_fptostr.obj
 0004:00002700       $pdata$__acrt_fltout       0000000180053700     libucrtd:cfout.obj
 0004:0000270c       $pdata$??0big_integer@__crt_strtox@@QEAA@XZ 000000018005370c     libucrtd:cfout.obj
 0004:00002718       $pdata$??0big_integer@__crt_strtox@@QEAA@AEBU01@@Z 0000000180053718     libucrtd:cfout.obj
 0004:00002718       $pdata$??4big_integer@__crt_strtox@@QEAAAEAU01@AEBU01@@Z 0000000180053718     libucrtd:cfout.obj
 0004:00002724       $pdata$??8__crt_strtox@@YA_NAEBUbig_integer@0@0@Z 0000000180053724     libucrtd:cfout.obj
 0004:00002730       $pdata$??9__crt_strtox@@YA_NAEBUbig_integer@0@0@Z 0000000180053730     libucrtd:cfout.obj
 0004:0000273c       $pdata$?make_big_integer@__crt_strtox@@YA?AUbig_integer@1@_K@Z 000000018005373c     libucrtd:cfout.obj
 0004:00002748       $pdata$?make_big_integer_power_of_two@__crt_strtox@@YA?AUbig_integer@1@I@Z 0000000180053748     libucrtd:cfout.obj
 0004:00002754       $pdata$?is_zero@__crt_strtox@@YA_NAEBUbig_integer@1@@Z 0000000180053754     libucrtd:cfout.obj
 0004:00002760       $pdata$?bit_scan_reverse@__crt_strtox@@YAII@Z 0000000180053760     libucrtd:cfout.obj
 0004:0000276c       $pdata$?shift_left@__crt_strtox@@YA_NAEAUbig_integer@1@I@Z 000000018005376c     libucrtd:cfout.obj
 0004:00002778       $pdata$?add_carry@__crt_strtox@@YAIAEAIII@Z 0000000180053778     libucrtd:cfout.obj
 0004:00002784       $pdata$?add_multiply_carry@__crt_strtox@@YAIAEAIIII@Z 0000000180053784     libucrtd:cfout.obj
 0004:00002790       $pdata$?multiply_core@__crt_strtox@@YAIQEAIII@Z 0000000180053790     libucrtd:cfout.obj
 0004:0000279c       $pdata$?multiply@__crt_strtox@@YA_NAEAUbig_integer@1@I@Z 000000018005379c     libucrtd:cfout.obj
 0004:000027a8       $pdata$?multiply@__crt_strtox@@YA_NAEAUbig_integer@1@AEBU21@@Z 00000001800537a8     libucrtd:cfout.obj
 0004:000027b4       $pdata$?multiply_by_power_of_ten@__crt_strtox@@YA_NAEAUbig_integer@1@I@Z 00000001800537b4     libucrtd:cfout.obj
 0004:000027c0       $pdata$?count_sequential_high_zeroes@__crt_strtox@@YAII@Z 00000001800537c0     libucrtd:cfout.obj
 0004:000027cc       $pdata$?divide@__crt_strtox@@YA_KAEAUbig_integer@1@AEBU21@@Z 00000001800537cc     libucrtd:cfout.obj
 0004:000027d8       $pdata$??0scoped_fp_state_reset@?A0x71ca7cfb@@QEAA@XZ 00000001800537d8     libucrtd:cfout.obj
 0004:000027e4       $pdata$??1scoped_fp_state_reset@?A0x71ca7cfb@@QEAA@XZ 00000001800537e4     libucrtd:cfout.obj
 0004:000027f0       $pdata$??$convert_to_fos_high_precision@N@@YAXNIQEAHQEAD_K@Z 00000001800537f0     libucrtd:cfout.obj
 0004:000027fc       $pdata$_fcloseall          00000001800537fc     libucrtd:closeall.obj
 0004:00002808       $pdata$_fcloseall$fin$0    0000000180053808     libucrtd:closeall.obj
 0004:00002814       $pdata$?is_in_use@__crt_stdio_stream@@QEBA_NXZ 0000000180053814     libucrtd:closeall.obj
 0004:00002820       $pdata$?has_crt_buffer@__crt_stdio_stream@@QEBA_NXZ 0000000180053820     libucrtd:_freebuf.obj
 0004:0000282c       $pdata$__acrt_stdio_free_buffer_nolock 000000018005382c     libucrtd:_freebuf.obj
 0004:00002838       $pdata$__acrt_GetStringTypeW 0000000180053838     libucrtd:getstringtypew.obj
 0004:00002844       $pdata$_itow_s             0000000180053844     libucrtd:xtoa.obj
 0004:00002850       $pdata$_itoa_s             0000000180053850     libucrtd:xtoa.obj
 0004:0000285c       $pdata$??$common_xtox_s@KD@@YAHKQEAD_KI_N@Z 000000018005385c     libucrtd:xtoa.obj
 0004:00002868       $pdata$??$common_xtox@KD@@YAHKQEAD_KI_N@Z 0000000180053868     libucrtd:xtoa.obj
 0004:00002874       $pdata$??$common_xtox_s@K_W@@YAHKQEA_W_KI_N@Z 0000000180053874     libucrtd:xtoa.obj
 0004:00002880       $pdata$??$common_xtox@K_W@@YAHKQEA_W_KI_N@Z 0000000180053880     libucrtd:xtoa.obj
 0004:0000288c       $pdata$mbstowcs_s          000000018005388c     libucrtd:mbstowcs.obj
 0004:00002898       $pdata$_mbstowcs_s_l       0000000180053898     libucrtd:mbstowcs.obj
 0004:000028a4       $pdata$?_mbstowcs_l_helper@@YA_KPEA_WPEBD_KPEAU__crt_locale_pointers@@@Z 00000001800538a4     libucrtd:mbstowcs.obj
 0004:000028b0       $pdata$wcstombs_s          00000001800538b0     libucrtd:wcstombs.obj
 0004:000028bc       $pdata$_wcstombs_s_l       00000001800538bc     libucrtd:wcstombs.obj
 0004:000028c8       $pdata$?wcsncnt@@YA_KPEB_W_K@Z 00000001800538c8     libucrtd:wcstombs.obj
 0004:000028d4       $pdata$?_wcstombs_l_helper@@YA_KPEADPEB_W_KPEAU__crt_locale_pointers@@@Z 00000001800538d4     libucrtd:wcstombs.obj
 0004:000028e0       $pdata$?dtor$0@?0??_wcstombs_l_helper@@YA_KPEADPEB_W_KPEAU__crt_locale_pointers@@@Z@4HA 00000001800538e0     libucrtd:wcstombs.obj
 0004:000028ec       $pdata$strcat_s            00000001800538ec     libucrtd:strcat_s.obj
 0004:000028f8       $pdata$??$common_tcscat_s@D@@YAHQEAD_KQEBD@Z 00000001800538f8     libucrtd:strcat_s.obj
 0004:00002904       $pdata$__acrt_OutputDebugStringA 0000000180053904     libucrtd:outputdebugstringa.obj
 0004:0000291c       $pdata$__strncnt           000000018005391c     libucrtd:strncnt.obj
 0004:00002928       $pdata$__ascii_wcsnicmp    0000000180053928     libucrtd:wcsnicmp.obj
 0004:00002934       $pdata$_commit             0000000180053934     libucrtd:commit.obj
 0004:00002940       $pdata$??R<lambda_5533cddd4bda0037814beee657757329>@@QEBAHXZ 0000000180053940     libucrtd:commit.obj
 0004:0000294c       $pdata$??$__acrt_lowio_lock_fh_and_call@V<lambda_5533cddd4bda0037814beee657757329>@@@@YAHH$$QEAV<lambda_5533cddd4bda0037814beee657757329>@@@Z 000000018005394c     libucrtd:commit.obj
 0004:00002958       $pdata$??R<lambda_53fc7fc888e23d815d7080162c0aeeb2>@@QEBAXXZ 0000000180053958     libucrtd:close.obj
 0004:00002958       $pdata$??R<lambda_4e3dbe6921bc0b5a1a6bc6573fdc859e>@@QEBAXXZ 0000000180053958     libucrtd:commit.obj
 0004:00002964       $pdata$??R<lambda_8ddc48ad9d26c778cb15812d1d88fc8a>@@QEBAXXZ 0000000180053964     libucrtd:close.obj
 0004:00002964       $pdata$??R<lambda_47cffbaa968af5c721c38a4a6f8da44d>@@QEBAXXZ 0000000180053964     libucrtd:commit.obj
 0004:00002970       $pdata$??$?RV<lambda_4e3dbe6921bc0b5a1a6bc6573fdc859e>@@AEAV<lambda_5533cddd4bda0037814beee657757329>@@V<lambda_47cffbaa968af5c721c38a4a6f8da44d>@@@?$__crt_seh_guarded_call@H@@QEAAH$$QEAV<lambda_4e3dbe6921bc0b5a1a6bc6573fdc859e>@@AEAV<lambda_5533cddd4bda0037814beee657757329>@@$$QEAV<lambda_47cffbaa968af5c721c38a4a6f8da44d>@@@Z 0000000180053970     libucrtd:commit.obj
 0004:0000297c       $pdata$?fin$0@?0???$?RV<lambda_53fc7fc888e23d815d7080162c0aeeb2>@@AEAV<lambda_4e7105787b7b0e0227fbf2b2d883fa65>@@V<lambda_8ddc48ad9d26c778cb15812d1d88fc8a>@@@?$__crt_seh_guarded_call@H@@QEAAH$$QEAV<lambda_53fc7fc888e23d815d7080162c0aeeb2>@@AEAV<lambda_4e7105787b7b0e0227fbf2b2d883fa65>@@$$QEAV<lambda_8ddc48ad9d26c778cb15812d1d88fc8a>@@@Z@4HA 000000018005397c     libucrtd:close.obj
 0004:0000297c       $pdata$?fin$0@?0???$?RV<lambda_4e3dbe6921bc0b5a1a6bc6573fdc859e>@@AEAV<lambda_5533cddd4bda0037814beee657757329>@@V<lambda_47cffbaa968af5c721c38a4a6f8da44d>@@@?$__crt_seh_guarded_call@H@@QEAAH$$QEAV<lambda_4e3dbe6921bc0b5a1a6bc6573fdc859e>@@AEAV<lambda_5533cddd4bda0037814beee657757329>@@$$QEAV<lambda_47cffbaa968af5c721c38a4a6f8da44d>@@@Z@4HA 000000018005397c     libucrtd:commit.obj
 0004:00002988       $pdata$_write              0000000180053988     libucrtd:write.obj
 0004:00002994       $pdata$_write$fin$0        0000000180053994     libucrtd:write.obj
 0004:000029a0       $pdata$_write_nolock       00000001800539a0     libucrtd:write.obj
 0004:000029ac       $pdata$?write_requires_double_translation_nolock@@YA_NH@Z 00000001800539ac     libucrtd:write.obj
 0004:000029b8       $pdata$?write_double_translated_ansi_nolock@@YA?AUwrite_result@?A0x17268360@@HQEBDI@Z 00000001800539b8     libucrtd:write.obj
 0004:000029c4       $pdata$?write_double_translated_unicode_nolock@@YA?AUwrite_result@?A0x17268360@@QEBDI@Z 00000001800539c4     libucrtd:write.obj
 0004:000029d0       $pdata$?write_text_ansi_nolock@@YA?AUwrite_result@?A0x17268360@@HQEBDI@Z 00000001800539d0     libucrtd:write.obj
 0004:000029dc       $pdata$?write_text_utf16le_nolock@@YA?AUwrite_result@?A0x17268360@@HQEBDI@Z 00000001800539dc     libucrtd:write.obj
 0004:000029e8       $pdata$?write_text_utf8_nolock@@YA?AUwrite_result@?A0x17268360@@HQEBDI@Z 00000001800539e8     libucrtd:write.obj
 0004:000029f4       $pdata$?write_binary_nolock@@YA?AUwrite_result@?A0x17268360@@HQEBDI@Z 00000001800539f4     libucrtd:write.obj
 0004:00002a00       $pdata$?__mbrtoc32_utf8@__crt_mbstring@@YA_KPEA_UPEBD_KPEAU_Mbstatet@@@Z 0000000180053a00     libucrtd:mbrtoc32.obj
 0004:00002a18       $pdata$ceil                0000000180053a18     libucrtd:ceil.obj
 0004:00002a24       $pdata$fegetenv            0000000180053a24     libucrtd:fegetenv.obj
 0004:00002a30       $pdata$fesetenv            0000000180053a30     libucrtd:fesetenv.obj
 0004:00002a3c       $pdata$feholdexcept        0000000180053a3c     libucrtd:feholdexcept.obj
 0004:00002a48       $pdata$_lseeki64_nolock    0000000180053a48     libucrtd:lseek.obj
 0004:00002a54       $pdata$?common_lseek_do_seek_nolock@@YA_JQEAX_JH@Z 0000000180053a54     libucrtd:lseek.obj
 0004:00002a60       $pdata$??$common_lseek_nolock@_J@@YA_JH_JH@Z 0000000180053a60     libucrtd:lseek.obj
 0004:00002a6c       $pdata$fclose              0000000180053a6c     libucrtd:fclose.obj
 0004:00002a78       $pdata$fclose$fin$0        0000000180053a78     libucrtd:fclose.obj
 0004:00002a84       $pdata$_fclose_nolock      0000000180053a84     libucrtd:fclose.obj
 0004:00002a90       $pdata$?__wcsrtombs_utf8@__crt_mbstring@@YA_KPEADPEAPEB_W_KPEAU_Mbstatet@@@Z 0000000180053a90     libucrtd:wcrtomb.obj
 0004:00002a9c       $pdata$_putwch_nolock      0000000180053a9c     libucrtd:putwch.obj
 0004:00002aa8       $pdata$__acrt_initialize_fma3 0000000180053aa8     libucrtd:fma3_available.obj
 0004:00002ab4       $pdata$_log_special_common 0000000180053ab4     libucrtd:log_special.obj
 0004:00002ac0       $pdata$_log10_special      0000000180053ac0     libucrtd:log_special.obj
 0004:00002acc       $pdata$??$__acrt_fenv_shift_bits@W4__acrt_fenv_abstract_control@@@@YA?AW4__acrt_fenv_abstract_control@@W40@0I@Z 0000000180053acc     libucrtd:_fenvutils.obj
 0004:00002acc       $pdata$??$__acrt_fenv_shift_bits@W4__acrt_fenv_abstract_status@@@@YA?AW4__acrt_fenv_abstract_status@@W40@0I@Z 0000000180053acc     libucrtd:_fenvutils.obj
 0004:00002ad8       $pdata$??$__acrt_fenv_unshift_bits@W4__acrt_fenv_abstract_control@@@@YA?AW4__acrt_fenv_abstract_control@@W40@0I@Z 0000000180053ad8     libucrtd:_fenvutils.obj
 0004:00002ad8       $pdata$??$__acrt_fenv_unshift_bits@W4__acrt_fenv_abstract_status@@@@YA?AW4__acrt_fenv_abstract_status@@W40@0I@Z 0000000180053ad8     libucrtd:_fenvutils.obj
 0004:00002ae4       $pdata$?__acrt_fenv_shift_abstract_sse_status@@YA?AW4__acrt_fenv_abstract_status@@W41@@Z 0000000180053ae4     libucrtd:_fenvutils.obj
 0004:00002af0       $pdata$?__acrt_fenv_unshift_abstract_sse_status@@YA?AW4__acrt_fenv_abstract_status@@W41@@Z 0000000180053af0     libucrtd:_fenvutils.obj
 0004:00002afc       $pdata$?__acrt_fenv_shift_abstract_sse_control@@YA?AW4__acrt_fenv_abstract_control@@W41@@Z 0000000180053afc     libucrtd:_fenvutils.obj
 0004:00002b08       $pdata$?__acrt_fenv_unshift_abstract_sse_control@@YA?AW4__acrt_fenv_abstract_control@@W41@@Z 0000000180053b08     libucrtd:_fenvutils.obj
 0004:00002b14       $pdata$__acrt_fenv_get_status 0000000180053b14     libucrtd:_fenvutils.obj
 0004:00002b20       $pdata$__acrt_fenv_set_status 0000000180053b20     libucrtd:_fenvutils.obj
 0004:00002b2c       $pdata$__acrt_fenv_get_control 0000000180053b2c     libucrtd:_fenvutils.obj
 0004:00002b38       $pdata$__acrt_fenv_set_control 0000000180053b38     libucrtd:_fenvutils.obj
 0004:00002b44       $pdata$?to_machine_sse_status@@YA?AW4__acrt_fenv_machine_sse_status@@W4__acrt_fenv_abstract_status@@@Z 0000000180053b44     libucrtd:_fenvutils.obj
 0004:00002b50       $pdata$??$translate_status@W4__acrt_fenv_machine_sse_status@@W4__acrt_fenv_abstract_status@@@@YA?AW4__acrt_fenv_machine_sse_status@@W4__acrt_fenv_abstract_status@@@Z 0000000180053b50     libucrtd:_fenvutils.obj
 0004:00002b5c       $pdata$?translate_control_denormal_control_to_sse@@YA?AW4__acrt_fenv_machine_sse_control@@W4__acrt_fenv_abstract_control@@@Z 0000000180053b5c     libucrtd:_fenvutils.obj
 0004:00002b68       $pdata$?translate_control_denormal_control_from_sse@@YA?AW4__acrt_fenv_abstract_control@@W4__acrt_fenv_machine_sse_control@@@Z 0000000180053b68     libucrtd:_fenvutils.obj
 0004:00002b74       $pdata$?to_abstract_control@@YA?AW4__acrt_fenv_abstract_control@@W4__acrt_fenv_machine_sse_control@@@Z 0000000180053b74     libucrtd:_fenvutils.obj
 0004:00002b80       $pdata$??$translate_control_exception_mask@W4__acrt_fenv_abstract_control@@W4__acrt_fenv_machine_sse_control@@@@YA?AW4__acrt_fenv_abstract_control@@W4__acrt_fenv_machine_sse_control@@@Z 0000000180053b80     libucrtd:_fenvutils.obj
 0004:00002b8c       $pdata$??$translate_control_rounding_control@W4__acrt_fenv_abstract_control@@W4__acrt_fenv_machine_sse_control@@@@YA?AW4__acrt_fenv_abstract_control@@W4__acrt_fenv_machine_sse_control@@@Z 0000000180053b8c     libucrtd:_fenvutils.obj
 0004:00002b98       $pdata$?to_machine_sse_control@@YA?AW4__acrt_fenv_machine_sse_control@@W4__acrt_fenv_abstract_control@@@Z 0000000180053b98     libucrtd:_fenvutils.obj
 0004:00002ba4       $pdata$??$translate_control_exception_mask@W4__acrt_fenv_machine_sse_control@@W4__acrt_fenv_abstract_control@@@@YA?AW4__acrt_fenv_machine_sse_control@@W4__acrt_fenv_abstract_control@@@Z 0000000180053ba4     libucrtd:_fenvutils.obj
 0004:00002bb0       $pdata$??$translate_control_rounding_control@W4__acrt_fenv_machine_sse_control@@W4__acrt_fenv_abstract_control@@@@YA?AW4__acrt_fenv_machine_sse_control@@W4__acrt_fenv_abstract_control@@@Z 0000000180053bb0     libucrtd:_fenvutils.obj
 0004:00002bbc       $pdata$?get_machine_sse_status@@YA?AW4__acrt_fenv_machine_sse_status@@XZ 0000000180053bbc     libucrtd:_fenvutils.obj
 0004:00002bc8       $pdata$?set_machine_sse_status@@YAXW4__acrt_fenv_machine_sse_status@@@Z 0000000180053bc8     libucrtd:_fenvutils.obj
 0004:00002bd4       $pdata$?get_machine_sse_control@@YA?AW4__acrt_fenv_machine_sse_control@@XZ 0000000180053bd4     libucrtd:_fenvutils.obj
 0004:00002be0       $pdata$?set_machine_sse_control@@YAXW4__acrt_fenv_machine_sse_control@@@Z 0000000180053be0     libucrtd:_fenvutils.obj
 0004:00002bec       $pdata$??$to_abstract_status@W4__acrt_fenv_machine_sse_status@@@@YA?AW4__acrt_fenv_abstract_status@@W4__acrt_fenv_machine_sse_status@@@Z 0000000180053bec     libucrtd:_fenvutils.obj
 0004:00002bf8       $pdata$??$__acrt_fenv_translate_bit@W4__acrt_fenv_abstract_status@@W4__acrt_fenv_machine_sse_status@@@@YA?AW4__acrt_fenv_abstract_status@@W4__acrt_fenv_machine_sse_status@@0W40@1@Z 0000000180053bf8     libucrtd:_fenvutils.obj
 0004:00002bf8       $pdata$??$__acrt_fenv_translate_bit@W4__acrt_fenv_machine_sse_status@@W4__acrt_fenv_abstract_status@@@@YA?AW4__acrt_fenv_machine_sse_status@@W4__acrt_fenv_abstract_status@@0W40@1@Z 0000000180053bf8     libucrtd:_fenvutils.obj
 0004:00002c04       $pdata$??$__acrt_fenv_translate_bit@W4__acrt_fenv_abstract_control@@W4__acrt_fenv_machine_sse_control@@@@YA?AW4__acrt_fenv_abstract_control@@W4__acrt_fenv_machine_sse_control@@0W40@1@Z 0000000180053c04     libucrtd:_fenvutils.obj
 0004:00002c10       $pdata$??$__acrt_fenv_translate_bit@W4__acrt_fenv_machine_sse_control@@W4__acrt_fenv_abstract_control@@@@YA?AW4__acrt_fenv_machine_sse_control@@W4__acrt_fenv_abstract_control@@0W40@1@Z 0000000180053c10     libucrtd:_fenvutils.obj
 0004:00002c1c       $pdata$??$translate_status@W4__acrt_fenv_abstract_status@@W4__acrt_fenv_machine_sse_status@@@@YA?AW4__acrt_fenv_abstract_status@@W4__acrt_fenv_machine_sse_status@@@Z 0000000180053c1c     libucrtd:_fenvutils.obj
 0004:00002c28       $pdata$_clearfp            0000000180053c28     libucrtd:ieee.obj
 0004:00002c34       $pdata$_abstract_sw        0000000180053c34     libucrtd:ieee.obj
 0004:00002c40       $pdata$_close              0000000180053c40     libucrtd:close.obj
 0004:00002c4c       $pdata$_close_nolock       0000000180053c4c     libucrtd:close.obj
 0004:00002c58       $pdata$?close_os_handle_nolock@@YAKH@Z 0000000180053c58     libucrtd:close.obj
 0004:00002c64       $pdata$??R<lambda_4e7105787b7b0e0227fbf2b2d883fa65>@@QEBAHXZ 0000000180053c64     libucrtd:close.obj
 0004:00002c70       $pdata$??$__acrt_lowio_lock_fh_and_call@V<lambda_4e7105787b7b0e0227fbf2b2d883fa65>@@@@YAHH$$QEAV<lambda_4e7105787b7b0e0227fbf2b2d883fa65>@@@Z 0000000180053c70     libucrtd:close.obj
 0004:00002c7c       $pdata$??$?RV<lambda_53fc7fc888e23d815d7080162c0aeeb2>@@AEAV<lambda_4e7105787b7b0e0227fbf2b2d883fa65>@@V<lambda_8ddc48ad9d26c778cb15812d1d88fc8a>@@@?$__crt_seh_guarded_call@H@@QEAAH$$QEAV<lambda_53fc7fc888e23d815d7080162c0aeeb2>@@AEAV<lambda_4e7105787b7b0e0227fbf2b2d883fa65>@@$$QEAV<lambda_8ddc48ad9d26c778cb15812d1d88fc8a>@@@Z 0000000180053c7c     libucrtd:close.obj
 0004:00002c88       $pdata$?__acrt_stdio_free_stream@@YAXV__crt_stdio_stream@@@Z 0000000180053c88     libucrtd:stream.obj
 0004:00002c94       $pdata$?__c16rtomb_utf8@__crt_mbstring@@YA_KPEAD_SPEAU_Mbstatet@@@Z 0000000180053c94     libucrtd:c16rtomb.obj
 0004:00002ca0       $pdata$?store_first_surrogate@?A0xc60ee810@@YAX_SPEAU_Mbstatet@@@Z 0000000180053ca0     libucrtd:c16rtomb.obj
 0004:00002cac       $pdata$?has_surrogate@?A0xc60ee810@@YA_NPEAU_Mbstatet@@@Z 0000000180053cac     libucrtd:c16rtomb.obj
 0004:00002cb8       $pdata$?is_first_surrogate@?A0xc60ee810@@YA_N_S@Z 0000000180053cb8     libucrtd:c16rtomb.obj
 0004:00002cc4       $pdata$?is_second_surrogate@?A0xc60ee810@@YA_N_S@Z 0000000180053cc4     libucrtd:c16rtomb.obj
 0004:00002cd0       $pdata$__dcrt_lowio_ensure_console_output_initialized 0000000180053cd0     libucrtd:initcon.obj
 0004:00002cdc       $pdata$__dcrt_write_console 0000000180053cdc     libucrtd:initcon.obj
 0004:00002ce8       $pdata$__dcrt_terminate_console_output 0000000180053ce8     libucrtd:initcon.obj
 0004:00002cf4       $pdata$_ValidateImageBase  0000000180053cf4     LIBCMTD:pesect.obj
 0004:00002d00       $pdata$_FindPESection      0000000180053d00     LIBCMTD:pesect.obj
 0004:00002d0c       $pdata$_IsNonwritableInCurrentImage 0000000180053d0c     LIBCMTD:pesect.obj
 0004:00002d18       $pdata$_IsNonwritableInCurrentImage$filt$0 0000000180053d18     LIBCMTD:pesect.obj
 0004:00002d24       $pdata$??_Gtype_info@@UEAAPEAXI@Z 0000000180053d24     LIBCMTD:std_type_info_static.obj
 0004:00002d30       $pdata$??3@YAXPEAX_K@Z     0000000180053d30     LIBCMTD:delete_scalar_size.obj
 0004:00002d3c       $pdata$__GSHandlerCheck_SEH 0000000180053d3c     LIBCMTD:gshandlerseh.obj
 0004:00002d54       $pdata$__GSHandlerCheck_EH 0000000180053d54     LIBCMTD:gshandlereh.obj
 0004:00002d60       $pdata$??3@YAXPEAX@Z       0000000180053d60     LIBCMTD:delete_scalar.obj
 0004:00002d78       $pdata$strrchr             0000000180053d78     libvcruntimed:strrchr.obj
 0005:00000000       MoveSmall                  0000000180054000     libvcruntimed:memcpy.obj
 0005:00000050       MsetTab                    0000000180054050     libvcruntimed:memset.obj
