 handmade

 Timestamp is 5e9e32e4 (Mon Apr 20 17:40:20 2020)

 Preferred load address is 0000000180000000

 Start         Length     Name                   Class
 0001:00000000 000387b0H .text$mn                CODE
 0001:000387b0 00000020H .text$mn$00             CODE
 0001:000387d0 0000067dH .text$x                 CODE
 0002:00000000 00000248H .idata$5                DATA
 0002:00000248 00000010H .00cfg                  DATA
 0002:00000258 00000008H .CRT$XCA                DATA
 0002:00000260 00000008H .CRT$XCZ                DATA
 0002:00000268 00000008H .CRT$XIA                DATA
 0002:00000270 00000018H .CRT$XIC                DATA
 0002:00000288 00000008H .CRT$XIZ                DATA
 0002:00000290 00000008H .CRT$XPA                DATA
 0002:00000298 00000010H .CRT$XPX                DATA
 0002:000002a8 00000008H .CRT$XPXA               DATA
 0002:000002b0 00000008H .CRT$XPZ                DATA
 0002:000002b8 00000008H .CRT$XTA                DATA
 0002:000002c0 00000010H .CRT$XTZ                DATA
 0002:000002c8 00000000H .gfids$y                DATA
 0002:000002d0 00010288H .rdata                  DATA
 0002:00010558 0000016cH .rdata$r                DATA
 0002:000106c4 000002f4H .rdata$zzzdbg           DATA
 0002:000109b8 00000008H .rtc$IAA                DATA
 0002:000109c0 00000008H .rtc$IZZ                DATA
 0002:000109c8 00000008H .rtc$TAA                DATA
 0002:000109d0 00000010H .rtc$TZZ                DATA
 0002:000109e0 00001078H .xdata                  DATA
 0002:00011a58 00000088H .xdata$x                DATA
 0002:00011ae0 00000074H .edata                  DATA
 0002:00011b54 00000014H .idata$2                DATA
 0002:00011b68 00000018H .idata$3                DATA
 0002:00011b80 00000248H .idata$4                DATA
 0002:00011dc8 00000554H .idata$6                DATA
 0003:00000000 00000a30H .data                   DATA
 0003:00000a30 00000070H .data$r                 DATA
 0003:00000aa0 00001868H .bss                    DATA
 0004:00000000 00002d3cH .pdata                  DATA
 0005:00000000 00000094H _RDATA                  DATA

  Address         Publics by Value              Rva+Base               Lib:Object

 0000:00000000       __guard_longjmp_count      0000000000000000     <absolute>
 0000:00000000       __guard_fids_count         0000000000000000     <absolute>
 0000:00000000       __hybrid_code_map_count    0000000000000000     <absolute>
 0000:00000000       __guard_iat_table          0000000000000000     <absolute>
 0000:00000000       __hybrid_code_map          0000000000000000     <absolute>
 0000:00000000       __guard_iat_count          0000000000000000     <absolute>
 0000:00000000       __volatile_metadata        0000000000000000     <absolute>
 0000:00000000       __guard_longjmp_table      0000000000000000     <absolute>
 0000:00000000       __enclave_config           0000000000000000     <absolute>
 0000:00000000       __AbsoluteZero             0000000000000000     <absolute>
 0000:00000000       ___safe_se_handler_count   0000000000000000     <absolute>
 0000:00000000       ___safe_se_handler_table   0000000000000000     <absolute>
 0000:00000000       __guard_fids_table         0000000000000000     <absolute>
 0000:00000000       __hybrid_auxiliary_iat     0000000000000000     <absolute>
 0000:00000000       __dynamic_value_reloc_table 0000000000000000     <absolute>
 0000:00000100       __guard_flags              0000000000000100     <absolute>
 0000:00000000       __ImageBase                0000000180000000     <linker-defined>
 0001:00000390       GameUpdateAndRender        0000000180001390 f   handmade.obj
 0001:00002750       GameGetSoundSamples        0000000180003750 f   handmade.obj
 0001:00002790       ?GetController@@YAPEAUgame_controller_input@@PEAUgame_input@@H@Z 0000000180003790 f i handmade.obj
 0001:000027e0       ?GetTileValueUnchecked@@YAIPEAUtile_map@@HH@Z 00000001800037e0 f i handmade.obj
 0001:00002820       ?RoundReal32ToInt32@@YAHM@Z 0000000180003820 f i handmade.obj
 0001:00002850       ?RoundReal32ToUInt32@@YAIM@Z 0000000180003850 f i handmade.obj
 0001:00002880       ?TruncateReal32ToInt32@@YAHM@Z 0000000180003880 f i handmade.obj
 0001:000028a0       __GSHandlerCheck           00000001800038a0 f   LIBCMTD:gshandler.obj
 0001:000028e0       __GSHandlerCheckCommon     00000001800038e0 f   LIBCMTD:gshandler.obj
 0001:000029f0       __security_check_cookie    00000001800039f0 f   LIBCMTD:amdsecgs.obj
 0001:00002e20       _DllMainCRTStartup         0000000180003e20 f   LIBCMTD:dll_dllmain.obj
 0001:00002e60       __raise_securityfailure    0000000180003e60 f   LIBCMTD:gs_report.obj
 0001:00002ea0       __report_gsfailure         0000000180003ea0 f   LIBCMTD:gs_report.obj
 0001:00002f80       __report_rangecheckfailure 0000000180003f80 f   LIBCMTD:gs_report.obj
 0001:00002fa0       __report_securityfailure   0000000180003fa0 f   LIBCMTD:gs_report.obj
 0001:00003260       __security_init_cookie     0000000180004260 f   LIBCMTD:gs_support.obj
 0001:000032e0       DllMain                    00000001800042e0 f   LIBCMTD:dll_dllmain_stub.obj
 0001:00003300       ?__scrt_initialize_type_info@@YAXXZ 0000000180004300 f   LIBCMTD:tncleanup.obj
 0001:00003320       ?__scrt_uninitialize_type_info@@YAXXZ 0000000180004320 f   LIBCMTD:tncleanup.obj
 0001:00003340       __local_stdio_printf_options 0000000180004340 f i LIBCMTD:default_local_stdio_options.obj
 0001:00003350       __local_stdio_scanf_options 0000000180004350 f i LIBCMTD:default_local_stdio_options.obj
 0001:00003360       __scrt_initialize_default_local_stdio_options 0000000180004360 f   LIBCMTD:default_local_stdio_options.obj
 0001:000033b0       ?configure_argv@__scrt_narrow_argv_policy@@SAHXZ 00000001800043b0 f i LIBCMTD:utility.obj
 0001:000034a0       ?initialize_environment@__scrt_narrow_environment_policy@@SAHXZ 00000001800044a0 f i LIBCMTD:utility.obj
 0001:00003540       NtCurrentTeb               0000000180004540 f i LIBCMTD:utility.obj
 0001:00003550       __scrt_acquire_startup_lock 0000000180004550 f   LIBCMTD:utility.obj
 0001:000035c0       __scrt_dllmain_after_initialize_c 00000001800045c0 f   LIBCMTD:utility.obj
 0001:000035f0       __scrt_dllmain_before_initialize_c 00000001800045f0 f   LIBCMTD:utility.obj
 0001:00003610       __scrt_dllmain_crt_thread_attach 0000000180004610 f   LIBCMTD:utility.obj
 0001:00003640       __scrt_dllmain_crt_thread_detach 0000000180004640 f   LIBCMTD:utility.obj
 0001:00003660       __scrt_dllmain_exception_filter 0000000180004660 f   LIBCMTD:utility.obj
 0001:000036d0       __scrt_dllmain_uninitialize_c 00000001800046d0 f   LIBCMTD:utility.obj
 0001:00003700       __scrt_dllmain_uninitialize_critical 0000000180004700 f   LIBCMTD:utility.obj
 0001:00003720       __scrt_initialize_crt      0000000180004720 f   LIBCMTD:utility.obj
 0001:00003770       __scrt_initialize_onexit_tables 0000000180004770 f   LIBCMTD:utility.obj
 0001:00003880       __scrt_is_nonwritable_in_current_image 0000000180004880 f   LIBCMTD:utility.obj
 0001:00003910       __scrt_release_startup_lock 0000000180004910 f   LIBCMTD:utility.obj
 0001:00003940       __scrt_uninitialize_crt    0000000180004940 f   LIBCMTD:utility.obj
 0001:00003980       __scrt_get_dyn_tls_init_callback 0000000180004980 f   LIBCMTD:dyn_tls_init.obj
 0001:00003990       __crt_debugger_hook        0000000180004990 f   LIBCMTD:utility_desktop.obj
 0001:000039a0       __scrt_fastfail            00000001800049a0 f   LIBCMTD:utility_desktop.obj
 0001:00003b40       _RTC_Initialize            0000000180004b40 f   LIBCMTD:initsect.obj
 0001:00003b90       _RTC_Terminate             0000000180004b90 f   LIBCMTD:initsect.obj
 0001:00003be0       _guard_check_icall_nop     0000000180004be0 f i LIBCMTD:guard_support.obj
 0001:00003be0       ??1?$__crt_simd_cleanup_guard@$0A@@@QEAA@XZ 0000000180004be0 f i libucrtd:strnlen.obj
 0001:00003be0       ??1scoped_global_state_reset@__crt_state_management@@QEAA@XZ 0000000180004be0 f i libucrtd:onexit.obj
 0001:00003bf0       ReadNoFence64              0000000180004bf0 f i LIBCMTD:guard_support.obj
 0001:00003bf0       ?__crt_interlocked_read_64@@YA_JPED_J@Z 0000000180004bf0 f i libvcruntimed:std_type_info.obj
 0001:00003c10       ??$__crt_interlocked_read_pointer@X@@YAPEAXPEDSEAX@Z 0000000180004c10 f i libvcruntimed:winapi_downlevel.obj
 0001:00003c10       ReadPointerNoFence         0000000180004c10 f i LIBCMTD:guard_support.obj
 0001:00003c10       ??$__crt_interlocked_read_pointer@UHINSTANCE__@@@@YAPEAUHINSTANCE__@@PEDSEAU0@@Z 0000000180004c10 f i libvcruntimed:winapi_downlevel.obj
 0001:00003c30       _guard_icall_checks_enforced 0000000180004c30 f i LIBCMTD:guard_support.obj
 0001:00003c70       __isa_available_init       0000000180004c70 f   LIBCMTD:cpu_disp.obj
 0001:00003ff0       _get_startup_argv_mode     0000000180004ff0 f   LIBCMTD:argv_mode.obj
 0001:00004000       __scrt_is_ucrt_dll_in_use  0000000180005000 f   LIBCMTD:ucrt_detection.obj
 0001:00004030       IsProcessorFeaturePresent  0000000180005030 f   kernel32:KERNEL32.dll
 0001:00004040       __C_specific_handler       0000000180005040 f   libvcruntimed:riscchandler.obj
 0001:000044b0       ??$?RU__crt_lowio_handle_data@@@__crt_internal_free_policy@@QEBAXQEBU__crt_lowio_handle_data@@@Z 00000001800054b0 f i libucrtd:osfinfo.obj
 0001:000044b0       ??$?RPEAD@__crt_internal_free_policy@@QEBAXQEBQEAD@Z 00000001800054b0 f i libucrtd:argv_parsing.obj
 0001:000044b0       ??$?RU__vcrt_ptd@@@__crt_internal_free_policy@@QEBAXQEBU__vcrt_ptd@@@Z 00000001800054b0 f i libvcruntimed:per_thread_data.obj
 0001:000044b0       ??$?RU__acrt_ptd@@@__crt_internal_free_policy@@QEBAXQEBU__acrt_ptd@@@Z 00000001800054b0 f i libucrtd:per_thread_data.obj
 0001:000044b0       ??$?RU__crt_multibyte_data@@@__crt_internal_free_policy@@QEBAXQEBU__crt_multibyte_data@@@Z 00000001800054b0 f i libucrtd:mbctype.obj
 0001:000044b0       ??$?RE@__crt_internal_free_policy@@QEBAXQEBE@Z 00000001800054b0 f i libucrtd:argv_parsing.obj
 0001:000044b0       ??$?RPEAU__crt_stdio_stream_data@@@__crt_internal_free_policy@@QEBAXQEBQEAU__crt_stdio_stream_data@@@Z 00000001800054b0 f i libucrtd:_file.obj
 0001:000044b0       ??$?RD@__crt_internal_free_policy@@QEBAXQEBD@Z 00000001800054b0 f i libvcruntimed:std_type_info.obj
 0001:000044e0       ??0?$__crt_unique_heap_ptr@U__acrt_ptd@@U__crt_internal_free_policy@@@@QEAA@QEAU__acrt_ptd@@@Z 00000001800054e0 f i libucrtd:per_thread_data.obj
 0001:000044e0       ??0?$string_output_adapter@_W@__crt_stdio_output@@QEAA@QEAU?$string_output_adapter_context@_W@1@@Z 00000001800054e0 f i libucrtd:output.obj
 0001:000044e0       ??0?$__crt_unique_heap_ptr@U__crt_lowio_handle_data@@U__crt_internal_free_policy@@@@QEAA@QEAU__crt_lowio_handle_data@@@Z 00000001800054e0 f i libucrtd:osfinfo.obj
 0001:000044e0       ??0?$__crt_unique_heap_ptr@U__vcrt_ptd@@U__crt_internal_free_policy@@@@QEAA@QEAU__vcrt_ptd@@@Z 00000001800054e0 f i libvcruntimed:per_thread_data.obj
 0001:000044e0       ??0__crt_stdio_stream@@QEAA@QEAU_iobuf@@@Z 00000001800054e0 f i libucrtd:output.obj
 0001:000044e0       ??0?$string_output_adapter@D@__crt_stdio_output@@QEAA@QEAU?$string_output_adapter_context@D@1@@Z 00000001800054e0 f i libucrtd:output.obj
 0001:000044e0       ??0?$__crt_unique_heap_ptr@U__crt_multibyte_data@@U__crt_internal_free_policy@@@@QEAA@QEAU__crt_multibyte_data@@@Z 00000001800054e0 f i libucrtd:mbctype.obj
 0001:000044e0       ??0?$__crt_scoped_stack_ptr_tag@_W@@QEAA@QEA_W@Z 00000001800054e0 f i libucrtd:getstringtypea.obj
 0001:000044e0       ??0__crt_stdio_stream@@QEAA@QEAU__crt_stdio_stream_data@@@Z 00000001800054e0 f i libucrtd:fflush.obj
 0001:000044e0       ??0?$__crt_scoped_stack_ptr@_W@@QEAA@U?$__crt_scoped_stack_ptr_tag@_W@@@Z 00000001800054e0 f i libucrtd:getstringtypea.obj
 0001:000044e0       ??0?$__crt_unique_heap_ptr@PEAU__crt_stdio_stream_data@@U__crt_internal_free_policy@@@@QEAA@QEAPEAU__crt_stdio_stream_data@@@Z 00000001800054e0 f i libucrtd:_file.obj
 0001:000044e0       ??0?$__crt_unique_heap_ptr@EU__crt_internal_free_policy@@@@QEAA@QEAE@Z 00000001800054e0 f i libucrtd:argv_parsing.obj
 0001:000044e0       ??0?$__crt_unique_handle_t@U__crt_hmodule_traits@@@@QEAA@QEAUHINSTANCE__@@@Z 00000001800054e0 f i libucrtd:exit.obj
 0001:000044e0       ??0?$__crt_unique_heap_ptr@PEADU__crt_internal_free_policy@@@@QEAA@QEAPEAD@Z 00000001800054e0 f i libucrtd:argv_parsing.obj
 0001:000044e0       ??0?$__crt_unique_handle_t@U__crt_findfile_traits@@@@QEAA@QEAX@Z 00000001800054e0 f i libucrtd:argv_wildcards.obj
 0001:000044e0       ??0?$__crt_unique_heap_ptr@DU__crt_public_free_policy@@@@QEAA@QEAD@Z 00000001800054e0 f i libvcruntimed:std_exception.obj
 0001:000044e0       ??0?$__crt_unique_heap_ptr@DU__crt_internal_free_policy@@@@QEAA@QEAD@Z 00000001800054e0 f i libvcruntimed:std_type_info.obj
 0001:00004500       ??1?$__crt_unique_heap_ptr@PEADU__crt_internal_free_policy@@@@QEAA@XZ 0000000180005500 f i libucrtd:argv_parsing.obj
 0001:00004500       ??1?$__crt_unique_heap_ptr@EU__crt_internal_free_policy@@@@QEAA@XZ 0000000180005500 f i libucrtd:argv_parsing.obj
 0001:00004500       ??1?$__crt_unique_heap_ptr@DU__crt_internal_free_policy@@@@QEAA@XZ 0000000180005500 f i libvcruntimed:std_type_info.obj
 0001:00004500       ??1?$__crt_unique_heap_ptr@U__vcrt_ptd@@U__crt_internal_free_policy@@@@QEAA@XZ 0000000180005500 f i libvcruntimed:per_thread_data.obj
 0001:00004500       ??1?$__crt_unique_heap_ptr@U__crt_multibyte_data@@U__crt_internal_free_policy@@@@QEAA@XZ 0000000180005500 f i libucrtd:mbctype.obj
 0001:00004500       ??1?$__crt_unique_heap_ptr@U__crt_lowio_handle_data@@U__crt_internal_free_policy@@@@QEAA@XZ 0000000180005500 f i libucrtd:osfinfo.obj
 0001:00004500       ??1?$__crt_unique_heap_ptr@U__acrt_ptd@@U__crt_internal_free_policy@@@@QEAA@XZ 0000000180005500 f i libucrtd:per_thread_data.obj
 0001:00004500       ??1?$__crt_unique_heap_ptr@PEAU__crt_stdio_stream_data@@U__crt_internal_free_policy@@@@QEAA@XZ 0000000180005500 f i libucrtd:_file.obj
 0001:00004520       ??B?$__crt_unique_heap_ptr@EU__crt_internal_free_policy@@@@QEBA_NXZ 0000000180005520 f i libucrtd:argv_parsing.obj
 0001:00004520       ??B?$__crt_unique_heap_ptr@U__vcrt_ptd@@U__crt_internal_free_policy@@@@QEBA_NXZ 0000000180005520 f i libvcruntimed:per_thread_data.obj
 0001:00004520       ??B?$__crt_unique_heap_ptr@DU__crt_public_free_policy@@@@QEBA_NXZ 0000000180005520 f i libvcruntimed:std_exception.obj
 0001:00004520       ??B?$__crt_unique_heap_ptr@U__crt_lowio_handle_data@@U__crt_internal_free_policy@@@@QEBA_NXZ 0000000180005520 f i libucrtd:osfinfo.obj
 0001:00004520       ??B?$__crt_unique_heap_ptr@U__crt_multibyte_data@@U__crt_internal_free_policy@@@@QEBA_NXZ 0000000180005520 f i libucrtd:mbctype.obj
 0001:00004520       ??B?$__crt_unique_heap_ptr@U__acrt_ptd@@U__crt_internal_free_policy@@@@QEBA_NXZ 0000000180005520 f i libucrtd:per_thread_data.obj
 0001:00004520       ??B?$__crt_unique_heap_ptr@DU__crt_internal_free_policy@@@@QEBA_NXZ 0000000180005520 f i libvcruntimed:std_type_info.obj
 0001:00004540       ?get@?$__crt_unique_handle_t@U__crt_findfile_traits@@@@QEBAPEAXXZ 0000000180005540 f i libucrtd:argv_wildcards.obj
 0001:00004540       ?save_state@?$c_string_character_source@_W@__crt_strtox@@QEBAPEB_WXZ 0000000180005540 f i libucrtd:atox.obj
 0001:00004540       ?get@?$__crt_unique_heap_ptr@U__crt_multibyte_data@@U__crt_internal_free_policy@@@@QEBAPEAU__crt_multibyte_data@@XZ 0000000180005540 f i libucrtd:mbctype.obj
 0001:00004540       ?get@?$__crt_unique_heap_ptr@EU__crt_internal_free_policy@@@@QEBAPEAEXZ 0000000180005540 f i libucrtd:argv_parsing.obj
 0001:00004540       ?get@?$__crt_unique_heap_ptr@U__acrt_ptd@@U__crt_internal_free_policy@@@@QEBAPEAU__acrt_ptd@@XZ 0000000180005540 f i libucrtd:per_thread_data.obj
 0001:00004540       ??C__crt_stdio_stream@@QEBAPEAU__crt_stdio_stream_data@@XZ 0000000180005540 f i libucrtd:output.obj
 0001:00004540       ?get@?$__crt_unique_heap_ptr@U__vcrt_ptd@@U__crt_internal_free_policy@@@@QEBAPEAU__vcrt_ptd@@XZ 0000000180005540 f i libvcruntimed:per_thread_data.obj
 0001:00004540       ?get@?$__crt_scoped_stack_ptr@_W@@QEBAPEA_WXZ 0000000180005540 f i libucrtd:getstringtypea.obj
 0001:00004540       ?get@?$__crt_unique_handle_t@U__crt_hmodule_traits@@@@QEBAPEAUHINSTANCE__@@XZ 0000000180005540 f i libucrtd:exit.obj
 0001:00004540       ?save_state@?$c_string_character_source@D@__crt_strtox@@QEBAPEBDXZ 0000000180005540 f i libucrtd:atox.obj
 0001:00004540       ?get@?$__crt_unique_heap_ptr@DU__crt_public_free_policy@@@@QEBAPEADXZ 0000000180005540 f i libvcruntimed:std_exception.obj
 0001:00004540       ?get@?$__crt_unique_heap_ptr@U__crt_lowio_handle_data@@U__crt_internal_free_policy@@@@QEBAPEAU__crt_lowio_handle_data@@XZ 0000000180005540 f i libucrtd:osfinfo.obj
 0001:00004540       ?get@?$__crt_unique_heap_ptr@DU__crt_internal_free_policy@@@@QEBAPEADXZ 0000000180005540 f i libvcruntimed:std_type_info.obj
 0001:00004540       ?get@?$__crt_unique_heap_ptr@PEADU__crt_internal_free_policy@@@@QEBAPEAPEADXZ 0000000180005540 f i libucrtd:argv_parsing.obj
 0001:00004540       ?public_stream@__crt_stdio_stream@@QEBAPEAU_iobuf@@XZ 0000000180005540 f i libucrtd:output.obj
 0001:00004550       ?is_valid@?$__crt_unique_heap_ptr@DU__crt_public_free_policy@@@@QEBA_NXZ 0000000180005550 f i libvcruntimed:std_exception.obj
 0001:00004550       ?is_valid@?$__crt_unique_heap_ptr@U__crt_multibyte_data@@U__crt_internal_free_policy@@@@QEBA_NXZ 0000000180005550 f i libucrtd:mbctype.obj
 0001:00004550       ?valid@__crt_stdio_stream@@QEBA_NXZ 0000000180005550 f i libucrtd:output.obj
 0001:00004550       ??B?$__crt_scoped_stack_ptr@_W@@QEBA_NXZ 0000000180005550 f i libucrtd:lcmapstringa.obj
 0001:00004550       ?is_valid@?$__crt_unique_heap_ptr@U__vcrt_ptd@@U__crt_internal_free_policy@@@@QEBA_NXZ 0000000180005550 f i libvcruntimed:per_thread_data.obj
 0001:00004550       ?is_valid@?$__crt_unique_heap_ptr@EU__crt_internal_free_policy@@@@QEBA_NXZ 0000000180005550 f i libucrtd:argv_parsing.obj
 0001:00004550       ?is_valid@?$__crt_unique_heap_ptr@DU__crt_internal_free_policy@@@@QEBA_NXZ 0000000180005550 f i libvcruntimed:std_type_info.obj
 0001:00004550       ?is_valid@?$__crt_unique_heap_ptr@U__crt_lowio_handle_data@@U__crt_internal_free_policy@@@@QEBA_NXZ 0000000180005550 f i libucrtd:osfinfo.obj
 0001:00004550       ?is_valid@?$__crt_unique_heap_ptr@U__acrt_ptd@@U__crt_internal_free_policy@@@@QEBA_NXZ 0000000180005550 f i libucrtd:per_thread_data.obj
 0001:00004580       ?release@?$__crt_unique_heap_ptr@U__crt_lowio_handle_data@@U__crt_internal_free_policy@@@@QEAAXXZ 0000000180005580 f i libucrtd:osfinfo.obj
 0001:00004580       ?release@?$__crt_unique_heap_ptr@DU__crt_internal_free_policy@@@@QEAAXXZ 0000000180005580 f i libvcruntimed:std_type_info.obj
 0001:00004580       ?release@?$__crt_unique_heap_ptr@PEADU__crt_internal_free_policy@@@@QEAAXXZ 0000000180005580 f i libucrtd:argv_parsing.obj
 0001:00004580       ?release@?$__crt_unique_heap_ptr@U__crt_multibyte_data@@U__crt_internal_free_policy@@@@QEAAXXZ 0000000180005580 f i libucrtd:mbctype.obj
 0001:00004580       ?release@?$__crt_unique_heap_ptr@U__vcrt_ptd@@U__crt_internal_free_policy@@@@QEAAXXZ 0000000180005580 f i libvcruntimed:per_thread_data.obj
 0001:00004580       ?release@?$__crt_unique_heap_ptr@U__acrt_ptd@@U__crt_internal_free_policy@@@@QEAAXXZ 0000000180005580 f i libucrtd:per_thread_data.obj
 0001:00004580       ?release@?$__crt_unique_heap_ptr@EU__crt_internal_free_policy@@@@QEAAXXZ 0000000180005580 f i libucrtd:argv_parsing.obj
 0001:00004580       ?release@?$__crt_unique_heap_ptr@PEAU__crt_stdio_stream_data@@U__crt_internal_free_policy@@@@QEAAXXZ 0000000180005580 f i libucrtd:_file.obj
 0001:000045b0       __std_type_info_compare    00000001800055b0 f   libvcruntimed:std_type_info.obj
 0001:000045f0       __std_type_info_destroy_list 00000001800055f0 f   libvcruntimed:std_type_info.obj
 0001:00004650       __vcrt_initialize          0000000180005650 f   libvcruntimed:initialization.obj
 0001:00004690       __vcrt_thread_attach       0000000180005690 f   libvcruntimed:initialization.obj
 0001:000046b0       __vcrt_thread_detach       00000001800056b0 f   libvcruntimed:initialization.obj
 0001:000046d0       __vcrt_uninitialize        00000001800056d0 f   libvcruntimed:initialization.obj
 0001:000046f0       __vcrt_uninitialize_critical 00000001800056f0 f   libvcruntimed:initialization.obj
 0001:00004710       __DestructExceptionObject  0000000180005710 f   libvcruntimed:ehhelpers.obj
 0001:00004810       ?_CallMemberFunction0@@YAXQEAX0@Z 0000000180005810 f i libvcruntimed:ehhelpers.obj
 0001:000048e0       _IsExceptionObjectToBeDestroyed 00000001800058e0 f   libvcruntimed:ehhelpers.obj
 0001:00004930       __AdjustPointer            0000000180005930 f   libvcruntimed:ehhelpers.obj
 0001:000049b0       __FrameUnwindFilter        00000001800059b0 f   libvcruntimed:ehhelpers.obj
 0001:00004a70       _NLG_Notify                0000000180005a70 f   libvcruntimed:notify.obj
 0001:00004a90       __NLG_Dispatch2            0000000180005a90 f   libvcruntimed:notify.obj
 0001:00004aa0       __NLG_Return2              0000000180005aa0 f   libvcruntimed:notify.obj
 0001:00004ab0       __except_validate_context_record 0000000180005ab0 f   libvcruntimed:jbcxrval.obj
 0001:00004b10       _vsprintf_s_l              0000000180005b10 f i libvcruntimed:undname.obj
 0001:00004b80       sprintf_s                  0000000180005b80 f i libvcruntimed:undname.obj
 0001:00004c20       ?detach@?$__crt_unique_heap_ptr@EU__crt_internal_free_policy@@@@QEAAPEAEXZ 0000000180005c20 f i libucrtd:argv_parsing.obj
 0001:00004c20       ?detach@?$__crt_unique_heap_ptr@U__crt_lowio_handle_data@@U__crt_internal_free_policy@@@@QEAAPEAU__crt_lowio_handle_data@@XZ 0000000180005c20 f i libucrtd:osfinfo.obj
 0001:00004c20       ?detach@?$__crt_unique_heap_ptr@U__crt_multibyte_data@@U__crt_internal_free_policy@@@@QEAAPEAU__crt_multibyte_data@@XZ 0000000180005c20 f i libucrtd:mbctype.obj
 0001:00004c20       ?detach@?$__crt_unique_heap_ptr@U__vcrt_ptd@@U__crt_internal_free_policy@@@@QEAAPEAU__vcrt_ptd@@XZ 0000000180005c20 f i libvcruntimed:per_thread_data.obj
 0001:00004c20       ?detach@?$__crt_unique_heap_ptr@U__acrt_ptd@@U__crt_internal_free_policy@@@@QEAAPEAU__acrt_ptd@@XZ 0000000180005c20 f i libucrtd:per_thread_data.obj
 0001:00004c20       ?detach@?$__crt_unique_heap_ptr@PEADU__crt_internal_free_policy@@@@QEAAPEAPEADXZ 0000000180005c20 f i libucrtd:argv_parsing.obj
 0001:00004c20       ?detach@?$__crt_unique_heap_ptr@DU__crt_public_free_policy@@@@QEAAPEADXZ 0000000180005c20 f i libvcruntimed:std_exception.obj
 0001:00004c20       ?detach@?$__crt_unique_heap_ptr@PEAU__crt_stdio_stream_data@@U__crt_internal_free_policy@@@@QEAAPEAPEAU__crt_stdio_stream_data@@XZ 0000000180005c20 f i libucrtd:_file.obj
 0001:00004c90       __vcrt_freefls             0000000180005c90 f   libvcruntimed:per_thread_data.obj
 0001:00004cd0       __vcrt_freeptd             0000000180005cd0 f   libvcruntimed:per_thread_data.obj
 0001:00004d30       __vcrt_getptd              0000000180005d30 f   libvcruntimed:per_thread_data.obj
 0001:00004d60       __vcrt_getptd_noexit       0000000180005d60 f   libvcruntimed:per_thread_data.obj
 0001:00004f00       __vcrt_initialize_ptd      0000000180005f00 f   libvcruntimed:per_thread_data.obj
 0001:00004f50       __vcrt_uninitialize_ptd    0000000180005f50 f   libvcruntimed:per_thread_data.obj
 0001:00004f80       __vcrt_initialize_locks    0000000180005f80 f   libvcruntimed:locks.obj
 0001:00004ff0       __vcrt_uninitialize_locks  0000000180005ff0 f   libvcruntimed:locks.obj
 0001:00005060       memcpy_repmovs             0000000180006060 f   libvcruntimed:memcpy.obj
 0001:00005080       memcpy                     0000000180006080 f   libvcruntimed:memcpy.obj
 0001:00005080       memmove                    0000000180006080 f   libvcruntimed:memcpy.obj
 0001:00005460       ??$?0AEAViterator@TryBlockMap@__FrameHandler3@@AEAV012@$0A@@?$pair@Viterator@TryBlockMap@__FrameHandler3@@V123@@std@@QEAA@AEAViterator@TryBlockMap@__FrameHandler3@@0@Z 0000000180006460 f i libvcruntimed:risctrnsctrl.obj
 0001:00005570       ??$_CallSETranslator@V__FrameHandler3@@@@YAHPEAUEHExceptionRecord@@PEA_KPEAU_CONTEXT@@PEAU_xDISPATCHER_CONTEXT@@PEBU_s_FuncInfo@@K1@Z 0000000180006570 f i libvcruntimed:risctrnsctrl.obj
 0001:00005600       ?debug_info@?$__crt_win32_buffer@DU__crt_win32_buffer_no_resizing@@@@QEBAAEBV__crt_win32_buffer_empty_debug_info@@XZ 0000000180006600 f i libucrtd:getmodulefilenamea.obj
 0001:00005600       ?dangerous_get_state_array@?$dual_state_global@PEAE@__crt_state_management@@QEAAPEAPEAEXZ 0000000180006600 f i libucrtd:mbctype.obj
 0001:00005600       ??$forward@AEAViterator@TryBlockMap@__FrameHandler3@@@std@@YAAEAViterator@TryBlockMap@__FrameHandler3@@AEAV123@@Z 0000000180006600 f i libvcruntimed:risctrnsctrl.obj
 0001:00005600       ?dangerous_get_state_array@?$dual_state_global@P6AXPEB_W00I_K@Z@__crt_state_management@@QEAAPEAP6AXPEB_W00I_K@ZXZ 0000000180006600 f i libucrtd:invalid_parameter.obj
 0001:00005600       ?get_address_of@?$__crt_unique_heap_ptr@PEADU__crt_internal_free_policy@@@@QEAAPEAPEAPEADXZ 0000000180006600 f i libucrtd:argv_parsing.obj
 0001:00005600       ?get_address_of@?$__crt_unique_handle_t@U__crt_hmodule_traits@@@@QEAAPEAPEAUHINSTANCE__@@XZ 0000000180006600 f i libucrtd:exit.obj
 0001:00005600       ?debug_info@?$__crt_win32_buffer@_WU__crt_win32_buffer_internal_dynamic_resizing@@@@QEBAAEBV__crt_win32_buffer_empty_debug_info@@XZ 0000000180006600 f i libucrtd:argv_wildcards.obj
 0001:00005600       ?dangerous_get_state_array@?$dual_state_global@PEAU__crt_locale_data@@@__crt_state_management@@QEAAPEAPEAU__crt_locale_data@@XZ 0000000180006600 f i libucrtd:per_thread_data.obj
 0001:00005600       ?dangerous_get_state_array@?$dual_state_global@PEAU__crt_multibyte_data@@@__crt_state_management@@QEAAPEAPEAU__crt_multibyte_data@@XZ 0000000180006600 f i libucrtd:mbctype.obj
 0001:00005600       ?debug_info@?$__crt_win32_buffer@DU__crt_win32_buffer_internal_dynamic_resizing@@@@QEBAAEBV__crt_win32_buffer_empty_debug_info@@XZ 0000000180006600 f i libucrtd:argv_wildcards.obj
 0001:00005610       ??0iterator@HandlerMap@__FrameHandler3@@QEAA@AEAV12@I@Z 0000000180006610 f i libvcruntimed:frame.obj
 0001:00005610       ??0iterator@TryBlockMap@__FrameHandler3@@QEAA@AEAV12@I@Z 0000000180006610 f i libvcruntimed:risctrnsctrl.obj
 0001:00005640       ?CatchTryBlock@__FrameHandler3@@SAPEBU_s_TryBlockMapEntry@@PEBU_s_FuncInfo@@H@Z 0000000180006640 f   libvcruntimed:risctrnsctrl.obj
 0001:000056d0       ?ExecutionInCatch@__FrameHandler3@@SA_NPEAU_xDISPATCHER_CONTEXT@@PEBU_s_FuncInfo@@@Z 00000001800066d0 f   libvcruntimed:risctrnsctrl.obj
 0001:00005720       ?FrameUnwindToEmptyState@__FrameHandler3@@SAXPEA_KPEAU_xDISPATCHER_CONTEXT@@PEBU_s_FuncInfo@@@Z 0000000180006720 f   libvcruntimed:risctrnsctrl.obj
 0001:000057c0       ?GetEstablisherFrame@__FrameHandler3@@SAPEA_KPEA_KPEAU_xDISPATCHER_CONTEXT@@PEBU_s_FuncInfo@@0@Z 00000001800067c0 f   libvcruntimed:risctrnsctrl.obj
 0001:00005930       ?GetRangeOfTrysToCheck@__FrameHandler3@@SA?AU?$pair@Viterator@TryBlockMap@__FrameHandler3@@V123@@std@@AEAVTryBlockMap@1@HPEAU_xDISPATCHER_CONTEXT@@PEBU_s_FuncInfo@@H@Z 0000000180006930 f   libvcruntimed:risctrnsctrl.obj
 0001:00005b70       ?UnwindNestedFrames@__FrameHandler3@@SAXPEA_KPEAUEHExceptionRecord@@PEAU_CONTEXT@@0PEAXPEBU_s_FuncInfo@@HHPEBU_s_HandlerType@@PEAU_xDISPATCHER_CONTEXT@@E@Z 0000000180006b70 f   libvcruntimed:risctrnsctrl.obj
 0001:00005ce0       _CreateFrameInfo           0000000180006ce0 f   libvcruntimed:risctrnsctrl.obj
 0001:00005d50       _FindAndUnlinkFrame        0000000180006d50 f   libvcruntimed:risctrnsctrl.obj
 0001:00005dd0       _GetImageBase              0000000180006dd0 f   libvcruntimed:risctrnsctrl.obj
 0001:00005df0       _GetThrowImageBase         0000000180006df0 f   libvcruntimed:risctrnsctrl.obj
 0001:00005e10       _SetImageBase              0000000180006e10 f   libvcruntimed:risctrnsctrl.obj
 0001:00005e30       _SetThrowImageBase         0000000180006e30 f   libvcruntimed:risctrnsctrl.obj
 0001:00005e50       __CxxFrameHandler3         0000000180006e50 f   libvcruntimed:risctrnsctrl.obj
 0001:00005f30       ??$__crt_interlocked_exchange_pointer@UHINSTANCE__@@PEAU1@@@YAPEAUHINSTANCE__@@PEDSEAU0@QEAU0@@Z 0000000180006f30 f i libvcruntimed:winapi_downlevel.obj
 0001:00005f30       ??$__crt_interlocked_exchange_pointer@UHINSTANCE__@@PEAX@@YAPEAUHINSTANCE__@@PEDSEAU0@QEAX@Z 0000000180006f30 f i libvcruntimed:winapi_downlevel.obj
 0001:00005f30       ??$__crt_interlocked_exchange_pointer@XPEAX@@YAPEAXPEDSEAXQEAX@Z 0000000180006f30 f i libvcruntimed:winapi_downlevel.obj
 0001:00005f50       ?get_invalid_value@__crt_findfile_traits@@SAPEAXXZ 0000000180006f50 f   libucrtd:argv_wildcards.obj
 0001:00006440       __vcrt_FlsAlloc            0000000180007440 f   libvcruntimed:winapi_downlevel.obj
 0001:00006490       __vcrt_FlsFree             0000000180007490 f   libvcruntimed:winapi_downlevel.obj
 0001:000064e0       __vcrt_FlsGetValue         00000001800074e0 f   libvcruntimed:winapi_downlevel.obj
 0001:00006530       __vcrt_FlsSetValue         0000000180007530 f   libvcruntimed:winapi_downlevel.obj
 0001:00006590       __vcrt_InitializeCriticalSectionEx 0000000180007590 f   libvcruntimed:winapi_downlevel.obj
 0001:00006600       ?GetCurrentState@__FrameHandler3@@SAHPEA_KPEAU_xDISPATCHER_CONTEXT@@PEBU_s_FuncInfo@@@Z 0000000180007600 f   libvcruntimed:ehstate.obj
 0001:00006660       ?GetUnwindTryBlock@__FrameHandler3@@SAHPEA_KPEAU_xDISPATCHER_CONTEXT@@PEBU_s_FuncInfo@@@Z 0000000180007660 f   libvcruntimed:ehstate.obj
 0001:000066b0       ?SetState@__FrameHandler3@@SAXPEA_KPEBU_s_FuncInfo@@H@Z 00000001800076b0 f   libvcruntimed:ehstate.obj
 0001:000066e0       ?SetUnwindTryBlock@__FrameHandler3@@SAXPEA_KPEAU_xDISPATCHER_CONTEXT@@PEBU_s_FuncInfo@@H@Z 00000001800076e0 f   libvcruntimed:ehstate.obj
 0001:00006750       ?StateFromControlPc@__FrameHandler3@@SAHPEBU_s_FuncInfo@@PEAU_xDISPATCHER_CONTEXT@@@Z 0000000180007750 f   libvcruntimed:ehstate.obj
 0001:00006790       ?StateFromIp@__FrameHandler3@@SAHPEBU_s_FuncInfo@@PEAU_xDISPATCHER_CONTEXT@@_K@Z 0000000180007790 f   libvcruntimed:ehstate.obj
 0001:00006880       ?__RVAtoRealOffset@@YA_KPEAU_xDISPATCHER_CONTEXT@@H@Z 0000000180007880 f i libvcruntimed:ehstate.obj
 0001:00007a50       ??$TypeMatchHelper@V__FrameHandler3@@@@YAHPEBU_s_HandlerType@@PEBU_s_CatchableType@@PEBU_s_ThrowInfo@@@Z 0000000180008a50 f i libvcruntimed:frame.obj
 0001:00007c50       ??$__InternalCxxFrameHandler@V__FrameHandler3@@@@YA?AW4_EXCEPTION_DISPOSITION@@PEAUEHExceptionRecord@@PEA_KPEAU_CONTEXT@@PEAU_xDISPATCHER_CONTEXT@@PEBU_s_FuncInfo@@H1E@Z 0000000180008c50 f i libvcruntimed:frame.obj
 0001:000080c0       ??0HandlerMap@__FrameHandler3@@QEAA@PEBU_s_TryBlockMapEntry@@_KI@Z 00000001800090c0 f i libvcruntimed:frame.obj
 0001:00008110       ??0TryBlockMap@__FrameHandler3@@QEAA@PEBU_s_FuncInfo@@_K@Z 0000000180009110 f i libvcruntimed:frame.obj
 0001:00008140       ??0bad_exception@std@@QEAA@AEBV01@@Z 0000000180009140 f i libvcruntimed:frame.obj
 0001:00008180       ??0bad_exception@std@@QEAA@XZ 0000000180009180 f i libvcruntimed:frame.obj
 0001:000081c0       ??0exception@std@@QEAA@AEBV01@@Z 00000001800091c0 f i libvcruntimed:frame.obj
 0001:00008220       ??0exception@std@@QEAA@QEBDH@Z 0000000180009220 f i libvcruntimed:frame.obj
 0001:00008270       ??1bad_exception@std@@UEAA@XZ 0000000180009270 f i libvcruntimed:frame.obj
 0001:00008290       ??1exception@std@@UEAA@XZ  0000000180009290 f i libvcruntimed:frame.obj
 0001:000082c0       ??8iterator@HandlerMap@__FrameHandler3@@QEBA_NAEBV012@@Z 00000001800092c0 f i libvcruntimed:frame.obj
 0001:00008300       ??8type_info@@QEBA_NAEBV0@@Z 0000000180009300 f i libvcruntimed:frame.obj
 0001:00008350       ??9iterator@HandlerMap@__FrameHandler3@@QEBA_NAEBV012@@Z 0000000180009350 f i libvcruntimed:frame.obj
 0001:00008390       ??Diterator@HandlerMap@__FrameHandler3@@QEAA?BU_s_HandlerType@@XZ 0000000180009390 f i libvcruntimed:frame.obj
 0001:000083d0       ??Diterator@TryBlockMap@__FrameHandler3@@QEAA?BU_s_TryBlockMapEntry@@XZ 00000001800093d0 f i libvcruntimed:frame.obj
 0001:00008420       ??Eiterator@HandlerMap@__FrameHandler3@@QEAAAEAV012@XZ 0000000180009420 f i libvcruntimed:frame.obj
 0001:00008420       ??Eiterator@TryBlockMap@__FrameHandler3@@QEAAAEAV012@XZ 0000000180009420 f i libvcruntimed:frame.obj
 0001:00008440       ??Miterator@TryBlockMap@__FrameHandler3@@QEBA_NAEBV012@@Z 0000000180009440 f i libvcruntimed:frame.obj
 0001:00008480       ??_Gbad_exception@std@@UEAAPEAXI@Z 0000000180009480 f i libvcruntimed:frame.obj
 0001:00008480       ??_Ebad_exception@std@@UEAAPEAXI@Z 0000000180009480 f i libvcruntimed:frame.obj
 0001:000084c0       ??_Gexception@std@@UEAAPEAXI@Z 00000001800094c0 f i libvcruntimed:frame.obj
 0001:000084c0       ??_Eexception@std@@UEAAPEAXI@Z 00000001800094c0 f i libvcruntimed:frame.obj
 0001:00008500       ?BuildCatchObject@__FrameHandler3@@SAXPEAUEHExceptionRecord@@PEAXPEBU_s_HandlerType@@PEBU_s_CatchableType@@@Z 0000000180009500 f   libvcruntimed:frame.obj
 0001:00008540       ?CxxCallCatchBlock@__FrameHandler3@@SAPEAXPEAU_EXCEPTION_RECORD@@@Z 0000000180009540 f   libvcruntimed:frame.obj
 0001:000088a0       ?FrameUnwindToState@__FrameHandler3@@SAXPEA_KPEAU_xDISPATCHER_CONTEXT@@PEBU_s_FuncInfo@@H@Z 00000001800098a0 f   libvcruntimed:frame.obj
 0001:00008af0       ?GetHandlerSearchState@__FrameHandler3@@SAHPEA_KPEAU_xDISPATCHER_CONTEXT@@PEBU_s_FuncInfo@@@Z 0000000180009af0 f i libvcruntimed:frame.obj
 0001:00008ba0       ?GetMaxState@__FrameHandler3@@SAHPEAU_xDISPATCHER_CONTEXT@@PEBU_s_FuncInfo@@@Z 0000000180009ba0 f i libvcruntimed:frame.obj
 0001:00008da0       ?TypeMatch@__FrameHandler3@@SAHPEBU_s_HandlerType@@PEBU_s_CatchableType@@PEBU_s_ThrowInfo@@@Z 0000000180009da0 f   libvcruntimed:frame.obj
 0001:00008da0       __TypeMatch                0000000180009da0 f   libvcruntimed:frame.obj
 0001:00008dd0       ?_CallMemberFunction1@@YAXQEAX00@Z 0000000180009dd0 f i libvcruntimed:frame.obj
 0001:00008e10       ?_CallMemberFunction2@@YAXQEAX00H@Z 0000000180009e10 f i libvcruntimed:frame.obj
 0001:00008ea0       ?begin@HandlerMap@__FrameHandler3@@QEAA?AViterator@12@XZ 0000000180009ea0 f i libvcruntimed:frame.obj
 0001:00008ed0       ?end@HandlerMap@__FrameHandler3@@QEAA?AViterator@12@XZ 0000000180009ed0 f i libvcruntimed:frame.obj
 0001:00008f00       ?getESTypes@__FrameHandler3@@SAPEBU_s_ESTypeList@@PEBU_s_FuncInfo@@@Z 0000000180009f00 f i libvcruntimed:frame.obj
 0001:00008f40       ?getLastEntry@HandlerMap@__FrameHandler3@@QEAAPEBU_s_HandlerType@@XZ 0000000180009f40 f i libvcruntimed:frame.obj
 0001:00008f60       ?getMagicNum@__FrameHandler3@@SAIPEBU_s_FuncInfo@@@Z 0000000180009f60 f i libvcruntimed:frame.obj
 0001:00008f80       ?getNumTryBlocks@TryBlockMap@__FrameHandler3@@QEAAIXZ 0000000180009f80 f i libvcruntimed:frame.obj
 0001:00008fa0       ?isEHs@__FrameHandler3@@SA_NPEBU_s_FuncInfo@@@Z 0000000180009fa0 f i libvcruntimed:frame.obj
 0001:00008fe0       ?isNoExcept@__FrameHandler3@@SA_NPEBU_s_FuncInfo@@@Z 0000000180009fe0 f i libvcruntimed:frame.obj
 0001:00009020       ?what@exception@std@@UEBAPEBDXZ 000000018000a020 f i libvcruntimed:frame.obj
 0001:00009060       __vcrt_EncodePointer       000000018000a060 f i libvcruntimed:frame.obj
 0001:00009090       memset_repmovs             000000018000a090 f   libvcruntimed:memset.obj
 0001:000090b0       memset                     000000018000a0b0 f   libvcruntimed:memset.obj
 0001:00009250       _CallSettingFrame          000000018000a250 f   libvcruntimed:handlers.obj
 0001:000092a0       _CallSettingFrame_LookupContinuationIndex 000000018000a2a0 f   libvcruntimed:handlers.obj
 0001:000092d0       _CallSettingFrame_NotifyContinuationAddr 000000018000a2d0 f   libvcruntimed:handlers.obj
 0001:00009300       _CallSettingFrameEncoded   000000018000a300 f   libvcruntimed:handlers.obj
 0001:00009350       ??$?RD@__crt_public_free_policy@@QEBAXQEBD@Z 000000018000a350 f i libvcruntimed:std_exception.obj
 0001:00009370       ??1?$__crt_unique_heap_ptr@DU__crt_public_free_policy@@@@QEAA@XZ 000000018000a370 f i libvcruntimed:std_exception.obj
 0001:00009390       ?release@?$__crt_unique_heap_ptr@DU__crt_public_free_policy@@@@QEAAXXZ 000000018000a390 f i libvcruntimed:std_exception.obj
 0001:000093c0       __std_exception_copy       000000018000a3c0 f   libvcruntimed:std_exception.obj
 0001:00009500       __std_exception_destroy    000000018000a500 f   libvcruntimed:std_exception.obj
 0001:00009540       _CxxThrowException         000000018000a540 f   libvcruntimed:throw.obj
 0001:00009670       _initterm                  000000018000a670 f   libucrtd:initterm.obj
 0001:000096d0       _initterm_e                000000018000a6d0 f   libucrtd:initterm.obj
 0001:000097c0       _seh_filter_dll            000000018000a7c0 f   libucrtd:exception_filter.obj
 0001:000097f0       _seh_filter_exe            000000018000a7f0 f   libucrtd:exception_filter.obj
 0001:00009a90       ??$?BP6AXXZ@__crt_fast_encoded_nullptr_t@@QEBAPEAP6AXXZXZ 000000018000aa90 f i libucrtd:onexit.obj
 0001:00009a90       ??$?B$$A6AXXZ@__crt_fast_encoded_nullptr_t@@QEBAP6AXXZXZ 000000018000aa90 f i libucrtd:onexit.obj
 0001:00009a90       ??$?BX@__crt_fast_encoded_nullptr_t@@QEBAPEAXXZ 000000018000aa90 f i libucrtd:initialization.obj
 0001:00009a90       ??$?B$$A6AXH@Z@__crt_fast_encoded_nullptr_t@@QEBAP6AXH@ZXZ 000000018000aa90 f i libucrtd:signal.obj
 0001:00009a90       ??$?B$$A6AXPEAXK0@Z@__crt_fast_encoded_nullptr_t@@QEBAP6AXPEAXK0@ZXZ 000000018000aa90 f i libucrtd:exit.obj
 0001:00009b40       ??$__crt_fast_decode_pointer@P6AH_K@Z@@YAP6AH_K@ZQ6AH0@Z@Z 000000018000ab40 f i libucrtd:new_handler.obj
 0001:00009b40       ??$__crt_fast_decode_pointer@PEAP6AXXZ@@YAPEAP6AXXZQEAP6AXXZ@Z 000000018000ab40 f i libucrtd:onexit.obj
 0001:00009b40       ??$__crt_fast_decode_pointer@P6AXH@Z@@YAP6AXH@ZQ6AXH@Z@Z 000000018000ab40 f i libucrtd:signal.obj
 0001:00009b40       ??$__crt_fast_decode_pointer@P6AHPEAU_exception@@@Z@@YAP6AHPEAU_exception@@@ZQ6AH0@Z@Z 000000018000ab40 f i libucrtd:matherr.obj
 0001:00009b40       ??$__crt_fast_decode_pointer@P6AXXZ@@YAP6AXXZQ6AXXZ@Z 000000018000ab40 f i libucrtd:onexit.obj
 0001:00009b40       ??$__crt_fast_decode_pointer@P6AXPEB_W00I_K@Z@@YAP6AXPEB_W00I_K@ZQ6AX000I1@Z@Z 000000018000ab40 f i libucrtd:invalid_parameter.obj
 0001:00009b40       ??$__crt_fast_decode_pointer@P6AXPEAXK0@Z@@YAP6AXPEAXK0@ZQ6AX0K0@Z@Z 000000018000ab40 f i libucrtd:exit.obj
 0001:00009b40       ??$__crt_fast_decode_pointer@PEAX@@YAPEAXQEAX@Z 000000018000ab40 f i libucrtd:winapi_thunks.obj
 0001:00009b80       ??$__crt_fast_encode_pointer@PEAP6AXXZ@@YAPEAP6AXXZQEAP6AXXZ@Z 000000018000ab80 f i libucrtd:onexit.obj
 0001:00009b80       ??$__crt_fast_encode_pointer@P6AXPEAXK0@Z@@YAP6AXPEAXK0@ZQ6AX0K0@Z@Z 000000018000ab80 f i libucrtd:exit.obj
 0001:00009b80       ??$__crt_fast_encode_pointer@PEAX@@YAPEAXQEAX@Z 000000018000ab80 f i libucrtd:initialization.obj
 0001:00009b80       ??$__crt_fast_encode_pointer@P6AXXZ@@YAP6AXXZQ6AXXZ@Z 000000018000ab80 f i libucrtd:onexit.obj
 0001:00009b80       ??$__crt_fast_encode_pointer@P6AXH@Z@@YAP6AXH@ZQ6AXH@Z@Z 000000018000ab80 f i libucrtd:signal.obj
 0001:00009bc0       ??$__crt_get_proc_address@P6AXI@Z@@YAP6AXI@ZQEAUHINSTANCE__@@QEBD@Z 000000018000abc0 f i libucrtd:exit.obj
 0001:00009bf0       ??$__crt_interlocked_read@J@@YAJPEDJ@Z 000000018000abf0 f i libucrtd:exit.obj
 0001:00009c80       ??1?$__crt_unique_handle_t@U__crt_hmodule_traits@@@@QEAA@XZ 000000018000ac80 f i libucrtd:exit.obj
 0001:00009de0       ?__acrt_select_exit_lock@@YA?AW4__acrt_lock_id@@XZ 000000018000ade0 f i libucrtd:exit.obj
 0001:00009df0       ?__crt_fast_encode_pointer@@YA?AU__crt_fast_encoded_nullptr_t@@$$T@Z 000000018000adf0 f i libucrtd:exit.obj
 0001:00009e10       ?__crt_interlocked_read_32@@YAHPEDH@Z 000000018000ae10 f i libucrtd:exit.obj
 0001:00009e30       ?__crt_rotate_pointer_value@@YA_K_KH@Z 000000018000ae30 f i libucrtd:exit.obj
 0001:00009e70       ?close@?$__crt_unique_handle_t@U__crt_hmodule_traits@@@@QEAAXXZ 000000018000ae70 f i libucrtd:exit.obj
 0001:00009eb0       ?close@__crt_hmodule_traits@@SA_NPEAUHINSTANCE__@@@Z 000000018000aeb0 f i libucrtd:exit.obj
 0001:00009fc0       ?get_current_state_index@__crt_state_management@@YA_KXZ 000000018000afc0 f i libucrtd:environment_initialization.obj
 0001:00009fc0       ?get_invalid_value@__crt_hmodule_traits@@SAPEAUHINSTANCE__@@XZ 000000018000afc0 f i libucrtd:exit.obj
 0001:0000a180       __acrt_initialize_thread_local_exit_callback 000000018000b180 f   libucrtd:exit.obj
 0001:0000a1a0       _cexit                     000000018000b1a0 f   libucrtd:exit.obj
 0001:0000a1c0       _exit                      000000018000b1c0 f   libucrtd:exit.obj
 0001:0000a1e0       _is_c_termination_complete 000000018000b1e0 f   libucrtd:exit.obj
 0001:0000a590       ??$get_module_file_name@$$TAEAY0BAF@DH@?$__crt_char_traits@D@@SAK$$QEA$$TAEAY0BAF@D$$QEAH@Z 000000018000b590 f i libucrtd:argv_parsing.obj
 0001:0000a590       ??$get_module_file_name@AEAPEAUHINSTANCE__@@AEAY0BAF@DK@?$__crt_char_traits@D@@SAKAEAPEAUHINSTANCE__@@AEAY0BAF@D$$QEAK@Z 000000018000b590 f i libucrtd:dbgrpt.obj
 0001:0000aa60       ??$set_program_name@PEAD@?$__crt_char_traits@D@@SAX$$QEAPEAD@Z 000000018000ba60 f i libucrtd:argv_parsing.obj
 0001:0000ab90       __acrt_allocate_buffer_for_argv 000000018000bb90 f   libucrtd:argv_parsing.obj
 0001:0000acb0       _configure_narrow_argv     000000018000bcb0 f   libucrtd:argv_parsing.obj
 0001:0000acd0       _set_pgmptr                000000018000bcd0 f i libucrtd:argv_parsing.obj
 0001:0000af00       ??$tcslen@AEAPEAD@?$__crt_char_traits@D@@SA_KAEAPEAD@Z 000000018000bf00 f i libucrtd:environment_initialization.obj
 0001:0000af4c       ??B?$__crt_unique_heap_ptr@PEADU__crt_internal_free_policy@@@@QEBA_NXZ 000000018000bf4c f i libucrtd:environment_initialization.obj
 0001:0000af54       ?detach@?$__crt_unique_heap_ptr@DU__crt_internal_free_policy@@@@QEAAPEADXZ 000000018000bf54 f i libucrtd:environment_initialization.obj
 0001:0000af5c       __dcrt_uninitialize_environments_nolock 000000018000bf5c f   libucrtd:environment_initialization.obj
 0001:0000af94       _initialize_narrow_environment 000000018000bf94 f   libucrtd:environment_initialization.obj
 0001:0000af9c       _invoke_watson_if_error    000000018000bf9c f i libucrtd:environment_initialization.obj
 0001:0000b2a0       _execute_onexit_table      000000018000c2a0 f   libucrtd:onexit.obj
 0001:0000b2e0       _initialize_onexit_table   000000018000c2e0 f   libucrtd:onexit.obj
 0001:0000b3b0       __acrt_uninitialize_command_line 000000018000c3b0 f   libucrtd:argv_data.obj
 0001:0000b620       ?initialize@?$dual_state_global@P6AXH@Z@__crt_state_management@@QEAAXQ6AXH@Z@Z 000000018000c620 f i libucrtd:signal.obj
 0001:0000b620       ?initialize@?$dual_state_global@PEAU__crt_multibyte_data@@@__crt_state_management@@QEAAXQEAU__crt_multibyte_data@@@Z 000000018000c620 f i libucrtd:mbctype.obj
 0001:0000b620       ?initialize@?$dual_state_global@P6AH_K@Z@__crt_state_management@@QEAAXQ6AH_K@Z@Z 000000018000c620 f i libucrtd:new_handler.obj
 0001:0000b620       ?initialize@?$dual_state_global@PEAU__crt_locale_data@@@__crt_state_management@@QEAAXQEAU__crt_locale_data@@@Z 000000018000c620 f i libucrtd:initialization.obj
 0001:0000b620       ?initialize@?$dual_state_global@P6AHPEAU_exception@@@Z@__crt_state_management@@QEAAXQ6AHPEAU_exception@@@Z@Z 000000018000c620 f i libucrtd:matherr.obj
 0001:0000b670       __acrt_initialize          000000018000c670 f   libucrtd:initialization.obj
 0001:0000b6a0       __acrt_thread_attach       000000018000c6a0 f   libucrtd:initialization.obj
 0001:0000b6c0       __acrt_thread_detach       000000018000c6c0 f   libucrtd:initialization.obj
 0001:0000b6d0       __acrt_uninitialize        000000018000c6d0 f   libucrtd:initialization.obj
 0001:0000b700       __acrt_uninitialize_critical 000000018000c700 f   libucrtd:initialization.obj
 0001:0000b720       terminate                  000000018000c720 f   libucrtd:terminate.obj
 0001:0000b760       ??0_LocaleUpdate@@QEAA@QEAU__crt_locale_pointers@@@Z 000000018000c760 f i libucrtd:debug_heap.obj
 0001:0000b880       ??1_LocaleUpdate@@QEAA@XZ  000000018000c880 f i libucrtd:debug_heap.obj
 0001:0000b8c0       ?GetLocaleT@_LocaleUpdate@@QEAAPEAU__crt_locale_pointers@@XZ 000000018000c8c0 f i libucrtd:debug_heap.obj
 0001:0000d8a0       _CrtCheckMemory            000000018000e8a0 f   libucrtd:debug_heap.obj
 0001:0000da30       _CrtDumpMemoryLeaks        000000018000ea30 f   libucrtd:debug_heap.obj
 0001:0000daf0       _CrtIsValidHeapPointer     000000018000eaf0 f   libucrtd:debug_heap.obj
 0001:0000db30       _CrtIsValidPointer         000000018000eb30 f   libucrtd:debug_heap.obj
 0001:0000db70       _CrtMemCheckpoint          000000018000eb70 f   libucrtd:debug_heap.obj
 0001:0000ddf0       _CrtMemDumpAllObjectsSince 000000018000edf0 f   libucrtd:debug_heap.obj
 0001:0000de50       _CrtSetDbgFlag             000000018000ee50 f   libucrtd:debug_heap.obj
 0001:0000dfb0       _CrtSetDumpClient          000000018000efb0 f   libucrtd:debug_heap.obj
 0001:0000dfe0       __acrt_get_locale_data_prefix 000000018000efe0 f i libucrtd:debug_heap.obj
 0001:0000e000       __acrt_locale_changed      000000018000f000 f i libucrtd:debug_heap.obj
 0001:0000e030       _calloc_dbg                000000018000f030 f   libucrtd:debug_heap.obj
 0001:0000e0d0       _chvalidchk_l              000000018000f0d0 f i libucrtd:debug_heap.obj
 0001:0000e100       _free_dbg                  000000018000f100 f   libucrtd:debug_heap.obj
 0001:0000e170       _invoke_watson_if_oneof    000000018000f170 f i libucrtd:debug_heap.obj
 0001:0000e1d0       _ischartype_l              000000018000f1d0 f i libucrtd:debug_heap.obj
 0001:0000e260       _malloc_dbg                000000018000f260 f   libucrtd:debug_heap.obj
 0001:0000e2a0       _msize_dbg                 000000018000f2a0 f   libucrtd:debug_heap.obj
 0001:0000e440       _realloc_dbg               000000018000f440 f   libucrtd:debug_heap.obj
 0001:0000e4b0       _recalloc_dbg              000000018000f4b0 f   libucrtd:debug_heap.obj
 0001:0000ea80       strcpy_s                   000000018000fa80 f   libucrtd:strcpy_s.obj
 0001:0000eac0       strcmp                     000000018000fac0 f   libucrtd:strcmp.obj
 0001:0000eb40       strlen                     000000018000fb40 f   libucrtd:strlen.obj
 0001:0000ebf0       abort                      000000018000fbf0 f   libucrtd:abort.obj
 0001:0000ec70       ??$?0AEBV?$string_output_adapter@D@__crt_stdio_output@@AEB_KAEBQEBDAEBQEAU__crt_locale_pointers@@AEBQEAD@?$format_validation_base@DV?$string_output_adapter@D@__crt_stdio_output@@@__crt_stdio_output@@IEAA@AEBV?$string_output_adapter@D@1@AEB_KAEBQEBDAEBQEAU__crt_locale_pointers@@AEBQEAD@Z 000000018000fc70 f i libucrtd:output.obj
 0001:0000ecc0       ??$?0AEBV?$string_output_adapter@D@__crt_stdio_output@@AEB_KAEBQEBDAEBQEAU__crt_locale_pointers@@AEBQEAD@?$standard_base@DV?$string_output_adapter@D@__crt_stdio_output@@@__crt_stdio_output@@IEAA@AEBV?$string_output_adapter@D@1@AEB_KAEBQEBDAEBQEAU__crt_locale_pointers@@AEBQEAD@Z 000000018000fcc0 f i libucrtd:output.obj
 0001:0000ed30       ??$?0AEBV?$string_output_adapter@_W@__crt_stdio_output@@AEB_KAEBQEB_WAEBQEAU__crt_locale_pointers@@AEBQEAD@?$format_validation_base@_WV?$string_output_adapter@_W@__crt_stdio_output@@@__crt_stdio_output@@IEAA@AEBV?$string_output_adapter@_W@1@AEB_KAEBQEB_WAEBQEAU__crt_locale_pointers@@AEBQEAD@Z 000000018000fd30 f i libucrtd:output.obj
 0001:0000ed80       ??$?0AEBV?$string_output_adapter@_W@__crt_stdio_output@@AEB_KAEBQEB_WAEBQEAU__crt_locale_pointers@@AEBQEAD@?$standard_base@_WV?$string_output_adapter@_W@__crt_stdio_output@@@__crt_stdio_output@@IEAA@AEBV?$string_output_adapter@_W@1@AEB_KAEBQEB_WAEBQEAU__crt_locale_pointers@@AEBQEAD@Z 000000018000fd80 f i libucrtd:output.obj
 0001:00010700       ??$count@D@formatting_buffer@__crt_stdio_output@@QEBA_KXZ 0000000180011700 f i libucrtd:output.obj
 0001:00010750       ??$count@_W@formatting_buffer@__crt_stdio_output@@QEBA_KXZ 0000000180011750 f i libucrtd:output.obj
 0001:000107a0       ??$data@D@formatting_buffer@__crt_stdio_output@@QEAAPEADXZ 00000001800117a0 f i libucrtd:output.obj
 0001:000107a0       ??$data@_W@formatting_buffer@__crt_stdio_output@@QEAAPEA_WXZ 00000001800117a0 f i libucrtd:output.obj
 0001:000107f0       ??$ensure_buffer_is_big_enough@D@formatting_buffer@__crt_stdio_output@@QEAA_N_K@Z 00000001800117f0 f i libucrtd:output.obj
 0001:00010920       ??$ensure_buffer_is_big_enough@_W@formatting_buffer@__crt_stdio_output@@QEAA_N_K@Z 0000000180011920 f i libucrtd:output.obj
 0001:00010a50       ??$extract_argument_from_va_list@C_J@?$standard_base@DV?$string_output_adapter@D@__crt_stdio_output@@@__crt_stdio_output@@IEAA_NAEA_J@Z 0000000180011a50 f i libucrtd:output.obj
 0001:00010a50       ??$extract_argument_from_va_list@C_J@?$standard_base@_WV?$string_output_adapter@_W@__crt_stdio_output@@@__crt_stdio_output@@IEAA_NAEA_J@Z 0000000180011a50 f i libucrtd:output.obj
 0001:00010a90       ??$extract_argument_from_va_list@E_J@?$standard_base@_WV?$string_output_adapter@_W@__crt_stdio_output@@@__crt_stdio_output@@IEAA_NAEA_J@Z 0000000180011a90 f i libucrtd:output.obj
 0001:00010a90       ??$extract_argument_from_va_list@E_J@?$standard_base@DV?$string_output_adapter@D@__crt_stdio_output@@@__crt_stdio_output@@IEAA_NAEA_J@Z 0000000180011a90 f i libucrtd:output.obj
 0001:00010ad0       ??$extract_argument_from_va_list@F_J@?$standard_base@_WV?$string_output_adapter@_W@__crt_stdio_output@@@__crt_stdio_output@@IEAA_NAEA_J@Z 0000000180011ad0 f i libucrtd:output.obj
 0001:00010ad0       ??$extract_argument_from_va_list@F_J@?$standard_base@DV?$string_output_adapter@D@__crt_stdio_output@@@__crt_stdio_output@@IEAA_NAEA_J@Z 0000000180011ad0 f i libucrtd:output.obj
 0001:00010b10       ??$extract_argument_from_va_list@GD@?$standard_base@DV?$string_output_adapter@D@__crt_stdio_output@@@__crt_stdio_output@@IEAA_NAEAD@Z 0000000180011b10 f i libucrtd:output.obj
 0001:00010b40       ??$extract_argument_from_va_list@G_J@?$standard_base@DV?$string_output_adapter@D@__crt_stdio_output@@@__crt_stdio_output@@IEAA_NAEA_J@Z 0000000180011b40 f i libucrtd:output.obj
 0001:00010b40       ??$extract_argument_from_va_list@G_J@?$standard_base@_WV?$string_output_adapter@_W@__crt_stdio_output@@@__crt_stdio_output@@IEAA_NAEA_J@Z 0000000180011b40 f i libucrtd:output.obj
 0001:00010b80       ??$extract_argument_from_va_list@H_J@?$standard_base@DV?$string_output_adapter@D@__crt_stdio_output@@@__crt_stdio_output@@IEAA_NAEA_J@Z 0000000180011b80 f i libucrtd:output.obj
 0001:00010b80       ??$extract_argument_from_va_list@H_J@?$standard_base@_WV?$string_output_adapter@_W@__crt_stdio_output@@@__crt_stdio_output@@IEAA_NAEA_J@Z 0000000180011b80 f i libucrtd:output.obj
 0001:00010bb0       ??$extract_argument_from_va_list@I_J@?$standard_base@_WV?$string_output_adapter@_W@__crt_stdio_output@@@__crt_stdio_output@@IEAA_NAEA_J@Z 0000000180011bb0 f i libucrtd:output.obj
 0001:00010bb0       ??$extract_argument_from_va_list@I_J@?$standard_base@DV?$string_output_adapter@D@__crt_stdio_output@@@__crt_stdio_output@@IEAA_NAEA_J@Z 0000000180011bb0 f i libucrtd:output.obj
 0001:00010be0       ??$extract_argument_from_va_list@PEAXPEAX@?$standard_base@DV?$string_output_adapter@D@__crt_stdio_output@@@__crt_stdio_output@@IEAA_NAEAPEAX@Z 0000000180011be0 f i libucrtd:output.obj
 0001:00010be0       ??$extract_argument_from_va_list@_K_J@?$standard_base@_WV?$string_output_adapter@_W@__crt_stdio_output@@@__crt_stdio_output@@IEAA_NAEA_J@Z 0000000180011be0 f i libucrtd:output.obj
 0001:00010be0       ??$extract_argument_from_va_list@PEAXPEAX@?$standard_base@_WV?$string_output_adapter@_W@__crt_stdio_output@@@__crt_stdio_output@@IEAA_NAEAPEAX@Z 0000000180011be0 f i libucrtd:output.obj
 0001:00010be0       ??$extract_argument_from_va_list@_K_J@?$standard_base@DV?$string_output_adapter@D@__crt_stdio_output@@@__crt_stdio_output@@IEAA_NAEA_J@Z 0000000180011be0 f i libucrtd:output.obj
 0001:00010be0       ??$extract_argument_from_va_list@PEADPEAD@?$standard_base@DV?$string_output_adapter@D@__crt_stdio_output@@@__crt_stdio_output@@IEAA_NAEAPEAD@Z 0000000180011be0 f i libucrtd:output.obj
 0001:00010be0       ??$extract_argument_from_va_list@_J_J@?$standard_base@_WV?$string_output_adapter@_W@__crt_stdio_output@@@__crt_stdio_output@@IEAA_NAEA_J@Z 0000000180011be0 f i libucrtd:output.obj
 0001:00010be0       ??$extract_argument_from_va_list@PEADPEAD@?$standard_base@_WV?$string_output_adapter@_W@__crt_stdio_output@@@__crt_stdio_output@@IEAA_NAEAPEAD@Z 0000000180011be0 f i libucrtd:output.obj
 0001:00010be0       ??$extract_argument_from_va_list@_J_J@?$standard_base@DV?$string_output_adapter@D@__crt_stdio_output@@@__crt_stdio_output@@IEAA_NAEA_J@Z 0000000180011be0 f i libucrtd:output.obj
 0001:00010c40       ??$extract_argument_from_va_list@U_CRT_DOUBLE@@U1@@?$standard_base@DV?$string_output_adapter@D@__crt_stdio_output@@@__crt_stdio_output@@IEAA_NAEAU_CRT_DOUBLE@@@Z 0000000180011c40 f i libucrtd:output.obj
 0001:00010c40       ??$extract_argument_from_va_list@U_CRT_DOUBLE@@U1@@?$standard_base@_WV?$string_output_adapter@_W@__crt_stdio_output@@@__crt_stdio_output@@IEAA_NAEAU_CRT_DOUBLE@@@Z 0000000180011c40 f i libucrtd:output.obj
 0001:00010c90       ??$extract_argument_from_va_list@_W_W@?$standard_base@DV?$string_output_adapter@D@__crt_stdio_output@@@__crt_stdio_output@@IEAA_NAEA_W@Z 0000000180011c90 f i libucrtd:output.obj
 0001:00010c90       ??$extract_argument_from_va_list@_W_W@?$standard_base@_WV?$string_output_adapter@_W@__crt_stdio_output@@@__crt_stdio_output@@IEAA_NAEA_W@Z 0000000180011c90 f i libucrtd:output.obj
 0001:00010cc0       ??$is_wide_character_specifier@D@__crt_stdio_output@@YA_N_KDW4length_modifier@0@@Z 0000000180011cc0 f i libucrtd:output.obj
 0001:00010d60       ??$is_wide_character_specifier@_W@__crt_stdio_output@@YA_N_K_WW4length_modifier@0@@Z 0000000180011d60 f i libucrtd:output.obj
 0001:00010e30       ??$read_va_arg@C@__crt_stdio_output@@YACAEAPEAD@Z 0000000180011e30 f i libucrtd:output.obj
 0001:00010e30       ??$read_va_arg@E@__crt_stdio_output@@YAEAEAPEAD@Z 0000000180011e30 f i libucrtd:output.obj
 0001:00010ea0       ??$read_va_arg@_W@__crt_stdio_output@@YA_WAEAPEAD@Z 0000000180011ea0 f i libucrtd:output.obj
 0001:00010ea0       ??$read_va_arg@F@__crt_stdio_output@@YAFAEAPEAD@Z 0000000180011ea0 f i libucrtd:output.obj
 0001:00010ea0       ??$read_va_arg@G@__crt_stdio_output@@YAGAEAPEAD@Z 0000000180011ea0 f i libucrtd:output.obj
 0001:00010f10       ??$read_va_arg@H@__crt_stdio_output@@YAHAEAPEAD@Z 0000000180011f10 f i libucrtd:output.obj
 0001:00010f10       ??$read_va_arg@I@__crt_stdio_output@@YAIAEAPEAD@Z 0000000180011f10 f i libucrtd:output.obj
 0001:00010f70       ??$read_va_arg@_J@__crt_stdio_output@@YA_JAEAPEAD@Z 0000000180011f70 f i libucrtd:output.obj
 0001:00010f70       ??$read_va_arg@_K@__crt_stdio_output@@YA_KAEAPEAD@Z 0000000180011f70 f i libucrtd:output.obj
 0001:00010f70       ??$read_va_arg@PEAX@__crt_stdio_output@@YAPEAXAEAPEAD@Z 0000000180011f70 f i libucrtd:output.obj
 0001:00010f70       ??$read_va_arg@U_CRT_DOUBLE@@@__crt_stdio_output@@YA?AU_CRT_DOUBLE@@AEAPEAD@Z 0000000180011f70 f i libucrtd:output.obj
 0001:00010f70       ??$read_va_arg@PEAD@__crt_stdio_output@@YAPEADAEAPEAD@Z 0000000180011f70 f i libucrtd:output.obj
 0001:00011050       ??$scratch_count@D@formatting_buffer@__crt_stdio_output@@QEBA_KXZ 0000000180012050 f i libucrtd:output.obj
 0001:00011070       ??$scratch_data@D@formatting_buffer@__crt_stdio_output@@QEAAPEADXZ 0000000180012070 f i libucrtd:output.obj
 0001:000110e0       ??$tcstol@PEBDPEAPEADH@?$__crt_char_traits@D@@SAJ$$QEAPEBD$$QEAPEAPEAD$$QEAH@Z 00000001800120e0 f i libucrtd:output.obj
 0001:00011120       ??$tcstol@PEB_WPEAPEA_WH@?$__crt_char_traits@_W@@SAJ$$QEAPEB_W$$QEAPEAPEA_W$$QEAH@Z 0000000180012120 f i libucrtd:output.obj
 0001:00011160       ??$type_case_integer_parse_into_buffer@I@?$output_processor@DV?$string_output_adapter@D@__crt_stdio_output@@V?$format_validation_base@DV?$string_output_adapter@D@__crt_stdio_output@@@2@@__crt_stdio_output@@AEAAXII_N@Z 0000000180012160 f i libucrtd:output.obj
 0001:00011290       ??$type_case_integer_parse_into_buffer@I@?$output_processor@_WV?$string_output_adapter@_W@__crt_stdio_output@@V?$format_validation_base@_WV?$string_output_adapter@_W@__crt_stdio_output@@@2@@__crt_stdio_output@@AEAAXII_N@Z 0000000180012290 f i libucrtd:output.obj
 0001:000113d0       ??$type_case_integer_parse_into_buffer@_K@?$output_processor@DV?$string_output_adapter@D@__crt_stdio_output@@V?$format_validation_base@DV?$string_output_adapter@D@__crt_stdio_output@@@2@@__crt_stdio_output@@AEAAX_KI_N@Z 00000001800123d0 f i libucrtd:output.obj
 0001:00011520       ??$type_case_integer_parse_into_buffer@_K@?$output_processor@_WV?$string_output_adapter@_W@__crt_stdio_output@@V?$format_validation_base@_WV?$string_output_adapter@_W@__crt_stdio_output@@@2@@__crt_stdio_output@@AEAAX_KI_N@Z 0000000180012520 f i libucrtd:output.obj
 0001:00011680       ??$write_multiple_characters@V?$string_output_adapter@D@__crt_stdio_output@@D@__crt_stdio_output@@YAXAEBV?$string_output_adapter@D@0@DHQEAH@Z 0000000180012680 f i libucrtd:output.obj
 0001:000116e0       ??$write_multiple_characters@V?$string_output_adapter@_W@__crt_stdio_output@@D@__crt_stdio_output@@YAXAEBV?$string_output_adapter@_W@0@DHQEAH@Z 00000001800126e0 f i libucrtd:output.obj
 0001:00011740       ??0?$common_data@D@__crt_stdio_output@@IEAA@XZ 0000000180012740 f i libucrtd:output.obj
 0001:00011810       ??0?$common_data@_W@__crt_stdio_output@@IEAA@XZ 0000000180012810 f i libucrtd:output.obj
 0001:000118e0       ??0?$output_adapter_data@DV?$string_output_adapter@D@__crt_stdio_output@@@__crt_stdio_output@@IEAA@AEBV?$string_output_adapter@D@1@_KQEBDQEAU__crt_locale_pointers@@QEAD@Z 00000001800128e0 f i libucrtd:output.obj
 0001:00011960       ??0?$output_adapter_data@_WV?$string_output_adapter@_W@__crt_stdio_output@@@__crt_stdio_output@@IEAA@AEBV?$string_output_adapter@_W@1@_KQEB_WQEAU__crt_locale_pointers@@QEAD@Z 0000000180012960 f i libucrtd:output.obj
 0001:000119e0       ??0?$output_processor@DV?$string_output_adapter@D@__crt_stdio_output@@V?$format_validation_base@DV?$string_output_adapter@D@__crt_stdio_output@@@2@@__crt_stdio_output@@QEAA@AEBV?$string_output_adapter@D@1@_KQEBDQEAU__crt_locale_pointers@@QEAD@Z 00000001800129e0 f i libucrtd:output.obj
 0001:00011a30       ??0?$output_processor@_WV?$string_output_adapter@_W@__crt_stdio_output@@V?$format_validation_base@_WV?$string_output_adapter@_W@__crt_stdio_output@@@2@@__crt_stdio_output@@QEAA@AEBV?$string_output_adapter@_W@1@_KQEB_WQEAU__crt_locale_pointers@@QEAD@Z 0000000180012a30 f i libucrtd:output.obj
 0001:00011a80       ??0__crt_deferred_errno_cache@@QEAA@XZ 0000000180012a80 f i libucrtd:output.obj
 0001:00011aa0       ??0__crt_errno_guard@@QEAA@QEAH@Z 0000000180012aa0 f i libucrtd:output.obj
 0001:00011ae0       ??0formatting_buffer@__crt_stdio_output@@QEAA@XZ 0000000180012ae0 f i libucrtd:output.obj
 0001:00011b20       ??1?$common_data@D@__crt_stdio_output@@QEAA@XZ 0000000180012b20 f i libucrtd:output.obj
 0001:00011b20       ??1?$common_data@_W@__crt_stdio_output@@QEAA@XZ 0000000180012b20 f i libucrtd:output.obj
 0001:00011b40       ??1?$format_validation_base@DV?$string_output_adapter@D@__crt_stdio_output@@@__crt_stdio_output@@QEAA@XZ 0000000180012b40 f i libucrtd:output.obj
 0001:00011b40       ??1?$format_validation_base@_WV?$string_output_adapter@_W@__crt_stdio_output@@@__crt_stdio_output@@QEAA@XZ 0000000180012b40 f i libucrtd:output.obj
 0001:00011b60       ??1?$output_adapter_data@_WV?$string_output_adapter@_W@__crt_stdio_output@@@__crt_stdio_output@@QEAA@XZ 0000000180012b60 f i libucrtd:output.obj
 0001:00011b60       ??1?$output_adapter_data@DV?$string_output_adapter@D@__crt_stdio_output@@@__crt_stdio_output@@QEAA@XZ 0000000180012b60 f i libucrtd:output.obj
 0001:00011b80       ??1?$output_processor@_WV?$string_output_adapter@_W@__crt_stdio_output@@V?$format_validation_base@_WV?$string_output_adapter@_W@__crt_stdio_output@@@2@@__crt_stdio_output@@QEAA@XZ 0000000180012b80 f i libucrtd:output.obj
 0001:00011b80       ??1?$output_processor@DV?$string_output_adapter@D@__crt_stdio_output@@V?$format_validation_base@DV?$string_output_adapter@D@__crt_stdio_output@@@2@@__crt_stdio_output@@QEAA@XZ 0000000180012b80 f i libucrtd:output.obj
 0001:00011ba0       ??1?$standard_base@_WV?$string_output_adapter@_W@__crt_stdio_output@@@__crt_stdio_output@@QEAA@XZ 0000000180012ba0 f i libucrtd:output.obj
 0001:00011ba0       ??1?$standard_base@DV?$string_output_adapter@D@__crt_stdio_output@@@__crt_stdio_output@@QEAA@XZ 0000000180012ba0 f i libucrtd:output.obj
 0001:00011bc0       ??1__crt_errno_guard@@QEAA@XZ 0000000180012bc0 f i libucrtd:output.obj
 0001:00011bf0       ??1formatting_buffer@__crt_stdio_output@@QEAA@XZ 0000000180012bf0 f i libucrtd:output.obj
 0001:00011c20       ??4?$__crt_unique_heap_ptr@DU__crt_internal_free_policy@@@@QEAAAEAV0@$$QEAV0@@Z 0000000180012c20 f i libucrtd:output.obj
 0001:00011c60       ?adjust_hexit@?$output_processor@_WV?$string_output_adapter@_W@__crt_stdio_output@@V?$format_validation_base@_WV?$string_output_adapter@_W@__crt_stdio_output@@@2@@__crt_stdio_output@@CADH_N@Z 0000000180012c60 f i libucrtd:output.obj
 0001:00011c60       ?adjust_hexit@?$output_processor@DV?$string_output_adapter@D@__crt_stdio_output@@V?$format_validation_base@DV?$string_output_adapter@D@__crt_stdio_output@@@2@@__crt_stdio_output@@CADH_N@Z 0000000180012c60 f i libucrtd:output.obj
 0001:00011cb0       ?advance_to_next_pass@?$standard_base@_WV?$string_output_adapter@_W@__crt_stdio_output@@@__crt_stdio_output@@IEAA_NXZ 0000000180012cb0 f i libucrtd:output.obj
 0001:00011cb0       ?advance_to_next_pass@?$standard_base@DV?$string_output_adapter@D@__crt_stdio_output@@@__crt_stdio_output@@IEAA_NXZ 0000000180012cb0 f i libucrtd:output.obj
 0001:00011d00       ?crop_zeroes@__crt_stdio_output@@YAXPEADQEAU__crt_locale_pointers@@@Z 0000000180012d00 f i libucrtd:output.obj
 0001:00011e40       ?find_next_state@?$output_processor@DV?$string_output_adapter@D@__crt_stdio_output@@V?$format_validation_base@DV?$string_output_adapter@D@__crt_stdio_output@@@2@@__crt_stdio_output@@AEBA?AW4state@2@DW432@@Z 0000000180012e40 f i libucrtd:output.obj
 0001:00011ee0       ?find_next_state@?$output_processor@_WV?$string_output_adapter@_W@__crt_stdio_output@@V?$format_validation_base@_WV?$string_output_adapter@_W@__crt_stdio_output@@@2@@__crt_stdio_output@@AEBA?AW4state@2@_WW432@@Z 0000000180012ee0 f i libucrtd:output.obj
 0001:00011f80       ?force_decimal_point@__crt_stdio_output@@YAXPEADQEAU__crt_locale_pointers@@@Z 0000000180012f80 f i libucrtd:output.obj
 0001:00012080       ?get@__crt_deferred_errno_cache@@QEAAAEAHXZ 0000000180013080 f i libucrtd:output.obj
 0001:000120b0       ?get_flags@__crt_stdio_stream@@QEBAJXZ 00000001800130b0 f i libucrtd:output.obj
 0001:000120e0       ?has_flag@?$output_processor@DV?$string_output_adapter@D@__crt_stdio_output@@V?$format_validation_base@DV?$string_output_adapter@D@__crt_stdio_output@@@2@@__crt_stdio_output@@AEBA_NI@Z 00000001800130e0 f i libucrtd:output.obj
 0001:000120e0       ?has_flag@?$output_processor@_WV?$string_output_adapter@_W@__crt_stdio_output@@V?$format_validation_base@_WV?$string_output_adapter@_W@__crt_stdio_output@@@2@@__crt_stdio_output@@AEBA_NI@Z 00000001800130e0 f i libucrtd:output.obj
 0001:00012120       ?is_string_backed@__crt_stdio_stream@@QEBA_NXZ 0000000180013120 f i libucrtd:output.obj
 0001:00012160       ?narrow_null_string@?$output_processor@_WV?$string_output_adapter@_W@__crt_stdio_output@@V?$format_validation_base@_WV?$string_output_adapter@_W@__crt_stdio_output@@@2@@__crt_stdio_output@@CAPEADXZ 0000000180013160 f i libucrtd:output.obj
 0001:00012160       ?narrow_null_string@?$output_processor@DV?$string_output_adapter@D@__crt_stdio_output@@V?$format_validation_base@DV?$string_output_adapter@D@__crt_stdio_output@@@2@@__crt_stdio_output@@CAPEADXZ 0000000180013160 f i libucrtd:output.obj
 0001:00012170       ?parse_int_from_format_string@?$output_processor@DV?$string_output_adapter@D@__crt_stdio_output@@V?$format_validation_base@DV?$string_output_adapter@D@__crt_stdio_output@@@2@@__crt_stdio_output@@AEAA_NQEAH@Z 0000000180013170 f i libucrtd:output.obj
 0001:00012260       ?parse_int_from_format_string@?$output_processor@_WV?$string_output_adapter@_W@__crt_stdio_output@@V?$format_validation_base@_WV?$string_output_adapter@_W@__crt_stdio_output@@@2@@__crt_stdio_output@@AEAA_NQEAH@Z 0000000180013260 f i libucrtd:output.obj
 0001:00012350       ?process@?$output_processor@DV?$string_output_adapter@D@__crt_stdio_output@@V?$format_validation_base@DV?$string_output_adapter@D@__crt_stdio_output@@@2@@__crt_stdio_output@@QEAAHXZ 0000000180013350 f i libucrtd:output.obj
 0001:000126b0       ?process@?$output_processor@_WV?$string_output_adapter@_W@__crt_stdio_output@@V?$format_validation_base@_WV?$string_output_adapter@_W@__crt_stdio_output@@@2@@__crt_stdio_output@@QEAAHXZ 00000001800136b0 f i libucrtd:output.obj
 0001:00012a10       ?set_flag@?$output_processor@_WV?$string_output_adapter@_W@__crt_stdio_output@@V?$format_validation_base@_WV?$string_output_adapter@_W@__crt_stdio_output@@@2@@__crt_stdio_output@@AEAAXI@Z 0000000180013a10 f i libucrtd:output.obj
 0001:00012a10       ?set_flag@?$output_processor@DV?$string_output_adapter@D@__crt_stdio_output@@V?$format_validation_base@DV?$string_output_adapter@D@__crt_stdio_output@@@2@@__crt_stdio_output@@AEAAXI@Z 0000000180013a10 f i libucrtd:output.obj
 0001:00012a30       ?validate_state_for_type_case_a@?$standard_base@_WV?$string_output_adapter@_W@__crt_stdio_output@@@__crt_stdio_output@@IEBA_NXZ 0000000180013a30 f i libucrtd:output.obj
 0001:00012a30       ?validate_and_update_state_at_beginning_of_format_character@?$standard_base@_WV?$string_output_adapter@_W@__crt_stdio_output@@@__crt_stdio_output@@IEAA_NXZ 0000000180013a30 f i libucrtd:output.obj
 0001:00012a30       ?should_format@?$standard_base@DV?$string_output_adapter@D@__crt_stdio_output@@@__crt_stdio_output@@IEAA_NXZ 0000000180013a30 f i libucrtd:output.obj
 0001:00012a30       ?should_format@?$standard_base@_WV?$string_output_adapter@_W@__crt_stdio_output@@@__crt_stdio_output@@IEAA_NXZ 0000000180013a30 f i libucrtd:output.obj
 0001:00012a30       ?validate_state_for_type_case_a@?$standard_base@DV?$string_output_adapter@D@__crt_stdio_output@@@__crt_stdio_output@@IEBA_NXZ 0000000180013a30 f i libucrtd:output.obj
 0001:00012a30       ?validate_and_update_state_at_beginning_of_format_character@?$standard_base@DV?$string_output_adapter@D@__crt_stdio_output@@@__crt_stdio_output@@IEAA_NXZ 0000000180013a30 f i libucrtd:output.obj
 0001:00012a40       ?should_skip_normal_state_processing@?$standard_base@DV?$string_output_adapter@D@__crt_stdio_output@@@__crt_stdio_output@@IEAA_NXZ 0000000180013a40 f i libucrtd:output.obj
 0001:00012a40       ?should_skip_normal_state_processing@?$standard_base@_WV?$string_output_adapter@_W@__crt_stdio_output@@@__crt_stdio_output@@IEAA_NXZ 0000000180013a40 f i libucrtd:output.obj
 0001:00012a40       ?should_skip_type_state_output@?$standard_base@_WV?$string_output_adapter@_W@__crt_stdio_output@@@__crt_stdio_output@@IEBA_NXZ 0000000180013a40 f i libucrtd:output.obj
 0001:00012a40       ?should_skip_type_state_output@?$standard_base@DV?$string_output_adapter@D@__crt_stdio_output@@@__crt_stdio_output@@IEBA_NXZ 0000000180013a40 f i libucrtd:output.obj
 0001:00012a50       ?state_case_dot@?$output_processor@DV?$string_output_adapter@D@__crt_stdio_output@@V?$format_validation_base@DV?$string_output_adapter@D@__crt_stdio_output@@@2@@__crt_stdio_output@@AEAA_NXZ 0000000180013a50 f i libucrtd:output.obj
 0001:00012a50       ?state_case_dot@?$output_processor@_WV?$string_output_adapter@_W@__crt_stdio_output@@V?$format_validation_base@_WV?$string_output_adapter@_W@__crt_stdio_output@@@2@@__crt_stdio_output@@AEAA_NXZ 0000000180013a50 f i libucrtd:output.obj
 0001:00012a70       ?state_case_flag@?$output_processor@DV?$string_output_adapter@D@__crt_stdio_output@@V?$format_validation_base@DV?$string_output_adapter@D@__crt_stdio_output@@@2@@__crt_stdio_output@@AEAA_NXZ 0000000180013a70 f i libucrtd:output.obj
 0001:00012b10       ?state_case_flag@?$output_processor@_WV?$string_output_adapter@_W@__crt_stdio_output@@V?$format_validation_base@_WV?$string_output_adapter@_W@__crt_stdio_output@@@2@@__crt_stdio_output@@AEAA_NXZ 0000000180013b10 f i libucrtd:output.obj
 0001:00012bb0       ?state_case_normal@?$output_processor@DV?$string_output_adapter@D@__crt_stdio_output@@V?$format_validation_base@DV?$string_output_adapter@D@__crt_stdio_output@@@2@@__crt_stdio_output@@AEAA_NXZ 0000000180013bb0 f i libucrtd:output.obj
 0001:00012c90       ?state_case_normal@?$output_processor@_WV?$string_output_adapter@_W@__crt_stdio_output@@V?$format_validation_base@_WV?$string_output_adapter@_W@__crt_stdio_output@@@2@@__crt_stdio_output@@AEAA_NXZ 0000000180013c90 f i libucrtd:output.obj
 0001:00012d70       ?state_case_normal_common@?$output_processor@DV?$string_output_adapter@D@__crt_stdio_output@@V?$format_validation_base@DV?$string_output_adapter@D@__crt_stdio_output@@@2@@__crt_stdio_output@@AEAA_NXZ 0000000180013d70 f i libucrtd:output.obj
 0001:00012dc0       ?state_case_normal_common@?$output_processor@_WV?$string_output_adapter@_W@__crt_stdio_output@@V?$format_validation_base@_WV?$string_output_adapter@_W@__crt_stdio_output@@@2@@__crt_stdio_output@@AEAA_NXZ 0000000180013dc0 f i libucrtd:output.obj
 0001:00012e10       ?state_case_normal_tchar@?$output_processor@DV?$string_output_adapter@D@__crt_stdio_output@@V?$format_validation_base@DV?$string_output_adapter@D@__crt_stdio_output@@@2@@__crt_stdio_output@@AEAA_ND@Z 0000000180013e10 f i libucrtd:output.obj
 0001:00012f50       ?state_case_normal_tchar@?$output_processor@_WV?$string_output_adapter@_W@__crt_stdio_output@@V?$format_validation_base@_WV?$string_output_adapter@_W@__crt_stdio_output@@@2@@__crt_stdio_output@@AEAA_N_W@Z 0000000180013f50 f i libucrtd:output.obj
 0001:00012f70       ?state_case_percent@?$output_processor@DV?$string_output_adapter@D@__crt_stdio_output@@V?$format_validation_base@DV?$string_output_adapter@D@__crt_stdio_output@@@2@@__crt_stdio_output@@AEAA_NXZ 0000000180013f70 f i libucrtd:output.obj
 0001:00012f70       ?state_case_percent@?$output_processor@_WV?$string_output_adapter@_W@__crt_stdio_output@@V?$format_validation_base@_WV?$string_output_adapter@_W@__crt_stdio_output@@@2@@__crt_stdio_output@@AEAA_NXZ 0000000180013f70 f i libucrtd:output.obj
 0001:00012fc0       ?state_case_precision@?$output_processor@DV?$string_output_adapter@D@__crt_stdio_output@@V?$format_validation_base@DV?$string_output_adapter@D@__crt_stdio_output@@@2@@__crt_stdio_output@@AEAA_NXZ 0000000180013fc0 f i libucrtd:output.obj
 0001:00013040       ?state_case_precision@?$output_processor@_WV?$string_output_adapter@_W@__crt_stdio_output@@V?$format_validation_base@_WV?$string_output_adapter@_W@__crt_stdio_output@@@2@@__crt_stdio_output@@AEAA_NXZ 0000000180014040 f i libucrtd:output.obj
 0001:000130c0       ?state_case_size@?$output_processor@DV?$string_output_adapter@D@__crt_stdio_output@@V?$format_validation_base@DV?$string_output_adapter@D@__crt_stdio_output@@@2@@__crt_stdio_output@@AEAA_NXZ 00000001800140c0 f i libucrtd:output.obj
 0001:00013540       ?state_case_size@?$output_processor@_WV?$string_output_adapter@_W@__crt_stdio_output@@V?$format_validation_base@_WV?$string_output_adapter@_W@__crt_stdio_output@@@2@@__crt_stdio_output@@AEAA_NXZ 0000000180014540 f i libucrtd:output.obj
 0001:000139c0       ?state_case_type@?$output_processor@DV?$string_output_adapter@D@__crt_stdio_output@@V?$format_validation_base@DV?$string_output_adapter@D@__crt_stdio_output@@@2@@__crt_stdio_output@@AEAA_NXZ 00000001800149c0 f i libucrtd:output.obj
 0001:00013e60       ?state_case_type@?$output_processor@_WV?$string_output_adapter@_W@__crt_stdio_output@@V?$format_validation_base@_WV?$string_output_adapter@_W@__crt_stdio_output@@@2@@__crt_stdio_output@@AEAA_NXZ 0000000180014e60 f i libucrtd:output.obj
 0001:000143c0       ?state_case_width@?$output_processor@DV?$string_output_adapter@D@__crt_stdio_output@@V?$format_validation_base@DV?$string_output_adapter@D@__crt_stdio_output@@@2@@__crt_stdio_output@@AEAA_NXZ 00000001800153c0 f i libucrtd:output.obj
 0001:00014450       ?state_case_width@?$output_processor@_WV?$string_output_adapter@_W@__crt_stdio_output@@V?$format_validation_base@_WV?$string_output_adapter@_W@__crt_stdio_output@@@2@@__crt_stdio_output@@AEAA_NXZ 0000000180015450 f i libucrtd:output.obj
 0001:000144e0       ?state_count@?$format_validation_base@_WV?$string_output_adapter@_W@__crt_stdio_output@@@__crt_stdio_output@@KAIXZ 00000001800154e0 f i libucrtd:output.obj
 0001:000144e0       ?state_count@?$format_validation_base@DV?$string_output_adapter@D@__crt_stdio_output@@@__crt_stdio_output@@KAIXZ 00000001800154e0 f i libucrtd:output.obj
 0001:000144f0       ?state_transition_table@?$format_validation_base@DV?$string_output_adapter@D@__crt_stdio_output@@@__crt_stdio_output@@KAPEBEXZ 00000001800154f0 f i libucrtd:output.obj
 0001:000144f0       ?state_transition_table@?$format_validation_base@_WV?$string_output_adapter@_W@__crt_stdio_output@@@__crt_stdio_output@@KAPEBEXZ 00000001800154f0 f i libucrtd:output.obj
 0001:00014500       ?tchar_string@?$common_data@D@__crt_stdio_output@@IEAAAEAPEADD@Z 0000000180015500 f i libucrtd:output.obj
 0001:00014520       ?tchar_string@?$common_data@D@__crt_stdio_output@@IEAAAEAPEADXZ 0000000180015520 f i libucrtd:output.obj
 0001:00014540       ?tchar_string@?$common_data@_W@__crt_stdio_output@@IEAAAEAPEA_WXZ 0000000180015540 f i libucrtd:output.obj
 0001:00014560       ?tchar_string@?$common_data@_W@__crt_stdio_output@@IEAAAEAPEA_W_W@Z 0000000180015560 f i libucrtd:output.obj
 0001:00014580       ?to_integer_size@__crt_stdio_output@@YA_KW4length_modifier@1@@Z 0000000180015580 f i libucrtd:output.obj
 0001:00014630       ?type_case_X@?$output_processor@DV?$string_output_adapter@D@__crt_stdio_output@@V?$format_validation_base@DV?$string_output_adapter@D@__crt_stdio_output@@@2@@__crt_stdio_output@@AEAA_NXZ 0000000180015630 f i libucrtd:output.obj
 0001:00014650       ?type_case_X@?$output_processor@_WV?$string_output_adapter@_W@__crt_stdio_output@@V?$format_validation_base@_WV?$string_output_adapter@_W@__crt_stdio_output@@@2@@__crt_stdio_output@@AEAA_NXZ 0000000180015650 f i libucrtd:output.obj
 0001:00014670       ?type_case_Z@?$output_processor@DV?$string_output_adapter@D@__crt_stdio_output@@V?$format_validation_base@DV?$string_output_adapter@D@__crt_stdio_output@@@2@@__crt_stdio_output@@AEAA_NXZ 0000000180015670 f i libucrtd:output.obj
 0001:00014790       ?type_case_Z@?$output_processor@_WV?$string_output_adapter@_W@__crt_stdio_output@@V?$format_validation_base@_WV?$string_output_adapter@_W@__crt_stdio_output@@@2@@__crt_stdio_output@@AEAA_NXZ 0000000180015790 f i libucrtd:output.obj
 0001:000148b0       ?type_case_a@?$output_processor@DV?$string_output_adapter@D@__crt_stdio_output@@V?$format_validation_base@DV?$string_output_adapter@D@__crt_stdio_output@@@2@@__crt_stdio_output@@AEAA_NXZ 00000001800158b0 f i libucrtd:output.obj
 0001:00014c70       ?type_case_a@?$output_processor@_WV?$string_output_adapter@_W@__crt_stdio_output@@V?$format_validation_base@_WV?$string_output_adapter@_W@__crt_stdio_output@@@2@@__crt_stdio_output@@AEAA_NXZ 0000000180015c70 f i libucrtd:output.obj
 0001:00015040       ?type_case_c@?$output_processor@DV?$string_output_adapter@D@__crt_stdio_output@@V?$format_validation_base@DV?$string_output_adapter@D@__crt_stdio_output@@@2@@__crt_stdio_output@@AEAA_NXZ 0000000180016040 f i libucrtd:output.obj
 0001:00015060       ?type_case_c@?$output_processor@_WV?$string_output_adapter@_W@__crt_stdio_output@@V?$format_validation_base@_WV?$string_output_adapter@_W@__crt_stdio_output@@@2@@__crt_stdio_output@@AEAA_NXZ 0000000180016060 f i libucrtd:output.obj
 0001:00015080       ?type_case_c_tchar@?$output_processor@DV?$string_output_adapter@D@__crt_stdio_output@@V?$format_validation_base@DV?$string_output_adapter@D@__crt_stdio_output@@@2@@__crt_stdio_output@@AEAA_ND@Z 0000000180016080 f i libucrtd:output.obj
 0001:000151d0       ?type_case_c_tchar@?$output_processor@_WV?$string_output_adapter@_W@__crt_stdio_output@@V?$format_validation_base@_WV?$string_output_adapter@_W@__crt_stdio_output@@@2@@__crt_stdio_output@@AEAA_N_W@Z 00000001800161d0 f i libucrtd:output.obj
 0001:00015300       ?type_case_d@?$output_processor@DV?$string_output_adapter@D@__crt_stdio_output@@V?$format_validation_base@DV?$string_output_adapter@D@__crt_stdio_output@@@2@@__crt_stdio_output@@AEAA_NXZ 0000000180016300 f i libucrtd:output.obj
 0001:00015330       ?type_case_d@?$output_processor@_WV?$string_output_adapter@_W@__crt_stdio_output@@V?$format_validation_base@_WV?$string_output_adapter@_W@__crt_stdio_output@@@2@@__crt_stdio_output@@AEAA_NXZ 0000000180016330 f i libucrtd:output.obj
 0001:00015360       ?type_case_integer@?$output_processor@DV?$string_output_adapter@D@__crt_stdio_output@@V?$format_validation_base@DV?$string_output_adapter@D@__crt_stdio_output@@@2@@__crt_stdio_output@@AEAA_NI_N@Z 0000000180016360 f i libucrtd:output.obj
 0001:000157b0       ?type_case_integer@?$output_processor@_WV?$string_output_adapter@_W@__crt_stdio_output@@V?$format_validation_base@_WV?$string_output_adapter@_W@__crt_stdio_output@@@2@@__crt_stdio_output@@AEAA_NI_N@Z 00000001800167b0 f i libucrtd:output.obj
 0001:00015c00       ?type_case_n@?$output_processor@DV?$string_output_adapter@D@__crt_stdio_output@@V?$format_validation_base@DV?$string_output_adapter@D@__crt_stdio_output@@@2@@__crt_stdio_output@@AEAA_NXZ 0000000180016c00 f i libucrtd:output.obj
 0001:00015e40       ?type_case_n@?$output_processor@_WV?$string_output_adapter@_W@__crt_stdio_output@@V?$format_validation_base@_WV?$string_output_adapter@_W@__crt_stdio_output@@@2@@__crt_stdio_output@@AEAA_NXZ 0000000180016e40 f i libucrtd:output.obj
 0001:00016080       ?type_case_o@?$output_processor@DV?$string_output_adapter@D@__crt_stdio_output@@V?$format_validation_base@DV?$string_output_adapter@D@__crt_stdio_output@@@2@@__crt_stdio_output@@AEAA_NXZ 0000000180017080 f i libucrtd:output.obj
 0001:000160d0       ?type_case_o@?$output_processor@_WV?$string_output_adapter@_W@__crt_stdio_output@@V?$format_validation_base@_WV?$string_output_adapter@_W@__crt_stdio_output@@@2@@__crt_stdio_output@@AEAA_NXZ 00000001800170d0 f i libucrtd:output.obj
 0001:00016120       ?type_case_p@?$output_processor@DV?$string_output_adapter@D@__crt_stdio_output@@V?$format_validation_base@DV?$string_output_adapter@D@__crt_stdio_output@@@2@@__crt_stdio_output@@AEAA_NXZ 0000000180017120 f i libucrtd:output.obj
[...]
 0004:00002658       $pdata$??9__crt_strtox@@YA_NAEBUbig_integer@0@0@Z 0000000180052658     libucrtd:cfout.obj
 0004:00002664       $pdata$?make_big_integer@__crt_strtox@@YA?AUbig_integer@1@_K@Z 0000000180052664     libucrtd:cfout.obj
 0004:00002670       $pdata$?make_big_integer_power_of_two@__crt_strtox@@YA?AUbig_integer@1@I@Z 0000000180052670     libucrtd:cfout.obj
 0004:0000267c       $pdata$?is_zero@__crt_strtox@@YA_NAEBUbig_integer@1@@Z 000000018005267c     libucrtd:cfout.obj
 0004:00002688       $pdata$?bit_scan_reverse@__crt_strtox@@YAII@Z 0000000180052688     libucrtd:cfout.obj
 0004:00002694       $pdata$?shift_left@__crt_strtox@@YA_NAEAUbig_integer@1@I@Z 0000000180052694     libucrtd:cfout.obj
 0004:000026a0       $pdata$?add_carry@__crt_strtox@@YAIAEAIII@Z 00000001800526a0     libucrtd:cfout.obj
 0004:000026ac       $pdata$?add_multiply_carry@__crt_strtox@@YAIAEAIIII@Z 00000001800526ac     libucrtd:cfout.obj
 0004:000026b8       $pdata$?multiply_core@__crt_strtox@@YAIQEAIII@Z 00000001800526b8     libucrtd:cfout.obj
 0004:000026c4       $pdata$?multiply@__crt_strtox@@YA_NAEAUbig_integer@1@I@Z 00000001800526c4     libucrtd:cfout.obj
 0004:000026d0       $pdata$?multiply@__crt_strtox@@YA_NAEAUbig_integer@1@AEBU21@@Z 00000001800526d0     libucrtd:cfout.obj
 0004:000026dc       $pdata$?multiply_by_power_of_ten@__crt_strtox@@YA_NAEAUbig_integer@1@I@Z 00000001800526dc     libucrtd:cfout.obj
 0004:000026e8       $pdata$?count_sequential_high_zeroes@__crt_strtox@@YAII@Z 00000001800526e8     libucrtd:cfout.obj
 0004:000026f4       $pdata$?divide@__crt_strtox@@YA_KAEAUbig_integer@1@AEBU21@@Z 00000001800526f4     libucrtd:cfout.obj
 0004:00002700       $pdata$??0scoped_fp_state_reset@?A0x71ca7cfb@@QEAA@XZ 0000000180052700     libucrtd:cfout.obj
 0004:0000270c       $pdata$??1scoped_fp_state_reset@?A0x71ca7cfb@@QEAA@XZ 000000018005270c     libucrtd:cfout.obj
 0004:00002718       $pdata$??$convert_to_fos_high_precision@N@@YAXNIQEAHQEAD_K@Z 0000000180052718     libucrtd:cfout.obj
 0004:00002724       $pdata$_fcloseall          0000000180052724     libucrtd:closeall.obj
 0004:00002730       $pdata$_fcloseall$fin$0    0000000180052730     libucrtd:closeall.obj
 0004:0000273c       $pdata$?is_in_use@__crt_stdio_stream@@QEBA_NXZ 000000018005273c     libucrtd:closeall.obj
 0004:00002748       $pdata$?has_crt_buffer@__crt_stdio_stream@@QEBA_NXZ 0000000180052748     libucrtd:_freebuf.obj
 0004:00002754       $pdata$__acrt_stdio_free_buffer_nolock 0000000180052754     libucrtd:_freebuf.obj
 0004:00002760       $pdata$__acrt_GetStringTypeW 0000000180052760     libucrtd:getstringtypew.obj
 0004:0000276c       $pdata$_itow_s             000000018005276c     libucrtd:xtoa.obj
 0004:00002778       $pdata$_itoa_s             0000000180052778     libucrtd:xtoa.obj
 0004:00002784       $pdata$??$common_xtox_s@KD@@YAHKQEAD_KI_N@Z 0000000180052784     libucrtd:xtoa.obj
 0004:00002790       $pdata$??$common_xtox@KD@@YAHKQEAD_KI_N@Z 0000000180052790     libucrtd:xtoa.obj
 0004:0000279c       $pdata$??$common_xtox_s@K_W@@YAHKQEA_W_KI_N@Z 000000018005279c     libucrtd:xtoa.obj
 0004:000027a8       $pdata$??$common_xtox@K_W@@YAHKQEA_W_KI_N@Z 00000001800527a8     libucrtd:xtoa.obj
 0004:000027b4       $pdata$mbstowcs_s          00000001800527b4     libucrtd:mbstowcs.obj
 0004:000027c0       $pdata$_mbstowcs_s_l       00000001800527c0     libucrtd:mbstowcs.obj
 0004:000027cc       $pdata$?_mbstowcs_l_helper@@YA_KPEA_WPEBD_KPEAU__crt_locale_pointers@@@Z 00000001800527cc     libucrtd:mbstowcs.obj
 0004:000027d8       $pdata$wcstombs_s          00000001800527d8     libucrtd:wcstombs.obj
 0004:000027e4       $pdata$_wcstombs_s_l       00000001800527e4     libucrtd:wcstombs.obj
 0004:000027f0       $pdata$?wcsncnt@@YA_KPEB_W_K@Z 00000001800527f0     libucrtd:wcstombs.obj
 0004:000027fc       $pdata$?_wcstombs_l_helper@@YA_KPEADPEB_W_KPEAU__crt_locale_pointers@@@Z 00000001800527fc     libucrtd:wcstombs.obj
 0004:00002808       $pdata$?dtor$0@?0??_wcstombs_l_helper@@YA_KPEADPEB_W_KPEAU__crt_locale_pointers@@@Z@4HA 0000000180052808     libucrtd:wcstombs.obj
 0004:00002814       $pdata$strcat_s            0000000180052814     libucrtd:strcat_s.obj
 0004:00002820       $pdata$??$common_tcscat_s@D@@YAHQEAD_KQEBD@Z 0000000180052820     libucrtd:strcat_s.obj
 0004:0000282c       $pdata$__acrt_OutputDebugStringA 000000018005282c     libucrtd:outputdebugstringa.obj
 0004:00002838       $pdata$__strncnt           0000000180052838     libucrtd:strncnt.obj
 0004:00002844       $pdata$__ascii_wcsnicmp    0000000180052844     libucrtd:wcsnicmp.obj
 0004:00002850       $pdata$_commit             0000000180052850     libucrtd:commit.obj
 0004:0000285c       $pdata$??R<lambda_5533cddd4bda0037814beee657757329>@@QEBAHXZ 000000018005285c     libucrtd:commit.obj
 0004:00002868       $pdata$??$__acrt_lowio_lock_fh_and_call@V<lambda_5533cddd4bda0037814beee657757329>@@@@YAHH$$QEAV<lambda_5533cddd4bda0037814beee657757329>@@@Z 0000000180052868     libucrtd:commit.obj
 0004:00002874       $pdata$??R<lambda_53fc7fc888e23d815d7080162c0aeeb2>@@QEBAXXZ 0000000180052874     libucrtd:close.obj
 0004:00002874       $pdata$??R<lambda_4e3dbe6921bc0b5a1a6bc6573fdc859e>@@QEBAXXZ 0000000180052874     libucrtd:commit.obj
 0004:00002880       $pdata$??R<lambda_8ddc48ad9d26c778cb15812d1d88fc8a>@@QEBAXXZ 0000000180052880     libucrtd:close.obj
 0004:00002880       $pdata$??R<lambda_47cffbaa968af5c721c38a4a6f8da44d>@@QEBAXXZ 0000000180052880     libucrtd:commit.obj
 0004:0000288c       $pdata$??$?RV<lambda_4e3dbe6921bc0b5a1a6bc6573fdc859e>@@AEAV<lambda_5533cddd4bda0037814beee657757329>@@V<lambda_47cffbaa968af5c721c38a4a6f8da44d>@@@?$__crt_seh_guarded_call@H@@QEAAH$$QEAV<lambda_4e3dbe6921bc0b5a1a6bc6573fdc859e>@@AEAV<lambda_5533cddd4bda0037814beee657757329>@@$$QEAV<lambda_47cffbaa968af5c721c38a4a6f8da44d>@@@Z 000000018005288c     libucrtd:commit.obj
 0004:00002898       $pdata$?fin$0@?0???$?RV<lambda_53fc7fc888e23d815d7080162c0aeeb2>@@AEAV<lambda_4e7105787b7b0e0227fbf2b2d883fa65>@@V<lambda_8ddc48ad9d26c778cb15812d1d88fc8a>@@@?$__crt_seh_guarded_call@H@@QEAAH$$QEAV<lambda_53fc7fc888e23d815d7080162c0aeeb2>@@AEAV<lambda_4e7105787b7b0e0227fbf2b2d883fa65>@@$$QEAV<lambda_8ddc48ad9d26c778cb15812d1d88fc8a>@@@Z@4HA 0000000180052898     libucrtd:close.obj
 0004:00002898       $pdata$?fin$0@?0???$?RV<lambda_4e3dbe6921bc0b5a1a6bc6573fdc859e>@@AEAV<lambda_5533cddd4bda0037814beee657757329>@@V<lambda_47cffbaa968af5c721c38a4a6f8da44d>@@@?$__crt_seh_guarded_call@H@@QEAAH$$QEAV<lambda_4e3dbe6921bc0b5a1a6bc6573fdc859e>@@AEAV<lambda_5533cddd4bda0037814beee657757329>@@$$QEAV<lambda_47cffbaa968af5c721c38a4a6f8da44d>@@@Z@4HA 0000000180052898     libucrtd:commit.obj
 0004:000028a4       $pdata$_write              00000001800528a4     libucrtd:write.obj
 0004:000028b0       $pdata$_write$fin$0        00000001800528b0     libucrtd:write.obj
 0004:000028bc       $pdata$_write_nolock       00000001800528bc     libucrtd:write.obj
 0004:000028c8       $pdata$?write_requires_double_translation_nolock@@YA_NH@Z 00000001800528c8     libucrtd:write.obj
 0004:000028d4       $pdata$?write_double_translated_ansi_nolock@@YA?AUwrite_result@?A0x17268360@@HQEBDI@Z 00000001800528d4     libucrtd:write.obj
 0004:000028e0       $pdata$?write_double_translated_unicode_nolock@@YA?AUwrite_result@?A0x17268360@@QEBDI@Z 00000001800528e0     libucrtd:write.obj
 0004:000028ec       $pdata$?write_text_ansi_nolock@@YA?AUwrite_result@?A0x17268360@@HQEBDI@Z 00000001800528ec     libucrtd:write.obj
 0004:000028f8       $pdata$?write_text_utf16le_nolock@@YA?AUwrite_result@?A0x17268360@@HQEBDI@Z 00000001800528f8     libucrtd:write.obj
 0004:00002904       $pdata$?write_text_utf8_nolock@@YA?AUwrite_result@?A0x17268360@@HQEBDI@Z 0000000180052904     libucrtd:write.obj
 0004:00002910       $pdata$?write_binary_nolock@@YA?AUwrite_result@?A0x17268360@@HQEBDI@Z 0000000180052910     libucrtd:write.obj
 0004:0000291c       $pdata$?__mbrtoc32_utf8@__crt_mbstring@@YA_KPEA_UPEBD_KPEAU_Mbstatet@@@Z 000000018005291c     libucrtd:mbrtoc32.obj
 0004:00002934       $pdata$ceil                0000000180052934     libucrtd:ceil.obj
 0004:00002940       $pdata$fegetenv            0000000180052940     libucrtd:fegetenv.obj
 0004:0000294c       $pdata$fesetenv            000000018005294c     libucrtd:fesetenv.obj
 0004:00002958       $pdata$feholdexcept        0000000180052958     libucrtd:feholdexcept.obj
 0004:00002964       $pdata$_lseeki64_nolock    0000000180052964     libucrtd:lseek.obj
 0004:00002970       $pdata$?common_lseek_do_seek_nolock@@YA_JQEAX_JH@Z 0000000180052970     libucrtd:lseek.obj
 0004:0000297c       $pdata$??$common_lseek_nolock@_J@@YA_JH_JH@Z 000000018005297c     libucrtd:lseek.obj
 0004:00002988       $pdata$fclose              0000000180052988     libucrtd:fclose.obj
 0004:00002994       $pdata$fclose$fin$0        0000000180052994     libucrtd:fclose.obj
 0004:000029a0       $pdata$_fclose_nolock      00000001800529a0     libucrtd:fclose.obj
 0004:000029ac       $pdata$?__wcsrtombs_utf8@__crt_mbstring@@YA_KPEADPEAPEB_W_KPEAU_Mbstatet@@@Z 00000001800529ac     libucrtd:wcrtomb.obj
 0004:000029b8       $pdata$_putwch_nolock      00000001800529b8     libucrtd:putwch.obj
 0004:000029c4       $pdata$__acrt_initialize_fma3 00000001800529c4     libucrtd:fma3_available.obj
 0004:000029d0       $pdata$_log_special_common 00000001800529d0     libucrtd:log_special.obj
 0004:000029dc       $pdata$_log10_special      00000001800529dc     libucrtd:log_special.obj
 0004:000029e8       $pdata$_call_matherr       00000001800529e8     libucrtd:libm_error.obj
 0004:000029f4       $pdata$_exception_enabled  00000001800529f4     libucrtd:libm_error.obj
 0004:00002a00       $pdata$_handle_nan         0000000180052a00     libucrtd:libm_error.obj
 0004:00002a0c       $pdata$_handle_error       0000000180052a0c     libucrtd:libm_error.obj
 0004:00002a18       $pdata$??$__acrt_fenv_shift_bits@W4__acrt_fenv_abstract_control@@@@YA?AW4__acrt_fenv_abstract_control@@W40@0I@Z 0000000180052a18     libucrtd:_fenvutils.obj
 0004:00002a18       $pdata$??$__acrt_fenv_shift_bits@W4__acrt_fenv_abstract_status@@@@YA?AW4__acrt_fenv_abstract_status@@W40@0I@Z 0000000180052a18     libucrtd:_fenvutils.obj
 0004:00002a24       $pdata$??$__acrt_fenv_unshift_bits@W4__acrt_fenv_abstract_control@@@@YA?AW4__acrt_fenv_abstract_control@@W40@0I@Z 0000000180052a24     libucrtd:_fenvutils.obj
 0004:00002a24       $pdata$??$__acrt_fenv_unshift_bits@W4__acrt_fenv_abstract_status@@@@YA?AW4__acrt_fenv_abstract_status@@W40@0I@Z 0000000180052a24     libucrtd:_fenvutils.obj
 0004:00002a30       $pdata$?__acrt_fenv_shift_abstract_sse_status@@YA?AW4__acrt_fenv_abstract_status@@W41@@Z 0000000180052a30     libucrtd:_fenvutils.obj
 0004:00002a3c       $pdata$?__acrt_fenv_unshift_abstract_sse_status@@YA?AW4__acrt_fenv_abstract_status@@W41@@Z 0000000180052a3c     libucrtd:_fenvutils.obj
 0004:00002a48       $pdata$?__acrt_fenv_shift_abstract_sse_control@@YA?AW4__acrt_fenv_abstract_control@@W41@@Z 0000000180052a48     libucrtd:_fenvutils.obj
 0004:00002a54       $pdata$?__acrt_fenv_unshift_abstract_sse_control@@YA?AW4__acrt_fenv_abstract_control@@W41@@Z 0000000180052a54     libucrtd:_fenvutils.obj
 0004:00002a60       $pdata$__acrt_fenv_get_status 0000000180052a60     libucrtd:_fenvutils.obj
 0004:00002a6c       $pdata$__acrt_fenv_set_status 0000000180052a6c     libucrtd:_fenvutils.obj
 0004:00002a78       $pdata$__acrt_fenv_get_control 0000000180052a78     libucrtd:_fenvutils.obj
 0004:00002a84       $pdata$__acrt_fenv_set_control 0000000180052a84     libucrtd:_fenvutils.obj
 0004:00002a90       $pdata$?to_machine_sse_status@@YA?AW4__acrt_fenv_machine_sse_status@@W4__acrt_fenv_abstract_status@@@Z 0000000180052a90     libucrtd:_fenvutils.obj
 0004:00002a9c       $pdata$??$translate_status@W4__acrt_fenv_machine_sse_status@@W4__acrt_fenv_abstract_status@@@@YA?AW4__acrt_fenv_machine_sse_status@@W4__acrt_fenv_abstract_status@@@Z 0000000180052a9c     libucrtd:_fenvutils.obj
 0004:00002aa8       $pdata$?translate_control_denormal_control_to_sse@@YA?AW4__acrt_fenv_machine_sse_control@@W4__acrt_fenv_abstract_control@@@Z 0000000180052aa8     libucrtd:_fenvutils.obj
 0004:00002ab4       $pdata$?translate_control_denormal_control_from_sse@@YA?AW4__acrt_fenv_abstract_control@@W4__acrt_fenv_machine_sse_control@@@Z 0000000180052ab4     libucrtd:_fenvutils.obj
 0004:00002ac0       $pdata$?to_abstract_control@@YA?AW4__acrt_fenv_abstract_control@@W4__acrt_fenv_machine_sse_control@@@Z 0000000180052ac0     libucrtd:_fenvutils.obj
 0004:00002acc       $pdata$??$translate_control_exception_mask@W4__acrt_fenv_abstract_control@@W4__acrt_fenv_machine_sse_control@@@@YA?AW4__acrt_fenv_abstract_control@@W4__acrt_fenv_machine_sse_control@@@Z 0000000180052acc     libucrtd:_fenvutils.obj
 0004:00002ad8       $pdata$??$translate_control_rounding_control@W4__acrt_fenv_abstract_control@@W4__acrt_fenv_machine_sse_control@@@@YA?AW4__acrt_fenv_abstract_control@@W4__acrt_fenv_machine_sse_control@@@Z 0000000180052ad8     libucrtd:_fenvutils.obj
 0004:00002ae4       $pdata$?to_machine_sse_control@@YA?AW4__acrt_fenv_machine_sse_control@@W4__acrt_fenv_abstract_control@@@Z 0000000180052ae4     libucrtd:_fenvutils.obj
 0004:00002af0       $pdata$??$translate_control_exception_mask@W4__acrt_fenv_machine_sse_control@@W4__acrt_fenv_abstract_control@@@@YA?AW4__acrt_fenv_machine_sse_control@@W4__acrt_fenv_abstract_control@@@Z 0000000180052af0     libucrtd:_fenvutils.obj
 0004:00002afc       $pdata$??$translate_control_rounding_control@W4__acrt_fenv_machine_sse_control@@W4__acrt_fenv_abstract_control@@@@YA?AW4__acrt_fenv_machine_sse_control@@W4__acrt_fenv_abstract_control@@@Z 0000000180052afc     libucrtd:_fenvutils.obj
 0004:00002b08       $pdata$?get_machine_sse_status@@YA?AW4__acrt_fenv_machine_sse_status@@XZ 0000000180052b08     libucrtd:_fenvutils.obj
 0004:00002b14       $pdata$?set_machine_sse_status@@YAXW4__acrt_fenv_machine_sse_status@@@Z 0000000180052b14     libucrtd:_fenvutils.obj
 0004:00002b20       $pdata$?get_machine_sse_control@@YA?AW4__acrt_fenv_machine_sse_control@@XZ 0000000180052b20     libucrtd:_fenvutils.obj
 0004:00002b2c       $pdata$?set_machine_sse_control@@YAXW4__acrt_fenv_machine_sse_control@@@Z 0000000180052b2c     libucrtd:_fenvutils.obj
 0004:00002b38       $pdata$??$to_abstract_status@W4__acrt_fenv_machine_sse_status@@@@YA?AW4__acrt_fenv_abstract_status@@W4__acrt_fenv_machine_sse_status@@@Z 0000000180052b38     libucrtd:_fenvutils.obj
 0004:00002b44       $pdata$??$__acrt_fenv_translate_bit@W4__acrt_fenv_abstract_status@@W4__acrt_fenv_machine_sse_status@@@@YA?AW4__acrt_fenv_abstract_status@@W4__acrt_fenv_machine_sse_status@@0W40@1@Z 0000000180052b44     libucrtd:_fenvutils.obj
 0004:00002b44       $pdata$??$__acrt_fenv_translate_bit@W4__acrt_fenv_machine_sse_status@@W4__acrt_fenv_abstract_status@@@@YA?AW4__acrt_fenv_machine_sse_status@@W4__acrt_fenv_abstract_status@@0W40@1@Z 0000000180052b44     libucrtd:_fenvutils.obj
 0004:00002b50       $pdata$??$__acrt_fenv_translate_bit@W4__acrt_fenv_abstract_control@@W4__acrt_fenv_machine_sse_control@@@@YA?AW4__acrt_fenv_abstract_control@@W4__acrt_fenv_machine_sse_control@@0W40@1@Z 0000000180052b50     libucrtd:_fenvutils.obj
 0004:00002b5c       $pdata$??$__acrt_fenv_translate_bit@W4__acrt_fenv_machine_sse_control@@W4__acrt_fenv_abstract_control@@@@YA?AW4__acrt_fenv_machine_sse_control@@W4__acrt_fenv_abstract_control@@0W40@1@Z 0000000180052b5c     libucrtd:_fenvutils.obj
 0004:00002b68       $pdata$??$translate_status@W4__acrt_fenv_abstract_status@@W4__acrt_fenv_machine_sse_status@@@@YA?AW4__acrt_fenv_abstract_status@@W4__acrt_fenv_machine_sse_status@@@Z 0000000180052b68     libucrtd:_fenvutils.obj
 0004:00002b74       $pdata$_clearfp            0000000180052b74     libucrtd:ieee.obj
 0004:00002b80       $pdata$_abstract_sw        0000000180052b80     libucrtd:ieee.obj
 0004:00002b8c       $pdata$_close              0000000180052b8c     libucrtd:close.obj
 0004:00002b98       $pdata$_close_nolock       0000000180052b98     libucrtd:close.obj
 0004:00002ba4       $pdata$?close_os_handle_nolock@@YAKH@Z 0000000180052ba4     libucrtd:close.obj
 0004:00002bb0       $pdata$??R<lambda_4e7105787b7b0e0227fbf2b2d883fa65>@@QEBAHXZ 0000000180052bb0     libucrtd:close.obj
 0004:00002bbc       $pdata$??$__acrt_lowio_lock_fh_and_call@V<lambda_4e7105787b7b0e0227fbf2b2d883fa65>@@@@YAHH$$QEAV<lambda_4e7105787b7b0e0227fbf2b2d883fa65>@@@Z 0000000180052bbc     libucrtd:close.obj
 0004:00002bc8       $pdata$??$?RV<lambda_53fc7fc888e23d815d7080162c0aeeb2>@@AEAV<lambda_4e7105787b7b0e0227fbf2b2d883fa65>@@V<lambda_8ddc48ad9d26c778cb15812d1d88fc8a>@@@?$__crt_seh_guarded_call@H@@QEAAH$$QEAV<lambda_53fc7fc888e23d815d7080162c0aeeb2>@@AEAV<lambda_4e7105787b7b0e0227fbf2b2d883fa65>@@$$QEAV<lambda_8ddc48ad9d26c778cb15812d1d88fc8a>@@@Z 0000000180052bc8     libucrtd:close.obj
 0004:00002bd4       $pdata$?__acrt_stdio_free_stream@@YAXV__crt_stdio_stream@@@Z 0000000180052bd4     libucrtd:stream.obj
 0004:00002be0       $pdata$?__c16rtomb_utf8@__crt_mbstring@@YA_KPEAD_SPEAU_Mbstatet@@@Z 0000000180052be0     libucrtd:c16rtomb.obj
 0004:00002bec       $pdata$?store_first_surrogate@?A0xc60ee810@@YAX_SPEAU_Mbstatet@@@Z 0000000180052bec     libucrtd:c16rtomb.obj
 0004:00002bf8       $pdata$?has_surrogate@?A0xc60ee810@@YA_NPEAU_Mbstatet@@@Z 0000000180052bf8     libucrtd:c16rtomb.obj
 0004:00002c04       $pdata$?is_first_surrogate@?A0xc60ee810@@YA_N_S@Z 0000000180052c04     libucrtd:c16rtomb.obj
 0004:00002c10       $pdata$?is_second_surrogate@?A0xc60ee810@@YA_N_S@Z 0000000180052c10     libucrtd:c16rtomb.obj
 0004:00002c1c       $pdata$__dcrt_lowio_ensure_console_output_initialized 0000000180052c1c     libucrtd:initcon.obj
 0004:00002c28       $pdata$__dcrt_write_console 0000000180052c28     libucrtd:initcon.obj
 0004:00002c34       $pdata$__dcrt_terminate_console_output 0000000180052c34     libucrtd:initcon.obj
 0004:00002c40       $pdata$_set_errno_from_matherr 0000000180052c40     libucrtd:fpexcept.obj
 0004:00002c4c       $pdata$_raise_exc          0000000180052c4c     libucrtd:fpexcept.obj
 0004:00002c58       $pdata$_raise_exc_ex       0000000180052c58     libucrtd:fpexcept.obj
 0004:00002c64       $pdata$_clrfp              0000000180052c64     libucrtd:fpctrl.obj
 0004:00002c70       $pdata$_ctrlfp             0000000180052c70     libucrtd:fpctrl.obj
 0004:00002c7c       $pdata$_ctrlfp$filt$0      0000000180052c7c     libucrtd:fpctrl.obj
 0004:00002c88       $pdata$_statfp             0000000180052c88     libucrtd:fpctrl.obj
 0004:00002c94       $pdata$_set_statfp         0000000180052c94     libucrtd:fpctrl.obj
 0004:00002cac       $pdata$_ValidateImageBase  0000000180052cac     LIBCMTD:pesect.obj
 0004:00002cb8       $pdata$_FindPESection      0000000180052cb8     LIBCMTD:pesect.obj
 0004:00002cc4       $pdata$_IsNonwritableInCurrentImage 0000000180052cc4     LIBCMTD:pesect.obj
 0004:00002cd0       $pdata$_IsNonwritableInCurrentImage$filt$0 0000000180052cd0     LIBCMTD:pesect.obj
 0004:00002cdc       $pdata$??_Gtype_info@@UEAAPEAXI@Z 0000000180052cdc     LIBCMTD:std_type_info_static.obj
 0004:00002ce8       $pdata$??3@YAXPEAX_K@Z     0000000180052ce8     LIBCMTD:delete_scalar_size.obj
 0004:00002cf4       $pdata$__GSHandlerCheck_SEH 0000000180052cf4     LIBCMTD:gshandlerseh.obj
 0004:00002d0c       $pdata$__GSHandlerCheck_EH 0000000180052d0c     LIBCMTD:gshandlereh.obj
 0004:00002d18       $pdata$??3@YAXPEAX@Z       0000000180052d18     LIBCMTD:delete_scalar.obj
 0004:00002d30       $pdata$strrchr             0000000180052d30     libvcruntimed:strrchr.obj
 0005:00000000       MoveSmall                  0000000180053000     libvcruntimed:memcpy.obj
 0005:00000050       MsetTab                    0000000180053050     libvcruntimed:memset.obj
