 handmade

 Timestamp is 5ecb6875 (Mon May 25 00:40:53 2020)

 Preferred load address is 0000000180000000

 Start         Length     Name                   Class
 0001:00000000 00038fb0H .text$mn                CODE
 0001:00038fb0 00000020H .text$mn$00             CODE
 0001:00038fd0 0000068dH .text$x                 CODE
 0002:00000000 00000248H .idata$5                DATA
 0002:00000248 00000028H .00cfg                  DATA
 0002:00000270 00000008H .CRT$XCA                DATA
 0002:00000278 00000008H .CRT$XCZ                DATA
 0002:00000280 00000008H .CRT$XIA                DATA
 0002:00000288 00000018H .CRT$XIC                DATA
 0002:000002a0 00000008H .CRT$XIZ                DATA
 0002:000002a8 00000008H .CRT$XPA                DATA
 0002:000002b0 00000010H .CRT$XPX                DATA
 0002:000002c0 00000008H .CRT$XPXA               DATA
 0002:000002c8 00000008H .CRT$XPZ                DATA
 0002:000002d0 00000008H .CRT$XTA                DATA
 0002:000002d8 00000008H .CRT$XTZ                DATA
 0002:000002e0 00000000H .gfids$y                DATA
 0002:000002e0 000104a0H .rdata                  DATA
 0002:00010780 0000016cH .rdata$r                DATA
 0002:000108ec 000002f4H .rdata$zzzdbg           DATA
 0002:00010be0 00000008H .rtc$IAA                DATA
 0002:00010be8 00000008H .rtc$IZZ                DATA
 0002:00010bf0 00000008H .rtc$TAA                DATA
 0002:00010bf8 00000008H .rtc$TZZ                DATA
 0002:00010c00 00001128H .xdata                  DATA
 0002:00011d28 00000088H .xdata$x                DATA
 0002:00011db0 00000074H .edata                  DATA
 0002:00011e24 00000014H .idata$2                DATA
 0002:00011e38 00000018H .idata$3                DATA
 0002:00011e50 00000248H .idata$4                DATA
 0002:00012098 00000554H .idata$6                DATA
 0003:00000000 00005a30H .data                   DATA
 0003:00005a30 00000070H .data$r                 DATA
 0003:00005aa0 00001868H .bss                    DATA
 0004:00000000 00002e08H .pdata                  DATA
 0005:00000000 00000094H _RDATA                  DATA

  Address         Publics by Value              Rva+Base               Lib:Object

 0000:00000000       __guard_eh_cont_count      0000000000000000     <absolute>
 0000:00000000       __volatile_metadata        0000000000000000     <absolute>
 0000:00000000       __guard_longjmp_table      0000000000000000     <absolute>
 0000:00000000       __guard_iat_table          0000000000000000     <absolute>
 0000:00000000       __guard_iat_count          0000000000000000     <absolute>
 0000:00000000       __hybrid_code_map          0000000000000000     <absolute>
 0000:00000000       __guard_longjmp_count      0000000000000000     <absolute>
 0000:00000000       __guard_eh_cont_table      0000000000000000     <absolute>
 0000:00000000       __guard_fids_count         0000000000000000     <absolute>
 0000:00000000       ___safe_se_handler_count   0000000000000000     <absolute>
 0000:00000000       __enclave_config           0000000000000000     <absolute>
 0000:00000000       __hybrid_code_map_count    0000000000000000     <absolute>
 0000:00000000       __AbsoluteZero             0000000000000000     <absolute>
 0000:00000000       ___safe_se_handler_table   0000000000000000     <absolute>
 0000:00000000       __guard_fids_table         0000000000000000     <absolute>
 0000:00000000       __hybrid_auxiliary_iat     0000000000000000     <absolute>
 0000:00000000       __dynamic_value_reloc_table 0000000000000000     <absolute>
 0000:00000100       __guard_flags              0000000000000100     <absolute>
 0000:00000000       __ImageBase                0000000180000000     <linker-defined>
 0001:00000040       ?PushSize_@@YAPEAXPEAUmemory_arena@@_K@Z 0000000180001040 f   handmade.obj
 0001:00000e40       GameUpdateAndRender        0000000180001e40 f   handmade.obj
 0001:000026f0       GameGetSoundSamples        00000001800036f0 f   handmade.obj
 0001:00002730       ?FindLeastSignificantSetBit@@YA?AUbit_scan_result@@I@Z 0000000180003730 f i handmade.obj
 0001:00002770       ?GetChunkPositionFor@@YA?AUtile_chunk_position@@PEAUtile_map@@III@Z 0000000180003770 f i handmade.obj
 0001:00002820       ?GetController@@YAPEAUgame_controller_input@@PEAUgame_input@@H@Z 0000000180003820 f i handmade.obj
 0001:00002870       ?GetTileChunk@@YAPEAUtile_chunk@@PEAUtile_map@@III@Z 0000000180003870 f i handmade.obj
 0001:00002900       ?GetTileValue@@YAIPEAUtile_map@@PEAUtile_chunk@@II@Z 0000000180003900 f i handmade.obj
 0001:00002960       ?GetTileValueUnchecked@@YAIPEAUtile_map@@PEAUtile_chunk@@II@Z 0000000180003960 f i handmade.obj
 0001:000029f0       ?RecanonicalizeCoord@@YAXPEAUtile_map@@PEAIPEAM@Z 00000001800039f0 f i handmade.obj
 0001:00002ab0       ?RecanonicalizePosition@@YA?AUtile_map_position@@PEAUtile_map@@U1@@Z 0000000180003ab0 f i handmade.obj
 0001:00002b40       ?RoundReal32ToInt32@@YAHM@Z 0000000180003b40 f i handmade.obj
 0001:00002b70       ?RoundReal32ToUInt32@@YAIM@Z 0000000180003b70 f i handmade.obj
 0001:00002ba0       ?SetTileValue@@YAXPEAUtile_map@@PEAUtile_chunk@@III@Z 0000000180003ba0 f i handmade.obj
 0001:00002c00       ?SetTileValueUnchecked@@YAXPEAUtile_map@@PEAUtile_chunk@@III@Z 0000000180003c00 f i handmade.obj
 0001:00002c80       ?Subtract@@YA?AUtile_map_difference@@PEAUtile_map@@PEAUtile_map_position@@1@Z 0000000180003c80 f i handmade.obj
 0001:00002db0       __GSHandlerCheck           0000000180003db0 f   LIBCMTD:gshandler.obj
 0001:00002df0       __GSHandlerCheckCommon     0000000180003df0 f   LIBCMTD:gshandler.obj
 0001:00002f00       __security_check_cookie    0000000180003f00 f   LIBCMTD:amdsecgs.obj
 0001:00003340       _DllMainCRTStartup         0000000180004340 f   LIBCMTD:dll_dllmain.obj
 0001:00003380       __raise_securityfailure    0000000180004380 f   LIBCMTD:gs_report.obj
 0001:000033c0       __report_gsfailure         00000001800043c0 f   LIBCMTD:gs_report.obj
 0001:000034a0       __report_rangecheckfailure 00000001800044a0 f   LIBCMTD:gs_report.obj
 0001:000034c0       __report_securityfailure   00000001800044c0 f   LIBCMTD:gs_report.obj
 0001:00003780       __security_init_cookie     0000000180004780 f   LIBCMTD:gs_support.obj
 0001:00003800       DllMain                    0000000180004800 f   LIBCMTD:dll_dllmain_stub.obj
 0001:00003820       ?__scrt_initialize_type_info@@YAXXZ 0000000180004820 f   LIBCMTD:tncleanup.obj
 0001:00003840       ?__scrt_uninitialize_type_info@@YAXXZ 0000000180004840 f   LIBCMTD:tncleanup.obj
 0001:00003860       __local_stdio_printf_options 0000000180004860 f i LIBCMTD:default_local_stdio_options.obj
 0001:00003870       __local_stdio_scanf_options 0000000180004870 f i LIBCMTD:default_local_stdio_options.obj
 0001:00003880       __scrt_initialize_default_local_stdio_options 0000000180004880 f   LIBCMTD:default_local_stdio_options.obj
 0001:000038d0       ?configure_argv@__scrt_narrow_argv_policy@@SAHXZ 00000001800048d0 f i LIBCMTD:utility.obj
 0001:000039c0       ?initialize_environment@__scrt_narrow_environment_policy@@SAHXZ 00000001800049c0 f i LIBCMTD:utility.obj
 0001:00003a60       NtCurrentTeb               0000000180004a60 f i LIBCMTD:utility.obj
 0001:00003a70       __scrt_acquire_startup_lock 0000000180004a70 f   LIBCMTD:utility.obj
 0001:00003ae0       __scrt_dllmain_after_initialize_c 0000000180004ae0 f   LIBCMTD:utility.obj
 0001:00003b10       __scrt_dllmain_before_initialize_c 0000000180004b10 f   LIBCMTD:utility.obj
 0001:00003b30       __scrt_dllmain_crt_thread_attach 0000000180004b30 f   LIBCMTD:utility.obj
 0001:00003b60       __scrt_dllmain_crt_thread_detach 0000000180004b60 f   LIBCMTD:utility.obj
 0001:00003b80       __scrt_dllmain_exception_filter 0000000180004b80 f   LIBCMTD:utility.obj
 0001:00003bf0       __scrt_dllmain_uninitialize_c 0000000180004bf0 f   LIBCMTD:utility.obj
 0001:00003c20       __scrt_dllmain_uninitialize_critical 0000000180004c20 f   LIBCMTD:utility.obj
 0001:00003c40       __scrt_initialize_crt      0000000180004c40 f   LIBCMTD:utility.obj
 0001:00003c90       __scrt_initialize_onexit_tables 0000000180004c90 f   LIBCMTD:utility.obj
 0001:00003da0       __scrt_is_nonwritable_in_current_image 0000000180004da0 f   LIBCMTD:utility.obj
 0001:00003e30       __scrt_release_startup_lock 0000000180004e30 f   LIBCMTD:utility.obj
 0001:00003e60       __scrt_uninitialize_crt    0000000180004e60 f   LIBCMTD:utility.obj
 0001:00003ea0       __scrt_get_dyn_tls_init_callback 0000000180004ea0 f   LIBCMTD:dyn_tls_init.obj
 0001:00003eb0       __crt_debugger_hook        0000000180004eb0 f   LIBCMTD:utility_desktop.obj
 0001:00003ec0       __scrt_fastfail            0000000180004ec0 f   LIBCMTD:utility_desktop.obj
 0001:00004060       _RTC_Initialize            0000000180005060 f   LIBCMTD:initsect.obj
 0001:000040b0       _RTC_Terminate             00000001800050b0 f   LIBCMTD:initsect.obj
 0001:00004100       _guard_check_icall_nop     0000000180005100 f i LIBCMTD:guard_support.obj
 0001:00004100       ??1scoped_global_state_reset@__crt_state_management@@QEAA@XZ 0000000180005100 f i libucrtd:onexit.obj
 0001:00004100       ??1?$__crt_simd_cleanup_guard@$0A@@@QEAA@XZ 0000000180005100 f i libucrtd:strnlen.obj
 0001:00004110       ?__crt_interlocked_read_64@@YA_JPED_J@Z 0000000180005110 f i libvcruntimed:std_type_info.obj
 0001:00004110       ReadNoFence64              0000000180005110 f i LIBCMTD:guard_support.obj
 0001:00004130       ??$__crt_interlocked_read_pointer@X@@YAPEAXPEDSEAX@Z 0000000180005130 f i libvcruntimed:winapi_downlevel.obj
 0001:00004130       ReadPointerNoFence         0000000180005130 f i LIBCMTD:guard_support.obj
 0001:00004130       ??$__crt_interlocked_read_pointer@UHINSTANCE__@@@@YAPEAUHINSTANCE__@@PEDSEAU0@@Z 0000000180005130 f i libvcruntimed:winapi_downlevel.obj
 0001:00004150       _guard_icall_checks_enforced 0000000180005150 f i LIBCMTD:guard_support.obj
 0001:00004190       __isa_available_init       0000000180005190 f   LIBCMTD:cpu_disp.obj
 0001:00004530       _get_startup_argv_mode     0000000180005530 f   LIBCMTD:argv_mode.obj
 0001:00004540       __scrt_is_ucrt_dll_in_use  0000000180005540 f   LIBCMTD:ucrt_detection.obj
 0001:00004570       IsProcessorFeaturePresent  0000000180005570 f   kernel32:KERNEL32.dll
 0001:00004580       __C_specific_handler       0000000180005580 f   libvcruntimed:riscchandler.obj
 0001:000049f0       ??$?RD@__crt_internal_free_policy@@QEBAXQEBD@Z 00000001800059f0 f i libvcruntimed:std_type_info.obj
 0001:000049f0       ??$?RPEAU__crt_stdio_stream_data@@@__crt_internal_free_policy@@QEBAXQEBQEAU__crt_stdio_stream_data@@@Z 00000001800059f0 f i libucrtd:_file.obj
 0001:000049f0       ??$?RPEAD@__crt_internal_free_policy@@QEBAXQEBQEAD@Z 00000001800059f0 f i libucrtd:argv_parsing.obj
 0001:000049f0       ??$?RU__acrt_ptd@@@__crt_internal_free_policy@@QEBAXQEBU__acrt_ptd@@@Z 00000001800059f0 f i libucrtd:per_thread_data.obj
 0001:000049f0       ??$?RE@__crt_internal_free_policy@@QEBAXQEBE@Z 00000001800059f0 f i libucrtd:argv_parsing.obj
 0001:000049f0       ??$?RU__crt_multibyte_data@@@__crt_internal_free_policy@@QEBAXQEBU__crt_multibyte_data@@@Z 00000001800059f0 f i libucrtd:mbctype.obj
 0001:000049f0       ??$?RU__crt_lowio_handle_data@@@__crt_internal_free_policy@@QEBAXQEBU__crt_lowio_handle_data@@@Z 00000001800059f0 f i libucrtd:osfinfo.obj
 0001:000049f0       ??$?RU__vcrt_ptd@@@__crt_internal_free_policy@@QEBAXQEBU__vcrt_ptd@@@Z 00000001800059f0 f i libvcruntimed:per_thread_data.obj
 0001:00004a20       ??0?$__crt_unique_heap_ptr@DU__crt_internal_free_policy@@@@QEAA@QEAD@Z 0000000180005a20 f i libvcruntimed:std_type_info.obj
 0001:00004a20       ??0?$__crt_unique_heap_ptr@U__vcrt_ptd@@U__crt_internal_free_policy@@@@QEAA@QEAU__vcrt_ptd@@@Z 0000000180005a20 f i libvcruntimed:per_thread_data.obj
 0001:00004a20       ??0?$string_output_adapter@D@__crt_stdio_output@@QEAA@QEAU?$string_output_adapter_context@D@1@@Z 0000000180005a20 f i libucrtd:output.obj
 0001:00004a20       ??0__crt_stdio_stream@@QEAA@QEAU__crt_stdio_stream_data@@@Z 0000000180005a20 f i libucrtd:fflush.obj
 0001:00004a20       ??0?$__crt_unique_heap_ptr@U__crt_multibyte_data@@U__crt_internal_free_policy@@@@QEAA@QEAU__crt_multibyte_data@@@Z 0000000180005a20 f i libucrtd:mbctype.obj
 0001:00004a20       ??0?$__crt_scoped_stack_ptr_tag@_W@@QEAA@QEA_W@Z 0000000180005a20 f i libucrtd:getstringtypea.obj
 0001:00004a20       ??0?$__crt_scoped_stack_ptr@_W@@QEAA@U?$__crt_scoped_stack_ptr_tag@_W@@@Z 0000000180005a20 f i libucrtd:getstringtypea.obj
 0001:00004a20       ??0?$__crt_unique_handle_t@U__crt_findfile_traits@@@@QEAA@QEAX@Z 0000000180005a20 f i libucrtd:argv_wildcards.obj
 0001:00004a20       ??0?$string_output_adapter@_W@__crt_stdio_output@@QEAA@QEAU?$string_output_adapter_context@_W@1@@Z 0000000180005a20 f i libucrtd:output.obj
 0001:00004a20       ??0?$__crt_unique_heap_ptr@PEAU__crt_stdio_stream_data@@U__crt_internal_free_policy@@@@QEAA@QEAPEAU__crt_stdio_stream_data@@@Z 0000000180005a20 f i libucrtd:_file.obj
 0001:00004a20       ??0?$__crt_unique_heap_ptr@EU__crt_internal_free_policy@@@@QEAA@QEAE@Z 0000000180005a20 f i libucrtd:argv_parsing.obj
 0001:00004a20       ??0?$__crt_unique_heap_ptr@U__acrt_ptd@@U__crt_internal_free_policy@@@@QEAA@QEAU__acrt_ptd@@@Z 0000000180005a20 f i libucrtd:per_thread_data.obj
 0001:00004a20       ??0?$__crt_unique_handle_t@U__crt_hmodule_traits@@@@QEAA@QEAUHINSTANCE__@@@Z 0000000180005a20 f i libucrtd:exit.obj
 0001:00004a20       ??0?$__crt_unique_heap_ptr@PEADU__crt_internal_free_policy@@@@QEAA@QEAPEAD@Z 0000000180005a20 f i libucrtd:argv_parsing.obj
 0001:00004a20       ??0__crt_stdio_stream@@QEAA@QEAU_iobuf@@@Z 0000000180005a20 f i libucrtd:output.obj
 0001:00004a20       ??0?$__crt_unique_heap_ptr@U__crt_lowio_handle_data@@U__crt_internal_free_policy@@@@QEAA@QEAU__crt_lowio_handle_data@@@Z 0000000180005a20 f i libucrtd:osfinfo.obj
 0001:00004a20       ??0?$__crt_unique_heap_ptr@DU__crt_public_free_policy@@@@QEAA@QEAD@Z 0000000180005a20 f i libvcruntimed:std_exception.obj
 0001:00004a40       ??1?$__crt_unique_heap_ptr@U__vcrt_ptd@@U__crt_internal_free_policy@@@@QEAA@XZ 0000000180005a40 f i libvcruntimed:per_thread_data.obj
 0001:00004a40       ??1?$__crt_unique_heap_ptr@U__acrt_ptd@@U__crt_internal_free_policy@@@@QEAA@XZ 0000000180005a40 f i libucrtd:per_thread_data.obj
 0001:00004a40       ??1?$__crt_unique_heap_ptr@PEAU__crt_stdio_stream_data@@U__crt_internal_free_policy@@@@QEAA@XZ 0000000180005a40 f i libucrtd:_file.obj
 0001:00004a40       ??1?$__crt_unique_heap_ptr@PEADU__crt_internal_free_policy@@@@QEAA@XZ 0000000180005a40 f i libucrtd:argv_parsing.obj
 0001:00004a40       ??1?$__crt_unique_heap_ptr@U__crt_multibyte_data@@U__crt_internal_free_policy@@@@QEAA@XZ 0000000180005a40 f i libucrtd:mbctype.obj
 0001:00004a40       ??1?$__crt_unique_heap_ptr@DU__crt_internal_free_policy@@@@QEAA@XZ 0000000180005a40 f i libvcruntimed:std_type_info.obj
 0001:00004a40       ??1?$__crt_unique_heap_ptr@U__crt_lowio_handle_data@@U__crt_internal_free_policy@@@@QEAA@XZ 0000000180005a40 f i libucrtd:osfinfo.obj
 0001:00004a40       ??1?$__crt_unique_heap_ptr@EU__crt_internal_free_policy@@@@QEAA@XZ 0000000180005a40 f i libucrtd:argv_parsing.obj
 0001:00004a60       ??B?$__crt_unique_heap_ptr@U__vcrt_ptd@@U__crt_internal_free_policy@@@@QEBA_NXZ 0000000180005a60 f i libvcruntimed:per_thread_data.obj
 0001:00004a60       ??B?$__crt_unique_heap_ptr@U__crt_lowio_handle_data@@U__crt_internal_free_policy@@@@QEBA_NXZ 0000000180005a60 f i libucrtd:osfinfo.obj
 0001:00004a60       ??B?$__crt_unique_heap_ptr@DU__crt_internal_free_policy@@@@QEBA_NXZ 0000000180005a60 f i libvcruntimed:std_type_info.obj
 0001:00004a60       ??B?$__crt_unique_heap_ptr@U__acrt_ptd@@U__crt_internal_free_policy@@@@QEBA_NXZ 0000000180005a60 f i libucrtd:per_thread_data.obj
 0001:00004a60       ??B?$__crt_unique_heap_ptr@DU__crt_public_free_policy@@@@QEBA_NXZ 0000000180005a60 f i libvcruntimed:std_exception.obj
 0001:00004a60       ??B?$__crt_unique_heap_ptr@U__crt_multibyte_data@@U__crt_internal_free_policy@@@@QEBA_NXZ 0000000180005a60 f i libucrtd:mbctype.obj
 0001:00004a60       ??B?$__crt_unique_heap_ptr@EU__crt_internal_free_policy@@@@QEBA_NXZ 0000000180005a60 f i libucrtd:argv_parsing.obj
 0001:00004a80       ?get@?$__crt_unique_handle_t@U__crt_hmodule_traits@@@@QEBAPEAUHINSTANCE__@@XZ 0000000180005a80 f i libucrtd:exit.obj
 0001:00004a80       ?public_stream@__crt_stdio_stream@@QEBAPEAU_iobuf@@XZ 0000000180005a80 f i libucrtd:output.obj
 0001:00004a80       ?get@?$__crt_unique_heap_ptr@DU__crt_internal_free_policy@@@@QEBAPEADXZ 0000000180005a80 f i libvcruntimed:std_type_info.obj
 0001:00004a80       ?get@?$__crt_unique_heap_ptr@U__acrt_ptd@@U__crt_internal_free_policy@@@@QEBAPEAU__acrt_ptd@@XZ 0000000180005a80 f i libucrtd:per_thread_data.obj
 0001:00004a80       ?get@?$__crt_unique_heap_ptr@EU__crt_internal_free_policy@@@@QEBAPEAEXZ 0000000180005a80 f i libucrtd:argv_parsing.obj
 0001:00004a80       ?get@?$__crt_unique_heap_ptr@PEADU__crt_internal_free_policy@@@@QEBAPEAPEADXZ 0000000180005a80 f i libucrtd:argv_parsing.obj
 0001:00004a80       ?save_state@?$c_string_character_source@D@__crt_strtox@@QEBAPEBDXZ 0000000180005a80 f i libucrtd:atox.obj
 0001:00004a80       ?get@?$__crt_unique_heap_ptr@U__vcrt_ptd@@U__crt_internal_free_policy@@@@QEBAPEAU__vcrt_ptd@@XZ 0000000180005a80 f i libvcruntimed:per_thread_data.obj
 0001:00004a80       ?get@?$__crt_unique_heap_ptr@U__crt_lowio_handle_data@@U__crt_internal_free_policy@@@@QEBAPEAU__crt_lowio_handle_data@@XZ 0000000180005a80 f i libucrtd:osfinfo.obj
 0001:00004a80       ?get@?$__crt_unique_heap_ptr@U__crt_multibyte_data@@U__crt_internal_free_policy@@@@QEBAPEAU__crt_multibyte_data@@XZ 0000000180005a80 f i libucrtd:mbctype.obj
 0001:00004a80       ?get@?$__crt_scoped_stack_ptr@_W@@QEBAPEA_WXZ 0000000180005a80 f i libucrtd:getstringtypea.obj
 0001:00004a80       ??C__crt_stdio_stream@@QEBAPEAU__crt_stdio_stream_data@@XZ 0000000180005a80 f i libucrtd:output.obj
 0001:00004a80       ?get@?$__crt_unique_handle_t@U__crt_findfile_traits@@@@QEBAPEAXXZ 0000000180005a80 f i libucrtd:argv_wildcards.obj
 0001:00004a80       ?save_state@?$c_string_character_source@_W@__crt_strtox@@QEBAPEB_WXZ 0000000180005a80 f i libucrtd:atox.obj
 0001:00004a80       ?get@?$__crt_unique_heap_ptr@DU__crt_public_free_policy@@@@QEBAPEADXZ 0000000180005a80 f i libvcruntimed:std_exception.obj
 0001:00004a90       ?is_valid@?$__crt_unique_heap_ptr@EU__crt_internal_free_policy@@@@QEBA_NXZ 0000000180005a90 f i libucrtd:argv_parsing.obj
 0001:00004a90       ?is_valid@?$__crt_unique_heap_ptr@U__crt_lowio_handle_data@@U__crt_internal_free_policy@@@@QEBA_NXZ 0000000180005a90 f i libucrtd:osfinfo.obj
 0001:00004a90       ?valid@__crt_stdio_stream@@QEBA_NXZ 0000000180005a90 f i libucrtd:output.obj
 0001:00004a90       ?is_valid@?$__crt_unique_heap_ptr@U__acrt_ptd@@U__crt_internal_free_policy@@@@QEBA_NXZ 0000000180005a90 f i libucrtd:per_thread_data.obj
 0001:00004a90       ?is_valid@?$__crt_unique_heap_ptr@DU__crt_public_free_policy@@@@QEBA_NXZ 0000000180005a90 f i libvcruntimed:std_exception.obj
 0001:00004a90       ?is_valid@?$__crt_unique_heap_ptr@DU__crt_internal_free_policy@@@@QEBA_NXZ 0000000180005a90 f i libvcruntimed:std_type_info.obj
 0001:00004a90       ?is_valid@?$__crt_unique_heap_ptr@U__crt_multibyte_data@@U__crt_internal_free_policy@@@@QEBA_NXZ 0000000180005a90 f i libucrtd:mbctype.obj
 0001:00004a90       ??B?$__crt_scoped_stack_ptr@_W@@QEBA_NXZ 0000000180005a90 f i libucrtd:lcmapstringa.obj
 0001:00004a90       ?is_valid@?$__crt_unique_heap_ptr@U__vcrt_ptd@@U__crt_internal_free_policy@@@@QEBA_NXZ 0000000180005a90 f i libvcruntimed:per_thread_data.obj
 0001:00004ac0       ?release@?$__crt_unique_heap_ptr@PEADU__crt_internal_free_policy@@@@QEAAXXZ 0000000180005ac0 f i libucrtd:argv_parsing.obj
 0001:00004ac0       ?release@?$__crt_unique_heap_ptr@EU__crt_internal_free_policy@@@@QEAAXXZ 0000000180005ac0 f i libucrtd:argv_parsing.obj
 0001:00004ac0       ?release@?$__crt_unique_heap_ptr@U__crt_lowio_handle_data@@U__crt_internal_free_policy@@@@QEAAXXZ 0000000180005ac0 f i libucrtd:osfinfo.obj
 0001:00004ac0       ?release@?$__crt_unique_heap_ptr@DU__crt_internal_free_policy@@@@QEAAXXZ 0000000180005ac0 f i libvcruntimed:std_type_info.obj
 0001:00004ac0       ?release@?$__crt_unique_heap_ptr@U__vcrt_ptd@@U__crt_internal_free_policy@@@@QEAAXXZ 0000000180005ac0 f i libvcruntimed:per_thread_data.obj
 0001:00004ac0       ?release@?$__crt_unique_heap_ptr@PEAU__crt_stdio_stream_data@@U__crt_internal_free_policy@@@@QEAAXXZ 0000000180005ac0 f i libucrtd:_file.obj
 0001:00004ac0       ?release@?$__crt_unique_heap_ptr@U__acrt_ptd@@U__crt_internal_free_policy@@@@QEAAXXZ 0000000180005ac0 f i libucrtd:per_thread_data.obj
 0001:00004ac0       ?release@?$__crt_unique_heap_ptr@U__crt_multibyte_data@@U__crt_internal_free_policy@@@@QEAAXXZ 0000000180005ac0 f i libucrtd:mbctype.obj
 0001:00004af0       __std_type_info_compare    0000000180005af0 f   libvcruntimed:std_type_info.obj
 0001:00004b30       __std_type_info_destroy_list 0000000180005b30 f   libvcruntimed:std_type_info.obj
 0001:00004b90       __vcrt_initialize          0000000180005b90 f   libvcruntimed:initialization.obj
 0001:00004bd0       __vcrt_thread_attach       0000000180005bd0 f   libvcruntimed:initialization.obj
 0001:00004bf0       __vcrt_thread_detach       0000000180005bf0 f   libvcruntimed:initialization.obj
 0001:00004c10       __vcrt_uninitialize        0000000180005c10 f   libvcruntimed:initialization.obj
 0001:00004c30       __vcrt_uninitialize_critical 0000000180005c30 f   libvcruntimed:initialization.obj
 0001:00004c50       __DestructExceptionObject  0000000180005c50 f   libvcruntimed:ehhelpers.obj
 0001:00004d50       ?_CallMemberFunction0@@YAXQEAX0@Z 0000000180005d50 f i libvcruntimed:ehhelpers.obj
 0001:00004e20       _IsExceptionObjectToBeDestroyed 0000000180005e20 f   libvcruntimed:ehhelpers.obj
 0001:00004e70       __AdjustPointer            0000000180005e70 f   libvcruntimed:ehhelpers.obj
 0001:00004ef0       __FrameUnwindFilter        0000000180005ef0 f   libvcruntimed:ehhelpers.obj
 0001:00004fb0       _NLG_Notify                0000000180005fb0 f   libvcruntimed:notify.obj
 0001:00004fd0       __NLG_Dispatch2            0000000180005fd0 f   libvcruntimed:notify.obj
 0001:00004fe0       __NLG_Return2              0000000180005fe0 f   libvcruntimed:notify.obj
 0001:00004ff0       __except_validate_context_record 0000000180005ff0 f   libvcruntimed:jbcxrval.obj
 0001:00005050       _vsprintf_s_l              0000000180006050 f i libvcruntimed:undname.obj
 0001:000050c0       sprintf_s                  00000001800060c0 f i libvcruntimed:undname.obj
 0001:00005160       ?detach@?$__crt_unique_heap_ptr@DU__crt_public_free_policy@@@@QEAAPEADXZ 0000000180006160 f i libvcruntimed:std_exception.obj
 0001:00005160       ?detach@?$__crt_unique_heap_ptr@PEAU__crt_stdio_stream_data@@U__crt_internal_free_policy@@@@QEAAPEAPEAU__crt_stdio_stream_data@@XZ 0000000180006160 f i libucrtd:_file.obj
 0001:00005160       ?detach@?$__crt_unique_heap_ptr@U__crt_lowio_handle_data@@U__crt_internal_free_policy@@@@QEAAPEAU__crt_lowio_handle_data@@XZ 0000000180006160 f i libucrtd:osfinfo.obj
 0001:00005160       ?detach@?$__crt_unique_heap_ptr@EU__crt_internal_free_policy@@@@QEAAPEAEXZ 0000000180006160 f i libucrtd:argv_parsing.obj
 0001:00005160       ?detach@?$__crt_unique_heap_ptr@U__vcrt_ptd@@U__crt_internal_free_policy@@@@QEAAPEAU__vcrt_ptd@@XZ 0000000180006160 f i libvcruntimed:per_thread_data.obj
 0001:00005160       ?detach@?$__crt_unique_heap_ptr@U__crt_multibyte_data@@U__crt_internal_free_policy@@@@QEAAPEAU__crt_multibyte_data@@XZ 0000000180006160 f i libucrtd:mbctype.obj
 0001:00005160       ?detach@?$__crt_unique_heap_ptr@U__acrt_ptd@@U__crt_internal_free_policy@@@@QEAAPEAU__acrt_ptd@@XZ 0000000180006160 f i libucrtd:per_thread_data.obj
 0001:00005160       ?detach@?$__crt_unique_heap_ptr@PEADU__crt_internal_free_policy@@@@QEAAPEAPEADXZ 0000000180006160 f i libucrtd:argv_parsing.obj
 0001:000051d0       __vcrt_freefls             00000001800061d0 f   libvcruntimed:per_thread_data.obj
 0001:00005210       __vcrt_freeptd             0000000180006210 f   libvcruntimed:per_thread_data.obj
 0001:00005270       __vcrt_getptd              0000000180006270 f   libvcruntimed:per_thread_data.obj
 0001:000052a0       __vcrt_getptd_noexit       00000001800062a0 f   libvcruntimed:per_thread_data.obj
 0001:00005440       __vcrt_initialize_ptd      0000000180006440 f   libvcruntimed:per_thread_data.obj
 0001:00005490       __vcrt_uninitialize_ptd    0000000180006490 f   libvcruntimed:per_thread_data.obj
 0001:000054c0       __vcrt_initialize_locks    00000001800064c0 f   libvcruntimed:locks.obj
 0001:00005530       __vcrt_uninitialize_locks  0000000180006530 f   libvcruntimed:locks.obj
 0001:000055a0       memcpy_repmovs             00000001800065a0 f   libvcruntimed:memcpy.obj
 0001:000055c0       memmove                    00000001800065c0 f   libvcruntimed:memcpy.obj
 0001:000055c0       memcpy                     00000001800065c0 f   libvcruntimed:memcpy.obj
 0001:000059a0       ??$?0AEAViterator@TryBlockMap@__FrameHandler3@@AEAV012@$0A@@?$pair@Viterator@TryBlockMap@__FrameHandler3@@V123@@std@@QEAA@AEAViterator@TryBlockMap@__FrameHandler3@@0@Z 00000001800069a0 f i libvcruntimed:risctrnsctrl.obj
 0001:00005ab0       ??$_CallSETranslator@V__FrameHandler3@@@@YAHPEAUEHExceptionRecord@@PEA_KPEAU_CONTEXT@@PEAU_xDISPATCHER_CONTEXT@@PEBU_s_FuncInfo@@K1@Z 0000000180006ab0 f i libvcruntimed:risctrnsctrl.obj
 0001:00005b40       ?get_address_of@?$__crt_unique_handle_t@U__crt_hmodule_traits@@@@QEAAPEAPEAUHINSTANCE__@@XZ 0000000180006b40 f i libucrtd:exit.obj
 0001:00005b40       ?dangerous_get_state_array@?$dual_state_global@PEAE@__crt_state_management@@QEAAPEAPEAEXZ 0000000180006b40 f i libucrtd:mbctype.obj
 0001:00005b40       ?dangerous_get_state_array@?$dual_state_global@PEAU__crt_locale_data@@@__crt_state_management@@QEAAPEAPEAU__crt_locale_data@@XZ 0000000180006b40 f i libucrtd:per_thread_data.obj
 0001:00005b40       ??$forward@AEAViterator@TryBlockMap@__FrameHandler3@@@std@@YAAEAViterator@TryBlockMap@__FrameHandler3@@AEAV123@@Z 0000000180006b40 f i libvcruntimed:risctrnsctrl.obj
 0001:00005b40       ?debug_info@?$__crt_win32_buffer@DU__crt_win32_buffer_no_resizing@@@@QEBAAEBV__crt_win32_buffer_empty_debug_info@@XZ 0000000180006b40 f i libucrtd:getmodulefilenamea.obj
 0001:00005b40       ?debug_info@?$__crt_win32_buffer@_WU__crt_win32_buffer_internal_dynamic_resizing@@@@QEBAAEBV__crt_win32_buffer_empty_debug_info@@XZ 0000000180006b40 f i libucrtd:argv_wildcards.obj
 0001:00005b40       ?debug_info@?$__crt_win32_buffer@DU__crt_win32_buffer_internal_dynamic_resizing@@@@QEBAAEBV__crt_win32_buffer_empty_debug_info@@XZ 0000000180006b40 f i libucrtd:argv_wildcards.obj
 0001:00005b40       ?get_address_of@?$__crt_unique_heap_ptr@PEADU__crt_internal_free_policy@@@@QEAAPEAPEAPEADXZ 0000000180006b40 f i libucrtd:argv_parsing.obj
 0001:00005b40       ?dangerous_get_state_array@?$dual_state_global@P6AXPEB_W00I_K@Z@__crt_state_management@@QEAAPEAP6AXPEB_W00I_K@ZXZ 0000000180006b40 f i libucrtd:invalid_parameter.obj
 0001:00005b40       ?dangerous_get_state_array@?$dual_state_global@PEAU__crt_multibyte_data@@@__crt_state_management@@QEAAPEAPEAU__crt_multibyte_data@@XZ 0000000180006b40 f i libucrtd:mbctype.obj
 0001:00005b50       ??0iterator@TryBlockMap@__FrameHandler3@@QEAA@AEAV12@I@Z 0000000180006b50 f i libvcruntimed:risctrnsctrl.obj
 0001:00005b50       ??0iterator@HandlerMap@__FrameHandler3@@QEAA@AEAV12@I@Z 0000000180006b50 f i libvcruntimed:frame.obj
 0001:00005b80       ?CatchTryBlock@__FrameHandler3@@SAPEBU_s_TryBlockMapEntry@@PEBU_s_FuncInfo@@H@Z 0000000180006b80 f   libvcruntimed:risctrnsctrl.obj
 0001:00005c10       ?ExecutionInCatch@__FrameHandler3@@SA_NPEAU_xDISPATCHER_CONTEXT@@PEBU_s_FuncInfo@@@Z 0000000180006c10 f   libvcruntimed:risctrnsctrl.obj
 0001:00005c60       ?FrameUnwindToEmptyState@__FrameHandler3@@SAXPEA_KPEAU_xDISPATCHER_CONTEXT@@PEBU_s_FuncInfo@@@Z 0000000180006c60 f   libvcruntimed:risctrnsctrl.obj
 0001:00005d00       ?GetEstablisherFrame@__FrameHandler3@@SAPEA_KPEA_KPEAU_xDISPATCHER_CONTEXT@@PEBU_s_FuncInfo@@0@Z 0000000180006d00 f   libvcruntimed:risctrnsctrl.obj
 0001:00005e70       ?GetRangeOfTrysToCheck@__FrameHandler3@@SA?AU?$pair@Viterator@TryBlockMap@__FrameHandler3@@V123@@std@@AEAVTryBlockMap@1@HPEAU_xDISPATCHER_CONTEXT@@PEBU_s_FuncInfo@@H@Z 0000000180006e70 f   libvcruntimed:risctrnsctrl.obj
 0001:000060b0       ?UnwindNestedFrames@__FrameHandler3@@SAXPEA_KPEAUEHExceptionRecord@@PEAU_CONTEXT@@0PEAXPEBU_s_FuncInfo@@HHPEBU_s_HandlerType@@PEAU_xDISPATCHER_CONTEXT@@E@Z 00000001800070b0 f   libvcruntimed:risctrnsctrl.obj
 0001:00006220       _CreateFrameInfo           0000000180007220 f   libvcruntimed:risctrnsctrl.obj
 0001:00006290       _FindAndUnlinkFrame        0000000180007290 f   libvcruntimed:risctrnsctrl.obj
 0001:00006310       _GetImageBase              0000000180007310 f   libvcruntimed:risctrnsctrl.obj
 0001:00006330       _GetThrowImageBase         0000000180007330 f   libvcruntimed:risctrnsctrl.obj
 0001:00006350       _SetImageBase              0000000180007350 f   libvcruntimed:risctrnsctrl.obj
 0001:00006370       _SetThrowImageBase         0000000180007370 f   libvcruntimed:risctrnsctrl.obj
 0001:00006390       __CxxFrameHandler3         0000000180007390 f   libvcruntimed:risctrnsctrl.obj
 0001:00006470       ??$__crt_interlocked_exchange_pointer@XPEAX@@YAPEAXPEDSEAXQEAX@Z 0000000180007470 f i libvcruntimed:winapi_downlevel.obj
 0001:00006470       ??$__crt_interlocked_exchange_pointer@UHINSTANCE__@@PEAX@@YAPEAUHINSTANCE__@@PEDSEAU0@QEAX@Z 0000000180007470 f i libvcruntimed:winapi_downlevel.obj
 0001:00006470       ??$__crt_interlocked_exchange_pointer@UHINSTANCE__@@PEAU1@@@YAPEAUHINSTANCE__@@PEDSEAU0@QEAU0@@Z 0000000180007470 f i libvcruntimed:winapi_downlevel.obj
 0001:00006490       ?get_invalid_value@__crt_findfile_traits@@SAPEAXXZ 0000000180007490 f   libucrtd:argv_wildcards.obj
 0001:00006980       __vcrt_FlsAlloc            0000000180007980 f   libvcruntimed:winapi_downlevel.obj
 0001:000069d0       __vcrt_FlsFree             00000001800079d0 f   libvcruntimed:winapi_downlevel.obj
 0001:00006a20       __vcrt_FlsGetValue         0000000180007a20 f   libvcruntimed:winapi_downlevel.obj
 0001:00006a70       __vcrt_FlsSetValue         0000000180007a70 f   libvcruntimed:winapi_downlevel.obj
 0001:00006ad0       __vcrt_InitializeCriticalSectionEx 0000000180007ad0 f   libvcruntimed:winapi_downlevel.obj
 0001:00006b40       ?GetCurrentState@__FrameHandler3@@SAHPEA_KPEAU_xDISPATCHER_CONTEXT@@PEBU_s_FuncInfo@@@Z 0000000180007b40 f   libvcruntimed:ehstate.obj
 0001:00006ba0       ?GetUnwindTryBlock@__FrameHandler3@@SAHPEA_KPEAU_xDISPATCHER_CONTEXT@@PEBU_s_FuncInfo@@@Z 0000000180007ba0 f   libvcruntimed:ehstate.obj
 0001:00006bf0       ?SetState@__FrameHandler3@@SAXPEA_KPEBU_s_FuncInfo@@H@Z 0000000180007bf0 f   libvcruntimed:ehstate.obj
 0001:00006c20       ?SetUnwindTryBlock@__FrameHandler3@@SAXPEA_KPEAU_xDISPATCHER_CONTEXT@@PEBU_s_FuncInfo@@H@Z 0000000180007c20 f   libvcruntimed:ehstate.obj
 0001:00006c90       ?StateFromControlPc@__FrameHandler3@@SAHPEBU_s_FuncInfo@@PEAU_xDISPATCHER_CONTEXT@@@Z 0000000180007c90 f   libvcruntimed:ehstate.obj
 0001:00006cd0       ?StateFromIp@__FrameHandler3@@SAHPEBU_s_FuncInfo@@PEAU_xDISPATCHER_CONTEXT@@_K@Z 0000000180007cd0 f   libvcruntimed:ehstate.obj
 0001:00006dc0       ?__RVAtoRealOffset@@YA_KPEAU_xDISPATCHER_CONTEXT@@H@Z 0000000180007dc0 f i libvcruntimed:ehstate.obj
 0001:00007f90       ??$TypeMatchHelper@V__FrameHandler3@@@@YAHPEBU_s_HandlerType@@PEBU_s_CatchableType@@PEBU_s_ThrowInfo@@@Z 0000000180008f90 f i libvcruntimed:frame.obj
 0001:00008190       ??$__InternalCxxFrameHandler@V__FrameHandler3@@@@YA?AW4_EXCEPTION_DISPOSITION@@PEAUEHExceptionRecord@@PEA_KPEAU_CONTEXT@@PEAU_xDISPATCHER_CONTEXT@@PEBU_s_FuncInfo@@H1E@Z 0000000180009190 f i libvcruntimed:frame.obj
 0001:00008600       ??0HandlerMap@__FrameHandler3@@QEAA@PEBU_s_TryBlockMapEntry@@_KI@Z 0000000180009600 f i libvcruntimed:frame.obj
 0001:00008650       ??0TryBlockMap@__FrameHandler3@@QEAA@PEBU_s_FuncInfo@@_K@Z 0000000180009650 f i libvcruntimed:frame.obj
 0001:00008680       ??0bad_exception@std@@QEAA@AEBV01@@Z 0000000180009680 f i libvcruntimed:frame.obj
 0001:000086c0       ??0bad_exception@std@@QEAA@XZ 00000001800096c0 f i libvcruntimed:frame.obj
 0001:00008700       ??0exception@std@@QEAA@AEBV01@@Z 0000000180009700 f i libvcruntimed:frame.obj
 0001:00008760       ??0exception@std@@QEAA@QEBDH@Z 0000000180009760 f i libvcruntimed:frame.obj
 0001:000087b0       ??1bad_exception@std@@UEAA@XZ 00000001800097b0 f i libvcruntimed:frame.obj
 0001:000087d0       ??1exception@std@@UEAA@XZ  00000001800097d0 f i libvcruntimed:frame.obj
 0001:00008800       ??8iterator@HandlerMap@__FrameHandler3@@QEBA_NAEBV012@@Z 0000000180009800 f i libvcruntimed:frame.obj
 0001:00008840       ??8type_info@@QEBA_NAEBV0@@Z 0000000180009840 f i libvcruntimed:frame.obj
 0001:00008890       ??9iterator@HandlerMap@__FrameHandler3@@QEBA_NAEBV012@@Z 0000000180009890 f i libvcruntimed:frame.obj
 0001:000088d0       ??Diterator@HandlerMap@__FrameHandler3@@QEAA?BU_s_HandlerType@@XZ 00000001800098d0 f i libvcruntimed:frame.obj
 0001:00008910       ??Diterator@TryBlockMap@__FrameHandler3@@QEAA?BU_s_TryBlockMapEntry@@XZ 0000000180009910 f i libvcruntimed:frame.obj
 0001:00008960       ??Eiterator@TryBlockMap@__FrameHandler3@@QEAAAEAV012@XZ 0000000180009960 f i libvcruntimed:frame.obj
 0001:00008960       ??Eiterator@HandlerMap@__FrameHandler3@@QEAAAEAV012@XZ 0000000180009960 f i libvcruntimed:frame.obj
 0001:00008980       ??Miterator@TryBlockMap@__FrameHandler3@@QEBA_NAEBV012@@Z 0000000180009980 f i libvcruntimed:frame.obj
 0001:000089c0       ??_Ebad_exception@std@@UEAAPEAXI@Z 00000001800099c0 f i libvcruntimed:frame.obj
 0001:000089c0       ??_Gbad_exception@std@@UEAAPEAXI@Z 00000001800099c0 f i libvcruntimed:frame.obj
 0001:00008a00       ??_Eexception@std@@UEAAPEAXI@Z 0000000180009a00 f i libvcruntimed:frame.obj
 0001:00008a00       ??_Gexception@std@@UEAAPEAXI@Z 0000000180009a00 f i libvcruntimed:frame.obj
 0001:00008a40       ?BuildCatchObject@__FrameHandler3@@SAXPEAUEHExceptionRecord@@PEAXPEBU_s_HandlerType@@PEBU_s_CatchableType@@@Z 0000000180009a40 f   libvcruntimed:frame.obj
 0001:00008a80       ?CxxCallCatchBlock@__FrameHandler3@@SAPEAXPEAU_EXCEPTION_RECORD@@@Z 0000000180009a80 f   libvcruntimed:frame.obj
 0001:00008de0       ?FrameUnwindToState@__FrameHandler3@@SAXPEA_KPEAU_xDISPATCHER_CONTEXT@@PEBU_s_FuncInfo@@H@Z 0000000180009de0 f   libvcruntimed:frame.obj
 0001:00009030       ?GetHandlerSearchState@__FrameHandler3@@SAHPEA_KPEAU_xDISPATCHER_CONTEXT@@PEBU_s_FuncInfo@@@Z 000000018000a030 f i libvcruntimed:frame.obj
 0001:000090e0       ?GetMaxState@__FrameHandler3@@SAHPEAU_xDISPATCHER_CONTEXT@@PEBU_s_FuncInfo@@@Z 000000018000a0e0 f i libvcruntimed:frame.obj
 0001:000092e0       __TypeMatch                000000018000a2e0 f   libvcruntimed:frame.obj
 0001:000092e0       ?TypeMatch@__FrameHandler3@@SAHPEBU_s_HandlerType@@PEBU_s_CatchableType@@PEBU_s_ThrowInfo@@@Z 000000018000a2e0 f   libvcruntimed:frame.obj
 0001:00009310       ?_CallMemberFunction1@@YAXQEAX00@Z 000000018000a310 f i libvcruntimed:frame.obj
 0001:00009350       ?_CallMemberFunction2@@YAXQEAX00H@Z 000000018000a350 f i libvcruntimed:frame.obj
 0001:000093e0       ?begin@HandlerMap@__FrameHandler3@@QEAA?AViterator@12@XZ 000000018000a3e0 f i libvcruntimed:frame.obj
 0001:00009410       ?end@HandlerMap@__FrameHandler3@@QEAA?AViterator@12@XZ 000000018000a410 f i libvcruntimed:frame.obj
 0001:00009440       ?getESTypes@__FrameHandler3@@SAPEBU_s_ESTypeList@@PEBU_s_FuncInfo@@@Z 000000018000a440 f i libvcruntimed:frame.obj
 0001:00009480       ?getLastEntry@HandlerMap@__FrameHandler3@@QEAAPEBU_s_HandlerType@@XZ 000000018000a480 f i libvcruntimed:frame.obj
 0001:000094a0       ?getMagicNum@__FrameHandler3@@SAIPEBU_s_FuncInfo@@@Z 000000018000a4a0 f i libvcruntimed:frame.obj
 0001:000094c0       ?getNumTryBlocks@TryBlockMap@__FrameHandler3@@QEAAIXZ 000000018000a4c0 f i libvcruntimed:frame.obj
 0001:000094e0       ?isEHs@__FrameHandler3@@SA_NPEBU_s_FuncInfo@@@Z 000000018000a4e0 f i libvcruntimed:frame.obj
 0001:00009520       ?isNoExcept@__FrameHandler3@@SA_NPEBU_s_FuncInfo@@@Z 000000018000a520 f i libvcruntimed:frame.obj
 0001:00009560       ?what@exception@std@@UEBAPEBDXZ 000000018000a560 f i libvcruntimed:frame.obj
 0001:000095a0       __vcrt_EncodePointer       000000018000a5a0 f i libvcruntimed:frame.obj
 0001:000095d0       memset_repmovs             000000018000a5d0 f   libvcruntimed:memset.obj
 0001:000095f0       memset                     000000018000a5f0 f   libvcruntimed:memset.obj
 0001:00009790       _CallSettingFrame          000000018000a790 f   libvcruntimed:handlers.obj
 0001:000097e0       _CallSettingFrame_LookupContinuationIndex 000000018000a7e0 f   libvcruntimed:handlers.obj
 0001:00009810       _CallSettingFrame_NotifyContinuationAddr 000000018000a810 f   libvcruntimed:handlers.obj
 0001:00009840       _CallSettingFrameEncoded   000000018000a840 f   libvcruntimed:handlers.obj
 0001:00009890       ??$?RD@__crt_public_free_policy@@QEBAXQEBD@Z 000000018000a890 f i libvcruntimed:std_exception.obj
 0001:000098b0       ??1?$__crt_unique_heap_ptr@DU__crt_public_free_policy@@@@QEAA@XZ 000000018000a8b0 f i libvcruntimed:std_exception.obj
 0001:000098d0       ?release@?$__crt_unique_heap_ptr@DU__crt_public_free_policy@@@@QEAAXXZ 000000018000a8d0 f i libvcruntimed:std_exception.obj
 0001:00009900       __std_exception_copy       000000018000a900 f   libvcruntimed:std_exception.obj
 0001:00009a40       __std_exception_destroy    000000018000aa40 f   libvcruntimed:std_exception.obj
 0001:00009a80       _CxxThrowException         000000018000aa80 f   libvcruntimed:throw.obj
 0001:00009bb0       roundf                     000000018000abb0 f   libucrtd:roundf.obj
 0001:00009c40       _initterm                  000000018000ac40 f   libucrtd:initterm.obj
 0001:00009ca0       _initterm_e                000000018000aca0 f   libucrtd:initterm.obj
 0001:00009d90       _seh_filter_dll            000000018000ad90 f   libucrtd:exception_filter.obj
 0001:00009dc0       _seh_filter_exe            000000018000adc0 f   libucrtd:exception_filter.obj
 0001:0000a060       ??$?BP6AXXZ@__crt_fast_encoded_nullptr_t@@QEBAPEAP6AXXZXZ 000000018000b060 f i libucrtd:onexit.obj
 0001:0000a060       ??$?B$$A6AXXZ@__crt_fast_encoded_nullptr_t@@QEBAP6AXXZXZ 000000018000b060 f i libucrtd:onexit.obj
 0001:0000a060       ??$?BX@__crt_fast_encoded_nullptr_t@@QEBAPEAXXZ 000000018000b060 f i libucrtd:initialization.obj
 0001:0000a060       ??$?B$$A6AXPEAXK0@Z@__crt_fast_encoded_nullptr_t@@QEBAP6AXPEAXK0@ZXZ 000000018000b060 f i libucrtd:exit.obj
 0001:0000a060       ??$?B$$A6AXH@Z@__crt_fast_encoded_nullptr_t@@QEBAP6AXH@ZXZ 000000018000b060 f i libucrtd:signal.obj
 0001:0000a110       ??$__crt_fast_decode_pointer@P6AHPEAU_exception@@@Z@@YAP6AHPEAU_exception@@@ZQ6AH0@Z@Z 000000018000b110 f i libucrtd:matherr.obj
 0001:0000a110       ??$__crt_fast_decode_pointer@PEAX@@YAPEAXQEAX@Z 000000018000b110 f i libucrtd:winapi_thunks.obj
 0001:0000a110       ??$__crt_fast_decode_pointer@P6AXPEB_W00I_K@Z@@YAP6AXPEB_W00I_K@ZQ6AX000I1@Z@Z 000000018000b110 f i libucrtd:invalid_parameter.obj
 0001:0000a110       ??$__crt_fast_decode_pointer@P6AXH@Z@@YAP6AXH@ZQ6AXH@Z@Z 000000018000b110 f i libucrtd:signal.obj
 0001:0000a110       ??$__crt_fast_decode_pointer@P6AH_K@Z@@YAP6AH_K@ZQ6AH0@Z@Z 000000018000b110 f i libucrtd:new_handler.obj
 0001:0000a110       ??$__crt_fast_decode_pointer@P6AXPEAXK0@Z@@YAP6AXPEAXK0@ZQ6AX0K0@Z@Z 000000018000b110 f i libucrtd:exit.obj
 0001:0000a110       ??$__crt_fast_decode_pointer@PEAP6AXXZ@@YAPEAP6AXXZQEAP6AXXZ@Z 000000018000b110 f i libucrtd:onexit.obj
 0001:0000a110       ??$__crt_fast_decode_pointer@P6AXXZ@@YAP6AXXZQ6AXXZ@Z 000000018000b110 f i libucrtd:onexit.obj
 0001:0000a150       ??$__crt_fast_encode_pointer@PEAP6AXXZ@@YAPEAP6AXXZQEAP6AXXZ@Z 000000018000b150 f i libucrtd:onexit.obj
 0001:0000a150       ??$__crt_fast_encode_pointer@P6AXPEAXK0@Z@@YAP6AXPEAXK0@ZQ6AX0K0@Z@Z 000000018000b150 f i libucrtd:exit.obj
 0001:0000a150       ??$__crt_fast_encode_pointer@P6AXXZ@@YAP6AXXZQ6AXXZ@Z 000000018000b150 f i libucrtd:onexit.obj
 0001:0000a150       ??$__crt_fast_encode_pointer@P6AXH@Z@@YAP6AXH@ZQ6AXH@Z@Z 000000018000b150 f i libucrtd:signal.obj
 0001:0000a150       ??$__crt_fast_encode_pointer@PEAX@@YAPEAXQEAX@Z 000000018000b150 f i libucrtd:initialization.obj
 0001:0000a190       ??$__crt_get_proc_address@P6AXI@Z@@YAP6AXI@ZQEAUHINSTANCE__@@QEBD@Z 000000018000b190 f i libucrtd:exit.obj
 0001:0000a1c0       ??$__crt_interlocked_read@J@@YAJPEDJ@Z 000000018000b1c0 f i libucrtd:exit.obj
 0001:0000a250       ??1?$__crt_unique_handle_t@U__crt_hmodule_traits@@@@QEAA@XZ 000000018000b250 f i libucrtd:exit.obj
 0001:0000a3b0       ?__acrt_select_exit_lock@@YA?AW4__acrt_lock_id@@XZ 000000018000b3b0 f i libucrtd:exit.obj
 0001:0000a3c0       ?__crt_fast_encode_pointer@@YA?AU__crt_fast_encoded_nullptr_t@@$$T@Z 000000018000b3c0 f i libucrtd:exit.obj
 0001:0000a3e0       ?__crt_interlocked_read_32@@YAHPEDH@Z 000000018000b3e0 f i libucrtd:exit.obj
 0001:0000a400       ?__crt_rotate_pointer_value@@YA_K_KH@Z 000000018000b400 f i libucrtd:exit.obj
 0001:0000a440       ?close@?$__crt_unique_handle_t@U__crt_hmodule_traits@@@@QEAAXXZ 000000018000b440 f i libucrtd:exit.obj
 0001:0000a480       ?close@__crt_hmodule_traits@@SA_NPEAUHINSTANCE__@@@Z 000000018000b480 f i libucrtd:exit.obj
 0001:0000a590       ?get_invalid_value@__crt_hmodule_traits@@SAPEAUHINSTANCE__@@XZ 000000018000b590 f i libucrtd:exit.obj
 0001:0000a590       ?get_current_state_index@__crt_state_management@@YA_KXZ 000000018000b590 f i libucrtd:environment_initialization.obj
 0001:0000a750       __acrt_initialize_thread_local_exit_callback 000000018000b750 f   libucrtd:exit.obj
 0001:0000a770       _cexit                     000000018000b770 f   libucrtd:exit.obj
 0001:0000a790       _exit                      000000018000b790 f   libucrtd:exit.obj
 0001:0000a7b0       _is_c_termination_complete 000000018000b7b0 f   libucrtd:exit.obj
 0001:0000ab60       ??$get_module_file_name@$$TAEAY0BAF@DH@?$__crt_char_traits@D@@SAK$$QEA$$TAEAY0BAF@D$$QEAH@Z 000000018000bb60 f i libucrtd:argv_parsing.obj
 0001:0000ab60       ??$get_module_file_name@AEAPEAUHINSTANCE__@@AEAY0BAF@DK@?$__crt_char_traits@D@@SAKAEAPEAUHINSTANCE__@@AEAY0BAF@D$$QEAK@Z 000000018000bb60 f i libucrtd:dbgrpt.obj
 0001:0000b030       ??$set_program_name@PEAD@?$__crt_char_traits@D@@SAX$$QEAPEAD@Z 000000018000c030 f i libucrtd:argv_parsing.obj
 0001:0000b160       __acrt_allocate_buffer_for_argv 000000018000c160 f   libucrtd:argv_parsing.obj
 0001:0000b280       _configure_narrow_argv     000000018000c280 f   libucrtd:argv_parsing.obj
 0001:0000b2a0       _set_pgmptr                000000018000c2a0 f i libucrtd:argv_parsing.obj
 0001:0000b4d0       ??$tcslen@AEAPEAD@?$__crt_char_traits@D@@SA_KAEAPEAD@Z 000000018000c4d0 f i libucrtd:environment_initialization.obj
 0001:0000b51c       ??B?$__crt_unique_heap_ptr@PEADU__crt_internal_free_policy@@@@QEBA_NXZ 000000018000c51c f i libucrtd:environment_initialization.obj
 0001:0000b524       ?detach@?$__crt_unique_heap_ptr@DU__crt_internal_free_policy@@@@QEAAPEADXZ 000000018000c524 f i libucrtd:environment_initialization.obj
 0001:0000b52c       __dcrt_uninitialize_environments_nolock 000000018000c52c f   libucrtd:environment_initialization.obj
 0001:0000b564       _initialize_narrow_environment 000000018000c564 f   libucrtd:environment_initialization.obj
 0001:0000b56c       _invoke_watson_if_error    000000018000c56c f i libucrtd:environment_initialization.obj
 0001:0000b870       _execute_onexit_table      000000018000c870 f   libucrtd:onexit.obj
 0001:0000b8b0       _initialize_onexit_table   000000018000c8b0 f   libucrtd:onexit.obj
 0001:0000b980       __acrt_uninitialize_command_line 000000018000c980 f   libucrtd:argv_data.obj
 0001:0000bbf0       ?initialize@?$dual_state_global@P6AH_K@Z@__crt_state_management@@QEAAXQ6AH_K@Z@Z 000000018000cbf0 f i libucrtd:new_handler.obj
 0001:0000bbf0       ?initialize@?$dual_state_global@P6AHPEAU_exception@@@Z@__crt_state_management@@QEAAXQ6AHPEAU_exception@@@Z@Z 000000018000cbf0 f i libucrtd:matherr.obj
 0001:0000bbf0       ?initialize@?$dual_state_global@PEAU__crt_locale_data@@@__crt_state_management@@QEAAXQEAU__crt_locale_data@@@Z 000000018000cbf0 f i libucrtd:initialization.obj
 0001:0000bbf0       ?initialize@?$dual_state_global@P6AXH@Z@__crt_state_management@@QEAAXQ6AXH@Z@Z 000000018000cbf0 f i libucrtd:signal.obj
 0001:0000bbf0       ?initialize@?$dual_state_global@PEAU__crt_multibyte_data@@@__crt_state_management@@QEAAXQEAU__crt_multibyte_data@@@Z 000000018000cbf0 f i libucrtd:mbctype.obj
 0001:0000bc40       __acrt_initialize          000000018000cc40 f   libucrtd:initialization.obj
 0001:0000bc70       __acrt_thread_attach       000000018000cc70 f   libucrtd:initialization.obj
 0001:0000bc90       __acrt_thread_detach       000000018000cc90 f   libucrtd:initialization.obj
 0001:0000bca0       __acrt_uninitialize        000000018000cca0 f   libucrtd:initialization.obj
 0001:0000bcd0       __acrt_uninitialize_critical 000000018000ccd0 f   libucrtd:initialization.obj
 0001:0000bcf0       terminate                  000000018000ccf0 f   libucrtd:terminate.obj
 0001:0000bd30       ??0_LocaleUpdate@@QEAA@QEAU__crt_locale_pointers@@@Z 000000018000cd30 f i libucrtd:debug_heap.obj
 0001:0000be50       ??1_LocaleUpdate@@QEAA@XZ  000000018000ce50 f i libucrtd:debug_heap.obj
 0001:0000be90       ?GetLocaleT@_LocaleUpdate@@QEAAPEAU__crt_locale_pointers@@XZ 000000018000ce90 f i libucrtd:debug_heap.obj
 0001:0000de70       _CrtCheckMemory            000000018000ee70 f   libucrtd:debug_heap.obj
 0001:0000e000       _CrtDumpMemoryLeaks        000000018000f000 f   libucrtd:debug_heap.obj
 0001:0000e0c0       _CrtIsValidHeapPointer     000000018000f0c0 f   libucrtd:debug_heap.obj
 0001:0000e100       _CrtIsValidPointer         000000018000f100 f   libucrtd:debug_heap.obj
 0001:0000e140       _CrtMemCheckpoint          000000018000f140 f   libucrtd:debug_heap.obj
 0001:0000e3c0       _CrtMemDumpAllObjectsSince 000000018000f3c0 f   libucrtd:debug_heap.obj
 0001:0000e420       _CrtSetDbgFlag             000000018000f420 f   libucrtd:debug_heap.obj
 0001:0000e580       _CrtSetDumpClient          000000018000f580 f   libucrtd:debug_heap.obj
 0001:0000e5b0       __acrt_get_locale_data_prefix 000000018000f5b0 f i libucrtd:debug_heap.obj
 0001:0000e5d0       __acrt_locale_changed      000000018000f5d0 f i libucrtd:debug_heap.obj
 0001:0000e600       _calloc_dbg                000000018000f600 f   libucrtd:debug_heap.obj
 0001:0000e6a0       _chvalidchk_l              000000018000f6a0 f i libucrtd:debug_heap.obj
 0001:0000e6d0       _free_dbg                  000000018000f6d0 f   libucrtd:debug_heap.obj
 0001:0000e740       _invoke_watson_if_oneof    000000018000f740 f i libucrtd:debug_heap.obj
 0001:0000e7a0       _ischartype_l              000000018000f7a0 f i libucrtd:debug_heap.obj
 0001:0000e830       _malloc_dbg                000000018000f830 f   libucrtd:debug_heap.obj
 0001:0000e870       _msize_dbg                 000000018000f870 f   libucrtd:debug_heap.obj
 0001:0000ea10       _realloc_dbg               000000018000fa10 f   libucrtd:debug_heap.obj
 0001:0000ea80       _recalloc_dbg              000000018000fa80 f   libucrtd:debug_heap.obj
 0001:0000f050       strcpy_s                   0000000180010050 f   libucrtd:strcpy_s.obj
 0001:0000f090       strcmp                     0000000180010090 f   libucrtd:strcmp.obj
 0001:0000f110       strlen                     0000000180010110 f   libucrtd:strlen.obj
 0001:0000f1c0       abort                      00000001800101c0 f   libucrtd:abort.obj
 0001:0000f240       ??$?0AEBV?$string_output_adapter@D@__crt_stdio_output@@AEB_KAEBQEBDAEBQEAU__crt_locale_pointers@@AEBQEAD@?$format_validation_base@DV?$string_output_adapter@D@__crt_stdio_output@@@__crt_stdio_output@@IEAA@AEBV?$string_output_adapter@D@1@AEB_KAEBQEBDAEBQEAU__crt_locale_pointers@@AEBQEAD@Z 0000000180010240 f i libucrtd:output.obj
 0001:0000f290       ??$?0AEBV?$string_output_adapter@D@__crt_stdio_output@@AEB_KAEBQEBDAEBQEAU__crt_locale_pointers@@AEBQEAD@?$standard_base@DV?$string_output_adapter@D@__crt_stdio_output@@@__crt_stdio_output@@IEAA@AEBV?$string_output_adapter@D@1@AEB_KAEBQEBDAEBQEAU__crt_locale_pointers@@AEBQEAD@Z 0000000180010290 f i libucrtd:output.obj
 0001:0000f300       ??$?0AEBV?$string_output_adapter@_W@__crt_stdio_output@@AEB_KAEBQEB_WAEBQEAU__crt_locale_pointers@@AEBQEAD@?$format_validation_base@_WV?$string_output_adapter@_W@__crt_stdio_output@@@__crt_stdio_output@@IEAA@AEBV?$string_output_adapter@_W@1@AEB_KAEBQEB_WAEBQEAU__crt_locale_pointers@@AEBQEAD@Z 0000000180010300 f i libucrtd:output.obj
 0001:0000f350       ??$?0AEBV?$string_output_adapter@_W@__crt_stdio_output@@AEB_KAEBQEB_WAEBQEAU__crt_locale_pointers@@AEBQEAD@?$standard_base@_WV?$string_output_adapter@_W@__crt_stdio_output@@@__crt_stdio_output@@IEAA@AEBV?$string_output_adapter@_W@1@AEB_KAEBQEB_WAEBQEAU__crt_locale_pointers@@AEBQEAD@Z 0000000180010350 f i libucrtd:output.obj
 0001:00010cd0       ??$count@D@formatting_buffer@__crt_stdio_output@@QEBA_KXZ 0000000180011cd0 f i libucrtd:output.obj
 0001:00010d20       ??$count@_W@formatting_buffer@__crt_stdio_output@@QEBA_KXZ 0000000180011d20 f i libucrtd:output.obj
 0001:00010d70       ??$data@_W@formatting_buffer@__crt_stdio_output@@QEAAPEA_WXZ 0000000180011d70 f i libucrtd:output.obj
 0001:00010d70       ??$data@D@formatting_buffer@__crt_stdio_output@@QEAAPEADXZ 0000000180011d70 f i libucrtd:output.obj
 0001:00010dc0       ??$ensure_buffer_is_big_enough@D@formatting_buffer@__crt_stdio_output@@QEAA_N_K@Z 0000000180011dc0 f i libucrtd:output.obj
 0001:00010ef0       ??$ensure_buffer_is_big_enough@_W@formatting_buffer@__crt_stdio_output@@QEAA_N_K@Z 0000000180011ef0 f i libucrtd:output.obj
 0001:00011020       ??$extract_argument_from_va_list@C_J@?$standard_base@_WV?$string_output_adapter@_W@__crt_stdio_output@@@__crt_stdio_output@@IEAA_NAEA_J@Z 0000000180012020 f i libucrtd:output.obj
 0001:00011020       ??$extract_argument_from_va_list@C_J@?$standard_base@DV?$string_output_adapter@D@__crt_stdio_output@@@__crt_stdio_output@@IEAA_NAEA_J@Z 0000000180012020 f i libucrtd:output.obj
 0001:00011060       ??$extract_argument_from_va_list@E_J@?$standard_base@_WV?$string_output_adapter@_W@__crt_stdio_output@@@__crt_stdio_output@@IEAA_NAEA_J@Z 0000000180012060 f i libucrtd:output.obj
 0001:00011060       ??$extract_argument_from_va_list@E_J@?$standard_base@DV?$string_output_adapter@D@__crt_stdio_output@@@__crt_stdio_output@@IEAA_NAEA_J@Z 0000000180012060 f i libucrtd:output.obj
 0001:000110a0       ??$extract_argument_from_va_list@F_J@?$standard_base@_WV?$string_output_adapter@_W@__crt_stdio_output@@@__crt_stdio_output@@IEAA_NAEA_J@Z 00000001800120a0 f i libucrtd:output.obj
 0001:000110a0       ??$extract_argument_from_va_list@F_J@?$standard_base@DV?$string_output_adapter@D@__crt_stdio_output@@@__crt_stdio_output@@IEAA_NAEA_J@Z 00000001800120a0 f i libucrtd:output.obj
 0001:000110e0       ??$extract_argument_from_va_list@GD@?$standard_base@DV?$string_output_adapter@D@__crt_stdio_output@@@__crt_stdio_output@@IEAA_NAEAD@Z 00000001800120e0 f i libucrtd:output.obj
 0001:00011110       ??$extract_argument_from_va_list@G_J@?$standard_base@DV?$string_output_adapter@D@__crt_stdio_output@@@__crt_stdio_output@@IEAA_NAEA_J@Z 0000000180012110 f i libucrtd:output.obj
 0001:00011110       ??$extract_argument_from_va_list@G_J@?$standard_base@_WV?$string_output_adapter@_W@__crt_stdio_output@@@__crt_stdio_output@@IEAA_NAEA_J@Z 0000000180012110 f i libucrtd:output.obj
 0001:00011150       ??$extract_argument_from_va_list@H_J@?$standard_base@_WV?$string_output_adapter@_W@__crt_stdio_output@@@__crt_stdio_output@@IEAA_NAEA_J@Z 0000000180012150 f i libucrtd:output.obj
 0001:00011150       ??$extract_argument_from_va_list@H_J@?$standard_base@DV?$string_output_adapter@D@__crt_stdio_output@@@__crt_stdio_output@@IEAA_NAEA_J@Z 0000000180012150 f i libucrtd:output.obj
 0001:00011180       ??$extract_argument_from_va_list@I_J@?$standard_base@DV?$string_output_adapter@D@__crt_stdio_output@@@__crt_stdio_output@@IEAA_NAEA_J@Z 0000000180012180 f i libucrtd:output.obj
 0001:00011180       ??$extract_argument_from_va_list@I_J@?$standard_base@_WV?$string_output_adapter@_W@__crt_stdio_output@@@__crt_stdio_output@@IEAA_NAEA_J@Z 0000000180012180 f i libucrtd:output.obj
 0001:000111b0       ??$extract_argument_from_va_list@_K_J@?$standard_base@DV?$string_output_adapter@D@__crt_stdio_output@@@__crt_stdio_output@@IEAA_NAEA_J@Z 00000001800121b0 f i libucrtd:output.obj
 0001:000111b0       ??$extract_argument_from_va_list@PEADPEAD@?$standard_base@_WV?$string_output_adapter@_W@__crt_stdio_output@@@__crt_stdio_output@@IEAA_NAEAPEAD@Z 00000001800121b0 f i libucrtd:output.obj
 0001:000111b0       ??$extract_argument_from_va_list@_J_J@?$standard_base@DV?$string_output_adapter@D@__crt_stdio_output@@@__crt_stdio_output@@IEAA_NAEA_J@Z 00000001800121b0 f i libucrtd:output.obj
 0001:000111b0       ??$extract_argument_from_va_list@PEAXPEAX@?$standard_base@_WV?$string_output_adapter@_W@__crt_stdio_output@@@__crt_stdio_output@@IEAA_NAEAPEAX@Z 00000001800121b0 f i libucrtd:output.obj
 0001:000111b0       ??$extract_argument_from_va_list@PEADPEAD@?$standard_base@DV?$string_output_adapter@D@__crt_stdio_output@@@__crt_stdio_output@@IEAA_NAEAPEAD@Z 00000001800121b0 f i libucrtd:output.obj
 0001:000111b0       ??$extract_argument_from_va_list@PEAXPEAX@?$standard_base@DV?$string_output_adapter@D@__crt_stdio_output@@@__crt_stdio_output@@IEAA_NAEAPEAX@Z 00000001800121b0 f i libucrtd:output.obj
 0001:000111b0       ??$extract_argument_from_va_list@_K_J@?$standard_base@_WV?$string_output_adapter@_W@__crt_stdio_output@@@__crt_stdio_output@@IEAA_NAEA_J@Z 00000001800121b0 f i libucrtd:output.obj
 0001:000111b0       ??$extract_argument_from_va_list@_J_J@?$standard_base@_WV?$string_output_adapter@_W@__crt_stdio_output@@@__crt_stdio_output@@IEAA_NAEA_J@Z 00000001800121b0 f i libucrtd:output.obj
 0001:00011210       ??$extract_argument_from_va_list@U_CRT_DOUBLE@@U1@@?$standard_base@DV?$string_output_adapter@D@__crt_stdio_output@@@__crt_stdio_output@@IEAA_NAEAU_CRT_DOUBLE@@@Z 0000000180012210 f i libucrtd:output.obj
 0001:00011210       ??$extract_argument_from_va_list@U_CRT_DOUBLE@@U1@@?$standard_base@_WV?$string_output_adapter@_W@__crt_stdio_output@@@__crt_stdio_output@@IEAA_NAEAU_CRT_DOUBLE@@@Z 0000000180012210 f i libucrtd:output.obj
 0001:00011260       ??$extract_argument_from_va_list@_W_W@?$standard_base@DV?$string_output_adapter@D@__crt_stdio_output@@@__crt_stdio_output@@IEAA_NAEA_W@Z 0000000180012260 f i libucrtd:output.obj
 0001:00011260       ??$extract_argument_from_va_list@_W_W@?$standard_base@_WV?$string_output_adapter@_W@__crt_stdio_output@@@__crt_stdio_output@@IEAA_NAEA_W@Z 0000000180012260 f i libucrtd:output.obj
 0001:00011290       ??$is_wide_character_specifier@D@__crt_stdio_output@@YA_N_KDW4length_modifier@0@@Z 0000000180012290 f i libucrtd:output.obj
 0001:00011330       ??$is_wide_character_specifier@_W@__crt_stdio_output@@YA_N_K_WW4length_modifier@0@@Z 0000000180012330 f i libucrtd:output.obj
 0001:00011400       ??$read_va_arg@C@__crt_stdio_output@@YACAEAPEAD@Z 0000000180012400 f i libucrtd:output.obj
 0001:00011400       ??$read_va_arg@E@__crt_stdio_output@@YAEAEAPEAD@Z 0000000180012400 f i libucrtd:output.obj
 0001:00011470       ??$read_va_arg@F@__crt_stdio_output@@YAFAEAPEAD@Z 0000000180012470 f i libucrtd:output.obj
 0001:00011470       ??$read_va_arg@_W@__crt_stdio_output@@YA_WAEAPEAD@Z 0000000180012470 f i libucrtd:output.obj
 0001:00011470       ??$read_va_arg@G@__crt_stdio_output@@YAGAEAPEAD@Z 0000000180012470 f i libucrtd:output.obj
 0001:000114e0       ??$read_va_arg@I@__crt_stdio_output@@YAIAEAPEAD@Z 00000001800124e0 f i libucrtd:output.obj
 0001:000114e0       ??$read_va_arg@H@__crt_stdio_output@@YAHAEAPEAD@Z 00000001800124e0 f i libucrtd:output.obj
 0001:00011540       ??$read_va_arg@PEAD@__crt_stdio_output@@YAPEADAEAPEAD@Z 0000000180012540 f i libucrtd:output.obj
 0001:00011540       ??$read_va_arg@U_CRT_DOUBLE@@@__crt_stdio_output@@YA?AU_CRT_DOUBLE@@AEAPEAD@Z 0000000180012540 f i libucrtd:output.obj
 0001:00011540       ??$read_va_arg@_K@__crt_stdio_output@@YA_KAEAPEAD@Z 0000000180012540 f i libucrtd:output.obj
 0001:00011540       ??$read_va_arg@PEAX@__crt_stdio_output@@YAPEAXAEAPEAD@Z 0000000180012540 f i libucrtd:output.obj
 0001:00011540       ??$read_va_arg@_J@__crt_stdio_output@@YA_JAEAPEAD@Z 0000000180012540 f i libucrtd:output.obj
 0001:00011620       ??$scratch_count@D@formatting_buffer@__crt_stdio_output@@QEBA_KXZ 0000000180012620 f i libucrtd:output.obj
 0001:00011640       ??$scratch_data@D@formatting_buffer@__crt_stdio_output@@QEAAPEADXZ 0000000180012640 f i libucrtd:output.obj
 0001:000116b0       ??$tcstol@PEBDPEAPEADH@?$__crt_char_traits@D@@SAJ$$QEAPEBD$$QEAPEAPEAD$$QEAH@Z 00000001800126b0 f i libucrtd:output.obj
 0001:000116f0       ??$tcstol@PEB_WPEAPEA_WH@?$__crt_char_traits@_W@@SAJ$$QEAPEB_W$$QEAPEAPEA_W$$QEAH@Z 00000001800126f0 f i libucrtd:output.obj
 0001:00011730       ??$type_case_integer_parse_into_buffer@I@?$output_processor@DV?$string_output_adapter@D@__crt_stdio_output@@V?$format_validation_base@DV?$string_output_adapter@D@__crt_stdio_output@@@2@@__crt_stdio_output@@AEAAXII_N@Z 0000000180012730 f i libucrtd:output.obj
 0001:00011860       ??$type_case_integer_parse_into_buffer@I@?$output_processor@_WV?$string_output_adapter@_W@__crt_stdio_output@@V?$format_validation_base@_WV?$string_output_adapter@_W@__crt_stdio_output@@@2@@__crt_stdio_output@@AEAAXII_N@Z 0000000180012860 f i libucrtd:output.obj
 0001:000119a0       ??$type_case_integer_parse_into_buffer@_K@?$output_processor@DV?$string_output_adapter@D@__crt_stdio_output@@V?$format_validation_base@DV?$string_output_adapter@D@__crt_stdio_output@@@2@@__crt_stdio_output@@AEAAX_KI_N@Z 00000001800129a0 f i libucrtd:output.obj
 0001:00011af0       ??$type_case_integer_parse_into_buffer@_K@?$output_processor@_WV?$string_output_adapter@_W@__crt_stdio_output@@V?$format_validation_base@_WV?$string_output_adapter@_W@__crt_stdio_output@@@2@@__crt_stdio_output@@AEAAX_KI_N@Z 0000000180012af0 f i libucrtd:output.obj
 0001:00011c50       ??$write_multiple_characters@V?$string_output_adapter@D@__crt_stdio_output@@D@__crt_stdio_output@@YAXAEBV?$string_output_adapter@D@0@DHQEAH@Z 0000000180012c50 f i libucrtd:output.obj
 0001:00011cb0       ??$write_multiple_characters@V?$string_output_adapter@_W@__crt_stdio_output@@D@__crt_stdio_output@@YAXAEBV?$string_output_adapter@_W@0@DHQEAH@Z 0000000180012cb0 f i libucrtd:output.obj
 0001:00011d10       ??0?$common_data@D@__crt_stdio_output@@IEAA@XZ 0000000180012d10 f i libucrtd:output.obj
 0001:00011de0       ??0?$common_data@_W@__crt_stdio_output@@IEAA@XZ 0000000180012de0 f i libucrtd:output.obj
 0001:00011eb0       ??0?$output_adapter_data@DV?$string_output_adapter@D@__crt_stdio_output@@@__crt_stdio_output@@IEAA@AEBV?$string_output_adapter@D@1@_KQEBDQEAU__crt_locale_pointers@@QEAD@Z 0000000180012eb0 f i libucrtd:output.obj
 0001:00011f30       ??0?$output_adapter_data@_WV?$string_output_adapter@_W@__crt_stdio_output@@@__crt_stdio_output@@IEAA@AEBV?$string_output_adapter@_W@1@_KQEB_WQEAU__crt_locale_pointers@@QEAD@Z 0000000180012f30 f i libucrtd:output.obj
 0001:00011fb0       ??0?$output_processor@DV?$string_output_adapter@D@__crt_stdio_output@@V?$format_validation_base@DV?$string_output_adapter@D@__crt_stdio_output@@@2@@__crt_stdio_output@@QEAA@AEBV?$string_output_adapter@D@1@_KQEBDQEAU__crt_locale_pointers@@QEAD@Z 0000000180012fb0 f i libucrtd:output.obj
 0001:00012000       ??0?$output_processor@_WV?$string_output_adapter@_W@__crt_stdio_output@@V?$format_validation_base@_WV?$string_output_adapter@_W@__crt_stdio_output@@@2@@__crt_stdio_output@@QEAA@AEBV?$string_output_adapter@_W@1@_KQEB_WQEAU__crt_locale_pointers@@QEAD@Z 0000000180013000 f i libucrtd:output.obj
 0001:00012050       ??0__crt_deferred_errno_cache@@QEAA@XZ 0000000180013050 f i libucrtd:output.obj
 0001:00012070       ??0__crt_errno_guard@@QEAA@QEAH@Z 0000000180013070 f i libucrtd:output.obj
 0001:000120b0       ??0formatting_buffer@__crt_stdio_output@@QEAA@XZ 00000001800130b0 f i libucrtd:output.obj
 0001:000120f0       ??1?$common_data@D@__crt_stdio_output@@QEAA@XZ 00000001800130f0 f i libucrtd:output.obj
 0001:000120f0       ??1?$common_data@_W@__crt_stdio_output@@QEAA@XZ 00000001800130f0 f i libucrtd:output.obj
 0001:00012110       ??1?$format_validation_base@DV?$string_output_adapter@D@__crt_stdio_output@@@__crt_stdio_output@@QEAA@XZ 0000000180013110 f i libucrtd:output.obj
 0001:00012110       ??1?$format_validation_base@_WV?$string_output_adapter@_W@__crt_stdio_output@@@__crt_stdio_output@@QEAA@XZ 0000000180013110 f i libucrtd:output.obj
 0001:00012130       ??1?$output_adapter_data@DV?$string_output_adapter@D@__crt_stdio_output@@@__crt_stdio_output@@QEAA@XZ 0000000180013130 f i libucrtd:output.obj
 0001:00012130       ??1?$output_adapter_data@_WV?$string_output_adapter@_W@__crt_stdio_output@@@__crt_stdio_output@@QEAA@XZ 0000000180013130 f i libucrtd:output.obj
 0001:00012150       ??1?$output_processor@DV?$string_output_adapter@D@__crt_stdio_output@@V?$format_validation_base@DV?$string_output_adapter@D@__crt_stdio_output@@@2@@__crt_stdio_output@@QEAA@XZ 0000000180013150 f i libucrtd:output.obj
 0001:00012150       ??1?$output_processor@_WV?$string_output_adapter@_W@__crt_stdio_output@@V?$format_validation_base@_WV?$string_output_adapter@_W@__crt_stdio_output@@@2@@__crt_stdio_output@@QEAA@XZ 0000000180013150 f i libucrtd:output.obj
 0001:00012170       ??1?$standard_base@DV?$string_output_adapter@D@__crt_stdio_output@@@__crt_stdio_output@@QEAA@XZ 0000000180013170 f i libucrtd:output.obj
 0001:00012170       ??1?$standard_base@_WV?$string_output_adapter@_W@__crt_stdio_output@@@__crt_stdio_output@@QEAA@XZ 0000000180013170 f i libucrtd:output.obj
 0001:00012190       ??1__crt_errno_guard@@QEAA@XZ 0000000180013190 f i libucrtd:output.obj
 0001:000121c0       ??1formatting_buffer@__crt_stdio_output@@QEAA@XZ 00000001800131c0 f i libucrtd:output.obj
 0001:000121f0       ??4?$__crt_unique_heap_ptr@DU__crt_internal_free_policy@@@@QEAAAEAV0@$$QEAV0@@Z 00000001800131f0 f i libucrtd:output.obj
 0001:00012230       ?adjust_hexit@?$output_processor@_WV?$string_output_adapter@_W@__crt_stdio_output@@V?$format_validation_base@_WV?$string_output_adapter@_W@__crt_stdio_output@@@2@@__crt_stdio_output@@CADH_N@Z 0000000180013230 f i libucrtd:output.obj
 0001:00012230       ?adjust_hexit@?$output_processor@DV?$string_output_adapter@D@__crt_stdio_output@@V?$format_validation_base@DV?$string_output_adapter@D@__crt_stdio_output@@@2@@__crt_stdio_output@@CADH_N@Z 0000000180013230 f i libucrtd:output.obj
 0001:00012280       ?advance_to_next_pass@?$standard_base@DV?$string_output_adapter@D@__crt_stdio_output@@@__crt_stdio_output@@IEAA_NXZ 0000000180013280 f i libucrtd:output.obj
 0001:00012280       ?advance_to_next_pass@?$standard_base@_WV?$string_output_adapter@_W@__crt_stdio_output@@@__crt_stdio_output@@IEAA_NXZ 0000000180013280 f i libucrtd:output.obj
 0001:000122d0       ?crop_zeroes@__crt_stdio_output@@YAXPEADQEAU__crt_locale_pointers@@@Z 00000001800132d0 f i libucrtd:output.obj
 0001:00012410       ?find_next_state@?$output_processor@DV?$string_output_adapter@D@__crt_stdio_output@@V?$format_validation_base@DV?$string_output_adapter@D@__crt_stdio_output@@@2@@__crt_stdio_output@@AEBA?AW4state@2@DW432@@Z 0000000180013410 f i libucrtd:output.obj
 0001:000124b0       ?find_next_state@?$output_processor@_WV?$string_output_adapter@_W@__crt_stdio_output@@V?$format_validation_base@_WV?$string_output_adapter@_W@__crt_stdio_output@@@2@@__crt_stdio_output@@AEBA?AW4state@2@_WW432@@Z 00000001800134b0 f i libucrtd:output.obj
 0001:00012550       ?force_decimal_point@__crt_stdio_output@@YAXPEADQEAU__crt_locale_pointers@@@Z 0000000180013550 f i libucrtd:output.obj
 0001:00012650       ?get@__crt_deferred_errno_cache@@QEAAAEAHXZ 0000000180013650 f i libucrtd:output.obj
 0001:00012680       ?get_flags@__crt_stdio_stream@@QEBAJXZ 0000000180013680 f i libucrtd:output.obj
 0001:000126b0       ?has_flag@?$output_processor@_WV?$string_output_adapter@_W@__crt_stdio_output@@V?$format_validation_base@_WV?$string_output_adapter@_W@__crt_stdio_output@@@2@@__crt_stdio_output@@AEBA_NI@Z 00000001800136b0 f i libucrtd:output.obj
 0001:000126b0       ?has_flag@?$output_processor@DV?$string_output_adapter@D@__crt_stdio_output@@V?$format_validation_base@DV?$string_output_adapter@D@__crt_stdio_output@@@2@@__crt_stdio_output@@AEBA_NI@Z 00000001800136b0 f i libucrtd:output.obj
 0001:000126f0       ?is_string_backed@__crt_stdio_stream@@QEBA_NXZ 00000001800136f0 f i libucrtd:output.obj
 0001:00012730       ?narrow_null_string@?$output_processor@DV?$string_output_adapter@D@__crt_stdio_output@@V?$format_validation_base@DV?$string_output_adapter@D@__crt_stdio_output@@@2@@__crt_stdio_output@@CAPEADXZ 0000000180013730 f i libucrtd:output.obj
 0001:00012730       ?narrow_null_string@?$output_processor@_WV?$string_output_adapter@_W@__crt_stdio_output@@V?$format_validation_base@_WV?$string_output_adapter@_W@__crt_stdio_output@@@2@@__crt_stdio_output@@CAPEADXZ 0000000180013730 f i libucrtd:output.obj
 0001:00012740       ?parse_int_from_format_string@?$output_processor@DV?$string_output_adapter@D@__crt_stdio_output@@V?$format_validation_base@DV?$string_output_adapter@D@__crt_stdio_output@@@2@@__crt_stdio_output@@AEAA_NQEAH@Z 0000000180013740 f i libucrtd:output.obj
 0001:00012830       ?parse_int_from_format_string@?$output_processor@_WV?$string_output_adapter@_W@__crt_stdio_output@@V?$format_validation_base@_WV?$string_output_adapter@_W@__crt_stdio_output@@@2@@__crt_stdio_output@@AEAA_NQEAH@Z 0000000180013830 f i libucrtd:output.obj
 0001:00012920       ?process@?$output_processor@DV?$string_output_adapter@D@__crt_stdio_output@@V?$format_validation_base@DV?$string_output_adapter@D@__crt_stdio_output@@@2@@__crt_stdio_output@@QEAAHXZ 0000000180013920 f i libucrtd:output.obj
 0001:00012c80       ?process@?$output_processor@_WV?$string_output_adapter@_W@__crt_stdio_output@@V?$format_validation_base@_WV?$string_output_adapter@_W@__crt_stdio_output@@@2@@__crt_stdio_output@@QEAAHXZ 0000000180013c80 f i libucrtd:output.obj
 0001:00012fe0       ?set_flag@?$output_processor@DV?$string_output_adapter@D@__crt_stdio_output@@V?$format_validation_base@DV?$string_output_adapter@D@__crt_stdio_output@@@2@@__crt_stdio_output@@AEAAXI@Z 0000000180013fe0 f i libucrtd:output.obj
 0001:00012fe0       ?set_flag@?$output_processor@_WV?$string_output_adapter@_W@__crt_stdio_output@@V?$format_validation_base@_WV?$string_output_adapter@_W@__crt_stdio_output@@@2@@__crt_stdio_output@@AEAAXI@Z 0000000180013fe0 f i libucrtd:output.obj
 0001:00013000       ?should_format@?$standard_base@_WV?$string_output_adapter@_W@__crt_stdio_output@@@__crt_stdio_output@@IEAA_NXZ 0000000180014000 f i libucrtd:output.obj
 0001:00013000       ?validate_state_for_type_case_a@?$standard_base@_WV?$string_output_adapter@_W@__crt_stdio_output@@@__crt_stdio_output@@IEBA_NXZ 0000000180014000 f i libucrtd:output.obj
 0001:00013000       ?validate_and_update_state_at_beginning_of_format_character@?$standard_base@_WV?$string_output_adapter@_W@__crt_stdio_output@@@__crt_stdio_output@@IEAA_NXZ 0000000180014000 f i libucrtd:output.obj
 0001:00013000       ?should_format@?$standard_base@DV?$string_output_adapter@D@__crt_stdio_output@@@__crt_stdio_output@@IEAA_NXZ 0000000180014000 f i libucrtd:output.obj
 0001:00013000       ?validate_and_update_state_at_beginning_of_format_character@?$standard_base@DV?$string_output_adapter@D@__crt_stdio_output@@@__crt_stdio_output@@IEAA_NXZ 0000000180014000 f i libucrtd:output.obj
 0001:00013000       ?validate_state_for_type_case_a@?$standard_base@DV?$string_output_adapter@D@__crt_stdio_output@@@__crt_stdio_output@@IEBA_NXZ 0000000180014000 f i libucrtd:output.obj
 0001:00013010       ?should_skip_type_state_output@?$standard_base@_WV?$string_output_adapter@_W@__crt_stdio_output@@@__crt_stdio_output@@IEBA_NXZ 0000000180014010 f i libucrtd:output.obj
 0001:00013010       ?should_skip_normal_state_processing@?$standard_base@DV?$string_output_adapter@D@__crt_stdio_output@@@__crt_stdio_output@@IEAA_NXZ 0000000180014010 f i libucrtd:output.obj
 0001:00013010       ?should_skip_normal_state_processing@?$standard_base@_WV?$string_output_adapter@_W@__crt_stdio_output@@@__crt_stdio_output@@IEAA_NXZ 0000000180014010 f i libucrtd:output.obj
 0001:00013010       ?should_skip_type_state_output@?$standard_base@DV?$string_output_adapter@D@__crt_stdio_output@@@__crt_stdio_output@@IEBA_NXZ 0000000180014010 f i libucrtd:output.obj
 0001:00013020       ?state_case_dot@?$output_processor@_WV?$string_output_adapter@_W@__crt_stdio_output@@V?$format_validation_base@_WV?$string_output_adapter@_W@__crt_stdio_output@@@2@@__crt_stdio_output@@AEAA_NXZ 0000000180014020 f i libucrtd:output.obj
 0001:00013020       ?state_case_dot@?$output_processor@DV?$string_output_adapter@D@__crt_stdio_output@@V?$format_validation_base@DV?$string_output_adapter@D@__crt_stdio_output@@@2@@__crt_stdio_output@@AEAA_NXZ 0000000180014020 f i libucrtd:output.obj
 0001:00013040       ?state_case_flag@?$output_processor@DV?$string_output_adapter@D@__crt_stdio_output@@V?$format_validation_base@DV?$string_output_adapter@D@__crt_stdio_output@@@2@@__crt_stdio_output@@AEAA_NXZ 0000000180014040 f i libucrtd:output.obj
 0001:000130e0       ?state_case_flag@?$output_processor@_WV?$string_output_adapter@_W@__crt_stdio_output@@V?$format_validation_base@_WV?$string_output_adapter@_W@__crt_stdio_output@@@2@@__crt_stdio_output@@AEAA_NXZ 00000001800140e0 f i libucrtd:output.obj
 0001:00013180       ?state_case_normal@?$output_processor@DV?$string_output_adapter@D@__crt_stdio_output@@V?$format_validation_base@DV?$string_output_adapter@D@__crt_stdio_output@@@2@@__crt_stdio_output@@AEAA_NXZ 0000000180014180 f i libucrtd:output.obj
 0001:00013260       ?state_case_normal@?$output_processor@_WV?$string_output_adapter@_W@__crt_stdio_output@@V?$format_validation_base@_WV?$string_output_adapter@_W@__crt_stdio_output@@@2@@__crt_stdio_output@@AEAA_NXZ 0000000180014260 f i libucrtd:output.obj
 0001:00013340       ?state_case_normal_common@?$output_processor@DV?$string_output_adapter@D@__crt_stdio_output@@V?$format_validation_base@DV?$string_output_adapter@D@__crt_stdio_output@@@2@@__crt_stdio_output@@AEAA_NXZ 0000000180014340 f i libucrtd:output.obj
 0001:00013390       ?state_case_normal_common@?$output_processor@_WV?$string_output_adapter@_W@__crt_stdio_output@@V?$format_validation_base@_WV?$string_output_adapter@_W@__crt_stdio_output@@@2@@__crt_stdio_output@@AEAA_NXZ 0000000180014390 f i libucrtd:output.obj
 0001:000133e0       ?state_case_normal_tchar@?$output_processor@DV?$string_output_adapter@D@__crt_stdio_output@@V?$format_validation_base@DV?$string_output_adapter@D@__crt_stdio_output@@@2@@__crt_stdio_output@@AEAA_ND@Z 00000001800143e0 f i libucrtd:output.obj
 0001:00013520       ?state_case_normal_tchar@?$output_processor@_WV?$string_output_adapter@_W@__crt_stdio_output@@V?$format_validation_base@_WV?$string_output_adapter@_W@__crt_stdio_output@@@2@@__crt_stdio_output@@AEAA_N_W@Z 0000000180014520 f i libucrtd:output.obj
 0001:00013540       ?state_case_percent@?$output_processor@DV?$string_output_adapter@D@__crt_stdio_output@@V?$format_validation_base@DV?$string_output_adapter@D@__crt_stdio_output@@@2@@__crt_stdio_output@@AEAA_NXZ 0000000180014540 f i libucrtd:output.obj
 0001:00013540       ?state_case_percent@?$output_processor@_WV?$string_output_adapter@_W@__crt_stdio_output@@V?$format_validation_base@_WV?$string_output_adapter@_W@__crt_stdio_output@@@2@@__crt_stdio_output@@AEAA_NXZ 0000000180014540 f i libucrtd:output.obj
 0001:00013590       ?state_case_precision@?$output_processor@DV?$string_output_adapter@D@__crt_stdio_output@@V?$format_validation_base@DV?$string_output_adapter@D@__crt_stdio_output@@@2@@__crt_stdio_output@@AEAA_NXZ 0000000180014590 f i libucrtd:output.obj
 0001:00013610       ?state_case_precision@?$output_processor@_WV?$string_output_adapter@_W@__crt_stdio_output@@V?$format_validation_base@_WV?$string_output_adapter@_W@__crt_stdio_output@@@2@@__crt_stdio_output@@AEAA_NXZ 0000000180014610 f i libucrtd:output.obj
 0001:00013690       ?state_case_size@?$output_processor@DV?$string_output_adapter@D@__crt_stdio_output@@V?$format_validation_base@DV?$string_output_adapter@D@__crt_stdio_output@@@2@@__crt_stdio_output@@AEAA_NXZ 0000000180014690 f i libucrtd:output.obj
 0001:00013b10       ?state_case_size@?$output_processor@_WV?$string_output_adapter@_W@__crt_stdio_output@@V?$format_validation_base@_WV?$string_output_adapter@_W@__crt_stdio_output@@@2@@__crt_stdio_output@@AEAA_NXZ 0000000180014b10 f i libucrtd:output.obj
 0001:00013f90       ?state_case_type@?$output_processor@DV?$string_output_adapter@D@__crt_stdio_output@@V?$format_validation_base@DV?$string_output_adapter@D@__crt_stdio_output@@@2@@__crt_stdio_output@@AEAA_NXZ 0000000180014f90 f i libucrtd:output.obj
 0001:00014430       ?state_case_type@?$output_processor@_WV?$string_output_adapter@_W@__crt_stdio_output@@V?$format_validation_base@_WV?$string_output_adapter@_W@__crt_stdio_output@@@2@@__crt_stdio_output@@AEAA_NXZ 0000000180015430 f i libucrtd:output.obj
 0001:00014990       ?state_case_width@?$output_processor@DV?$string_output_adapter@D@__crt_stdio_output@@V?$format_validation_base@DV?$string_output_adapter@D@__crt_stdio_output@@@2@@__crt_stdio_output@@AEAA_NXZ 0000000180015990 f i libucrtd:output.obj
 0001:00014a20       ?state_case_width@?$output_processor@_WV?$string_output_adapter@_W@__crt_stdio_output@@V?$format_validation_base@_WV?$string_output_adapter@_W@__crt_stdio_output@@@2@@__crt_stdio_output@@AEAA_NXZ 0000000180015a20 f i libucrtd:output.obj
 0001:00014ab0       ?state_count@?$format_validation_base@DV?$string_output_adapter@D@__crt_stdio_output@@@__crt_stdio_output@@KAIXZ 0000000180015ab0 f i libucrtd:output.obj
 0001:00014ab0       ?state_count@?$format_validation_base@_WV?$string_output_adapter@_W@__crt_stdio_output@@@__crt_stdio_output@@KAIXZ 0000000180015ab0 f i libucrtd:output.obj
 0001:00014ac0       ?state_transition_table@?$format_validation_base@_WV?$string_output_adapter@_W@__crt_stdio_output@@@__crt_stdio_output@@KAPEBEXZ 0000000180015ac0 f i libucrtd:output.obj
 0001:00014ac0       ?state_transition_table@?$format_validation_base@DV?$string_output_adapter@D@__crt_stdio_output@@@__crt_stdio_output@@KAPEBEXZ 0000000180015ac0 f i libucrtd:output.obj
 0001:00014ad0       ?tchar_string@?$common_data@D@__crt_stdio_output@@IEAAAEAPEADD@Z 0000000180015ad0 f i libucrtd:output.obj
 0001:00014af0       ?tchar_string@?$common_data@D@__crt_stdio_output@@IEAAAEAPEADXZ 0000000180015af0 f i libucrtd:output.obj
 0001:00014b10       ?tchar_string@?$common_data@_W@__crt_stdio_output@@IEAAAEAPEA_WXZ 0000000180015b10 f i libucrtd:output.obj
 0001:00014b30       ?tchar_string@?$common_data@_W@__crt_stdio_output@@IEAAAEAPEA_W_W@Z 0000000180015b30 f i libucrtd:output.obj
 0001:00014b50       ?to_integer_size@__crt_stdio_output@@YA_KW4length_modifier@1@@Z 0000000180015b50 f i libucrtd:output.obj
 0001:00014c00       ?type_case_X@?$output_processor@DV?$string_output_adapter@D@__crt_stdio_output@@V?$format_validation_base@DV?$string_output_adapter@D@__crt_stdio_output@@@2@@__crt_stdio_output@@AEAA_NXZ 0000000180015c00 f i libucrtd:output.obj
 0001:00014c20       ?type_case_X@?$output_processor@_WV?$string_output_adapter@_W@__crt_stdio_output@@V?$format_validation_base@_WV?$string_output_adapter@_W@__crt_stdio_output@@@2@@__crt_stdio_output@@AEAA_NXZ 0000000180015c20 f i libucrtd:output.obj
 0001:00014c40       ?type_case_Z@?$output_processor@DV?$string_output_adapter@D@__crt_stdio_output@@V?$format_validation_base@DV?$string_output_adapter@D@__crt_stdio_output@@@2@@__crt_stdio_output@@AEAA_NXZ 0000000180015c40 f i libucrtd:output.obj
 0001:00014d60       ?type_case_Z@?$output_processor@_WV?$string_output_adapter@_W@__crt_stdio_output@@V?$format_validation_base@_WV?$string_output_adapter@_W@__crt_stdio_output@@@2@@__crt_stdio_output@@AEAA_NXZ 0000000180015d60 f i libucrtd:output.obj
 0001:00014e80       ?type_case_a@?$output_processor@DV?$string_output_adapter@D@__crt_stdio_output@@V?$format_validation_base@DV?$string_output_adapter@D@__crt_stdio_output@@@2@@__crt_stdio_output@@AEAA_NXZ 0000000180015e80 f i libucrtd:output.obj
 0001:00015240       ?type_case_a@?$output_processor@_WV?$string_output_adapter@_W@__crt_stdio_output@@V?$format_validation_base@_WV?$string_output_adapter@_W@__crt_stdio_output@@@2@@__crt_stdio_output@@AEAA_NXZ 0000000180016240 f i libucrtd:output.obj
 0001:00015610       ?type_case_c@?$output_processor@DV?$string_output_adapter@D@__crt_stdio_output@@V?$format_validation_base@DV?$string_output_adapter@D@__crt_stdio_output@@@2@@__crt_stdio_output@@AEAA_NXZ 0000000180016610 f i libucrtd:output.obj
 0001:00015630       ?type_case_c@?$output_processor@_WV?$string_output_adapter@_W@__crt_stdio_output@@V?$format_validation_base@_WV?$string_output_adapter@_W@__crt_stdio_output@@@2@@__crt_stdio_output@@AEAA_NXZ 0000000180016630 f i libucrtd:output.obj
 0001:00015650       ?type_case_c_tchar@?$output_processor@DV?$string_output_adapter@D@__crt_stdio_output@@V?$format_validation_base@DV?$string_output_adapter@D@__crt_stdio_output@@@2@@__crt_stdio_output@@AEAA_ND@Z 0000000180016650 f i libucrtd:output.obj
 0001:000157a0       ?type_case_c_tchar@?$output_processor@_WV?$string_output_adapter@_W@__crt_stdio_output@@V?$format_validation_base@_WV?$string_output_adapter@_W@__crt_stdio_output@@@2@@__crt_stdio_output@@AEAA_N_W@Z 00000001800167a0 f i libucrtd:output.obj
 0001:000158d0       ?type_case_d@?$output_processor@DV?$string_output_adapter@D@__crt_stdio_output@@V?$format_validation_base@DV?$string_output_adapter@D@__crt_stdio_output@@@2@@__crt_stdio_output@@AEAA_NXZ 00000001800168d0 f i libucrtd:output.obj
 0001:00015900       ?type_case_d@?$output_processor@_WV?$string_output_adapter@_W@__crt_stdio_output@@V?$format_validation_base@_WV?$string_output_adapter@_W@__crt_stdio_output@@@2@@__crt_stdio_output@@AEAA_NXZ 0000000180016900 f i libucrtd:output.obj
 0001:00015930       ?type_case_integer@?$output_processor@DV?$string_output_adapter@D@__crt_stdio_output@@V?$format_validation_base@DV?$string_output_adapter@D@__crt_stdio_output@@@2@@__crt_stdio_output@@AEAA_NI_N@Z 0000000180016930 f i libucrtd:output.obj
 0001:00015d80       ?type_case_integer@?$output_processor@_WV?$string_output_adapter@_W@__crt_stdio_output@@V?$format_validation_base@_WV?$string_output_adapter@_W@__crt_stdio_output@@@2@@__crt_stdio_output@@AEAA_NI_N@Z 0000000180016d80 f i libucrtd:output.obj
[...]
 0004:00002868       $pdata$?_wcstombs_l_helper@@YA_KPEADPEB_W_KPEAU__crt_locale_pointers@@@Z 0000000180058868     libucrtd:wcstombs.obj
 0004:00002874       $pdata$?wcsncnt@@YA_KPEB_W_K@Z 0000000180058874     libucrtd:wcstombs.obj
 0004:00002880       $pdata$_wcstombs_s_l       0000000180058880     libucrtd:wcstombs.obj
 0004:0000288c       $pdata$wcstombs_s          000000018005888c     libucrtd:wcstombs.obj
 0004:00002898       $pdata$??$common_tcscat_s@D@@YAHQEAD_KQEBD@Z 0000000180058898     libucrtd:strcat_s.obj
 0004:000028a4       $pdata$strcat_s            00000001800588a4     libucrtd:strcat_s.obj
 0004:000028b0       $pdata$__acrt_OutputDebugStringA 00000001800588b0     libucrtd:outputdebugstringa.obj
 0004:000028bc       $pdata$__strncnt           00000001800588bc     libucrtd:strncnt.obj
 0004:000028c8       $pdata$__ascii_wcsnicmp    00000001800588c8     libucrtd:wcsnicmp.obj
 0004:000028d4       $pdata$??$?RV<lambda_4e3dbe6921bc0b5a1a6bc6573fdc859e>@@AEAV<lambda_5533cddd4bda0037814beee657757329>@@V<lambda_47cffbaa968af5c721c38a4a6f8da44d>@@@?$__crt_seh_guarded_call@H@@QEAAH$$QEAV<lambda_4e3dbe6921bc0b5a1a6bc6573fdc859e>@@AEAV<lambda_5533cddd4bda0037814beee657757329>@@$$QEAV<lambda_47cffbaa968af5c721c38a4a6f8da44d>@@@Z 00000001800588d4     libucrtd:commit.obj
 0004:000028e0       $pdata$??$__acrt_lowio_lock_fh_and_call@V<lambda_5533cddd4bda0037814beee657757329>@@@@YAHH$$QEAV<lambda_5533cddd4bda0037814beee657757329>@@@Z 00000001800588e0     libucrtd:commit.obj
 0004:000028ec       $pdata$??R<lambda_8ddc48ad9d26c778cb15812d1d88fc8a>@@QEBAXXZ 00000001800588ec     libucrtd:close.obj
 0004:000028ec       $pdata$??R<lambda_47cffbaa968af5c721c38a4a6f8da44d>@@QEBAXXZ 00000001800588ec     libucrtd:commit.obj
 0004:000028f8       $pdata$??R<lambda_53fc7fc888e23d815d7080162c0aeeb2>@@QEBAXXZ 00000001800588f8     libucrtd:close.obj
 0004:000028f8       $pdata$??R<lambda_4e3dbe6921bc0b5a1a6bc6573fdc859e>@@QEBAXXZ 00000001800588f8     libucrtd:commit.obj
 0004:00002904       $pdata$??R<lambda_5533cddd4bda0037814beee657757329>@@QEBAHXZ 0000000180058904     libucrtd:commit.obj
 0004:00002910       $pdata$_commit             0000000180058910     libucrtd:commit.obj
 0004:0000291c       $pdata$?write_binary_nolock@@YA?AUwrite_result@?A0x17268360@@HQEBDI@Z 000000018005891c     libucrtd:write.obj
 0004:00002928       $pdata$?write_double_translated_ansi_nolock@@YA?AUwrite_result@?A0x17268360@@HQEBDI@Z 0000000180058928     libucrtd:write.obj
 0004:00002934       $pdata$?write_double_translated_unicode_nolock@@YA?AUwrite_result@?A0x17268360@@QEBDI@Z 0000000180058934     libucrtd:write.obj
 0004:00002940       $pdata$?write_requires_double_translation_nolock@@YA_NH@Z 0000000180058940     libucrtd:write.obj
 0004:0000294c       $pdata$?write_text_ansi_nolock@@YA?AUwrite_result@?A0x17268360@@HQEBDI@Z 000000018005894c     libucrtd:write.obj
 0004:00002958       $pdata$?write_text_utf16le_nolock@@YA?AUwrite_result@?A0x17268360@@HQEBDI@Z 0000000180058958     libucrtd:write.obj
 0004:00002964       $pdata$?write_text_utf8_nolock@@YA?AUwrite_result@?A0x17268360@@HQEBDI@Z 0000000180058964     libucrtd:write.obj
 0004:00002970       $pdata$_write              0000000180058970     libucrtd:write.obj
 0004:0000297c       $pdata$_write_nolock       000000018005897c     libucrtd:write.obj
 0004:00002988       $pdata$?__mbrtoc32_utf8@__crt_mbstring@@YA_KPEA_UPEBD_KPEAU_Mbstatet@@@Z 0000000180058988     libucrtd:mbrtoc32.obj
 0004:000029a0       $pdata$ceil                00000001800589a0     libucrtd:ceil.obj
 0004:000029ac       $pdata$fegetenv            00000001800589ac     libucrtd:fegetenv.obj
 0004:000029b8       $pdata$fesetenv            00000001800589b8     libucrtd:fesetenv.obj
 0004:000029c4       $pdata$feholdexcept        00000001800589c4     libucrtd:feholdexcept.obj
 0004:000029d0       $pdata$??$common_lseek_nolock@_J@@YA_JH_JH@Z 00000001800589d0     libucrtd:lseek.obj
 0004:000029dc       $pdata$?common_lseek_do_seek_nolock@@YA_JQEAX_JH@Z 00000001800589dc     libucrtd:lseek.obj
 0004:000029e8       $pdata$_lseeki64_nolock    00000001800589e8     libucrtd:lseek.obj
 0004:000029f4       $pdata$_fclose_nolock      00000001800589f4     libucrtd:fclose.obj
 0004:00002a00       $pdata$fclose              0000000180058a00     libucrtd:fclose.obj
 0004:00002a0c       $pdata$?__wcsrtombs_utf8@__crt_mbstring@@YA_KPEADPEAPEB_W_KPEAU_Mbstatet@@@Z 0000000180058a0c     libucrtd:wcrtomb.obj
 0004:00002a18       $pdata$_putwch_nolock      0000000180058a18     libucrtd:putwch.obj
 0004:00002a24       $pdata$__acrt_initialize_fma3 0000000180058a24     libucrtd:fma3_available.obj
 0004:00002a30       $pdata$_log10_special      0000000180058a30     libucrtd:log_special.obj
 0004:00002a3c       $pdata$_log_special_common 0000000180058a3c     libucrtd:log_special.obj
 0004:00002a48       $pdata$_call_matherr       0000000180058a48     libucrtd:libm_error.obj
 0004:00002a54       $pdata$_exception_enabled  0000000180058a54     libucrtd:libm_error.obj
 0004:00002a60       $pdata$_handle_error       0000000180058a60     libucrtd:libm_error.obj
 0004:00002a6c       $pdata$_handle_nan         0000000180058a6c     libucrtd:libm_error.obj
 0004:00002a78       $pdata$_abstract_sw        0000000180058a78     libucrtd:ieee.obj
 0004:00002a84       $pdata$_clearfp            0000000180058a84     libucrtd:ieee.obj
 0004:00002a90       $pdata$??$?RV<lambda_53fc7fc888e23d815d7080162c0aeeb2>@@AEAV<lambda_4e7105787b7b0e0227fbf2b2d883fa65>@@V<lambda_8ddc48ad9d26c778cb15812d1d88fc8a>@@@?$__crt_seh_guarded_call@H@@QEAAH$$QEAV<lambda_53fc7fc888e23d815d7080162c0aeeb2>@@AEAV<lambda_4e7105787b7b0e0227fbf2b2d883fa65>@@$$QEAV<lambda_8ddc48ad9d26c778cb15812d1d88fc8a>@@@Z 0000000180058a90     libucrtd:close.obj
 0004:00002a9c       $pdata$??$__acrt_lowio_lock_fh_and_call@V<lambda_4e7105787b7b0e0227fbf2b2d883fa65>@@@@YAHH$$QEAV<lambda_4e7105787b7b0e0227fbf2b2d883fa65>@@@Z 0000000180058a9c     libucrtd:close.obj
 0004:00002aa8       $pdata$??R<lambda_4e7105787b7b0e0227fbf2b2d883fa65>@@QEBAHXZ 0000000180058aa8     libucrtd:close.obj
 0004:00002ab4       $pdata$?close_os_handle_nolock@@YAKH@Z 0000000180058ab4     libucrtd:close.obj
 0004:00002ac0       $pdata$_close              0000000180058ac0     libucrtd:close.obj
 0004:00002acc       $pdata$_close_nolock       0000000180058acc     libucrtd:close.obj
 0004:00002ad8       $pdata$?__acrt_stdio_free_stream@@YAXV__crt_stdio_stream@@@Z 0000000180058ad8     libucrtd:stream.obj
 0004:00002ae4       $pdata$?__c16rtomb_utf8@__crt_mbstring@@YA_KPEAD_SPEAU_Mbstatet@@@Z 0000000180058ae4     libucrtd:c16rtomb.obj
 0004:00002af0       $pdata$?has_surrogate@?A0xc60ee810@@YA_NPEAU_Mbstatet@@@Z 0000000180058af0     libucrtd:c16rtomb.obj
 0004:00002afc       $pdata$?is_first_surrogate@?A0xc60ee810@@YA_N_S@Z 0000000180058afc     libucrtd:c16rtomb.obj
 0004:00002b08       $pdata$?is_second_surrogate@?A0xc60ee810@@YA_N_S@Z 0000000180058b08     libucrtd:c16rtomb.obj
 0004:00002b14       $pdata$?store_first_surrogate@?A0xc60ee810@@YAX_SPEAU_Mbstatet@@@Z 0000000180058b14     libucrtd:c16rtomb.obj
 0004:00002b20       $pdata$__dcrt_lowio_ensure_console_output_initialized 0000000180058b20     libucrtd:initcon.obj
 0004:00002b2c       $pdata$__dcrt_terminate_console_output 0000000180058b2c     libucrtd:initcon.obj
 0004:00002b38       $pdata$__dcrt_write_console 0000000180058b38     libucrtd:initcon.obj
 0004:00002b44       $pdata$_raise_exc          0000000180058b44     libucrtd:fpexcept.obj
 0004:00002b50       $pdata$_raise_exc_ex       0000000180058b50     libucrtd:fpexcept.obj
 0004:00002b5c       $pdata$_set_errno_from_matherr 0000000180058b5c     libucrtd:fpexcept.obj
 0004:00002b68       $pdata$_clrfp              0000000180058b68     libucrtd:fpctrl.obj
 0004:00002b74       $pdata$_ctrlfp             0000000180058b74     libucrtd:fpctrl.obj
 0004:00002b80       $pdata$_set_statfp         0000000180058b80     libucrtd:fpctrl.obj
 0004:00002b8c       $pdata$_statfp             0000000180058b8c     libucrtd:fpctrl.obj
 0004:00002ba4       $pdata$_FindPESection      0000000180058ba4     LIBCMTD:pesect.obj
 0004:00002bb0       $pdata$_IsNonwritableInCurrentImage 0000000180058bb0     LIBCMTD:pesect.obj
 0004:00002bbc       $pdata$_ValidateImageBase  0000000180058bbc     LIBCMTD:pesect.obj
 0004:00002bc8       $pdata$??_Gtype_info@@UEAAPEAXI@Z 0000000180058bc8     LIBCMTD:std_type_info_static.obj
 0004:00002bd4       $pdata$??3@YAXPEAX_K@Z     0000000180058bd4     LIBCMTD:delete_scalar_size.obj
 0004:00002be0       $pdata$__GSHandlerCheck_SEH 0000000180058be0     LIBCMTD:gshandlerseh.obj
 0004:00002bf8       $pdata$__GSHandlerCheck_EH 0000000180058bf8     LIBCMTD:gshandlereh.obj
 0004:00002c04       $pdata$??3@YAXPEAX@Z       0000000180058c04     LIBCMTD:delete_scalar.obj
 0004:00002c1c       $pdata$strrchr             0000000180058c1c     libvcruntimed:strrchr.obj
 0004:00002c34       $pdata$?fin$0@?0??dllmain_crt_process_attach@@YAHQEAUHINSTANCE__@@QEAX@Z@4HA 0000000180058c34     LIBCMTD:dll_dllmain.obj
 0004:00002c40       $pdata$?fin$0@?0??dllmain_crt_process_detach@@YAH_N@Z@4HA 0000000180058c40     LIBCMTD:dll_dllmain.obj
 0004:00002c4c       $pdata$?fin$1@?0??dllmain_crt_process_detach@@YAH_N@Z@4HA 0000000180058c4c     LIBCMTD:dll_dllmain.obj
 0004:00002c58       $pdata$?filt$0@?0??dllmain_dispatch@@YAHQEAUHINSTANCE__@@KQEAX@Z@4HA 0000000180058c58     LIBCMTD:dll_dllmain.obj
 0004:00002c64       $pdata$__scrt_is_nonwritable_in_current_image$filt$0 0000000180058c64     LIBCMTD:utility.obj
 0004:00002c70       $pdata$__DestructExceptionObject$filt$0 0000000180058c70     libvcruntimed:ehhelpers.obj
 0004:00002c7c       $pdata$?filt$0@?0???$_CallSETranslator@V__FrameHandler3@@@@YAHPEAUEHExceptionRecord@@PEA_KPEAU_CONTEXT@@PEAU_xDISPATCHER_CONTEXT@@PEBU_s_FuncInfo@@K1@Z@4HA 0000000180058c7c     libvcruntimed:risctrnsctrl.obj
 0004:00002c88       $pdata$?filt$0@?0???$BuildCatchObjectHelperInternal@V__FrameHandler3@@@@YAHPEAUEHExceptionRecord@@PEAXPEBU_s_HandlerType@@PEBU_s_CatchableType@@@Z@4HA 0000000180058c88     libvcruntimed:frame.obj
 0004:00002c88       $pdata$?filt$0@?0???$BuildCatchObjectInternal@V__FrameHandler3@@@@YAXPEAUEHExceptionRecord@@PEAXPEBU_s_HandlerType@@PEBU_s_CatchableType@@@Z@4HA 0000000180058c88     libvcruntimed:frame.obj
 0004:00002c88       $pdata$?filt$0@?0??is_bad_read_pointer@@YA_NQEBX_K@Z@4HA 0000000180058c88     libucrtd:debug_heap.obj
 0004:00002c88       $pdata$terminate$filt$0    0000000180058c88     libucrtd:terminate.obj
 0004:00002c94       $pdata$?filt$0@?0??CxxCallCatchBlock@__FrameHandler3@@SAPEAXPEAU_EXCEPTION_RECORD@@@Z@4HA 0000000180058c94     libvcruntimed:frame.obj
 0004:00002ca0       $pdata$?fin$1@?0??CxxCallCatchBlock@__FrameHandler3@@SAPEAXPEAU_EXCEPTION_RECORD@@@Z@4HA 0000000180058ca0     libvcruntimed:frame.obj
 0004:00002cac       $pdata$?filt$0@?0??FrameUnwindToState@__FrameHandler3@@SAXPEA_KPEAU_xDISPATCHER_CONTEXT@@PEBU_s_FuncInfo@@H@Z@4HA 0000000180058cac     libvcruntimed:frame.obj
 0004:00002cb8       $pdata$?fin$1@?0??FrameUnwindToState@__FrameHandler3@@SAXPEA_KPEAU_xDISPATCHER_CONTEXT@@PEBU_s_FuncInfo@@H@Z@4HA 0000000180058cb8     libvcruntimed:frame.obj
 0004:00002cc4       $pdata$?fin$0@?0???$?RV<lambda_0ae27a3a962d80f24befdcbee591983d>@@AEAV<lambda_8d0ee55de4b1038c4002e0adecdf1839>@@V<lambda_dc504788e8f1664fe9b84e20bfb512f2>@@@?$__crt_seh_guarded_call@X@@QEAAX$$QEAV<lambda_0ae27a3a962d80f24befdcbee591983d>@@AEAV<lambda_8d0ee55de4b1038c4002e0adecdf1839>@@$$QEAV<lambda_dc504788e8f1664fe9b84e20bfb512f2>@@@Z@4HA 0000000180058cc4     libucrtd:per_thread_data.obj
 0004:00002cc4       $pdata$?fin$0@?0???$?RV<lambda_2d41944a1d46af3157314b8a01080d33>@@AEAV<lambda_8f455de75cd7d7f24b4096f044d8b9e6>@@V<lambda_aa500f224e6afead328df44964fe2772>@@@?$__crt_seh_guarded_call@X@@QEAAX$$QEAV<lambda_2d41944a1d46af3157314b8a01080d33>@@AEAV<lambda_8f455de75cd7d7f24b4096f044d8b9e6>@@$$QEAV<lambda_aa500f224e6afead328df44964fe2772>@@@Z@4HA 0000000180058cc4     libucrtd:per_thread_data.obj
 0004:00002cc4       $pdata$?fin$0@?0???$?RV<lambda_74a0ef281e44d15e1136f792f539efb3>@@AEAV<lambda_e157831efee4ea0afb0a2ace5dd5fd0d>@@V<lambda_04ddeca75b7c13fd67716e8dfcef87ee>@@@?$__crt_seh_guarded_call@X@@QEAAX$$QEAV<lambda_74a0ef281e44d15e1136f792f539efb3>@@AEAV<lambda_e157831efee4ea0afb0a2ace5dd5fd0d>@@$$QEAV<lambda_04ddeca75b7c13fd67716e8dfcef87ee>@@@Z@4HA 0000000180058cc4     libucrtd:per_thread_data.obj
 0004:00002cc4       $pdata$?fin$0@?0???$?RV<lambda_aa87e3671a710a21b5dc78c0bdf72e11>@@AEAV<lambda_92619d2358a28f41a33ba319515a20b9>@@V<lambda_6992ecaafeb10aed2b74cb1fae11a551>@@@?$__crt_seh_guarded_call@X@@QEAAX$$QEAV<lambda_aa87e3671a710a21b5dc78c0bdf72e11>@@AEAV<lambda_92619d2358a28f41a33ba319515a20b9>@@$$QEAV<lambda_6992ecaafeb10aed2b74cb1fae11a551>@@@Z@4HA 0000000180058cc4     libucrtd:per_thread_data.obj
 0004:00002cc4       $pdata$?fin$0@?0???$?RV<lambda_410d79af7f07d98d83a3f525b3859a53>@@AEAV<lambda_3e16ef9562a7dcce91392c22ab16ea36>@@V<lambda_38119f0e861e05405d8a144b9b982f0a>@@@?$__crt_seh_guarded_call@X@@QEAAX$$QEAV<lambda_410d79af7f07d98d83a3f525b3859a53>@@AEAV<lambda_3e16ef9562a7dcce91392c22ab16ea36>@@$$QEAV<lambda_38119f0e861e05405d8a144b9b982f0a>@@@Z@4HA 0000000180058cc4     libucrtd:wsetlocale.obj
 0004:00002cc4       $pdata$?fin$0@?0???$?RV<lambda_efa02eb69bf647d2f7ff0dd6f1103f72>@@AEAV<lambda_bd5a608237428601b7e45fbdc72b1ae8>@@V<lambda_728235dc0fc2b1f82d1fa5b3e7102d8f>@@@?$__crt_seh_guarded_call@X@@QEAAX$$QEAV<lambda_efa02eb69bf647d2f7ff0dd6f1103f72>@@AEAV<lambda_bd5a608237428601b7e45fbdc72b1ae8>@@$$QEAV<lambda_728235dc0fc2b1f82d1fa5b3e7102d8f>@@@Z@4HA 0000000180058cc4     libucrtd:mbctype.obj
 0004:00002cc4       $pdata$?fin$0@?0???$?RV<lambda_d80eeec6fff315bfe5c115232f3240e3>@@AEAV<lambda_6e4b09c48022b2350581041d5f6b0c4c>@@V<lambda_2358e3775559c9db80273638284d5e45>@@@?$__crt_seh_guarded_call@X@@QEAAX$$QEAV<lambda_d80eeec6fff315bfe5c115232f3240e3>@@AEAV<lambda_6e4b09c48022b2350581041d5f6b0c4c>@@$$QEAV<lambda_2358e3775559c9db80273638284d5e45>@@@Z@4HA 0000000180058cc4     libucrtd:exit.obj
 0004:00002cc4       $pdata$?fin$0@?0???$?RV<lambda_886d6c58226a84441f68b9f2b8217b83>@@AEAV<lambda_ab61a845afdef5b7c387490eaf3616ee>@@V<lambda_f7f22ab5edc0698d5f6905b0d3f44752>@@@?$__crt_seh_guarded_call@X@@QEAAX$$QEAV<lambda_886d6c58226a84441f68b9f2b8217b83>@@AEAV<lambda_ab61a845afdef5b7c387490eaf3616ee>@@$$QEAV<lambda_f7f22ab5edc0698d5f6905b0d3f44752>@@@Z@4HA 0000000180058cc4     libucrtd:fflush.obj
 0004:00002cd0       $pdata$?filt$0@?0???R<lambda_6e4b09c48022b2350581041d5f6b0c4c>@@QEBA@XZ@4HA 0000000180058cd0     libucrtd:exit.obj
 0004:00002cdc       $pdata$?fin$0@?0???$?RV<lambda_450d765d439847d4c735a33c368b5fc0>@@AEAV<lambda_44731a7d0e6d81c3e6aa82d741081786>@@V<lambda_601a2a7da3b7a96e9554ac7215c4b07c>@@@?$__crt_seh_guarded_call@P6AXH@Z@@QEAAP6AXH@Z$$QEAV<lambda_450d765d439847d4c735a33c368b5fc0>@@AEAV<lambda_44731a7d0e6d81c3e6aa82d741081786>@@$$QEAV<lambda_601a2a7da3b7a96e9554ac7215c4b07c>@@@Z@4HA 0000000180058cdc     libucrtd:signal.obj
 0004:00002cdc       $pdata$?fin$0@?0???$?RV<lambda_6a47f4c8fd0152770a780fc1d70204eb>@@AEAV<lambda_d121dba8a4adeaf3a9819e48611155df>@@V<lambda_6aaa2265f5b6a89667e7d7630012e97a>@@@?$__crt_seh_guarded_call@H@@QEAAH$$QEAV<lambda_6a47f4c8fd0152770a780fc1d70204eb>@@AEAV<lambda_d121dba8a4adeaf3a9819e48611155df>@@$$QEAV<lambda_6aaa2265f5b6a89667e7d7630012e97a>@@@Z@4HA 0000000180058cdc     libucrtd:onexit.obj
 0004:00002ce8       $pdata$?dtor$0@?0???R<lambda_d121dba8a4adeaf3a9819e48611155df>@@QEBAHXZ@4HA 0000000180058ce8     libucrtd:onexit.obj
 0004:00002cf4       $pdata$?fin$0@?0??heap_alloc_dbg_internal@@YAPEAX_KHQEBDH@Z@4HA 0000000180058cf4     libucrtd:debug_heap.obj
 0004:00002cf4       $pdata$_CrtMemCheckpoint$fin$0 0000000180058cf4     libucrtd:debug_heap.obj
 0004:00002d00       $pdata$?fin$0@?0??validate_heap_if_required_nolock@@YAXXZ@4HA 0000000180058d00     libucrtd:debug_heap.obj
 0004:00002d0c       $pdata$_CrtCheckMemory$fin$0 0000000180058d0c     libucrtd:debug_heap.obj
 0004:00002d0c       $pdata$_CrtMemDumpAllObjectsSince$fin$0 0000000180058d0c     libucrtd:debug_heap.obj
 0004:00002d0c       $pdata$_CrtSetDbgFlag$fin$0 0000000180058d0c     libucrtd:debug_heap.obj
 0004:00002d0c       $pdata$_msize_dbg$fin$0    0000000180058d0c     libucrtd:debug_heap.obj
 0004:00002d0c       $pdata$_realloc_dbg$fin$0  0000000180058d0c     libucrtd:debug_heap.obj
 0004:00002d18       $pdata$_free_dbg$fin$0     0000000180058d18     libucrtd:debug_heap.obj
 0004:00002d18       $pdata$_query_new_handler$fin$0 0000000180058d18     libucrtd:new_handler.obj
 0004:00002d24       $pdata$?fin$0@?0??update_thread_multibyte_data_internal@@YAPEAU__crt_multibyte_data@@QEAU__acrt_ptd@@QEAPEAU1@@Z@4HA 0000000180058d24     libucrtd:mbctype.obj
 0004:00002d30       $pdata$__acrt_initialize_lowio$fin$0 0000000180058d30     libucrtd:ioinit.obj
 0004:00002d3c       $pdata$raise$fin$0         0000000180058d3c     libucrtd:signal.obj
 0004:00002d48       $pdata$?dtor$0@?0??fp_format_a@@YAHQEBNPEAD_KQEAD2H_NIQEAU__crt_locale_pointers@@@Z@4HA 0000000180058d48     libucrtd:cvt.obj
 0004:00002d54       $pdata$_VCrtDbgReportA$fin$0 0000000180058d54     libucrtd:dbgrptt.obj
 0004:00002d60       $pdata$_VCrtDbgReportA$fin$1 0000000180058d60     libucrtd:dbgrptt.obj
 0004:00002d6c       $pdata$_VCrtDbgReportW$fin$0 0000000180058d6c     libucrtd:dbgrptt.obj
 0004:00002d78       $pdata$_VCrtDbgReportW$fin$1 0000000180058d78     libucrtd:dbgrptt.obj
 0004:00002d84       $pdata$__acrt_update_thread_locale_data$fin$0 0000000180058d84     libucrtd:locale_refcounting.obj
 0004:00002d90       $pdata$?dtor$0@?0??shortsort@@YAXPEAD0_KP6AHPEBX2@Z@Z@4HA 0000000180058d90     libucrtd:qsort.obj
 0004:00002d9c       $pdata$__acrt_lowio_ensure_fh_exists$fin$0 0000000180058d9c     libucrtd:osfinfo.obj
 0004:00002da8       $pdata$?fin$0@?0???$?RV<lambda_842d9ff0dc9ef11c61343bbaebe7f885>@@AEAV<lambda_c5860995281e5c4ce005b3de8f5874ee>@@V<lambda_d90129c13df834fdcbf8d2b88dafcf2d>@@@?$__crt_seh_guarded_call@X@@QEAAX$$QEAV<lambda_842d9ff0dc9ef11c61343bbaebe7f885>@@AEAV<lambda_c5860995281e5c4ce005b3de8f5874ee>@@$$QEAV<lambda_d90129c13df834fdcbf8d2b88dafcf2d>@@@Z@4HA 0000000180058da8     libucrtd:fflush.obj
 0004:00002db4       $pdata$_fcloseall$fin$0    0000000180058db4     libucrtd:closeall.obj
 0004:00002dc0       $pdata$?dtor$0@?0??_wcstombs_l_helper@@YA_KPEADPEB_W_KPEAU__crt_locale_pointers@@@Z@4HA 0000000180058dc0     libucrtd:wcstombs.obj
 0004:00002dcc       $pdata$?fin$0@?0???$?RV<lambda_53fc7fc888e23d815d7080162c0aeeb2>@@AEAV<lambda_4e7105787b7b0e0227fbf2b2d883fa65>@@V<lambda_8ddc48ad9d26c778cb15812d1d88fc8a>@@@?$__crt_seh_guarded_call@H@@QEAAH$$QEAV<lambda_53fc7fc888e23d815d7080162c0aeeb2>@@AEAV<lambda_4e7105787b7b0e0227fbf2b2d883fa65>@@$$QEAV<lambda_8ddc48ad9d26c778cb15812d1d88fc8a>@@@Z@4HA 0000000180058dcc     libucrtd:close.obj
 0004:00002dcc       $pdata$?fin$0@?0???$?RV<lambda_4e3dbe6921bc0b5a1a6bc6573fdc859e>@@AEAV<lambda_5533cddd4bda0037814beee657757329>@@V<lambda_47cffbaa968af5c721c38a4a6f8da44d>@@@?$__crt_seh_guarded_call@H@@QEAAH$$QEAV<lambda_4e3dbe6921bc0b5a1a6bc6573fdc859e>@@AEAV<lambda_5533cddd4bda0037814beee657757329>@@$$QEAV<lambda_47cffbaa968af5c721c38a4a6f8da44d>@@@Z@4HA 0000000180058dcc     libucrtd:commit.obj
 0004:00002dd8       $pdata$_write$fin$0        0000000180058dd8     libucrtd:write.obj
 0004:00002de4       $pdata$fclose$fin$0        0000000180058de4     libucrtd:fclose.obj
 0004:00002df0       $pdata$_ctrlfp$filt$0      0000000180058df0     libucrtd:fpctrl.obj
 0004:00002dfc       $pdata$_IsNonwritableInCurrentImage$filt$0 0000000180058dfc     LIBCMTD:pesect.obj
 0005:00000000       MoveSmall                  0000000180059000     libvcruntimed:memcpy.obj
 0005:00000050       MsetTab                    0000000180059050     libvcruntimed:memset.obj
