 handmade

 Timestamp is 5e9d0e36 (Sun Apr 19 20:51:34 2020)

 Preferred load address is 0000000180000000

 Start         Length     Name                   Class
 0001:00000000 00036310H .text$mn                CODE
 0001:00036310 00000020H .text$mn$00             CODE
 0001:00036330 0000067dH .text$x                 CODE
 0002:00000000 00000248H .idata$5                DATA
 0002:00000248 00000010H .00cfg                  DATA
 0002:00000258 00000008H .CRT$XCA                DATA
 0002:00000260 00000008H .CRT$XCZ                DATA
 0002:00000268 00000008H .CRT$XIA                DATA
 0002:00000270 00000018H .CRT$XIC                DATA
 0002:00000288 00000008H .CRT$XIZ                DATA
 0002:00000290 00000008H .CRT$XPA                DATA
 0002:00000298 00000010H .CRT$XPX                DATA
 0002:000002a8 00000008H .CRT$XPXA               DATA
 0002:000002b0 00000008H .CRT$XPZ                DATA
 0002:000002b8 00000008H .CRT$XTA                DATA
 0002:000002c0 00000010H .CRT$XTZ                DATA
 0002:000002c8 00000000H .gfids$y                DATA
 0002:000002d0 00010268H .rdata                  DATA
 0002:00010538 0000016cH .rdata$r                DATA
 0002:000106a4 000002f4H .rdata$zzzdbg           DATA
 0002:00010998 00000008H .rtc$IAA                DATA
 0002:000109a0 00000008H .rtc$IZZ                DATA
 0002:000109a8 00000008H .rtc$TAA                DATA
 0002:000109b0 00000010H .rtc$TZZ                DATA
 0002:000109c0 00001068H .xdata                  DATA
 0002:00011a28 00000088H .xdata$x                DATA
 0002:00011ab0 00000074H .edata                  DATA
 0002:00011b24 00000014H .idata$2                DATA
 0002:00011b38 00000018H .idata$3                DATA
 0002:00011b50 00000248H .idata$4                DATA
 0002:00011d98 00000554H .idata$6                DATA
 0003:00000000 00000a30H .data                   DATA
 0003:00000a30 00000070H .data$r                 DATA
 0003:00000aa0 00001868H .bss                    DATA
 0004:00000000 00002d0cH .pdata                  DATA
 0005:00000000 00000094H _RDATA                  DATA

  Address         Publics by Value              Rva+Base               Lib:Object

 0000:00000000       __guard_longjmp_count      0000000000000000     <absolute>
 0000:00000000       __guard_iat_table          0000000000000000     <absolute>
 0000:00000000       __volatile_metadata        0000000000000000     <absolute>
 0000:00000000       __guard_fids_count         0000000000000000     <absolute>
 0000:00000000       __guard_longjmp_table      0000000000000000     <absolute>
 0000:00000000       __hybrid_code_map_count    0000000000000000     <absolute>
 0000:00000000       ___safe_se_handler_count   0000000000000000     <absolute>
 0000:00000000       __enclave_config           0000000000000000     <absolute>
 0000:00000000       __AbsoluteZero             0000000000000000     <absolute>
 0000:00000000       ___safe_se_handler_table   0000000000000000     <absolute>
 0000:00000000       __guard_fids_table         0000000000000000     <absolute>
 0000:00000000       __guard_iat_count          0000000000000000     <absolute>
 0000:00000000       __hybrid_auxiliary_iat     0000000000000000     <absolute>
 0000:00000000       __hybrid_code_map          0000000000000000     <absolute>
 0000:00000000       __dynamic_value_reloc_table 0000000000000000     <absolute>
 0000:00000100       __guard_flags              0000000000000100     <absolute>
 0000:00000000       __ImageBase                0000000180000000     <linker-defined>
 0001:00000270       GameUpdateAndRender        0000000180001270 f   handmade.obj
 0001:00000380       GameGetSoundSamples        0000000180001380 f   handmade.obj
 0001:000003c0       ?GetController@@YAPEAUgame_controller_input@@PEAUgame_input@@H@Z 00000001800013c0 f i handmade.obj
 0001:00000810       _DllMainCRTStartup         0000000180001810 f   LIBCMTD:dll_dllmain.obj
 0001:00000910       __security_init_cookie     0000000180001910 f   LIBCMTD:gs_support.obj
 0001:00000990       DllMain                    0000000180001990 f   LIBCMTD:dll_dllmain_stub.obj
 0001:000009b0       ?__scrt_initialize_type_info@@YAXXZ 00000001800019b0 f   LIBCMTD:tncleanup.obj
 0001:000009d0       ?__scrt_uninitialize_type_info@@YAXXZ 00000001800019d0 f   LIBCMTD:tncleanup.obj
 0001:000009f0       __local_stdio_printf_options 00000001800019f0 f i LIBCMTD:default_local_stdio_options.obj
 0001:00000a00       __local_stdio_scanf_options 0000000180001a00 f i LIBCMTD:default_local_stdio_options.obj
 0001:00000a10       __scrt_initialize_default_local_stdio_options 0000000180001a10 f   LIBCMTD:default_local_stdio_options.obj
 0001:00000a60       ?configure_argv@__scrt_narrow_argv_policy@@SAHXZ 0000000180001a60 f i LIBCMTD:utility.obj
 0001:00000b50       ?initialize_environment@__scrt_narrow_environment_policy@@SAHXZ 0000000180001b50 f i LIBCMTD:utility.obj
 0001:00000bf0       NtCurrentTeb               0000000180001bf0 f i LIBCMTD:utility.obj
 0001:00000c00       __scrt_acquire_startup_lock 0000000180001c00 f   LIBCMTD:utility.obj
 0001:00000c70       __scrt_dllmain_after_initialize_c 0000000180001c70 f   LIBCMTD:utility.obj
 0001:00000ca0       __scrt_dllmain_before_initialize_c 0000000180001ca0 f   LIBCMTD:utility.obj
 0001:00000cc0       __scrt_dllmain_crt_thread_attach 0000000180001cc0 f   LIBCMTD:utility.obj
 0001:00000cf0       __scrt_dllmain_crt_thread_detach 0000000180001cf0 f   LIBCMTD:utility.obj
 0001:00000d10       __scrt_dllmain_exception_filter 0000000180001d10 f   LIBCMTD:utility.obj
 0001:00000d80       __scrt_dllmain_uninitialize_c 0000000180001d80 f   LIBCMTD:utility.obj
 0001:00000db0       __scrt_dllmain_uninitialize_critical 0000000180001db0 f   LIBCMTD:utility.obj
 0001:00000dd0       __scrt_initialize_crt      0000000180001dd0 f   LIBCMTD:utility.obj
 0001:00000e20       __scrt_initialize_onexit_tables 0000000180001e20 f   LIBCMTD:utility.obj
 0001:00000f30       __scrt_is_nonwritable_in_current_image 0000000180001f30 f   LIBCMTD:utility.obj
 0001:00000fc0       __scrt_release_startup_lock 0000000180001fc0 f   LIBCMTD:utility.obj
 0001:00000ff0       __scrt_uninitialize_crt    0000000180001ff0 f   LIBCMTD:utility.obj
 0001:00001030       __scrt_get_dyn_tls_init_callback 0000000180002030 f   LIBCMTD:dyn_tls_init.obj
 0001:00001040       __crt_debugger_hook        0000000180002040 f   LIBCMTD:utility_desktop.obj
 0001:00001050       __scrt_fastfail            0000000180002050 f   LIBCMTD:utility_desktop.obj
 0001:000011f0       _RTC_Initialize            00000001800021f0 f   LIBCMTD:initsect.obj
 0001:00001240       _RTC_Terminate             0000000180002240 f   LIBCMTD:initsect.obj
 0001:00001290       _guard_check_icall_nop     0000000180002290 f i LIBCMTD:guard_support.obj
 0001:00001290       ??1scoped_global_state_reset@__crt_state_management@@QEAA@XZ 0000000180002290 f i libucrtd:onexit.obj
 0001:00001290       ??1?$__crt_simd_cleanup_guard@$0A@@@QEAA@XZ 0000000180002290 f i libucrtd:strnlen.obj
 0001:000012a0       ?__crt_interlocked_read_64@@YA_JPED_J@Z 00000001800022a0 f i libvcruntimed:std_type_info.obj
 0001:000012a0       ReadNoFence64              00000001800022a0 f i LIBCMTD:guard_support.obj
 0001:000012c0       ReadPointerNoFence         00000001800022c0 f i LIBCMTD:guard_support.obj
 0001:000012c0       ??$__crt_interlocked_read_pointer@X@@YAPEAXPEDSEAX@Z 00000001800022c0 f i libvcruntimed:winapi_downlevel.obj
 0001:000012c0       ??$__crt_interlocked_read_pointer@UHINSTANCE__@@@@YAPEAUHINSTANCE__@@PEDSEAU0@@Z 00000001800022c0 f i libvcruntimed:winapi_downlevel.obj
 0001:000012e0       _guard_icall_checks_enforced 00000001800022e0 f i LIBCMTD:guard_support.obj
 0001:00001320       __isa_available_init       0000000180002320 f   LIBCMTD:cpu_disp.obj
 0001:000016a0       _get_startup_argv_mode     00000001800026a0 f   LIBCMTD:argv_mode.obj
 0001:000016b0       __scrt_is_ucrt_dll_in_use  00000001800026b0 f   LIBCMTD:ucrt_detection.obj
 0001:000016e0       __GSHandlerCheck           00000001800026e0 f   LIBCMTD:gshandler.obj
 0001:00001720       __GSHandlerCheckCommon     0000000180002720 f   LIBCMTD:gshandler.obj
 0001:00001830       __security_check_cookie    0000000180002830 f   LIBCMTD:amdsecgs.obj
 0001:00001860       __raise_securityfailure    0000000180002860 f   LIBCMTD:gs_report.obj
 0001:000018a0       __report_gsfailure         00000001800028a0 f   LIBCMTD:gs_report.obj
 0001:00001980       __report_rangecheckfailure 0000000180002980 f   LIBCMTD:gs_report.obj
 0001:000019a0       __report_securityfailure   00000001800029a0 f   LIBCMTD:gs_report.obj
 0001:00001b92       IsProcessorFeaturePresent  0000000180002b92 f   kernel32:KERNEL32.dll
 0001:00001ba0       __C_specific_handler       0000000180002ba0 f   libvcruntimed:riscchandler.obj
 0001:00002010       ??$?RU__crt_lowio_handle_data@@@__crt_internal_free_policy@@QEBAXQEBU__crt_lowio_handle_data@@@Z 0000000180003010 f i libucrtd:osfinfo.obj
 0001:00002010       ??$?RPEAD@__crt_internal_free_policy@@QEBAXQEBQEAD@Z 0000000180003010 f i libucrtd:argv_parsing.obj
 0001:00002010       ??$?RD@__crt_internal_free_policy@@QEBAXQEBD@Z 0000000180003010 f i libvcruntimed:std_type_info.obj
 0001:00002010       ??$?RU__vcrt_ptd@@@__crt_internal_free_policy@@QEBAXQEBU__vcrt_ptd@@@Z 0000000180003010 f i libvcruntimed:per_thread_data.obj
 0001:00002010       ??$?RU__acrt_ptd@@@__crt_internal_free_policy@@QEBAXQEBU__acrt_ptd@@@Z 0000000180003010 f i libucrtd:per_thread_data.obj
 0001:00002010       ??$?RU__crt_multibyte_data@@@__crt_internal_free_policy@@QEBAXQEBU__crt_multibyte_data@@@Z 0000000180003010 f i libucrtd:mbctype.obj
 0001:00002010       ??$?RE@__crt_internal_free_policy@@QEBAXQEBE@Z 0000000180003010 f i libucrtd:argv_parsing.obj
 0001:00002010       ??$?RPEAU__crt_stdio_stream_data@@@__crt_internal_free_policy@@QEBAXQEBQEAU__crt_stdio_stream_data@@@Z 0000000180003010 f i libucrtd:_file.obj
 0001:00002040       ??0__crt_stdio_stream@@QEAA@QEAU__crt_stdio_stream_data@@@Z 0000000180003040 f i libucrtd:fflush.obj
 0001:00002040       ??0?$__crt_unique_heap_ptr@U__crt_multibyte_data@@U__crt_internal_free_policy@@@@QEAA@QEAU__crt_multibyte_data@@@Z 0000000180003040 f i libucrtd:mbctype.obj
 0001:00002040       ??0?$string_output_adapter@D@__crt_stdio_output@@QEAA@QEAU?$string_output_adapter_context@D@1@@Z 0000000180003040 f i libucrtd:output.obj
 0001:00002040       ??0?$__crt_unique_heap_ptr@DU__crt_public_free_policy@@@@QEAA@QEAD@Z 0000000180003040 f i libvcruntimed:std_exception.obj
 0001:00002040       ??0?$string_output_adapter@_W@__crt_stdio_output@@QEAA@QEAU?$string_output_adapter_context@_W@1@@Z 0000000180003040 f i libucrtd:output.obj
 0001:00002040       ??0?$__crt_unique_heap_ptr@PEAU__crt_stdio_stream_data@@U__crt_internal_free_policy@@@@QEAA@QEAPEAU__crt_stdio_stream_data@@@Z 0000000180003040 f i libucrtd:_file.obj
 0001:00002040       ??0?$__crt_unique_heap_ptr@DU__crt_internal_free_policy@@@@QEAA@QEAD@Z 0000000180003040 f i libvcruntimed:std_type_info.obj
 0001:00002040       ??0?$__crt_scoped_stack_ptr@_W@@QEAA@U?$__crt_scoped_stack_ptr_tag@_W@@@Z 0000000180003040 f i libucrtd:getstringtypea.obj
 0001:00002040       ??0?$__crt_unique_heap_ptr@EU__crt_internal_free_policy@@@@QEAA@QEAE@Z 0000000180003040 f i libucrtd:argv_parsing.obj
 0001:00002040       ??0?$__crt_unique_heap_ptr@PEADU__crt_internal_free_policy@@@@QEAA@QEAPEAD@Z 0000000180003040 f i libucrtd:argv_parsing.obj
 0001:00002040       ??0?$__crt_scoped_stack_ptr_tag@_W@@QEAA@QEA_W@Z 0000000180003040 f i libucrtd:getstringtypea.obj
 0001:00002040       ??0?$__crt_unique_heap_ptr@U__crt_lowio_handle_data@@U__crt_internal_free_policy@@@@QEAA@QEAU__crt_lowio_handle_data@@@Z 0000000180003040 f i libucrtd:osfinfo.obj
 0001:00002040       ??0?$__crt_unique_heap_ptr@U__vcrt_ptd@@U__crt_internal_free_policy@@@@QEAA@QEAU__vcrt_ptd@@@Z 0000000180003040 f i libvcruntimed:per_thread_data.obj
 0001:00002040       ??0?$__crt_unique_handle_t@U__crt_hmodule_traits@@@@QEAA@QEAUHINSTANCE__@@@Z 0000000180003040 f i libucrtd:exit.obj
 0001:00002040       ??0?$__crt_unique_heap_ptr@U__acrt_ptd@@U__crt_internal_free_policy@@@@QEAA@QEAU__acrt_ptd@@@Z 0000000180003040 f i libucrtd:per_thread_data.obj
 0001:00002040       ??0?$__crt_unique_handle_t@U__crt_findfile_traits@@@@QEAA@QEAX@Z 0000000180003040 f i libucrtd:argv_wildcards.obj
 0001:00002040       ??0__crt_stdio_stream@@QEAA@QEAU_iobuf@@@Z 0000000180003040 f i libucrtd:output.obj
 0001:00002060       ??1?$__crt_unique_heap_ptr@PEAU__crt_stdio_stream_data@@U__crt_internal_free_policy@@@@QEAA@XZ 0000000180003060 f i libucrtd:_file.obj
 0001:00002060       ??1?$__crt_unique_heap_ptr@U__crt_lowio_handle_data@@U__crt_internal_free_policy@@@@QEAA@XZ 0000000180003060 f i libucrtd:osfinfo.obj
 0001:00002060       ??1?$__crt_unique_heap_ptr@DU__crt_internal_free_policy@@@@QEAA@XZ 0000000180003060 f i libvcruntimed:std_type_info.obj
 0001:00002060       ??1?$__crt_unique_heap_ptr@U__acrt_ptd@@U__crt_internal_free_policy@@@@QEAA@XZ 0000000180003060 f i libucrtd:per_thread_data.obj
 0001:00002060       ??1?$__crt_unique_heap_ptr@U__crt_multibyte_data@@U__crt_internal_free_policy@@@@QEAA@XZ 0000000180003060 f i libucrtd:mbctype.obj
 0001:00002060       ??1?$__crt_unique_heap_ptr@PEADU__crt_internal_free_policy@@@@QEAA@XZ 0000000180003060 f i libucrtd:argv_parsing.obj
 0001:00002060       ??1?$__crt_unique_heap_ptr@EU__crt_internal_free_policy@@@@QEAA@XZ 0000000180003060 f i libucrtd:argv_parsing.obj
 0001:00002060       ??1?$__crt_unique_heap_ptr@U__vcrt_ptd@@U__crt_internal_free_policy@@@@QEAA@XZ 0000000180003060 f i libvcruntimed:per_thread_data.obj
 0001:00002080       ??B?$__crt_unique_heap_ptr@U__vcrt_ptd@@U__crt_internal_free_policy@@@@QEBA_NXZ 0000000180003080 f i libvcruntimed:per_thread_data.obj
 0001:00002080       ??B?$__crt_unique_heap_ptr@EU__crt_internal_free_policy@@@@QEBA_NXZ 0000000180003080 f i libucrtd:argv_parsing.obj
 0001:00002080       ??B?$__crt_unique_heap_ptr@U__crt_lowio_handle_data@@U__crt_internal_free_policy@@@@QEBA_NXZ 0000000180003080 f i libucrtd:osfinfo.obj
 0001:00002080       ??B?$__crt_unique_heap_ptr@DU__crt_public_free_policy@@@@QEBA_NXZ 0000000180003080 f i libvcruntimed:std_exception.obj
 0001:00002080       ??B?$__crt_unique_heap_ptr@DU__crt_internal_free_policy@@@@QEBA_NXZ 0000000180003080 f i libvcruntimed:std_type_info.obj
 0001:00002080       ??B?$__crt_unique_heap_ptr@U__crt_multibyte_data@@U__crt_internal_free_policy@@@@QEBA_NXZ 0000000180003080 f i libucrtd:mbctype.obj
 0001:00002080       ??B?$__crt_unique_heap_ptr@U__acrt_ptd@@U__crt_internal_free_policy@@@@QEBA_NXZ 0000000180003080 f i libucrtd:per_thread_data.obj
 0001:000020a0       ?get@?$__crt_unique_heap_ptr@PEADU__crt_internal_free_policy@@@@QEBAPEAPEADXZ 00000001800030a0 f i libucrtd:argv_parsing.obj
 0001:000020a0       ?get@?$__crt_unique_heap_ptr@U__crt_lowio_handle_data@@U__crt_internal_free_policy@@@@QEBAPEAU__crt_lowio_handle_data@@XZ 00000001800030a0 f i libucrtd:osfinfo.obj
 0001:000020a0       ?get@?$__crt_unique_heap_ptr@DU__crt_public_free_policy@@@@QEBAPEADXZ 00000001800030a0 f i libvcruntimed:std_exception.obj
 0001:000020a0       ?get@?$__crt_unique_handle_t@U__crt_findfile_traits@@@@QEBAPEAXXZ 00000001800030a0 f i libucrtd:argv_wildcards.obj
 0001:000020a0       ?get@?$__crt_unique_heap_ptr@U__crt_multibyte_data@@U__crt_internal_free_policy@@@@QEBAPEAU__crt_multibyte_data@@XZ 00000001800030a0 f i libucrtd:mbctype.obj
 0001:000020a0       ?get@?$__crt_unique_heap_ptr@U__acrt_ptd@@U__crt_internal_free_policy@@@@QEBAPEAU__acrt_ptd@@XZ 00000001800030a0 f i libucrtd:per_thread_data.obj
 0001:000020a0       ?get@?$__crt_unique_heap_ptr@EU__crt_internal_free_policy@@@@QEBAPEAEXZ 00000001800030a0 f i libucrtd:argv_parsing.obj
 0001:000020a0       ?save_state@?$c_string_character_source@_W@__crt_strtox@@QEBAPEB_WXZ 00000001800030a0 f i libucrtd:atox.obj
 0001:000020a0       ?get@?$__crt_unique_heap_ptr@U__vcrt_ptd@@U__crt_internal_free_policy@@@@QEBAPEAU__vcrt_ptd@@XZ 00000001800030a0 f i libvcruntimed:per_thread_data.obj
 0001:000020a0       ?get@?$__crt_unique_handle_t@U__crt_hmodule_traits@@@@QEBAPEAUHINSTANCE__@@XZ 00000001800030a0 f i libucrtd:exit.obj
 0001:000020a0       ?get@?$__crt_scoped_stack_ptr@_W@@QEBAPEA_WXZ 00000001800030a0 f i libucrtd:getstringtypea.obj
 0001:000020a0       ?save_state@?$c_string_character_source@D@__crt_strtox@@QEBAPEBDXZ 00000001800030a0 f i libucrtd:atox.obj
 0001:000020a0       ?get@?$__crt_unique_heap_ptr@DU__crt_internal_free_policy@@@@QEBAPEADXZ 00000001800030a0 f i libvcruntimed:std_type_info.obj
 0001:000020a0       ?public_stream@__crt_stdio_stream@@QEBAPEAU_iobuf@@XZ 00000001800030a0 f i libucrtd:output.obj
 0001:000020a0       ??C__crt_stdio_stream@@QEBAPEAU__crt_stdio_stream_data@@XZ 00000001800030a0 f i libucrtd:output.obj
 0001:000020b0       ?is_valid@?$__crt_unique_heap_ptr@DU__crt_internal_free_policy@@@@QEBA_NXZ 00000001800030b0 f i libvcruntimed:std_type_info.obj
 0001:000020b0       ?valid@__crt_stdio_stream@@QEBA_NXZ 00000001800030b0 f i libucrtd:output.obj
 0001:000020b0       ?is_valid@?$__crt_unique_heap_ptr@U__vcrt_ptd@@U__crt_internal_free_policy@@@@QEBA_NXZ 00000001800030b0 f i libvcruntimed:per_thread_data.obj
 0001:000020b0       ?is_valid@?$__crt_unique_heap_ptr@U__crt_multibyte_data@@U__crt_internal_free_policy@@@@QEBA_NXZ 00000001800030b0 f i libucrtd:mbctype.obj
 0001:000020b0       ??B?$__crt_scoped_stack_ptr@_W@@QEBA_NXZ 00000001800030b0 f i libucrtd:lcmapstringa.obj
 0001:000020b0       ?is_valid@?$__crt_unique_heap_ptr@DU__crt_public_free_policy@@@@QEBA_NXZ 00000001800030b0 f i libvcruntimed:std_exception.obj
 0001:000020b0       ?is_valid@?$__crt_unique_heap_ptr@U__crt_lowio_handle_data@@U__crt_internal_free_policy@@@@QEBA_NXZ 00000001800030b0 f i libucrtd:osfinfo.obj
 0001:000020b0       ?is_valid@?$__crt_unique_heap_ptr@EU__crt_internal_free_policy@@@@QEBA_NXZ 00000001800030b0 f i libucrtd:argv_parsing.obj
 0001:000020b0       ?is_valid@?$__crt_unique_heap_ptr@U__acrt_ptd@@U__crt_internal_free_policy@@@@QEBA_NXZ 00000001800030b0 f i libucrtd:per_thread_data.obj
 0001:000020e0       ?release@?$__crt_unique_heap_ptr@U__acrt_ptd@@U__crt_internal_free_policy@@@@QEAAXXZ 00000001800030e0 f i libucrtd:per_thread_data.obj
 0001:000020e0       ?release@?$__crt_unique_heap_ptr@DU__crt_internal_free_policy@@@@QEAAXXZ 00000001800030e0 f i libvcruntimed:std_type_info.obj
 0001:000020e0       ?release@?$__crt_unique_heap_ptr@U__crt_lowio_handle_data@@U__crt_internal_free_policy@@@@QEAAXXZ 00000001800030e0 f i libucrtd:osfinfo.obj
 0001:000020e0       ?release@?$__crt_unique_heap_ptr@EU__crt_internal_free_policy@@@@QEAAXXZ 00000001800030e0 f i libucrtd:argv_parsing.obj
 0001:000020e0       ?release@?$__crt_unique_heap_ptr@PEADU__crt_internal_free_policy@@@@QEAAXXZ 00000001800030e0 f i libucrtd:argv_parsing.obj
 0001:000020e0       ?release@?$__crt_unique_heap_ptr@PEAU__crt_stdio_stream_data@@U__crt_internal_free_policy@@@@QEAAXXZ 00000001800030e0 f i libucrtd:_file.obj
 0001:000020e0       ?release@?$__crt_unique_heap_ptr@U__vcrt_ptd@@U__crt_internal_free_policy@@@@QEAAXXZ 00000001800030e0 f i libvcruntimed:per_thread_data.obj
 0001:000020e0       ?release@?$__crt_unique_heap_ptr@U__crt_multibyte_data@@U__crt_internal_free_policy@@@@QEAAXXZ 00000001800030e0 f i libucrtd:mbctype.obj
 0001:00002110       __std_type_info_compare    0000000180003110 f   libvcruntimed:std_type_info.obj
 0001:00002150       __std_type_info_destroy_list 0000000180003150 f   libvcruntimed:std_type_info.obj
 0001:000021b0       __vcrt_initialize          00000001800031b0 f   libvcruntimed:initialization.obj
 0001:000021f0       __vcrt_thread_attach       00000001800031f0 f   libvcruntimed:initialization.obj
 0001:00002210       __vcrt_thread_detach       0000000180003210 f   libvcruntimed:initialization.obj
 0001:00002230       __vcrt_uninitialize        0000000180003230 f   libvcruntimed:initialization.obj
 0001:00002250       __vcrt_uninitialize_critical 0000000180003250 f   libvcruntimed:initialization.obj
 0001:00002270       __DestructExceptionObject  0000000180003270 f   libvcruntimed:ehhelpers.obj
 0001:00002370       ?_CallMemberFunction0@@YAXQEAX0@Z 0000000180003370 f i libvcruntimed:ehhelpers.obj
 0001:00002440       _IsExceptionObjectToBeDestroyed 0000000180003440 f   libvcruntimed:ehhelpers.obj
 0001:00002490       __AdjustPointer            0000000180003490 f   libvcruntimed:ehhelpers.obj
 0001:00002510       __FrameUnwindFilter        0000000180003510 f   libvcruntimed:ehhelpers.obj
 0001:000025d0       _NLG_Notify                00000001800035d0 f   libvcruntimed:notify.obj
 0001:000025f0       __NLG_Dispatch2            00000001800035f0 f   libvcruntimed:notify.obj
 0001:00002600       __NLG_Return2              0000000180003600 f   libvcruntimed:notify.obj
 0001:00002610       __except_validate_context_record 0000000180003610 f   libvcruntimed:jbcxrval.obj
 0001:00002670       _vsprintf_s_l              0000000180003670 f i libvcruntimed:undname.obj
 0001:000026e0       sprintf_s                  00000001800036e0 f i libvcruntimed:undname.obj
 0001:00002780       ?detach@?$__crt_unique_heap_ptr@DU__crt_public_free_policy@@@@QEAAPEADXZ 0000000180003780 f i libvcruntimed:std_exception.obj
 0001:00002780       ?detach@?$__crt_unique_heap_ptr@PEAU__crt_stdio_stream_data@@U__crt_internal_free_policy@@@@QEAAPEAPEAU__crt_stdio_stream_data@@XZ 0000000180003780 f i libucrtd:_file.obj
 0001:00002780       ?detach@?$__crt_unique_heap_ptr@PEADU__crt_internal_free_policy@@@@QEAAPEAPEADXZ 0000000180003780 f i libucrtd:argv_parsing.obj
 0001:00002780       ?detach@?$__crt_unique_heap_ptr@U__vcrt_ptd@@U__crt_internal_free_policy@@@@QEAAPEAU__vcrt_ptd@@XZ 0000000180003780 f i libvcruntimed:per_thread_data.obj
 0001:00002780       ?detach@?$__crt_unique_heap_ptr@U__crt_lowio_handle_data@@U__crt_internal_free_policy@@@@QEAAPEAU__crt_lowio_handle_data@@XZ 0000000180003780 f i libucrtd:osfinfo.obj
 0001:00002780       ?detach@?$__crt_unique_heap_ptr@EU__crt_internal_free_policy@@@@QEAAPEAEXZ 0000000180003780 f i libucrtd:argv_parsing.obj
 0001:00002780       ?detach@?$__crt_unique_heap_ptr@U__crt_multibyte_data@@U__crt_internal_free_policy@@@@QEAAPEAU__crt_multibyte_data@@XZ 0000000180003780 f i libucrtd:mbctype.obj
 0001:00002780       ?detach@?$__crt_unique_heap_ptr@U__acrt_ptd@@U__crt_internal_free_policy@@@@QEAAPEAU__acrt_ptd@@XZ 0000000180003780 f i libucrtd:per_thread_data.obj
 0001:000027f0       __vcrt_freefls             00000001800037f0 f   libvcruntimed:per_thread_data.obj
 0001:00002830       __vcrt_freeptd             0000000180003830 f   libvcruntimed:per_thread_data.obj
 0001:00002890       __vcrt_getptd              0000000180003890 f   libvcruntimed:per_thread_data.obj
 0001:000028c0       __vcrt_getptd_noexit       00000001800038c0 f   libvcruntimed:per_thread_data.obj
 0001:00002a60       __vcrt_initialize_ptd      0000000180003a60 f   libvcruntimed:per_thread_data.obj
 0001:00002ab0       __vcrt_uninitialize_ptd    0000000180003ab0 f   libvcruntimed:per_thread_data.obj
 0001:00002ae0       __vcrt_initialize_locks    0000000180003ae0 f   libvcruntimed:locks.obj
 0001:00002b50       __vcrt_uninitialize_locks  0000000180003b50 f   libvcruntimed:locks.obj
 0001:00002bc0       memcpy_repmovs             0000000180003bc0 f   libvcruntimed:memcpy.obj
 0001:00002be0       memmove                    0000000180003be0 f   libvcruntimed:memcpy.obj
 0001:00002be0       memcpy                     0000000180003be0 f   libvcruntimed:memcpy.obj
 0001:00002fc0       ??$?0AEAViterator@TryBlockMap@__FrameHandler3@@AEAV012@$0A@@?$pair@Viterator@TryBlockMap@__FrameHandler3@@V123@@std@@QEAA@AEAViterator@TryBlockMap@__FrameHandler3@@0@Z 0000000180003fc0 f i libvcruntimed:risctrnsctrl.obj
 0001:000030d0       ??$_CallSETranslator@V__FrameHandler3@@@@YAHPEAUEHExceptionRecord@@PEA_KPEAU_CONTEXT@@PEAU_xDISPATCHER_CONTEXT@@PEBU_s_FuncInfo@@K1@Z 00000001800040d0 f i libvcruntimed:risctrnsctrl.obj
 0001:00003160       ??$forward@AEAViterator@TryBlockMap@__FrameHandler3@@@std@@YAAEAViterator@TryBlockMap@__FrameHandler3@@AEAV123@@Z 0000000180004160 f i libvcruntimed:risctrnsctrl.obj
 0001:00003160       ?debug_info@?$__crt_win32_buffer@DU__crt_win32_buffer_no_resizing@@@@QEBAAEBV__crt_win32_buffer_empty_debug_info@@XZ 0000000180004160 f i libucrtd:getmodulefilenamea.obj
 0001:00003160       ?dangerous_get_state_array@?$dual_state_global@PEAU__crt_multibyte_data@@@__crt_state_management@@QEAAPEAPEAU__crt_multibyte_data@@XZ 0000000180004160 f i libucrtd:mbctype.obj
 0001:00003160       ?debug_info@?$__crt_win32_buffer@_WU__crt_win32_buffer_internal_dynamic_resizing@@@@QEBAAEBV__crt_win32_buffer_empty_debug_info@@XZ 0000000180004160 f i libucrtd:argv_wildcards.obj
 0001:00003160       ?debug_info@?$__crt_win32_buffer@DU__crt_win32_buffer_internal_dynamic_resizing@@@@QEBAAEBV__crt_win32_buffer_empty_debug_info@@XZ 0000000180004160 f i libucrtd:argv_wildcards.obj
 0001:00003160       ?dangerous_get_state_array@?$dual_state_global@PEAU__crt_locale_data@@@__crt_state_management@@QEAAPEAPEAU__crt_locale_data@@XZ 0000000180004160 f i libucrtd:per_thread_data.obj
 0001:00003160       ?get_address_of@?$__crt_unique_heap_ptr@PEADU__crt_internal_free_policy@@@@QEAAPEAPEAPEADXZ 0000000180004160 f i libucrtd:argv_parsing.obj
 0001:00003160       ?dangerous_get_state_array@?$dual_state_global@PEAE@__crt_state_management@@QEAAPEAPEAEXZ 0000000180004160 f i libucrtd:mbctype.obj
 0001:00003160       ?get_address_of@?$__crt_unique_handle_t@U__crt_hmodule_traits@@@@QEAAPEAPEAUHINSTANCE__@@XZ 0000000180004160 f i libucrtd:exit.obj
 0001:00003160       ?dangerous_get_state_array@?$dual_state_global@P6AXPEB_W00I_K@Z@__crt_state_management@@QEAAPEAP6AXPEB_W00I_K@ZXZ 0000000180004160 f i libucrtd:invalid_parameter.obj
 0001:00003170       ??0iterator@HandlerMap@__FrameHandler3@@QEAA@AEAV12@I@Z 0000000180004170 f i libvcruntimed:frame.obj
 0001:00003170       ??0iterator@TryBlockMap@__FrameHandler3@@QEAA@AEAV12@I@Z 0000000180004170 f i libvcruntimed:risctrnsctrl.obj
 0001:000031a0       ?CatchTryBlock@__FrameHandler3@@SAPEBU_s_TryBlockMapEntry@@PEBU_s_FuncInfo@@H@Z 00000001800041a0 f   libvcruntimed:risctrnsctrl.obj
 0001:00003230       ?ExecutionInCatch@__FrameHandler3@@SA_NPEAU_xDISPATCHER_CONTEXT@@PEBU_s_FuncInfo@@@Z 0000000180004230 f   libvcruntimed:risctrnsctrl.obj
 0001:00003280       ?FrameUnwindToEmptyState@__FrameHandler3@@SAXPEA_KPEAU_xDISPATCHER_CONTEXT@@PEBU_s_FuncInfo@@@Z 0000000180004280 f   libvcruntimed:risctrnsctrl.obj
 0001:00003320       ?GetEstablisherFrame@__FrameHandler3@@SAPEA_KPEA_KPEAU_xDISPATCHER_CONTEXT@@PEBU_s_FuncInfo@@0@Z 0000000180004320 f   libvcruntimed:risctrnsctrl.obj
 0001:00003490       ?GetRangeOfTrysToCheck@__FrameHandler3@@SA?AU?$pair@Viterator@TryBlockMap@__FrameHandler3@@V123@@std@@AEAVTryBlockMap@1@HPEAU_xDISPATCHER_CONTEXT@@PEBU_s_FuncInfo@@H@Z 0000000180004490 f   libvcruntimed:risctrnsctrl.obj
 0001:000036d0       ?UnwindNestedFrames@__FrameHandler3@@SAXPEA_KPEAUEHExceptionRecord@@PEAU_CONTEXT@@0PEAXPEBU_s_FuncInfo@@HHPEBU_s_HandlerType@@PEAU_xDISPATCHER_CONTEXT@@E@Z 00000001800046d0 f   libvcruntimed:risctrnsctrl.obj
 0001:00003840       _CreateFrameInfo           0000000180004840 f   libvcruntimed:risctrnsctrl.obj
 0001:000038b0       _FindAndUnlinkFrame        00000001800048b0 f   libvcruntimed:risctrnsctrl.obj
 0001:00003930       _GetImageBase              0000000180004930 f   libvcruntimed:risctrnsctrl.obj
 0001:00003950       _GetThrowImageBase         0000000180004950 f   libvcruntimed:risctrnsctrl.obj
 0001:00003970       _SetImageBase              0000000180004970 f   libvcruntimed:risctrnsctrl.obj
 0001:00003990       _SetThrowImageBase         0000000180004990 f   libvcruntimed:risctrnsctrl.obj
 0001:000039b0       __CxxFrameHandler3         00000001800049b0 f   libvcruntimed:risctrnsctrl.obj
 0001:00003a90       ??$__crt_interlocked_exchange_pointer@UHINSTANCE__@@PEAX@@YAPEAUHINSTANCE__@@PEDSEAU0@QEAX@Z 0000000180004a90 f i libvcruntimed:winapi_downlevel.obj
 0001:00003a90       ??$__crt_interlocked_exchange_pointer@UHINSTANCE__@@PEAU1@@@YAPEAUHINSTANCE__@@PEDSEAU0@QEAU0@@Z 0000000180004a90 f i libvcruntimed:winapi_downlevel.obj
 0001:00003a90       ??$__crt_interlocked_exchange_pointer@XPEAX@@YAPEAXPEDSEAXQEAX@Z 0000000180004a90 f i libvcruntimed:winapi_downlevel.obj
 0001:00003ab0       ?get_invalid_value@__crt_findfile_traits@@SAPEAXXZ 0000000180004ab0 f   libucrtd:argv_wildcards.obj
 0001:00003fa0       __vcrt_FlsAlloc            0000000180004fa0 f   libvcruntimed:winapi_downlevel.obj
 0001:00003ff0       __vcrt_FlsFree             0000000180004ff0 f   libvcruntimed:winapi_downlevel.obj
 0001:00004040       __vcrt_FlsGetValue         0000000180005040 f   libvcruntimed:winapi_downlevel.obj
 0001:00004090       __vcrt_FlsSetValue         0000000180005090 f   libvcruntimed:winapi_downlevel.obj
 0001:000040f0       __vcrt_InitializeCriticalSectionEx 00000001800050f0 f   libvcruntimed:winapi_downlevel.obj
 0001:00004160       ?GetCurrentState@__FrameHandler3@@SAHPEA_KPEAU_xDISPATCHER_CONTEXT@@PEBU_s_FuncInfo@@@Z 0000000180005160 f   libvcruntimed:ehstate.obj
 0001:000041c0       ?GetUnwindTryBlock@__FrameHandler3@@SAHPEA_KPEAU_xDISPATCHER_CONTEXT@@PEBU_s_FuncInfo@@@Z 00000001800051c0 f   libvcruntimed:ehstate.obj
 0001:00004210       ?SetState@__FrameHandler3@@SAXPEA_KPEBU_s_FuncInfo@@H@Z 0000000180005210 f   libvcruntimed:ehstate.obj
 0001:00004240       ?SetUnwindTryBlock@__FrameHandler3@@SAXPEA_KPEAU_xDISPATCHER_CONTEXT@@PEBU_s_FuncInfo@@H@Z 0000000180005240 f   libvcruntimed:ehstate.obj
 0001:000042b0       ?StateFromControlPc@__FrameHandler3@@SAHPEBU_s_FuncInfo@@PEAU_xDISPATCHER_CONTEXT@@@Z 00000001800052b0 f   libvcruntimed:ehstate.obj
 0001:000042f0       ?StateFromIp@__FrameHandler3@@SAHPEBU_s_FuncInfo@@PEAU_xDISPATCHER_CONTEXT@@_K@Z 00000001800052f0 f   libvcruntimed:ehstate.obj
 0001:000043e0       ?__RVAtoRealOffset@@YA_KPEAU_xDISPATCHER_CONTEXT@@H@Z 00000001800053e0 f i libvcruntimed:ehstate.obj
 0001:000055b0       ??$TypeMatchHelper@V__FrameHandler3@@@@YAHPEBU_s_HandlerType@@PEBU_s_CatchableType@@PEBU_s_ThrowInfo@@@Z 00000001800065b0 f i libvcruntimed:frame.obj
 0001:000057b0       ??$__InternalCxxFrameHandler@V__FrameHandler3@@@@YA?AW4_EXCEPTION_DISPOSITION@@PEAUEHExceptionRecord@@PEA_KPEAU_CONTEXT@@PEAU_xDISPATCHER_CONTEXT@@PEBU_s_FuncInfo@@H1E@Z 00000001800067b0 f i libvcruntimed:frame.obj
 0001:00005c20       ??0HandlerMap@__FrameHandler3@@QEAA@PEBU_s_TryBlockMapEntry@@_KI@Z 0000000180006c20 f i libvcruntimed:frame.obj
 0001:00005c70       ??0TryBlockMap@__FrameHandler3@@QEAA@PEBU_s_FuncInfo@@_K@Z 0000000180006c70 f i libvcruntimed:frame.obj
 0001:00005ca0       ??0bad_exception@std@@QEAA@AEBV01@@Z 0000000180006ca0 f i libvcruntimed:frame.obj
 0001:00005ce0       ??0bad_exception@std@@QEAA@XZ 0000000180006ce0 f i libvcruntimed:frame.obj
 0001:00005d20       ??0exception@std@@QEAA@AEBV01@@Z 0000000180006d20 f i libvcruntimed:frame.obj
 0001:00005d80       ??0exception@std@@QEAA@QEBDH@Z 0000000180006d80 f i libvcruntimed:frame.obj
 0001:00005dd0       ??1bad_exception@std@@UEAA@XZ 0000000180006dd0 f i libvcruntimed:frame.obj
 0001:00005df0       ??1exception@std@@UEAA@XZ  0000000180006df0 f i libvcruntimed:frame.obj
 0001:00005e20       ??8iterator@HandlerMap@__FrameHandler3@@QEBA_NAEBV012@@Z 0000000180006e20 f i libvcruntimed:frame.obj
 0001:00005e60       ??8type_info@@QEBA_NAEBV0@@Z 0000000180006e60 f i libvcruntimed:frame.obj
 0001:00005eb0       ??9iterator@HandlerMap@__FrameHandler3@@QEBA_NAEBV012@@Z 0000000180006eb0 f i libvcruntimed:frame.obj
 0001:00005ef0       ??Diterator@HandlerMap@__FrameHandler3@@QEAA?BU_s_HandlerType@@XZ 0000000180006ef0 f i libvcruntimed:frame.obj
 0001:00005f30       ??Diterator@TryBlockMap@__FrameHandler3@@QEAA?BU_s_TryBlockMapEntry@@XZ 0000000180006f30 f i libvcruntimed:frame.obj
 0001:00005f80       ??Eiterator@TryBlockMap@__FrameHandler3@@QEAAAEAV012@XZ 0000000180006f80 f i libvcruntimed:frame.obj
 0001:00005f80       ??Eiterator@HandlerMap@__FrameHandler3@@QEAAAEAV012@XZ 0000000180006f80 f i libvcruntimed:frame.obj
 0001:00005fa0       ??Miterator@TryBlockMap@__FrameHandler3@@QEBA_NAEBV012@@Z 0000000180006fa0 f i libvcruntimed:frame.obj
 0001:00005fe0       ??_Gbad_exception@std@@UEAAPEAXI@Z 0000000180006fe0 f i libvcruntimed:frame.obj
 0001:00005fe0       ??_Ebad_exception@std@@UEAAPEAXI@Z 0000000180006fe0 f i libvcruntimed:frame.obj
 0001:00006020       ??_Gexception@std@@UEAAPEAXI@Z 0000000180007020 f i libvcruntimed:frame.obj
 0001:00006020       ??_Eexception@std@@UEAAPEAXI@Z 0000000180007020 f i libvcruntimed:frame.obj
 0001:00006060       ?BuildCatchObject@__FrameHandler3@@SAXPEAUEHExceptionRecord@@PEAXPEBU_s_HandlerType@@PEBU_s_CatchableType@@@Z 0000000180007060 f   libvcruntimed:frame.obj
 0001:000060a0       ?CxxCallCatchBlock@__FrameHandler3@@SAPEAXPEAU_EXCEPTION_RECORD@@@Z 00000001800070a0 f   libvcruntimed:frame.obj
 0001:00006400       ?FrameUnwindToState@__FrameHandler3@@SAXPEA_KPEAU_xDISPATCHER_CONTEXT@@PEBU_s_FuncInfo@@H@Z 0000000180007400 f   libvcruntimed:frame.obj
 0001:00006650       ?GetHandlerSearchState@__FrameHandler3@@SAHPEA_KPEAU_xDISPATCHER_CONTEXT@@PEBU_s_FuncInfo@@@Z 0000000180007650 f i libvcruntimed:frame.obj
 0001:00006700       ?GetMaxState@__FrameHandler3@@SAHPEAU_xDISPATCHER_CONTEXT@@PEBU_s_FuncInfo@@@Z 0000000180007700 f i libvcruntimed:frame.obj
 0001:00006900       __TypeMatch                0000000180007900 f   libvcruntimed:frame.obj
 0001:00006900       ?TypeMatch@__FrameHandler3@@SAHPEBU_s_HandlerType@@PEBU_s_CatchableType@@PEBU_s_ThrowInfo@@@Z 0000000180007900 f   libvcruntimed:frame.obj
 0001:00006930       ?_CallMemberFunction1@@YAXQEAX00@Z 0000000180007930 f i libvcruntimed:frame.obj
 0001:00006970       ?_CallMemberFunction2@@YAXQEAX00H@Z 0000000180007970 f i libvcruntimed:frame.obj
 0001:00006a00       ?begin@HandlerMap@__FrameHandler3@@QEAA?AViterator@12@XZ 0000000180007a00 f i libvcruntimed:frame.obj
 0001:00006a30       ?end@HandlerMap@__FrameHandler3@@QEAA?AViterator@12@XZ 0000000180007a30 f i libvcruntimed:frame.obj
 0001:00006a60       ?getESTypes@__FrameHandler3@@SAPEBU_s_ESTypeList@@PEBU_s_FuncInfo@@@Z 0000000180007a60 f i libvcruntimed:frame.obj
 0001:00006aa0       ?getLastEntry@HandlerMap@__FrameHandler3@@QEAAPEBU_s_HandlerType@@XZ 0000000180007aa0 f i libvcruntimed:frame.obj
 0001:00006ac0       ?getMagicNum@__FrameHandler3@@SAIPEBU_s_FuncInfo@@@Z 0000000180007ac0 f i libvcruntimed:frame.obj
 0001:00006ae0       ?getNumTryBlocks@TryBlockMap@__FrameHandler3@@QEAAIXZ 0000000180007ae0 f i libvcruntimed:frame.obj
 0001:00006b00       ?isEHs@__FrameHandler3@@SA_NPEBU_s_FuncInfo@@@Z 0000000180007b00 f i libvcruntimed:frame.obj
 0001:00006b40       ?isNoExcept@__FrameHandler3@@SA_NPEBU_s_FuncInfo@@@Z 0000000180007b40 f i libvcruntimed:frame.obj
 0001:00006b80       ?what@exception@std@@UEBAPEBDXZ 0000000180007b80 f i libvcruntimed:frame.obj
 0001:00006bc0       __vcrt_EncodePointer       0000000180007bc0 f i libvcruntimed:frame.obj
 0001:00006bf0       memset_repmovs             0000000180007bf0 f   libvcruntimed:memset.obj
 0001:00006c10       memset                     0000000180007c10 f   libvcruntimed:memset.obj
 0001:00006db0       _CallSettingFrame          0000000180007db0 f   libvcruntimed:handlers.obj
 0001:00006e00       _CallSettingFrame_LookupContinuationIndex 0000000180007e00 f   libvcruntimed:handlers.obj
 0001:00006e30       _CallSettingFrame_NotifyContinuationAddr 0000000180007e30 f   libvcruntimed:handlers.obj
 0001:00006e60       _CallSettingFrameEncoded   0000000180007e60 f   libvcruntimed:handlers.obj
 0001:00006eb0       ??$?RD@__crt_public_free_policy@@QEBAXQEBD@Z 0000000180007eb0 f i libvcruntimed:std_exception.obj
 0001:00006ed0       ??1?$__crt_unique_heap_ptr@DU__crt_public_free_policy@@@@QEAA@XZ 0000000180007ed0 f i libvcruntimed:std_exception.obj
 0001:00006ef0       ?release@?$__crt_unique_heap_ptr@DU__crt_public_free_policy@@@@QEAAXXZ 0000000180007ef0 f i libvcruntimed:std_exception.obj
 0001:00006f20       __std_exception_copy       0000000180007f20 f   libvcruntimed:std_exception.obj
 0001:00007060       __std_exception_destroy    0000000180008060 f   libvcruntimed:std_exception.obj
 0001:000070a0       _CxxThrowException         00000001800080a0 f   libvcruntimed:throw.obj
 0001:000071d0       _initterm                  00000001800081d0 f   libucrtd:initterm.obj
 0001:00007230       _initterm_e                0000000180008230 f   libucrtd:initterm.obj
 0001:00007320       _seh_filter_dll            0000000180008320 f   libucrtd:exception_filter.obj
 0001:00007350       _seh_filter_exe            0000000180008350 f   libucrtd:exception_filter.obj
 0001:000075f0       ??$?B$$A6AXPEAXK0@Z@__crt_fast_encoded_nullptr_t@@QEBAP6AXPEAXK0@ZXZ 00000001800085f0 f i libucrtd:exit.obj
 0001:000075f0       ??$?BX@__crt_fast_encoded_nullptr_t@@QEBAPEAXXZ 00000001800085f0 f i libucrtd:initialization.obj
 0001:000075f0       ??$?B$$A6AXXZ@__crt_fast_encoded_nullptr_t@@QEBAP6AXXZXZ 00000001800085f0 f i libucrtd:onexit.obj
 0001:000075f0       ??$?BP6AXXZ@__crt_fast_encoded_nullptr_t@@QEBAPEAP6AXXZXZ 00000001800085f0 f i libucrtd:onexit.obj
 0001:000075f0       ??$?B$$A6AXH@Z@__crt_fast_encoded_nullptr_t@@QEBAP6AXH@ZXZ 00000001800085f0 f i libucrtd:signal.obj
 0001:000076a0       ??$__crt_fast_decode_pointer@P6AXPEB_W00I_K@Z@@YAP6AXPEB_W00I_K@ZQ6AX000I1@Z@Z 00000001800086a0 f i libucrtd:invalid_parameter.obj
 0001:000076a0       ??$__crt_fast_decode_pointer@P6AXH@Z@@YAP6AXH@ZQ6AXH@Z@Z 00000001800086a0 f i libucrtd:signal.obj
 0001:000076a0       ??$__crt_fast_decode_pointer@P6AXXZ@@YAP6AXXZQ6AXXZ@Z 00000001800086a0 f i libucrtd:onexit.obj
 0001:000076a0       ??$__crt_fast_decode_pointer@PEAP6AXXZ@@YAPEAP6AXXZQEAP6AXXZ@Z 00000001800086a0 f i libucrtd:onexit.obj
 0001:000076a0       ??$__crt_fast_decode_pointer@PEAX@@YAPEAXQEAX@Z 00000001800086a0 f i libucrtd:winapi_thunks.obj
 0001:000076a0       ??$__crt_fast_decode_pointer@P6AH_K@Z@@YAP6AH_K@ZQ6AH0@Z@Z 00000001800086a0 f i libucrtd:new_handler.obj
 0001:000076a0       ??$__crt_fast_decode_pointer@P6AXPEAXK0@Z@@YAP6AXPEAXK0@ZQ6AX0K0@Z@Z 00000001800086a0 f i libucrtd:exit.obj
 0001:000076a0       ??$__crt_fast_decode_pointer@P6AHPEAU_exception@@@Z@@YAP6AHPEAU_exception@@@ZQ6AH0@Z@Z 00000001800086a0 f i libucrtd:matherr.obj
 0001:000076e0       ??$__crt_fast_encode_pointer@P6AXH@Z@@YAP6AXH@ZQ6AXH@Z@Z 00000001800086e0 f i libucrtd:signal.obj
 0001:000076e0       ??$__crt_fast_encode_pointer@P6AXXZ@@YAP6AXXZQ6AXXZ@Z 00000001800086e0 f i libucrtd:onexit.obj
 0001:000076e0       ??$__crt_fast_encode_pointer@P6AXPEAXK0@Z@@YAP6AXPEAXK0@ZQ6AX0K0@Z@Z 00000001800086e0 f i libucrtd:exit.obj
 0001:000076e0       ??$__crt_fast_encode_pointer@PEAX@@YAPEAXQEAX@Z 00000001800086e0 f i libucrtd:initialization.obj
 0001:000076e0       ??$__crt_fast_encode_pointer@PEAP6AXXZ@@YAPEAP6AXXZQEAP6AXXZ@Z 00000001800086e0 f i libucrtd:onexit.obj
 0001:00007720       ??$__crt_get_proc_address@P6AXI@Z@@YAP6AXI@ZQEAUHINSTANCE__@@QEBD@Z 0000000180008720 f i libucrtd:exit.obj
 0001:00007750       ??$__crt_interlocked_read@J@@YAJPEDJ@Z 0000000180008750 f i libucrtd:exit.obj
 0001:000077e0       ??1?$__crt_unique_handle_t@U__crt_hmodule_traits@@@@QEAA@XZ 00000001800087e0 f i libucrtd:exit.obj
 0001:00007940       ?__acrt_select_exit_lock@@YA?AW4__acrt_lock_id@@XZ 0000000180008940 f i libucrtd:exit.obj
 0001:00007950       ?__crt_fast_encode_pointer@@YA?AU__crt_fast_encoded_nullptr_t@@$$T@Z 0000000180008950 f i libucrtd:exit.obj
 0001:00007970       ?__crt_interlocked_read_32@@YAHPEDH@Z 0000000180008970 f i libucrtd:exit.obj
 0001:00007990       ?__crt_rotate_pointer_value@@YA_K_KH@Z 0000000180008990 f i libucrtd:exit.obj
 0001:000079d0       ?close@?$__crt_unique_handle_t@U__crt_hmodule_traits@@@@QEAAXXZ 00000001800089d0 f i libucrtd:exit.obj
 0001:00007a10       ?close@__crt_hmodule_traits@@SA_NPEAUHINSTANCE__@@@Z 0000000180008a10 f i libucrtd:exit.obj
 0001:00007b20       ?get_invalid_value@__crt_hmodule_traits@@SAPEAUHINSTANCE__@@XZ 0000000180008b20 f i libucrtd:exit.obj
 0001:00007b20       ?get_current_state_index@__crt_state_management@@YA_KXZ 0000000180008b20 f i libucrtd:environment_initialization.obj
 0001:00007ce0       __acrt_initialize_thread_local_exit_callback 0000000180008ce0 f   libucrtd:exit.obj
 0001:00007d00       _cexit                     0000000180008d00 f   libucrtd:exit.obj
 0001:00007d20       _exit                      0000000180008d20 f   libucrtd:exit.obj
 0001:00007d40       _is_c_termination_complete 0000000180008d40 f   libucrtd:exit.obj
 0001:000080f0       ??$get_module_file_name@AEAPEAUHINSTANCE__@@AEAY0BAF@DK@?$__crt_char_traits@D@@SAKAEAPEAUHINSTANCE__@@AEAY0BAF@D$$QEAK@Z 00000001800090f0 f i libucrtd:dbgrpt.obj
 0001:000080f0       ??$get_module_file_name@$$TAEAY0BAF@DH@?$__crt_char_traits@D@@SAK$$QEA$$TAEAY0BAF@D$$QEAH@Z 00000001800090f0 f i libucrtd:argv_parsing.obj
 0001:000085c0       ??$set_program_name@PEAD@?$__crt_char_traits@D@@SAX$$QEAPEAD@Z 00000001800095c0 f i libucrtd:argv_parsing.obj
 0001:000086f0       __acrt_allocate_buffer_for_argv 00000001800096f0 f   libucrtd:argv_parsing.obj
 0001:00008810       _configure_narrow_argv     0000000180009810 f   libucrtd:argv_parsing.obj
 0001:00008830       _set_pgmptr                0000000180009830 f i libucrtd:argv_parsing.obj
 0001:00008a60       ??$tcslen@AEAPEAD@?$__crt_char_traits@D@@SA_KAEAPEAD@Z 0000000180009a60 f i libucrtd:environment_initialization.obj
 0001:00008aac       ??B?$__crt_unique_heap_ptr@PEADU__crt_internal_free_policy@@@@QEBA_NXZ 0000000180009aac f i libucrtd:environment_initialization.obj
 0001:00008ab4       ?detach@?$__crt_unique_heap_ptr@DU__crt_internal_free_policy@@@@QEAAPEADXZ 0000000180009ab4 f i libucrtd:environment_initialization.obj
 0001:00008abc       __dcrt_uninitialize_environments_nolock 0000000180009abc f   libucrtd:environment_initialization.obj
 0001:00008af4       _initialize_narrow_environment 0000000180009af4 f   libucrtd:environment_initialization.obj
 0001:00008afc       _invoke_watson_if_error    0000000180009afc f i libucrtd:environment_initialization.obj
 0001:00008e00       _execute_onexit_table      0000000180009e00 f   libucrtd:onexit.obj
 0001:00008e40       _initialize_onexit_table   0000000180009e40 f   libucrtd:onexit.obj
 0001:00008f10       __acrt_uninitialize_command_line 0000000180009f10 f   libucrtd:argv_data.obj
 0001:00009180       ?initialize@?$dual_state_global@PEAU__crt_locale_data@@@__crt_state_management@@QEAAXQEAU__crt_locale_data@@@Z 000000018000a180 f i libucrtd:initialization.obj
 0001:00009180       ?initialize@?$dual_state_global@P6AHPEAU_exception@@@Z@__crt_state_management@@QEAAXQ6AHPEAU_exception@@@Z@Z 000000018000a180 f i libucrtd:matherr.obj
 0001:00009180       ?initialize@?$dual_state_global@PEAU__crt_multibyte_data@@@__crt_state_management@@QEAAXQEAU__crt_multibyte_data@@@Z 000000018000a180 f i libucrtd:mbctype.obj
 0001:00009180       ?initialize@?$dual_state_global@P6AXH@Z@__crt_state_management@@QEAAXQ6AXH@Z@Z 000000018000a180 f i libucrtd:signal.obj
 0001:00009180       ?initialize@?$dual_state_global@P6AH_K@Z@__crt_state_management@@QEAAXQ6AH_K@Z@Z 000000018000a180 f i libucrtd:new_handler.obj
 0001:000091d0       __acrt_initialize          000000018000a1d0 f   libucrtd:initialization.obj
 0001:00009200       __acrt_thread_attach       000000018000a200 f   libucrtd:initialization.obj
 0001:00009220       __acrt_thread_detach       000000018000a220 f   libucrtd:initialization.obj
 0001:00009230       __acrt_uninitialize        000000018000a230 f   libucrtd:initialization.obj
 0001:00009260       __acrt_uninitialize_critical 000000018000a260 f   libucrtd:initialization.obj
 0001:00009280       terminate                  000000018000a280 f   libucrtd:terminate.obj
 0001:000092c0       ??0_LocaleUpdate@@QEAA@QEAU__crt_locale_pointers@@@Z 000000018000a2c0 f i libucrtd:debug_heap.obj
 0001:000093e0       ??1_LocaleUpdate@@QEAA@XZ  000000018000a3e0 f i libucrtd:debug_heap.obj
 0001:00009420       ?GetLocaleT@_LocaleUpdate@@QEAAPEAU__crt_locale_pointers@@XZ 000000018000a420 f i libucrtd:debug_heap.obj
 0001:0000b400       _CrtCheckMemory            000000018000c400 f   libucrtd:debug_heap.obj
 0001:0000b590       _CrtDumpMemoryLeaks        000000018000c590 f   libucrtd:debug_heap.obj
 0001:0000b650       _CrtIsValidHeapPointer     000000018000c650 f   libucrtd:debug_heap.obj
 0001:0000b690       _CrtIsValidPointer         000000018000c690 f   libucrtd:debug_heap.obj
 0001:0000b6d0       _CrtMemCheckpoint          000000018000c6d0 f   libucrtd:debug_heap.obj
 0001:0000b950       _CrtMemDumpAllObjectsSince 000000018000c950 f   libucrtd:debug_heap.obj
 0001:0000b9b0       _CrtSetDbgFlag             000000018000c9b0 f   libucrtd:debug_heap.obj
 0001:0000bb10       _CrtSetDumpClient          000000018000cb10 f   libucrtd:debug_heap.obj
 0001:0000bb40       __acrt_get_locale_data_prefix 000000018000cb40 f i libucrtd:debug_heap.obj
 0001:0000bb60       __acrt_locale_changed      000000018000cb60 f i libucrtd:debug_heap.obj
 0001:0000bb90       _calloc_dbg                000000018000cb90 f   libucrtd:debug_heap.obj
 0001:0000bc30       _chvalidchk_l              000000018000cc30 f i libucrtd:debug_heap.obj
 0001:0000bc60       _free_dbg                  000000018000cc60 f   libucrtd:debug_heap.obj
 0001:0000bcd0       _invoke_watson_if_oneof    000000018000ccd0 f i libucrtd:debug_heap.obj
 0001:0000bd30       _ischartype_l              000000018000cd30 f i libucrtd:debug_heap.obj
 0001:0000bdc0       _malloc_dbg                000000018000cdc0 f   libucrtd:debug_heap.obj
 0001:0000be00       _msize_dbg                 000000018000ce00 f   libucrtd:debug_heap.obj
 0001:0000bfa0       _realloc_dbg               000000018000cfa0 f   libucrtd:debug_heap.obj
 0001:0000c010       _recalloc_dbg              000000018000d010 f   libucrtd:debug_heap.obj
 0001:0000c5e0       strcpy_s                   000000018000d5e0 f   libucrtd:strcpy_s.obj
 0001:0000c620       strcmp                     000000018000d620 f   libucrtd:strcmp.obj
 0001:0000c6a0       strlen                     000000018000d6a0 f   libucrtd:strlen.obj
 0001:0000c750       abort                      000000018000d750 f   libucrtd:abort.obj
 0001:0000c7d0       ??$?0AEBV?$string_output_adapter@D@__crt_stdio_output@@AEB_KAEBQEBDAEBQEAU__crt_locale_pointers@@AEBQEAD@?$format_validation_base@DV?$string_output_adapter@D@__crt_stdio_output@@@__crt_stdio_output@@IEAA@AEBV?$string_output_adapter@D@1@AEB_KAEBQEBDAEBQEAU__crt_locale_pointers@@AEBQEAD@Z 000000018000d7d0 f i libucrtd:output.obj
 0001:0000c820       ??$?0AEBV?$string_output_adapter@D@__crt_stdio_output@@AEB_KAEBQEBDAEBQEAU__crt_locale_pointers@@AEBQEAD@?$standard_base@DV?$string_output_adapter@D@__crt_stdio_output@@@__crt_stdio_output@@IEAA@AEBV?$string_output_adapter@D@1@AEB_KAEBQEBDAEBQEAU__crt_locale_pointers@@AEBQEAD@Z 000000018000d820 f i libucrtd:output.obj
 0001:0000c890       ??$?0AEBV?$string_output_adapter@_W@__crt_stdio_output@@AEB_KAEBQEB_WAEBQEAU__crt_locale_pointers@@AEBQEAD@?$format_validation_base@_WV?$string_output_adapter@_W@__crt_stdio_output@@@__crt_stdio_output@@IEAA@AEBV?$string_output_adapter@_W@1@AEB_KAEBQEB_WAEBQEAU__crt_locale_pointers@@AEBQEAD@Z 000000018000d890 f i libucrtd:output.obj
 0001:0000c8e0       ??$?0AEBV?$string_output_adapter@_W@__crt_stdio_output@@AEB_KAEBQEB_WAEBQEAU__crt_locale_pointers@@AEBQEAD@?$standard_base@_WV?$string_output_adapter@_W@__crt_stdio_output@@@__crt_stdio_output@@IEAA@AEBV?$string_output_adapter@_W@1@AEB_KAEBQEB_WAEBQEAU__crt_locale_pointers@@AEBQEAD@Z 000000018000d8e0 f i libucrtd:output.obj
 0001:0000e260       ??$count@D@formatting_buffer@__crt_stdio_output@@QEBA_KXZ 000000018000f260 f i libucrtd:output.obj
 0001:0000e2b0       ??$count@_W@formatting_buffer@__crt_stdio_output@@QEBA_KXZ 000000018000f2b0 f i libucrtd:output.obj
 0001:0000e300       ??$data@D@formatting_buffer@__crt_stdio_output@@QEAAPEADXZ 000000018000f300 f i libucrtd:output.obj
 0001:0000e300       ??$data@_W@formatting_buffer@__crt_stdio_output@@QEAAPEA_WXZ 000000018000f300 f i libucrtd:output.obj
 0001:0000e350       ??$ensure_buffer_is_big_enough@D@formatting_buffer@__crt_stdio_output@@QEAA_N_K@Z 000000018000f350 f i libucrtd:output.obj
 0001:0000e480       ??$ensure_buffer_is_big_enough@_W@formatting_buffer@__crt_stdio_output@@QEAA_N_K@Z 000000018000f480 f i libucrtd:output.obj
 0001:0000e5b0       ??$extract_argument_from_va_list@C_J@?$standard_base@DV?$string_output_adapter@D@__crt_stdio_output@@@__crt_stdio_output@@IEAA_NAEA_J@Z 000000018000f5b0 f i libucrtd:output.obj
 0001:0000e5b0       ??$extract_argument_from_va_list@C_J@?$standard_base@_WV?$string_output_adapter@_W@__crt_stdio_output@@@__crt_stdio_output@@IEAA_NAEA_J@Z 000000018000f5b0 f i libucrtd:output.obj
 0001:0000e5f0       ??$extract_argument_from_va_list@E_J@?$standard_base@_WV?$string_output_adapter@_W@__crt_stdio_output@@@__crt_stdio_output@@IEAA_NAEA_J@Z 000000018000f5f0 f i libucrtd:output.obj
 0001:0000e5f0       ??$extract_argument_from_va_list@E_J@?$standard_base@DV?$string_output_adapter@D@__crt_stdio_output@@@__crt_stdio_output@@IEAA_NAEA_J@Z 000000018000f5f0 f i libucrtd:output.obj
 0001:0000e630       ??$extract_argument_from_va_list@F_J@?$standard_base@_WV?$string_output_adapter@_W@__crt_stdio_output@@@__crt_stdio_output@@IEAA_NAEA_J@Z 000000018000f630 f i libucrtd:output.obj
 0001:0000e630       ??$extract_argument_from_va_list@F_J@?$standard_base@DV?$string_output_adapter@D@__crt_stdio_output@@@__crt_stdio_output@@IEAA_NAEA_J@Z 000000018000f630 f i libucrtd:output.obj
 0001:0000e670       ??$extract_argument_from_va_list@GD@?$standard_base@DV?$string_output_adapter@D@__crt_stdio_output@@@__crt_stdio_output@@IEAA_NAEAD@Z 000000018000f670 f i libucrtd:output.obj
 0001:0000e6a0       ??$extract_argument_from_va_list@G_J@?$standard_base@DV?$string_output_adapter@D@__crt_stdio_output@@@__crt_stdio_output@@IEAA_NAEA_J@Z 000000018000f6a0 f i libucrtd:output.obj
 0001:0000e6a0       ??$extract_argument_from_va_list@G_J@?$standard_base@_WV?$string_output_adapter@_W@__crt_stdio_output@@@__crt_stdio_output@@IEAA_NAEA_J@Z 000000018000f6a0 f i libucrtd:output.obj
 0001:0000e6e0       ??$extract_argument_from_va_list@H_J@?$standard_base@DV?$string_output_adapter@D@__crt_stdio_output@@@__crt_stdio_output@@IEAA_NAEA_J@Z 000000018000f6e0 f i libucrtd:output.obj
 0001:0000e6e0       ??$extract_argument_from_va_list@H_J@?$standard_base@_WV?$string_output_adapter@_W@__crt_stdio_output@@@__crt_stdio_output@@IEAA_NAEA_J@Z 000000018000f6e0 f i libucrtd:output.obj
 0001:0000e710       ??$extract_argument_from_va_list@I_J@?$standard_base@_WV?$string_output_adapter@_W@__crt_stdio_output@@@__crt_stdio_output@@IEAA_NAEA_J@Z 000000018000f710 f i libucrtd:output.obj
 0001:0000e710       ??$extract_argument_from_va_list@I_J@?$standard_base@DV?$string_output_adapter@D@__crt_stdio_output@@@__crt_stdio_output@@IEAA_NAEA_J@Z 000000018000f710 f i libucrtd:output.obj
 0001:0000e740       ??$extract_argument_from_va_list@PEADPEAD@?$standard_base@_WV?$string_output_adapter@_W@__crt_stdio_output@@@__crt_stdio_output@@IEAA_NAEAPEAD@Z 000000018000f740 f i libucrtd:output.obj
 0001:0000e740       ??$extract_argument_from_va_list@PEAXPEAX@?$standard_base@_WV?$string_output_adapter@_W@__crt_stdio_output@@@__crt_stdio_output@@IEAA_NAEAPEAX@Z 000000018000f740 f i libucrtd:output.obj
 0001:0000e740       ??$extract_argument_from_va_list@_J_J@?$standard_base@DV?$string_output_adapter@D@__crt_stdio_output@@@__crt_stdio_output@@IEAA_NAEA_J@Z 000000018000f740 f i libucrtd:output.obj
 0001:0000e740       ??$extract_argument_from_va_list@_K_J@?$standard_base@_WV?$string_output_adapter@_W@__crt_stdio_output@@@__crt_stdio_output@@IEAA_NAEA_J@Z 000000018000f740 f i libucrtd:output.obj
 0001:0000e740       ??$extract_argument_from_va_list@_J_J@?$standard_base@_WV?$string_output_adapter@_W@__crt_stdio_output@@@__crt_stdio_output@@IEAA_NAEA_J@Z 000000018000f740 f i libucrtd:output.obj
 0001:0000e740       ??$extract_argument_from_va_list@PEAXPEAX@?$standard_base@DV?$string_output_adapter@D@__crt_stdio_output@@@__crt_stdio_output@@IEAA_NAEAPEAX@Z 000000018000f740 f i libucrtd:output.obj
 0001:0000e740       ??$extract_argument_from_va_list@_K_J@?$standard_base@DV?$string_output_adapter@D@__crt_stdio_output@@@__crt_stdio_output@@IEAA_NAEA_J@Z 000000018000f740 f i libucrtd:output.obj
 0001:0000e740       ??$extract_argument_from_va_list@PEADPEAD@?$standard_base@DV?$string_output_adapter@D@__crt_stdio_output@@@__crt_stdio_output@@IEAA_NAEAPEAD@Z 000000018000f740 f i libucrtd:output.obj
 0001:0000e7a0       ??$extract_argument_from_va_list@U_CRT_DOUBLE@@U1@@?$standard_base@_WV?$string_output_adapter@_W@__crt_stdio_output@@@__crt_stdio_output@@IEAA_NAEAU_CRT_DOUBLE@@@Z 000000018000f7a0 f i libucrtd:output.obj
 0001:0000e7a0       ??$extract_argument_from_va_list@U_CRT_DOUBLE@@U1@@?$standard_base@DV?$string_output_adapter@D@__crt_stdio_output@@@__crt_stdio_output@@IEAA_NAEAU_CRT_DOUBLE@@@Z 000000018000f7a0 f i libucrtd:output.obj
 0001:0000e7f0       ??$extract_argument_from_va_list@_W_W@?$standard_base@_WV?$string_output_adapter@_W@__crt_stdio_output@@@__crt_stdio_output@@IEAA_NAEA_W@Z 000000018000f7f0 f i libucrtd:output.obj
 0001:0000e7f0       ??$extract_argument_from_va_list@_W_W@?$standard_base@DV?$string_output_adapter@D@__crt_stdio_output@@@__crt_stdio_output@@IEAA_NAEA_W@Z 000000018000f7f0 f i libucrtd:output.obj
 0001:0000e820       ??$is_wide_character_specifier@D@__crt_stdio_output@@YA_N_KDW4length_modifier@0@@Z 000000018000f820 f i libucrtd:output.obj
 0001:0000e8c0       ??$is_wide_character_specifier@_W@__crt_stdio_output@@YA_N_K_WW4length_modifier@0@@Z 000000018000f8c0 f i libucrtd:output.obj
 0001:0000e990       ??$read_va_arg@C@__crt_stdio_output@@YACAEAPEAD@Z 000000018000f990 f i libucrtd:output.obj
 0001:0000e990       ??$read_va_arg@E@__crt_stdio_output@@YAEAEAPEAD@Z 000000018000f990 f i libucrtd:output.obj
 0001:0000ea00       ??$read_va_arg@_W@__crt_stdio_output@@YA_WAEAPEAD@Z 000000018000fa00 f i libucrtd:output.obj
 0001:0000ea00       ??$read_va_arg@G@__crt_stdio_output@@YAGAEAPEAD@Z 000000018000fa00 f i libucrtd:output.obj
 0001:0000ea00       ??$read_va_arg@F@__crt_stdio_output@@YAFAEAPEAD@Z 000000018000fa00 f i libucrtd:output.obj
 0001:0000ea70       ??$read_va_arg@H@__crt_stdio_output@@YAHAEAPEAD@Z 000000018000fa70 f i libucrtd:output.obj
 0001:0000ea70       ??$read_va_arg@I@__crt_stdio_output@@YAIAEAPEAD@Z 000000018000fa70 f i libucrtd:output.obj
 0001:0000ead0       ??$read_va_arg@_J@__crt_stdio_output@@YA_JAEAPEAD@Z 000000018000fad0 f i libucrtd:output.obj
 0001:0000ead0       ??$read_va_arg@_K@__crt_stdio_output@@YA_KAEAPEAD@Z 000000018000fad0 f i libucrtd:output.obj
 0001:0000ead0       ??$read_va_arg@PEAD@__crt_stdio_output@@YAPEADAEAPEAD@Z 000000018000fad0 f i libucrtd:output.obj
 0001:0000ead0       ??$read_va_arg@PEAX@__crt_stdio_output@@YAPEAXAEAPEAD@Z 000000018000fad0 f i libucrtd:output.obj
 0001:0000ead0       ??$read_va_arg@U_CRT_DOUBLE@@@__crt_stdio_output@@YA?AU_CRT_DOUBLE@@AEAPEAD@Z 000000018000fad0 f i libucrtd:output.obj
 0001:0000ebb0       ??$scratch_count@D@formatting_buffer@__crt_stdio_output@@QEBA_KXZ 000000018000fbb0 f i libucrtd:output.obj
 0001:0000ebd0       ??$scratch_data@D@formatting_buffer@__crt_stdio_output@@QEAAPEADXZ 000000018000fbd0 f i libucrtd:output.obj
 0001:0000ec40       ??$tcstol@PEBDPEAPEADH@?$__crt_char_traits@D@@SAJ$$QEAPEBD$$QEAPEAPEAD$$QEAH@Z 000000018000fc40 f i libucrtd:output.obj
 0001:0000ec80       ??$tcstol@PEB_WPEAPEA_WH@?$__crt_char_traits@_W@@SAJ$$QEAPEB_W$$QEAPEAPEA_W$$QEAH@Z 000000018000fc80 f i libucrtd:output.obj
 0001:0000ecc0       ??$type_case_integer_parse_into_buffer@I@?$output_processor@DV?$string_output_adapter@D@__crt_stdio_output@@V?$format_validation_base@DV?$string_output_adapter@D@__crt_stdio_output@@@2@@__crt_stdio_output@@AEAAXII_N@Z 000000018000fcc0 f i libucrtd:output.obj
 0001:0000edf0       ??$type_case_integer_parse_into_buffer@I@?$output_processor@_WV?$string_output_adapter@_W@__crt_stdio_output@@V?$format_validation_base@_WV?$string_output_adapter@_W@__crt_stdio_output@@@2@@__crt_stdio_output@@AEAAXII_N@Z 000000018000fdf0 f i libucrtd:output.obj
 0001:0000ef30       ??$type_case_integer_parse_into_buffer@_K@?$output_processor@DV?$string_output_adapter@D@__crt_stdio_output@@V?$format_validation_base@DV?$string_output_adapter@D@__crt_stdio_output@@@2@@__crt_stdio_output@@AEAAX_KI_N@Z 000000018000ff30 f i libucrtd:output.obj
 0001:0000f080       ??$type_case_integer_parse_into_buffer@_K@?$output_processor@_WV?$string_output_adapter@_W@__crt_stdio_output@@V?$format_validation_base@_WV?$string_output_adapter@_W@__crt_stdio_output@@@2@@__crt_stdio_output@@AEAAX_KI_N@Z 0000000180010080 f i libucrtd:output.obj
 0001:0000f1e0       ??$write_multiple_characters@V?$string_output_adapter@D@__crt_stdio_output@@D@__crt_stdio_output@@YAXAEBV?$string_output_adapter@D@0@DHQEAH@Z 00000001800101e0 f i libucrtd:output.obj
 0001:0000f240       ??$write_multiple_characters@V?$string_output_adapter@_W@__crt_stdio_output@@D@__crt_stdio_output@@YAXAEBV?$string_output_adapter@_W@0@DHQEAH@Z 0000000180010240 f i libucrtd:output.obj
 0001:0000f2a0       ??0?$common_data@D@__crt_stdio_output@@IEAA@XZ 00000001800102a0 f i libucrtd:output.obj
 0001:0000f370       ??0?$common_data@_W@__crt_stdio_output@@IEAA@XZ 0000000180010370 f i libucrtd:output.obj
 0001:0000f440       ??0?$output_adapter_data@DV?$string_output_adapter@D@__crt_stdio_output@@@__crt_stdio_output@@IEAA@AEBV?$string_output_adapter@D@1@_KQEBDQEAU__crt_locale_pointers@@QEAD@Z 0000000180010440 f i libucrtd:output.obj
 0001:0000f4c0       ??0?$output_adapter_data@_WV?$string_output_adapter@_W@__crt_stdio_output@@@__crt_stdio_output@@IEAA@AEBV?$string_output_adapter@_W@1@_KQEB_WQEAU__crt_locale_pointers@@QEAD@Z 00000001800104c0 f i libucrtd:output.obj
 0001:0000f540       ??0?$output_processor@DV?$string_output_adapter@D@__crt_stdio_output@@V?$format_validation_base@DV?$string_output_adapter@D@__crt_stdio_output@@@2@@__crt_stdio_output@@QEAA@AEBV?$string_output_adapter@D@1@_KQEBDQEAU__crt_locale_pointers@@QEAD@Z 0000000180010540 f i libucrtd:output.obj
 0001:0000f590       ??0?$output_processor@_WV?$string_output_adapter@_W@__crt_stdio_output@@V?$format_validation_base@_WV?$string_output_adapter@_W@__crt_stdio_output@@@2@@__crt_stdio_output@@QEAA@AEBV?$string_output_adapter@_W@1@_KQEB_WQEAU__crt_locale_pointers@@QEAD@Z 0000000180010590 f i libucrtd:output.obj
 0001:0000f5e0       ??0__crt_deferred_errno_cache@@QEAA@XZ 00000001800105e0 f i libucrtd:output.obj
 0001:0000f600       ??0__crt_errno_guard@@QEAA@QEAH@Z 0000000180010600 f i libucrtd:output.obj
 0001:0000f640       ??0formatting_buffer@__crt_stdio_output@@QEAA@XZ 0000000180010640 f i libucrtd:output.obj
 0001:0000f680       ??1?$common_data@D@__crt_stdio_output@@QEAA@XZ 0000000180010680 f i libucrtd:output.obj
 0001:0000f680       ??1?$common_data@_W@__crt_stdio_output@@QEAA@XZ 0000000180010680 f i libucrtd:output.obj
 0001:0000f6a0       ??1?$format_validation_base@_WV?$string_output_adapter@_W@__crt_stdio_output@@@__crt_stdio_output@@QEAA@XZ 00000001800106a0 f i libucrtd:output.obj
 0001:0000f6a0       ??1?$format_validation_base@DV?$string_output_adapter@D@__crt_stdio_output@@@__crt_stdio_output@@QEAA@XZ 00000001800106a0 f i libucrtd:output.obj
 0001:0000f6c0       ??1?$output_adapter_data@DV?$string_output_adapter@D@__crt_stdio_output@@@__crt_stdio_output@@QEAA@XZ 00000001800106c0 f i libucrtd:output.obj
 0001:0000f6c0       ??1?$output_adapter_data@_WV?$string_output_adapter@_W@__crt_stdio_output@@@__crt_stdio_output@@QEAA@XZ 00000001800106c0 f i libucrtd:output.obj
 0001:0000f6e0       ??1?$output_processor@_WV?$string_output_adapter@_W@__crt_stdio_output@@V?$format_validation_base@_WV?$string_output_adapter@_W@__crt_stdio_output@@@2@@__crt_stdio_output@@QEAA@XZ 00000001800106e0 f i libucrtd:output.obj
 0001:0000f6e0       ??1?$output_processor@DV?$string_output_adapter@D@__crt_stdio_output@@V?$format_validation_base@DV?$string_output_adapter@D@__crt_stdio_output@@@2@@__crt_stdio_output@@QEAA@XZ 00000001800106e0 f i libucrtd:output.obj
 0001:0000f700       ??1?$standard_base@_WV?$string_output_adapter@_W@__crt_stdio_output@@@__crt_stdio_output@@QEAA@XZ 0000000180010700 f i libucrtd:output.obj
 0001:0000f700       ??1?$standard_base@DV?$string_output_adapter@D@__crt_stdio_output@@@__crt_stdio_output@@QEAA@XZ 0000000180010700 f i libucrtd:output.obj
 0001:0000f720       ??1__crt_errno_guard@@QEAA@XZ 0000000180010720 f i libucrtd:output.obj
 0001:0000f750       ??1formatting_buffer@__crt_stdio_output@@QEAA@XZ 0000000180010750 f i libucrtd:output.obj
 0001:0000f780       ??4?$__crt_unique_heap_ptr@DU__crt_internal_free_policy@@@@QEAAAEAV0@$$QEAV0@@Z 0000000180010780 f i libucrtd:output.obj
 0001:0000f7c0       ?adjust_hexit@?$output_processor@DV?$string_output_adapter@D@__crt_stdio_output@@V?$format_validation_base@DV?$string_output_adapter@D@__crt_stdio_output@@@2@@__crt_stdio_output@@CADH_N@Z 00000001800107c0 f i libucrtd:output.obj
 0001:0000f7c0       ?adjust_hexit@?$output_processor@_WV?$string_output_adapter@_W@__crt_stdio_output@@V?$format_validation_base@_WV?$string_output_adapter@_W@__crt_stdio_output@@@2@@__crt_stdio_output@@CADH_N@Z 00000001800107c0 f i libucrtd:output.obj
 0001:0000f810       ?advance_to_next_pass@?$standard_base@DV?$string_output_adapter@D@__crt_stdio_output@@@__crt_stdio_output@@IEAA_NXZ 0000000180010810 f i libucrtd:output.obj
 0001:0000f810       ?advance_to_next_pass@?$standard_base@_WV?$string_output_adapter@_W@__crt_stdio_output@@@__crt_stdio_output@@IEAA_NXZ 0000000180010810 f i libucrtd:output.obj
 0001:0000f860       ?crop_zeroes@__crt_stdio_output@@YAXPEADQEAU__crt_locale_pointers@@@Z 0000000180010860 f i libucrtd:output.obj
 0001:0000f9a0       ?find_next_state@?$output_processor@DV?$string_output_adapter@D@__crt_stdio_output@@V?$format_validation_base@DV?$string_output_adapter@D@__crt_stdio_output@@@2@@__crt_stdio_output@@AEBA?AW4state@2@DW432@@Z 00000001800109a0 f i libucrtd:output.obj
 0001:0000fa40       ?find_next_state@?$output_processor@_WV?$string_output_adapter@_W@__crt_stdio_output@@V?$format_validation_base@_WV?$string_output_adapter@_W@__crt_stdio_output@@@2@@__crt_stdio_output@@AEBA?AW4state@2@_WW432@@Z 0000000180010a40 f i libucrtd:output.obj
 0001:0000fae0       ?force_decimal_point@__crt_stdio_output@@YAXPEADQEAU__crt_locale_pointers@@@Z 0000000180010ae0 f i libucrtd:output.obj
 0001:0000fbe0       ?get@__crt_deferred_errno_cache@@QEAAAEAHXZ 0000000180010be0 f i libucrtd:output.obj
 0001:0000fc10       ?get_flags@__crt_stdio_stream@@QEBAJXZ 0000000180010c10 f i libucrtd:output.obj
 0001:0000fc40       ?has_flag@?$output_processor@_WV?$string_output_adapter@_W@__crt_stdio_output@@V?$format_validation_base@_WV?$string_output_adapter@_W@__crt_stdio_output@@@2@@__crt_stdio_output@@AEBA_NI@Z 0000000180010c40 f i libucrtd:output.obj
 0001:0000fc40       ?has_flag@?$output_processor@DV?$string_output_adapter@D@__crt_stdio_output@@V?$format_validation_base@DV?$string_output_adapter@D@__crt_stdio_output@@@2@@__crt_stdio_output@@AEBA_NI@Z 0000000180010c40 f i libucrtd:output.obj
 0001:0000fc80       ?is_string_backed@__crt_stdio_stream@@QEBA_NXZ 0000000180010c80 f i libucrtd:output.obj
 0001:0000fcc0       ?narrow_null_string@?$output_processor@_WV?$string_output_adapter@_W@__crt_stdio_output@@V?$format_validation_base@_WV?$string_output_adapter@_W@__crt_stdio_output@@@2@@__crt_stdio_output@@CAPEADXZ 0000000180010cc0 f i libucrtd:output.obj
 0001:0000fcc0       ?narrow_null_string@?$output_processor@DV?$string_output_adapter@D@__crt_stdio_output@@V?$format_validation_base@DV?$string_output_adapter@D@__crt_stdio_output@@@2@@__crt_stdio_output@@CAPEADXZ 0000000180010cc0 f i libucrtd:output.obj
 0001:0000fcd0       ?parse_int_from_format_string@?$output_processor@DV?$string_output_adapter@D@__crt_stdio_output@@V?$format_validation_base@DV?$string_output_adapter@D@__crt_stdio_output@@@2@@__crt_stdio_output@@AEAA_NQEAH@Z 0000000180010cd0 f i libucrtd:output.obj
 0001:0000fdc0       ?parse_int_from_format_string@?$output_processor@_WV?$string_output_adapter@_W@__crt_stdio_output@@V?$format_validation_base@_WV?$string_output_adapter@_W@__crt_stdio_output@@@2@@__crt_stdio_output@@AEAA_NQEAH@Z 0000000180010dc0 f i libucrtd:output.obj
 0001:0000feb0       ?process@?$output_processor@DV?$string_output_adapter@D@__crt_stdio_output@@V?$format_validation_base@DV?$string_output_adapter@D@__crt_stdio_output@@@2@@__crt_stdio_output@@QEAAHXZ 0000000180010eb0 f i libucrtd:output.obj
 0001:00010210       ?process@?$output_processor@_WV?$string_output_adapter@_W@__crt_stdio_output@@V?$format_validation_base@_WV?$string_output_adapter@_W@__crt_stdio_output@@@2@@__crt_stdio_output@@QEAAHXZ 0000000180011210 f i libucrtd:output.obj
 0001:00010570       ?set_flag@?$output_processor@_WV?$string_output_adapter@_W@__crt_stdio_output@@V?$format_validation_base@_WV?$string_output_adapter@_W@__crt_stdio_output@@@2@@__crt_stdio_output@@AEAAXI@Z 0000000180011570 f i libucrtd:output.obj
 0001:00010570       ?set_flag@?$output_processor@DV?$string_output_adapter@D@__crt_stdio_output@@V?$format_validation_base@DV?$string_output_adapter@D@__crt_stdio_output@@@2@@__crt_stdio_output@@AEAAXI@Z 0000000180011570 f i libucrtd:output.obj
 0001:00010590       ?validate_and_update_state_at_beginning_of_format_character@?$standard_base@_WV?$string_output_adapter@_W@__crt_stdio_output@@@__crt_stdio_output@@IEAA_NXZ 0000000180011590 f i libucrtd:output.obj
 0001:00010590       ?validate_and_update_state_at_beginning_of_format_character@?$standard_base@DV?$string_output_adapter@D@__crt_stdio_output@@@__crt_stdio_output@@IEAA_NXZ 0000000180011590 f i libucrtd:output.obj
 0001:00010590       ?validate_state_for_type_case_a@?$standard_base@_WV?$string_output_adapter@_W@__crt_stdio_output@@@__crt_stdio_output@@IEBA_NXZ 0000000180011590 f i libucrtd:output.obj
 0001:00010590       ?should_format@?$standard_base@DV?$string_output_adapter@D@__crt_stdio_output@@@__crt_stdio_output@@IEAA_NXZ 0000000180011590 f i libucrtd:output.obj
 0001:00010590       ?validate_state_for_type_case_a@?$standard_base@DV?$string_output_adapter@D@__crt_stdio_output@@@__crt_stdio_output@@IEBA_NXZ 0000000180011590 f i libucrtd:output.obj
 0001:00010590       ?should_format@?$standard_base@_WV?$string_output_adapter@_W@__crt_stdio_output@@@__crt_stdio_output@@IEAA_NXZ 0000000180011590 f i libucrtd:output.obj
 0001:000105a0       ?should_skip_type_state_output@?$standard_base@DV?$string_output_adapter@D@__crt_stdio_output@@@__crt_stdio_output@@IEBA_NXZ 00000001800115a0 f i libucrtd:output.obj
 0001:000105a0       ?should_skip_type_state_output@?$standard_base@_WV?$string_output_adapter@_W@__crt_stdio_output@@@__crt_stdio_output@@IEBA_NXZ 00000001800115a0 f i libucrtd:output.obj
 0001:000105a0       ?should_skip_normal_state_processing@?$standard_base@_WV?$string_output_adapter@_W@__crt_stdio_output@@@__crt_stdio_output@@IEAA_NXZ 00000001800115a0 f i libucrtd:output.obj
 0001:000105a0       ?should_skip_normal_state_processing@?$standard_base@DV?$string_output_adapter@D@__crt_stdio_output@@@__crt_stdio_output@@IEAA_NXZ 00000001800115a0 f i libucrtd:output.obj
 0001:000105b0       ?state_case_dot@?$output_processor@DV?$string_output_adapter@D@__crt_stdio_output@@V?$format_validation_base@DV?$string_output_adapter@D@__crt_stdio_output@@@2@@__crt_stdio_output@@AEAA_NXZ 00000001800115b0 f i libucrtd:output.obj
 0001:000105b0       ?state_case_dot@?$output_processor@_WV?$string_output_adapter@_W@__crt_stdio_output@@V?$format_validation_base@_WV?$string_output_adapter@_W@__crt_stdio_output@@@2@@__crt_stdio_output@@AEAA_NXZ 00000001800115b0 f i libucrtd:output.obj
 0001:000105d0       ?state_case_flag@?$output_processor@DV?$string_output_adapter@D@__crt_stdio_output@@V?$format_validation_base@DV?$string_output_adapter@D@__crt_stdio_output@@@2@@__crt_stdio_output@@AEAA_NXZ 00000001800115d0 f i libucrtd:output.obj
 0001:00010670       ?state_case_flag@?$output_processor@_WV?$string_output_adapter@_W@__crt_stdio_output@@V?$format_validation_base@_WV?$string_output_adapter@_W@__crt_stdio_output@@@2@@__crt_stdio_output@@AEAA_NXZ 0000000180011670 f i libucrtd:output.obj
 0001:00010710       ?state_case_normal@?$output_processor@DV?$string_output_adapter@D@__crt_stdio_output@@V?$format_validation_base@DV?$string_output_adapter@D@__crt_stdio_output@@@2@@__crt_stdio_output@@AEAA_NXZ 0000000180011710 f i libucrtd:output.obj
 0001:000107f0       ?state_case_normal@?$output_processor@_WV?$string_output_adapter@_W@__crt_stdio_output@@V?$format_validation_base@_WV?$string_output_adapter@_W@__crt_stdio_output@@@2@@__crt_stdio_output@@AEAA_NXZ 00000001800117f0 f i libucrtd:output.obj
 0001:000108d0       ?state_case_normal_common@?$output_processor@DV?$string_output_adapter@D@__crt_stdio_output@@V?$format_validation_base@DV?$string_output_adapter@D@__crt_stdio_output@@@2@@__crt_stdio_output@@AEAA_NXZ 00000001800118d0 f i libucrtd:output.obj
 0001:00010920       ?state_case_normal_common@?$output_processor@_WV?$string_output_adapter@_W@__crt_stdio_output@@V?$format_validation_base@_WV?$string_output_adapter@_W@__crt_stdio_output@@@2@@__crt_stdio_output@@AEAA_NXZ 0000000180011920 f i libucrtd:output.obj
 0001:00010970       ?state_case_normal_tchar@?$output_processor@DV?$string_output_adapter@D@__crt_stdio_output@@V?$format_validation_base@DV?$string_output_adapter@D@__crt_stdio_output@@@2@@__crt_stdio_output@@AEAA_ND@Z 0000000180011970 f i libucrtd:output.obj
 0001:00010ab0       ?state_case_normal_tchar@?$output_processor@_WV?$string_output_adapter@_W@__crt_stdio_output@@V?$format_validation_base@_WV?$string_output_adapter@_W@__crt_stdio_output@@@2@@__crt_stdio_output@@AEAA_N_W@Z 0000000180011ab0 f i libucrtd:output.obj
 0001:00010ad0       ?state_case_percent@?$output_processor@_WV?$string_output_adapter@_W@__crt_stdio_output@@V?$format_validation_base@_WV?$string_output_adapter@_W@__crt_stdio_output@@@2@@__crt_stdio_output@@AEAA_NXZ 0000000180011ad0 f i libucrtd:output.obj
 0001:00010ad0       ?state_case_percent@?$output_processor@DV?$string_output_adapter@D@__crt_stdio_output@@V?$format_validation_base@DV?$string_output_adapter@D@__crt_stdio_output@@@2@@__crt_stdio_output@@AEAA_NXZ 0000000180011ad0 f i libucrtd:output.obj
 0001:00010b20       ?state_case_precision@?$output_processor@DV?$string_output_adapter@D@__crt_stdio_output@@V?$format_validation_base@DV?$string_output_adapter@D@__crt_stdio_output@@@2@@__crt_stdio_output@@AEAA_NXZ 0000000180011b20 f i libucrtd:output.obj
 0001:00010ba0       ?state_case_precision@?$output_processor@_WV?$string_output_adapter@_W@__crt_stdio_output@@V?$format_validation_base@_WV?$string_output_adapter@_W@__crt_stdio_output@@@2@@__crt_stdio_output@@AEAA_NXZ 0000000180011ba0 f i libucrtd:output.obj
 0001:00010c20       ?state_case_size@?$output_processor@DV?$string_output_adapter@D@__crt_stdio_output@@V?$format_validation_base@DV?$string_output_adapter@D@__crt_stdio_output@@@2@@__crt_stdio_output@@AEAA_NXZ 0000000180011c20 f i libucrtd:output.obj
 0001:000110a0       ?state_case_size@?$output_processor@_WV?$string_output_adapter@_W@__crt_stdio_output@@V?$format_validation_base@_WV?$string_output_adapter@_W@__crt_stdio_output@@@2@@__crt_stdio_output@@AEAA_NXZ 00000001800120a0 f i libucrtd:output.obj
 0001:00011520       ?state_case_type@?$output_processor@DV?$string_output_adapter@D@__crt_stdio_output@@V?$format_validation_base@DV?$string_output_adapter@D@__crt_stdio_output@@@2@@__crt_stdio_output@@AEAA_NXZ 0000000180012520 f i libucrtd:output.obj
 0001:000119c0       ?state_case_type@?$output_processor@_WV?$string_output_adapter@_W@__crt_stdio_output@@V?$format_validation_base@_WV?$string_output_adapter@_W@__crt_stdio_output@@@2@@__crt_stdio_output@@AEAA_NXZ 00000001800129c0 f i libucrtd:output.obj
 0001:00011f20       ?state_case_width@?$output_processor@DV?$string_output_adapter@D@__crt_stdio_output@@V?$format_validation_base@DV?$string_output_adapter@D@__crt_stdio_output@@@2@@__crt_stdio_output@@AEAA_NXZ 0000000180012f20 f i libucrtd:output.obj
 0001:00011fb0       ?state_case_width@?$output_processor@_WV?$string_output_adapter@_W@__crt_stdio_output@@V?$format_validation_base@_WV?$string_output_adapter@_W@__crt_stdio_output@@@2@@__crt_stdio_output@@AEAA_NXZ 0000000180012fb0 f i libucrtd:output.obj
 0001:00012040       ?state_count@?$format_validation_base@_WV?$string_output_adapter@_W@__crt_stdio_output@@@__crt_stdio_output@@KAIXZ 0000000180013040 f i libucrtd:output.obj
 0001:00012040       ?state_count@?$format_validation_base@DV?$string_output_adapter@D@__crt_stdio_output@@@__crt_stdio_output@@KAIXZ 0000000180013040 f i libucrtd:output.obj
 0001:00012050       ?state_transition_table@?$format_validation_base@_WV?$string_output_adapter@_W@__crt_stdio_output@@@__crt_stdio_output@@KAPEBEXZ 0000000180013050 f i libucrtd:output.obj
 0001:00012050       ?state_transition_table@?$format_validation_base@DV?$string_output_adapter@D@__crt_stdio_output@@@__crt_stdio_output@@KAPEBEXZ 0000000180013050 f i libucrtd:output.obj
 0001:00012060       ?tchar_string@?$common_data@D@__crt_stdio_output@@IEAAAEAPEADD@Z 0000000180013060 f i libucrtd:output.obj
 0001:00012080       ?tchar_string@?$common_data@D@__crt_stdio_output@@IEAAAEAPEADXZ 0000000180013080 f i libucrtd:output.obj
 0001:000120a0       ?tchar_string@?$common_data@_W@__crt_stdio_output@@IEAAAEAPEA_WXZ 00000001800130a0 f i libucrtd:output.obj
 0001:000120c0       ?tchar_string@?$common_data@_W@__crt_stdio_output@@IEAAAEAPEA_W_W@Z 00000001800130c0 f i libucrtd:output.obj
 0001:000120e0       ?to_integer_size@__crt_stdio_output@@YA_KW4length_modifier@1@@Z 00000001800130e0 f i libucrtd:output.obj
 0001:00012190       ?type_case_X@?$output_processor@DV?$string_output_adapter@D@__crt_stdio_output@@V?$format_validation_base@DV?$string_output_adapter@D@__crt_stdio_output@@@2@@__crt_stdio_output@@AEAA_NXZ 0000000180013190 f i libucrtd:output.obj
 0001:000121b0       ?type_case_X@?$output_processor@_WV?$string_output_adapter@_W@__crt_stdio_output@@V?$format_validation_base@_WV?$string_output_adapter@_W@__crt_stdio_output@@@2@@__crt_stdio_output@@AEAA_NXZ 00000001800131b0 f i libucrtd:output.obj
 0001:000121d0       ?type_case_Z@?$output_processor@DV?$string_output_adapter@D@__crt_stdio_output@@V?$format_validation_base@DV?$string_output_adapter@D@__crt_stdio_output@@@2@@__crt_stdio_output@@AEAA_NXZ 00000001800131d0 f i libucrtd:output.obj
 0001:000122f0       ?type_case_Z@?$output_processor@_WV?$string_output_adapter@_W@__crt_stdio_output@@V?$format_validation_base@_WV?$string_output_adapter@_W@__crt_stdio_output@@@2@@__crt_stdio_output@@AEAA_NXZ 00000001800132f0 f i libucrtd:output.obj
 0001:00012410       ?type_case_a@?$output_processor@DV?$string_output_adapter@D@__crt_stdio_output@@V?$format_validation_base@DV?$string_output_adapter@D@__crt_stdio_output@@@2@@__crt_stdio_output@@AEAA_NXZ 0000000180013410 f i libucrtd:output.obj
 0001:000127d0       ?type_case_a@?$output_processor@_WV?$string_output_adapter@_W@__crt_stdio_output@@V?$format_validation_base@_WV?$string_output_adapter@_W@__crt_stdio_output@@@2@@__crt_stdio_output@@AEAA_NXZ 00000001800137d0 f i libucrtd:output.obj
 0001:00012ba0       ?type_case_c@?$output_processor@DV?$string_output_adapter@D@__crt_stdio_output@@V?$format_validation_base@DV?$string_output_adapter@D@__crt_stdio_output@@@2@@__crt_stdio_output@@AEAA_NXZ 0000000180013ba0 f i libucrtd:output.obj
 0001:00012bc0       ?type_case_c@?$output_processor@_WV?$string_output_adapter@_W@__crt_stdio_output@@V?$format_validation_base@_WV?$string_output_adapter@_W@__crt_stdio_output@@@2@@__crt_stdio_output@@AEAA_NXZ 0000000180013bc0 f i libucrtd:output.obj
 0001:00012be0       ?type_case_c_tchar@?$output_processor@DV?$string_output_adapter@D@__crt_stdio_output@@V?$format_validation_base@DV?$string_output_adapter@D@__crt_stdio_output@@@2@@__crt_stdio_output@@AEAA_ND@Z 0000000180013be0 f i libucrtd:output.obj
 0001:00012d30       ?type_case_c_tchar@?$output_processor@_WV?$string_output_adapter@_W@__crt_stdio_output@@V?$format_validation_base@_WV?$string_output_adapter@_W@__crt_stdio_output@@@2@@__crt_stdio_output@@AEAA_N_W@Z 0000000180013d30 f i libucrtd:output.obj
 0001:00012e60       ?type_case_d@?$output_processor@DV?$string_output_adapter@D@__crt_stdio_output@@V?$format_validation_base@DV?$string_output_adapter@D@__crt_stdio_output@@@2@@__crt_stdio_output@@AEAA_NXZ 0000000180013e60 f i libucrtd:output.obj
 0001:00012e90       ?type_case_d@?$output_processor@_WV?$string_output_adapter@_W@__crt_stdio_output@@V?$format_validation_base@_WV?$string_output_adapter@_W@__crt_stdio_output@@@2@@__crt_stdio_output@@AEAA_NXZ 0000000180013e90 f i libucrtd:output.obj
 0001:00012ec0       ?type_case_integer@?$output_processor@DV?$string_output_adapter@D@__crt_stdio_output@@V?$format_validation_base@DV?$string_output_adapter@D@__crt_stdio_output@@@2@@__crt_stdio_output@@AEAA_NI_N@Z 0000000180013ec0 f i libucrtd:output.obj
 0001:00013310       ?type_case_integer@?$output_processor@_WV?$string_output_adapter@_W@__crt_stdio_output@@V?$format_validation_base@_WV?$string_output_adapter@_W@__crt_stdio_output@@@2@@__crt_stdio_output@@AEAA_NI_N@Z 0000000180014310 f i libucrtd:output.obj
 0001:00013760       ?type_case_n@?$output_processor@DV?$string_output_adapter@D@__crt_stdio_output@@V?$format_validation_base@DV?$string_output_adapter@D@__crt_stdio_output@@@2@@__crt_stdio_output@@AEAA_NXZ 0000000180014760 f i libucrtd:output.obj
 0001:000139a0       ?type_case_n@?$output_processor@_WV?$string_output_adapter@_W@__crt_stdio_output@@V?$format_validation_base@_WV?$string_output_adapter@_W@__crt_stdio_output@@@2@@__crt_stdio_output@@AEAA_NXZ 00000001800149a0 f i libucrtd:output.obj
 0001:00013be0       ?type_case_o@?$output_processor@DV?$string_output_adapter@D@__crt_stdio_output@@V?$format_validation_base@DV?$string_output_adapter@D@__crt_stdio_output@@@2@@__crt_stdio_output@@AEAA_NXZ 0000000180014be0 f i libucrtd:output.obj
 0001:00013c30       ?type_case_o@?$output_processor@_WV?$string_output_adapter@_W@__crt_stdio_output@@V?$format_validation_base@_WV?$string_output_adapter@_W@__crt_stdio_output@@@2@@__crt_stdio_output@@AEAA_NXZ 0000000180014c30 f i libucrtd:output.obj
 0001:00013c80       ?type_case_p@?$output_processor@DV?$string_output_adapter@D@__crt_stdio_output@@V?$format_validation_base@DV?$string_output_adapter@D@__crt_stdio_output@@@2@@__crt_stdio_output@@AEAA_NXZ 0000000180014c80 f i libucrtd:output.obj
 0001:00013cc0       ?type_case_p@?$output_processor@_WV?$string_output_adapter@_W@__crt_stdio_output@@V?$format_validation_base@_WV?$string_output_adapter@_W@__crt_stdio_output@@@2@@__crt_stdio_output@@AEAA_NXZ 0000000180014cc0 f i libucrtd:output.obj
 0001:00013d00       ?type_case_s@?$output_processor@DV?$string_output_adapter@D@__crt_stdio_output@@V?$format_validation_base@DV?$string_output_adapter@D@__crt_stdio_output@@@2@@__crt_stdio_output@@AEAA_NXZ 0000000180014d00 f i libucrtd:output.obj
[...]
 0004:00002844       $pdata$??$__acrt_fenv_translate_bit@W4__acrt_fenv_abstract_status@@W4__acrt_fenv_machine_sse_status@@@@YA?AW4__acrt_fenv_abstract_status@@W4__acrt_fenv_machine_sse_status@@0W40@1@Z 0000000180050844     libucrtd:_fenvutils.obj
 0004:00002844       $pdata$??$__acrt_fenv_translate_bit@W4__acrt_fenv_machine_sse_status@@W4__acrt_fenv_abstract_status@@@@YA?AW4__acrt_fenv_machine_sse_status@@W4__acrt_fenv_abstract_status@@0W40@1@Z 0000000180050844     libucrtd:_fenvutils.obj
 0004:00002850       $pdata$??$__acrt_fenv_translate_bit@W4__acrt_fenv_machine_sse_control@@W4__acrt_fenv_abstract_control@@@@YA?AW4__acrt_fenv_machine_sse_control@@W4__acrt_fenv_abstract_control@@0W40@1@Z 0000000180050850     libucrtd:_fenvutils.obj
 0004:0000285c       $pdata$??$__acrt_fenv_unshift_bits@W4__acrt_fenv_abstract_control@@@@YA?AW4__acrt_fenv_abstract_control@@W40@0I@Z 000000018005085c     libucrtd:_fenvutils.obj
 0004:0000285c       $pdata$??$__acrt_fenv_unshift_bits@W4__acrt_fenv_abstract_status@@@@YA?AW4__acrt_fenv_abstract_status@@W40@0I@Z 000000018005085c     libucrtd:_fenvutils.obj
 0004:00002868       $pdata$??$to_abstract_status@W4__acrt_fenv_machine_sse_status@@@@YA?AW4__acrt_fenv_abstract_status@@W4__acrt_fenv_machine_sse_status@@@Z 0000000180050868     libucrtd:_fenvutils.obj
 0004:00002874       $pdata$??$translate_control_exception_mask@W4__acrt_fenv_abstract_control@@W4__acrt_fenv_machine_sse_control@@@@YA?AW4__acrt_fenv_abstract_control@@W4__acrt_fenv_machine_sse_control@@@Z 0000000180050874     libucrtd:_fenvutils.obj
 0004:00002880       $pdata$??$translate_control_exception_mask@W4__acrt_fenv_machine_sse_control@@W4__acrt_fenv_abstract_control@@@@YA?AW4__acrt_fenv_machine_sse_control@@W4__acrt_fenv_abstract_control@@@Z 0000000180050880     libucrtd:_fenvutils.obj
 0004:0000288c       $pdata$??$translate_control_rounding_control@W4__acrt_fenv_abstract_control@@W4__acrt_fenv_machine_sse_control@@@@YA?AW4__acrt_fenv_abstract_control@@W4__acrt_fenv_machine_sse_control@@@Z 000000018005088c     libucrtd:_fenvutils.obj
 0004:00002898       $pdata$??$translate_control_rounding_control@W4__acrt_fenv_machine_sse_control@@W4__acrt_fenv_abstract_control@@@@YA?AW4__acrt_fenv_machine_sse_control@@W4__acrt_fenv_abstract_control@@@Z 0000000180050898     libucrtd:_fenvutils.obj
 0004:000028a4       $pdata$??$translate_status@W4__acrt_fenv_abstract_status@@W4__acrt_fenv_machine_sse_status@@@@YA?AW4__acrt_fenv_abstract_status@@W4__acrt_fenv_machine_sse_status@@@Z 00000001800508a4     libucrtd:_fenvutils.obj
 0004:000028b0       $pdata$??$translate_status@W4__acrt_fenv_machine_sse_status@@W4__acrt_fenv_abstract_status@@@@YA?AW4__acrt_fenv_machine_sse_status@@W4__acrt_fenv_abstract_status@@@Z 00000001800508b0     libucrtd:_fenvutils.obj
 0004:000028bc       $pdata$?__acrt_fenv_shift_abstract_sse_control@@YA?AW4__acrt_fenv_abstract_control@@W41@@Z 00000001800508bc     libucrtd:_fenvutils.obj
 0004:000028c8       $pdata$?__acrt_fenv_shift_abstract_sse_status@@YA?AW4__acrt_fenv_abstract_status@@W41@@Z 00000001800508c8     libucrtd:_fenvutils.obj
 0004:000028d4       $pdata$?__acrt_fenv_unshift_abstract_sse_control@@YA?AW4__acrt_fenv_abstract_control@@W41@@Z 00000001800508d4     libucrtd:_fenvutils.obj
 0004:000028e0       $pdata$?__acrt_fenv_unshift_abstract_sse_status@@YA?AW4__acrt_fenv_abstract_status@@W41@@Z 00000001800508e0     libucrtd:_fenvutils.obj
 0004:000028ec       $pdata$?get_machine_sse_control@@YA?AW4__acrt_fenv_machine_sse_control@@XZ 00000001800508ec     libucrtd:_fenvutils.obj
 0004:000028f8       $pdata$?get_machine_sse_status@@YA?AW4__acrt_fenv_machine_sse_status@@XZ 00000001800508f8     libucrtd:_fenvutils.obj
 0004:00002904       $pdata$?set_machine_sse_control@@YAXW4__acrt_fenv_machine_sse_control@@@Z 0000000180050904     libucrtd:_fenvutils.obj
 0004:00002910       $pdata$?set_machine_sse_status@@YAXW4__acrt_fenv_machine_sse_status@@@Z 0000000180050910     libucrtd:_fenvutils.obj
 0004:0000291c       $pdata$?to_abstract_control@@YA?AW4__acrt_fenv_abstract_control@@W4__acrt_fenv_machine_sse_control@@@Z 000000018005091c     libucrtd:_fenvutils.obj
 0004:00002928       $pdata$?to_machine_sse_control@@YA?AW4__acrt_fenv_machine_sse_control@@W4__acrt_fenv_abstract_control@@@Z 0000000180050928     libucrtd:_fenvutils.obj
 0004:00002934       $pdata$?to_machine_sse_status@@YA?AW4__acrt_fenv_machine_sse_status@@W4__acrt_fenv_abstract_status@@@Z 0000000180050934     libucrtd:_fenvutils.obj
 0004:00002940       $pdata$?translate_control_denormal_control_from_sse@@YA?AW4__acrt_fenv_abstract_control@@W4__acrt_fenv_machine_sse_control@@@Z 0000000180050940     libucrtd:_fenvutils.obj
 0004:0000294c       $pdata$?translate_control_denormal_control_to_sse@@YA?AW4__acrt_fenv_machine_sse_control@@W4__acrt_fenv_abstract_control@@@Z 000000018005094c     libucrtd:_fenvutils.obj
 0004:00002958       $pdata$__acrt_fenv_get_control 0000000180050958     libucrtd:_fenvutils.obj
 0004:00002964       $pdata$__acrt_fenv_get_status 0000000180050964     libucrtd:_fenvutils.obj
 0004:00002970       $pdata$__acrt_fenv_set_control 0000000180050970     libucrtd:_fenvutils.obj
 0004:0000297c       $pdata$__acrt_fenv_set_status 000000018005097c     libucrtd:_fenvutils.obj
 0004:00002988       $pdata$_abstract_sw        0000000180050988     libucrtd:ieee.obj
 0004:00002994       $pdata$_clearfp            0000000180050994     libucrtd:ieee.obj
 0004:000029a0       $pdata$??$?RV<lambda_53fc7fc888e23d815d7080162c0aeeb2>@@AEAV<lambda_4e7105787b7b0e0227fbf2b2d883fa65>@@V<lambda_8ddc48ad9d26c778cb15812d1d88fc8a>@@@?$__crt_seh_guarded_call@H@@QEAAH$$QEAV<lambda_53fc7fc888e23d815d7080162c0aeeb2>@@AEAV<lambda_4e7105787b7b0e0227fbf2b2d883fa65>@@$$QEAV<lambda_8ddc48ad9d26c778cb15812d1d88fc8a>@@@Z 00000001800509a0     libucrtd:close.obj
 0004:000029ac       $pdata$??$__acrt_lowio_lock_fh_and_call@V<lambda_4e7105787b7b0e0227fbf2b2d883fa65>@@@@YAHH$$QEAV<lambda_4e7105787b7b0e0227fbf2b2d883fa65>@@@Z 00000001800509ac     libucrtd:close.obj
 0004:000029b8       $pdata$??R<lambda_4e7105787b7b0e0227fbf2b2d883fa65>@@QEBAHXZ 00000001800509b8     libucrtd:close.obj
 0004:000029c4       $pdata$?close_os_handle_nolock@@YAKH@Z 00000001800509c4     libucrtd:close.obj
 0004:000029d0       $pdata$_close              00000001800509d0     libucrtd:close.obj
 0004:000029dc       $pdata$_close_nolock       00000001800509dc     libucrtd:close.obj
 0004:000029e8       $pdata$?__acrt_stdio_free_stream@@YAXV__crt_stdio_stream@@@Z 00000001800509e8     libucrtd:stream.obj
 0004:000029f4       $pdata$?__c16rtomb_utf8@__crt_mbstring@@YA_KPEAD_SPEAU_Mbstatet@@@Z 00000001800509f4     libucrtd:c16rtomb.obj
 0004:00002a00       $pdata$?has_surrogate@?A0xc60ee810@@YA_NPEAU_Mbstatet@@@Z 0000000180050a00     libucrtd:c16rtomb.obj
 0004:00002a0c       $pdata$?is_first_surrogate@?A0xc60ee810@@YA_N_S@Z 0000000180050a0c     libucrtd:c16rtomb.obj
 0004:00002a18       $pdata$?is_second_surrogate@?A0xc60ee810@@YA_N_S@Z 0000000180050a18     libucrtd:c16rtomb.obj
 0004:00002a24       $pdata$?store_first_surrogate@?A0xc60ee810@@YAX_SPEAU_Mbstatet@@@Z 0000000180050a24     libucrtd:c16rtomb.obj
 0004:00002a30       $pdata$__dcrt_lowio_ensure_console_output_initialized 0000000180050a30     libucrtd:initcon.obj
 0004:00002a3c       $pdata$__dcrt_terminate_console_output 0000000180050a3c     libucrtd:initcon.obj
 0004:00002a48       $pdata$__dcrt_write_console 0000000180050a48     libucrtd:initcon.obj
 0004:00002a54       $pdata$_raise_exc          0000000180050a54     libucrtd:fpexcept.obj
 0004:00002a60       $pdata$_raise_exc_ex       0000000180050a60     libucrtd:fpexcept.obj
 0004:00002a6c       $pdata$_set_errno_from_matherr 0000000180050a6c     libucrtd:fpexcept.obj
 0004:00002a78       $pdata$_clrfp              0000000180050a78     libucrtd:fpctrl.obj
 0004:00002a84       $pdata$_ctrlfp             0000000180050a84     libucrtd:fpctrl.obj
 0004:00002a90       $pdata$_set_statfp         0000000180050a90     libucrtd:fpctrl.obj
 0004:00002a9c       $pdata$_statfp             0000000180050a9c     libucrtd:fpctrl.obj
 0004:00002ab4       $pdata$_FindPESection      0000000180050ab4     LIBCMTD:pesect.obj
 0004:00002ac0       $pdata$_IsNonwritableInCurrentImage 0000000180050ac0     LIBCMTD:pesect.obj
 0004:00002acc       $pdata$_ValidateImageBase  0000000180050acc     LIBCMTD:pesect.obj
 0004:00002ad8       $pdata$??_Gtype_info@@UEAAPEAXI@Z 0000000180050ad8     LIBCMTD:std_type_info_static.obj
 0004:00002ae4       $pdata$??3@YAXPEAX_K@Z     0000000180050ae4     LIBCMTD:delete_scalar_size.obj
 0004:00002af0       $pdata$__GSHandlerCheck_SEH 0000000180050af0     LIBCMTD:gshandlerseh.obj
 0004:00002b08       $pdata$__GSHandlerCheck_EH 0000000180050b08     LIBCMTD:gshandlereh.obj
 0004:00002b14       $pdata$??3@YAXPEAX@Z       0000000180050b14     LIBCMTD:delete_scalar.obj
 0004:00002b2c       $pdata$strrchr             0000000180050b2c     libvcruntimed:strrchr.obj
 0004:00002b44       $pdata$?fin$0@?0??dllmain_crt_process_attach@@YAHQEAUHINSTANCE__@@QEAX@Z@4HA 0000000180050b44     LIBCMTD:dll_dllmain.obj
 0004:00002b50       $pdata$?fin$0@?0??dllmain_crt_process_detach@@YAH_N@Z@4HA 0000000180050b50     LIBCMTD:dll_dllmain.obj
 0004:00002b5c       $pdata$?filt$0@?0??dllmain_dispatch@@YAHQEAUHINSTANCE__@@KQEAX@Z@4HA 0000000180050b5c     LIBCMTD:dll_dllmain.obj
 0004:00002b68       $pdata$__scrt_is_nonwritable_in_current_image$filt$0 0000000180050b68     LIBCMTD:utility.obj
 0004:00002b74       $pdata$__DestructExceptionObject$filt$0 0000000180050b74     libvcruntimed:ehhelpers.obj
 0004:00002b80       $pdata$?filt$0@?0???$_CallSETranslator@V__FrameHandler3@@@@YAHPEAUEHExceptionRecord@@PEA_KPEAU_CONTEXT@@PEAU_xDISPATCHER_CONTEXT@@PEBU_s_FuncInfo@@K1@Z@4HA 0000000180050b80     libvcruntimed:risctrnsctrl.obj
 0004:00002b8c       $pdata$?filt$0@?0???$BuildCatchObjectHelperInternal@V__FrameHandler3@@@@YAHPEAUEHExceptionRecord@@PEAXPEBU_s_HandlerType@@PEBU_s_CatchableType@@@Z@4HA 0000000180050b8c     libvcruntimed:frame.obj
 0004:00002b8c       $pdata$?filt$0@?0???$BuildCatchObjectInternal@V__FrameHandler3@@@@YAXPEAUEHExceptionRecord@@PEAXPEBU_s_HandlerType@@PEBU_s_CatchableType@@@Z@4HA 0000000180050b8c     libvcruntimed:frame.obj
 0004:00002b8c       $pdata$?filt$0@?0??is_bad_read_pointer@@YA_NQEBX_K@Z@4HA 0000000180050b8c     libucrtd:debug_heap.obj
 0004:00002b8c       $pdata$terminate$filt$0    0000000180050b8c     libucrtd:terminate.obj
 0004:00002b98       $pdata$?filt$0@?0??CxxCallCatchBlock@__FrameHandler3@@SAPEAXPEAU_EXCEPTION_RECORD@@@Z@4HA 0000000180050b98     libvcruntimed:frame.obj
 0004:00002ba4       $pdata$?fin$1@?0??CxxCallCatchBlock@__FrameHandler3@@SAPEAXPEAU_EXCEPTION_RECORD@@@Z@4HA 0000000180050ba4     libvcruntimed:frame.obj
 0004:00002bb0       $pdata$?filt$0@?0??FrameUnwindToState@__FrameHandler3@@SAXPEA_KPEAU_xDISPATCHER_CONTEXT@@PEBU_s_FuncInfo@@H@Z@4HA 0000000180050bb0     libvcruntimed:frame.obj
 0004:00002bbc       $pdata$?fin$1@?0??FrameUnwindToState@__FrameHandler3@@SAXPEA_KPEAU_xDISPATCHER_CONTEXT@@PEBU_s_FuncInfo@@H@Z@4HA 0000000180050bbc     libvcruntimed:frame.obj
 0004:00002bc8       $pdata$?fin$0@?0???$?RV<lambda_0ae27a3a962d80f24befdcbee591983d>@@AEAV<lambda_8d0ee55de4b1038c4002e0adecdf1839>@@V<lambda_dc504788e8f1664fe9b84e20bfb512f2>@@@?$__crt_seh_guarded_call@X@@QEAAX$$QEAV<lambda_0ae27a3a962d80f24befdcbee591983d>@@AEAV<lambda_8d0ee55de4b1038c4002e0adecdf1839>@@$$QEAV<lambda_dc504788e8f1664fe9b84e20bfb512f2>@@@Z@4HA 0000000180050bc8     libucrtd:per_thread_data.obj
 0004:00002bc8       $pdata$?fin$0@?0???$?RV<lambda_2d41944a1d46af3157314b8a01080d33>@@AEAV<lambda_8f455de75cd7d7f24b4096f044d8b9e6>@@V<lambda_aa500f224e6afead328df44964fe2772>@@@?$__crt_seh_guarded_call@X@@QEAAX$$QEAV<lambda_2d41944a1d46af3157314b8a01080d33>@@AEAV<lambda_8f455de75cd7d7f24b4096f044d8b9e6>@@$$QEAV<lambda_aa500f224e6afead328df44964fe2772>@@@Z@4HA 0000000180050bc8     libucrtd:per_thread_data.obj
 0004:00002bc8       $pdata$?fin$0@?0???$?RV<lambda_74a0ef281e44d15e1136f792f539efb3>@@AEAV<lambda_e157831efee4ea0afb0a2ace5dd5fd0d>@@V<lambda_04ddeca75b7c13fd67716e8dfcef87ee>@@@?$__crt_seh_guarded_call@X@@QEAAX$$QEAV<lambda_74a0ef281e44d15e1136f792f539efb3>@@AEAV<lambda_e157831efee4ea0afb0a2ace5dd5fd0d>@@$$QEAV<lambda_04ddeca75b7c13fd67716e8dfcef87ee>@@@Z@4HA 0000000180050bc8     libucrtd:per_thread_data.obj
 0004:00002bc8       $pdata$?fin$0@?0???$?RV<lambda_aa87e3671a710a21b5dc78c0bdf72e11>@@AEAV<lambda_92619d2358a28f41a33ba319515a20b9>@@V<lambda_6992ecaafeb10aed2b74cb1fae11a551>@@@?$__crt_seh_guarded_call@X@@QEAAX$$QEAV<lambda_aa87e3671a710a21b5dc78c0bdf72e11>@@AEAV<lambda_92619d2358a28f41a33ba319515a20b9>@@$$QEAV<lambda_6992ecaafeb10aed2b74cb1fae11a551>@@@Z@4HA 0000000180050bc8     libucrtd:per_thread_data.obj
 0004:00002bc8       $pdata$?fin$0@?0???$?RV<lambda_410d79af7f07d98d83a3f525b3859a53>@@AEAV<lambda_3e16ef9562a7dcce91392c22ab16ea36>@@V<lambda_38119f0e861e05405d8a144b9b982f0a>@@@?$__crt_seh_guarded_call@X@@QEAAX$$QEAV<lambda_410d79af7f07d98d83a3f525b3859a53>@@AEAV<lambda_3e16ef9562a7dcce91392c22ab16ea36>@@$$QEAV<lambda_38119f0e861e05405d8a144b9b982f0a>@@@Z@4HA 0000000180050bc8     libucrtd:wsetlocale.obj
 0004:00002bc8       $pdata$?fin$0@?0???$?RV<lambda_efa02eb69bf647d2f7ff0dd6f1103f72>@@AEAV<lambda_bd5a608237428601b7e45fbdc72b1ae8>@@V<lambda_728235dc0fc2b1f82d1fa5b3e7102d8f>@@@?$__crt_seh_guarded_call@X@@QEAAX$$QEAV<lambda_efa02eb69bf647d2f7ff0dd6f1103f72>@@AEAV<lambda_bd5a608237428601b7e45fbdc72b1ae8>@@$$QEAV<lambda_728235dc0fc2b1f82d1fa5b3e7102d8f>@@@Z@4HA 0000000180050bc8     libucrtd:mbctype.obj
 0004:00002bc8       $pdata$?fin$0@?0???$?RV<lambda_d80eeec6fff315bfe5c115232f3240e3>@@AEAV<lambda_6e4b09c48022b2350581041d5f6b0c4c>@@V<lambda_2358e3775559c9db80273638284d5e45>@@@?$__crt_seh_guarded_call@X@@QEAAX$$QEAV<lambda_d80eeec6fff315bfe5c115232f3240e3>@@AEAV<lambda_6e4b09c48022b2350581041d5f6b0c4c>@@$$QEAV<lambda_2358e3775559c9db80273638284d5e45>@@@Z@4HA 0000000180050bc8     libucrtd:exit.obj
 0004:00002bc8       $pdata$?fin$0@?0???$?RV<lambda_886d6c58226a84441f68b9f2b8217b83>@@AEAV<lambda_ab61a845afdef5b7c387490eaf3616ee>@@V<lambda_f7f22ab5edc0698d5f6905b0d3f44752>@@@?$__crt_seh_guarded_call@X@@QEAAX$$QEAV<lambda_886d6c58226a84441f68b9f2b8217b83>@@AEAV<lambda_ab61a845afdef5b7c387490eaf3616ee>@@$$QEAV<lambda_f7f22ab5edc0698d5f6905b0d3f44752>@@@Z@4HA 0000000180050bc8     libucrtd:fflush.obj
 0004:00002bd4       $pdata$?filt$0@?0???R<lambda_6e4b09c48022b2350581041d5f6b0c4c>@@QEBA@XZ@4HA 0000000180050bd4     libucrtd:exit.obj
 0004:00002be0       $pdata$?fin$0@?0???$?RV<lambda_450d765d439847d4c735a33c368b5fc0>@@AEAV<lambda_44731a7d0e6d81c3e6aa82d741081786>@@V<lambda_601a2a7da3b7a96e9554ac7215c4b07c>@@@?$__crt_seh_guarded_call@P6AXH@Z@@QEAAP6AXH@Z$$QEAV<lambda_450d765d439847d4c735a33c368b5fc0>@@AEAV<lambda_44731a7d0e6d81c3e6aa82d741081786>@@$$QEAV<lambda_601a2a7da3b7a96e9554ac7215c4b07c>@@@Z@4HA 0000000180050be0     libucrtd:signal.obj
 0004:00002be0       $pdata$?fin$0@?0???$?RV<lambda_6a47f4c8fd0152770a780fc1d70204eb>@@AEAV<lambda_d121dba8a4adeaf3a9819e48611155df>@@V<lambda_6aaa2265f5b6a89667e7d7630012e97a>@@@?$__crt_seh_guarded_call@H@@QEAAH$$QEAV<lambda_6a47f4c8fd0152770a780fc1d70204eb>@@AEAV<lambda_d121dba8a4adeaf3a9819e48611155df>@@$$QEAV<lambda_6aaa2265f5b6a89667e7d7630012e97a>@@@Z@4HA 0000000180050be0     libucrtd:onexit.obj
 0004:00002bec       $pdata$?dtor$0@?0???R<lambda_d121dba8a4adeaf3a9819e48611155df>@@QEBAHXZ@4HA 0000000180050bec     libucrtd:onexit.obj
 0004:00002bf8       $pdata$?fin$0@?0??heap_alloc_dbg_internal@@YAPEAX_KHQEBDH@Z@4HA 0000000180050bf8     libucrtd:debug_heap.obj
 0004:00002bf8       $pdata$_CrtMemCheckpoint$fin$0 0000000180050bf8     libucrtd:debug_heap.obj
 0004:00002c04       $pdata$?fin$0@?0??validate_heap_if_required_nolock@@YAXXZ@4HA 0000000180050c04     libucrtd:debug_heap.obj
 0004:00002c10       $pdata$_CrtCheckMemory$fin$0 0000000180050c10     libucrtd:debug_heap.obj
 0004:00002c10       $pdata$_CrtMemDumpAllObjectsSince$fin$0 0000000180050c10     libucrtd:debug_heap.obj
 0004:00002c10       $pdata$_CrtSetDbgFlag$fin$0 0000000180050c10     libucrtd:debug_heap.obj
 0004:00002c10       $pdata$_msize_dbg$fin$0    0000000180050c10     libucrtd:debug_heap.obj
 0004:00002c10       $pdata$_realloc_dbg$fin$0  0000000180050c10     libucrtd:debug_heap.obj
 0004:00002c1c       $pdata$_free_dbg$fin$0     0000000180050c1c     libucrtd:debug_heap.obj
 0004:00002c1c       $pdata$_query_new_handler$fin$0 0000000180050c1c     libucrtd:new_handler.obj
 0004:00002c28       $pdata$?fin$0@?0??update_thread_multibyte_data_internal@@YAPEAU__crt_multibyte_data@@QEAU__acrt_ptd@@QEAPEAU1@@Z@4HA 0000000180050c28     libucrtd:mbctype.obj
 0004:00002c34       $pdata$__acrt_initialize_lowio$fin$0 0000000180050c34     libucrtd:ioinit.obj
 0004:00002c40       $pdata$raise$fin$0         0000000180050c40     libucrtd:signal.obj
 0004:00002c4c       $pdata$?dtor$0@?0??fp_format_a@@YAHQEBNPEAD_KQEAD2H_NIQEAU__crt_locale_pointers@@@Z@4HA 0000000180050c4c     libucrtd:cvt.obj
 0004:00002c58       $pdata$_VCrtDbgReportA$fin$0 0000000180050c58     libucrtd:dbgrptt.obj
 0004:00002c64       $pdata$_VCrtDbgReportA$fin$1 0000000180050c64     libucrtd:dbgrptt.obj
 0004:00002c70       $pdata$_VCrtDbgReportW$fin$0 0000000180050c70     libucrtd:dbgrptt.obj
 0004:00002c7c       $pdata$_VCrtDbgReportW$fin$1 0000000180050c7c     libucrtd:dbgrptt.obj
 0004:00002c88       $pdata$__acrt_update_thread_locale_data$fin$0 0000000180050c88     libucrtd:locale_refcounting.obj
 0004:00002c94       $pdata$?dtor$0@?0??shortsort@@YAXPEAD0_KP6AHPEBX2@Z@Z@4HA 0000000180050c94     libucrtd:qsort.obj
 0004:00002ca0       $pdata$__acrt_lowio_ensure_fh_exists$fin$0 0000000180050ca0     libucrtd:osfinfo.obj
 0004:00002cac       $pdata$?fin$0@?0???$?RV<lambda_842d9ff0dc9ef11c61343bbaebe7f885>@@AEAV<lambda_c5860995281e5c4ce005b3de8f5874ee>@@V<lambda_d90129c13df834fdcbf8d2b88dafcf2d>@@@?$__crt_seh_guarded_call@X@@QEAAX$$QEAV<lambda_842d9ff0dc9ef11c61343bbaebe7f885>@@AEAV<lambda_c5860995281e5c4ce005b3de8f5874ee>@@$$QEAV<lambda_d90129c13df834fdcbf8d2b88dafcf2d>@@@Z@4HA 0000000180050cac     libucrtd:fflush.obj
 0004:00002cb8       $pdata$_fcloseall$fin$0    0000000180050cb8     libucrtd:closeall.obj
 0004:00002cc4       $pdata$?dtor$0@?0??_wcstombs_l_helper@@YA_KPEADPEB_W_KPEAU__crt_locale_pointers@@@Z@4HA 0000000180050cc4     libucrtd:wcstombs.obj
 0004:00002cd0       $pdata$?fin$0@?0???$?RV<lambda_53fc7fc888e23d815d7080162c0aeeb2>@@AEAV<lambda_4e7105787b7b0e0227fbf2b2d883fa65>@@V<lambda_8ddc48ad9d26c778cb15812d1d88fc8a>@@@?$__crt_seh_guarded_call@H@@QEAAH$$QEAV<lambda_53fc7fc888e23d815d7080162c0aeeb2>@@AEAV<lambda_4e7105787b7b0e0227fbf2b2d883fa65>@@$$QEAV<lambda_8ddc48ad9d26c778cb15812d1d88fc8a>@@@Z@4HA 0000000180050cd0     libucrtd:close.obj
 0004:00002cd0       $pdata$?fin$0@?0???$?RV<lambda_4e3dbe6921bc0b5a1a6bc6573fdc859e>@@AEAV<lambda_5533cddd4bda0037814beee657757329>@@V<lambda_47cffbaa968af5c721c38a4a6f8da44d>@@@?$__crt_seh_guarded_call@H@@QEAAH$$QEAV<lambda_4e3dbe6921bc0b5a1a6bc6573fdc859e>@@AEAV<lambda_5533cddd4bda0037814beee657757329>@@$$QEAV<lambda_47cffbaa968af5c721c38a4a6f8da44d>@@@Z@4HA 0000000180050cd0     libucrtd:commit.obj
 0004:00002cdc       $pdata$_write$fin$0        0000000180050cdc     libucrtd:write.obj
 0004:00002ce8       $pdata$fclose$fin$0        0000000180050ce8     libucrtd:fclose.obj
 0004:00002cf4       $pdata$_ctrlfp$filt$0      0000000180050cf4     libucrtd:fpctrl.obj
 0004:00002d00       $pdata$_IsNonwritableInCurrentImage$filt$0 0000000180050d00     LIBCMTD:pesect.obj
 0005:00000000       MoveSmall                  0000000180051000     libvcruntimed:memcpy.obj
 0005:00000050       MsetTab                    0000000180051050     libvcruntimed:memset.obj
