 handmade

 Timestamp is 5e96454c (Tue Apr 14 17:20:44 2020)

 Preferred load address is 0000000180000000

 Start         Length     Name                   Class
 0001:00000000 0000b980H .text$mn                CODE
 0001:0000b980 00000020H .text$mn$00             CODE
 0001:0000b9a0 000002d0H .text$x                 CODE
 0002:00000000 00000218H .idata$5                DATA
 0002:00000218 00000010H .00cfg                  DATA
 0002:00000228 00000008H .CRT$XCA                DATA
 0002:00000230 00000008H .CRT$XCZ                DATA
 0002:00000238 00000008H .CRT$XIA                DATA
 0002:00000240 00000018H .CRT$XIC                DATA
 0002:00000258 00000008H .CRT$XIZ                DATA
 0002:00000260 00000008H .CRT$XPA                DATA
 0002:00000268 00000010H .CRT$XPX                DATA
 0002:00000278 00000008H .CRT$XPXA               DATA
 0002:00000280 00000008H .CRT$XPZ                DATA
 0002:00000288 00000008H .CRT$XTA                DATA
 0002:00000290 00000010H .CRT$XTZ                DATA
 0002:00000298 00000000H .gfids$y                DATA
 0002:000002a0 00007768H .rdata                  DATA
 0002:00007a08 00000000H .rdata$r                DATA
 0002:00007a08 000002c8H .rdata$zzzdbg           DATA
 0002:00007cd0 00000008H .rtc$IAA                DATA
 0002:00007cd8 00000008H .rtc$IZZ                DATA
 0002:00007ce0 00000008H .rtc$TAA                DATA
 0002:00007ce8 00000008H .rtc$TZZ                DATA
 0002:00007cf0 00000b10H .xdata                  DATA
 0002:00008800 00000000H .xdata$x                DATA
 0002:00008800 00000074H .edata                  DATA
 0002:00008874 00000014H .idata$2                DATA
 0002:00008888 00000018H .idata$3                DATA
 0002:000088a0 00000218H .idata$4                DATA
 0002:00008ab8 000004e2H .idata$6                DATA
 0003:00000000 000009e0H .data                   DATA
 0003:000009e0 00000000H .data$r                 DATA
 0003:000009e0 000011c0H .bss                    DATA
 0004:00000000 00000d8cH .pdata                  DATA
 0005:00000000 00000094H _RDATA                  DATA

  Address         Publics by Value              Rva+Base               Lib:Object

 0000:00000000       __hybrid_code_map          0000000000000000     <absolute>
 0000:00000000       __hybrid_code_map_count    0000000000000000     <absolute>
 0000:00000000       __guard_fids_count         0000000000000000     <absolute>
 0000:00000000       __volatile_metadata        0000000000000000     <absolute>
 0000:00000000       __guard_longjmp_count      0000000000000000     <absolute>
 0000:00000000       __guard_longjmp_table      0000000000000000     <absolute>
 0000:00000000       __guard_iat_table          0000000000000000     <absolute>
 0000:00000000       __guard_iat_count          0000000000000000     <absolute>
 0000:00000000       ___safe_se_handler_count   0000000000000000     <absolute>
 0000:00000000       __enclave_config           0000000000000000     <absolute>
 0000:00000000       __AbsoluteZero             0000000000000000     <absolute>
 0000:00000000       __dynamic_value_reloc_table 0000000000000000     <absolute>
 0000:00000000       ___safe_se_handler_table   0000000000000000     <absolute>
 0000:00000000       __guard_fids_table         0000000000000000     <absolute>
 0000:00000000       __hybrid_auxiliary_iat     0000000000000000     <absolute>
 0000:00000100       __guard_flags              0000000000000100     <absolute>
 0000:00000000       __ImageBase                0000000180000000     <linker-defined>
 0001:00000000       ?GameUpdateAndRenderStub@@YAXPEAUgame_memory@@PEAUgame_input@@PEAUgame_offscreen_buffer@@@Z 0000000180001000 f   handmade.obj
 0001:00000020       ?GameGetSoundSamplesStub@@YAXPEAUgame_memory@@PEAUgame_sound_output_buffer@@@Z 0000000180001020 f   handmade.obj
 0001:00000260       GameUpdateAndRender        0000000180001260 f   handmade.obj
 0001:00000470       GameGetSoundSamples        0000000180001470 f   handmade.obj
 0001:000004b0       ?GetController@@YAPEAUgame_controller_input@@PEAUgame_input@@H@Z 00000001800014b0 f i handmade.obj
 0001:00000814       _DllMainCRTStartup         0000000180001814 f   LIBCMT:dll_dllmain.obj
 0001:00000854       __security_init_cookie     0000000180001854 f   LIBCMT:gs_support.obj
 0001:00000900       _get_startup_argv_mode     0000000180001900 f   LIBCMT:argv_mode.obj
 0001:00000900       DllMain                    0000000180001900 f   LIBCMT:dll_dllmain_stub.obj
 0001:00000908       ?__scrt_initialize_type_info@@YAXXZ 0000000180001908 f   LIBCMT:tncleanup.obj
 0001:00000918       ?__scrt_uninitialize_type_info@@YAXXZ 0000000180001918 f   LIBCMT:tncleanup.obj
 0001:00000924       __local_stdio_printf_options 0000000180001924 f i LIBCMT:default_local_stdio_options.obj
 0001:0000092c       __local_stdio_scanf_options 000000018000192c f i LIBCMT:default_local_stdio_options.obj
 0001:00000934       __scrt_initialize_default_local_stdio_options 0000000180001934 f   LIBCMT:default_local_stdio_options.obj
 0001:00000950       __scrt_acquire_startup_lock 0000000180001950 f   LIBCMT:utility.obj
 0001:0000098c       __scrt_dllmain_after_initialize_c 000000018000198c f   LIBCMT:utility.obj
 0001:000009c0       __scrt_dllmain_before_initialize_c 00000001800019c0 f   LIBCMT:utility.obj
 0001:000009d8       __scrt_dllmain_crt_thread_attach 00000001800019d8 f   LIBCMT:utility.obj
 0001:00000a00       __scrt_dllmain_crt_thread_detach 0000000180001a00 f   LIBCMT:utility.obj
 0001:00000a18       __scrt_dllmain_exception_filter 0000000180001a18 f   LIBCMT:utility.obj
 0001:00000a78       __scrt_dllmain_uninitialize_c 0000000180001a78 f   LIBCMT:utility.obj
 0001:00000aa8       __scrt_dllmain_uninitialize_critical 0000000180001aa8 f   LIBCMT:utility.obj
 0001:00000abc       __scrt_initialize_crt      0000000180001abc f   LIBCMT:utility.obj
 0001:00000b08       __scrt_initialize_onexit_tables 0000000180001b08 f   LIBCMT:utility.obj
 0001:00000b94       __scrt_is_nonwritable_in_current_image 0000000180001b94 f   LIBCMT:utility.obj
 0001:00000c2c       __scrt_release_startup_lock 0000000180001c2c f   LIBCMT:utility.obj
 0001:00000c50       __scrt_uninitialize_crt    0000000180001c50 f   LIBCMT:utility.obj
 0001:00000c7c       __scrt_get_dyn_tls_init_callback 0000000180001c7c f   LIBCMT:dyn_tls_init.obj
 0001:00000c84       __crt_debugger_hook        0000000180001c84 f   LIBCMT:utility_desktop.obj
 0001:00000c8c       __scrt_fastfail            0000000180001c8c f   LIBCMT:utility_desktop.obj
 0001:00000dd8       _RTC_Initialize            0000000180001dd8 f   LIBCMT:initsect.obj
 0001:00000e14       _RTC_Terminate             0000000180001e14 f   LIBCMT:initsect.obj
 0001:00000e50       _guard_check_icall_nop     0000000180001e50 f i LIBCMT:guard_support.obj
 0001:00000e54       __isa_available_init       0000000180001e54 f   LIBCMT:cpu_disp.obj
 0001:00000fec       __scrt_is_ucrt_dll_in_use  0000000180001fec f   LIBCMT:ucrt_detection.obj
 0001:00001000       IsProcessorFeaturePresent  0000000180002000 f   kernel32:KERNEL32.dll
 0001:00001008       __C_specific_handler       0000000180002008 f   libvcruntime:riscchandler.obj
 0001:00001214       __std_type_info_destroy_list 0000000180002214 f   libvcruntime:std_type_info.obj
 0001:00001240       __vcrt_initialize          0000000180002240 f   libvcruntime:initialization.obj
 0001:00001268       __vcrt_thread_attach       0000000180002268 f   libvcruntime:initialization.obj
 0001:0000127c       __vcrt_thread_detach       000000018000227c f   libvcruntime:initialization.obj
 0001:00001290       __vcrt_uninitialize        0000000180002290 f   libvcruntime:initialization.obj
 0001:000012ac       __vcrt_uninitialize_critical 00000001800022ac f   libvcruntime:initialization.obj
 0001:000012bc       __DestructExceptionObject  00000001800022bc f   libvcruntime:ehhelpers.obj
 0001:0000132c       ?_CallMemberFunction0@@YAXQEAX0@Z 000000018000232c f i libvcruntime:ehhelpers.obj
 0001:00001340       memset_repmovs             0000000180002340 f   libvcruntime:memset.obj
 0001:00001360       memset                     0000000180002360 f   libvcruntime:memset.obj
 0001:00001500       _NLG_Notify                0000000180002500 f   libvcruntime:notify.obj
 0001:00001520       __NLG_Dispatch2            0000000180002520 f   libvcruntime:notify.obj
 0001:00001530       __NLG_Return2              0000000180002530 f   libvcruntime:notify.obj
 0001:00001534       __except_validate_context_record 0000000180002534 f   libvcruntime:jbcxrval.obj
 0001:0000156c       __vcrt_freefls             000000018000256c f   libvcruntime:per_thread_data.obj
 0001:0000158c       __vcrt_freeptd             000000018000258c f   libvcruntime:per_thread_data.obj
 0001:000015dc       __vcrt_getptd              00000001800025dc f   libvcruntime:per_thread_data.obj
 0001:000015f8       __vcrt_getptd_noexit       00000001800025f8 f   libvcruntime:per_thread_data.obj
 0001:000016b8       __vcrt_initialize_ptd      00000001800026b8 f   libvcruntime:per_thread_data.obj
 0001:00001700       __vcrt_uninitialize_ptd    0000000180002700 f   libvcruntime:per_thread_data.obj
 0001:00001724       __vcrt_initialize_locks    0000000180002724 f   libvcruntime:locks.obj
 0001:00001758       __vcrt_uninitialize_locks  0000000180002758 f   libvcruntime:locks.obj
 0001:000017a0       memcpy_repmovs             00000001800027a0 f   libvcruntime:memcpy.obj
 0001:000017c0       memcpy                     00000001800027c0 f   libvcruntime:memcpy.obj
 0001:000017c0       memmove                    00000001800027c0 f   libvcruntime:memcpy.obj
 0001:00001cf4       __vcrt_FlsAlloc            0000000180002cf4 f   libvcruntime:winapi_downlevel.obj
 0001:00001d3c       __vcrt_FlsFree             0000000180002d3c f   libvcruntime:winapi_downlevel.obj
 0001:00001d84       __vcrt_FlsGetValue         0000000180002d84 f   libvcruntime:winapi_downlevel.obj
 0001:00001dcc       __vcrt_FlsSetValue         0000000180002dcc f   libvcruntime:winapi_downlevel.obj
 0001:00001e20       __vcrt_InitializeCriticalSectionEx 0000000180002e20 f   libvcruntime:winapi_downlevel.obj
 0001:00001ea0       _CallSettingFrame          0000000180002ea0 f   libvcruntime:handlers.obj
 0001:00001ef0       _CallSettingFrame_LookupContinuationIndex 0000000180002ef0 f   libvcruntime:handlers.obj
 0001:00001f20       _CallSettingFrame_NotifyContinuationAddr 0000000180002f20 f   libvcruntime:handlers.obj
 0001:00001f50       _CallSettingFrameEncoded   0000000180002f50 f   libvcruntime:handlers.obj
 0001:00001fa0       sinf                       0000000180002fa0 f   libucrt:sinf.obj
 0001:00002698       _initterm                  0000000180003698 f   libucrt:initterm.obj
 0001:000026fc       _initterm_e                00000001800036fc f   libucrt:initterm.obj
 0001:0000273c       _seh_filter_dll            000000018000373c f   libucrt:exception_filter.obj
 0001:00002750       _seh_filter_exe            0000000180003750 f   libucrt:exception_filter.obj
 0001:00002b40       __acrt_initialize_thread_local_exit_callback 0000000180003b40 f   libucrt:exit.obj
 0001:00002b48       _cexit                     0000000180003b48 f   libucrt:exit.obj
 0001:00002b58       _exit                      0000000180003b58 f   libucrt:exit.obj
 0001:00002b64       _is_c_termination_complete 0000000180003b64 f   libucrt:exit.obj
 0001:00002d30       __acrt_allocate_buffer_for_argv 0000000180003d30 f   libucrt:argv_parsing.obj
 0001:00002d90       _configure_narrow_argv     0000000180003d90 f   libucrt:argv_parsing.obj
 0001:00003108       __dcrt_uninitialize_environments_nolock 0000000180004108 f   libucrt:environment_initialization.obj
 0001:00003140       _initialize_narrow_environment 0000000180004140 f   libucrt:environment_initialization.obj
 0001:0000329c       _execute_onexit_table      000000018000429c f   libucrt:onexit.obj
 0001:000032d8       _initialize_onexit_table   00000001800042d8 f   libucrt:onexit.obj
 0001:00003338       __acrt_uninitialize_command_line 0000000180004338 f   libucrt:argv_data.obj
 0001:00003430       __acrt_initialize          0000000180004430 f   libucrt:initialization.obj
 0001:00003444       __acrt_thread_attach       0000000180004444 f   libucrt:initialization.obj
 0001:00003458       __acrt_thread_detach       0000000180004458 f   libucrt:initialization.obj
 0001:00003468       __acrt_uninitialize        0000000180004468 f   libucrt:initialization.obj
 0001:000034a0       __acrt_uninitialize_critical 00000001800044a0 f   libucrt:initialization.obj
 0001:000034b0       terminate                  00000001800044b0 f   libucrt:terminate.obj
 0001:000034d0       free                       00000001800044d0 f   libucrt:free.obj
 0001:000034e4       strcpy_s                   00000001800044e4 f   libucrt:strcpy_s.obj
 0001:00003544       abort                      0000000180004544 f   libucrt:abort.obj
 0001:0000359c       ??0_LocaleUpdate@@QEAA@QEAU__crt_locale_pointers@@@Z 000000018000459c f i libucrt:output.obj
 0001:00003650       strncmp                    0000000180004650 f   libucrt:strncmp.obj
 0001:000036d0       calloc                     00000001800046d0 f   libucrt:calloc.obj
 0001:000036d8       wcsncmp                    00000001800046d8 f   libucrt:wcsncmp.obj
 0001:00003710       __acrt_initialize_fma3     0000000180004710 f   libucrt:fma3_available.obj
 0001:00003780       __remainder_piby2d2f_forC  0000000180004780 f   libucrt:remainder_piby2f_forc.obj
 0001:00003998       _sinf_special              0000000180004998 f   libucrt:sincos_special.obj
 0001:00003d24       __acrt_freeptd             0000000180004d24 f   libucrt:per_thread_data.obj
 0001:00003d68       __acrt_getptd              0000000180004d68 f   libucrt:per_thread_data.obj
 0001:00003e3c       __acrt_getptd_head         0000000180004e3c f   libucrt:per_thread_data.obj
 0001:00003ee4       __acrt_getptd_noexit       0000000180004ee4 f   libucrt:per_thread_data.obj
 0001:00003fb0       __acrt_initialize_ptd      0000000180004fb0 f   libucrt:per_thread_data.obj
 0001:00003fec       __acrt_uninitialize_ptd    0000000180004fec f   libucrt:per_thread_data.obj
 0001:00004010       __acrt_initialize_locks    0000000180005010 f   libucrt:locks.obj
 0001:00004058       __acrt_lock                0000000180005058 f   libucrt:locks.obj
 0001:00004074       __acrt_uninitialize_locks  0000000180005074 f   libucrt:locks.obj
 0001:000040ac       __acrt_unlock              00000001800050ac f   libucrt:locks.obj
 0001:000040c8       __acrt_get_process_end_policy 00000001800050c8 f   libucrt:win_policies.obj
 0001:00004104       __acrt_call_reportfault    0000000180005104 f   libucrt:invalid_parameter.obj
 0001:00004260       __acrt_initialize_invalid_parameter_handler 0000000180005260 f   libucrt:invalid_parameter.obj
 0001:00004268       _invalid_parameter         0000000180005268 f   libucrt:invalid_parameter.obj
 0001:00004318       _invalid_parameter_noinfo  0000000180005318 f   libucrt:invalid_parameter.obj
 0001:00004338       _invoke_watson             0000000180005338 f   libucrt:invalid_parameter.obj
 0001:00004380       __acrt_errno_from_os_error 0000000180005380 f   libucrt:errno.obj
 0001:000043c8       __acrt_errno_map_os_error  00000001800053c8 f   libucrt:errno.obj
 0001:00004418       __doserrno                 0000000180005418 f   libucrt:errno.obj
 0001:00004438       _errno                     0000000180005438 f   libucrt:errno.obj
 0001:00004458       _calloc_base               0000000180005458 f   libucrt:calloc_base.obj
 0001:000044d0       _free_base                 00000001800054d0 f   libucrt:free_base.obj
 0001:00004524       ??$__acrt_mbs_to_wcs_cp@U__crt_win32_buffer_internal_dynamic_resizing@@@@YAHQEBDAEAV?$__crt_win32_buffer@_WU__crt_win32_buffer_internal_dynamic_resizing@@@@I@Z 0000000180005524 f i libucrt:argv_wildcards.obj
 0001:0000469c       ??$__acrt_wcs_to_mbs_cp@U__crt_win32_buffer_internal_dynamic_resizing@@@@YAHQEB_WAEAV?$__crt_win32_buffer@DU__crt_win32_buffer_internal_dynamic_resizing@@@@I@Z 000000018000569c f i libucrt:argv_wildcards.obj
 0001:00004ecc       __acrt_expand_narrow_argv_wildcards 0000000180005ecc f   libucrt:argv_wildcards.obj
 0001:00004ed4       ??$__acrt_wcs_to_mbs_cp@U__crt_win32_buffer_no_resizing@@@@YAHQEB_WAEAV?$__crt_win32_buffer@DU__crt_win32_buffer_no_resizing@@@@I@Z 0000000180005ed4 f i libucrt:getmodulefilenamea.obj
 0001:00004fe8       __acrt_GetModuleFileNameA  0000000180005fe8 f   libucrt:getmodulefilenamea.obj
 0001:00005834       __acrt_initialize_multibyte 0000000180006834 f   libucrt:mbctype.obj
 0001:00005894       __acrt_update_thread_multibyte_data 0000000180006894 f   libucrt:mbctype.obj
 0001:000058b0       _setmbcp_nolock            00000001800068b0 f   libucrt:mbctype.obj
 0001:00005be4       _ismbblead                 0000000180006be4 f   libucrt:ismbbyte.obj
 0001:00005bf8       __acrt_initialize_command_line 0000000180006bf8 f   libucrt:argv_data.obj
 0001:00005c20       __acrt_MultiByteToWideChar 0000000180006c20 f   libucrt:multibytetowidechar.obj
 0001:00005c7c       __acrt_WideCharToMultiByte 0000000180006c7c f   libucrt:widechartomultibyte.obj
 0001:00005d14       __dcrt_get_narrow_environment_from_os 0000000180006d14 f   libucrt:get_environment_from_os.obj
 0001:00005e18       _recalloc_base             0000000180006e18 f   libucrt:recalloc.obj
 0001:00006088       __acrt_AppPolicyGetProcessTerminationMethodInternal 0000000180007088 f   libucrt:winapi_thunks.obj
 0001:000060d8       __acrt_AreFileApisANSI     00000001800070d8 f   libucrt:winapi_thunks.obj
 0001:00006114       __acrt_FlsAlloc            0000000180007114 f   libucrt:winapi_thunks.obj
 0001:0000615c       __acrt_FlsFree             000000018000715c f   libucrt:winapi_thunks.obj
 0001:000061a4       __acrt_FlsGetValue         00000001800071a4 f   libucrt:winapi_thunks.obj
 0001:000061ec       __acrt_FlsSetValue         00000001800071ec f   libucrt:winapi_thunks.obj
 0001:00006240       __acrt_InitializeCriticalSectionEx 0000000180007240 f   libucrt:winapi_thunks.obj
 0001:000062a4       __acrt_LCMapStringEx       00000001800072a4 f   libucrt:winapi_thunks.obj
 0001:00006380       __acrt_LocaleNameToLCID    0000000180007380 f   libucrt:winapi_thunks.obj
 0001:000063d0       __acrt_initialize_winapi_thunks 00000001800073d0 f   libucrt:winapi_thunks.obj
 0001:00006404       __acrt_uninitialize_winapi_thunks 0000000180007404 f   libucrt:winapi_thunks.obj
 0001:00006448       __acrt_initialize_heap     0000000180007448 f   libucrt:heap_handle.obj
 0001:00006464       __acrt_uninitialize_heap   0000000180007464 f   libucrt:heap_handle.obj
 0001:0000666c       __acrt_initialize_lowio    000000018000766c f   libucrt:ioinit.obj
 0001:000066a8       __acrt_uninitialize_lowio  00000001800076a8 f   libucrt:ioinit.obj
 0001:000066e8       __acrt_execute_initializers 00000001800076e8 f   libucrt:shared_initialization.obj
 0001:00006768       __acrt_execute_uninitializers 0000000180007768 f   libucrt:shared_initialization.obj
 0001:000067a4       __acrt_initialize_new_handler 00000001800077a4 f   libucrt:new_handler.obj
 0001:000067ac       _callnewh                  00000001800077ac f   libucrt:new_handler.obj
 0001:000067dc       _query_new_handler         00000001800077dc f   libucrt:new_handler.obj
 0001:00006858       __acrt_get_sigabrt_handler 0000000180007858 f   libucrt:signal.obj
 0001:00006888       __acrt_initialize_signal_handlers 0000000180007888 f   libucrt:signal.obj
 0001:000068a8       raise                      00000001800078a8 f   libucrt:signal.obj
 0001:00006b14       __acrt_has_user_matherr    0000000180007b14 f   libucrt:matherr.obj
 0001:00006b34       __acrt_initialize_user_matherr 0000000180007b34 f   libucrt:matherr.obj
 0001:00006b3c       __acrt_invoke_user_matherr 0000000180007b3c f   libucrt:matherr.obj
 0001:00006d48       __acrt_stdio_flush_nolock  0000000180007d48 f   libucrt:fflush.obj
 0001:00006dc4       _fflush_nolock             0000000180007dc4 f   libucrt:fflush.obj
 0001:00006e10       _flushall                  0000000180007e10 f   libucrt:fflush.obj
 0001:00006e18       __acrt_initialize_stdio    0000000180007e18 f   libucrt:_file.obj
 0001:00006f38       __acrt_uninitialize_stdio  0000000180007f38 f   libucrt:_file.obj
 0001:00006f94       _lock_file                 0000000180007f94 f   libucrt:_file.obj
 0001:00006fa0       _unlock_file               0000000180007fa0 f   libucrt:_file.obj
 0001:00006fac       _malloc_base               0000000180007fac f   libucrt:malloc_base.obj
 0001:0000700c       _mbtowc_l                  000000018000800c f   libucrt:mbtowc.obj
 0001:0000718c       mbtowc                     000000018000818c f   libucrt:mbtowc.obj
 0001:00007194       __acrt_update_locale_info  0000000180008194 f   libucrt:locale_update.obj
 0001:000071c8       __acrt_update_multibyte_info 00000001800081c8 f   libucrt:locale_update.obj
 0001:000071fc       _fileno                    00000001800081fc f   libucrt:fileno.obj
 0001:00007294       __acrt_set_locale_changed  0000000180008294 f   libucrt:wsetlocale.obj
 0001:000072a0       __acrt_uninitialize_locale 00000001800082a0 f   libucrt:wsetlocale.obj
 0001:000072d0       __pctype_func              00000001800082d0 f   libucrt:ctype.obj
 0001:00007424       _handle_error              0000000180008424 f   libucrt:libm_error.obj
 0001:0000754c       _handle_errorf             000000018000854c f   libucrt:libm_error.obj
 0001:00007680       __acrt_add_locale_ref      0000000180008680 f   libucrt:locale_refcounting.obj
 0001:0000770c       __acrt_free_locale         000000018000870c f   libucrt:locale_refcounting.obj
 0001:00007884       __acrt_locale_add_lc_time_reference 0000000180008884 f   libucrt:locale_refcounting.obj
 0001:000078ac       __acrt_locale_free_lc_time_if_unreferenced 00000001800088ac f   libucrt:locale_refcounting.obj
 0001:000078e4       __acrt_locale_release_lc_time_reference 00000001800088e4 f   libucrt:locale_refcounting.obj
 0001:0000790c       __acrt_release_locale_ref  000000018000890c f   libucrt:locale_refcounting.obj
 0001:000079b4       __acrt_update_thread_locale_data 00000001800089b4 f   libucrt:locale_refcounting.obj
 0001:00007a20       _updatetlocinfoEx_nolock   0000000180008a20 f   libucrt:locale_refcounting.obj
 0001:00007a88       _query_new_mode            0000000180008a88 f   libucrt:new_mode.obj
 0001:00007a90       qsort                      0000000180008a90 f   libucrt:qsort.obj
 0001:00007e40       strncpy_s                  0000000180008e40 f   libucrt:strncpy_s.obj
 0001:00007fc0       strpbrk                    0000000180008fc0 f   libucrt:strpbrk.obj
 0001:000083a0       _mbsdec                    00000001800093a0 f   libucrt:mbsdec.obj
 0001:000083a8       _mbsdec_l                  00000001800093a8 f   libucrt:mbsdec.obj
 0001:0000843c       __acrt_GetStringTypeA      000000018000943c f   libucrt:getstringtypea.obj
 0001:000088e4       __acrt_LCMapStringA        00000001800098e4 f   libucrt:lcmapstringa.obj
 0001:00008994       _msize_base                0000000180009994 f   libucrt:msize.obj
 0001:000089d0       _realloc_base              00000001800099d0 f   libucrt:realloc_base.obj
 0001:00008a4c       __acrt_DownlevelLocaleNameToLCID 0000000180009a4c f   libucrt:lcidtoname_downlevel.obj
 0001:00008afc       __acrt_lowio_create_handle_array 0000000180009afc f   libucrt:osfinfo.obj
 0001:00008ba4       __acrt_lowio_destroy_handle_array 0000000180009ba4 f   libucrt:osfinfo.obj
 0001:00008bf4       __acrt_lowio_ensure_fh_exists 0000000180009bf4 f   libucrt:osfinfo.obj
 0001:00008c9c       __acrt_lowio_lock_fh       0000000180009c9c f   libucrt:osfinfo.obj
 0001:00008cc4       __acrt_lowio_unlock_fh     0000000180009cc4 f   libucrt:osfinfo.obj
 0001:00008cec       _free_osfhnd               0000000180009cec f   libucrt:osfinfo.obj
 0001:00008da8       _get_osfhandle             0000000180009da8 f   libucrt:osfinfo.obj
 0001:00008eac       _commit                    0000000180009eac f   libucrt:commit.obj
 0001:000097a0       _write                     000000018000a7a0 f   libucrt:write.obj
 0001:0000988c       _write_nolock              000000018000a88c f   libucrt:write.obj
 0001:00009b68       _fcloseall                 000000018000ab68 f   libucrt:closeall.obj
 0001:00009c1c       __acrt_stdio_free_buffer_nolock 000000018000ac1c f   libucrt:_freebuf.obj
 0001:00009c5c       _isatty                    000000018000ac5c f   libucrt:isatty.obj
 0001:00009cbc       _isleadbyte_l              000000018000acbc f i libucrt:_wctype.obj
 0001:00009d08       ?__mbrtowc_utf8@__crt_mbstring@@YA_KPEA_WPEBD_KPEAU_Mbstatet@@@Z 000000018000ad08 f   libucrt:mbrtowc.obj
 0001:00009d44       ?__mbsrtowcs_utf8@__crt_mbstring@@YA_KPEA_WPEAPEBD_KPEAU_Mbstatet@@@Z 000000018000ad44 f   libucrt:mbrtowc.obj
 0001:00009ebc       __acrt_locale_free_monetary 000000018000aebc f   libucrt:initmon.obj
 0001:00009fc8       __acrt_locale_free_numeric 000000018000afc8 f   libucrt:initnum.obj
 0001:0000a08c       __acrt_locale_free_time    000000018000b08c f   libucrt:inittime.obj
 0001:0000a194       _raise_exc                 000000018000b194 f   libucrt:fpexcept.obj
 0001:0000a1bc       _raise_exc_ex              000000018000b1bc f   libucrt:fpexcept.obj
 0001:0000a4cc       _raise_excf                000000018000b4cc f   libucrt:fpexcept.obj
 0001:0000a4f8       _set_errno_from_matherr    000000018000b4f8 f   libucrt:fpexcept.obj
 0001:0000a528       _clrfp                     000000018000b528 f   libucrt:fpctrl.obj
 0001:0000a548       _ctrlfp                    000000018000b548 f   libucrt:fpctrl.obj
 0001:0000a5c4       _set_statfp                000000018000b5c4 f   libucrt:fpctrl.obj
 0001:0000a5e4       _statfp                    000000018000b5e4 f   libucrt:fpctrl.obj
 0001:0000a5f8       __strncnt                  000000018000b5f8 f   libucrt:strncnt.obj
 0001:0000a610       __ascii_wcsnicmp           000000018000b610 f   libucrt:wcsnicmp.obj
 0001:0000a65c       _query_app_type            000000018000b65c f   libucrt:report_runtime_error.obj
 0001:0000a700       _lseeki64_nolock           000000018000b700 f   libucrt:lseek.obj
 0001:0000a708       _putwch_nolock             000000018000b708 f   libucrt:putwch.obj
 0001:0000a744       _fclose_nolock             000000018000b744 f   libucrt:fclose.obj
 0001:0000a7c8       fclose                     000000018000b7c8 f   libucrt:fclose.obj
 0001:0000a82c       ?__mbrtoc32_utf8@__crt_mbstring@@YA_KPEA_UPEBD_KPEAU_Mbstatet@@@Z 000000018000b82c f   libucrt:mbrtoc32.obj
 0001:0000aa10       log10                      000000018000ba10 f   libucrt:log10.obj
 0001:0000afd0       _get_fpsr                  000000018000bfd0 f   libucrt:fpsr.obj
 0001:0000afe0       _set_fpsr                  000000018000bfe0 f   libucrt:fpsr.obj
 0001:0000afea       _fclrf                     000000018000bfea f   libucrt:fpsr.obj
 0001:0000affe       _frnd                      000000018000bffe f   libucrt:fpsr.obj
 0001:0000b020       __dcrt_lowio_ensure_console_output_initialized 000000018000c020 f   libucrt:initcon.obj
 0001:0000b074       __dcrt_terminate_console_output 000000018000c074 f   libucrt:initcon.obj
 0001:0000b090       __dcrt_write_console       000000018000c090 f   libucrt:initcon.obj
 0001:0000b1c4       _close                     000000018000c1c4 f   libucrt:close.obj
 0001:0000b268       _close_nolock              000000018000c268 f   libucrt:close.obj
 0001:0000b328       ?__acrt_stdio_free_stream@@YAXV__crt_stdio_stream@@@Z 000000018000c328 f   libucrt:stream.obj
 0001:0000b350       _log10_special             000000018000c350 f   libucrt:log_special.obj
 0001:0000b410       _FindPESection             000000018000c410 f   LIBCMT:pesect.obj
 0001:0000b460       _IsNonwritableInCurrentImage 000000018000c460 f   LIBCMT:pesect.obj
 0001:0000b4b0       _ValidateImageBase         000000018000c4b0 f   LIBCMT:pesect.obj
 0001:0000b4e0       __GSHandlerCheck           000000018000c4e0 f   LIBCMT:gshandler.obj
 0001:0000b500       __GSHandlerCheckCommon     000000018000c500 f   LIBCMT:gshandler.obj
 0001:0000b570       __security_check_cookie    000000018000c570 f   LIBCMT:amdsecgs.obj
 0001:0000b594       __raise_securityfailure    000000018000c594 f   LIBCMT:gs_report.obj
 0001:0000b5c8       __report_gsfailure         000000018000c5c8 f   LIBCMT:gs_report.obj
 0001:0000b69c       __report_rangecheckfailure 000000018000c69c f   LIBCMT:gs_report.obj
 0001:0000b6b0       __report_securityfailure   000000018000c6b0 f   LIBCMT:gs_report.obj
 0001:0000b840       __chkstk                   000000018000c840 f   LIBCMT:chkstk.obj
 0001:0000b840       _alloca_probe              000000018000c840 f   LIBCMT:chkstk.obj
 0001:0000b8b0       memcmp                     000000018000c8b0 f   libvcruntime:memcmp.obj
 0001:0000b990       _guard_dispatch_icall_nop  000000018000c990 f   LIBCMT:guard_dispatch.obj
 0002:00000000       __imp_QueryPerformanceCounter 000000018000d000     kernel32:KERNEL32.dll
 0002:00000008       __imp_GetCurrentProcessId  000000018000d008     kernel32:KERNEL32.dll
 0002:00000010       __imp_GetCurrentThreadId   000000018000d010     kernel32:KERNEL32.dll
 0002:00000018       __imp_GetSystemTimeAsFileTime 000000018000d018     kernel32:KERNEL32.dll
 0002:00000020       __imp_InitializeSListHead  000000018000d020     kernel32:KERNEL32.dll
 0002:00000028       __imp_RtlCaptureContext    000000018000d028     kernel32:KERNEL32.dll
 0002:00000030       __imp_RtlLookupFunctionEntry 000000018000d030     kernel32:KERNEL32.dll
 0002:00000038       __imp_RtlVirtualUnwind     000000018000d038     kernel32:KERNEL32.dll
 0002:00000040       __imp_IsDebuggerPresent    000000018000d040     kernel32:KERNEL32.dll
 0002:00000048       __imp_UnhandledExceptionFilter 000000018000d048     kernel32:KERNEL32.dll
 0002:00000050       __imp_SetUnhandledExceptionFilter 000000018000d050     kernel32:KERNEL32.dll
 0002:00000058       __imp_GetStartupInfoW      000000018000d058     kernel32:KERNEL32.dll
 0002:00000060       __imp_IsProcessorFeaturePresent 000000018000d060     kernel32:KERNEL32.dll
 0002:00000068       __imp_GetModuleHandleW     000000018000d068     kernel32:KERNEL32.dll
 0002:00000070       __imp_WriteConsoleW        000000018000d070     kernel32:KERNEL32.dll
 0002:00000078       __imp_RtlUnwindEx          000000018000d078     kernel32:KERNEL32.dll
 0002:00000080       __imp_InterlockedFlushSList 000000018000d080     kernel32:KERNEL32.dll
 0002:00000088       __imp_GetLastError         000000018000d088     kernel32:KERNEL32.dll
 0002:00000090       __imp_SetLastError         000000018000d090     kernel32:KERNEL32.dll
 0002:00000098       __imp_EnterCriticalSection 000000018000d098     kernel32:KERNEL32.dll
 0002:000000a0       __imp_LeaveCriticalSection 000000018000d0a0     kernel32:KERNEL32.dll
 0002:000000a8       __imp_DeleteCriticalSection 000000018000d0a8     kernel32:KERNEL32.dll
 0002:000000b0       __imp_InitializeCriticalSectionAndSpinCount 000000018000d0b0     kernel32:KERNEL32.dll
 0002:000000b8       __imp_TlsAlloc             000000018000d0b8     kernel32:KERNEL32.dll
 0002:000000c0       __imp_TlsGetValue          000000018000d0c0     kernel32:KERNEL32.dll
 0002:000000c8       __imp_TlsSetValue          000000018000d0c8     kernel32:KERNEL32.dll
 0002:000000d0       __imp_TlsFree              000000018000d0d0     kernel32:KERNEL32.dll
 0002:000000d8       __imp_FreeLibrary          000000018000d0d8     kernel32:KERNEL32.dll
 0002:000000e0       __imp_GetProcAddress       000000018000d0e0     kernel32:KERNEL32.dll
 0002:000000e8       __imp_LoadLibraryExW       000000018000d0e8     kernel32:KERNEL32.dll
 0002:000000f0       __imp_RaiseException       000000018000d0f0     kernel32:KERNEL32.dll
 0002:000000f8       __imp_GetCurrentProcess    000000018000d0f8     kernel32:KERNEL32.dll
 0002:00000100       __imp_ExitProcess          000000018000d100     kernel32:KERNEL32.dll
 0002:00000108       __imp_TerminateProcess     000000018000d108     kernel32:KERNEL32.dll
 0002:00000110       __imp_GetModuleHandleExW   000000018000d110     kernel32:KERNEL32.dll
 0002:00000118       __imp_GetModuleFileNameW   000000018000d118     kernel32:KERNEL32.dll
 0002:00000120       __imp_HeapAlloc            000000018000d120     kernel32:KERNEL32.dll
 0002:00000128       __imp_HeapFree             000000018000d128     kernel32:KERNEL32.dll
 0002:00000130       __imp_FindClose            000000018000d130     kernel32:KERNEL32.dll
 0002:00000138       __imp_FindFirstFileExW     000000018000d138     kernel32:KERNEL32.dll
 0002:00000140       __imp_FindNextFileW        000000018000d140     kernel32:KERNEL32.dll
 0002:00000148       __imp_IsValidCodePage      000000018000d148     kernel32:KERNEL32.dll
 0002:00000150       __imp_GetACP               000000018000d150     kernel32:KERNEL32.dll
 0002:00000158       __imp_GetOEMCP             000000018000d158     kernel32:KERNEL32.dll
 0002:00000160       __imp_GetCPInfo            000000018000d160     kernel32:KERNEL32.dll
 0002:00000168       __imp_GetCommandLineA      000000018000d168     kernel32:KERNEL32.dll
 0002:00000170       __imp_GetCommandLineW      000000018000d170     kernel32:KERNEL32.dll
 0002:00000178       __imp_MultiByteToWideChar  000000018000d178     kernel32:KERNEL32.dll
 0002:00000180       __imp_WideCharToMultiByte  000000018000d180     kernel32:KERNEL32.dll
 0002:00000188       __imp_GetEnvironmentStringsW 000000018000d188     kernel32:KERNEL32.dll
 0002:00000190       __imp_FreeEnvironmentStringsW 000000018000d190     kernel32:KERNEL32.dll
 0002:00000198       __imp_LCMapStringW         000000018000d198     kernel32:KERNEL32.dll
 0002:000001a0       __imp_GetProcessHeap       000000018000d1a0     kernel32:KERNEL32.dll
 0002:000001a8       __imp_GetStdHandle         000000018000d1a8     kernel32:KERNEL32.dll
 0002:000001b0       __imp_GetFileType          000000018000d1b0     kernel32:KERNEL32.dll
 0002:000001b8       __imp_GetStringTypeW       000000018000d1b8     kernel32:KERNEL32.dll
 0002:000001c0       __imp_HeapSize             000000018000d1c0     kernel32:KERNEL32.dll
 0002:000001c8       __imp_HeapReAlloc          000000018000d1c8     kernel32:KERNEL32.dll
 0002:000001d0       __imp_SetStdHandle         000000018000d1d0     kernel32:KERNEL32.dll
 0002:000001d8       __imp_FlushFileBuffers     000000018000d1d8     kernel32:KERNEL32.dll
 0002:000001e0       __imp_WriteFile            000000018000d1e0     kernel32:KERNEL32.dll
 0002:000001e8       __imp_GetConsoleCP         000000018000d1e8     kernel32:KERNEL32.dll
 0002:000001f0       __imp_GetConsoleMode       000000018000d1f0     kernel32:KERNEL32.dll
 0002:000001f8       __imp_SetFilePointerEx     000000018000d1f8     kernel32:KERNEL32.dll
 0002:00000200       __imp_CreateFileW          000000018000d200     kernel32:KERNEL32.dll
 0002:00000208       __imp_CloseHandle          000000018000d208     kernel32:KERNEL32.dll
 0002:00000210       \177KERNEL32_NULL_THUNK_DATA 000000018000d210     kernel32:KERNEL32.dll
 0002:00000218       __guard_check_icall_fptr   000000018000d218     LIBCMT:guard_support.obj
 0002:00000220       __guard_dispatch_icall_fptr 000000018000d220     LIBCMT:guard_support.obj
 0002:00000228       __xc_a                     000000018000d228     LIBCMT:initializers.obj
 0002:00000230       __xc_z                     000000018000d230     LIBCMT:initializers.obj
 0002:00000238       __xi_a                     000000018000d238     LIBCMT:initializers.obj
 0002:00000240       __acrt_tran_fma3_initializer 000000018000d240     libucrt:fma3_initializer.obj
 0002:00000248       __acrt_multibyte_initializer 000000018000d248     libucrt:multibyte_initializer.obj
 0002:00000250       __acrt_stdio_initializer   000000018000d250     libucrt:stdio_initializer.obj
 0002:00000258       __xi_z                     000000018000d258     LIBCMT:initializers.obj
 0002:00000260       __xp_a                     000000018000d260     LIBCMT:initializers.obj
 0002:00000268       __acrt_locale_terminator   000000018000d268     libucrt:locale_initializer.obj
 0002:00000270       __dcrt_console_output_terminator 000000018000d270     libucrt:console_output_initializer.obj
 0002:00000278       __acrt_stdio_terminator    000000018000d278     libucrt:stdio_initializer.obj
 0002:00000280       __xp_z                     000000018000d280     LIBCMT:initializers.obj
 0002:00000288       __xt_a                     000000018000d288     LIBCMT:initializers.obj
 0002:00000290       __xt_z                     000000018000d290     LIBCMT:initializers.obj
 0002:000002d4       __real@40800000            000000018000d2d4     handmade.obj
 0002:000002d8       __real@40c90fdb            000000018000d2d8     handmade.obj
 0002:000002dc       __real@410cbe4c            000000018000d2dc     handmade.obj
 0002:000002e0       __real@43000000            000000018000d2e0     handmade.obj
 0002:000002e8       _pDefaultRawDllMain        000000018000d2e8     LIBCMT:dll_dllmain.obj
 0002:000002e8       _pRawDllMain               000000018000d2e8     LIBCMT:dll_dllmain.obj
 0002:000002f0       __xmm@ffffffffffffffffffffffffffffffff 000000018000d2f0     LIBCMT:utility.obj
 0002:00000300       _pDestructExceptionObject  000000018000d300     libvcruntime:ehhelpers.obj
 0002:00000a10       ??_C@_08EHJDFFNH@__based?$CI@ 000000018000da10     libvcruntime:undname.obj
 0002:00000a20       ??_C@_07KOLFKCDI@__cdecl@  000000018000da20     libvcruntime:undname.obj
 0002:00000a28       ??_C@_08GHMPAG@__pascal@   000000018000da28     libvcruntime:undname.obj
 0002:00000a38       ??_C@_09IFJBGAPI@__stdcall@ 000000018000da38     libvcruntime:undname.obj
 0002:00000a48       ??_C@_0L@NPHFGOKO@__thiscall@ 000000018000da48     libvcruntime:undname.obj
 0002:00000a58       ??_C@_0L@JMKHOMEK@__fastcall@ 000000018000da58     libvcruntime:undname.obj
 0002:00000a68       ??_C@_0N@BCKKPABJ@__vectorcall@ 000000018000da68     libvcruntime:undname.obj
 0002:00000a78       ??_C@_09HIJEGCPM@__clrcall@ 000000018000da78     libvcruntime:undname.obj
 0002:00000a84       ??_C@_06GHPCKEAG@__eabi@   000000018000da84     libvcruntime:undname.obj
 0002:00000a90       ??_C@_09IOPIDJLG@__swift_1@ 000000018000da90     libvcruntime:undname.obj
 0002:00000aa0       ??_C@_09KFNFGKHF@__swift_2@ 000000018000daa0     libvcruntime:undname.obj
 0002:00000ab0       ??_C@_07JOMMBBKO@__ptr64@  000000018000dab0     libvcruntime:undname.obj
 0002:00000ab8       ??_C@_0L@PILCLIHE@__restrict@ 000000018000dab8     libvcruntime:undname.obj
 0002:00000ac8       ??_C@_0M@GFIIJFMG@__unaligned@ 000000018000dac8     libvcruntime:undname.obj
 0002:00000ad8       ??_C@_09DHDLOLLB@restrict?$CI@ 000000018000dad8     libvcruntime:undname.obj
 0002:00000ae2       ??_C@_00CNPNBAHC@@         000000018000dae2     libvcruntime:undname.obj
 0002:00000ae4       ??_C@_04NIHEBCM@?5new@     000000018000dae4     libvcruntime:undname.obj
 0002:00000af0       ??_C@_07FPCDHGMM@?5delete@ 000000018000daf0     libvcruntime:undname.obj
 0002:00000af8       ??_C@_01NEMOKFLO@?$DN@     000000018000daf8     libvcruntime:undname.obj
 0002:00000afc       ??_C@_02GPIOPFAK@?$DO?$DO@ 000000018000dafc     libvcruntime:undname.obj
 0002:00000b00       ??_C@_02FODMEDOG@?$DM?$DM@ 000000018000db00     libvcruntime:undname.obj
 0002:00000b04       ??_C@_01DCLJPIOD@?$CB@     000000018000db04     libvcruntime:undname.obj
 0002:00000b08       ??_C@_02EGOFBIJA@?$DN?$DN@ 000000018000db08     libvcruntime:undname.obj
 0002:00000b0c       ??_C@_02FDNJECIE@?$CB?$DN@ 000000018000db0c     libvcruntime:undname.obj
 0002:00000b10       ??_C@_02GPECMEKF@?$FL?$FN@ 000000018000db10     libvcruntime:undname.obj
 0002:00000b18       ??_C@_08LHJFAFGD@operator@ 000000018000db18     libvcruntime:undname.obj
 0002:00000b24       ??_C@_02HBOOOICD@?9?$DO@   000000018000db24     libvcruntime:undname.obj
 0002:00000b28       ??_C@_01NBENCBCI@?$CK@     000000018000db28     libvcruntime:undname.obj
 0002:00000b2c       ??_C@_02ECNGHCIF@?$CL?$CL@ 000000018000db2c     libvcruntime:undname.obj
 0002:00000b30       ??_C@_02BAABKJLB@?9?9@     000000018000db30     libvcruntime:undname.obj
 0002:00000b34       ??_C@_01JOAMLHOP@?9@       000000018000db34     libvcruntime:undname.obj
 0002:00000b38       ??_C@_01MIFGBAGJ@?$CL@     000000018000db38     libvcruntime:undname.obj
 0002:00000b3c       ??_C@_01HNPIGOCE@?$CG@     000000018000db3c     libvcruntime:undname.obj
 0002:00000b40       ??_C@_03MNHNFDLC@?9?$DO?$CK@ 000000018000db40     libvcruntime:undname.obj
 0002:00000b44       ??_C@_01KMDKNFGN@?1@       000000018000db44     libvcruntime:undname.obj
 0002:00000b48       ??_C@_01FGNFDNOH@?$CF@     000000018000db48     libvcruntime:undname.obj
 0002:00000b4c       ??_C@_01MNNFJEPP@?$DM@     000000018000db4c     libvcruntime:undname.obj
 0002:00000b50       ??_C@_02EHCHHCKH@?$DM?$DN@ 000000018000db50     libvcruntime:undname.obj
 0002:00000b54       ??_C@_01PPODPGHN@?$DO@     000000018000db54     libvcruntime:undname.obj
 0002:00000b58       ??_C@_02EEKDKGMJ@?$DO?$DN@ 000000018000db58     libvcruntime:undname.obj
 0002:00000b5c       ??_C@_01IHBHIGKO@?0@       000000018000db5c     libvcruntime:undname.obj
 0002:00000b60       ??_C@_02HCKGKOFO@?$CI?$CJ@ 000000018000db60     libvcruntime:undname.obj
 0002:00000b64       ??_C@_01PJKLJHI@?$HO@      000000018000db64     libvcruntime:undname.obj
 0002:00000b68       ??_C@_01JKBOJNNK@?$FO@     000000018000db68     libvcruntime:undname.obj
 0002:00000b6c       ??_C@_01DNKMNLPK@?$HM@     000000018000db6c     libvcruntime:undname.obj
 0002:00000b70       ??_C@_02PPKAJPJL@?$CG?$CG@ 000000018000db70     libvcruntime:undname.obj
 0002:00000b74       ??_C@_02NONPIBCD@?$HM?$HM@ 000000018000db74     libvcruntime:undname.obj
 0002:00000b78       ??_C@_02FPIMKNGF@?$CK?$DN@ 000000018000db78     libvcruntime:undname.obj
 0002:00000b7c       ??_C@_02FOEOMHFC@?$CL?$DN@ 000000018000db7c     libvcruntime:undname.obj
 0002:00000b80       ??_C@_02FKMDLLOA@?9?$DN@   000000018000db80     libvcruntime:undname.obj
 0002:00000b84       ??_C@_02FJEHGPIO@?1?$DN@   000000018000db84     libvcruntime:undname.obj
 0002:00000b88       ??_C@_02FENAOKFI@?$CF?$DN@ 000000018000db88     libvcruntime:undname.obj
 0002:00000b8c       ??_C@_03IKFCCPFF@?$DO?$DO?$DN@ 000000018000db8c     libvcruntime:undname.obj
 0002:00000b90       ??_C@_03CDNPDDLA@?$DM?$DM?$DN@ 000000018000db90     libvcruntime:undname.obj
 0002:00000b94       ??_C@_02FGJGFEAB@?$CG?$DN@ 000000018000db94     libvcruntime:undname.obj
 0002:00000b98       ??_C@_02DHLNPPGH@?$HM?$DN@ 000000018000db98     libvcruntime:undname.obj
 0002:00000b9c       ??_C@_02MHEGNOJ@?$FO?$DN@  000000018000db9c     libvcruntime:undname.obj
 0002:00000ba0       ??_C@_09IFPLHPGF@?$GAvftable?8@ 000000018000dba0     libvcruntime:undname.obj
 0002:00000bb0       ??_C@_09BLBHBJP@?$GAvbtable?8@ 000000018000dbb0     libvcruntime:undname.obj
 0002:00000bc0       ??_C@_07FEEIOKP@?$GAvcall?8@ 000000018000dbc0     libvcruntime:undname.obj
 0002:00000bc8       ??_C@_08LLFFHHDJ@?$GAtypeof?8@ 000000018000dbc8     libvcruntime:undname.obj
 0002:00000bd8       ??_C@_0BF@KDPPACIK@?$GAlocal?5static?5guard?8@ 000000018000dbd8     libvcruntime:undname.obj
 0002:00000bf0       ??_C@_08OBABFOLI@?$GAstring?8@ 000000018000dbf0     libvcruntime:undname.obj
 0002:00000c00       ??_C@_0BD@JDLKDPAB@?$GAvbase?5destructor?8@ 000000018000dc00     libvcruntime:undname.obj
 0002:00000c18       ??_C@_0BN@DEGPLNFK@?$GAvector?5deleting?5destructor?8@ 000000018000dc18     libvcruntime:undname.obj
 0002:00000c38       ??_C@_0BO@OBMKPJIG@?$GAdefault?5constructor?5closure?8@ 000000018000dc38     libvcruntime:undname.obj
 0002:00000c58       ??_C@_0BN@IMDCHIKM@?$GAscalar?5deleting?5destructor?8@ 000000018000dc58     libvcruntime:undname.obj
 0002:00000c78       ??_C@_0BO@PFGOCPJJ@?$GAvector?5constructor?5iterator?8@ 000000018000dc78     libvcruntime:undname.obj
 0002:00000c98       ??_C@_0BN@LFPFMEDL@?$GAvector?5destructor?5iterator?8@ 000000018000dc98     libvcruntime:undname.obj
 0002:00000cb8       ??_C@_0CE@IKBNEHA@?$GAvector?5vbase?5constructor?5itera@ 000000018000dcb8     libvcruntime:undname.obj
 0002:00000ce0       ??_C@_0BL@NILFHHPC@?$GAvirtual?5displacement?5map?8@ 000000018000dce0     libvcruntime:undname.obj
 0002:00000d00       ??_C@_0CB@JONCMFFK@?$GAeh?5vector?5constructor?5iterator@ 000000018000dd00     libvcruntime:undname.obj
 0002:00000d28       ??_C@_0CA@GCEOPDGL@?$GAeh?5vector?5destructor?5iterator?8@ 000000018000dd28     libvcruntime:undname.obj
 0002:00000d48       ??_C@_0CH@OOJPLCPH@?$GAeh?5vector?5vbase?5constructor?5it@ 000000018000dd48     libvcruntime:undname.obj
 0002:00000d70       ??_C@_0BL@LLKPOHJI@?$GAcopy?5constructor?5closure?8@ 000000018000dd70     libvcruntime:undname.obj
 0002:00000d90       ??_C@_0BA@KBCDOMBN@?$GAudt?5returning?8@ 000000018000dd90     libvcruntime:undname.obj
 0002:00000da0       ??_C@_03KLGMFNMG@?$GAEH@   000000018000dda0     libvcruntime:undname.obj
 0002:00000da4       ??_C@_05KHLCHHI@?$GARTTI@  000000018000dda4     libvcruntime:undname.obj
 0002:00000db0       ??_C@_0BA@KKLDJDLB@?$GAlocal?5vftable?8@ 000000018000ddb0     libvcruntime:undname.obj
 0002:00000dc0       ??_C@_0CE@IIHCMGGL@?$GAlocal?5vftable?5constructor?5clos@ 000000018000ddc0     libvcruntime:undname.obj
 0002:00000de4       ??_C@_06FHBGPFGH@?5new?$FL?$FN@ 000000018000dde4     libvcruntime:undname.obj
 0002:00000df0       ??_C@_09LBNFPBCA@?5delete?$FL?$FN@ 000000018000ddf0     libvcruntime:undname.obj
 0002:00000e00       ??_C@_0P@HJKNJFNN@?$GAomni?5callsig?8@ 000000018000de00     libvcruntime:undname.obj
 0002:00000e10       ??_C@_0BL@CNOONJFP@?$GAplacement?5delete?5closure?8@ 000000018000de10     libvcruntime:undname.obj
 0002:00000e30       ??_C@_0BN@CKNJLHMB@?$GAplacement?5delete?$FL?$FN?5closure?8@ 000000018000de30     libvcruntime:undname.obj
 0002:00000e50       ??_C@_0CG@CFDHKGGD@?$GAmanaged?5vector?5constructor?5ite@ 000000018000de50     libvcruntime:undname.obj
 0002:00000e78       ??_C@_0CF@IMGKMJNO@?$GAmanaged?5vector?5destructor?5iter@ 000000018000de78     libvcruntime:undname.obj
 0002:00000ea0       ??_C@_0CG@HLDDJMAG@?$GAeh?5vector?5copy?5constructor?5ite@ 000000018000dea0     libvcruntime:undname.obj
 0002:00000ec8       ??_C@_0CM@FCBBDIGB@?$GAeh?5vector?5vbase?5copy?5construct@ 000000018000dec8     libvcruntime:undname.obj
 0002:00000ef8       ??_C@_0BL@CLIPGLGB@?$GAdynamic?5initializer?5for?5?8@ 000000018000def8     libvcruntime:undname.obj
 0002:00000f18       ??_C@_0CB@PDBIFEP@?$GAdynamic?5atexit?5destructor?5for?5@ 000000018000df18     libvcruntime:undname.obj
 0002:00000f40       ??_C@_0CD@CGAJBKEJ@?$GAvector?5copy?5constructor?5iterat@ 000000018000df40     libvcruntime:undname.obj
 0002:00000f68       ??_C@_0CJ@GJELGAMM@?$GAvector?5vbase?5copy?5constructor?5@ 000000018000df68     libvcruntime:undname.obj
 0002:00000f98       ??_C@_0CL@FGIJHLCE@?$GAmanaged?5vector?5copy?5constructo@ 000000018000df98     libvcruntime:undname.obj
 0002:00000fc8       ??_C@_0BM@PMGGMLDN@?$GAlocal?5static?5thread?5guard?8@ 000000018000dfc8     libvcruntime:undname.obj
 0002:00000fe8       ??_C@_0N@BDNMDMOL@operator?5?$CC?$CC?5@ 000000018000dfe8     libvcruntime:undname.obj
 0002:00000ff8       ??_C@_0BC@GGEBGALA@operator?5co_await@ 000000018000dff8     libvcruntime:undname.obj
 0002:00001010       ??_C@_0M@GAAIMMOH@operator?$DM?$DN?$DO@ 000000018000e010     libvcruntime:undname.obj
 0002:00001020       ??_C@_0BC@DAFEJGAK@?5Type?5Descriptor?8@ 000000018000e020     libvcruntime:undname.obj
 0002:00001038       ??_C@_0BM@LDKODKLH@?5Base?5Class?5Descriptor?5at?5?$CI@ 000000018000e038     libvcruntime:undname.obj
 0002:00001058       ??_C@_0BD@LGICGFMM@?5Base?5Class?5Array?8@ 000000018000e058     libvcruntime:undname.obj
 0002:00001070       ??_C@_0BN@MECKDCOJ@?5Class?5Hierarchy?5Descriptor?8@ 000000018000e070     libvcruntime:undname.obj
 0002:00001090       ??_C@_0BK@CFCOFLF@?5Complete?5Object?5Locator?8@ 000000018000e090     libvcruntime:undname.obj
 0002:000010b0       ??_C@_0BG@JNJLAMPM@?$GAanonymous?5namespace?8@ 000000018000e0b0     libvcruntime:undname.obj
 0002:000010e0       ??_C@_1DM@KHCHBNEB@?$AAa?$AAp?$AAi?$AA?9?$AAm?$AAs?$AA?9?$AAw?$AAi?$AAn?$AA?9?$AAc?$AAo?$AAr?$AAe@ 000000018000e0e0     libvcruntime:winapi_downlevel.obj
 0002:00001120       ??_C@_1DK@LPPGFMPP@?$AAa?$AAp?$AAi?$AA?9?$AAm?$AAs?$AA?9?$AAw?$AAi?$AAn?$AA?9?$AAc?$AAo?$AAr?$AAe@ 000000018000e120     libvcruntime:winapi_downlevel.obj
 0002:00001160       ??_C@_1BC@GDMECMAK@?$AAk?$AAe?$AAr?$AAn?$AAe?$AAl?$AA3?$AA2@ 000000018000e160     libvcruntime:winapi_downlevel.obj
 0002:00001178       ??_C@_1BA@PFFKHIOG@?$AAa?$AAp?$AAi?$AA?9?$AAm?$AAs?$AA?9@ 000000018000e178     libvcruntime:winapi_downlevel.obj
 0002:00001190       ??_C@_08KNHFBNJ@FlsAlloc@  000000018000e190     libvcruntime:winapi_downlevel.obj
 0002:000011a8       ??_C@_07PEJMOBNF@FlsFree@  000000018000e1a8     libvcruntime:winapi_downlevel.obj
 0002:000011b8       ??_C@_0M@GDNOONDI@FlsGetValue@ 000000018000e1b8     libvcruntime:winapi_downlevel.obj
 0002:000011d0       ??_C@_0M@JCPCPOEF@FlsSetValue@ 000000018000e1d0     libvcruntime:winapi_downlevel.obj
 0002:000011e8       ??_C@_0BM@HCFOFFN@InitializeCriticalSectionEx@ 000000018000e1e8     libvcruntime:winapi_downlevel.obj
 0002:00001340       __acrt_exception_action_table 000000018000e340     libucrt:exception_filter.obj
 0002:00001400       __acrt_signal_action_table_count 000000018000e400     libucrt:exception_filter.obj
 0002:00001408       __acrt_signal_action_first_fpe_index 000000018000e408     libucrt:exception_filter.obj
 0002:00001410       __acrt_signal_action_fpe_count 000000018000e410     libucrt:exception_filter.obj
 0002:00001418       ??_C@_1BI@BGOHAHKC@?$AAm?$AAs?$AAc?$AAo?$AAr?$AAe?$AAe?$AA?4?$AAd?$AAl?$AAl@ 000000018000e418     libucrt:exit.obj
 0002:00001430       ??_C@_0P@MIGLKIOC@CorExitProcess@ 000000018000e430     libucrt:exit.obj
 0002:00001540       __Lcosfarray               000000018000e540     libucrt:lsincosf_array.obj
 0002:00001570       __Lsinfarray               000000018000e570     libucrt:lsincosf_array.obj
 0002:00001590       __L_2_by_pi_bits           000000018000e590     libucrt:l2_by_pi_bits.obj
 0002:000016e0       ??_C@_04LAGPAAHP@sinf@     000000018000e6e0     libucrt:sincos_special.obj
 0002:00001878       ??_C@_1M@HPNHIDJI@?$AAj?$AAa?$AA?9?$AAJ?$AAP@ 000000018000e878     libucrt:mbctype.obj
 0002:00001888       ??_C@_1M@BIBDDEMK@?$AAz?$AAh?$AA?9?$AAC?$AAN@ 000000018000e888     libucrt:mbctype.obj
 0002:00001898       ??_C@_1M@JLOOOEGK@?$AAk?$AAo?$AA?9?$AAK?$AAR@ 000000018000e898     libucrt:mbctype.obj
 0002:000018a8       ??_C@_1M@CLNBBOPM@?$AAz?$AAh?$AA?9?$AAT?$AAW@ 000000018000e8a8     libucrt:mbctype.obj
 0002:00001960       ??_C@_1EA@JGEFHKEI@?$AAa?$AAp?$AAi?$AA?9?$AAm?$AAs?$AA?9?$AAw?$AAi?$AAn?$AA?9?$AAc?$AAo?$AAr?$AAe@ 000000018000e960     libucrt:winapi_thunks.obj
 0002:000019a0       ??_C@_1DI@IJCEHOCB@?$AAa?$AAp?$AAi?$AA?9?$AAm?$AAs?$AA?9?$AAw?$AAi?$AAn?$AA?9?$AAc?$AAo?$AAr?$AAe@ 000000018000e9a0     libucrt:winapi_thunks.obj
 0002:000019e0       ??_C@_1EI@MPIAOHOC@?$AAa?$AAp?$AAi?$AA?9?$AAm?$AAs?$AA?9?$AAw?$AAi?$AAn?$AA?9?$AAc?$AAo?$AAr?$AAe@ 000000018000e9e0     libucrt:winapi_thunks.obj
 0002:00001a30       ??_C@_1FK@FPHCKFIE@?$AAa?$AAp?$AAi?$AA?9?$AAm?$AAs?$AA?9?$AAw?$AAi?$AAn?$AA?9?$AAc?$AAo?$AAr?$AAe@ 000000018000ea30     libucrt:winapi_thunks.obj
 0002:00001a90       ??_C@_1EM@DILCGIIO@?$AAa?$AAp?$AAi?$AA?9?$AAm?$AAs?$AA?9?$AAw?$AAi?$AAn?$AA?9?$AAc?$AAo?$AAr?$AAe@ 000000018000ea90     libucrt:winapi_thunks.obj
 0002:00001ae0       ??_C@_1DM@LNCGDDPN@?$AAa?$AAp?$AAi?$AA?9?$AAm?$AAs?$AA?9?$AAw?$AAi?$AAn?$AA?9?$AAc?$AAo?$AAr?$AAe@ 000000018000eae0     libucrt:winapi_thunks.obj
 0002:00001b20       ??_C@_1DO@FPAPJEMD@?$AAa?$AAp?$AAi?$AA?9?$AAm?$AAs?$AA?9?$AAw?$AAi?$AAn?$AA?9?$AAc?$AAo?$AAr?$AAe@ 000000018000eb20     libucrt:winapi_thunks.obj
 0002:00001b60       ??_C@_1DK@NDHNAHIO@?$AAa?$AAp?$AAi?$AA?9?$AAm?$AAs?$AA?9?$AAw?$AAi?$AAn?$AA?9?$AAc?$AAo?$AAr?$AAe@ 000000018000eb60     libucrt:winapi_thunks.obj
 0002:00001ba0       ??_C@_1DM@KGHDGBCM@?$AAa?$AAp?$AAi?$AA?9?$AAm?$AAs?$AA?9?$AAw?$AAi?$AAn?$AA?9?$AAc?$AAo?$AAr?$AAe@ 000000018000eba0     libucrt:winapi_thunks.obj
 0002:00001be0       ??_C@_1EO@IJIOEFOH@?$AAa?$AAp?$AAi?$AA?9?$AAm?$AAs?$AA?9?$AAw?$AAi?$AAn?$AA?9?$AAr?$AAt?$AAc?$AAo@ 000000018000ebe0     libucrt:winapi_thunks.obj
 0002:00001c30       ??_C@_1FG@HHGEKANL@?$AAa?$AAp?$AAi?$AA?9?$AAm?$AAs?$AA?9?$AAw?$AAi?$AAn?$AA?9?$AAs?$AAe?$AAc?$AAu@ 000000018000ec30     libucrt:winapi_thunks.obj
 0002:00001c90       ??_C@_1EG@DBIOJECG@?$AAe?$AAx?$AAt?$AA?9?$AAm?$AAs?$AA?9?$AAw?$AAi?$AAn?$AA?9?$AAn?$AAt?$AAu?$AAs@ 000000018000ec90     libucrt:winapi_thunks.obj
 0002:00001ce0       ??_C@_1EO@FIHMJCLF@?$AAe?$AAx?$AAt?$AA?9?$AAm?$AAs?$AA?9?$AAw?$AAi?$AAn?$AA?9?$AAn?$AAt?$AAu?$AAs@ 000000018000ece0     libucrt:winapi_thunks.obj
 0002:00001d30       ??_C@_1BC@DNHGCMLG@?$AAa?$AAd?$AAv?$AAa?$AAp?$AAi?$AA3?$AA2@ 000000018000ed30     libucrt:winapi_thunks.obj
 0002:00001d48       ??_C@_1M@OAIMIKLP@?$AAn?$AAt?$AAd?$AAl?$AAl@ 000000018000ed48     libucrt:winapi_thunks.obj
 0002:00001d60       ??_C@_1EG@DPGNFKGC@?$AAa?$AAp?$AAi?$AA?9?$AAm?$AAs?$AA?9?$AAw?$AAi?$AAn?$AA?9?$AAa?$AAp?$AAp?$AAm@ 000000018000ed60     libucrt:winapi_thunks.obj
 0002:00001da8       ??_C@_1O@BCCLBEOE@?$AAu?$AAs?$AAe?$AAr?$AA3?$AA2@ 000000018000eda8     libucrt:winapi_thunks.obj
 0002:00001db8       ??_C@_1BA@IAIFMGEF@?$AAe?$AAx?$AAt?$AA?9?$AAm?$AAs?$AA?9@ 000000018000edb8     libucrt:winapi_thunks.obj
 0002:00001dd0       ??_C@_0BA@FHFNEAED@AreFileApisANSI@ 000000018000edd0     libucrt:winapi_thunks.obj
 0002:00001e10       ??_C@_0O@KKBNKAPF@LCMapStringEx@ 000000018000ee10     libucrt:winapi_thunks.obj
 0002:00001e28       ??_C@_0BB@HBDEELFH@LocaleNameToLCID@ 000000018000ee28     libucrt:winapi_thunks.obj
 0002:00001e40       ??_C@_0CF@OJOFEIGO@AppPolicyGetProcessTerminationM@ 000000018000ee40     libucrt:winapi_thunks.obj
 0002:00001e70       __lc_time_c                000000018000ee70     libucrt:nlsdata.obj
 0002:00002130       ??_C@_03KOEHGMDN@Sun@      000000018000f130     libucrt:nlsdata.obj
 0002:00002134       ??_C@_03PDAGKDH@Mon@       000000018000f134     libucrt:nlsdata.obj
 0002:00002138       ??_C@_03NAGEINEP@Tue@      000000018000f138     libucrt:nlsdata.obj
 0002:0000213c       ??_C@_03MHOMLAJA@Wed@      000000018000f13c     libucrt:nlsdata.obj
 0002:00002140       ??_C@_03IOFIKPDN@Thu@      000000018000f140     libucrt:nlsdata.obj
 0002:00002144       ??_C@_03IDIOELNC@Fri@      000000018000f144     libucrt:nlsdata.obj
 0002:00002148       ??_C@_03FEFJNEK@Sat@       000000018000f148     libucrt:nlsdata.obj
 0002:0000214c       ??_C@_06OOPIFAJ@Sunday@    000000018000f14c     libucrt:nlsdata.obj
 0002:00002154       ??_C@_06JLEDEDGH@Monday@   000000018000f154     libucrt:nlsdata.obj
 0002:00002160       ??_C@_07BAAGCFCM@Tuesday@  000000018000f160     libucrt:nlsdata.obj
 0002:00002168       ??_C@_09DLIGFAKA@Wednesday@ 000000018000f168     libucrt:nlsdata.obj
 0002:00002178       ??_C@_08HACCIKIA@Thursday@ 000000018000f178     libucrt:nlsdata.obj
 0002:00002184       ??_C@_06JECMNKMI@Friday@   000000018000f184     libucrt:nlsdata.obj
 0002:00002190       ??_C@_08INBOOONO@Saturday@ 000000018000f190     libucrt:nlsdata.obj
 0002:0000219c       ??_C@_03JIHJHPIE@Jan@      000000018000f19c     libucrt:nlsdata.obj
 0002:000021a0       ??_C@_03HJBDCHOM@Feb@      000000018000f1a0     libucrt:nlsdata.obj
 0002:000021a4       ??_C@_03ODNJBKGA@Mar@      000000018000f1a4     libucrt:nlsdata.obj
 0002:000021a8       ??_C@_03LEOLGMJP@Apr@      000000018000f1a8     libucrt:nlsdata.obj
 0002:000021ac       ??_C@_03CNMDKL@May@        000000018000f1ac     libucrt:nlsdata.obj
 0002:000021b0       ??_C@_03IDFGHECI@Jun@      000000018000f1b0     libucrt:nlsdata.obj
 0002:000021b4       ??_C@_03LBGABGKK@Jul@      000000018000f1b4     libucrt:nlsdata.obj
 0002:000021b8       ??_C@_03IFJFEIGA@Aug@      000000018000f1b8     libucrt:nlsdata.obj
 0002:000021bc       ??_C@_03GGCAPAJC@Sep@      000000018000f1bc     libucrt:nlsdata.obj
 0002:000021c0       ??_C@_03BMAOKBAD@Oct@      000000018000f1c0     libucrt:nlsdata.obj
 0002:000021c4       ??_C@_03JPJOFNIA@Nov@      000000018000f1c4     libucrt:nlsdata.obj
 0002:000021c8       ??_C@_03MKABNOCG@Dec@      000000018000f1c8     libucrt:nlsdata.obj
 0002:000021d0       ??_C@_07CGJPFGJA@January@  000000018000f1d0     libucrt:nlsdata.obj
 0002:000021d8       ??_C@_08GNJGEPFN@February@ 000000018000f1d8     libucrt:nlsdata.obj
 0002:000021e4       ??_C@_05HPCKOFNC@March@    000000018000f1e4     libucrt:nlsdata.obj
 0002:000021ec       ??_C@_05DMJDNLEJ@April@    000000018000f1ec     libucrt:nlsdata.obj
 0002:000021f4       ??_C@_04CNLMGBGM@June@     000000018000f1f4     libucrt:nlsdata.obj
 0002:000021fc       ??_C@_04MIEPOIFP@July@     000000018000f1fc     libucrt:nlsdata.obj
 0002:00002204       ??_C@_06LBBHFDDG@August@   000000018000f204     libucrt:nlsdata.obj
 0002:00002210       ??_C@_09BHHEALKD@September@ 000000018000f210     libucrt:nlsdata.obj
 0002:00002220       ??_C@_07JJNFCEND@October@  000000018000f220     libucrt:nlsdata.obj
 0002:00002228       ??_C@_08HCHEGEOA@November@ 000000018000f228     libucrt:nlsdata.obj
 0002:00002238       ??_C@_08EDHMEBNP@December@ 000000018000f238     libucrt:nlsdata.obj
 0002:00002244       ??_C@_02DEDBPAFC@AM@       000000018000f244     libucrt:nlsdata.obj
 0002:00002248       ??_C@_02CJNFDJBF@PM@       000000018000f248     libucrt:nlsdata.obj
 0002:00002250       ??_C@_08BPBNCDIB@MM?1dd?1yy@ 000000018000f250     libucrt:nlsdata.obj
 0002:00002260       ??_C@_0BE@CKGJFCPC@dddd?0?5MMMM?5dd?0?5yyyy@ 000000018000f260     libucrt:nlsdata.obj
 0002:00002278       ??_C@_08JCCMCCIL@HH?3mm?3ss@ 000000018000f278     libucrt:nlsdata.obj
 0002:00002288       ??_C@_17MBGCMIPB@?$AAS?$AAu?$AAn@ 000000018000f288     libucrt:nlsdata.obj
 0002:00002290       ??_C@_17KBOMKBF@?$AAM?$AAo?$AAn@ 000000018000f290     libucrt:nlsdata.obj
 0002:00002298       ??_C@_17BMKGEGOJ@?$AAT?$AAu?$AAe@ 000000018000f298     libucrt:nlsdata.obj
 0002:000022a0       ??_C@_17CJEDCEPE@?$AAW?$AAe?$AAd@ 000000018000f2a0     libucrt:nlsdata.obj
 0002:000022a8       ??_C@_17PDPHAADD@?$AAT?$AAh?$AAu@ 000000018000f2a8     libucrt:nlsdata.obj
 0002:000022b0       ??_C@_17HFOLPPLP@?$AAF?$AAr?$AAi@ 000000018000f2b0     libucrt:nlsdata.obj
 0002:000022b8       ??_C@_17GGIBDPIH@?$AAS?$AAa?$AAt@ 000000018000f2b8     libucrt:nlsdata.obj
 0002:000022c0       ??_C@_1O@IHNHDHPB@?$AAS?$AAu?$AAn?$AAd?$AAa?$AAy@ 000000018000f2c0     libucrt:nlsdata.obj
 0002:000022d0       ??_C@_1O@MMNBFLIA@?$AAM?$AAo?$AAn?$AAd?$AAa?$AAy@ 000000018000f2d0     libucrt:nlsdata.obj
 0002:000022e0       ??_C@_1BA@ENFBFFEK@?$AAT?$AAu?$AAe?$AAs?$AAd?$AAa?$AAy@ 000000018000f2e0     libucrt:nlsdata.obj
 0002:000022f0       ??_C@_1BE@EBOGMDOH@?$AAW?$AAe?$AAd?$AAn?$AAe?$AAs?$AAd?$AAa?$AAy@ 000000018000f2f0     libucrt:nlsdata.obj
 0002:00002308       ??_C@_1BC@HHMNLIHE@?$AAT?$AAh?$AAu?$AAr?$AAs?$AAd?$AAa?$AAy@ 000000018000f308     libucrt:nlsdata.obj
 0002:00002320       ??_C@_1O@PDICJHAG@?$AAF?$AAr?$AAi?$AAd?$AAa?$AAy@ 000000018000f320     libucrt:nlsdata.obj
 0002:00002330       ??_C@_1BC@ENMNNPAJ@?$AAS?$AAa?$AAt?$AAu?$AAr?$AAd?$AAa?$AAy@ 000000018000f330     libucrt:nlsdata.obj
 0002:00002348       ??_C@_17DKNBKCHM@?$AAJ?$AAa?$AAn@ 000000018000f348     libucrt:nlsdata.obj
 0002:00002350       ??_C@_17LMDJEKJN@?$AAF?$AAe?$AAb@ 000000018000f350     libucrt:nlsdata.obj
 0002:00002358       ??_C@_17CKNLEDEC@?$AAM?$AAa?$AAr@ 000000018000f358     libucrt:nlsdata.obj
 0002:00002360       ??_C@_17LFPOIHDD@?$AAA?$AAp?$AAr@ 000000018000f360     libucrt:nlsdata.obj
 0002:00002368       ??_C@_17PNNKMEED@?$AAM?$AAa?$AAy@ 000000018000f368     libucrt:nlsdata.obj
 0002:00002370       ??_C@_17KCJGOCPB@?$AAJ?$AAu?$AAn@ 000000018000f370     libucrt:nlsdata.obj
 0002:00002378       ??_C@_17IJPCKHK@?$AAJ?$AAu?$AAl@ 000000018000f378     libucrt:nlsdata.obj
 0002:00002380       ??_C@_17ICPELBCN@?$AAA?$AAu?$AAg@ 000000018000f380     libucrt:nlsdata.obj
 0002:00002388       ??_C@_17HCHCOKMG@?$AAS?$AAe?$AAp@ 000000018000f388     libucrt:nlsdata.obj
 0002:00002390       ??_C@_17FNLKOI@?$AAO?$AAc?$AAt@ 000000018000f390     libucrt:nlsdata.obj
 0002:00002398       ??_C@_17BBDMLCIG@?$AAN?$AAo?$AAv@ 000000018000f398     libucrt:nlsdata.obj
 0002:000023a0       ??_C@_17EGKACKIF@?$AAD?$AAe?$AAc@ 000000018000f3a0     libucrt:nlsdata.obj
 0002:000023a8       ??_C@_1BA@EFMEIEBA@?$AAJ?$AAa?$AAn?$AAu?$AAa?$AAr?$AAy@ 000000018000f3a8     libucrt:nlsdata.obj
 0002:000023b8       ??_C@_1BC@JGDDFFAM@?$AAF?$AAe?$AAb?$AAr?$AAu?$AAa?$AAr?$AAy@ 000000018000f3b8     libucrt:nlsdata.obj
 0002:000023d0       ??_C@_1M@IKEENEDF@?$AAM?$AAa?$AAr?$AAc?$AAh@ 000000018000f3d0     libucrt:nlsdata.obj
 0002:000023e0       ??_C@_1M@GJNLMHFD@?$AAA?$AAp?$AAr?$AAi?$AAl@ 000000018000f3e0     libucrt:nlsdata.obj
 0002:000023f0       ??_C@_19EPFLPGAP@?$AAJ?$AAu?$AAn?$AAe@ 000000018000f3f0     libucrt:nlsdata.obj
 0002:00002400       ??_C@_19BIFMLPCD@?$AAJ?$AAu?$AAl?$AAy@ 000000018000f400     libucrt:nlsdata.obj
 0002:00002410       ??_C@_1O@PAHLKOAC@?$AAA?$AAu?$AAg?$AAu?$AAs?$AAt@ 000000018000f410     libucrt:nlsdata.obj
 0002:00002420       ??_C@_1BE@DKAAMBJL@?$AAS?$AAe?$AAp?$AAt?$AAe?$AAm?$AAb?$AAe?$AAr@ 000000018000f420     libucrt:nlsdata.obj
 0002:00002438       ??_C@_1BA@EPANDLNG@?$AAO?$AAc?$AAt?$AAo?$AAb?$AAe?$AAr@ 000000018000f438     libucrt:nlsdata.obj
 0002:00002448       ??_C@_1BC@BGLIFPF@?$AAN?$AAo?$AAv?$AAe?$AAm?$AAb?$AAe?$AAr@ 000000018000f448     libucrt:nlsdata.obj
 0002:00002460       ??_C@_1BC@FEMKIFH@?$AAD?$AAe?$AAc?$AAe?$AAm?$AAb?$AAe?$AAr@ 000000018000f460     libucrt:nlsdata.obj
 0002:00002474       ??_C@_15ODEHAHHF@?$AAA?$AAM@ 000000018000f474     libucrt:nlsdata.obj
 0002:0000247c       ??_C@_15CLMNNGEL@?$AAP?$AAM@ 000000018000f47c     libucrt:nlsdata.obj
 0002:00002488       ??_C@_1BC@IEBCMHCM@?$AAM?$AAM?$AA?1?$AAd?$AAd?$AA?1?$AAy?$AAy@ 000000018000f488     libucrt:nlsdata.obj
 0002:000024a0       ??_C@_1CI@KNAKOEBC@?$AAd?$AAd?$AAd?$AAd?$AA?0?$AA?5?$AAM?$AAM?$AAM?$AAM?$AA?5?$AAd?$AAd?$AA?0?$AA?5@ 000000018000f4a0     libucrt:nlsdata.obj
 0002:000024c8       ??_C@_1BC@GDGBMEMK@?$AAH?$AAH?$AA?3?$AAm?$AAm?$AA?3?$AAs?$AAs@ 000000018000f4c8     libucrt:nlsdata.obj
 0002:000024e0       ??_C@_1M@BMHNFIME@?$AAe?$AAn?$AA?9?$AAU?$AAS@ 000000018000f4e0     libucrt:nlsdata.obj
 0002:000024f0       __newctype                 000000018000f4f0     libucrt:ctype.obj
 0002:000027f0       __newclmap                 000000018000f7f0     libucrt:ctype.obj
 0002:00002970       __newcumap                 000000018000f970     libucrt:ctype.obj
 0002:00003930       ??_C@_15EMKDOKLE@?$AAa?$AAr@ 0000000180010930     libucrt:lcidtoname_downlevel.obj
 0002:00003938       ??_C@_15KNPADPLH@?$AAb?$AAg@ 0000000180010938     libucrt:lcidtoname_downlevel.obj
 0002:00003940       ??_C@_15EDMHLDMO@?$AAc?$AAa@ 0000000180010940     libucrt:lcidtoname_downlevel.obj
 0002:00003948       ??_C@_1O@BPEAJADD@?$AAz?$AAh?$AA?9?$AAC?$AAH?$AAS@ 0000000180010948     libucrt:lcidtoname_downlevel.obj
 0002:00003958       ??_C@_15LJNHCMNK@?$AAc?$AAs@ 0000000180010958     libucrt:lcidtoname_downlevel.obj
 0002:00003960       ??_C@_15FOMCIDHG@?$AAd?$AAa@ 0000000180010960     libucrt:lcidtoname_downlevel.obj
 0002:00003968       ??_C@_15NBKABECB@?$AAd?$AAe@ 0000000180010968     libucrt:lcidtoname_downlevel.obj
 0002:00003970       ??_C@_15GHPEIIAO@?$AAe?$AAl@ 0000000180010970     libucrt:lcidtoname_downlevel.obj
 0002:00003978       ??_C@_15MNPNEAIF@?$AAe?$AAn@ 0000000180010978     libucrt:lcidtoname_downlevel.obj
 0002:00003980       ??_C@_15GPIOMPMH@?$AAe?$AAs@ 0000000180010980     libucrt:lcidtoname_downlevel.obj
 0002:00003988       ??_C@_15NGLOAKJC@?$AAf?$AAi@ 0000000180010988     libucrt:lcidtoname_downlevel.obj
 0002:00003990       ??_C@_15FBKGNKAM@?$AAf?$AAr@ 0000000180010990     libucrt:lcidtoname_downlevel.obj
 0002:00003998       ??_C@_15KGGCNEFK@?$AAh?$AAe@ 0000000180010998     libucrt:lcidtoname_downlevel.obj
 0002:000039a0       ??_C@_15PGHLIDMF@?$AAh?$AAu@ 00000001800109a0     libucrt:lcidtoname_downlevel.obj
 0002:000039a8       ??_C@_15BIEMAPLM@?$AAi?$AAs@ 00000001800109a8     libucrt:lcidtoname_downlevel.obj
 0002:000039b0       ??_C@_15IFJLDHAF@?$AAi?$AAt@ 00000001800109b0     libucrt:lcidtoname_downlevel.obj
 0002:000039b8       ??_C@_15GEMIOCAG@?$AAj?$AAa@ 00000001800109b8     libucrt:lcidtoname_downlevel.obj
 0002:000039c0       ??_C@_15EPELEGJA@?$AAk?$AAo@ 00000001800109c0     libucrt:lcidtoname_downlevel.obj
 0002:000039c8       ??_C@_15NDDHIMN@?$AAn?$AAl@ 00000001800109c8     libucrt:lcidtoname_downlevel.obj
 0002:000039d0       ??_C@_15BPIGNHCD@?$AAn?$AAo@ 00000001800109d0     libucrt:lcidtoname_downlevel.obj
 0002:000039d8       ??_C@_15DEOPBLCG@?$AAp?$AAl@ 00000001800109d8     libucrt:lcidtoname_downlevel.obj
 0002:000039e0       ??_C@_15KBECGEFG@?$AAp?$AAt@ 00000001800109e0     libucrt:lcidtoname_downlevel.obj
 0002:000039e8       ??_C@_15GLJCBFMD@?$AAr?$AAo@ 00000001800109e8     libucrt:lcidtoname_downlevel.obj
 0002:000039f0       ??_C@_15FEDGKCDI@?$AAr?$AAu@ 00000001800109f0     libucrt:lcidtoname_downlevel.obj
 0002:000039f8       ??_C@_15GLKMLLHM@?$AAh?$AAr@ 00000001800109f8     libucrt:lcidtoname_downlevel.obj
 0002:00003a00       ??_C@_15CPKMFBDB@?$AAs?$AAk@ 0000000180010a00     libucrt:lcidtoname_downlevel.obj
 0002:00003a08       ??_C@_15BAAIOGMK@?$AAs?$AAq@ 0000000180010a08     libucrt:lcidtoname_downlevel.obj
 0002:00003a10       ??_C@_15INNPNOHD@?$AAs?$AAv@ 0000000180010a10     libucrt:lcidtoname_downlevel.obj
 0002:00003a18       ??_C@_15CABMMOGH@?$AAt?$AAh@ 0000000180010a18     libucrt:lcidtoname_downlevel.obj
 0002:00003a20       ??_C@_15BPLIHJJM@?$AAt?$AAr@ 0000000180010a20     libucrt:lcidtoname_downlevel.obj
 0002:00003a28       ??_C@_15NEOEKKDJ@?$AAu?$AAr@ 0000000180010a28     libucrt:lcidtoname_downlevel.obj
 0002:00003a30       ??_C@_15NFICGAJK@?$AAi?$AAd@ 0000000180010a30     libucrt:lcidtoname_downlevel.obj
 0002:00003a38       ??_C@_15PJPFLCCM@?$AAu?$AAk@ 0000000180010a38     libucrt:lcidtoname_downlevel.obj
 0002:00003a40       ??_C@_15HPJPHDM@?$AAb?$AAe@ 0000000180010a40     libucrt:lcidtoname_downlevel.obj
 0002:00003a48       ??_C@_15LCHLGJII@?$AAs?$AAl@ 0000000180010a48     libucrt:lcidtoname_downlevel.obj
 0002:00003a50       ??_C@_15PCFJPHHO@?$AAe?$AAt@ 0000000180010a50     libucrt:lcidtoname_downlevel.obj
 0002:00003a58       ??_C@_15HPFPGODN@?$AAl?$AAv@ 0000000180010a58     libucrt:lcidtoname_downlevel.obj
 0002:00003a60       ??_C@_15NFFGKGLG@?$AAl?$AAt@ 0000000180010a60     libucrt:lcidtoname_downlevel.obj
 0002:00003a68       ??_C@_15BDAKCCHN@?$AAf?$AAa@ 0000000180010a68     libucrt:lcidtoname_downlevel.obj
 0002:00003a70       ??_C@_15NFGIAIAJ@?$AAv?$AAi@ 0000000180010a70     libucrt:lcidtoname_downlevel.obj
 0002:00003a78       ??_C@_15LMKNDMHN@?$AAh?$AAy@ 0000000180010a78     libucrt:lcidtoname_downlevel.obj
 0002:00003a80       ??_C@_15IJBHMCFL@?$AAa?$AAz@ 0000000180010a80     libucrt:lcidtoname_downlevel.obj
 0002:00003a88       ??_C@_15EKOFJABL@?$AAe?$AAu@ 0000000180010a88     libucrt:lcidtoname_downlevel.obj
 0002:00003a90       ??_C@_15BGHADCNK@?$AAm?$AAk@ 0000000180010a90     libucrt:lcidtoname_downlevel.obj
 0002:00003a98       ??_C@_15JDNICKHM@?$AAa?$AAf@ 0000000180010a98     libucrt:lcidtoname_downlevel.obj
 0002:00003aa0       ??_C@_15KPJEDBKD@?$AAk?$AAa@ 0000000180010aa0     libucrt:lcidtoname_downlevel.obj
 0002:00003aa8       ??_C@_15PDNFFFEO@?$AAf?$AAo@ 0000000180010aa8     libucrt:lcidtoname_downlevel.obj
 0002:00003ab0       ??_C@_15OMLEGLOC@?$AAh?$AAi@ 0000000180010ab0     libucrt:lcidtoname_downlevel.obj
 0002:00003ab8       ??_C@_15IDNNENKK@?$AAm?$AAs@ 0000000180010ab8     libucrt:lcidtoname_downlevel.obj
 0002:00003ac0       ??_C@_15MACJNBMH@?$AAk?$AAk@ 0000000180010ac0     libucrt:lcidtoname_downlevel.obj
 0002:00003ac8       ??_C@_15DKDJEOND@?$AAk?$AAy@ 0000000180010ac8     libucrt:lcidtoname_downlevel.obj
 0002:00003ad0       ??_C@_15DFGDLJBG@?$AAs?$AAw@ 0000000180010ad0     libucrt:lcidtoname_downlevel.obj
 0002:00003ad8       ??_C@_15BBFAICNG@?$AAu?$AAz@ 0000000180010ad8     libucrt:lcidtoname_downlevel.obj
 0002:00003ae0       ??_C@_15DKNDCGEA@?$AAt?$AAt@ 0000000180010ae0     libucrt:lcidtoname_downlevel.obj
 0002:00003ae8       ??_C@_15MGIFMDPL@?$AAp?$AAa@ 0000000180010ae8     libucrt:lcidtoname_downlevel.obj
 0002:00003af0       ??_C@_15HCNDBBA@?$AAg?$AAu@ 0000000180010af0     libucrt:lcidtoname_downlevel.obj
 0002:00003af8       ??_C@_15FNBEIBON@?$AAt?$AAa@ 0000000180010af8     libucrt:lcidtoname_downlevel.obj
 0002:00003b00       ??_C@_15NCHGBGLK@?$AAt?$AAe@ 0000000180010b00     libucrt:lcidtoname_downlevel.obj
 0002:00003b08       ??_C@_15PHPHCBPF@?$AAk?$AAn@ 0000000180010b08     libucrt:lcidtoname_downlevel.obj
 0002:00003b10       ??_C@_15DLGBCKMP@?$AAm?$AAr@ 0000000180010b10     libucrt:lcidtoname_downlevel.obj
 0002:00003b18       ??_C@_15EABBLBFF@?$AAs?$AAa@ 0000000180010b18     libucrt:lcidtoname_downlevel.obj
 0002:00003b20       ??_C@_15CBKOMCOI@?$AAm?$AAn@ 0000000180010b20     libucrt:lcidtoname_downlevel.obj
 0002:00003b28       ??_C@_15CKDMCJAF@?$AAg?$AAl@ 0000000180010b28     libucrt:lcidtoname_downlevel.obj
 0002:00003b30       ??_C@_17CNJFBPG@?$AAk?$AAo?$AAk@ 0000000180010b30     libucrt:lcidtoname_downlevel.obj
 0002:00003b38       ??_C@_17FFBJICPL@?$AAs?$AAy?$AAr@ 0000000180010b38     libucrt:lcidtoname_downlevel.obj
 0002:00003b40       ??_C@_17KPNDCPAF@?$AAd?$AAi?$AAv@ 0000000180010b40     libucrt:lcidtoname_downlevel.obj
 0002:00003b48       ??_C@_11LOCGONAA@@         0000000180010b48     libucrt:lcidtoname_downlevel.obj
 0002:00003b50       ??_C@_1M@OKAHONE@?$AAa?$AAr?$AA?9?$AAS?$AAA@ 0000000180010b50     libucrt:lcidtoname_downlevel.obj
 0002:00003b60       ??_C@_1M@FFFIGIGK@?$AAb?$AAg?$AA?9?$AAB?$AAG@ 0000000180010b60     libucrt:lcidtoname_downlevel.obj
 0002:00003b70       ??_C@_1M@BJNKEDC@?$AAc?$AAa?$AA?9?$AAE?$AAS@ 0000000180010b70     libucrt:lcidtoname_downlevel.obj
 0002:00003b80       ??_C@_1M@IJJHFJHA@?$AAc?$AAs?$AA?9?$AAC?$AAZ@ 0000000180010b80     libucrt:lcidtoname_downlevel.obj
 0002:00003b90       ??_C@_1M@CLPEOBGI@?$AAd?$AAa?$AA?9?$AAD?$AAK@ 0000000180010b90     libucrt:lcidtoname_downlevel.obj
 0002:00003ba0       ??_C@_1M@MCMADGCB@?$AAd?$AAe?$AA?9?$AAD?$AAE@ 0000000180010ba0     libucrt:lcidtoname_downlevel.obj
 0002:00003bb0       ??_C@_1M@OOCKEMAM@?$AAe?$AAl?$AA?9?$AAG?$AAR@ 0000000180010bb0     libucrt:lcidtoname_downlevel.obj
 0002:00003bc0       ??_C@_1M@DDNJFGID@?$AAf?$AAi?$AA?9?$AAF?$AAI@ 0000000180010bc0     libucrt:lcidtoname_downlevel.obj
 0002:00003bd0       ??_C@_1M@GLIPPMAC@?$AAf?$AAr?$AA?9?$AAF?$AAR@ 0000000180010bd0     libucrt:lcidtoname_downlevel.obj
 0002:00003be0       ??_C@_1M@GFMCHPE@?$AAh?$AAe?$AA?9?$AAI?$AAL@ 0000000180010be0     libucrt:lcidtoname_downlevel.obj
 0002:00003bf0       ??_C@_1M@MHLPGNKM@?$AAh?$AAu?$AA?9?$AAH?$AAU@ 0000000180010bf0     libucrt:lcidtoname_downlevel.obj
 0002:00003c00       ??_C@_1M@LPDDNNPN@?$AAi?$AAs?$AA?9?$AAI?$AAS@ 0000000180010c00     libucrt:lcidtoname_downlevel.obj
 0002:00003c10       ??_C@_1M@MADIPODN@?$AAi?$AAt?$AA?9?$AAI?$AAT@ 0000000180010c10     libucrt:lcidtoname_downlevel.obj
 0002:00003c20       ??_C@_1M@IHBJJGG@?$AAn?$AAl?$AA?9?$AAN?$AAL@ 0000000180010c20     libucrt:lcidtoname_downlevel.obj
 0002:00003c30       ??_C@_1M@EANAGDL@?$AAn?$AAb?$AA?9?$AAN?$AAO@ 0000000180010c30     libucrt:lcidtoname_downlevel.obj
 0002:00003c40       ??_C@_1M@NEIEMEGP@?$AAp?$AAl?$AA?9?$AAP?$AAL@ 0000000180010c40     libucrt:lcidtoname_downlevel.obj
 0002:00003c50       ??_C@_1M@BOCFIGEP@?$AAp?$AAt?$AA?9?$AAB?$AAR@ 0000000180010c50     libucrt:lcidtoname_downlevel.obj
 0002:00003c60       ??_C@_1M@IMPFOPBG@?$AAr?$AAo?$AA?9?$AAR?$AAO@ 0000000180010c60     libucrt:lcidtoname_downlevel.obj
 0002:00003c70       ??_C@_1M@IDNNEJMM@?$AAr?$AAu?$AA?9?$AAR?$AAU@ 0000000180010c70     libucrt:lcidtoname_downlevel.obj
 0002:00003c80       ??_C@_1M@LILEEOGM@?$AAh?$AAr?$AA?9?$AAH?$AAR@ 0000000180010c80     libucrt:lcidtoname_downlevel.obj
 0002:00003c90       ??_C@_1M@FKIFEHPB@?$AAs?$AAk?$AA?9?$AAS?$AAK@ 0000000180010c90     libucrt:lcidtoname_downlevel.obj
 0002:00003ca0       ??_C@_1M@LJMAMNPJ@?$AAs?$AAq?$AA?9?$AAA?$AAL@ 0000000180010ca0     libucrt:lcidtoname_downlevel.obj
 0002:00003cb0       ??_C@_1M@GIAKDKJK@?$AAs?$AAv?$AA?9?$AAS?$AAE@ 0000000180010cb0     libucrt:lcidtoname_downlevel.obj
 0002:00003cc0       ??_C@_1M@MKJKIKCL@?$AAt?$AAh?$AA?9?$AAT?$AAH@ 0000000180010cc0     libucrt:lcidtoname_downlevel.obj
 0002:00003cd0       ??_C@_1M@MFLCCMPB@?$AAt?$AAr?$AA?9?$AAT?$AAR@ 0000000180010cd0     libucrt:lcidtoname_downlevel.obj
 0002:00003ce0       ??_C@_1M@OIJHDKJN@?$AAu?$AAr?$AA?9?$AAP?$AAK@ 0000000180010ce0     libucrt:lcidtoname_downlevel.obj
 0002:00003cf0       ??_C@_1M@LHIPCIEK@?$AAi?$AAd?$AA?9?$AAI?$AAD@ 0000000180010cf0     libucrt:lcidtoname_downlevel.obj
 0002:00003d00       ??_C@_1M@MFMOBGI@?$AAu?$AAk?$AA?9?$AAU?$AAA@ 0000000180010d00     libucrt:lcidtoname_downlevel.obj
 0002:00003d10       ??_C@_1M@OBGLJIPL@?$AAb?$AAe?$AA?9?$AAB?$AAY@ 0000000180010d10     libucrt:lcidtoname_downlevel.obj
 0002:00003d20       ??_C@_1M@BCFAJEAD@?$AAs?$AAl?$AA?9?$AAS?$AAI@ 0000000180010d20     libucrt:lcidtoname_downlevel.obj
 0002:00003d30       ??_C@_1M@FKFFEDDN@?$AAe?$AAt?$AA?9?$AAE?$AAE@ 0000000180010d30     libucrt:lcidtoname_downlevel.obj
 0002:00003d40       ??_C@_1M@KGKKAACI@?$AAl?$AAv?$AA?9?$AAL?$AAV@ 0000000180010d40     libucrt:lcidtoname_downlevel.obj
 0002:00003d50       ??_C@_1M@IFGBIJO@?$AAl?$AAt?$AA?9?$AAL?$AAT@ 0000000180010d50     libucrt:lcidtoname_downlevel.obj
 0002:00003d60       ??_C@_1M@FGEAHEDM@?$AAf?$AAa?$AA?9?$AAI?$AAR@ 0000000180010d60     libucrt:lcidtoname_downlevel.obj
 0002:00003d70       ??_C@_1M@KBMAIBFN@?$AAv?$AAi?$AA?9?$AAV?$AAN@ 0000000180010d70     libucrt:lcidtoname_downlevel.obj
 0002:00003d80       ??_C@_1M@GPCBKDJK@?$AAh?$AAy?$AA?9?$AAA?$AAM@ 0000000180010d80     libucrt:lcidtoname_downlevel.obj
 0002:00003d90       ??_C@_1BG@BECMDDJB@?$AAa?$AAz?$AA?9?$AAA?$AAZ?$AA?9?$AAL?$AAa?$AAt?$AAn@ 0000000180010d90     libucrt:lcidtoname_downlevel.obj
 0002:00003da8       ??_C@_1M@MAOFCAEA@?$AAe?$AAu?$AA?9?$AAE?$AAS@ 0000000180010da8     libucrt:lcidtoname_downlevel.obj
 0002:00003db8       ??_C@_1M@IGHABKPI@?$AAm?$AAk?$AA?9?$AAM?$AAK@ 0000000180010db8     libucrt:lcidtoname_downlevel.obj
 0002:00003dc8       ??_C@_1M@IAIGNEJG@?$AAt?$AAn?$AA?9?$AAZ?$AAA@ 0000000180010dc8     libucrt:lcidtoname_downlevel.obj
 0002:00003dd8       ??_C@_1M@IIJCOJFA@?$AAx?$AAh?$AA?9?$AAZ?$AAA@ 0000000180010dd8     libucrt:lcidtoname_downlevel.obj
 0002:00003de8       ??_C@_1M@LGPJHNJH@?$AAz?$AAu?$AA?9?$AAZ?$AAA@ 0000000180010de8     libucrt:lcidtoname_downlevel.obj
 0002:00003df8       ??_C@_1M@HOKAOIO@?$AAa?$AAf?$AA?9?$AAZ?$AAA@ 0000000180010df8     libucrt:lcidtoname_downlevel.obj
 0002:00003e08       ??_C@_1M@DPCLHLIE@?$AAk?$AAa?$AA?9?$AAG?$AAE@ 0000000180010e08     libucrt:lcidtoname_downlevel.obj
 0002:00003e18       ??_C@_1M@BLKMHJBI@?$AAf?$AAo?$AA?9?$AAF?$AAO@ 0000000180010e18     libucrt:lcidtoname_downlevel.obj
 0002:00003e28       ??_C@_1M@LGGJAPPB@?$AAh?$AAi?$AA?9?$AAI?$AAN@ 0000000180010e28     libucrt:lcidtoname_downlevel.obj
 0002:00003e38       ??_C@_1M@FIKPIHFE@?$AAm?$AAt?$AA?9?$AAM?$AAT@ 0000000180010e38     libucrt:lcidtoname_downlevel.obj
 0002:00003e48       ??_C@_1M@HEGGPBFA@?$AAs?$AAe?$AA?9?$AAN?$AAO@ 0000000180010e48     libucrt:lcidtoname_downlevel.obj
 0002:00003e58       ??_C@_1M@EIBJEEPA@?$AAm?$AAs?$AA?9?$AAM?$AAY@ 0000000180010e58     libucrt:lcidtoname_downlevel.obj
 0002:00003e68       ??_C@_1M@FHLBGMPP@?$AAk?$AAk?$AA?9?$AAK?$AAZ@ 0000000180010e68     libucrt:lcidtoname_downlevel.obj
 0002:00003e78       ??_C@_1M@NGJJLCGI@?$AAk?$AAy?$AA?9?$AAK?$AAG@ 0000000180010e78     libucrt:lcidtoname_downlevel.obj
 0002:00003e88       ??_C@_1M@GIENNBFC@?$AAs?$AAw?$AA?9?$AAK?$AAE@ 0000000180010e88     libucrt:lcidtoname_downlevel.obj
 0002:00003e98       ??_C@_1BG@NDGMJIMJ@?$AAu?$AAz?$AA?9?$AAU?$AAZ?$AA?9?$AAL?$AAa?$AAt?$AAn@ 0000000180010e98     libucrt:lcidtoname_downlevel.obj
 0002:00003eb0       ??_C@_1M@IDCCIHBC@?$AAt?$AAt?$AA?9?$AAR?$AAU@ 0000000180010eb0     libucrt:lcidtoname_downlevel.obj
 0002:00003ec0       ??_C@_1M@LOICPMOJ@?$AAb?$AAn?$AA?9?$AAI?$AAN@ 0000000180010ec0     libucrt:lcidtoname_downlevel.obj
 0002:00003ed0       ??_C@_1M@KPKKNEAH@?$AAp?$AAa?$AA?9?$AAI?$AAN@ 0000000180010ed0     libucrt:lcidtoname_downlevel.obj
 0002:00003ee0       ??_C@_1M@PJGPPBOG@?$AAg?$AAu?$AA?9?$AAI?$AAN@ 0000000180010ee0     libucrt:lcidtoname_downlevel.obj
 0002:00003ef0       ??_C@_1M@KMKMOPHI@?$AAt?$AAa?$AA?9?$AAI?$AAN@ 0000000180010ef0     libucrt:lcidtoname_downlevel.obj
 0002:00003f00       ??_C@_1M@KFEHEPAC@?$AAt?$AAe?$AA?9?$AAI?$AAN@ 0000000180010f00     libucrt:lcidtoname_downlevel.obj
 0002:00003f10       ??_C@_1M@CDCLMGHI@?$AAk?$AAn?$AA?9?$AAI?$AAN@ 0000000180010f10     libucrt:lcidtoname_downlevel.obj
 0002:00003f20       ??_C@_1M@MIODLDKF@?$AAm?$AAl?$AA?9?$AAI?$AAN@ 0000000180010f20     libucrt:lcidtoname_downlevel.obj
 0002:00003f30       ??_C@_1M@PBIEACPO@?$AAm?$AAr?$AA?9?$AAI?$AAN@ 0000000180010f30     libucrt:lcidtoname_downlevel.obj
 0002:00003f40       ??_C@_1M@NIDEAGPH@?$AAs?$AAa?$AA?9?$AAI?$AAN@ 0000000180010f40     libucrt:lcidtoname_downlevel.obj
 0002:00003f50       ??_C@_1M@FHIHCBIO@?$AAm?$AAn?$AA?9?$AAM?$AAN@ 0000000180010f50     libucrt:lcidtoname_downlevel.obj
 0002:00003f60       ??_C@_1M@JAIJPENP@?$AAc?$AAy?$AA?9?$AAG?$AAB@ 0000000180010f60     libucrt:lcidtoname_downlevel.obj
 0002:00003f70       ??_C@_1M@PHGFBEPN@?$AAg?$AAl?$AA?9?$AAE?$AAS@ 0000000180010f70     libucrt:lcidtoname_downlevel.obj
 0002:00003f80       ??_C@_1O@KPIPDNCP@?$AAk?$AAo?$AAk?$AA?9?$AAI?$AAN@ 0000000180010f80     libucrt:lcidtoname_downlevel.obj
 0002:00003f90       ??_C@_1O@KNHJLDJA@?$AAs?$AAy?$AAr?$AA?9?$AAS?$AAY@ 0000000180010f90     libucrt:lcidtoname_downlevel.obj
 0002:00003fa0       ??_C@_1O@MKEKBLAH@?$AAd?$AAi?$AAv?$AA?9?$AAM?$AAV@ 0000000180010fa0     libucrt:lcidtoname_downlevel.obj
 0002:00003fb0       ??_C@_1O@OHDCKDDF@?$AAq?$AAu?$AAz?$AA?9?$AAB?$AAO@ 0000000180010fb0     libucrt:lcidtoname_downlevel.obj
 0002:00003fc0       ??_C@_1M@LEPJNLFD@?$AAn?$AAs?$AA?9?$AAZ?$AAA@ 0000000180010fc0     libucrt:lcidtoname_downlevel.obj
 0002:00003fd0       ??_C@_1M@OMLEIIJB@?$AAm?$AAi?$AA?9?$AAN?$AAZ@ 0000000180010fd0     libucrt:lcidtoname_downlevel.obj
 0002:00003fe0       ??_C@_1M@PMPEAILG@?$AAa?$AAr?$AA?9?$AAI?$AAQ@ 0000000180010fe0     libucrt:lcidtoname_downlevel.obj
 0002:00003ff0       ??_C@_1M@CNKPNOEE@?$AAd?$AAe?$AA?9?$AAC?$AAH@ 0000000180010ff0     libucrt:lcidtoname_downlevel.obj
 0002:00004000       ??_C@_1M@LKMGMLKO@?$AAe?$AAn?$AA?9?$AAG?$AAB@ 0000000180011000     libucrt:lcidtoname_downlevel.obj
 0002:00004010       ??_C@_1M@PGKJFFGL@?$AAe?$AAs?$AA?9?$AAM?$AAX@ 0000000180011010     libucrt:lcidtoname_downlevel.obj
 0002:00004020       ??_C@_1M@DNNANBDC@?$AAf?$AAr?$AA?9?$AAB?$AAE@ 0000000180011020     libucrt:lcidtoname_downlevel.obj
[...]
 0004:00000630       $pdata$_calloc_base        0000000180018630     libucrt:calloc_base.obj
 0004:0000063c       $pdata$_free_base          000000018001863c     libucrt:free_base.obj
 0004:00000648       $pdata$??$__acrt_mbs_to_wcs_cp@U__crt_win32_buffer_internal_dynamic_resizing@@@@YAHQEBDAEAV?$__crt_win32_buffer@_WU__crt_win32_buffer_internal_dynamic_resizing@@@@I@Z 0000000180018648     libucrt:argv_wildcards.obj
 0004:00000654       $pdata$??$__acrt_wcs_to_mbs_cp@U__crt_win32_buffer_internal_dynamic_resizing@@@@YAHQEB_WAEAV?$__crt_win32_buffer@DU__crt_win32_buffer_internal_dynamic_resizing@@@@I@Z 0000000180018654     libucrt:argv_wildcards.obj
 0004:00000660       $pdata$??$common_expand_argv_wildcards@D@@YAHQEAPEADQEAPEAPEAD@Z 0000000180018660     libucrt:argv_wildcards.obj
 0004:0000066c       $pdata$??$copy_and_add_argument_to_buffer@D@@YAHQEBD0_KAEAV?$argument_list@D@?A0x5f5c8891@@@Z 000000018001866c     libucrt:argv_wildcards.obj
 0004:00000678       $pdata$??$expand_argument_wildcards@D@@YAHQEAD0AEAV?$argument_list@D@?A0x5f5c8891@@@Z 0000000180018678     libucrt:argv_wildcards.obj
 0004:00000684       $pdata$__acrt_GetModuleFileNameA 0000000180018684     libucrt:getmodulefilenamea.obj
 0004:00000690       $pdata$??$__acrt_wcs_to_mbs_cp@U__crt_win32_buffer_no_resizing@@@@YAHQEB_WAEAV?$__crt_win32_buffer@DU__crt_win32_buffer_no_resizing@@@@I@Z 0000000180018690     libucrt:getmodulefilenamea.obj
 0004:0000069c       $pdata$__acrt_update_thread_multibyte_data 000000018001869c     libucrt:mbctype.obj
 0004:000006a8       $pdata$__acrt_initialize_multibyte 00000001800186a8     libucrt:mbctype.obj
 0004:000006b4       $pdata$_setmbcp_nolock     00000001800186b4     libucrt:mbctype.obj
 0004:000006c0       $pdata$?getSystemCP@@YAHH@Z 00000001800186c0     libucrt:mbctype.obj
 0004:000006cc       $pdata$?setSBCS@@YAXPEAU__crt_multibyte_data@@@Z 00000001800186cc     libucrt:mbctype.obj
 0004:000006d8       $pdata$?update_thread_multibyte_data_internal@@YAPEAU__crt_multibyte_data@@QEAU__acrt_ptd@@QEAPEAU1@@Z 00000001800186d8     libucrt:mbctype.obj
 0004:000006e4       $pdata$?fin$0@?0??update_thread_multibyte_data_internal@@YAPEAU__crt_multibyte_data@@QEAU__acrt_ptd@@QEAPEAU1@@Z@4HA 00000001800186e4     libucrt:mbctype.obj
 0004:000006f0       $pdata$?setmbcp_internal@@YAHH_NQEAU__acrt_ptd@@QEAPEAU__crt_multibyte_data@@@Z 00000001800186f0     libucrt:mbctype.obj
 0004:000006fc       $pdata$?setSBUpLow@@YAXPEAU__crt_multibyte_data@@@Z 00000001800186fc     libucrt:mbctype.obj
 0004:00000708       $pdata$??$?RV<lambda_efdfa57d1f175319df784efa44bb7b81>@@AEAV<lambda_5f0a4c1567f8adc6734073e5d1e1b35c>@@V<lambda_2e8a7d3640ea6ccb4c2413664c2db6fd>@@@?$__crt_seh_guarded_call@X@@QEAAX$$QEAV<lambda_efdfa57d1f175319df784efa44bb7b81>@@AEAV<lambda_5f0a4c1567f8adc6734073e5d1e1b35c>@@$$QEAV<lambda_2e8a7d3640ea6ccb4c2413664c2db6fd>@@@Z 0000000180018708     libucrt:mbctype.obj
 0004:00000714       $pdata$?x_ismbbtype_l@@YAHPEAU__crt_locale_pointers@@IHH@Z 0000000180018714     libucrt:ismbbyte.obj
 0004:00000720       $pdata$__acrt_initialize_command_line 0000000180018720     libucrt:argv_data.obj
 0004:0000072c       $pdata$__acrt_WideCharToMultiByte 000000018001872c     libucrt:widechartomultibyte.obj
 0004:00000738       $pdata$__dcrt_get_narrow_environment_from_os 0000000180018738     libucrt:get_environment_from_os.obj
 0004:00000744       $pdata$_recalloc_base      0000000180018744     libucrt:recalloc.obj
 0004:00000750       $pdata$__acrt_initialize_winapi_thunks 0000000180018750     libucrt:winapi_thunks.obj
 0004:0000075c       $pdata$__acrt_uninitialize_winapi_thunks 000000018001875c     libucrt:winapi_thunks.obj
 0004:00000768       $pdata$__acrt_AreFileApisANSI 0000000180018768     libucrt:winapi_thunks.obj
 0004:00000774       $pdata$__acrt_FlsAlloc     0000000180018774     libucrt:winapi_thunks.obj
 0004:00000780       $pdata$__acrt_FlsFree      0000000180018780     libucrt:winapi_thunks.obj
 0004:0000078c       $pdata$__acrt_FlsGetValue  000000018001878c     libucrt:winapi_thunks.obj
 0004:00000798       $pdata$__acrt_FlsSetValue  0000000180018798     libucrt:winapi_thunks.obj
 0004:000007a4       $pdata$__acrt_InitializeCriticalSectionEx 00000001800187a4     libucrt:winapi_thunks.obj
 0004:000007b0       $pdata$__acrt_LCMapStringEx 00000001800187b0     libucrt:winapi_thunks.obj
 0004:000007bc       $pdata$__acrt_LocaleNameToLCID 00000001800187bc     libucrt:winapi_thunks.obj
 0004:000007c8       $pdata$__acrt_AppPolicyGetProcessTerminationMethodInternal 00000001800187c8     libucrt:winapi_thunks.obj
 0004:000007d4       $pdata$?try_get_function@@YAPEAXW4function_id@?A0x391cf84c@@QEBDQEBW4module_id@2@2@Z 00000001800187d4     libucrt:winapi_thunks.obj
 0004:000007e0       $pdata$__acrt_initialize_heap 00000001800187e0     libucrt:heap_handle.obj
 0004:000007ec       $pdata$__acrt_initialize_lowio 00000001800187ec     libucrt:ioinit.obj
 0004:000007f8       $pdata$__acrt_initialize_lowio$fin$0 00000001800187f8     libucrt:ioinit.obj
 0004:000007f8       $pdata$__acrt_lowio_ensure_fh_exists$fin$0 00000001800187f8     libucrt:osfinfo.obj
 0004:00000804       $pdata$__acrt_uninitialize_lowio 0000000180018804     libucrt:ioinit.obj
 0004:00000810       $pdata$?initialize_inherited_file_handles_nolock@@YAXXZ 0000000180018810     libucrt:ioinit.obj
 0004:0000081c       $pdata$?initialize_stdio_handles_nolock@@YAXXZ 000000018001881c     libucrt:ioinit.obj
 0004:00000828       $pdata$__acrt_execute_initializers 0000000180018828     libucrt:shared_initialization.obj
 0004:00000834       $pdata$__acrt_execute_uninitializers 0000000180018834     libucrt:shared_initialization.obj
 0004:00000840       $pdata$_callnewh           0000000180018840     libucrt:new_handler.obj
 0004:0000084c       $pdata$_query_new_handler  000000018001884c     libucrt:new_handler.obj
 0004:00000858       $pdata$_query_new_handler$fin$0 0000000180018858     libucrt:new_handler.obj
 0004:00000864       $pdata$__acrt_get_sigabrt_handler 0000000180018864     libucrt:signal.obj
 0004:00000870       $pdata$raise               0000000180018870     libucrt:signal.obj
 0004:0000087c       $pdata$raise$fin$0         000000018001887c     libucrt:signal.obj
 0004:00000888       $pdata$??$?RV<lambda_450d765d439847d4c735a33c368b5fc0>@@AEAV<lambda_44731a7d0e6d81c3e6aa82d741081786>@@V<lambda_601a2a7da3b7a96e9554ac7215c4b07c>@@@?$__crt_seh_guarded_call@P6AXH@Z@@QEAAP6AXH@Z$$QEAV<lambda_450d765d439847d4c735a33c368b5fc0>@@AEAV<lambda_44731a7d0e6d81c3e6aa82d741081786>@@$$QEAV<lambda_601a2a7da3b7a96e9554ac7215c4b07c>@@@Z 0000000180018888     libucrt:signal.obj
 0004:00000894       $pdata$_fflush_nolock      0000000180018894     libucrt:fflush.obj
 0004:000008a0       $pdata$__acrt_stdio_flush_nolock 00000001800188a0     libucrt:fflush.obj
 0004:000008ac       $pdata$?common_flush_all@@YAH_N@Z 00000001800188ac     libucrt:fflush.obj
 0004:000008b8       $pdata$??$?RV<lambda_842d9ff0dc9ef11c61343bbaebe7f885>@@AEAV<lambda_c5860995281e5c4ce005b3de8f5874ee>@@V<lambda_d90129c13df834fdcbf8d2b88dafcf2d>@@@?$__crt_seh_guarded_call@X@@QEAAX$$QEAV<lambda_842d9ff0dc9ef11c61343bbaebe7f885>@@AEAV<lambda_c5860995281e5c4ce005b3de8f5874ee>@@$$QEAV<lambda_d90129c13df834fdcbf8d2b88dafcf2d>@@@Z 00000001800188b8     libucrt:fflush.obj
 0004:000008c4       $pdata$?fin$0@?0???$?RV<lambda_842d9ff0dc9ef11c61343bbaebe7f885>@@AEAV<lambda_c5860995281e5c4ce005b3de8f5874ee>@@V<lambda_d90129c13df834fdcbf8d2b88dafcf2d>@@@?$__crt_seh_guarded_call@X@@QEAAX$$QEAV<lambda_842d9ff0dc9ef11c61343bbaebe7f885>@@AEAV<lambda_c5860995281e5c4ce005b3de8f5874ee>@@$$QEAV<lambda_d90129c13df834fdcbf8d2b88dafcf2d>@@@Z@4HA 00000001800188c4     libucrt:fflush.obj
 0004:000008d0       $pdata$??$?RV<lambda_886d6c58226a84441f68b9f2b8217b83>@@AEAV<lambda_ab61a845afdef5b7c387490eaf3616ee>@@V<lambda_f7f22ab5edc0698d5f6905b0d3f44752>@@@?$__crt_seh_guarded_call@X@@QEAAX$$QEAV<lambda_886d6c58226a84441f68b9f2b8217b83>@@AEAV<lambda_ab61a845afdef5b7c387490eaf3616ee>@@$$QEAV<lambda_f7f22ab5edc0698d5f6905b0d3f44752>@@@Z 00000001800188d0     libucrt:fflush.obj
 0004:000008dc       $pdata$?fin$0@?0???$?RV<lambda_886d6c58226a84441f68b9f2b8217b83>@@AEAV<lambda_ab61a845afdef5b7c387490eaf3616ee>@@V<lambda_f7f22ab5edc0698d5f6905b0d3f44752>@@@?$__crt_seh_guarded_call@X@@QEAAX$$QEAV<lambda_886d6c58226a84441f68b9f2b8217b83>@@AEAV<lambda_ab61a845afdef5b7c387490eaf3616ee>@@$$QEAV<lambda_f7f22ab5edc0698d5f6905b0d3f44752>@@@Z@4HA 00000001800188dc     libucrt:fflush.obj
 0004:000008e8       $pdata$__acrt_initialize_stdio 00000001800188e8     libucrt:_file.obj
 0004:000008f4       $pdata$__acrt_uninitialize_stdio 00000001800188f4     libucrt:_file.obj
 0004:00000900       $pdata$_malloc_base        0000000180018900     libucrt:malloc_base.obj
 0004:0000090c       $pdata$_mbtowc_l           000000018001890c     libucrt:mbtowc.obj
 0004:00000918       $pdata$__acrt_update_locale_info 0000000180018918     libucrt:locale_update.obj
 0004:00000924       $pdata$__acrt_update_multibyte_info 0000000180018924     libucrt:locale_update.obj
 0004:00000930       $pdata$_fileno             0000000180018930     libucrt:fileno.obj
 0004:0000093c       $pdata$__acrt_uninitialize_locale 000000018001893c     libucrt:wsetlocale.obj
 0004:00000948       $pdata$??$?RV<lambda_410d79af7f07d98d83a3f525b3859a53>@@AEAV<lambda_3e16ef9562a7dcce91392c22ab16ea36>@@V<lambda_38119f0e861e05405d8a144b9b982f0a>@@@?$__crt_seh_guarded_call@X@@QEAAX$$QEAV<lambda_410d79af7f07d98d83a3f525b3859a53>@@AEAV<lambda_3e16ef9562a7dcce91392c22ab16ea36>@@$$QEAV<lambda_38119f0e861e05405d8a144b9b982f0a>@@@Z 0000000180018948     libucrt:wsetlocale.obj
 0004:00000954       $pdata$?fin$0@?0???$?RV<lambda_410d79af7f07d98d83a3f525b3859a53>@@AEAV<lambda_3e16ef9562a7dcce91392c22ab16ea36>@@V<lambda_38119f0e861e05405d8a144b9b982f0a>@@@?$__crt_seh_guarded_call@X@@QEAAX$$QEAV<lambda_410d79af7f07d98d83a3f525b3859a53>@@AEAV<lambda_3e16ef9562a7dcce91392c22ab16ea36>@@$$QEAV<lambda_38119f0e861e05405d8a144b9b982f0a>@@@Z@4HA 0000000180018954     libucrt:wsetlocale.obj
 0004:00000960       $pdata$__pctype_func       0000000180018960     libucrt:ctype.obj
 0004:0000096c       $pdata$_call_matherr       000000018001896c     libucrt:libm_error.obj
 0004:00000978       $pdata$_exception_enabled  0000000180018978     libucrt:libm_error.obj
 0004:00000984       $pdata$_handle_errorf      0000000180018984     libucrt:libm_error.obj
 0004:00000990       $pdata$_handle_error       0000000180018990     libucrt:libm_error.obj
 0004:0000099c       $pdata$__acrt_release_locale_ref 000000018001899c     libucrt:locale_refcounting.obj
 0004:000009a8       $pdata$__acrt_free_locale  00000001800189a8     libucrt:locale_refcounting.obj
 0004:000009b4       $pdata$__acrt_locale_free_lc_time_if_unreferenced 00000001800189b4     libucrt:locale_refcounting.obj
 0004:000009c0       $pdata$__acrt_update_thread_locale_data 00000001800189c0     libucrt:locale_refcounting.obj
 0004:000009cc       $pdata$__acrt_update_thread_locale_data$fin$0 00000001800189cc     libucrt:locale_refcounting.obj
 0004:000009d8       $pdata$_updatetlocinfoEx_nolock 00000001800189d8     libucrt:locale_refcounting.obj
 0004:000009e4       $pdata$qsort               00000001800189e4     libucrt:qsort.obj
 0004:000009f0       $pdata$4$qsort             00000001800189f0     libucrt:qsort.obj
 0004:000009fc       $pdata$5$qsort             00000001800189fc     libucrt:qsort.obj
 0004:00000a08       $pdata$strncpy_s           0000000180018a08     libucrt:strncpy_s.obj
 0004:00000a14       $pdata$strpbrk             0000000180018a14     libucrt:strpbrk.obj
 0004:00000a20       $pdata$fallbackMethod      0000000180018a20     libucrt:strpbrk.obj
 0004:00000a2c       $pdata$_mbsdec_l           0000000180018a2c     libucrt:mbsdec.obj
 0004:00000a38       $pdata$__acrt_GetStringTypeA 0000000180018a38     libucrt:getstringtypea.obj
 0004:00000a44       $pdata$__acrt_LCMapStringA 0000000180018a44     libucrt:lcmapstringa.obj
 0004:00000a50       $pdata$?__acrt_LCMapStringA_stat@@YAHPEAU__crt_locale_pointers@@PEB_WKPEBDHPEADHHH@Z 0000000180018a50     libucrt:lcmapstringa.obj
 0004:00000a5c       $pdata$?initialize_multibyte@@YAHXZ 0000000180018a5c     libucrt:multibyte_initializer.obj
 0004:00000a68       $pdata$_msize_base         0000000180018a68     libucrt:msize.obj
 0004:00000a74       $pdata$_realloc_base       0000000180018a74     libucrt:realloc_base.obj
 0004:00000a80       $pdata$__acrt_DownlevelLocaleNameToLCID 0000000180018a80     libucrt:lcidtoname_downlevel.obj
 0004:00000a8c       $pdata$_get_osfhandle      0000000180018a8c     libucrt:osfinfo.obj
 0004:00000a98       $pdata$_free_osfhnd        0000000180018a98     libucrt:osfinfo.obj
 0004:00000aa4       $pdata$__acrt_lowio_create_handle_array 0000000180018aa4     libucrt:osfinfo.obj
 0004:00000ab0       $pdata$__acrt_lowio_destroy_handle_array 0000000180018ab0     libucrt:osfinfo.obj
 0004:00000abc       $pdata$__acrt_lowio_ensure_fh_exists 0000000180018abc     libucrt:osfinfo.obj
 0004:00000ac8       $pdata$_commit             0000000180018ac8     libucrt:commit.obj
 0004:00000ad4       $pdata$??$?RV<lambda_a37b2b86f63e897a80ea819b0eb08c01>@@AEAV<lambda_38ce7e780aa69e748d6df282ebc68efe>@@V<lambda_99fb1378e971ab6e7edea83e3a7a83a2>@@@?$__crt_seh_guarded_call@H@@QEAAH$$QEAV<lambda_a37b2b86f63e897a80ea819b0eb08c01>@@AEAV<lambda_38ce7e780aa69e748d6df282ebc68efe>@@$$QEAV<lambda_99fb1378e971ab6e7edea83e3a7a83a2>@@@Z 0000000180018ad4     libucrt:commit.obj
 0004:00000ae0       $pdata$?fin$0@?0???$?RV<lambda_751a882b2c74d4b022dec766aa51a29a>@@AEAV<lambda_628dfdc04ba53c8bfc02c9951375f3f5>@@V<lambda_f6c7be5f7998530c34de24c7437d6b54>@@@?$__crt_seh_guarded_call@H@@QEAAH$$QEAV<lambda_751a882b2c74d4b022dec766aa51a29a>@@AEAV<lambda_628dfdc04ba53c8bfc02c9951375f3f5>@@$$QEAV<lambda_f6c7be5f7998530c34de24c7437d6b54>@@@Z@4HA 0000000180018ae0     libucrt:close.obj
 0004:00000ae0       $pdata$?fin$0@?0???$?RV<lambda_a37b2b86f63e897a80ea819b0eb08c01>@@AEAV<lambda_38ce7e780aa69e748d6df282ebc68efe>@@V<lambda_99fb1378e971ab6e7edea83e3a7a83a2>@@@?$__crt_seh_guarded_call@H@@QEAAH$$QEAV<lambda_a37b2b86f63e897a80ea819b0eb08c01>@@AEAV<lambda_38ce7e780aa69e748d6df282ebc68efe>@@$$QEAV<lambda_99fb1378e971ab6e7edea83e3a7a83a2>@@@Z@4HA 0000000180018ae0     libucrt:commit.obj
 0004:00000aec       $pdata$_write              0000000180018aec     libucrt:write.obj
 0004:00000af8       $pdata$_write$fin$0        0000000180018af8     libucrt:write.obj
 0004:00000b04       $pdata$_write_nolock       0000000180018b04     libucrt:write.obj
 0004:00000b10       $pdata$?write_double_translated_ansi_nolock@@YA?AUwrite_result@?A0x17268360@@HQEBDI@Z 0000000180018b10     libucrt:write.obj
 0004:00000b1c       $pdata$?write_text_ansi_nolock@@YA?AUwrite_result@?A0x17268360@@HQEBDI@Z 0000000180018b1c     libucrt:write.obj
 0004:00000b28       $pdata$?write_text_utf16le_nolock@@YA?AUwrite_result@?A0x17268360@@HQEBDI@Z 0000000180018b28     libucrt:write.obj
 0004:00000b34       $pdata$?write_text_utf8_nolock@@YA?AUwrite_result@?A0x17268360@@HQEBDI@Z 0000000180018b34     libucrt:write.obj
 0004:00000b40       $pdata$_fcloseall          0000000180018b40     libucrt:closeall.obj
 0004:00000b4c       $pdata$_fcloseall$fin$0    0000000180018b4c     libucrt:closeall.obj
 0004:00000b58       $pdata$__acrt_stdio_free_buffer_nolock 0000000180018b58     libucrt:_freebuf.obj
 0004:00000b64       $pdata$_isatty             0000000180018b64     libucrt:isatty.obj
 0004:00000b70       $pdata$_isleadbyte_l       0000000180018b70     libucrt:_wctype.obj
 0004:00000b7c       $pdata$?__mbrtowc_utf8@__crt_mbstring@@YA_KPEA_WPEBD_KPEAU_Mbstatet@@@Z 0000000180018b7c     libucrt:mbrtowc.obj
 0004:00000b88       $pdata$?__mbsrtowcs_utf8@__crt_mbstring@@YA_KPEA_WPEAPEBD_KPEAU_Mbstatet@@@Z 0000000180018b88     libucrt:mbrtowc.obj
 0004:00000b94       $pdata$__acrt_locale_free_monetary 0000000180018b94     libucrt:initmon.obj
 0004:00000ba0       $pdata$__acrt_locale_free_numeric 0000000180018ba0     libucrt:initnum.obj
 0004:00000bac       $pdata$__acrt_locale_free_time 0000000180018bac     libucrt:inittime.obj
 0004:00000bb8       $pdata$?free_crt_array_internal@@YAXQEAPEBX_K@Z 0000000180018bb8     libucrt:inittime.obj
 0004:00000bc4       $pdata$_set_errno_from_matherr 0000000180018bc4     libucrt:fpexcept.obj
 0004:00000bd0       $pdata$_raise_excf         0000000180018bd0     libucrt:fpexcept.obj
 0004:00000bdc       $pdata$_raise_exc          0000000180018bdc     libucrt:fpexcept.obj
 0004:00000be8       $pdata$_raise_exc_ex       0000000180018be8     libucrt:fpexcept.obj
 0004:00000bf4       $pdata$_clrfp              0000000180018bf4     libucrt:fpctrl.obj
 0004:00000c00       $pdata$_ctrlfp             0000000180018c00     libucrt:fpctrl.obj
 0004:00000c0c       $pdata$_ctrlfp$filt$0      0000000180018c0c     libucrt:fpctrl.obj
 0004:00000c18       $pdata$_statfp             0000000180018c18     libucrt:fpctrl.obj
 0004:00000c24       $pdata$_set_statfp         0000000180018c24     libucrt:fpctrl.obj
 0004:00000c30       $pdata$??$common_lseek_nolock@_J@@YA_JH_JH@Z 0000000180018c30     libucrt:lseek.obj
 0004:00000c3c       $pdata$_putwch_nolock      0000000180018c3c     libucrt:putwch.obj
 0004:00000c48       $pdata$fclose              0000000180018c48     libucrt:fclose.obj
 0004:00000c54       $pdata$fclose$fin$0        0000000180018c54     libucrt:fclose.obj
 0004:00000c60       $pdata$_fclose_nolock      0000000180018c60     libucrt:fclose.obj
 0004:00000c6c       $pdata$?__mbrtoc32_utf8@__crt_mbstring@@YA_KPEA_UPEBD_KPEAU_Mbstatet@@@Z 0000000180018c6c     libucrt:mbrtoc32.obj
 0004:00000c90       $pdata$__dcrt_lowio_ensure_console_output_initialized 0000000180018c90     libucrt:initcon.obj
 0004:00000c9c       $pdata$__dcrt_write_console 0000000180018c9c     libucrt:initcon.obj
 0004:00000ca8       $pdata$__dcrt_terminate_console_output 0000000180018ca8     libucrt:initcon.obj
 0004:00000cb4       $pdata$_close              0000000180018cb4     libucrt:close.obj
 0004:00000cc0       $pdata$_close_nolock       0000000180018cc0     libucrt:close.obj
 0004:00000ccc       $pdata$??$?RV<lambda_751a882b2c74d4b022dec766aa51a29a>@@AEAV<lambda_628dfdc04ba53c8bfc02c9951375f3f5>@@V<lambda_f6c7be5f7998530c34de24c7437d6b54>@@@?$__crt_seh_guarded_call@H@@QEAAH$$QEAV<lambda_751a882b2c74d4b022dec766aa51a29a>@@AEAV<lambda_628dfdc04ba53c8bfc02c9951375f3f5>@@$$QEAV<lambda_f6c7be5f7998530c34de24c7437d6b54>@@@Z 0000000180018ccc     libucrt:close.obj
 0004:00000cd8       $pdata$_log_special_common 0000000180018cd8     libucrt:log_special.obj
 0004:00000ce4       $pdata$_log10_special      0000000180018ce4     libucrt:log_special.obj
 0004:00000cf0       $pdata$_IsNonwritableInCurrentImage 0000000180018cf0     LIBCMT:pesect.obj
 0004:00000cfc       $pdata$_IsNonwritableInCurrentImage$filt$0 0000000180018cfc     LIBCMT:pesect.obj
 0004:00000d08       $pdata$__GSHandlerCheckCommon 0000000180018d08     LIBCMT:gshandler.obj
 0004:00000d14       $pdata$__GSHandlerCheck    0000000180018d14     LIBCMT:gshandler.obj
 0004:00000d2c       $pdata$__report_securityfailure 0000000180018d2c     LIBCMT:gs_report.obj
 0004:00000d38       $pdata$__report_rangecheckfailure 0000000180018d38     LIBCMT:gs_report.obj
 0004:00000d44       $pdata$__report_gsfailure  0000000180018d44     LIBCMT:gs_report.obj
 0004:00000d50       $pdata$capture_current_context 0000000180018d50     LIBCMT:gs_report.obj
 0004:00000d5c       $pdata$capture_previous_context 0000000180018d5c     LIBCMT:gs_report.obj
 0004:00000d68       $pdata$__raise_securityfailure 0000000180018d68     LIBCMT:gs_report.obj
 0005:00000000       MsetTab                    0000000180019000     libvcruntime:memset.obj
 0005:00000050       MoveSmall                  0000000180019050     libvcruntime:memcpy.obj
