 handmade

 Timestamp is 5ec9dfcc (Sat May 23 20:45:32 2020)

 Preferred load address is 0000000180000000

 Start         Length     Name                   Class
 0001:00000000 000386d0H .text$mn                CODE
 0001:000386d0 00000020H .text$mn$00             CODE
 0001:000386f0 0000068dH .text$x                 CODE
 0002:00000000 00000248H .idata$5                DATA
 0002:00000248 00000028H .00cfg                  DATA
 0002:00000270 00000008H .CRT$XCA                DATA
 0002:00000278 00000008H .CRT$XCZ                DATA
 0002:00000280 00000008H .CRT$XIA                DATA
 0002:00000288 00000018H .CRT$XIC                DATA
 0002:000002a0 00000008H .CRT$XIZ                DATA
 0002:000002a8 00000008H .CRT$XPA                DATA
 0002:000002b0 00000010H .CRT$XPX                DATA
 0002:000002c0 00000008H .CRT$XPXA               DATA
 0002:000002c8 00000008H .CRT$XPZ                DATA
 0002:000002d0 00000008H .CRT$XTA                DATA
 0002:000002d8 00000008H .CRT$XTZ                DATA
 0002:000002e0 00000000H .gfids$y                DATA
 0002:000002e0 00010360H .rdata                  DATA
 0002:00010640 0000016cH .rdata$r                DATA
 0002:000107ac 000002f4H .rdata$zzzdbg           DATA
 0002:00010aa0 00000008H .rtc$IAA                DATA
 0002:00010aa8 00000008H .rtc$IZZ                DATA
 0002:00010ab0 00000008H .rtc$TAA                DATA
 0002:00010ab8 00000008H .rtc$TZZ                DATA
 0002:00010ac0 00001108H .xdata                  DATA
 0002:00011bc8 00000088H .xdata$x                DATA
 0002:00011c50 00000074H .edata                  DATA
 0002:00011cc4 00000014H .idata$2                DATA
 0002:00011cd8 00000018H .idata$3                DATA
 0002:00011cf0 00000248H .idata$4                DATA
 0002:00011f38 00000554H .idata$6                DATA
 0003:00000000 00005a30H .data                   DATA
 0003:00005a30 00000070H .data$r                 DATA
 0003:00005aa0 00001868H .bss                    DATA
 0004:00000000 00002dfcH .pdata                  DATA
 0005:00000000 00000094H _RDATA                  DATA

  Address         Publics by Value              Rva+Base               Lib:Object

 0000:00000000       __hybrid_code_map_count    0000000000000000     <absolute>
 0000:00000000       __guard_fids_count         0000000000000000     <absolute>
 0000:00000000       __guard_longjmp_table      0000000000000000     <absolute>
 0000:00000000       __hybrid_code_map          0000000000000000     <absolute>
 0000:00000000       __guard_iat_count          0000000000000000     <absolute>
 0000:00000000       __guard_eh_cont_count      0000000000000000     <absolute>
 0000:00000000       __guard_iat_table          0000000000000000     <absolute>
 0000:00000000       __volatile_metadata        0000000000000000     <absolute>
 0000:00000000       __guard_longjmp_count      0000000000000000     <absolute>
 0000:00000000       __guard_eh_cont_table      0000000000000000     <absolute>
 0000:00000000       __enclave_config           0000000000000000     <absolute>
 0000:00000000       ___safe_se_handler_count   0000000000000000     <absolute>
 0000:00000000       __AbsoluteZero             0000000000000000     <absolute>
 0000:00000000       ___safe_se_handler_table   0000000000000000     <absolute>
 0000:00000000       __guard_fids_table         0000000000000000     <absolute>
 0000:00000000       __hybrid_auxiliary_iat     0000000000000000     <absolute>
 0000:00000000       __dynamic_value_reloc_table 0000000000000000     <absolute>
 0000:00000100       __guard_flags              0000000000000100     <absolute>
 0000:00000000       __ImageBase                0000000180000000     <linker-defined>
 0001:00000040       ?PushSize_@@YAPEAXPEAUmemory_arena@@_K@Z 0000000180001040 f   handmade.obj
 0001:00000da0       GameUpdateAndRender        0000000180001da0 f   handmade.obj
 0001:00001f40       GameGetSoundSamples        0000000180002f40 f   handmade.obj
 0001:00001f80       ?FindLeastSignificantSetBit@@YA?AUbit_scan_result@@I@Z 0000000180002f80 f i handmade.obj
 0001:00001fc0       ?GetChunkPositionFor@@YA?AUtile_chunk_position@@PEAUtile_map@@III@Z 0000000180002fc0 f i handmade.obj
 0001:00002070       ?GetController@@YAPEAUgame_controller_input@@PEAUgame_input@@H@Z 0000000180003070 f i handmade.obj
 0001:000020c0       ?GetTileChunk@@YAPEAUtile_chunk@@PEAUtile_map@@III@Z 00000001800030c0 f i handmade.obj
 0001:00002150       ?GetTileValue@@YAIPEAUtile_map@@PEAUtile_chunk@@II@Z 0000000180003150 f i handmade.obj
 0001:000021b0       ?GetTileValueUnchecked@@YAIPEAUtile_map@@PEAUtile_chunk@@II@Z 00000001800031b0 f i handmade.obj
 0001:00002240       ?RecanonicalizeCoord@@YAXPEAUtile_map@@PEAIPEAM@Z 0000000180003240 f i handmade.obj
 0001:00002300       ?RecanonicalizePosition@@YA?AUtile_map_position@@PEAUtile_map@@U1@@Z 0000000180003300 f i handmade.obj
 0001:00002390       ?RoundReal32ToInt32@@YAHM@Z 0000000180003390 f i handmade.obj
 0001:000023c0       ?RoundReal32ToUInt32@@YAIM@Z 00000001800033c0 f i handmade.obj
 0001:000023f0       ?SetTileValue@@YAXPEAUtile_map@@PEAUtile_chunk@@III@Z 00000001800033f0 f i handmade.obj
 0001:00002450       ?SetTileValueUnchecked@@YAXPEAUtile_map@@PEAUtile_chunk@@III@Z 0000000180003450 f i handmade.obj
 0001:000024d0       __GSHandlerCheck           00000001800034d0 f   LIBCMTD:gshandler.obj
 0001:00002510       __GSHandlerCheckCommon     0000000180003510 f   LIBCMTD:gshandler.obj
 0001:00002620       __security_check_cookie    0000000180003620 f   LIBCMTD:amdsecgs.obj
 0001:00002a60       _DllMainCRTStartup         0000000180003a60 f   LIBCMTD:dll_dllmain.obj
 0001:00002aa0       __raise_securityfailure    0000000180003aa0 f   LIBCMTD:gs_report.obj
 0001:00002ae0       __report_gsfailure         0000000180003ae0 f   LIBCMTD:gs_report.obj
 0001:00002bc0       __report_rangecheckfailure 0000000180003bc0 f   LIBCMTD:gs_report.obj
 0001:00002be0       __report_securityfailure   0000000180003be0 f   LIBCMTD:gs_report.obj
 0001:00002ea0       __security_init_cookie     0000000180003ea0 f   LIBCMTD:gs_support.obj
 0001:00002f20       DllMain                    0000000180003f20 f   LIBCMTD:dll_dllmain_stub.obj
 0001:00002f40       ?__scrt_initialize_type_info@@YAXXZ 0000000180003f40 f   LIBCMTD:tncleanup.obj
 0001:00002f60       ?__scrt_uninitialize_type_info@@YAXXZ 0000000180003f60 f   LIBCMTD:tncleanup.obj
 0001:00002f80       __local_stdio_printf_options 0000000180003f80 f i LIBCMTD:default_local_stdio_options.obj
 0001:00002f90       __local_stdio_scanf_options 0000000180003f90 f i LIBCMTD:default_local_stdio_options.obj
 0001:00002fa0       __scrt_initialize_default_local_stdio_options 0000000180003fa0 f   LIBCMTD:default_local_stdio_options.obj
 0001:00002ff0       ?configure_argv@__scrt_narrow_argv_policy@@SAHXZ 0000000180003ff0 f i LIBCMTD:utility.obj
 0001:000030e0       ?initialize_environment@__scrt_narrow_environment_policy@@SAHXZ 00000001800040e0 f i LIBCMTD:utility.obj
 0001:00003180       NtCurrentTeb               0000000180004180 f i LIBCMTD:utility.obj
 0001:00003190       __scrt_acquire_startup_lock 0000000180004190 f   LIBCMTD:utility.obj
 0001:00003200       __scrt_dllmain_after_initialize_c 0000000180004200 f   LIBCMTD:utility.obj
 0001:00003230       __scrt_dllmain_before_initialize_c 0000000180004230 f   LIBCMTD:utility.obj
 0001:00003250       __scrt_dllmain_crt_thread_attach 0000000180004250 f   LIBCMTD:utility.obj
 0001:00003280       __scrt_dllmain_crt_thread_detach 0000000180004280 f   LIBCMTD:utility.obj
 0001:000032a0       __scrt_dllmain_exception_filter 00000001800042a0 f   LIBCMTD:utility.obj
 0001:00003310       __scrt_dllmain_uninitialize_c 0000000180004310 f   LIBCMTD:utility.obj
 0001:00003340       __scrt_dllmain_uninitialize_critical 0000000180004340 f   LIBCMTD:utility.obj
 0001:00003360       __scrt_initialize_crt      0000000180004360 f   LIBCMTD:utility.obj
 0001:000033b0       __scrt_initialize_onexit_tables 00000001800043b0 f   LIBCMTD:utility.obj
 0001:000034c0       __scrt_is_nonwritable_in_current_image 00000001800044c0 f   LIBCMTD:utility.obj
 0001:00003550       __scrt_release_startup_lock 0000000180004550 f   LIBCMTD:utility.obj
 0001:00003580       __scrt_uninitialize_crt    0000000180004580 f   LIBCMTD:utility.obj
 0001:000035c0       __scrt_get_dyn_tls_init_callback 00000001800045c0 f   LIBCMTD:dyn_tls_init.obj
 0001:000035d0       __crt_debugger_hook        00000001800045d0 f   LIBCMTD:utility_desktop.obj
 0001:000035e0       __scrt_fastfail            00000001800045e0 f   LIBCMTD:utility_desktop.obj
 0001:00003780       _RTC_Initialize            0000000180004780 f   LIBCMTD:initsect.obj
 0001:000037d0       _RTC_Terminate             00000001800047d0 f   LIBCMTD:initsect.obj
 0001:00003820       _guard_check_icall_nop     0000000180004820 f i LIBCMTD:guard_support.obj
 0001:00003820       ??1?$__crt_simd_cleanup_guard@$0A@@@QEAA@XZ 0000000180004820 f i libucrtd:strnlen.obj
 0001:00003820       ??1scoped_global_state_reset@__crt_state_management@@QEAA@XZ 0000000180004820 f i libucrtd:onexit.obj
 0001:00003830       ReadNoFence64              0000000180004830 f i LIBCMTD:guard_support.obj
 0001:00003830       ?__crt_interlocked_read_64@@YA_JPED_J@Z 0000000180004830 f i libvcruntimed:std_type_info.obj
 0001:00003850       ??$__crt_interlocked_read_pointer@X@@YAPEAXPEDSEAX@Z 0000000180004850 f i libvcruntimed:winapi_downlevel.obj
 0001:00003850       ??$__crt_interlocked_read_pointer@UHINSTANCE__@@@@YAPEAUHINSTANCE__@@PEDSEAU0@@Z 0000000180004850 f i libvcruntimed:winapi_downlevel.obj
 0001:00003850       ReadPointerNoFence         0000000180004850 f i LIBCMTD:guard_support.obj
 0001:00003870       _guard_icall_checks_enforced 0000000180004870 f i LIBCMTD:guard_support.obj
 0001:000038b0       __isa_available_init       00000001800048b0 f   LIBCMTD:cpu_disp.obj
 0001:00003c50       _get_startup_argv_mode     0000000180004c50 f   LIBCMTD:argv_mode.obj
 0001:00003c60       __scrt_is_ucrt_dll_in_use  0000000180004c60 f   LIBCMTD:ucrt_detection.obj
 0001:00003c90       IsProcessorFeaturePresent  0000000180004c90 f   kernel32:KERNEL32.dll
 0001:00003ca0       __C_specific_handler       0000000180004ca0 f   libvcruntimed:riscchandler.obj
 0001:00004110       ??$?RU__vcrt_ptd@@@__crt_internal_free_policy@@QEBAXQEBU__vcrt_ptd@@@Z 0000000180005110 f i libvcruntimed:per_thread_data.obj
 0001:00004110       ??$?RPEAD@__crt_internal_free_policy@@QEBAXQEBQEAD@Z 0000000180005110 f i libucrtd:argv_parsing.obj
 0001:00004110       ??$?RU__acrt_ptd@@@__crt_internal_free_policy@@QEBAXQEBU__acrt_ptd@@@Z 0000000180005110 f i libucrtd:per_thread_data.obj
 0001:00004110       ??$?RD@__crt_internal_free_policy@@QEBAXQEBD@Z 0000000180005110 f i libvcruntimed:std_type_info.obj
 0001:00004110       ??$?RU__crt_lowio_handle_data@@@__crt_internal_free_policy@@QEBAXQEBU__crt_lowio_handle_data@@@Z 0000000180005110 f i libucrtd:osfinfo.obj
 0001:00004110       ??$?RU__crt_multibyte_data@@@__crt_internal_free_policy@@QEBAXQEBU__crt_multibyte_data@@@Z 0000000180005110 f i libucrtd:mbctype.obj
 0001:00004110       ??$?RE@__crt_internal_free_policy@@QEBAXQEBE@Z 0000000180005110 f i libucrtd:argv_parsing.obj
 0001:00004110       ??$?RPEAU__crt_stdio_stream_data@@@__crt_internal_free_policy@@QEBAXQEBQEAU__crt_stdio_stream_data@@@Z 0000000180005110 f i libucrtd:_file.obj
 0001:00004140       ??0?$__crt_scoped_stack_ptr_tag@_W@@QEAA@QEA_W@Z 0000000180005140 f i libucrtd:getstringtypea.obj
 0001:00004140       ??0?$__crt_unique_heap_ptr@U__acrt_ptd@@U__crt_internal_free_policy@@@@QEAA@QEAU__acrt_ptd@@@Z 0000000180005140 f i libucrtd:per_thread_data.obj
 0001:00004140       ??0?$string_output_adapter@_W@__crt_stdio_output@@QEAA@QEAU?$string_output_adapter_context@_W@1@@Z 0000000180005140 f i libucrtd:output.obj
 0001:00004140       ??0?$__crt_unique_heap_ptr@U__crt_lowio_handle_data@@U__crt_internal_free_policy@@@@QEAA@QEAU__crt_lowio_handle_data@@@Z 0000000180005140 f i libucrtd:osfinfo.obj
 0001:00004140       ??0?$__crt_unique_handle_t@U__crt_findfile_traits@@@@QEAA@QEAX@Z 0000000180005140 f i libucrtd:argv_wildcards.obj
 0001:00004140       ??0?$__crt_unique_heap_ptr@DU__crt_internal_free_policy@@@@QEAA@QEAD@Z 0000000180005140 f i libvcruntimed:std_type_info.obj
 0001:00004140       ??0?$__crt_scoped_stack_ptr@_W@@QEAA@U?$__crt_scoped_stack_ptr_tag@_W@@@Z 0000000180005140 f i libucrtd:getstringtypea.obj
 0001:00004140       ??0__crt_stdio_stream@@QEAA@QEAU__crt_stdio_stream_data@@@Z 0000000180005140 f i libucrtd:fflush.obj
 0001:00004140       ??0?$string_output_adapter@D@__crt_stdio_output@@QEAA@QEAU?$string_output_adapter_context@D@1@@Z 0000000180005140 f i libucrtd:output.obj
 0001:00004140       ??0?$__crt_unique_heap_ptr@U__vcrt_ptd@@U__crt_internal_free_policy@@@@QEAA@QEAU__vcrt_ptd@@@Z 0000000180005140 f i libvcruntimed:per_thread_data.obj
 0001:00004140       ??0?$__crt_unique_heap_ptr@EU__crt_internal_free_policy@@@@QEAA@QEAE@Z 0000000180005140 f i libucrtd:argv_parsing.obj
 0001:00004140       ??0?$__crt_unique_heap_ptr@PEAU__crt_stdio_stream_data@@U__crt_internal_free_policy@@@@QEAA@QEAPEAU__crt_stdio_stream_data@@@Z 0000000180005140 f i libucrtd:_file.obj
 0001:00004140       ??0__crt_stdio_stream@@QEAA@QEAU_iobuf@@@Z 0000000180005140 f i libucrtd:output.obj
 0001:00004140       ??0?$__crt_unique_heap_ptr@DU__crt_public_free_policy@@@@QEAA@QEAD@Z 0000000180005140 f i libvcruntimed:std_exception.obj
 0001:00004140       ??0?$__crt_unique_heap_ptr@PEADU__crt_internal_free_policy@@@@QEAA@QEAPEAD@Z 0000000180005140 f i libucrtd:argv_parsing.obj
 0001:00004140       ??0?$__crt_unique_heap_ptr@U__crt_multibyte_data@@U__crt_internal_free_policy@@@@QEAA@QEAU__crt_multibyte_data@@@Z 0000000180005140 f i libucrtd:mbctype.obj
 0001:00004140       ??0?$__crt_unique_handle_t@U__crt_hmodule_traits@@@@QEAA@QEAUHINSTANCE__@@@Z 0000000180005140 f i libucrtd:exit.obj
 0001:00004160       ??1?$__crt_unique_heap_ptr@DU__crt_internal_free_policy@@@@QEAA@XZ 0000000180005160 f i libvcruntimed:std_type_info.obj
 0001:00004160       ??1?$__crt_unique_heap_ptr@PEADU__crt_internal_free_policy@@@@QEAA@XZ 0000000180005160 f i libucrtd:argv_parsing.obj
 0001:00004160       ??1?$__crt_unique_heap_ptr@U__crt_multibyte_data@@U__crt_internal_free_policy@@@@QEAA@XZ 0000000180005160 f i libucrtd:mbctype.obj
 0001:00004160       ??1?$__crt_unique_heap_ptr@U__acrt_ptd@@U__crt_internal_free_policy@@@@QEAA@XZ 0000000180005160 f i libucrtd:per_thread_data.obj
 0001:00004160       ??1?$__crt_unique_heap_ptr@U__crt_lowio_handle_data@@U__crt_internal_free_policy@@@@QEAA@XZ 0000000180005160 f i libucrtd:osfinfo.obj
 0001:00004160       ??1?$__crt_unique_heap_ptr@PEAU__crt_stdio_stream_data@@U__crt_internal_free_policy@@@@QEAA@XZ 0000000180005160 f i libucrtd:_file.obj
 0001:00004160       ??1?$__crt_unique_heap_ptr@EU__crt_internal_free_policy@@@@QEAA@XZ 0000000180005160 f i libucrtd:argv_parsing.obj
 0001:00004160       ??1?$__crt_unique_heap_ptr@U__vcrt_ptd@@U__crt_internal_free_policy@@@@QEAA@XZ 0000000180005160 f i libvcruntimed:per_thread_data.obj
 0001:00004180       ??B?$__crt_unique_heap_ptr@U__crt_lowio_handle_data@@U__crt_internal_free_policy@@@@QEBA_NXZ 0000000180005180 f i libucrtd:osfinfo.obj
 0001:00004180       ??B?$__crt_unique_heap_ptr@DU__crt_internal_free_policy@@@@QEBA_NXZ 0000000180005180 f i libvcruntimed:std_type_info.obj
 0001:00004180       ??B?$__crt_unique_heap_ptr@U__acrt_ptd@@U__crt_internal_free_policy@@@@QEBA_NXZ 0000000180005180 f i libucrtd:per_thread_data.obj
 0001:00004180       ??B?$__crt_unique_heap_ptr@EU__crt_internal_free_policy@@@@QEBA_NXZ 0000000180005180 f i libucrtd:argv_parsing.obj
 0001:00004180       ??B?$__crt_unique_heap_ptr@U__vcrt_ptd@@U__crt_internal_free_policy@@@@QEBA_NXZ 0000000180005180 f i libvcruntimed:per_thread_data.obj
 0001:00004180       ??B?$__crt_unique_heap_ptr@U__crt_multibyte_data@@U__crt_internal_free_policy@@@@QEBA_NXZ 0000000180005180 f i libucrtd:mbctype.obj
 0001:00004180       ??B?$__crt_unique_heap_ptr@DU__crt_public_free_policy@@@@QEBA_NXZ 0000000180005180 f i libvcruntimed:std_exception.obj
 0001:000041a0       ?get@?$__crt_unique_handle_t@U__crt_findfile_traits@@@@QEBAPEAXXZ 00000001800051a0 f i libucrtd:argv_wildcards.obj
 0001:000041a0       ?get@?$__crt_unique_heap_ptr@U__vcrt_ptd@@U__crt_internal_free_policy@@@@QEBAPEAU__vcrt_ptd@@XZ 00000001800051a0 f i libvcruntimed:per_thread_data.obj
 0001:000041a0       ?save_state@?$c_string_character_source@_W@__crt_strtox@@QEBAPEB_WXZ 00000001800051a0 f i libucrtd:atox.obj
 0001:000041a0       ?get@?$__crt_unique_heap_ptr@EU__crt_internal_free_policy@@@@QEBAPEAEXZ 00000001800051a0 f i libucrtd:argv_parsing.obj
 0001:000041a0       ?public_stream@__crt_stdio_stream@@QEBAPEAU_iobuf@@XZ 00000001800051a0 f i libucrtd:output.obj
 0001:000041a0       ?get@?$__crt_unique_heap_ptr@PEADU__crt_internal_free_policy@@@@QEBAPEAPEADXZ 00000001800051a0 f i libucrtd:argv_parsing.obj
 0001:000041a0       ?get@?$__crt_unique_heap_ptr@DU__crt_internal_free_policy@@@@QEBAPEADXZ 00000001800051a0 f i libvcruntimed:std_type_info.obj
 0001:000041a0       ?get@?$__crt_unique_heap_ptr@U__acrt_ptd@@U__crt_internal_free_policy@@@@QEBAPEAU__acrt_ptd@@XZ 00000001800051a0 f i libucrtd:per_thread_data.obj
 0001:000041a0       ?get@?$__crt_unique_heap_ptr@U__crt_multibyte_data@@U__crt_internal_free_policy@@@@QEBAPEAU__crt_multibyte_data@@XZ 00000001800051a0 f i libucrtd:mbctype.obj
 0001:000041a0       ?get@?$__crt_scoped_stack_ptr@_W@@QEBAPEA_WXZ 00000001800051a0 f i libucrtd:getstringtypea.obj
 0001:000041a0       ?get@?$__crt_unique_heap_ptr@DU__crt_public_free_policy@@@@QEBAPEADXZ 00000001800051a0 f i libvcruntimed:std_exception.obj
 0001:000041a0       ?save_state@?$c_string_character_source@D@__crt_strtox@@QEBAPEBDXZ 00000001800051a0 f i libucrtd:atox.obj
 0001:000041a0       ?get@?$__crt_unique_handle_t@U__crt_hmodule_traits@@@@QEBAPEAUHINSTANCE__@@XZ 00000001800051a0 f i libucrtd:exit.obj
 0001:000041a0       ?get@?$__crt_unique_heap_ptr@U__crt_lowio_handle_data@@U__crt_internal_free_policy@@@@QEBAPEAU__crt_lowio_handle_data@@XZ 00000001800051a0 f i libucrtd:osfinfo.obj
 0001:000041a0       ??C__crt_stdio_stream@@QEBAPEAU__crt_stdio_stream_data@@XZ 00000001800051a0 f i libucrtd:output.obj
 0001:000041b0       ?is_valid@?$__crt_unique_heap_ptr@EU__crt_internal_free_policy@@@@QEBA_NXZ 00000001800051b0 f i libucrtd:argv_parsing.obj
 0001:000041b0       ?is_valid@?$__crt_unique_heap_ptr@U__crt_multibyte_data@@U__crt_internal_free_policy@@@@QEBA_NXZ 00000001800051b0 f i libucrtd:mbctype.obj
 0001:000041b0       ?valid@__crt_stdio_stream@@QEBA_NXZ 00000001800051b0 f i libucrtd:output.obj
 0001:000041b0       ?is_valid@?$__crt_unique_heap_ptr@U__acrt_ptd@@U__crt_internal_free_policy@@@@QEBA_NXZ 00000001800051b0 f i libucrtd:per_thread_data.obj
 0001:000041b0       ?is_valid@?$__crt_unique_heap_ptr@DU__crt_internal_free_policy@@@@QEBA_NXZ 00000001800051b0 f i libvcruntimed:std_type_info.obj
 0001:000041b0       ?is_valid@?$__crt_unique_heap_ptr@U__crt_lowio_handle_data@@U__crt_internal_free_policy@@@@QEBA_NXZ 00000001800051b0 f i libucrtd:osfinfo.obj
 0001:000041b0       ?is_valid@?$__crt_unique_heap_ptr@DU__crt_public_free_policy@@@@QEBA_NXZ 00000001800051b0 f i libvcruntimed:std_exception.obj
 0001:000041b0       ?is_valid@?$__crt_unique_heap_ptr@U__vcrt_ptd@@U__crt_internal_free_policy@@@@QEBA_NXZ 00000001800051b0 f i libvcruntimed:per_thread_data.obj
 0001:000041b0       ??B?$__crt_scoped_stack_ptr@_W@@QEBA_NXZ 00000001800051b0 f i libucrtd:lcmapstringa.obj
 0001:000041e0       ?release@?$__crt_unique_heap_ptr@PEADU__crt_internal_free_policy@@@@QEAAXXZ 00000001800051e0 f i libucrtd:argv_parsing.obj
 0001:000041e0       ?release@?$__crt_unique_heap_ptr@PEAU__crt_stdio_stream_data@@U__crt_internal_free_policy@@@@QEAAXXZ 00000001800051e0 f i libucrtd:_file.obj
 0001:000041e0       ?release@?$__crt_unique_heap_ptr@U__crt_multibyte_data@@U__crt_internal_free_policy@@@@QEAAXXZ 00000001800051e0 f i libucrtd:mbctype.obj
 0001:000041e0       ?release@?$__crt_unique_heap_ptr@U__acrt_ptd@@U__crt_internal_free_policy@@@@QEAAXXZ 00000001800051e0 f i libucrtd:per_thread_data.obj
 0001:000041e0       ?release@?$__crt_unique_heap_ptr@EU__crt_internal_free_policy@@@@QEAAXXZ 00000001800051e0 f i libucrtd:argv_parsing.obj
 0001:000041e0       ?release@?$__crt_unique_heap_ptr@DU__crt_internal_free_policy@@@@QEAAXXZ 00000001800051e0 f i libvcruntimed:std_type_info.obj
 0001:000041e0       ?release@?$__crt_unique_heap_ptr@U__crt_lowio_handle_data@@U__crt_internal_free_policy@@@@QEAAXXZ 00000001800051e0 f i libucrtd:osfinfo.obj
 0001:000041e0       ?release@?$__crt_unique_heap_ptr@U__vcrt_ptd@@U__crt_internal_free_policy@@@@QEAAXXZ 00000001800051e0 f i libvcruntimed:per_thread_data.obj
 0001:00004210       __std_type_info_compare    0000000180005210 f   libvcruntimed:std_type_info.obj
 0001:00004250       __std_type_info_destroy_list 0000000180005250 f   libvcruntimed:std_type_info.obj
 0001:000042b0       __vcrt_initialize          00000001800052b0 f   libvcruntimed:initialization.obj
 0001:000042f0       __vcrt_thread_attach       00000001800052f0 f   libvcruntimed:initialization.obj
 0001:00004310       __vcrt_thread_detach       0000000180005310 f   libvcruntimed:initialization.obj
 0001:00004330       __vcrt_uninitialize        0000000180005330 f   libvcruntimed:initialization.obj
 0001:00004350       __vcrt_uninitialize_critical 0000000180005350 f   libvcruntimed:initialization.obj
 0001:00004370       __DestructExceptionObject  0000000180005370 f   libvcruntimed:ehhelpers.obj
 0001:00004470       ?_CallMemberFunction0@@YAXQEAX0@Z 0000000180005470 f i libvcruntimed:ehhelpers.obj
 0001:00004540       _IsExceptionObjectToBeDestroyed 0000000180005540 f   libvcruntimed:ehhelpers.obj
 0001:00004590       __AdjustPointer            0000000180005590 f   libvcruntimed:ehhelpers.obj
 0001:00004610       __FrameUnwindFilter        0000000180005610 f   libvcruntimed:ehhelpers.obj
 0001:000046d0       _NLG_Notify                00000001800056d0 f   libvcruntimed:notify.obj
 0001:000046f0       __NLG_Dispatch2            00000001800056f0 f   libvcruntimed:notify.obj
 0001:00004700       __NLG_Return2              0000000180005700 f   libvcruntimed:notify.obj
 0001:00004710       __except_validate_context_record 0000000180005710 f   libvcruntimed:jbcxrval.obj
 0001:00004770       _vsprintf_s_l              0000000180005770 f i libvcruntimed:undname.obj
 0001:000047e0       sprintf_s                  00000001800057e0 f i libvcruntimed:undname.obj
 0001:00004880       ?detach@?$__crt_unique_heap_ptr@EU__crt_internal_free_policy@@@@QEAAPEAEXZ 0000000180005880 f i libucrtd:argv_parsing.obj
 0001:00004880       ?detach@?$__crt_unique_heap_ptr@U__crt_multibyte_data@@U__crt_internal_free_policy@@@@QEAAPEAU__crt_multibyte_data@@XZ 0000000180005880 f i libucrtd:mbctype.obj
 0001:00004880       ?detach@?$__crt_unique_heap_ptr@U__acrt_ptd@@U__crt_internal_free_policy@@@@QEAAPEAU__acrt_ptd@@XZ 0000000180005880 f i libucrtd:per_thread_data.obj
 0001:00004880       ?detach@?$__crt_unique_heap_ptr@PEAU__crt_stdio_stream_data@@U__crt_internal_free_policy@@@@QEAAPEAPEAU__crt_stdio_stream_data@@XZ 0000000180005880 f i libucrtd:_file.obj
 0001:00004880       ?detach@?$__crt_unique_heap_ptr@U__vcrt_ptd@@U__crt_internal_free_policy@@@@QEAAPEAU__vcrt_ptd@@XZ 0000000180005880 f i libvcruntimed:per_thread_data.obj
 0001:00004880       ?detach@?$__crt_unique_heap_ptr@PEADU__crt_internal_free_policy@@@@QEAAPEAPEADXZ 0000000180005880 f i libucrtd:argv_parsing.obj
 0001:00004880       ?detach@?$__crt_unique_heap_ptr@DU__crt_public_free_policy@@@@QEAAPEADXZ 0000000180005880 f i libvcruntimed:std_exception.obj
 0001:00004880       ?detach@?$__crt_unique_heap_ptr@U__crt_lowio_handle_data@@U__crt_internal_free_policy@@@@QEAAPEAU__crt_lowio_handle_data@@XZ 0000000180005880 f i libucrtd:osfinfo.obj
 0001:000048f0       __vcrt_freefls             00000001800058f0 f   libvcruntimed:per_thread_data.obj
 0001:00004930       __vcrt_freeptd             0000000180005930 f   libvcruntimed:per_thread_data.obj
 0001:00004990       __vcrt_getptd              0000000180005990 f   libvcruntimed:per_thread_data.obj
 0001:000049c0       __vcrt_getptd_noexit       00000001800059c0 f   libvcruntimed:per_thread_data.obj
 0001:00004b60       __vcrt_initialize_ptd      0000000180005b60 f   libvcruntimed:per_thread_data.obj
 0001:00004bb0       __vcrt_uninitialize_ptd    0000000180005bb0 f   libvcruntimed:per_thread_data.obj
 0001:00004be0       __vcrt_initialize_locks    0000000180005be0 f   libvcruntimed:locks.obj
 0001:00004c50       __vcrt_uninitialize_locks  0000000180005c50 f   libvcruntimed:locks.obj
 0001:00004cc0       memcpy_repmovs             0000000180005cc0 f   libvcruntimed:memcpy.obj
 0001:00004ce0       memcpy                     0000000180005ce0 f   libvcruntimed:memcpy.obj
 0001:00004ce0       memmove                    0000000180005ce0 f   libvcruntimed:memcpy.obj
 0001:000050c0       ??$?0AEAViterator@TryBlockMap@__FrameHandler3@@AEAV012@$0A@@?$pair@Viterator@TryBlockMap@__FrameHandler3@@V123@@std@@QEAA@AEAViterator@TryBlockMap@__FrameHandler3@@0@Z 00000001800060c0 f i libvcruntimed:risctrnsctrl.obj
 0001:000051d0       ??$_CallSETranslator@V__FrameHandler3@@@@YAHPEAUEHExceptionRecord@@PEA_KPEAU_CONTEXT@@PEAU_xDISPATCHER_CONTEXT@@PEBU_s_FuncInfo@@K1@Z 00000001800061d0 f i libvcruntimed:risctrnsctrl.obj
 0001:00005260       ?debug_info@?$__crt_win32_buffer@DU__crt_win32_buffer_no_resizing@@@@QEBAAEBV__crt_win32_buffer_empty_debug_info@@XZ 0000000180006260 f i libucrtd:getmodulefilenamea.obj
 0001:00005260       ??$forward@AEAViterator@TryBlockMap@__FrameHandler3@@@std@@YAAEAViterator@TryBlockMap@__FrameHandler3@@AEAV123@@Z 0000000180006260 f i libvcruntimed:risctrnsctrl.obj
 0001:00005260       ?get_address_of@?$__crt_unique_handle_t@U__crt_hmodule_traits@@@@QEAAPEAPEAUHINSTANCE__@@XZ 0000000180006260 f i libucrtd:exit.obj
 0001:00005260       ?dangerous_get_state_array@?$dual_state_global@PEAE@__crt_state_management@@QEAAPEAPEAEXZ 0000000180006260 f i libucrtd:mbctype.obj
 0001:00005260       ?dangerous_get_state_array@?$dual_state_global@P6AXPEB_W00I_K@Z@__crt_state_management@@QEAAPEAP6AXPEB_W00I_K@ZXZ 0000000180006260 f i libucrtd:invalid_parameter.obj
 0001:00005260       ?debug_info@?$__crt_win32_buffer@_WU__crt_win32_buffer_internal_dynamic_resizing@@@@QEBAAEBV__crt_win32_buffer_empty_debug_info@@XZ 0000000180006260 f i libucrtd:argv_wildcards.obj
 0001:00005260       ?get_address_of@?$__crt_unique_heap_ptr@PEADU__crt_internal_free_policy@@@@QEAAPEAPEAPEADXZ 0000000180006260 f i libucrtd:argv_parsing.obj
 0001:00005260       ?dangerous_get_state_array@?$dual_state_global@PEAU__crt_multibyte_data@@@__crt_state_management@@QEAAPEAPEAU__crt_multibyte_data@@XZ 0000000180006260 f i libucrtd:mbctype.obj
 0001:00005260       ?dangerous_get_state_array@?$dual_state_global@PEAU__crt_locale_data@@@__crt_state_management@@QEAAPEAPEAU__crt_locale_data@@XZ 0000000180006260 f i libucrtd:per_thread_data.obj
 0001:00005260       ?debug_info@?$__crt_win32_buffer@DU__crt_win32_buffer_internal_dynamic_resizing@@@@QEBAAEBV__crt_win32_buffer_empty_debug_info@@XZ 0000000180006260 f i libucrtd:argv_wildcards.obj
 0001:00005270       ??0iterator@HandlerMap@__FrameHandler3@@QEAA@AEAV12@I@Z 0000000180006270 f i libvcruntimed:frame.obj
 0001:00005270       ??0iterator@TryBlockMap@__FrameHandler3@@QEAA@AEAV12@I@Z 0000000180006270 f i libvcruntimed:risctrnsctrl.obj
 0001:000052a0       ?CatchTryBlock@__FrameHandler3@@SAPEBU_s_TryBlockMapEntry@@PEBU_s_FuncInfo@@H@Z 00000001800062a0 f   libvcruntimed:risctrnsctrl.obj
 0001:00005330       ?ExecutionInCatch@__FrameHandler3@@SA_NPEAU_xDISPATCHER_CONTEXT@@PEBU_s_FuncInfo@@@Z 0000000180006330 f   libvcruntimed:risctrnsctrl.obj
 0001:00005380       ?FrameUnwindToEmptyState@__FrameHandler3@@SAXPEA_KPEAU_xDISPATCHER_CONTEXT@@PEBU_s_FuncInfo@@@Z 0000000180006380 f   libvcruntimed:risctrnsctrl.obj
 0001:00005420       ?GetEstablisherFrame@__FrameHandler3@@SAPEA_KPEA_KPEAU_xDISPATCHER_CONTEXT@@PEBU_s_FuncInfo@@0@Z 0000000180006420 f   libvcruntimed:risctrnsctrl.obj
 0001:00005590       ?GetRangeOfTrysToCheck@__FrameHandler3@@SA?AU?$pair@Viterator@TryBlockMap@__FrameHandler3@@V123@@std@@AEAVTryBlockMap@1@HPEAU_xDISPATCHER_CONTEXT@@PEBU_s_FuncInfo@@H@Z 0000000180006590 f   libvcruntimed:risctrnsctrl.obj
 0001:000057d0       ?UnwindNestedFrames@__FrameHandler3@@SAXPEA_KPEAUEHExceptionRecord@@PEAU_CONTEXT@@0PEAXPEBU_s_FuncInfo@@HHPEBU_s_HandlerType@@PEAU_xDISPATCHER_CONTEXT@@E@Z 00000001800067d0 f   libvcruntimed:risctrnsctrl.obj
 0001:00005940       _CreateFrameInfo           0000000180006940 f   libvcruntimed:risctrnsctrl.obj
 0001:000059b0       _FindAndUnlinkFrame        00000001800069b0 f   libvcruntimed:risctrnsctrl.obj
 0001:00005a30       _GetImageBase              0000000180006a30 f   libvcruntimed:risctrnsctrl.obj
 0001:00005a50       _GetThrowImageBase         0000000180006a50 f   libvcruntimed:risctrnsctrl.obj
 0001:00005a70       _SetImageBase              0000000180006a70 f   libvcruntimed:risctrnsctrl.obj
 0001:00005a90       _SetThrowImageBase         0000000180006a90 f   libvcruntimed:risctrnsctrl.obj
 0001:00005ab0       __CxxFrameHandler3         0000000180006ab0 f   libvcruntimed:risctrnsctrl.obj
 0001:00005b90       ??$__crt_interlocked_exchange_pointer@UHINSTANCE__@@PEAU1@@@YAPEAUHINSTANCE__@@PEDSEAU0@QEAU0@@Z 0000000180006b90 f i libvcruntimed:winapi_downlevel.obj
 0001:00005b90       ??$__crt_interlocked_exchange_pointer@UHINSTANCE__@@PEAX@@YAPEAUHINSTANCE__@@PEDSEAU0@QEAX@Z 0000000180006b90 f i libvcruntimed:winapi_downlevel.obj
 0001:00005b90       ??$__crt_interlocked_exchange_pointer@XPEAX@@YAPEAXPEDSEAXQEAX@Z 0000000180006b90 f i libvcruntimed:winapi_downlevel.obj
 0001:00005bb0       ?get_invalid_value@__crt_findfile_traits@@SAPEAXXZ 0000000180006bb0 f   libucrtd:argv_wildcards.obj
 0001:000060a0       __vcrt_FlsAlloc            00000001800070a0 f   libvcruntimed:winapi_downlevel.obj
 0001:000060f0       __vcrt_FlsFree             00000001800070f0 f   libvcruntimed:winapi_downlevel.obj
 0001:00006140       __vcrt_FlsGetValue         0000000180007140 f   libvcruntimed:winapi_downlevel.obj
 0001:00006190       __vcrt_FlsSetValue         0000000180007190 f   libvcruntimed:winapi_downlevel.obj
 0001:000061f0       __vcrt_InitializeCriticalSectionEx 00000001800071f0 f   libvcruntimed:winapi_downlevel.obj
 0001:00006260       ?GetCurrentState@__FrameHandler3@@SAHPEA_KPEAU_xDISPATCHER_CONTEXT@@PEBU_s_FuncInfo@@@Z 0000000180007260 f   libvcruntimed:ehstate.obj
 0001:000062c0       ?GetUnwindTryBlock@__FrameHandler3@@SAHPEA_KPEAU_xDISPATCHER_CONTEXT@@PEBU_s_FuncInfo@@@Z 00000001800072c0 f   libvcruntimed:ehstate.obj
 0001:00006310       ?SetState@__FrameHandler3@@SAXPEA_KPEBU_s_FuncInfo@@H@Z 0000000180007310 f   libvcruntimed:ehstate.obj
 0001:00006340       ?SetUnwindTryBlock@__FrameHandler3@@SAXPEA_KPEAU_xDISPATCHER_CONTEXT@@PEBU_s_FuncInfo@@H@Z 0000000180007340 f   libvcruntimed:ehstate.obj
 0001:000063b0       ?StateFromControlPc@__FrameHandler3@@SAHPEBU_s_FuncInfo@@PEAU_xDISPATCHER_CONTEXT@@@Z 00000001800073b0 f   libvcruntimed:ehstate.obj
 0001:000063f0       ?StateFromIp@__FrameHandler3@@SAHPEBU_s_FuncInfo@@PEAU_xDISPATCHER_CONTEXT@@_K@Z 00000001800073f0 f   libvcruntimed:ehstate.obj
 0001:000064e0       ?__RVAtoRealOffset@@YA_KPEAU_xDISPATCHER_CONTEXT@@H@Z 00000001800074e0 f i libvcruntimed:ehstate.obj
 0001:000076b0       ??$TypeMatchHelper@V__FrameHandler3@@@@YAHPEBU_s_HandlerType@@PEBU_s_CatchableType@@PEBU_s_ThrowInfo@@@Z 00000001800086b0 f i libvcruntimed:frame.obj
 0001:000078b0       ??$__InternalCxxFrameHandler@V__FrameHandler3@@@@YA?AW4_EXCEPTION_DISPOSITION@@PEAUEHExceptionRecord@@PEA_KPEAU_CONTEXT@@PEAU_xDISPATCHER_CONTEXT@@PEBU_s_FuncInfo@@H1E@Z 00000001800088b0 f i libvcruntimed:frame.obj
 0001:00007d20       ??0HandlerMap@__FrameHandler3@@QEAA@PEBU_s_TryBlockMapEntry@@_KI@Z 0000000180008d20 f i libvcruntimed:frame.obj
 0001:00007d70       ??0TryBlockMap@__FrameHandler3@@QEAA@PEBU_s_FuncInfo@@_K@Z 0000000180008d70 f i libvcruntimed:frame.obj
 0001:00007da0       ??0bad_exception@std@@QEAA@AEBV01@@Z 0000000180008da0 f i libvcruntimed:frame.obj
 0001:00007de0       ??0bad_exception@std@@QEAA@XZ 0000000180008de0 f i libvcruntimed:frame.obj
 0001:00007e20       ??0exception@std@@QEAA@AEBV01@@Z 0000000180008e20 f i libvcruntimed:frame.obj
 0001:00007e80       ??0exception@std@@QEAA@QEBDH@Z 0000000180008e80 f i libvcruntimed:frame.obj
 0001:00007ed0       ??1bad_exception@std@@UEAA@XZ 0000000180008ed0 f i libvcruntimed:frame.obj
 0001:00007ef0       ??1exception@std@@UEAA@XZ  0000000180008ef0 f i libvcruntimed:frame.obj
 0001:00007f20       ??8iterator@HandlerMap@__FrameHandler3@@QEBA_NAEBV012@@Z 0000000180008f20 f i libvcruntimed:frame.obj
 0001:00007f60       ??8type_info@@QEBA_NAEBV0@@Z 0000000180008f60 f i libvcruntimed:frame.obj
 0001:00007fb0       ??9iterator@HandlerMap@__FrameHandler3@@QEBA_NAEBV012@@Z 0000000180008fb0 f i libvcruntimed:frame.obj
 0001:00007ff0       ??Diterator@HandlerMap@__FrameHandler3@@QEAA?BU_s_HandlerType@@XZ 0000000180008ff0 f i libvcruntimed:frame.obj
 0001:00008030       ??Diterator@TryBlockMap@__FrameHandler3@@QEAA?BU_s_TryBlockMapEntry@@XZ 0000000180009030 f i libvcruntimed:frame.obj
 0001:00008080       ??Eiterator@HandlerMap@__FrameHandler3@@QEAAAEAV012@XZ 0000000180009080 f i libvcruntimed:frame.obj
 0001:00008080       ??Eiterator@TryBlockMap@__FrameHandler3@@QEAAAEAV012@XZ 0000000180009080 f i libvcruntimed:frame.obj
 0001:000080a0       ??Miterator@TryBlockMap@__FrameHandler3@@QEBA_NAEBV012@@Z 00000001800090a0 f i libvcruntimed:frame.obj
 0001:000080e0       ??_Ebad_exception@std@@UEAAPEAXI@Z 00000001800090e0 f i libvcruntimed:frame.obj
 0001:000080e0       ??_Gbad_exception@std@@UEAAPEAXI@Z 00000001800090e0 f i libvcruntimed:frame.obj
 0001:00008120       ??_Eexception@std@@UEAAPEAXI@Z 0000000180009120 f i libvcruntimed:frame.obj
 0001:00008120       ??_Gexception@std@@UEAAPEAXI@Z 0000000180009120 f i libvcruntimed:frame.obj
 0001:00008160       ?BuildCatchObject@__FrameHandler3@@SAXPEAUEHExceptionRecord@@PEAXPEBU_s_HandlerType@@PEBU_s_CatchableType@@@Z 0000000180009160 f   libvcruntimed:frame.obj
 0001:000081a0       ?CxxCallCatchBlock@__FrameHandler3@@SAPEAXPEAU_EXCEPTION_RECORD@@@Z 00000001800091a0 f   libvcruntimed:frame.obj
 0001:00008500       ?FrameUnwindToState@__FrameHandler3@@SAXPEA_KPEAU_xDISPATCHER_CONTEXT@@PEBU_s_FuncInfo@@H@Z 0000000180009500 f   libvcruntimed:frame.obj
 0001:00008750       ?GetHandlerSearchState@__FrameHandler3@@SAHPEA_KPEAU_xDISPATCHER_CONTEXT@@PEBU_s_FuncInfo@@@Z 0000000180009750 f i libvcruntimed:frame.obj
 0001:00008800       ?GetMaxState@__FrameHandler3@@SAHPEAU_xDISPATCHER_CONTEXT@@PEBU_s_FuncInfo@@@Z 0000000180009800 f i libvcruntimed:frame.obj
 0001:00008a00       __TypeMatch                0000000180009a00 f   libvcruntimed:frame.obj
 0001:00008a00       ?TypeMatch@__FrameHandler3@@SAHPEBU_s_HandlerType@@PEBU_s_CatchableType@@PEBU_s_ThrowInfo@@@Z 0000000180009a00 f   libvcruntimed:frame.obj
 0001:00008a30       ?_CallMemberFunction1@@YAXQEAX00@Z 0000000180009a30 f i libvcruntimed:frame.obj
 0001:00008a70       ?_CallMemberFunction2@@YAXQEAX00H@Z 0000000180009a70 f i libvcruntimed:frame.obj
 0001:00008b00       ?begin@HandlerMap@__FrameHandler3@@QEAA?AViterator@12@XZ 0000000180009b00 f i libvcruntimed:frame.obj
 0001:00008b30       ?end@HandlerMap@__FrameHandler3@@QEAA?AViterator@12@XZ 0000000180009b30 f i libvcruntimed:frame.obj
 0001:00008b60       ?getESTypes@__FrameHandler3@@SAPEBU_s_ESTypeList@@PEBU_s_FuncInfo@@@Z 0000000180009b60 f i libvcruntimed:frame.obj
 0001:00008ba0       ?getLastEntry@HandlerMap@__FrameHandler3@@QEAAPEBU_s_HandlerType@@XZ 0000000180009ba0 f i libvcruntimed:frame.obj
 0001:00008bc0       ?getMagicNum@__FrameHandler3@@SAIPEBU_s_FuncInfo@@@Z 0000000180009bc0 f i libvcruntimed:frame.obj
 0001:00008be0       ?getNumTryBlocks@TryBlockMap@__FrameHandler3@@QEAAIXZ 0000000180009be0 f i libvcruntimed:frame.obj
 0001:00008c00       ?isEHs@__FrameHandler3@@SA_NPEBU_s_FuncInfo@@@Z 0000000180009c00 f i libvcruntimed:frame.obj
 0001:00008c40       ?isNoExcept@__FrameHandler3@@SA_NPEBU_s_FuncInfo@@@Z 0000000180009c40 f i libvcruntimed:frame.obj
 0001:00008c80       ?what@exception@std@@UEBAPEBDXZ 0000000180009c80 f i libvcruntimed:frame.obj
 0001:00008cc0       __vcrt_EncodePointer       0000000180009cc0 f i libvcruntimed:frame.obj
 0001:00008cf0       memset_repmovs             0000000180009cf0 f   libvcruntimed:memset.obj
 0001:00008d10       memset                     0000000180009d10 f   libvcruntimed:memset.obj
 0001:00008eb0       _CallSettingFrame          0000000180009eb0 f   libvcruntimed:handlers.obj
 0001:00008f00       _CallSettingFrame_LookupContinuationIndex 0000000180009f00 f   libvcruntimed:handlers.obj
 0001:00008f30       _CallSettingFrame_NotifyContinuationAddr 0000000180009f30 f   libvcruntimed:handlers.obj
 0001:00008f60       _CallSettingFrameEncoded   0000000180009f60 f   libvcruntimed:handlers.obj
 0001:00008fb0       ??$?RD@__crt_public_free_policy@@QEBAXQEBD@Z 0000000180009fb0 f i libvcruntimed:std_exception.obj
 0001:00008fd0       ??1?$__crt_unique_heap_ptr@DU__crt_public_free_policy@@@@QEAA@XZ 0000000180009fd0 f i libvcruntimed:std_exception.obj
 0001:00008ff0       ?release@?$__crt_unique_heap_ptr@DU__crt_public_free_policy@@@@QEAAXXZ 0000000180009ff0 f i libvcruntimed:std_exception.obj
 0001:00009020       __std_exception_copy       000000018000a020 f   libvcruntimed:std_exception.obj
 0001:00009160       __std_exception_destroy    000000018000a160 f   libvcruntimed:std_exception.obj
 0001:000091a0       _CxxThrowException         000000018000a1a0 f   libvcruntimed:throw.obj
 0001:000092d0       roundf                     000000018000a2d0 f   libucrtd:roundf.obj
 0001:00009360       _initterm                  000000018000a360 f   libucrtd:initterm.obj
 0001:000093c0       _initterm_e                000000018000a3c0 f   libucrtd:initterm.obj
 0001:000094b0       _seh_filter_dll            000000018000a4b0 f   libucrtd:exception_filter.obj
 0001:000094e0       _seh_filter_exe            000000018000a4e0 f   libucrtd:exception_filter.obj
 0001:00009780       ??$?B$$A6AXH@Z@__crt_fast_encoded_nullptr_t@@QEBAP6AXH@ZXZ 000000018000a780 f i libucrtd:signal.obj
 0001:00009780       ??$?B$$A6AXPEAXK0@Z@__crt_fast_encoded_nullptr_t@@QEBAP6AXPEAXK0@ZXZ 000000018000a780 f i libucrtd:exit.obj
 0001:00009780       ??$?BX@__crt_fast_encoded_nullptr_t@@QEBAPEAXXZ 000000018000a780 f i libucrtd:initialization.obj
 0001:00009780       ??$?B$$A6AXXZ@__crt_fast_encoded_nullptr_t@@QEBAP6AXXZXZ 000000018000a780 f i libucrtd:onexit.obj
 0001:00009780       ??$?BP6AXXZ@__crt_fast_encoded_nullptr_t@@QEBAPEAP6AXXZXZ 000000018000a780 f i libucrtd:onexit.obj
 0001:00009830       ??$__crt_fast_decode_pointer@PEAX@@YAPEAXQEAX@Z 000000018000a830 f i libucrtd:winapi_thunks.obj
 0001:00009830       ??$__crt_fast_decode_pointer@P6AH_K@Z@@YAP6AH_K@ZQ6AH0@Z@Z 000000018000a830 f i libucrtd:new_handler.obj
 0001:00009830       ??$__crt_fast_decode_pointer@P6AXPEB_W00I_K@Z@@YAP6AXPEB_W00I_K@ZQ6AX000I1@Z@Z 000000018000a830 f i libucrtd:invalid_parameter.obj
 0001:00009830       ??$__crt_fast_decode_pointer@P6AXPEAXK0@Z@@YAP6AXPEAXK0@ZQ6AX0K0@Z@Z 000000018000a830 f i libucrtd:exit.obj
 0001:00009830       ??$__crt_fast_decode_pointer@PEAP6AXXZ@@YAPEAP6AXXZQEAP6AXXZ@Z 000000018000a830 f i libucrtd:onexit.obj
 0001:00009830       ??$__crt_fast_decode_pointer@P6AXH@Z@@YAP6AXH@ZQ6AXH@Z@Z 000000018000a830 f i libucrtd:signal.obj
 0001:00009830       ??$__crt_fast_decode_pointer@P6AHPEAU_exception@@@Z@@YAP6AHPEAU_exception@@@ZQ6AH0@Z@Z 000000018000a830 f i libucrtd:matherr.obj
 0001:00009830       ??$__crt_fast_decode_pointer@P6AXXZ@@YAP6AXXZQ6AXXZ@Z 000000018000a830 f i libucrtd:onexit.obj
 0001:00009870       ??$__crt_fast_encode_pointer@P6AXPEAXK0@Z@@YAP6AXPEAXK0@ZQ6AX0K0@Z@Z 000000018000a870 f i libucrtd:exit.obj
 0001:00009870       ??$__crt_fast_encode_pointer@PEAX@@YAPEAXQEAX@Z 000000018000a870 f i libucrtd:initialization.obj
 0001:00009870       ??$__crt_fast_encode_pointer@PEAP6AXXZ@@YAPEAP6AXXZQEAP6AXXZ@Z 000000018000a870 f i libucrtd:onexit.obj
 0001:00009870       ??$__crt_fast_encode_pointer@P6AXXZ@@YAP6AXXZQ6AXXZ@Z 000000018000a870 f i libucrtd:onexit.obj
 0001:00009870       ??$__crt_fast_encode_pointer@P6AXH@Z@@YAP6AXH@ZQ6AXH@Z@Z 000000018000a870 f i libucrtd:signal.obj
 0001:000098b0       ??$__crt_get_proc_address@P6AXI@Z@@YAP6AXI@ZQEAUHINSTANCE__@@QEBD@Z 000000018000a8b0 f i libucrtd:exit.obj
 0001:000098e0       ??$__crt_interlocked_read@J@@YAJPEDJ@Z 000000018000a8e0 f i libucrtd:exit.obj
 0001:00009970       ??1?$__crt_unique_handle_t@U__crt_hmodule_traits@@@@QEAA@XZ 000000018000a970 f i libucrtd:exit.obj
 0001:00009ad0       ?__acrt_select_exit_lock@@YA?AW4__acrt_lock_id@@XZ 000000018000aad0 f i libucrtd:exit.obj
 0001:00009ae0       ?__crt_fast_encode_pointer@@YA?AU__crt_fast_encoded_nullptr_t@@$$T@Z 000000018000aae0 f i libucrtd:exit.obj
 0001:00009b00       ?__crt_interlocked_read_32@@YAHPEDH@Z 000000018000ab00 f i libucrtd:exit.obj
 0001:00009b20       ?__crt_rotate_pointer_value@@YA_K_KH@Z 000000018000ab20 f i libucrtd:exit.obj
 0001:00009b60       ?close@?$__crt_unique_handle_t@U__crt_hmodule_traits@@@@QEAAXXZ 000000018000ab60 f i libucrtd:exit.obj
 0001:00009ba0       ?close@__crt_hmodule_traits@@SA_NPEAUHINSTANCE__@@@Z 000000018000aba0 f i libucrtd:exit.obj
 0001:00009cb0       ?get_invalid_value@__crt_hmodule_traits@@SAPEAUHINSTANCE__@@XZ 000000018000acb0 f i libucrtd:exit.obj
 0001:00009cb0       ?get_current_state_index@__crt_state_management@@YA_KXZ 000000018000acb0 f i libucrtd:environment_initialization.obj
 0001:00009e70       __acrt_initialize_thread_local_exit_callback 000000018000ae70 f   libucrtd:exit.obj
 0001:00009e90       _cexit                     000000018000ae90 f   libucrtd:exit.obj
 0001:00009eb0       _exit                      000000018000aeb0 f   libucrtd:exit.obj
 0001:00009ed0       _is_c_termination_complete 000000018000aed0 f   libucrtd:exit.obj
 0001:0000a280       ??$get_module_file_name@AEAPEAUHINSTANCE__@@AEAY0BAF@DK@?$__crt_char_traits@D@@SAKAEAPEAUHINSTANCE__@@AEAY0BAF@D$$QEAK@Z 000000018000b280 f i libucrtd:dbgrpt.obj
 0001:0000a280       ??$get_module_file_name@$$TAEAY0BAF@DH@?$__crt_char_traits@D@@SAK$$QEA$$TAEAY0BAF@D$$QEAH@Z 000000018000b280 f i libucrtd:argv_parsing.obj
 0001:0000a750       ??$set_program_name@PEAD@?$__crt_char_traits@D@@SAX$$QEAPEAD@Z 000000018000b750 f i libucrtd:argv_parsing.obj
 0001:0000a880       __acrt_allocate_buffer_for_argv 000000018000b880 f   libucrtd:argv_parsing.obj
 0001:0000a9a0       _configure_narrow_argv     000000018000b9a0 f   libucrtd:argv_parsing.obj
 0001:0000a9c0       _set_pgmptr                000000018000b9c0 f i libucrtd:argv_parsing.obj
 0001:0000abf0       ??$tcslen@AEAPEAD@?$__crt_char_traits@D@@SA_KAEAPEAD@Z 000000018000bbf0 f i libucrtd:environment_initialization.obj
 0001:0000ac3c       ??B?$__crt_unique_heap_ptr@PEADU__crt_internal_free_policy@@@@QEBA_NXZ 000000018000bc3c f i libucrtd:environment_initialization.obj
 0001:0000ac44       ?detach@?$__crt_unique_heap_ptr@DU__crt_internal_free_policy@@@@QEAAPEADXZ 000000018000bc44 f i libucrtd:environment_initialization.obj
 0001:0000ac4c       __dcrt_uninitialize_environments_nolock 000000018000bc4c f   libucrtd:environment_initialization.obj
 0001:0000ac84       _initialize_narrow_environment 000000018000bc84 f   libucrtd:environment_initialization.obj
 0001:0000ac8c       _invoke_watson_if_error    000000018000bc8c f i libucrtd:environment_initialization.obj
 0001:0000af90       _execute_onexit_table      000000018000bf90 f   libucrtd:onexit.obj
 0001:0000afd0       _initialize_onexit_table   000000018000bfd0 f   libucrtd:onexit.obj
 0001:0000b0a0       __acrt_uninitialize_command_line 000000018000c0a0 f   libucrtd:argv_data.obj
 0001:0000b310       ?initialize@?$dual_state_global@PEAU__crt_multibyte_data@@@__crt_state_management@@QEAAXQEAU__crt_multibyte_data@@@Z 000000018000c310 f i libucrtd:mbctype.obj
 0001:0000b310       ?initialize@?$dual_state_global@P6AHPEAU_exception@@@Z@__crt_state_management@@QEAAXQ6AHPEAU_exception@@@Z@Z 000000018000c310 f i libucrtd:matherr.obj
 0001:0000b310       ?initialize@?$dual_state_global@P6AH_K@Z@__crt_state_management@@QEAAXQ6AH_K@Z@Z 000000018000c310 f i libucrtd:new_handler.obj
 0001:0000b310       ?initialize@?$dual_state_global@P6AXH@Z@__crt_state_management@@QEAAXQ6AXH@Z@Z 000000018000c310 f i libucrtd:signal.obj
 0001:0000b310       ?initialize@?$dual_state_global@PEAU__crt_locale_data@@@__crt_state_management@@QEAAXQEAU__crt_locale_data@@@Z 000000018000c310 f i libucrtd:initialization.obj
 0001:0000b360       __acrt_initialize          000000018000c360 f   libucrtd:initialization.obj
 0001:0000b390       __acrt_thread_attach       000000018000c390 f   libucrtd:initialization.obj
 0001:0000b3b0       __acrt_thread_detach       000000018000c3b0 f   libucrtd:initialization.obj
 0001:0000b3c0       __acrt_uninitialize        000000018000c3c0 f   libucrtd:initialization.obj
 0001:0000b3f0       __acrt_uninitialize_critical 000000018000c3f0 f   libucrtd:initialization.obj
 0001:0000b410       terminate                  000000018000c410 f   libucrtd:terminate.obj
 0001:0000b450       ??0_LocaleUpdate@@QEAA@QEAU__crt_locale_pointers@@@Z 000000018000c450 f i libucrtd:debug_heap.obj
 0001:0000b570       ??1_LocaleUpdate@@QEAA@XZ  000000018000c570 f i libucrtd:debug_heap.obj
 0001:0000b5b0       ?GetLocaleT@_LocaleUpdate@@QEAAPEAU__crt_locale_pointers@@XZ 000000018000c5b0 f i libucrtd:debug_heap.obj
 0001:0000d590       _CrtCheckMemory            000000018000e590 f   libucrtd:debug_heap.obj
 0001:0000d720       _CrtDumpMemoryLeaks        000000018000e720 f   libucrtd:debug_heap.obj
 0001:0000d7e0       _CrtIsValidHeapPointer     000000018000e7e0 f   libucrtd:debug_heap.obj
 0001:0000d820       _CrtIsValidPointer         000000018000e820 f   libucrtd:debug_heap.obj
 0001:0000d860       _CrtMemCheckpoint          000000018000e860 f   libucrtd:debug_heap.obj
 0001:0000dae0       _CrtMemDumpAllObjectsSince 000000018000eae0 f   libucrtd:debug_heap.obj
 0001:0000db40       _CrtSetDbgFlag             000000018000eb40 f   libucrtd:debug_heap.obj
 0001:0000dca0       _CrtSetDumpClient          000000018000eca0 f   libucrtd:debug_heap.obj
 0001:0000dcd0       __acrt_get_locale_data_prefix 000000018000ecd0 f i libucrtd:debug_heap.obj
 0001:0000dcf0       __acrt_locale_changed      000000018000ecf0 f i libucrtd:debug_heap.obj
 0001:0000dd20       _calloc_dbg                000000018000ed20 f   libucrtd:debug_heap.obj
 0001:0000ddc0       _chvalidchk_l              000000018000edc0 f i libucrtd:debug_heap.obj
 0001:0000ddf0       _free_dbg                  000000018000edf0 f   libucrtd:debug_heap.obj
 0001:0000de60       _invoke_watson_if_oneof    000000018000ee60 f i libucrtd:debug_heap.obj
 0001:0000dec0       _ischartype_l              000000018000eec0 f i libucrtd:debug_heap.obj
 0001:0000df50       _malloc_dbg                000000018000ef50 f   libucrtd:debug_heap.obj
 0001:0000df90       _msize_dbg                 000000018000ef90 f   libucrtd:debug_heap.obj
 0001:0000e130       _realloc_dbg               000000018000f130 f   libucrtd:debug_heap.obj
 0001:0000e1a0       _recalloc_dbg              000000018000f1a0 f   libucrtd:debug_heap.obj
 0001:0000e770       strcpy_s                   000000018000f770 f   libucrtd:strcpy_s.obj
 0001:0000e7b0       strcmp                     000000018000f7b0 f   libucrtd:strcmp.obj
 0001:0000e830       strlen                     000000018000f830 f   libucrtd:strlen.obj
 0001:0000e8e0       abort                      000000018000f8e0 f   libucrtd:abort.obj
 0001:0000e960       ??$?0AEBV?$string_output_adapter@D@__crt_stdio_output@@AEB_KAEBQEBDAEBQEAU__crt_locale_pointers@@AEBQEAD@?$format_validation_base@DV?$string_output_adapter@D@__crt_stdio_output@@@__crt_stdio_output@@IEAA@AEBV?$string_output_adapter@D@1@AEB_KAEBQEBDAEBQEAU__crt_locale_pointers@@AEBQEAD@Z 000000018000f960 f i libucrtd:output.obj
 0001:0000e9b0       ??$?0AEBV?$string_output_adapter@D@__crt_stdio_output@@AEB_KAEBQEBDAEBQEAU__crt_locale_pointers@@AEBQEAD@?$standard_base@DV?$string_output_adapter@D@__crt_stdio_output@@@__crt_stdio_output@@IEAA@AEBV?$string_output_adapter@D@1@AEB_KAEBQEBDAEBQEAU__crt_locale_pointers@@AEBQEAD@Z 000000018000f9b0 f i libucrtd:output.obj
 0001:0000ea20       ??$?0AEBV?$string_output_adapter@_W@__crt_stdio_output@@AEB_KAEBQEB_WAEBQEAU__crt_locale_pointers@@AEBQEAD@?$format_validation_base@_WV?$string_output_adapter@_W@__crt_stdio_output@@@__crt_stdio_output@@IEAA@AEBV?$string_output_adapter@_W@1@AEB_KAEBQEB_WAEBQEAU__crt_locale_pointers@@AEBQEAD@Z 000000018000fa20 f i libucrtd:output.obj
 0001:0000ea70       ??$?0AEBV?$string_output_adapter@_W@__crt_stdio_output@@AEB_KAEBQEB_WAEBQEAU__crt_locale_pointers@@AEBQEAD@?$standard_base@_WV?$string_output_adapter@_W@__crt_stdio_output@@@__crt_stdio_output@@IEAA@AEBV?$string_output_adapter@_W@1@AEB_KAEBQEB_WAEBQEAU__crt_locale_pointers@@AEBQEAD@Z 000000018000fa70 f i libucrtd:output.obj
 0001:000103f0       ??$count@D@formatting_buffer@__crt_stdio_output@@QEBA_KXZ 00000001800113f0 f i libucrtd:output.obj
 0001:00010440       ??$count@_W@formatting_buffer@__crt_stdio_output@@QEBA_KXZ 0000000180011440 f i libucrtd:output.obj
 0001:00010490       ??$data@_W@formatting_buffer@__crt_stdio_output@@QEAAPEA_WXZ 0000000180011490 f i libucrtd:output.obj
 0001:00010490       ??$data@D@formatting_buffer@__crt_stdio_output@@QEAAPEADXZ 0000000180011490 f i libucrtd:output.obj
 0001:000104e0       ??$ensure_buffer_is_big_enough@D@formatting_buffer@__crt_stdio_output@@QEAA_N_K@Z 00000001800114e0 f i libucrtd:output.obj
 0001:00010610       ??$ensure_buffer_is_big_enough@_W@formatting_buffer@__crt_stdio_output@@QEAA_N_K@Z 0000000180011610 f i libucrtd:output.obj
 0001:00010740       ??$extract_argument_from_va_list@C_J@?$standard_base@DV?$string_output_adapter@D@__crt_stdio_output@@@__crt_stdio_output@@IEAA_NAEA_J@Z 0000000180011740 f i libucrtd:output.obj
 0001:00010740       ??$extract_argument_from_va_list@C_J@?$standard_base@_WV?$string_output_adapter@_W@__crt_stdio_output@@@__crt_stdio_output@@IEAA_NAEA_J@Z 0000000180011740 f i libucrtd:output.obj
 0001:00010780       ??$extract_argument_from_va_list@E_J@?$standard_base@DV?$string_output_adapter@D@__crt_stdio_output@@@__crt_stdio_output@@IEAA_NAEA_J@Z 0000000180011780 f i libucrtd:output.obj
 0001:00010780       ??$extract_argument_from_va_list@E_J@?$standard_base@_WV?$string_output_adapter@_W@__crt_stdio_output@@@__crt_stdio_output@@IEAA_NAEA_J@Z 0000000180011780 f i libucrtd:output.obj
 0001:000107c0       ??$extract_argument_from_va_list@F_J@?$standard_base@DV?$string_output_adapter@D@__crt_stdio_output@@@__crt_stdio_output@@IEAA_NAEA_J@Z 00000001800117c0 f i libucrtd:output.obj
 0001:000107c0       ??$extract_argument_from_va_list@F_J@?$standard_base@_WV?$string_output_adapter@_W@__crt_stdio_output@@@__crt_stdio_output@@IEAA_NAEA_J@Z 00000001800117c0 f i libucrtd:output.obj
 0001:00010800       ??$extract_argument_from_va_list@GD@?$standard_base@DV?$string_output_adapter@D@__crt_stdio_output@@@__crt_stdio_output@@IEAA_NAEAD@Z 0000000180011800 f i libucrtd:output.obj
 0001:00010830       ??$extract_argument_from_va_list@G_J@?$standard_base@_WV?$string_output_adapter@_W@__crt_stdio_output@@@__crt_stdio_output@@IEAA_NAEA_J@Z 0000000180011830 f i libucrtd:output.obj
 0001:00010830       ??$extract_argument_from_va_list@G_J@?$standard_base@DV?$string_output_adapter@D@__crt_stdio_output@@@__crt_stdio_output@@IEAA_NAEA_J@Z 0000000180011830 f i libucrtd:output.obj
 0001:00010870       ??$extract_argument_from_va_list@H_J@?$standard_base@DV?$string_output_adapter@D@__crt_stdio_output@@@__crt_stdio_output@@IEAA_NAEA_J@Z 0000000180011870 f i libucrtd:output.obj
 0001:00010870       ??$extract_argument_from_va_list@H_J@?$standard_base@_WV?$string_output_adapter@_W@__crt_stdio_output@@@__crt_stdio_output@@IEAA_NAEA_J@Z 0000000180011870 f i libucrtd:output.obj
 0001:000108a0       ??$extract_argument_from_va_list@I_J@?$standard_base@_WV?$string_output_adapter@_W@__crt_stdio_output@@@__crt_stdio_output@@IEAA_NAEA_J@Z 00000001800118a0 f i libucrtd:output.obj
 0001:000108a0       ??$extract_argument_from_va_list@I_J@?$standard_base@DV?$string_output_adapter@D@__crt_stdio_output@@@__crt_stdio_output@@IEAA_NAEA_J@Z 00000001800118a0 f i libucrtd:output.obj
 0001:000108d0       ??$extract_argument_from_va_list@PEADPEAD@?$standard_base@DV?$string_output_adapter@D@__crt_stdio_output@@@__crt_stdio_output@@IEAA_NAEAPEAD@Z 00000001800118d0 f i libucrtd:output.obj
 0001:000108d0       ??$extract_argument_from_va_list@PEADPEAD@?$standard_base@_WV?$string_output_adapter@_W@__crt_stdio_output@@@__crt_stdio_output@@IEAA_NAEAPEAD@Z 00000001800118d0 f i libucrtd:output.obj
 0001:000108d0       ??$extract_argument_from_va_list@_K_J@?$standard_base@_WV?$string_output_adapter@_W@__crt_stdio_output@@@__crt_stdio_output@@IEAA_NAEA_J@Z 00000001800118d0 f i libucrtd:output.obj
 0001:000108d0       ??$extract_argument_from_va_list@_J_J@?$standard_base@_WV?$string_output_adapter@_W@__crt_stdio_output@@@__crt_stdio_output@@IEAA_NAEA_J@Z 00000001800118d0 f i libucrtd:output.obj
 0001:000108d0       ??$extract_argument_from_va_list@PEAXPEAX@?$standard_base@_WV?$string_output_adapter@_W@__crt_stdio_output@@@__crt_stdio_output@@IEAA_NAEAPEAX@Z 00000001800118d0 f i libucrtd:output.obj
 0001:000108d0       ??$extract_argument_from_va_list@PEAXPEAX@?$standard_base@DV?$string_output_adapter@D@__crt_stdio_output@@@__crt_stdio_output@@IEAA_NAEAPEAX@Z 00000001800118d0 f i libucrtd:output.obj
 0001:000108d0       ??$extract_argument_from_va_list@_J_J@?$standard_base@DV?$string_output_adapter@D@__crt_stdio_output@@@__crt_stdio_output@@IEAA_NAEA_J@Z 00000001800118d0 f i libucrtd:output.obj
 0001:000108d0       ??$extract_argument_from_va_list@_K_J@?$standard_base@DV?$string_output_adapter@D@__crt_stdio_output@@@__crt_stdio_output@@IEAA_NAEA_J@Z 00000001800118d0 f i libucrtd:output.obj
 0001:00010930       ??$extract_argument_from_va_list@U_CRT_DOUBLE@@U1@@?$standard_base@DV?$string_output_adapter@D@__crt_stdio_output@@@__crt_stdio_output@@IEAA_NAEAU_CRT_DOUBLE@@@Z 0000000180011930 f i libucrtd:output.obj
 0001:00010930       ??$extract_argument_from_va_list@U_CRT_DOUBLE@@U1@@?$standard_base@_WV?$string_output_adapter@_W@__crt_stdio_output@@@__crt_stdio_output@@IEAA_NAEAU_CRT_DOUBLE@@@Z 0000000180011930 f i libucrtd:output.obj
 0001:00010980       ??$extract_argument_from_va_list@_W_W@?$standard_base@_WV?$string_output_adapter@_W@__crt_stdio_output@@@__crt_stdio_output@@IEAA_NAEA_W@Z 0000000180011980 f i libucrtd:output.obj
 0001:00010980       ??$extract_argument_from_va_list@_W_W@?$standard_base@DV?$string_output_adapter@D@__crt_stdio_output@@@__crt_stdio_output@@IEAA_NAEA_W@Z 0000000180011980 f i libucrtd:output.obj
 0001:000109b0       ??$is_wide_character_specifier@D@__crt_stdio_output@@YA_N_KDW4length_modifier@0@@Z 00000001800119b0 f i libucrtd:output.obj
 0001:00010a50       ??$is_wide_character_specifier@_W@__crt_stdio_output@@YA_N_K_WW4length_modifier@0@@Z 0000000180011a50 f i libucrtd:output.obj
 0001:00010b20       ??$read_va_arg@E@__crt_stdio_output@@YAEAEAPEAD@Z 0000000180011b20 f i libucrtd:output.obj
 0001:00010b20       ??$read_va_arg@C@__crt_stdio_output@@YACAEAPEAD@Z 0000000180011b20 f i libucrtd:output.obj
 0001:00010b90       ??$read_va_arg@G@__crt_stdio_output@@YAGAEAPEAD@Z 0000000180011b90 f i libucrtd:output.obj
 0001:00010b90       ??$read_va_arg@F@__crt_stdio_output@@YAFAEAPEAD@Z 0000000180011b90 f i libucrtd:output.obj
 0001:00010b90       ??$read_va_arg@_W@__crt_stdio_output@@YA_WAEAPEAD@Z 0000000180011b90 f i libucrtd:output.obj
 0001:00010c00       ??$read_va_arg@H@__crt_stdio_output@@YAHAEAPEAD@Z 0000000180011c00 f i libucrtd:output.obj
 0001:00010c00       ??$read_va_arg@I@__crt_stdio_output@@YAIAEAPEAD@Z 0000000180011c00 f i libucrtd:output.obj
 0001:00010c60       ??$read_va_arg@PEAD@__crt_stdio_output@@YAPEADAEAPEAD@Z 0000000180011c60 f i libucrtd:output.obj
 0001:00010c60       ??$read_va_arg@_K@__crt_stdio_output@@YA_KAEAPEAD@Z 0000000180011c60 f i libucrtd:output.obj
 0001:00010c60       ??$read_va_arg@PEAX@__crt_stdio_output@@YAPEAXAEAPEAD@Z 0000000180011c60 f i libucrtd:output.obj
 0001:00010c60       ??$read_va_arg@_J@__crt_stdio_output@@YA_JAEAPEAD@Z 0000000180011c60 f i libucrtd:output.obj
 0001:00010c60       ??$read_va_arg@U_CRT_DOUBLE@@@__crt_stdio_output@@YA?AU_CRT_DOUBLE@@AEAPEAD@Z 0000000180011c60 f i libucrtd:output.obj
 0001:00010d40       ??$scratch_count@D@formatting_buffer@__crt_stdio_output@@QEBA_KXZ 0000000180011d40 f i libucrtd:output.obj
 0001:00010d60       ??$scratch_data@D@formatting_buffer@__crt_stdio_output@@QEAAPEADXZ 0000000180011d60 f i libucrtd:output.obj
 0001:00010dd0       ??$tcstol@PEBDPEAPEADH@?$__crt_char_traits@D@@SAJ$$QEAPEBD$$QEAPEAPEAD$$QEAH@Z 0000000180011dd0 f i libucrtd:output.obj
 0001:00010e10       ??$tcstol@PEB_WPEAPEA_WH@?$__crt_char_traits@_W@@SAJ$$QEAPEB_W$$QEAPEAPEA_W$$QEAH@Z 0000000180011e10 f i libucrtd:output.obj
 0001:00010e50       ??$type_case_integer_parse_into_buffer@I@?$output_processor@DV?$string_output_adapter@D@__crt_stdio_output@@V?$format_validation_base@DV?$string_output_adapter@D@__crt_stdio_output@@@2@@__crt_stdio_output@@AEAAXII_N@Z 0000000180011e50 f i libucrtd:output.obj
 0001:00010f80       ??$type_case_integer_parse_into_buffer@I@?$output_processor@_WV?$string_output_adapter@_W@__crt_stdio_output@@V?$format_validation_base@_WV?$string_output_adapter@_W@__crt_stdio_output@@@2@@__crt_stdio_output@@AEAAXII_N@Z 0000000180011f80 f i libucrtd:output.obj
 0001:000110c0       ??$type_case_integer_parse_into_buffer@_K@?$output_processor@DV?$string_output_adapter@D@__crt_stdio_output@@V?$format_validation_base@DV?$string_output_adapter@D@__crt_stdio_output@@@2@@__crt_stdio_output@@AEAAX_KI_N@Z 00000001800120c0 f i libucrtd:output.obj
 0001:00011210       ??$type_case_integer_parse_into_buffer@_K@?$output_processor@_WV?$string_output_adapter@_W@__crt_stdio_output@@V?$format_validation_base@_WV?$string_output_adapter@_W@__crt_stdio_output@@@2@@__crt_stdio_output@@AEAAX_KI_N@Z 0000000180012210 f i libucrtd:output.obj
 0001:00011370       ??$write_multiple_characters@V?$string_output_adapter@D@__crt_stdio_output@@D@__crt_stdio_output@@YAXAEBV?$string_output_adapter@D@0@DHQEAH@Z 0000000180012370 f i libucrtd:output.obj
 0001:000113d0       ??$write_multiple_characters@V?$string_output_adapter@_W@__crt_stdio_output@@D@__crt_stdio_output@@YAXAEBV?$string_output_adapter@_W@0@DHQEAH@Z 00000001800123d0 f i libucrtd:output.obj
 0001:00011430       ??0?$common_data@D@__crt_stdio_output@@IEAA@XZ 0000000180012430 f i libucrtd:output.obj
 0001:00011500       ??0?$common_data@_W@__crt_stdio_output@@IEAA@XZ 0000000180012500 f i libucrtd:output.obj
 0001:000115d0       ??0?$output_adapter_data@DV?$string_output_adapter@D@__crt_stdio_output@@@__crt_stdio_output@@IEAA@AEBV?$string_output_adapter@D@1@_KQEBDQEAU__crt_locale_pointers@@QEAD@Z 00000001800125d0 f i libucrtd:output.obj
 0001:00011650       ??0?$output_adapter_data@_WV?$string_output_adapter@_W@__crt_stdio_output@@@__crt_stdio_output@@IEAA@AEBV?$string_output_adapter@_W@1@_KQEB_WQEAU__crt_locale_pointers@@QEAD@Z 0000000180012650 f i libucrtd:output.obj
 0001:000116d0       ??0?$output_processor@DV?$string_output_adapter@D@__crt_stdio_output@@V?$format_validation_base@DV?$string_output_adapter@D@__crt_stdio_output@@@2@@__crt_stdio_output@@QEAA@AEBV?$string_output_adapter@D@1@_KQEBDQEAU__crt_locale_pointers@@QEAD@Z 00000001800126d0 f i libucrtd:output.obj
 0001:00011720       ??0?$output_processor@_WV?$string_output_adapter@_W@__crt_stdio_output@@V?$format_validation_base@_WV?$string_output_adapter@_W@__crt_stdio_output@@@2@@__crt_stdio_output@@QEAA@AEBV?$string_output_adapter@_W@1@_KQEB_WQEAU__crt_locale_pointers@@QEAD@Z 0000000180012720 f i libucrtd:output.obj
 0001:00011770       ??0__crt_deferred_errno_cache@@QEAA@XZ 0000000180012770 f i libucrtd:output.obj
 0001:00011790       ??0__crt_errno_guard@@QEAA@QEAH@Z 0000000180012790 f i libucrtd:output.obj
 0001:000117d0       ??0formatting_buffer@__crt_stdio_output@@QEAA@XZ 00000001800127d0 f i libucrtd:output.obj
 0001:00011810       ??1?$common_data@D@__crt_stdio_output@@QEAA@XZ 0000000180012810 f i libucrtd:output.obj
 0001:00011810       ??1?$common_data@_W@__crt_stdio_output@@QEAA@XZ 0000000180012810 f i libucrtd:output.obj
 0001:00011830       ??1?$format_validation_base@DV?$string_output_adapter@D@__crt_stdio_output@@@__crt_stdio_output@@QEAA@XZ 0000000180012830 f i libucrtd:output.obj
 0001:00011830       ??1?$format_validation_base@_WV?$string_output_adapter@_W@__crt_stdio_output@@@__crt_stdio_output@@QEAA@XZ 0000000180012830 f i libucrtd:output.obj
 0001:00011850       ??1?$output_adapter_data@_WV?$string_output_adapter@_W@__crt_stdio_output@@@__crt_stdio_output@@QEAA@XZ 0000000180012850 f i libucrtd:output.obj
 0001:00011850       ??1?$output_adapter_data@DV?$string_output_adapter@D@__crt_stdio_output@@@__crt_stdio_output@@QEAA@XZ 0000000180012850 f i libucrtd:output.obj
 0001:00011870       ??1?$output_processor@DV?$string_output_adapter@D@__crt_stdio_output@@V?$format_validation_base@DV?$string_output_adapter@D@__crt_stdio_output@@@2@@__crt_stdio_output@@QEAA@XZ 0000000180012870 f i libucrtd:output.obj
 0001:00011870       ??1?$output_processor@_WV?$string_output_adapter@_W@__crt_stdio_output@@V?$format_validation_base@_WV?$string_output_adapter@_W@__crt_stdio_output@@@2@@__crt_stdio_output@@QEAA@XZ 0000000180012870 f i libucrtd:output.obj
 0001:00011890       ??1?$standard_base@_WV?$string_output_adapter@_W@__crt_stdio_output@@@__crt_stdio_output@@QEAA@XZ 0000000180012890 f i libucrtd:output.obj
 0001:00011890       ??1?$standard_base@DV?$string_output_adapter@D@__crt_stdio_output@@@__crt_stdio_output@@QEAA@XZ 0000000180012890 f i libucrtd:output.obj
 0001:000118b0       ??1__crt_errno_guard@@QEAA@XZ 00000001800128b0 f i libucrtd:output.obj
 0001:000118e0       ??1formatting_buffer@__crt_stdio_output@@QEAA@XZ 00000001800128e0 f i libucrtd:output.obj
 0001:00011910       ??4?$__crt_unique_heap_ptr@DU__crt_internal_free_policy@@@@QEAAAEAV0@$$QEAV0@@Z 0000000180012910 f i libucrtd:output.obj
 0001:00011950       ?adjust_hexit@?$output_processor@DV?$string_output_adapter@D@__crt_stdio_output@@V?$format_validation_base@DV?$string_output_adapter@D@__crt_stdio_output@@@2@@__crt_stdio_output@@CADH_N@Z 0000000180012950 f i libucrtd:output.obj
 0001:00011950       ?adjust_hexit@?$output_processor@_WV?$string_output_adapter@_W@__crt_stdio_output@@V?$format_validation_base@_WV?$string_output_adapter@_W@__crt_stdio_output@@@2@@__crt_stdio_output@@CADH_N@Z 0000000180012950 f i libucrtd:output.obj
 0001:000119a0       ?advance_to_next_pass@?$standard_base@_WV?$string_output_adapter@_W@__crt_stdio_output@@@__crt_stdio_output@@IEAA_NXZ 00000001800129a0 f i libucrtd:output.obj
 0001:000119a0       ?advance_to_next_pass@?$standard_base@DV?$string_output_adapter@D@__crt_stdio_output@@@__crt_stdio_output@@IEAA_NXZ 00000001800129a0 f i libucrtd:output.obj
 0001:000119f0       ?crop_zeroes@__crt_stdio_output@@YAXPEADQEAU__crt_locale_pointers@@@Z 00000001800129f0 f i libucrtd:output.obj
 0001:00011b30       ?find_next_state@?$output_processor@DV?$string_output_adapter@D@__crt_stdio_output@@V?$format_validation_base@DV?$string_output_adapter@D@__crt_stdio_output@@@2@@__crt_stdio_output@@AEBA?AW4state@2@DW432@@Z 0000000180012b30 f i libucrtd:output.obj
 0001:00011bd0       ?find_next_state@?$output_processor@_WV?$string_output_adapter@_W@__crt_stdio_output@@V?$format_validation_base@_WV?$string_output_adapter@_W@__crt_stdio_output@@@2@@__crt_stdio_output@@AEBA?AW4state@2@_WW432@@Z 0000000180012bd0 f i libucrtd:output.obj
 0001:00011c70       ?force_decimal_point@__crt_stdio_output@@YAXPEADQEAU__crt_locale_pointers@@@Z 0000000180012c70 f i libucrtd:output.obj
 0001:00011d70       ?get@__crt_deferred_errno_cache@@QEAAAEAHXZ 0000000180012d70 f i libucrtd:output.obj
 0001:00011da0       ?get_flags@__crt_stdio_stream@@QEBAJXZ 0000000180012da0 f i libucrtd:output.obj
 0001:00011dd0       ?has_flag@?$output_processor@DV?$string_output_adapter@D@__crt_stdio_output@@V?$format_validation_base@DV?$string_output_adapter@D@__crt_stdio_output@@@2@@__crt_stdio_output@@AEBA_NI@Z 0000000180012dd0 f i libucrtd:output.obj
 0001:00011dd0       ?has_flag@?$output_processor@_WV?$string_output_adapter@_W@__crt_stdio_output@@V?$format_validation_base@_WV?$string_output_adapter@_W@__crt_stdio_output@@@2@@__crt_stdio_output@@AEBA_NI@Z 0000000180012dd0 f i libucrtd:output.obj
 0001:00011e10       ?is_string_backed@__crt_stdio_stream@@QEBA_NXZ 0000000180012e10 f i libucrtd:output.obj
 0001:00011e50       ?narrow_null_string@?$output_processor@DV?$string_output_adapter@D@__crt_stdio_output@@V?$format_validation_base@DV?$string_output_adapter@D@__crt_stdio_output@@@2@@__crt_stdio_output@@CAPEADXZ 0000000180012e50 f i libucrtd:output.obj
 0001:00011e50       ?narrow_null_string@?$output_processor@_WV?$string_output_adapter@_W@__crt_stdio_output@@V?$format_validation_base@_WV?$string_output_adapter@_W@__crt_stdio_output@@@2@@__crt_stdio_output@@CAPEADXZ 0000000180012e50 f i libucrtd:output.obj
 0001:00011e60       ?parse_int_from_format_string@?$output_processor@DV?$string_output_adapter@D@__crt_stdio_output@@V?$format_validation_base@DV?$string_output_adapter@D@__crt_stdio_output@@@2@@__crt_stdio_output@@AEAA_NQEAH@Z 0000000180012e60 f i libucrtd:output.obj
 0001:00011f50       ?parse_int_from_format_string@?$output_processor@_WV?$string_output_adapter@_W@__crt_stdio_output@@V?$format_validation_base@_WV?$string_output_adapter@_W@__crt_stdio_output@@@2@@__crt_stdio_output@@AEAA_NQEAH@Z 0000000180012f50 f i libucrtd:output.obj
 0001:00012040       ?process@?$output_processor@DV?$string_output_adapter@D@__crt_stdio_output@@V?$format_validation_base@DV?$string_output_adapter@D@__crt_stdio_output@@@2@@__crt_stdio_output@@QEAAHXZ 0000000180013040 f i libucrtd:output.obj
 0001:000123a0       ?process@?$output_processor@_WV?$string_output_adapter@_W@__crt_stdio_output@@V?$format_validation_base@_WV?$string_output_adapter@_W@__crt_stdio_output@@@2@@__crt_stdio_output@@QEAAHXZ 00000001800133a0 f i libucrtd:output.obj
 0001:00012700       ?set_flag@?$output_processor@DV?$string_output_adapter@D@__crt_stdio_output@@V?$format_validation_base@DV?$string_output_adapter@D@__crt_stdio_output@@@2@@__crt_stdio_output@@AEAAXI@Z 0000000180013700 f i libucrtd:output.obj
 0001:00012700       ?set_flag@?$output_processor@_WV?$string_output_adapter@_W@__crt_stdio_output@@V?$format_validation_base@_WV?$string_output_adapter@_W@__crt_stdio_output@@@2@@__crt_stdio_output@@AEAAXI@Z 0000000180013700 f i libucrtd:output.obj
 0001:00012720       ?validate_and_update_state_at_beginning_of_format_character@?$standard_base@_WV?$string_output_adapter@_W@__crt_stdio_output@@@__crt_stdio_output@@IEAA_NXZ 0000000180013720 f i libucrtd:output.obj
 0001:00012720       ?validate_state_for_type_case_a@?$standard_base@DV?$string_output_adapter@D@__crt_stdio_output@@@__crt_stdio_output@@IEBA_NXZ 0000000180013720 f i libucrtd:output.obj
 0001:00012720       ?should_format@?$standard_base@_WV?$string_output_adapter@_W@__crt_stdio_output@@@__crt_stdio_output@@IEAA_NXZ 0000000180013720 f i libucrtd:output.obj
 0001:00012720       ?validate_state_for_type_case_a@?$standard_base@_WV?$string_output_adapter@_W@__crt_stdio_output@@@__crt_stdio_output@@IEBA_NXZ 0000000180013720 f i libucrtd:output.obj
 0001:00012720       ?validate_and_update_state_at_beginning_of_format_character@?$standard_base@DV?$string_output_adapter@D@__crt_stdio_output@@@__crt_stdio_output@@IEAA_NXZ 0000000180013720 f i libucrtd:output.obj
 0001:00012720       ?should_format@?$standard_base@DV?$string_output_adapter@D@__crt_stdio_output@@@__crt_stdio_output@@IEAA_NXZ 0000000180013720 f i libucrtd:output.obj
 0001:00012730       ?should_skip_type_state_output@?$standard_base@DV?$string_output_adapter@D@__crt_stdio_output@@@__crt_stdio_output@@IEBA_NXZ 0000000180013730 f i libucrtd:output.obj
 0001:00012730       ?should_skip_normal_state_processing@?$standard_base@_WV?$string_output_adapter@_W@__crt_stdio_output@@@__crt_stdio_output@@IEAA_NXZ 0000000180013730 f i libucrtd:output.obj
 0001:00012730       ?should_skip_normal_state_processing@?$standard_base@DV?$string_output_adapter@D@__crt_stdio_output@@@__crt_stdio_output@@IEAA_NXZ 0000000180013730 f i libucrtd:output.obj
 0001:00012730       ?should_skip_type_state_output@?$standard_base@_WV?$string_output_adapter@_W@__crt_stdio_output@@@__crt_stdio_output@@IEBA_NXZ 0000000180013730 f i libucrtd:output.obj
 0001:00012740       ?state_case_dot@?$output_processor@_WV?$string_output_adapter@_W@__crt_stdio_output@@V?$format_validation_base@_WV?$string_output_adapter@_W@__crt_stdio_output@@@2@@__crt_stdio_output@@AEAA_NXZ 0000000180013740 f i libucrtd:output.obj
 0001:00012740       ?state_case_dot@?$output_processor@DV?$string_output_adapter@D@__crt_stdio_output@@V?$format_validation_base@DV?$string_output_adapter@D@__crt_stdio_output@@@2@@__crt_stdio_output@@AEAA_NXZ 0000000180013740 f i libucrtd:output.obj
 0001:00012760       ?state_case_flag@?$output_processor@DV?$string_output_adapter@D@__crt_stdio_output@@V?$format_validation_base@DV?$string_output_adapter@D@__crt_stdio_output@@@2@@__crt_stdio_output@@AEAA_NXZ 0000000180013760 f i libucrtd:output.obj
 0001:00012800       ?state_case_flag@?$output_processor@_WV?$string_output_adapter@_W@__crt_stdio_output@@V?$format_validation_base@_WV?$string_output_adapter@_W@__crt_stdio_output@@@2@@__crt_stdio_output@@AEAA_NXZ 0000000180013800 f i libucrtd:output.obj
 0001:000128a0       ?state_case_normal@?$output_processor@DV?$string_output_adapter@D@__crt_stdio_output@@V?$format_validation_base@DV?$string_output_adapter@D@__crt_stdio_output@@@2@@__crt_stdio_output@@AEAA_NXZ 00000001800138a0 f i libucrtd:output.obj
 0001:00012980       ?state_case_normal@?$output_processor@_WV?$string_output_adapter@_W@__crt_stdio_output@@V?$format_validation_base@_WV?$string_output_adapter@_W@__crt_stdio_output@@@2@@__crt_stdio_output@@AEAA_NXZ 0000000180013980 f i libucrtd:output.obj
 0001:00012a60       ?state_case_normal_common@?$output_processor@DV?$string_output_adapter@D@__crt_stdio_output@@V?$format_validation_base@DV?$string_output_adapter@D@__crt_stdio_output@@@2@@__crt_stdio_output@@AEAA_NXZ 0000000180013a60 f i libucrtd:output.obj
 0001:00012ab0       ?state_case_normal_common@?$output_processor@_WV?$string_output_adapter@_W@__crt_stdio_output@@V?$format_validation_base@_WV?$string_output_adapter@_W@__crt_stdio_output@@@2@@__crt_stdio_output@@AEAA_NXZ 0000000180013ab0 f i libucrtd:output.obj
 0001:00012b00       ?state_case_normal_tchar@?$output_processor@DV?$string_output_adapter@D@__crt_stdio_output@@V?$format_validation_base@DV?$string_output_adapter@D@__crt_stdio_output@@@2@@__crt_stdio_output@@AEAA_ND@Z 0000000180013b00 f i libucrtd:output.obj
 0001:00012c40       ?state_case_normal_tchar@?$output_processor@_WV?$string_output_adapter@_W@__crt_stdio_output@@V?$format_validation_base@_WV?$string_output_adapter@_W@__crt_stdio_output@@@2@@__crt_stdio_output@@AEAA_N_W@Z 0000000180013c40 f i libucrtd:output.obj
 0001:00012c60       ?state_case_percent@?$output_processor@DV?$string_output_adapter@D@__crt_stdio_output@@V?$format_validation_base@DV?$string_output_adapter@D@__crt_stdio_output@@@2@@__crt_stdio_output@@AEAA_NXZ 0000000180013c60 f i libucrtd:output.obj
 0001:00012c60       ?state_case_percent@?$output_processor@_WV?$string_output_adapter@_W@__crt_stdio_output@@V?$format_validation_base@_WV?$string_output_adapter@_W@__crt_stdio_output@@@2@@__crt_stdio_output@@AEAA_NXZ 0000000180013c60 f i libucrtd:output.obj
 0001:00012cb0       ?state_case_precision@?$output_processor@DV?$string_output_adapter@D@__crt_stdio_output@@V?$format_validation_base@DV?$string_output_adapter@D@__crt_stdio_output@@@2@@__crt_stdio_output@@AEAA_NXZ 0000000180013cb0 f i libucrtd:output.obj
 0001:00012d30       ?state_case_precision@?$output_processor@_WV?$string_output_adapter@_W@__crt_stdio_output@@V?$format_validation_base@_WV?$string_output_adapter@_W@__crt_stdio_output@@@2@@__crt_stdio_output@@AEAA_NXZ 0000000180013d30 f i libucrtd:output.obj
 0001:00012db0       ?state_case_size@?$output_processor@DV?$string_output_adapter@D@__crt_stdio_output@@V?$format_validation_base@DV?$string_output_adapter@D@__crt_stdio_output@@@2@@__crt_stdio_output@@AEAA_NXZ 0000000180013db0 f i libucrtd:output.obj
 0001:00013230       ?state_case_size@?$output_processor@_WV?$string_output_adapter@_W@__crt_stdio_output@@V?$format_validation_base@_WV?$string_output_adapter@_W@__crt_stdio_output@@@2@@__crt_stdio_output@@AEAA_NXZ 0000000180014230 f i libucrtd:output.obj
 0001:000136b0       ?state_case_type@?$output_processor@DV?$string_output_adapter@D@__crt_stdio_output@@V?$format_validation_base@DV?$string_output_adapter@D@__crt_stdio_output@@@2@@__crt_stdio_output@@AEAA_NXZ 00000001800146b0 f i libucrtd:output.obj
 0001:00013b50       ?state_case_type@?$output_processor@_WV?$string_output_adapter@_W@__crt_stdio_output@@V?$format_validation_base@_WV?$string_output_adapter@_W@__crt_stdio_output@@@2@@__crt_stdio_output@@AEAA_NXZ 0000000180014b50 f i libucrtd:output.obj
 0001:000140b0       ?state_case_width@?$output_processor@DV?$string_output_adapter@D@__crt_stdio_output@@V?$format_validation_base@DV?$string_output_adapter@D@__crt_stdio_output@@@2@@__crt_stdio_output@@AEAA_NXZ 00000001800150b0 f i libucrtd:output.obj
 0001:00014140       ?state_case_width@?$output_processor@_WV?$string_output_adapter@_W@__crt_stdio_output@@V?$format_validation_base@_WV?$string_output_adapter@_W@__crt_stdio_output@@@2@@__crt_stdio_output@@AEAA_NXZ 0000000180015140 f i libucrtd:output.obj
 0001:000141d0       ?state_count@?$format_validation_base@_WV?$string_output_adapter@_W@__crt_stdio_output@@@__crt_stdio_output@@KAIXZ 00000001800151d0 f i libucrtd:output.obj
 0001:000141d0       ?state_count@?$format_validation_base@DV?$string_output_adapter@D@__crt_stdio_output@@@__crt_stdio_output@@KAIXZ 00000001800151d0 f i libucrtd:output.obj
 0001:000141e0       ?state_transition_table@?$format_validation_base@_WV?$string_output_adapter@_W@__crt_stdio_output@@@__crt_stdio_output@@KAPEBEXZ 00000001800151e0 f i libucrtd:output.obj
 0001:000141e0       ?state_transition_table@?$format_validation_base@DV?$string_output_adapter@D@__crt_stdio_output@@@__crt_stdio_output@@KAPEBEXZ 00000001800151e0 f i libucrtd:output.obj
 0001:000141f0       ?tchar_string@?$common_data@D@__crt_stdio_output@@IEAAAEAPEADD@Z 00000001800151f0 f i libucrtd:output.obj
 0001:00014210       ?tchar_string@?$common_data@D@__crt_stdio_output@@IEAAAEAPEADXZ 0000000180015210 f i libucrtd:output.obj
 0001:00014230       ?tchar_string@?$common_data@_W@__crt_stdio_output@@IEAAAEAPEA_WXZ 0000000180015230 f i libucrtd:output.obj
 0001:00014250       ?tchar_string@?$common_data@_W@__crt_stdio_output@@IEAAAEAPEA_W_W@Z 0000000180015250 f i libucrtd:output.obj
 0001:00014270       ?to_integer_size@__crt_stdio_output@@YA_KW4length_modifier@1@@Z 0000000180015270 f i libucrtd:output.obj
 0001:00014320       ?type_case_X@?$output_processor@DV?$string_output_adapter@D@__crt_stdio_output@@V?$format_validation_base@DV?$string_output_adapter@D@__crt_stdio_output@@@2@@__crt_stdio_output@@AEAA_NXZ 0000000180015320 f i libucrtd:output.obj
 0001:00014340       ?type_case_X@?$output_processor@_WV?$string_output_adapter@_W@__crt_stdio_output@@V?$format_validation_base@_WV?$string_output_adapter@_W@__crt_stdio_output@@@2@@__crt_stdio_output@@AEAA_NXZ 0000000180015340 f i libucrtd:output.obj
 0001:00014360       ?type_case_Z@?$output_processor@DV?$string_output_adapter@D@__crt_stdio_output@@V?$format_validation_base@DV?$string_output_adapter@D@__crt_stdio_output@@@2@@__crt_stdio_output@@AEAA_NXZ 0000000180015360 f i libucrtd:output.obj
 0001:00014480       ?type_case_Z@?$output_processor@_WV?$string_output_adapter@_W@__crt_stdio_output@@V?$format_validation_base@_WV?$string_output_adapter@_W@__crt_stdio_output@@@2@@__crt_stdio_output@@AEAA_NXZ 0000000180015480 f i libucrtd:output.obj
 0001:000145a0       ?type_case_a@?$output_processor@DV?$string_output_adapter@D@__crt_stdio_output@@V?$format_validation_base@DV?$string_output_adapter@D@__crt_stdio_output@@@2@@__crt_stdio_output@@AEAA_NXZ 00000001800155a0 f i libucrtd:output.obj
 0001:00014960       ?type_case_a@?$output_processor@_WV?$string_output_adapter@_W@__crt_stdio_output@@V?$format_validation_base@_WV?$string_output_adapter@_W@__crt_stdio_output@@@2@@__crt_stdio_output@@AEAA_NXZ 0000000180015960 f i libucrtd:output.obj
 0001:00014d30       ?type_case_c@?$output_processor@DV?$string_output_adapter@D@__crt_stdio_output@@V?$format_validation_base@DV?$string_output_adapter@D@__crt_stdio_output@@@2@@__crt_stdio_output@@AEAA_NXZ 0000000180015d30 f i libucrtd:output.obj
 0001:00014d50       ?type_case_c@?$output_processor@_WV?$string_output_adapter@_W@__crt_stdio_output@@V?$format_validation_base@_WV?$string_output_adapter@_W@__crt_stdio_output@@@2@@__crt_stdio_output@@AEAA_NXZ 0000000180015d50 f i libucrtd:output.obj
 0001:00014d70       ?type_case_c_tchar@?$output_processor@DV?$string_output_adapter@D@__crt_stdio_output@@V?$format_validation_base@DV?$string_output_adapter@D@__crt_stdio_output@@@2@@__crt_stdio_output@@AEAA_ND@Z 0000000180015d70 f i libucrtd:output.obj
 0001:00014ec0       ?type_case_c_tchar@?$output_processor@_WV?$string_output_adapter@_W@__crt_stdio_output@@V?$format_validation_base@_WV?$string_output_adapter@_W@__crt_stdio_output@@@2@@__crt_stdio_output@@AEAA_N_W@Z 0000000180015ec0 f i libucrtd:output.obj
 0001:00014ff0       ?type_case_d@?$output_processor@DV?$string_output_adapter@D@__crt_stdio_output@@V?$format_validation_base@DV?$string_output_adapter@D@__crt_stdio_output@@@2@@__crt_stdio_output@@AEAA_NXZ 0000000180015ff0 f i libucrtd:output.obj
 0001:00015020       ?type_case_d@?$output_processor@_WV?$string_output_adapter@_W@__crt_stdio_output@@V?$format_validation_base@_WV?$string_output_adapter@_W@__crt_stdio_output@@@2@@__crt_stdio_output@@AEAA_NXZ 0000000180016020 f i libucrtd:output.obj
 0001:00015050       ?type_case_integer@?$output_processor@DV?$string_output_adapter@D@__crt_stdio_output@@V?$format_validation_base@DV?$string_output_adapter@D@__crt_stdio_output@@@2@@__crt_stdio_output@@AEAA_NI_N@Z 0000000180016050 f i libucrtd:output.obj
 0001:000154a0       ?type_case_integer@?$output_processor@_WV?$string_output_adapter@_W@__crt_stdio_output@@V?$format_validation_base@_WV?$string_output_adapter@_W@__crt_stdio_output@@@2@@__crt_stdio_output@@AEAA_NI_N@Z 00000001800164a0 f i libucrtd:output.obj
 0001:000158f0       ?type_case_n@?$output_processor@DV?$string_output_adapter@D@__crt_stdio_output@@V?$format_validation_base@DV?$string_output_adapter@D@__crt_stdio_output@@@2@@__crt_stdio_output@@AEAA_NXZ 00000001800168f0 f i libucrtd:output.obj
[...]
 0004:0000285c       $pdata$?_wcstombs_l_helper@@YA_KPEADPEB_W_KPEAU__crt_locale_pointers@@@Z 000000018005785c     libucrtd:wcstombs.obj
 0004:00002868       $pdata$?wcsncnt@@YA_KPEB_W_K@Z 0000000180057868     libucrtd:wcstombs.obj
 0004:00002874       $pdata$_wcstombs_s_l       0000000180057874     libucrtd:wcstombs.obj
 0004:00002880       $pdata$wcstombs_s          0000000180057880     libucrtd:wcstombs.obj
 0004:0000288c       $pdata$??$common_tcscat_s@D@@YAHQEAD_KQEBD@Z 000000018005788c     libucrtd:strcat_s.obj
 0004:00002898       $pdata$strcat_s            0000000180057898     libucrtd:strcat_s.obj
 0004:000028a4       $pdata$__acrt_OutputDebugStringA 00000001800578a4     libucrtd:outputdebugstringa.obj
 0004:000028b0       $pdata$__strncnt           00000001800578b0     libucrtd:strncnt.obj
 0004:000028bc       $pdata$__ascii_wcsnicmp    00000001800578bc     libucrtd:wcsnicmp.obj
 0004:000028c8       $pdata$??$?RV<lambda_4e3dbe6921bc0b5a1a6bc6573fdc859e>@@AEAV<lambda_5533cddd4bda0037814beee657757329>@@V<lambda_47cffbaa968af5c721c38a4a6f8da44d>@@@?$__crt_seh_guarded_call@H@@QEAAH$$QEAV<lambda_4e3dbe6921bc0b5a1a6bc6573fdc859e>@@AEAV<lambda_5533cddd4bda0037814beee657757329>@@$$QEAV<lambda_47cffbaa968af5c721c38a4a6f8da44d>@@@Z 00000001800578c8     libucrtd:commit.obj
 0004:000028d4       $pdata$??$__acrt_lowio_lock_fh_and_call@V<lambda_5533cddd4bda0037814beee657757329>@@@@YAHH$$QEAV<lambda_5533cddd4bda0037814beee657757329>@@@Z 00000001800578d4     libucrtd:commit.obj
 0004:000028e0       $pdata$??R<lambda_8ddc48ad9d26c778cb15812d1d88fc8a>@@QEBAXXZ 00000001800578e0     libucrtd:close.obj
 0004:000028e0       $pdata$??R<lambda_47cffbaa968af5c721c38a4a6f8da44d>@@QEBAXXZ 00000001800578e0     libucrtd:commit.obj
 0004:000028ec       $pdata$??R<lambda_53fc7fc888e23d815d7080162c0aeeb2>@@QEBAXXZ 00000001800578ec     libucrtd:close.obj
 0004:000028ec       $pdata$??R<lambda_4e3dbe6921bc0b5a1a6bc6573fdc859e>@@QEBAXXZ 00000001800578ec     libucrtd:commit.obj
 0004:000028f8       $pdata$??R<lambda_5533cddd4bda0037814beee657757329>@@QEBAHXZ 00000001800578f8     libucrtd:commit.obj
 0004:00002904       $pdata$_commit             0000000180057904     libucrtd:commit.obj
 0004:00002910       $pdata$?write_binary_nolock@@YA?AUwrite_result@?A0x17268360@@HQEBDI@Z 0000000180057910     libucrtd:write.obj
 0004:0000291c       $pdata$?write_double_translated_ansi_nolock@@YA?AUwrite_result@?A0x17268360@@HQEBDI@Z 000000018005791c     libucrtd:write.obj
 0004:00002928       $pdata$?write_double_translated_unicode_nolock@@YA?AUwrite_result@?A0x17268360@@QEBDI@Z 0000000180057928     libucrtd:write.obj
 0004:00002934       $pdata$?write_requires_double_translation_nolock@@YA_NH@Z 0000000180057934     libucrtd:write.obj
 0004:00002940       $pdata$?write_text_ansi_nolock@@YA?AUwrite_result@?A0x17268360@@HQEBDI@Z 0000000180057940     libucrtd:write.obj
 0004:0000294c       $pdata$?write_text_utf16le_nolock@@YA?AUwrite_result@?A0x17268360@@HQEBDI@Z 000000018005794c     libucrtd:write.obj
 0004:00002958       $pdata$?write_text_utf8_nolock@@YA?AUwrite_result@?A0x17268360@@HQEBDI@Z 0000000180057958     libucrtd:write.obj
 0004:00002964       $pdata$_write              0000000180057964     libucrtd:write.obj
 0004:00002970       $pdata$_write_nolock       0000000180057970     libucrtd:write.obj
 0004:0000297c       $pdata$?__mbrtoc32_utf8@__crt_mbstring@@YA_KPEA_UPEBD_KPEAU_Mbstatet@@@Z 000000018005797c     libucrtd:mbrtoc32.obj
 0004:00002994       $pdata$ceil                0000000180057994     libucrtd:ceil.obj
 0004:000029a0       $pdata$fegetenv            00000001800579a0     libucrtd:fegetenv.obj
 0004:000029ac       $pdata$fesetenv            00000001800579ac     libucrtd:fesetenv.obj
 0004:000029b8       $pdata$feholdexcept        00000001800579b8     libucrtd:feholdexcept.obj
 0004:000029c4       $pdata$??$common_lseek_nolock@_J@@YA_JH_JH@Z 00000001800579c4     libucrtd:lseek.obj
 0004:000029d0       $pdata$?common_lseek_do_seek_nolock@@YA_JQEAX_JH@Z 00000001800579d0     libucrtd:lseek.obj
 0004:000029dc       $pdata$_lseeki64_nolock    00000001800579dc     libucrtd:lseek.obj
 0004:000029e8       $pdata$_fclose_nolock      00000001800579e8     libucrtd:fclose.obj
 0004:000029f4       $pdata$fclose              00000001800579f4     libucrtd:fclose.obj
 0004:00002a00       $pdata$?__wcsrtombs_utf8@__crt_mbstring@@YA_KPEADPEAPEB_W_KPEAU_Mbstatet@@@Z 0000000180057a00     libucrtd:wcrtomb.obj
 0004:00002a0c       $pdata$_putwch_nolock      0000000180057a0c     libucrtd:putwch.obj
 0004:00002a18       $pdata$__acrt_initialize_fma3 0000000180057a18     libucrtd:fma3_available.obj
 0004:00002a24       $pdata$_log10_special      0000000180057a24     libucrtd:log_special.obj
 0004:00002a30       $pdata$_log_special_common 0000000180057a30     libucrtd:log_special.obj
 0004:00002a3c       $pdata$_call_matherr       0000000180057a3c     libucrtd:libm_error.obj
 0004:00002a48       $pdata$_exception_enabled  0000000180057a48     libucrtd:libm_error.obj
 0004:00002a54       $pdata$_handle_error       0000000180057a54     libucrtd:libm_error.obj
 0004:00002a60       $pdata$_handle_nan         0000000180057a60     libucrtd:libm_error.obj
 0004:00002a6c       $pdata$_abstract_sw        0000000180057a6c     libucrtd:ieee.obj
 0004:00002a78       $pdata$_clearfp            0000000180057a78     libucrtd:ieee.obj
 0004:00002a84       $pdata$??$?RV<lambda_53fc7fc888e23d815d7080162c0aeeb2>@@AEAV<lambda_4e7105787b7b0e0227fbf2b2d883fa65>@@V<lambda_8ddc48ad9d26c778cb15812d1d88fc8a>@@@?$__crt_seh_guarded_call@H@@QEAAH$$QEAV<lambda_53fc7fc888e23d815d7080162c0aeeb2>@@AEAV<lambda_4e7105787b7b0e0227fbf2b2d883fa65>@@$$QEAV<lambda_8ddc48ad9d26c778cb15812d1d88fc8a>@@@Z 0000000180057a84     libucrtd:close.obj
 0004:00002a90       $pdata$??$__acrt_lowio_lock_fh_and_call@V<lambda_4e7105787b7b0e0227fbf2b2d883fa65>@@@@YAHH$$QEAV<lambda_4e7105787b7b0e0227fbf2b2d883fa65>@@@Z 0000000180057a90     libucrtd:close.obj
 0004:00002a9c       $pdata$??R<lambda_4e7105787b7b0e0227fbf2b2d883fa65>@@QEBAHXZ 0000000180057a9c     libucrtd:close.obj
 0004:00002aa8       $pdata$?close_os_handle_nolock@@YAKH@Z 0000000180057aa8     libucrtd:close.obj
 0004:00002ab4       $pdata$_close              0000000180057ab4     libucrtd:close.obj
 0004:00002ac0       $pdata$_close_nolock       0000000180057ac0     libucrtd:close.obj
 0004:00002acc       $pdata$?__acrt_stdio_free_stream@@YAXV__crt_stdio_stream@@@Z 0000000180057acc     libucrtd:stream.obj
 0004:00002ad8       $pdata$?__c16rtomb_utf8@__crt_mbstring@@YA_KPEAD_SPEAU_Mbstatet@@@Z 0000000180057ad8     libucrtd:c16rtomb.obj
 0004:00002ae4       $pdata$?has_surrogate@?A0xc60ee810@@YA_NPEAU_Mbstatet@@@Z 0000000180057ae4     libucrtd:c16rtomb.obj
 0004:00002af0       $pdata$?is_first_surrogate@?A0xc60ee810@@YA_N_S@Z 0000000180057af0     libucrtd:c16rtomb.obj
 0004:00002afc       $pdata$?is_second_surrogate@?A0xc60ee810@@YA_N_S@Z 0000000180057afc     libucrtd:c16rtomb.obj
 0004:00002b08       $pdata$?store_first_surrogate@?A0xc60ee810@@YAX_SPEAU_Mbstatet@@@Z 0000000180057b08     libucrtd:c16rtomb.obj
 0004:00002b14       $pdata$__dcrt_lowio_ensure_console_output_initialized 0000000180057b14     libucrtd:initcon.obj
 0004:00002b20       $pdata$__dcrt_terminate_console_output 0000000180057b20     libucrtd:initcon.obj
 0004:00002b2c       $pdata$__dcrt_write_console 0000000180057b2c     libucrtd:initcon.obj
 0004:00002b38       $pdata$_raise_exc          0000000180057b38     libucrtd:fpexcept.obj
 0004:00002b44       $pdata$_raise_exc_ex       0000000180057b44     libucrtd:fpexcept.obj
 0004:00002b50       $pdata$_set_errno_from_matherr 0000000180057b50     libucrtd:fpexcept.obj
 0004:00002b5c       $pdata$_clrfp              0000000180057b5c     libucrtd:fpctrl.obj
 0004:00002b68       $pdata$_ctrlfp             0000000180057b68     libucrtd:fpctrl.obj
 0004:00002b74       $pdata$_set_statfp         0000000180057b74     libucrtd:fpctrl.obj
 0004:00002b80       $pdata$_statfp             0000000180057b80     libucrtd:fpctrl.obj
 0004:00002b98       $pdata$_FindPESection      0000000180057b98     LIBCMTD:pesect.obj
 0004:00002ba4       $pdata$_IsNonwritableInCurrentImage 0000000180057ba4     LIBCMTD:pesect.obj
 0004:00002bb0       $pdata$_ValidateImageBase  0000000180057bb0     LIBCMTD:pesect.obj
 0004:00002bbc       $pdata$??_Gtype_info@@UEAAPEAXI@Z 0000000180057bbc     LIBCMTD:std_type_info_static.obj
 0004:00002bc8       $pdata$??3@YAXPEAX_K@Z     0000000180057bc8     LIBCMTD:delete_scalar_size.obj
 0004:00002bd4       $pdata$__GSHandlerCheck_SEH 0000000180057bd4     LIBCMTD:gshandlerseh.obj
 0004:00002bec       $pdata$__GSHandlerCheck_EH 0000000180057bec     LIBCMTD:gshandlereh.obj
 0004:00002bf8       $pdata$??3@YAXPEAX@Z       0000000180057bf8     LIBCMTD:delete_scalar.obj
 0004:00002c10       $pdata$strrchr             0000000180057c10     libvcruntimed:strrchr.obj
 0004:00002c28       $pdata$?fin$0@?0??dllmain_crt_process_attach@@YAHQEAUHINSTANCE__@@QEAX@Z@4HA 0000000180057c28     LIBCMTD:dll_dllmain.obj
 0004:00002c34       $pdata$?fin$0@?0??dllmain_crt_process_detach@@YAH_N@Z@4HA 0000000180057c34     LIBCMTD:dll_dllmain.obj
 0004:00002c40       $pdata$?fin$1@?0??dllmain_crt_process_detach@@YAH_N@Z@4HA 0000000180057c40     LIBCMTD:dll_dllmain.obj
 0004:00002c4c       $pdata$?filt$0@?0??dllmain_dispatch@@YAHQEAUHINSTANCE__@@KQEAX@Z@4HA 0000000180057c4c     LIBCMTD:dll_dllmain.obj
 0004:00002c58       $pdata$__scrt_is_nonwritable_in_current_image$filt$0 0000000180057c58     LIBCMTD:utility.obj
 0004:00002c64       $pdata$__DestructExceptionObject$filt$0 0000000180057c64     libvcruntimed:ehhelpers.obj
 0004:00002c70       $pdata$?filt$0@?0???$_CallSETranslator@V__FrameHandler3@@@@YAHPEAUEHExceptionRecord@@PEA_KPEAU_CONTEXT@@PEAU_xDISPATCHER_CONTEXT@@PEBU_s_FuncInfo@@K1@Z@4HA 0000000180057c70     libvcruntimed:risctrnsctrl.obj
 0004:00002c7c       $pdata$?filt$0@?0???$BuildCatchObjectHelperInternal@V__FrameHandler3@@@@YAHPEAUEHExceptionRecord@@PEAXPEBU_s_HandlerType@@PEBU_s_CatchableType@@@Z@4HA 0000000180057c7c     libvcruntimed:frame.obj
 0004:00002c7c       $pdata$?filt$0@?0???$BuildCatchObjectInternal@V__FrameHandler3@@@@YAXPEAUEHExceptionRecord@@PEAXPEBU_s_HandlerType@@PEBU_s_CatchableType@@@Z@4HA 0000000180057c7c     libvcruntimed:frame.obj
 0004:00002c7c       $pdata$?filt$0@?0??is_bad_read_pointer@@YA_NQEBX_K@Z@4HA 0000000180057c7c     libucrtd:debug_heap.obj
 0004:00002c7c       $pdata$terminate$filt$0    0000000180057c7c     libucrtd:terminate.obj
 0004:00002c88       $pdata$?filt$0@?0??CxxCallCatchBlock@__FrameHandler3@@SAPEAXPEAU_EXCEPTION_RECORD@@@Z@4HA 0000000180057c88     libvcruntimed:frame.obj
 0004:00002c94       $pdata$?fin$1@?0??CxxCallCatchBlock@__FrameHandler3@@SAPEAXPEAU_EXCEPTION_RECORD@@@Z@4HA 0000000180057c94     libvcruntimed:frame.obj
 0004:00002ca0       $pdata$?filt$0@?0??FrameUnwindToState@__FrameHandler3@@SAXPEA_KPEAU_xDISPATCHER_CONTEXT@@PEBU_s_FuncInfo@@H@Z@4HA 0000000180057ca0     libvcruntimed:frame.obj
 0004:00002cac       $pdata$?fin$1@?0??FrameUnwindToState@__FrameHandler3@@SAXPEA_KPEAU_xDISPATCHER_CONTEXT@@PEBU_s_FuncInfo@@H@Z@4HA 0000000180057cac     libvcruntimed:frame.obj
 0004:00002cb8       $pdata$?fin$0@?0???$?RV<lambda_0ae27a3a962d80f24befdcbee591983d>@@AEAV<lambda_8d0ee55de4b1038c4002e0adecdf1839>@@V<lambda_dc504788e8f1664fe9b84e20bfb512f2>@@@?$__crt_seh_guarded_call@X@@QEAAX$$QEAV<lambda_0ae27a3a962d80f24befdcbee591983d>@@AEAV<lambda_8d0ee55de4b1038c4002e0adecdf1839>@@$$QEAV<lambda_dc504788e8f1664fe9b84e20bfb512f2>@@@Z@4HA 0000000180057cb8     libucrtd:per_thread_data.obj
 0004:00002cb8       $pdata$?fin$0@?0???$?RV<lambda_2d41944a1d46af3157314b8a01080d33>@@AEAV<lambda_8f455de75cd7d7f24b4096f044d8b9e6>@@V<lambda_aa500f224e6afead328df44964fe2772>@@@?$__crt_seh_guarded_call@X@@QEAAX$$QEAV<lambda_2d41944a1d46af3157314b8a01080d33>@@AEAV<lambda_8f455de75cd7d7f24b4096f044d8b9e6>@@$$QEAV<lambda_aa500f224e6afead328df44964fe2772>@@@Z@4HA 0000000180057cb8     libucrtd:per_thread_data.obj
 0004:00002cb8       $pdata$?fin$0@?0???$?RV<lambda_74a0ef281e44d15e1136f792f539efb3>@@AEAV<lambda_e157831efee4ea0afb0a2ace5dd5fd0d>@@V<lambda_04ddeca75b7c13fd67716e8dfcef87ee>@@@?$__crt_seh_guarded_call@X@@QEAAX$$QEAV<lambda_74a0ef281e44d15e1136f792f539efb3>@@AEAV<lambda_e157831efee4ea0afb0a2ace5dd5fd0d>@@$$QEAV<lambda_04ddeca75b7c13fd67716e8dfcef87ee>@@@Z@4HA 0000000180057cb8     libucrtd:per_thread_data.obj
 0004:00002cb8       $pdata$?fin$0@?0???$?RV<lambda_aa87e3671a710a21b5dc78c0bdf72e11>@@AEAV<lambda_92619d2358a28f41a33ba319515a20b9>@@V<lambda_6992ecaafeb10aed2b74cb1fae11a551>@@@?$__crt_seh_guarded_call@X@@QEAAX$$QEAV<lambda_aa87e3671a710a21b5dc78c0bdf72e11>@@AEAV<lambda_92619d2358a28f41a33ba319515a20b9>@@$$QEAV<lambda_6992ecaafeb10aed2b74cb1fae11a551>@@@Z@4HA 0000000180057cb8     libucrtd:per_thread_data.obj
 0004:00002cb8       $pdata$?fin$0@?0???$?RV<lambda_410d79af7f07d98d83a3f525b3859a53>@@AEAV<lambda_3e16ef9562a7dcce91392c22ab16ea36>@@V<lambda_38119f0e861e05405d8a144b9b982f0a>@@@?$__crt_seh_guarded_call@X@@QEAAX$$QEAV<lambda_410d79af7f07d98d83a3f525b3859a53>@@AEAV<lambda_3e16ef9562a7dcce91392c22ab16ea36>@@$$QEAV<lambda_38119f0e861e05405d8a144b9b982f0a>@@@Z@4HA 0000000180057cb8     libucrtd:wsetlocale.obj
 0004:00002cb8       $pdata$?fin$0@?0???$?RV<lambda_efa02eb69bf647d2f7ff0dd6f1103f72>@@AEAV<lambda_bd5a608237428601b7e45fbdc72b1ae8>@@V<lambda_728235dc0fc2b1f82d1fa5b3e7102d8f>@@@?$__crt_seh_guarded_call@X@@QEAAX$$QEAV<lambda_efa02eb69bf647d2f7ff0dd6f1103f72>@@AEAV<lambda_bd5a608237428601b7e45fbdc72b1ae8>@@$$QEAV<lambda_728235dc0fc2b1f82d1fa5b3e7102d8f>@@@Z@4HA 0000000180057cb8     libucrtd:mbctype.obj
 0004:00002cb8       $pdata$?fin$0@?0???$?RV<lambda_d80eeec6fff315bfe5c115232f3240e3>@@AEAV<lambda_6e4b09c48022b2350581041d5f6b0c4c>@@V<lambda_2358e3775559c9db80273638284d5e45>@@@?$__crt_seh_guarded_call@X@@QEAAX$$QEAV<lambda_d80eeec6fff315bfe5c115232f3240e3>@@AEAV<lambda_6e4b09c48022b2350581041d5f6b0c4c>@@$$QEAV<lambda_2358e3775559c9db80273638284d5e45>@@@Z@4HA 0000000180057cb8     libucrtd:exit.obj
 0004:00002cb8       $pdata$?fin$0@?0???$?RV<lambda_886d6c58226a84441f68b9f2b8217b83>@@AEAV<lambda_ab61a845afdef5b7c387490eaf3616ee>@@V<lambda_f7f22ab5edc0698d5f6905b0d3f44752>@@@?$__crt_seh_guarded_call@X@@QEAAX$$QEAV<lambda_886d6c58226a84441f68b9f2b8217b83>@@AEAV<lambda_ab61a845afdef5b7c387490eaf3616ee>@@$$QEAV<lambda_f7f22ab5edc0698d5f6905b0d3f44752>@@@Z@4HA 0000000180057cb8     libucrtd:fflush.obj
 0004:00002cc4       $pdata$?filt$0@?0???R<lambda_6e4b09c48022b2350581041d5f6b0c4c>@@QEBA@XZ@4HA 0000000180057cc4     libucrtd:exit.obj
 0004:00002cd0       $pdata$?fin$0@?0???$?RV<lambda_450d765d439847d4c735a33c368b5fc0>@@AEAV<lambda_44731a7d0e6d81c3e6aa82d741081786>@@V<lambda_601a2a7da3b7a96e9554ac7215c4b07c>@@@?$__crt_seh_guarded_call@P6AXH@Z@@QEAAP6AXH@Z$$QEAV<lambda_450d765d439847d4c735a33c368b5fc0>@@AEAV<lambda_44731a7d0e6d81c3e6aa82d741081786>@@$$QEAV<lambda_601a2a7da3b7a96e9554ac7215c4b07c>@@@Z@4HA 0000000180057cd0     libucrtd:signal.obj
 0004:00002cd0       $pdata$?fin$0@?0???$?RV<lambda_6a47f4c8fd0152770a780fc1d70204eb>@@AEAV<lambda_d121dba8a4adeaf3a9819e48611155df>@@V<lambda_6aaa2265f5b6a89667e7d7630012e97a>@@@?$__crt_seh_guarded_call@H@@QEAAH$$QEAV<lambda_6a47f4c8fd0152770a780fc1d70204eb>@@AEAV<lambda_d121dba8a4adeaf3a9819e48611155df>@@$$QEAV<lambda_6aaa2265f5b6a89667e7d7630012e97a>@@@Z@4HA 0000000180057cd0     libucrtd:onexit.obj
 0004:00002cdc       $pdata$?dtor$0@?0???R<lambda_d121dba8a4adeaf3a9819e48611155df>@@QEBAHXZ@4HA 0000000180057cdc     libucrtd:onexit.obj
 0004:00002ce8       $pdata$?fin$0@?0??heap_alloc_dbg_internal@@YAPEAX_KHQEBDH@Z@4HA 0000000180057ce8     libucrtd:debug_heap.obj
 0004:00002ce8       $pdata$_CrtMemCheckpoint$fin$0 0000000180057ce8     libucrtd:debug_heap.obj
 0004:00002cf4       $pdata$?fin$0@?0??validate_heap_if_required_nolock@@YAXXZ@4HA 0000000180057cf4     libucrtd:debug_heap.obj
 0004:00002d00       $pdata$_CrtCheckMemory$fin$0 0000000180057d00     libucrtd:debug_heap.obj
 0004:00002d00       $pdata$_CrtMemDumpAllObjectsSince$fin$0 0000000180057d00     libucrtd:debug_heap.obj
 0004:00002d00       $pdata$_CrtSetDbgFlag$fin$0 0000000180057d00     libucrtd:debug_heap.obj
 0004:00002d00       $pdata$_msize_dbg$fin$0    0000000180057d00     libucrtd:debug_heap.obj
 0004:00002d00       $pdata$_realloc_dbg$fin$0  0000000180057d00     libucrtd:debug_heap.obj
 0004:00002d0c       $pdata$_free_dbg$fin$0     0000000180057d0c     libucrtd:debug_heap.obj
 0004:00002d0c       $pdata$_query_new_handler$fin$0 0000000180057d0c     libucrtd:new_handler.obj
 0004:00002d18       $pdata$?fin$0@?0??update_thread_multibyte_data_internal@@YAPEAU__crt_multibyte_data@@QEAU__acrt_ptd@@QEAPEAU1@@Z@4HA 0000000180057d18     libucrtd:mbctype.obj
 0004:00002d24       $pdata$__acrt_initialize_lowio$fin$0 0000000180057d24     libucrtd:ioinit.obj
 0004:00002d30       $pdata$raise$fin$0         0000000180057d30     libucrtd:signal.obj
 0004:00002d3c       $pdata$?dtor$0@?0??fp_format_a@@YAHQEBNPEAD_KQEAD2H_NIQEAU__crt_locale_pointers@@@Z@4HA 0000000180057d3c     libucrtd:cvt.obj
 0004:00002d48       $pdata$_VCrtDbgReportA$fin$0 0000000180057d48     libucrtd:dbgrptt.obj
 0004:00002d54       $pdata$_VCrtDbgReportA$fin$1 0000000180057d54     libucrtd:dbgrptt.obj
 0004:00002d60       $pdata$_VCrtDbgReportW$fin$0 0000000180057d60     libucrtd:dbgrptt.obj
 0004:00002d6c       $pdata$_VCrtDbgReportW$fin$1 0000000180057d6c     libucrtd:dbgrptt.obj
 0004:00002d78       $pdata$__acrt_update_thread_locale_data$fin$0 0000000180057d78     libucrtd:locale_refcounting.obj
 0004:00002d84       $pdata$?dtor$0@?0??shortsort@@YAXPEAD0_KP6AHPEBX2@Z@Z@4HA 0000000180057d84     libucrtd:qsort.obj
 0004:00002d90       $pdata$__acrt_lowio_ensure_fh_exists$fin$0 0000000180057d90     libucrtd:osfinfo.obj
 0004:00002d9c       $pdata$?fin$0@?0???$?RV<lambda_842d9ff0dc9ef11c61343bbaebe7f885>@@AEAV<lambda_c5860995281e5c4ce005b3de8f5874ee>@@V<lambda_d90129c13df834fdcbf8d2b88dafcf2d>@@@?$__crt_seh_guarded_call@X@@QEAAX$$QEAV<lambda_842d9ff0dc9ef11c61343bbaebe7f885>@@AEAV<lambda_c5860995281e5c4ce005b3de8f5874ee>@@$$QEAV<lambda_d90129c13df834fdcbf8d2b88dafcf2d>@@@Z@4HA 0000000180057d9c     libucrtd:fflush.obj
 0004:00002da8       $pdata$_fcloseall$fin$0    0000000180057da8     libucrtd:closeall.obj
 0004:00002db4       $pdata$?dtor$0@?0??_wcstombs_l_helper@@YA_KPEADPEB_W_KPEAU__crt_locale_pointers@@@Z@4HA 0000000180057db4     libucrtd:wcstombs.obj
 0004:00002dc0       $pdata$?fin$0@?0???$?RV<lambda_53fc7fc888e23d815d7080162c0aeeb2>@@AEAV<lambda_4e7105787b7b0e0227fbf2b2d883fa65>@@V<lambda_8ddc48ad9d26c778cb15812d1d88fc8a>@@@?$__crt_seh_guarded_call@H@@QEAAH$$QEAV<lambda_53fc7fc888e23d815d7080162c0aeeb2>@@AEAV<lambda_4e7105787b7b0e0227fbf2b2d883fa65>@@$$QEAV<lambda_8ddc48ad9d26c778cb15812d1d88fc8a>@@@Z@4HA 0000000180057dc0     libucrtd:close.obj
 0004:00002dc0       $pdata$?fin$0@?0???$?RV<lambda_4e3dbe6921bc0b5a1a6bc6573fdc859e>@@AEAV<lambda_5533cddd4bda0037814beee657757329>@@V<lambda_47cffbaa968af5c721c38a4a6f8da44d>@@@?$__crt_seh_guarded_call@H@@QEAAH$$QEAV<lambda_4e3dbe6921bc0b5a1a6bc6573fdc859e>@@AEAV<lambda_5533cddd4bda0037814beee657757329>@@$$QEAV<lambda_47cffbaa968af5c721c38a4a6f8da44d>@@@Z@4HA 0000000180057dc0     libucrtd:commit.obj
 0004:00002dcc       $pdata$_write$fin$0        0000000180057dcc     libucrtd:write.obj
 0004:00002dd8       $pdata$fclose$fin$0        0000000180057dd8     libucrtd:fclose.obj
 0004:00002de4       $pdata$_ctrlfp$filt$0      0000000180057de4     libucrtd:fpctrl.obj
 0004:00002df0       $pdata$_IsNonwritableInCurrentImage$filt$0 0000000180057df0     LIBCMTD:pesect.obj
 0005:00000000       MoveSmall                  0000000180058000     libvcruntimed:memcpy.obj
 0005:00000050       MsetTab                    0000000180058050     libvcruntimed:memset.obj
