 handmade

 Timestamp is 5ff017dc (Fri Jan  1 23:51:08 2021)

 Preferred load address is 0000000180000000

 Start         Length     Name                   Class
 0001:00000000 0003a6d0H .text$mn                CODE
 0001:0003a6d0 00000040H .text$mn$00             CODE
 0001:0003a710 000006edH .text$x                 CODE
 0002:00000000 00000248H .idata$5                DATA
 0002:00000248 00000028H .00cfg                  DATA
 0002:00000270 00000008H .CRT$XCA                DATA
 0002:00000278 00000008H .CRT$XCZ                DATA
 0002:00000280 00000008H .CRT$XIA                DATA
 0002:00000288 00000018H .CRT$XIC                DATA
 0002:000002a0 00000008H .CRT$XIZ                DATA
 0002:000002a8 00000008H .CRT$XPA                DATA
 0002:000002b0 00000010H .CRT$XPX                DATA
 0002:000002c0 00000008H .CRT$XPXA               DATA
 0002:000002c8 00000008H .CRT$XPZ                DATA
 0002:000002d0 00000008H .CRT$XTA                DATA
 0002:000002d8 00000008H .CRT$XTZ                DATA
 0002:000002e0 00000000H .gehcont$y              DATA
 0002:000002e0 00000000H .gfids$y                DATA
 0002:000002e0 00010a20H .rdata                  DATA
 0002:00010d00 00000000H .rdata$CastGuardVftablesA DATA
 0002:00010d00 00000000H .rdata$CastGuardVftablesC DATA
 0002:00010d00 0000016cH .rdata$r                DATA
 0002:00010e6c 000002f4H .rdata$zzzdbg           DATA
 0002:00011160 00000008H .rtc$IAA                DATA
 0002:00011168 00000008H .rtc$IZZ                DATA
 0002:00011170 00000008H .rtc$TAA                DATA
 0002:00011178 00000008H .rtc$TZZ                DATA
 0002:00011180 000011b8H .xdata                  DATA
 0002:00012338 00000088H .xdata$x                DATA
 0002:000123c0 00000074H .edata                  DATA
 0002:00012434 00000014H .idata$2                DATA
 0002:00012448 00000018H .idata$3                DATA
 0002:00012460 00000248H .idata$4                DATA
 0002:000126a8 0000055aH .idata$6                DATA
 0003:00000000 00005a30H .data                   DATA
 0003:00005a30 00000070H .data$r                 DATA
 0003:00005aa0 00001878H .bss                    DATA
 0004:00000000 00002f64H .pdata                  DATA
 0005:00000000 00000094H _RDATA                  DATA

  Address         Publics by Value              Rva+Base               Lib:Object

 0000:00000000       __x64_code_ranges_to_entry_points_count 0000000000000000     <absolute>
 0000:00000000       __arm64x_redirection_metadata 0000000000000000     <absolute>
 0000:00000000       __guard_iat_table          0000000000000000     <absolute>
 0000:00000000       __guard_iat_count          0000000000000000     <absolute>
 0000:00000000       __guard_longjmp_count      0000000000000000     <absolute>
 0000:00000000       __guard_longjmp_table      0000000000000000     <absolute>
 0000:00000000       __x64_code_ranges_to_entry_points 0000000000000000     <absolute>
 0000:00000000       __dynamic_value_reloc_table 0000000000000000     <absolute>
 0000:00000000       __hybrid_auxiliary_iat     0000000000000000     <absolute>
 0000:00000000       __guard_fids_count         0000000000000000     <absolute>
 0000:00000000       ___safe_se_handler_table   0000000000000000     <absolute>
 0000:00000000       __arm64x_extra_rfe_table   0000000000000000     <absolute>
 0000:00000000       __AbsoluteZero             0000000000000000     <absolute>
 0000:00000000       __hybrid_code_map          0000000000000000     <absolute>
 0000:00000000       __volatile_metadata        0000000000000000     <absolute>
 0000:00000000       __arm64x_extra_rfe_table_size 0000000000000000     <absolute>
 0000:00000000       ___safe_se_handler_count   0000000000000000     <absolute>
 0000:00000000       __guard_fids_table         0000000000000000     <absolute>
 0000:00000000       __guard_eh_cont_count      0000000000000000     <absolute>
 0000:00000000       __arm64x_redirection_metadata_count 0000000000000000     <absolute>
 0000:00000000       __enclave_config           0000000000000000     <absolute>
 0000:00000000       __guard_eh_cont_table      0000000000000000     <absolute>
 0000:00000000       __arm64x_native_entrypoint 0000000000000000     <absolute>
 0000:00000000       __hybrid_code_map_count    0000000000000000     <absolute>
 0000:00000100       __guard_flags              0000000000000100     <absolute>
 0000:00000000       __ImageBase                0000000180000000     <linker-defined>
 0001:00000040       ?PushSize_@@YAPEAXPEAUmemory_arena@@_K@Z 0000000180001040 f   handmade.obj
 0001:000017f0       GameUpdateAndRender        00000001800027f0 f   handmade.obj
 0001:00002db0       GameGetSoundSamples        0000000180003db0 f   handmade.obj
 0001:00002df0       ??D@YA?AUv2@@MU0@@Z        0000000180003df0 f i handmade.obj
 0001:00002e30       ??D@YA?AUv2@@U0@M@Z        0000000180003e30 f i handmade.obj
 0001:00002e70       ??G@YA?AUv2@@U0@0@Z        0000000180003e70 f i handmade.obj
 0001:00002eb0       ??H@YA?AUv2@@U0@0@Z        0000000180003eb0 f i handmade.obj
 0001:00002ef0       ??Xv2@@QEAAAEAU0@M@Z       0000000180003ef0 f i handmade.obj
 0001:00002f30       ??Yv2@@QEAAAEAU0@U0@@Z     0000000180003f30 f i handmade.obj
 0001:00002f70       ?AbsoluteValue@@YAMM@Z     0000000180003f70 f i handmade.obj
 0001:00002fa0       ?FindLeastSignificantSetBit@@YA?AUbit_scan_result@@I@Z 0000000180003fa0 f i handmade.obj
 0001:00002fe0       ?GetChunkPositionFor@@YA?AUtile_chunk_position@@PEAUtile_map@@III@Z 0000000180003fe0 f i handmade.obj
 0001:00003090       ?GetController@@YAPEAUgame_controller_input@@PEAUgame_input@@H@Z 0000000180004090 f i handmade.obj
 0001:000030e0       ?GetTileChunk@@YAPEAUtile_chunk@@PEAUtile_map@@III@Z 00000001800040e0 f i handmade.obj
 0001:00003170       ?GetTileValue@@YAIPEAUtile_map@@PEAUtile_chunk@@II@Z 0000000180004170 f i handmade.obj
 0001:000031d0       ?GetTileValueUnchecked@@YAIPEAUtile_map@@PEAUtile_chunk@@II@Z 00000001800041d0 f i handmade.obj
 0001:00003260       ?Inner@@YAMUv2@@0@Z        0000000180004260 f i handmade.obj
 0001:000032a0       ?LengthSq@@YAMUv2@@@Z      00000001800042a0 f i handmade.obj
 0001:000032d0       ?RecanonicalizeCoord@@YAXPEAUtile_map@@PEAIPEAM@Z 00000001800042d0 f i handmade.obj
 0001:00003390       ?RecanonicalizePosition@@YA?AUtile_map_position@@PEAUtile_map@@U1@@Z 0000000180004390 f i handmade.obj
 0001:00003420       ?RoundReal32ToInt32@@YAHM@Z 0000000180004420 f i handmade.obj
 0001:00003450       ?RoundReal32ToUInt32@@YAIM@Z 0000000180004450 f i handmade.obj
 0001:00003480       ?SetTileValue@@YAXPEAUtile_map@@PEAUtile_chunk@@III@Z 0000000180004480 f i handmade.obj
 0001:000034e0       ?SetTileValueUnchecked@@YAXPEAUtile_map@@PEAUtile_chunk@@III@Z 00000001800044e0 f i handmade.obj
 0001:00003560       ?Square@@YAMM@Z            0000000180004560 f i handmade.obj
 0001:00003590       ?SquareRoot@@YAMM@Z        0000000180004590 f i handmade.obj
 0001:000035c0       ?Subtract@@YA?AUtile_map_difference@@PEAUtile_map@@PEAUtile_map_position@@1@Z 00000001800045c0 f i handmade.obj
 0001:00003710       __GSHandlerCheck           0000000180004710 f   LIBCMTD:gshandler.obj
 0001:00003750       __GSHandlerCheckCommon     0000000180004750 f   LIBCMTD:gshandler.obj
 0001:00003860       __security_check_cookie    0000000180004860 f   LIBCMTD:amdsecgs.obj
 0001:00003ca0       _DllMainCRTStartup         0000000180004ca0 f   LIBCMTD:dll_dllmain.obj
 0001:00003ce0       __raise_securityfailure    0000000180004ce0 f   LIBCMTD:gs_report.obj
 0001:00003d20       __report_gsfailure         0000000180004d20 f   LIBCMTD:gs_report.obj
 0001:00003e00       __report_rangecheckfailure 0000000180004e00 f   LIBCMTD:gs_report.obj
 0001:00003e20       __report_securityfailure   0000000180004e20 f   LIBCMTD:gs_report.obj
 0001:000040e0       __security_init_cookie     00000001800050e0 f   LIBCMTD:gs_support.obj
 0001:00004160       DllMain                    0000000180005160 f   LIBCMTD:dll_dllmain_stub.obj
 0001:00004180       ?__scrt_initialize_type_info@@YAXXZ 0000000180005180 f   LIBCMTD:tncleanup.obj
 0001:000041a0       ?__scrt_uninitialize_type_info@@YAXXZ 00000001800051a0 f   LIBCMTD:tncleanup.obj
 0001:000041c0       __local_stdio_printf_options 00000001800051c0 f i LIBCMTD:default_local_stdio_options.obj
 0001:000041d0       __local_stdio_scanf_options 00000001800051d0 f i LIBCMTD:default_local_stdio_options.obj
 0001:000041e0       __scrt_initialize_default_local_stdio_options 00000001800051e0 f   LIBCMTD:default_local_stdio_options.obj
 0001:00004230       ?configure_argv@__scrt_narrow_argv_policy@@SAHXZ 0000000180005230 f i LIBCMTD:utility.obj
 0001:00004320       ?initialize_environment@__scrt_narrow_environment_policy@@SAHXZ 0000000180005320 f i LIBCMTD:utility.obj
 0001:000043c0       NtCurrentTeb               00000001800053c0 f i LIBCMTD:utility.obj
 0001:000043d0       __scrt_acquire_startup_lock 00000001800053d0 f   LIBCMTD:utility.obj
 0001:00004440       __scrt_dllmain_after_initialize_c 0000000180005440 f   LIBCMTD:utility.obj
 0001:00004470       __scrt_dllmain_before_initialize_c 0000000180005470 f   LIBCMTD:utility.obj
 0001:00004490       __scrt_dllmain_crt_thread_attach 0000000180005490 f   LIBCMTD:utility.obj
 0001:000044c0       __scrt_dllmain_crt_thread_detach 00000001800054c0 f   LIBCMTD:utility.obj
 0001:000044e0       __scrt_dllmain_exception_filter 00000001800054e0 f   LIBCMTD:utility.obj
 0001:00004550       __scrt_dllmain_uninitialize_c 0000000180005550 f   LIBCMTD:utility.obj
 0001:00004580       __scrt_dllmain_uninitialize_critical 0000000180005580 f   LIBCMTD:utility.obj
 0001:000045a0       __scrt_initialize_crt      00000001800055a0 f   LIBCMTD:utility.obj
 0001:000045f0       __scrt_initialize_onexit_tables 00000001800055f0 f   LIBCMTD:utility.obj
 0001:00004700       __scrt_is_nonwritable_in_current_image 0000000180005700 f   LIBCMTD:utility.obj
 0001:00004790       __scrt_release_startup_lock 0000000180005790 f   LIBCMTD:utility.obj
 0001:000047c0       __scrt_uninitialize_crt    00000001800057c0 f   LIBCMTD:utility.obj
 0001:00004800       __scrt_get_dyn_tls_init_callback 0000000180005800 f   LIBCMTD:dyn_tls_init.obj
 0001:00004810       __crt_debugger_hook        0000000180005810 f   LIBCMTD:utility_desktop.obj
 0001:00004820       __scrt_fastfail            0000000180005820 f   LIBCMTD:utility_desktop.obj
 0001:000049c0       _RTC_Initialize            00000001800059c0 f   LIBCMTD:initsect.obj
 0001:00004a10       _RTC_Terminate             0000000180005a10 f   LIBCMTD:initsect.obj
 0001:00004a60       _guard_check_icall_nop     0000000180005a60 f i LIBCMTD:guard_support.obj
 0001:00004a60       ??1scoped_global_state_reset@__crt_state_management@@QEAA@XZ 0000000180005a60 f i libucrtd:onexit.obj
 0001:00004a60       ??1?$__crt_simd_cleanup_guard@$0A@@@QEAA@XZ 0000000180005a60 f i libucrtd:strnlen.obj
 0001:00004a70       ReadNoFence64              0000000180005a70 f i LIBCMTD:guard_support.obj
 0001:00004a70       ?__crt_interlocked_read_64@@YA_JPED_J@Z 0000000180005a70 f i libvcruntimed:std_type_info.obj
 0001:00004a90       ??$__crt_interlocked_read_pointer@UHINSTANCE__@@@@YAPEAUHINSTANCE__@@PEDSEAU0@@Z 0000000180005a90 f i libvcruntimed:winapi_downlevel.obj
 0001:00004a90       ReadPointerNoFence         0000000180005a90 f i LIBCMTD:guard_support.obj
 0001:00004a90       ??$__crt_interlocked_read_pointer@X@@YAPEAXPEDSEAX@Z 0000000180005a90 f i libvcruntimed:winapi_downlevel.obj
 0001:00004ab0       _guard_icall_checks_enforced 0000000180005ab0 f i LIBCMTD:guard_support.obj
 0001:00004af0       __isa_available_init       0000000180005af0 f   LIBCMTD:cpu_disp.obj
 0001:00004e90       _get_startup_argv_mode     0000000180005e90 f   LIBCMTD:argv_mode.obj
 0001:00004ea0       __scrt_is_ucrt_dll_in_use  0000000180005ea0 f   LIBCMTD:ucrt_detection.obj
 0001:00004ed0       IsProcessorFeaturePresent  0000000180005ed0 f   kernel32:KERNEL32.dll
 0001:00004ee0       __C_specific_handler       0000000180005ee0 f   libvcruntimed:riscchandler.obj
 0001:00005350       ??$?RD@__crt_internal_free_policy@@QEBAXQEBD@Z 0000000180006350 f i libvcruntimed:std_type_info.obj
 0001:00005350       ??$?RU__crt_multibyte_data@@@__crt_internal_free_policy@@QEBAXQEBU__crt_multibyte_data@@@Z 0000000180006350 f i libucrtd:mbctype.obj
 0001:00005350       ??$?RPEAU__crt_stdio_stream_data@@@__crt_internal_free_policy@@QEBAXQEBQEAU__crt_stdio_stream_data@@@Z 0000000180006350 f i libucrtd:_file.obj
 0001:00005350       ??$?RE@__crt_internal_free_policy@@QEBAXQEBE@Z 0000000180006350 f i libucrtd:argv_parsing.obj
 0001:00005350       ??$?RU__acrt_ptd@@@__crt_internal_free_policy@@QEBAXQEBU__acrt_ptd@@@Z 0000000180006350 f i libucrtd:per_thread_data.obj
 0001:00005350       ??$?RPEAD@__crt_internal_free_policy@@QEBAXQEBQEAD@Z 0000000180006350 f i libucrtd:argv_parsing.obj
 0001:00005350       ??$?RU__vcrt_ptd@@@__crt_internal_free_policy@@QEBAXQEBU__vcrt_ptd@@@Z 0000000180006350 f i libvcruntimed:per_thread_data.obj
 0001:00005350       ??$?RU__crt_lowio_handle_data@@@__crt_internal_free_policy@@QEBAXQEBU__crt_lowio_handle_data@@@Z 0000000180006350 f i libucrtd:osfinfo.obj
 0001:00005380       ??0?$__crt_unique_handle_t@U__crt_hmodule_traits@@@@QEAA@QEAUHINSTANCE__@@@Z 0000000180006380 f i libucrtd:exit.obj
 0001:00005380       ??0?$__crt_unique_heap_ptr@U__acrt_ptd@@U__crt_internal_free_policy@@@@QEAA@QEAU__acrt_ptd@@@Z 0000000180006380 f i libucrtd:per_thread_data.obj
 0001:00005380       ??0?$__crt_unique_heap_ptr@PEAU__crt_stdio_stream_data@@U__crt_internal_free_policy@@@@QEAA@QEAPEAU__crt_stdio_stream_data@@@Z 0000000180006380 f i libucrtd:_file.obj
 0001:00005380       ??0?$__crt_unique_heap_ptr@U__vcrt_ptd@@U__crt_internal_free_policy@@@@QEAA@QEAU__vcrt_ptd@@@Z 0000000180006380 f i libvcruntimed:per_thread_data.obj
 0001:00005380       ??0?$__crt_unique_heap_ptr@U__crt_lowio_handle_data@@U__crt_internal_free_policy@@@@QEAA@QEAU__crt_lowio_handle_data@@@Z 0000000180006380 f i libucrtd:osfinfo.obj
 0001:00005380       ??0?$__crt_unique_heap_ptr@PEADU__crt_internal_free_policy@@@@QEAA@QEAPEAD@Z 0000000180006380 f i libucrtd:argv_parsing.obj
 0001:00005380       ??0?$__crt_unique_heap_ptr@DU__crt_internal_free_policy@@@@QEAA@QEAD@Z 0000000180006380 f i libvcruntimed:std_type_info.obj
 0001:00005380       ??0?$string_output_adapter@D@__crt_stdio_output@@QEAA@QEAU?$string_output_adapter_context@D@1@@Z 0000000180006380 f i libucrtd:output.obj
 0001:00005380       ??0?$__crt_scoped_stack_ptr_tag@_W@@QEAA@QEA_W@Z 0000000180006380 f i libucrtd:getstringtypea.obj
 0001:00005380       ??0?$__crt_unique_heap_ptr@DU__crt_public_free_policy@@@@QEAA@QEAD@Z 0000000180006380 f i libvcruntimed:std_exception.obj
 0001:00005380       ??0?$__crt_scoped_stack_ptr@_W@@QEAA@U?$__crt_scoped_stack_ptr_tag@_W@@@Z 0000000180006380 f i libucrtd:getstringtypea.obj
 0001:00005380       ??0__crt_stdio_stream@@QEAA@QEAU__crt_stdio_stream_data@@@Z 0000000180006380 f i libucrtd:fflush.obj
 0001:00005380       ??0?$__crt_unique_heap_ptr@EU__crt_internal_free_policy@@@@QEAA@QEAE@Z 0000000180006380 f i libucrtd:argv_parsing.obj
 0001:00005380       ??0?$__crt_unique_heap_ptr@U__crt_multibyte_data@@U__crt_internal_free_policy@@@@QEAA@QEAU__crt_multibyte_data@@@Z 0000000180006380 f i libucrtd:mbctype.obj
 0001:00005380       ??0?$__crt_unique_handle_t@U__crt_findfile_traits@@@@QEAA@QEAX@Z 0000000180006380 f i libucrtd:argv_wildcards.obj
 0001:00005380       ??0?$string_output_adapter@_W@__crt_stdio_output@@QEAA@QEAU?$string_output_adapter_context@_W@1@@Z 0000000180006380 f i libucrtd:output.obj
 0001:00005380       ??0__crt_stdio_stream@@QEAA@QEAU_iobuf@@@Z 0000000180006380 f i libucrtd:output.obj
 0001:000053a0       ??1?$__crt_unique_heap_ptr@U__acrt_ptd@@U__crt_internal_free_policy@@@@QEAA@XZ 00000001800063a0 f i libucrtd:per_thread_data.obj
 0001:000053a0       ??1?$__crt_unique_heap_ptr@EU__crt_internal_free_policy@@@@QEAA@XZ 00000001800063a0 f i libucrtd:argv_parsing.obj
 0001:000053a0       ??1?$__crt_unique_heap_ptr@U__vcrt_ptd@@U__crt_internal_free_policy@@@@QEAA@XZ 00000001800063a0 f i libvcruntimed:per_thread_data.obj
 0001:000053a0       ??1?$__crt_unique_heap_ptr@DU__crt_internal_free_policy@@@@QEAA@XZ 00000001800063a0 f i libvcruntimed:std_type_info.obj
 0001:000053a0       ??1?$__crt_unique_heap_ptr@PEAU__crt_stdio_stream_data@@U__crt_internal_free_policy@@@@QEAA@XZ 00000001800063a0 f i libucrtd:_file.obj
 0001:000053a0       ??1?$__crt_unique_heap_ptr@U__crt_lowio_handle_data@@U__crt_internal_free_policy@@@@QEAA@XZ 00000001800063a0 f i libucrtd:osfinfo.obj
 0001:000053a0       ??1?$__crt_unique_heap_ptr@PEADU__crt_internal_free_policy@@@@QEAA@XZ 00000001800063a0 f i libucrtd:argv_parsing.obj
 0001:000053a0       ??1?$__crt_unique_heap_ptr@U__crt_multibyte_data@@U__crt_internal_free_policy@@@@QEAA@XZ 00000001800063a0 f i libucrtd:mbctype.obj
 0001:000053c0       ??B?$__crt_unique_heap_ptr@EU__crt_internal_free_policy@@@@QEBA_NXZ 00000001800063c0 f i libucrtd:argv_parsing.obj
 0001:000053c0       ??B?$__crt_unique_heap_ptr@U__crt_multibyte_data@@U__crt_internal_free_policy@@@@QEBA_NXZ 00000001800063c0 f i libucrtd:mbctype.obj
 0001:000053c0       ??B?$__crt_unique_heap_ptr@DU__crt_internal_free_policy@@@@QEBA_NXZ 00000001800063c0 f i libvcruntimed:std_type_info.obj
 0001:000053c0       ??B?$__crt_unique_heap_ptr@U__acrt_ptd@@U__crt_internal_free_policy@@@@QEBA_NXZ 00000001800063c0 f i libucrtd:per_thread_data.obj
 0001:000053c0       ??B?$__crt_unique_heap_ptr@U__crt_lowio_handle_data@@U__crt_internal_free_policy@@@@QEBA_NXZ 00000001800063c0 f i libucrtd:osfinfo.obj
 0001:000053c0       ??B?$__crt_unique_heap_ptr@U__vcrt_ptd@@U__crt_internal_free_policy@@@@QEBA_NXZ 00000001800063c0 f i libvcruntimed:per_thread_data.obj
 0001:000053c0       ??B?$__crt_unique_heap_ptr@DU__crt_public_free_policy@@@@QEBA_NXZ 00000001800063c0 f i libvcruntimed:std_exception.obj
 0001:000053e0       ?get@?$__crt_unique_heap_ptr@U__vcrt_ptd@@U__crt_internal_free_policy@@@@QEBAPEAU__vcrt_ptd@@XZ 00000001800063e0 f i libvcruntimed:per_thread_data.obj
 0001:000053e0       ?get@?$__crt_unique_heap_ptr@DU__crt_internal_free_policy@@@@QEBAPEADXZ 00000001800063e0 f i libvcruntimed:std_type_info.obj
 0001:000053e0       ?get@?$__crt_unique_handle_t@U__crt_findfile_traits@@@@QEBAPEAXXZ 00000001800063e0 f i libucrtd:argv_wildcards.obj
 0001:000053e0       ?get@?$__crt_unique_heap_ptr@U__crt_lowio_handle_data@@U__crt_internal_free_policy@@@@QEBAPEAU__crt_lowio_handle_data@@XZ 00000001800063e0 f i libucrtd:osfinfo.obj
 0001:000053e0       ?get@?$__crt_unique_heap_ptr@U__acrt_ptd@@U__crt_internal_free_policy@@@@QEBAPEAU__acrt_ptd@@XZ 00000001800063e0 f i libucrtd:per_thread_data.obj
 0001:000053e0       ?get@?$__crt_unique_heap_ptr@EU__crt_internal_free_policy@@@@QEBAPEAEXZ 00000001800063e0 f i libucrtd:argv_parsing.obj
 0001:000053e0       ?public_stream@__crt_stdio_stream@@QEBAPEAU_iobuf@@XZ 00000001800063e0 f i libucrtd:output.obj
 0001:000053e0       ?save_state@?$c_string_character_source@_W@__crt_strtox@@QEBAPEB_WXZ 00000001800063e0 f i libucrtd:atox.obj
 0001:000053e0       ?get@?$__crt_scoped_stack_ptr@_W@@QEBAPEA_WXZ 00000001800063e0 f i libucrtd:getstringtypea.obj
 0001:000053e0       ?get@?$__crt_unique_handle_t@U__crt_hmodule_traits@@@@QEBAPEAUHINSTANCE__@@XZ 00000001800063e0 f i libucrtd:exit.obj
 0001:000053e0       ?get@?$__crt_unique_heap_ptr@PEADU__crt_internal_free_policy@@@@QEBAPEAPEADXZ 00000001800063e0 f i libucrtd:argv_parsing.obj
 0001:000053e0       ??C__crt_stdio_stream@@QEBAPEAU__crt_stdio_stream_data@@XZ 00000001800063e0 f i libucrtd:output.obj
 0001:000053e0       ?get@?$__crt_unique_heap_ptr@DU__crt_public_free_policy@@@@QEBAPEADXZ 00000001800063e0 f i libvcruntimed:std_exception.obj
 0001:000053e0       ?get@?$__crt_unique_heap_ptr@U__crt_multibyte_data@@U__crt_internal_free_policy@@@@QEBAPEAU__crt_multibyte_data@@XZ 00000001800063e0 f i libucrtd:mbctype.obj
 0001:000053e0       ?save_state@?$c_string_character_source@D@__crt_strtox@@QEBAPEBDXZ 00000001800063e0 f i libucrtd:atox.obj
 0001:000053f0       ?is_valid@?$__crt_unique_heap_ptr@U__crt_multibyte_data@@U__crt_internal_free_policy@@@@QEBA_NXZ 00000001800063f0 f i libucrtd:mbctype.obj
 0001:000053f0       ?is_valid@?$__crt_unique_heap_ptr@U__acrt_ptd@@U__crt_internal_free_policy@@@@QEBA_NXZ 00000001800063f0 f i libucrtd:per_thread_data.obj
 0001:000053f0       ?is_valid@?$__crt_unique_heap_ptr@U__vcrt_ptd@@U__crt_internal_free_policy@@@@QEBA_NXZ 00000001800063f0 f i libvcruntimed:per_thread_data.obj
 0001:000053f0       ?is_valid@?$__crt_unique_heap_ptr@U__crt_lowio_handle_data@@U__crt_internal_free_policy@@@@QEBA_NXZ 00000001800063f0 f i libucrtd:osfinfo.obj
 0001:000053f0       ?is_valid@?$__crt_unique_heap_ptr@DU__crt_public_free_policy@@@@QEBA_NXZ 00000001800063f0 f i libvcruntimed:std_exception.obj
 0001:000053f0       ?is_valid@?$__crt_unique_heap_ptr@EU__crt_internal_free_policy@@@@QEBA_NXZ 00000001800063f0 f i libucrtd:argv_parsing.obj
 0001:000053f0       ??B?$__crt_scoped_stack_ptr@_W@@QEBA_NXZ 00000001800063f0 f i libucrtd:lcmapstringa.obj
 0001:000053f0       ?is_valid@?$__crt_unique_heap_ptr@DU__crt_internal_free_policy@@@@QEBA_NXZ 00000001800063f0 f i libvcruntimed:std_type_info.obj
 0001:000053f0       ?valid@__crt_stdio_stream@@QEBA_NXZ 00000001800063f0 f i libucrtd:output.obj
 0001:00005420       ?release@?$__crt_unique_heap_ptr@U__vcrt_ptd@@U__crt_internal_free_policy@@@@QEAAXXZ 0000000180006420 f i libvcruntimed:per_thread_data.obj
 0001:00005420       ?release@?$__crt_unique_heap_ptr@EU__crt_internal_free_policy@@@@QEAAXXZ 0000000180006420 f i libucrtd:argv_parsing.obj
 0001:00005420       ?release@?$__crt_unique_heap_ptr@DU__crt_internal_free_policy@@@@QEAAXXZ 0000000180006420 f i libvcruntimed:std_type_info.obj
 0001:00005420       ?release@?$__crt_unique_heap_ptr@U__crt_lowio_handle_data@@U__crt_internal_free_policy@@@@QEAAXXZ 0000000180006420 f i libucrtd:osfinfo.obj
 0001:00005420       ?release@?$__crt_unique_heap_ptr@PEAU__crt_stdio_stream_data@@U__crt_internal_free_policy@@@@QEAAXXZ 0000000180006420 f i libucrtd:_file.obj
 0001:00005420       ?release@?$__crt_unique_heap_ptr@PEADU__crt_internal_free_policy@@@@QEAAXXZ 0000000180006420 f i libucrtd:argv_parsing.obj
 0001:00005420       ?release@?$__crt_unique_heap_ptr@U__crt_multibyte_data@@U__crt_internal_free_policy@@@@QEAAXXZ 0000000180006420 f i libucrtd:mbctype.obj
 0001:00005420       ?release@?$__crt_unique_heap_ptr@U__acrt_ptd@@U__crt_internal_free_policy@@@@QEAAXXZ 0000000180006420 f i libucrtd:per_thread_data.obj
 0001:00005450       __std_type_info_compare    0000000180006450 f   libvcruntimed:std_type_info.obj
 0001:00005490       __std_type_info_destroy_list 0000000180006490 f   libvcruntimed:std_type_info.obj
 0001:000054f0       __vcrt_initialize          00000001800064f0 f   libvcruntimed:initialization.obj
 0001:00005530       __vcrt_thread_attach       0000000180006530 f   libvcruntimed:initialization.obj
 0001:00005550       __vcrt_thread_detach       0000000180006550 f   libvcruntimed:initialization.obj
 0001:00005570       __vcrt_uninitialize        0000000180006570 f   libvcruntimed:initialization.obj
 0001:00005590       __vcrt_uninitialize_critical 0000000180006590 f   libvcruntimed:initialization.obj
 0001:000055b0       __DestructExceptionObject  00000001800065b0 f   libvcruntimed:ehhelpers.obj
 0001:000056b0       ?_CallMemberFunction0@@YAXQEAX0@Z 00000001800066b0 f i libvcruntimed:ehhelpers.obj
 0001:00005780       _IsExceptionObjectToBeDestroyed 0000000180006780 f   libvcruntimed:ehhelpers.obj
 0001:000057d0       __AdjustPointer            00000001800067d0 f   libvcruntimed:ehhelpers.obj
 0001:00005850       __FrameUnwindFilter        0000000180006850 f   libvcruntimed:ehhelpers.obj
 0001:00005910       _NLG_Notify                0000000180006910 f   libvcruntimed:notify.obj
 0001:00005930       __NLG_Dispatch2            0000000180006930 f   libvcruntimed:notify.obj
 0001:00005940       __NLG_Return2              0000000180006940 f   libvcruntimed:notify.obj
 0001:00005950       __except_validate_context_record 0000000180006950 f   libvcruntimed:jbcxrval.obj
 0001:000059b0       _vsprintf_s_l              00000001800069b0 f i libvcruntimed:undname.obj
 0001:00005a20       sprintf_s                  0000000180006a20 f i libvcruntimed:undname.obj
 0001:00005ac0       ?detach@?$__crt_unique_heap_ptr@U__acrt_ptd@@U__crt_internal_free_policy@@@@QEAAPEAU__acrt_ptd@@XZ 0000000180006ac0 f i libucrtd:per_thread_data.obj
 0001:00005ac0       ?detach@?$__crt_unique_heap_ptr@U__vcrt_ptd@@U__crt_internal_free_policy@@@@QEAAPEAU__vcrt_ptd@@XZ 0000000180006ac0 f i libvcruntimed:per_thread_data.obj
 0001:00005ac0       ?detach@?$__crt_unique_heap_ptr@PEAU__crt_stdio_stream_data@@U__crt_internal_free_policy@@@@QEAAPEAPEAU__crt_stdio_stream_data@@XZ 0000000180006ac0 f i libucrtd:_file.obj
 0001:00005ac0       ?detach@?$__crt_unique_heap_ptr@EU__crt_internal_free_policy@@@@QEAAPEAEXZ 0000000180006ac0 f i libucrtd:argv_parsing.obj
 0001:00005ac0       ?detach@?$__crt_unique_heap_ptr@DU__crt_public_free_policy@@@@QEAAPEADXZ 0000000180006ac0 f i libvcruntimed:std_exception.obj
 0001:00005ac0       ?detach@?$__crt_unique_heap_ptr@U__crt_multibyte_data@@U__crt_internal_free_policy@@@@QEAAPEAU__crt_multibyte_data@@XZ 0000000180006ac0 f i libucrtd:mbctype.obj
 0001:00005ac0       ?detach@?$__crt_unique_heap_ptr@PEADU__crt_internal_free_policy@@@@QEAAPEAPEADXZ 0000000180006ac0 f i libucrtd:argv_parsing.obj
 0001:00005ac0       ?detach@?$__crt_unique_heap_ptr@U__crt_lowio_handle_data@@U__crt_internal_free_policy@@@@QEAAPEAU__crt_lowio_handle_data@@XZ 0000000180006ac0 f i libucrtd:osfinfo.obj
 0001:00005b30       __vcrt_freefls             0000000180006b30 f   libvcruntimed:per_thread_data.obj
 0001:00005b70       __vcrt_freeptd             0000000180006b70 f   libvcruntimed:per_thread_data.obj
 0001:00005bd0       __vcrt_getptd              0000000180006bd0 f   libvcruntimed:per_thread_data.obj
 0001:00005c00       __vcrt_getptd_noexit       0000000180006c00 f   libvcruntimed:per_thread_data.obj
 0001:00005da0       __vcrt_initialize_ptd      0000000180006da0 f   libvcruntimed:per_thread_data.obj
 0001:00005df0       __vcrt_uninitialize_ptd    0000000180006df0 f   libvcruntimed:per_thread_data.obj
 0001:00005e20       __vcrt_initialize_locks    0000000180006e20 f   libvcruntimed:locks.obj
 0001:00005e90       __vcrt_uninitialize_locks  0000000180006e90 f   libvcruntimed:locks.obj
 0001:00005f00       memcpy_repmovs             0000000180006f00 f   libvcruntimed:memcpy.obj
 0001:00005f20       memmove                    0000000180006f20 f   libvcruntimed:memcpy.obj
 0001:00005f20       memcpy                     0000000180006f20 f   libvcruntimed:memcpy.obj
 0001:00006300       ??$?0AEAViterator@TryBlockMap@__FrameHandler3@@AEAV012@$0A@@?$pair@Viterator@TryBlockMap@__FrameHandler3@@V123@@std@@QEAA@AEAViterator@TryBlockMap@__FrameHandler3@@0@Z 0000000180007300 f i libvcruntimed:risctrnsctrl.obj
 0001:00006410       ??$_CallSETranslator@V__FrameHandler3@@@@YAHPEAUEHExceptionRecord@@PEA_KPEAU_CONTEXT@@PEAU_xDISPATCHER_CONTEXT@@PEBU_s_FuncInfo@@K1H@Z 0000000180007410 f i libvcruntimed:risctrnsctrl.obj
 0001:000064a0       ?dangerous_get_state_array@?$dual_state_global@PEAE@__crt_state_management@@QEAAPEAPEAEXZ 00000001800074a0 f i libucrtd:mbctype.obj
 0001:000064a0       ?debug_info@?$__crt_win32_buffer@DU__crt_win32_buffer_internal_dynamic_resizing@@@@QEBAAEBV__crt_win32_buffer_empty_debug_info@@XZ 00000001800074a0 f i libucrtd:argv_wildcards.obj
 0001:000064a0       ?dangerous_get_state_array@?$dual_state_global@PEAU__crt_multibyte_data@@@__crt_state_management@@QEAAPEAPEAU__crt_multibyte_data@@XZ 00000001800074a0 f i libucrtd:mbctype.obj
 0001:000064a0       ?dangerous_get_state_array@?$dual_state_global@PEAU__crt_locale_data@@@__crt_state_management@@QEAAPEAPEAU__crt_locale_data@@XZ 00000001800074a0 f i libucrtd:per_thread_data.obj
 0001:000064a0       ?get_address_of@?$__crt_unique_heap_ptr@PEADU__crt_internal_free_policy@@@@QEAAPEAPEAPEADXZ 00000001800074a0 f i libucrtd:argv_parsing.obj
 0001:000064a0       ??$forward@AEAViterator@TryBlockMap@__FrameHandler3@@@std@@YAAEAViterator@TryBlockMap@__FrameHandler3@@AEAV123@@Z 00000001800074a0 f i libvcruntimed:risctrnsctrl.obj
 0001:000064a0       ?debug_info@?$__crt_win32_buffer@_WU__crt_win32_buffer_internal_dynamic_resizing@@@@QEBAAEBV__crt_win32_buffer_empty_debug_info@@XZ 00000001800074a0 f i libucrtd:argv_wildcards.obj
 0001:000064a0       ?dangerous_get_state_array@?$dual_state_global@P6AXPEB_W00I_K@Z@__crt_state_management@@QEAAPEAP6AXPEB_W00I_K@ZXZ 00000001800074a0 f i libucrtd:invalid_parameter.obj
 0001:000064a0       ?debug_info@?$__crt_win32_buffer@DU__crt_win32_buffer_no_resizing@@@@QEBAAEBV__crt_win32_buffer_empty_debug_info@@XZ 00000001800074a0 f i libucrtd:getmodulefilenamea.obj
 0001:000064a0       ?get_address_of@?$__crt_unique_handle_t@U__crt_hmodule_traits@@@@QEAAPEAPEAUHINSTANCE__@@XZ 00000001800074a0 f i libucrtd:exit.obj
 0001:000064b0       ??0iterator@HandlerMap@__FrameHandler3@@QEAA@AEAV12@I@Z 00000001800074b0 f i libvcruntimed:frame.obj
 0001:000064b0       ??0iterator@TryBlockMap@__FrameHandler3@@QEAA@AEAV12@I@Z 00000001800074b0 f i libvcruntimed:risctrnsctrl.obj
 0001:000064e0       ?CatchTryBlock@__FrameHandler3@@SAPEBU_s_TryBlockMapEntry@@PEBU_s_FuncInfo@@H@Z 00000001800074e0 f   libvcruntimed:risctrnsctrl.obj
 0001:00006570       ?ExecutionInCatch@__FrameHandler3@@SA_NPEAU_xDISPATCHER_CONTEXT@@PEBU_s_FuncInfo@@@Z 0000000180007570 f   libvcruntimed:risctrnsctrl.obj
 0001:000065c0       ?FrameUnwindToEmptyState@__FrameHandler3@@SAXPEA_KPEAU_xDISPATCHER_CONTEXT@@PEBU_s_FuncInfo@@@Z 00000001800075c0 f   libvcruntimed:risctrnsctrl.obj
 0001:00006660       ?GetEstablisherFrame@__FrameHandler3@@SAPEA_KPEA_KPEAU_xDISPATCHER_CONTEXT@@PEBU_s_FuncInfo@@0@Z 0000000180007660 f   libvcruntimed:risctrnsctrl.obj
 0001:000067d0       ?GetRangeOfTrysToCheck@__FrameHandler3@@SA?AU?$pair@Viterator@TryBlockMap@__FrameHandler3@@V123@@std@@AEAVTryBlockMap@1@HPEAU_xDISPATCHER_CONTEXT@@PEBU_s_FuncInfo@@H@Z 00000001800077d0 f   libvcruntimed:risctrnsctrl.obj
 0001:00006a10       ?UnwindNestedFrames@__FrameHandler3@@SAXPEA_KPEAUEHExceptionRecord@@PEAU_CONTEXT@@0PEAXPEBU_s_FuncInfo@@HHPEBU_s_HandlerType@@PEAU_xDISPATCHER_CONTEXT@@E@Z 0000000180007a10 f   libvcruntimed:risctrnsctrl.obj
 0001:00006b80       _CreateFrameInfo           0000000180007b80 f   libvcruntimed:risctrnsctrl.obj
 0001:00006bf0       _FindAndUnlinkFrame        0000000180007bf0 f   libvcruntimed:risctrnsctrl.obj
 0001:00006c70       _GetImageBase              0000000180007c70 f   libvcruntimed:risctrnsctrl.obj
 0001:00006c90       _GetThrowImageBase         0000000180007c90 f   libvcruntimed:risctrnsctrl.obj
 0001:00006cb0       _SetImageBase              0000000180007cb0 f   libvcruntimed:risctrnsctrl.obj
 0001:00006cd0       _SetThrowImageBase         0000000180007cd0 f   libvcruntimed:risctrnsctrl.obj
 0001:00006cf0       __CxxFrameHandler3         0000000180007cf0 f   libvcruntimed:risctrnsctrl.obj
 0001:00006dd0       ??$__crt_interlocked_exchange_pointer@UHINSTANCE__@@PEAX@@YAPEAUHINSTANCE__@@PEDSEAU0@QEAX@Z 0000000180007dd0 f i libvcruntimed:winapi_downlevel.obj
 0001:00006dd0       ??$__crt_interlocked_exchange_pointer@XPEAX@@YAPEAXPEDSEAXQEAX@Z 0000000180007dd0 f i libvcruntimed:winapi_downlevel.obj
 0001:00006dd0       ??$__crt_interlocked_exchange_pointer@UHINSTANCE__@@PEAU1@@@YAPEAUHINSTANCE__@@PEDSEAU0@QEAU0@@Z 0000000180007dd0 f i libvcruntimed:winapi_downlevel.obj
 0001:00006df0       ?get_invalid_value@__crt_findfile_traits@@SAPEAXXZ 0000000180007df0 f   libucrtd:argv_wildcards.obj
 0001:000072e0       __vcrt_FlsAlloc            00000001800082e0 f   libvcruntimed:winapi_downlevel.obj
 0001:00007330       __vcrt_FlsFree             0000000180008330 f   libvcruntimed:winapi_downlevel.obj
 0001:00007380       __vcrt_FlsGetValue         0000000180008380 f   libvcruntimed:winapi_downlevel.obj
 0001:000073d0       __vcrt_FlsSetValue         00000001800083d0 f   libvcruntimed:winapi_downlevel.obj
 0001:00007430       __vcrt_InitializeCriticalSectionEx 0000000180008430 f   libvcruntimed:winapi_downlevel.obj
 0001:000074a0       ?GetCurrentState@__FrameHandler3@@SAHPEA_KPEAU_xDISPATCHER_CONTEXT@@PEBU_s_FuncInfo@@@Z 00000001800084a0 f   libvcruntimed:ehstate.obj
 0001:00007500       ?GetUnwindTryBlock@__FrameHandler3@@SAHPEA_KPEAU_xDISPATCHER_CONTEXT@@PEBU_s_FuncInfo@@@Z 0000000180008500 f   libvcruntimed:ehstate.obj
 0001:00007550       ?SetState@__FrameHandler3@@SAXPEA_KPEBU_s_FuncInfo@@H@Z 0000000180008550 f   libvcruntimed:ehstate.obj
 0001:00007580       ?SetUnwindTryBlock@__FrameHandler3@@SAXPEA_KPEAU_xDISPATCHER_CONTEXT@@PEBU_s_FuncInfo@@H@Z 0000000180008580 f   libvcruntimed:ehstate.obj
 0001:000075f0       ?StateFromControlPc@__FrameHandler3@@SAHPEBU_s_FuncInfo@@PEAU_xDISPATCHER_CONTEXT@@@Z 00000001800085f0 f   libvcruntimed:ehstate.obj
 0001:00007630       ?StateFromIp@__FrameHandler3@@SAHPEBU_s_FuncInfo@@PEAU_xDISPATCHER_CONTEXT@@_K@Z 0000000180008630 f   libvcruntimed:ehstate.obj
 0001:00007720       ?__RVAtoRealOffset@@YA_KPEAU_xDISPATCHER_CONTEXT@@H@Z 0000000180008720 f i libvcruntimed:ehstate.obj
 0001:00008900       ??$TypeMatchHelper@V__FrameHandler3@@@@YAHPEBU_s_HandlerType@@PEBU_s_CatchableType@@PEBU_s_ThrowInfo@@@Z 0000000180009900 f i libvcruntimed:frame.obj
 0001:00008b00       ??$__InternalCxxFrameHandler@V__FrameHandler3@@@@YA?AW4_EXCEPTION_DISPOSITION@@PEAUEHExceptionRecord@@PEA_KPEAU_CONTEXT@@PEAU_xDISPATCHER_CONTEXT@@PEBU_s_FuncInfo@@H1E@Z 0000000180009b00 f i libvcruntimed:frame.obj
 0001:00008f70       ??0HandlerMap@__FrameHandler3@@QEAA@PEBU_s_TryBlockMapEntry@@_KI@Z 0000000180009f70 f i libvcruntimed:frame.obj
 0001:00008fc0       ??0TryBlockMap@__FrameHandler3@@QEAA@PEBU_s_FuncInfo@@_K@Z 0000000180009fc0 f i libvcruntimed:frame.obj
 0001:00008ff0       ??0bad_exception@std@@QEAA@AEBV01@@Z 0000000180009ff0 f i libvcruntimed:frame.obj
 0001:00009030       ??0bad_exception@std@@QEAA@XZ 000000018000a030 f i libvcruntimed:frame.obj
 0001:00009070       ??0exception@std@@QEAA@AEBV01@@Z 000000018000a070 f i libvcruntimed:frame.obj
 0001:000090d0       ??0exception@std@@QEAA@QEBDH@Z 000000018000a0d0 f i libvcruntimed:frame.obj
 0001:00009120       ??1bad_exception@std@@UEAA@XZ 000000018000a120 f i libvcruntimed:frame.obj
 0001:00009140       ??1exception@std@@UEAA@XZ  000000018000a140 f i libvcruntimed:frame.obj
 0001:00009170       ??8iterator@HandlerMap@__FrameHandler3@@QEBA_NAEBV012@@Z 000000018000a170 f i libvcruntimed:frame.obj
 0001:000091b0       ??8type_info@@QEBA_NAEBV0@@Z 000000018000a1b0 f i libvcruntimed:frame.obj
 0001:00009200       ??9iterator@HandlerMap@__FrameHandler3@@QEBA_NAEBV012@@Z 000000018000a200 f i libvcruntimed:frame.obj
 0001:00009240       ??Diterator@HandlerMap@__FrameHandler3@@QEAA?BU_s_HandlerType@@XZ 000000018000a240 f i libvcruntimed:frame.obj
 0001:00009280       ??Diterator@TryBlockMap@__FrameHandler3@@QEAA?BU_s_TryBlockMapEntry@@XZ 000000018000a280 f i libvcruntimed:frame.obj
 0001:000092d0       ??Eiterator@TryBlockMap@__FrameHandler3@@QEAAAEAV012@XZ 000000018000a2d0 f i libvcruntimed:frame.obj
 0001:000092d0       ??Eiterator@HandlerMap@__FrameHandler3@@QEAAAEAV012@XZ 000000018000a2d0 f i libvcruntimed:frame.obj
 0001:000092f0       ??Miterator@TryBlockMap@__FrameHandler3@@QEBA_NAEBV012@@Z 000000018000a2f0 f i libvcruntimed:frame.obj
 0001:00009330       ??_Ebad_exception@std@@UEAAPEAXI@Z 000000018000a330 f i libvcruntimed:frame.obj
 0001:00009330       ??_Gbad_exception@std@@UEAAPEAXI@Z 000000018000a330 f i libvcruntimed:frame.obj
 0001:00009370       ??_Gexception@std@@UEAAPEAXI@Z 000000018000a370 f i libvcruntimed:frame.obj
 0001:00009370       ??_Eexception@std@@UEAAPEAXI@Z 000000018000a370 f i libvcruntimed:frame.obj
 0001:000093b0       ?BuildCatchObject@__FrameHandler3@@SAXPEAUEHExceptionRecord@@PEAXPEBU_s_HandlerType@@PEBU_s_CatchableType@@@Z 000000018000a3b0 f   libvcruntimed:frame.obj
 0001:000093f0       ?CxxCallCatchBlock@__FrameHandler3@@SAPEAXPEAU_EXCEPTION_RECORD@@@Z 000000018000a3f0 f   libvcruntimed:frame.obj
 0001:00009750       ?FrameUnwindToState@__FrameHandler3@@SAXPEA_KPEAU_xDISPATCHER_CONTEXT@@PEBU_s_FuncInfo@@H@Z 000000018000a750 f   libvcruntimed:frame.obj
 0001:000099a0       ?GetHandlerSearchState@__FrameHandler3@@SAHPEA_KPEAU_xDISPATCHER_CONTEXT@@PEBU_s_FuncInfo@@@Z 000000018000a9a0 f i libvcruntimed:frame.obj
 0001:00009a50       ?GetMaxState@__FrameHandler3@@SAHPEAU_xDISPATCHER_CONTEXT@@PEBU_s_FuncInfo@@@Z 000000018000aa50 f i libvcruntimed:frame.obj
 0001:00009c50       __TypeMatch                000000018000ac50 f   libvcruntimed:frame.obj
 0001:00009c50       ?TypeMatch@__FrameHandler3@@SAHPEBU_s_HandlerType@@PEBU_s_CatchableType@@PEBU_s_ThrowInfo@@@Z 000000018000ac50 f   libvcruntimed:frame.obj
 0001:00009c80       ?_CallMemberFunction1@@YAXQEAX00@Z 000000018000ac80 f i libvcruntimed:frame.obj
 0001:00009cc0       ?_CallMemberFunction2@@YAXQEAX00H@Z 000000018000acc0 f i libvcruntimed:frame.obj
 0001:00009d50       ?begin@HandlerMap@__FrameHandler3@@QEAA?AViterator@12@XZ 000000018000ad50 f i libvcruntimed:frame.obj
 0001:00009d80       ?end@HandlerMap@__FrameHandler3@@QEAA?AViterator@12@XZ 000000018000ad80 f i libvcruntimed:frame.obj
 0001:00009db0       ?getESTypes@__FrameHandler3@@SAPEBU_s_ESTypeList@@PEBU_s_FuncInfo@@@Z 000000018000adb0 f i libvcruntimed:frame.obj
 0001:00009df0       ?getLastEntry@HandlerMap@__FrameHandler3@@QEAAPEBU_s_HandlerType@@XZ 000000018000adf0 f i libvcruntimed:frame.obj
 0001:00009e10       ?getMagicNum@__FrameHandler3@@SAIPEBU_s_FuncInfo@@@Z 000000018000ae10 f i libvcruntimed:frame.obj
 0001:00009e30       ?getNumTryBlocks@TryBlockMap@__FrameHandler3@@QEAAIXZ 000000018000ae30 f i libvcruntimed:frame.obj
 0001:00009e50       ?isEHs@__FrameHandler3@@SA_NPEBU_s_FuncInfo@@@Z 000000018000ae50 f i libvcruntimed:frame.obj
 0001:00009e90       ?isNoExcept@__FrameHandler3@@SA_NPEBU_s_FuncInfo@@@Z 000000018000ae90 f i libvcruntimed:frame.obj
 0001:00009ed0       ?what@exception@std@@UEBAPEBDXZ 000000018000aed0 f i libvcruntimed:frame.obj
 0001:00009f10       __vcrt_EncodePointer       000000018000af10 f i libvcruntimed:frame.obj
 0001:00009f40       memset_repmovs             000000018000af40 f   libvcruntimed:memset.obj
 0001:00009f60       memset                     000000018000af60 f   libvcruntimed:memset.obj
 0001:0000a100       _CallSettingFrame          000000018000b100 f   libvcruntimed:handlers.obj
 0001:0000a150       _CallSettingFrame_LookupContinuationIndex 000000018000b150 f   libvcruntimed:handlers.obj
 0001:0000a180       _CallSettingFrame_NotifyContinuationAddr 000000018000b180 f   libvcruntimed:handlers.obj
 0001:0000a1b0       _CallSettingFrameEncoded   000000018000b1b0 f   libvcruntimed:handlers.obj
 0001:0000a200       ??$?RD@__crt_public_free_policy@@QEBAXQEBD@Z 000000018000b200 f i libvcruntimed:std_exception.obj
 0001:0000a220       ??1?$__crt_unique_heap_ptr@DU__crt_public_free_policy@@@@QEAA@XZ 000000018000b220 f i libvcruntimed:std_exception.obj
 0001:0000a240       ?release@?$__crt_unique_heap_ptr@DU__crt_public_free_policy@@@@QEAAXXZ 000000018000b240 f i libvcruntimed:std_exception.obj
 0001:0000a270       __std_exception_copy       000000018000b270 f   libvcruntimed:std_exception.obj
 0001:0000a3b0       __std_exception_destroy    000000018000b3b0 f   libvcruntimed:std_exception.obj
 0001:0000a3f0       _CxxThrowException         000000018000b3f0 f   libvcruntimed:throw.obj
 0001:0000a520       roundf                     000000018000b520 f   libucrtd:roundf.obj
 0001:0000a5b0       sqrtf                      000000018000b5b0 f   libucrtd:sqrtf.obj
 0001:0000a6f0       _initterm                  000000018000b6f0 f   libucrtd:initterm.obj
 0001:0000a750       _initterm_e                000000018000b750 f   libucrtd:initterm.obj
 0001:0000a840       _seh_filter_dll            000000018000b840 f   libucrtd:exception_filter.obj
 0001:0000a870       _seh_filter_exe            000000018000b870 f   libucrtd:exception_filter.obj
 0001:0000ab10       ??$?B$$A6AXH@Z@__crt_fast_encoded_nullptr_t@@QEBAP6AXH@ZXZ 000000018000bb10 f i libucrtd:signal.obj
 0001:0000ab10       ??$?B$$A6AXXZ@__crt_fast_encoded_nullptr_t@@QEBAP6AXXZXZ 000000018000bb10 f i libucrtd:onexit.obj
 0001:0000ab10       ??$?BX@__crt_fast_encoded_nullptr_t@@QEBAPEAXXZ 000000018000bb10 f i libucrtd:initialization.obj
 0001:0000ab10       ??$?B$$A6AXPEAXK0@Z@__crt_fast_encoded_nullptr_t@@QEBAP6AXPEAXK0@ZXZ 000000018000bb10 f i libucrtd:exit.obj
 0001:0000ab10       ??$?BP6AXXZ@__crt_fast_encoded_nullptr_t@@QEBAPEAP6AXXZXZ 000000018000bb10 f i libucrtd:onexit.obj
 0001:0000abc0       ??$__crt_fast_decode_pointer@PEAX@@YAPEAXQEAX@Z 000000018000bbc0 f i libucrtd:winapi_thunks.obj
 0001:0000abc0       ??$__crt_fast_decode_pointer@P6AXPEAXK0@Z@@YAP6AXPEAXK0@ZQ6AX0K0@Z@Z 000000018000bbc0 f i libucrtd:exit.obj
 0001:0000abc0       ??$__crt_fast_decode_pointer@P6AXPEB_W00I_K@Z@@YAP6AXPEB_W00I_K@ZQ6AX000I1@Z@Z 000000018000bbc0 f i libucrtd:invalid_parameter.obj
 0001:0000abc0       ??$__crt_fast_decode_pointer@P6AHPEAU_exception@@@Z@@YAP6AHPEAU_exception@@@ZQ6AH0@Z@Z 000000018000bbc0 f i libucrtd:matherr.obj
 0001:0000abc0       ??$__crt_fast_decode_pointer@PEAP6AXXZ@@YAPEAP6AXXZQEAP6AXXZ@Z 000000018000bbc0 f i libucrtd:onexit.obj
 0001:0000abc0       ??$__crt_fast_decode_pointer@P6AXXZ@@YAP6AXXZQ6AXXZ@Z 000000018000bbc0 f i libucrtd:onexit.obj
 0001:0000abc0       ??$__crt_fast_decode_pointer@P6AXH@Z@@YAP6AXH@ZQ6AXH@Z@Z 000000018000bbc0 f i libucrtd:signal.obj
 0001:0000abc0       ??$__crt_fast_decode_pointer@P6AH_K@Z@@YAP6AH_K@ZQ6AH0@Z@Z 000000018000bbc0 f i libucrtd:new_handler.obj
 0001:0000ac00       ??$__crt_fast_encode_pointer@P6AXH@Z@@YAP6AXH@ZQ6AXH@Z@Z 000000018000bc00 f i libucrtd:signal.obj
 0001:0000ac00       ??$__crt_fast_encode_pointer@P6AXPEAXK0@Z@@YAP6AXPEAXK0@ZQ6AX0K0@Z@Z 000000018000bc00 f i libucrtd:exit.obj
 0001:0000ac00       ??$__crt_fast_encode_pointer@PEAX@@YAPEAXQEAX@Z 000000018000bc00 f i libucrtd:initialization.obj
 0001:0000ac00       ??$__crt_fast_encode_pointer@P6AXXZ@@YAP6AXXZQ6AXXZ@Z 000000018000bc00 f i libucrtd:onexit.obj
 0001:0000ac00       ??$__crt_fast_encode_pointer@PEAP6AXXZ@@YAPEAP6AXXZQEAP6AXXZ@Z 000000018000bc00 f i libucrtd:onexit.obj
 0001:0000ac40       ??$__crt_get_proc_address@P6AXI@Z@@YAP6AXI@ZQEAUHINSTANCE__@@QEBD@Z 000000018000bc40 f i libucrtd:exit.obj
 0001:0000ac70       ??$__crt_interlocked_read@J@@YAJPEDJ@Z 000000018000bc70 f i libucrtd:exit.obj
 0001:0000ad00       ??1?$__crt_unique_handle_t@U__crt_hmodule_traits@@@@QEAA@XZ 000000018000bd00 f i libucrtd:exit.obj
 0001:0000ae60       ?__acrt_select_exit_lock@@YA?AW4__acrt_lock_id@@XZ 000000018000be60 f i libucrtd:exit.obj
 0001:0000ae70       ?__crt_fast_encode_pointer@@YA?AU__crt_fast_encoded_nullptr_t@@$$T@Z 000000018000be70 f i libucrtd:exit.obj
 0001:0000ae90       ?__crt_interlocked_read_32@@YAHPEDH@Z 000000018000be90 f i libucrtd:exit.obj
 0001:0000aeb0       ?__crt_rotate_pointer_value@@YA_K_KH@Z 000000018000beb0 f i libucrtd:exit.obj
 0001:0000aef0       ?close@?$__crt_unique_handle_t@U__crt_hmodule_traits@@@@QEAAXXZ 000000018000bef0 f i libucrtd:exit.obj
 0001:0000af30       ?close@__crt_hmodule_traits@@SA_NPEAUHINSTANCE__@@@Z 000000018000bf30 f i libucrtd:exit.obj
 0001:0000b040       ?get_invalid_value@__crt_hmodule_traits@@SAPEAUHINSTANCE__@@XZ 000000018000c040 f i libucrtd:exit.obj
 0001:0000b040       ?get_current_state_index@__crt_state_management@@YA_KXZ 000000018000c040 f i libucrtd:environment_initialization.obj
 0001:0000b200       __acrt_initialize_thread_local_exit_callback 000000018000c200 f   libucrtd:exit.obj
 0001:0000b220       _cexit                     000000018000c220 f   libucrtd:exit.obj
 0001:0000b240       _exit                      000000018000c240 f   libucrtd:exit.obj
 0001:0000b260       _is_c_termination_complete 000000018000c260 f   libucrtd:exit.obj
 0001:0000b610       ??$get_module_file_name@$$TAEAY0BAF@DH@?$__crt_char_traits@D@@SAK$$QEA$$TAEAY0BAF@D$$QEAH@Z 000000018000c610 f i libucrtd:argv_parsing.obj
 0001:0000b610       ??$get_module_file_name@AEAPEAUHINSTANCE__@@AEAY0BAF@DK@?$__crt_char_traits@D@@SAKAEAPEAUHINSTANCE__@@AEAY0BAF@D$$QEAK@Z 000000018000c610 f i libucrtd:dbgrpt.obj
 0001:0000bae0       ??$set_program_name@PEAD@?$__crt_char_traits@D@@SAX$$QEAPEAD@Z 000000018000cae0 f i libucrtd:argv_parsing.obj
 0001:0000bc10       __acrt_allocate_buffer_for_argv 000000018000cc10 f   libucrtd:argv_parsing.obj
 0001:0000bd30       _configure_narrow_argv     000000018000cd30 f   libucrtd:argv_parsing.obj
 0001:0000bd50       _set_pgmptr                000000018000cd50 f i libucrtd:argv_parsing.obj
 0001:0000bf80       ??$tcslen@AEAPEAD@?$__crt_char_traits@D@@SA_KAEAPEAD@Z 000000018000cf80 f i libucrtd:environment_initialization.obj
 0001:0000bfcc       ??B?$__crt_unique_heap_ptr@PEADU__crt_internal_free_policy@@@@QEBA_NXZ 000000018000cfcc f i libucrtd:environment_initialization.obj
 0001:0000bfd4       ?detach@?$__crt_unique_heap_ptr@DU__crt_internal_free_policy@@@@QEAAPEADXZ 000000018000cfd4 f i libucrtd:environment_initialization.obj
 0001:0000bfdc       __dcrt_uninitialize_environments_nolock 000000018000cfdc f   libucrtd:environment_initialization.obj
 0001:0000c014       _initialize_narrow_environment 000000018000d014 f   libucrtd:environment_initialization.obj
 0001:0000c01c       _invoke_watson_if_error    000000018000d01c f i libucrtd:environment_initialization.obj
 0001:0000c320       _execute_onexit_table      000000018000d320 f   libucrtd:onexit.obj
 0001:0000c360       _initialize_onexit_table   000000018000d360 f   libucrtd:onexit.obj
 0001:0000c430       __acrt_uninitialize_command_line 000000018000d430 f   libucrtd:argv_data.obj
 0001:0000c6a0       ?initialize@?$dual_state_global@PEAU__crt_locale_data@@@__crt_state_management@@QEAAXQEAU__crt_locale_data@@@Z 000000018000d6a0 f i libucrtd:initialization.obj
 0001:0000c6a0       ?initialize@?$dual_state_global@P6AXH@Z@__crt_state_management@@QEAAXQ6AXH@Z@Z 000000018000d6a0 f i libucrtd:signal.obj
 0001:0000c6a0       ?initialize@?$dual_state_global@PEAU__crt_multibyte_data@@@__crt_state_management@@QEAAXQEAU__crt_multibyte_data@@@Z 000000018000d6a0 f i libucrtd:mbctype.obj
 0001:0000c6a0       ?initialize@?$dual_state_global@P6AHPEAU_exception@@@Z@__crt_state_management@@QEAAXQ6AHPEAU_exception@@@Z@Z 000000018000d6a0 f i libucrtd:matherr.obj
 0001:0000c6a0       ?initialize@?$dual_state_global@P6AH_K@Z@__crt_state_management@@QEAAXQ6AH_K@Z@Z 000000018000d6a0 f i libucrtd:new_handler.obj
 0001:0000c6f0       __acrt_initialize          000000018000d6f0 f   libucrtd:initialization.obj
 0001:0000c720       __acrt_thread_attach       000000018000d720 f   libucrtd:initialization.obj
 0001:0000c740       __acrt_thread_detach       000000018000d740 f   libucrtd:initialization.obj
 0001:0000c750       __acrt_uninitialize        000000018000d750 f   libucrtd:initialization.obj
 0001:0000c780       __acrt_uninitialize_critical 000000018000d780 f   libucrtd:initialization.obj
 0001:0000c7a0       terminate                  000000018000d7a0 f   libucrtd:terminate.obj
 0001:0000c7e0       ??0_LocaleUpdate@@QEAA@QEAU__crt_locale_pointers@@@Z 000000018000d7e0 f i libucrtd:debug_heap.obj
 0001:0000c900       ??1_LocaleUpdate@@QEAA@XZ  000000018000d900 f i libucrtd:debug_heap.obj
 0001:0000c930       ?GetLocaleT@_LocaleUpdate@@QEAAPEAU__crt_locale_pointers@@XZ 000000018000d930 f i libucrtd:debug_heap.obj
 0001:0000e910       _CrtCheckMemory            000000018000f910 f   libucrtd:debug_heap.obj
 0001:0000eaa0       _CrtDumpMemoryLeaks        000000018000faa0 f   libucrtd:debug_heap.obj
 0001:0000eb60       _CrtIsValidHeapPointer     000000018000fb60 f   libucrtd:debug_heap.obj
 0001:0000eba0       _CrtIsValidPointer         000000018000fba0 f   libucrtd:debug_heap.obj
 0001:0000ebe0       _CrtMemCheckpoint          000000018000fbe0 f   libucrtd:debug_heap.obj
 0001:0000ee60       _CrtMemDumpAllObjectsSince 000000018000fe60 f   libucrtd:debug_heap.obj
 0001:0000eec0       _CrtSetDbgFlag             000000018000fec0 f   libucrtd:debug_heap.obj
 0001:0000f020       _CrtSetDumpClient          0000000180010020 f   libucrtd:debug_heap.obj
 0001:0000f050       __acrt_disable_global_locale_sync 0000000180010050 f i libucrtd:debug_heap.obj
 0001:0000f080       __acrt_enable_global_locale_sync 0000000180010080 f i libucrtd:debug_heap.obj
 0001:0000f0b0       __acrt_get_locale_data_prefix 00000001800100b0 f i libucrtd:debug_heap.obj
 0001:0000f0d0       __acrt_locale_changed      00000001800100d0 f i libucrtd:debug_heap.obj
 0001:0000f100       _calloc_dbg                0000000180010100 f   libucrtd:debug_heap.obj
 0001:0000f1a0       _chvalidchk_l              00000001800101a0 f i libucrtd:debug_heap.obj
 0001:0000f1d0       _free_dbg                  00000001800101d0 f   libucrtd:debug_heap.obj
 0001:0000f240       _invoke_watson_if_oneof    0000000180010240 f i libucrtd:debug_heap.obj
 0001:0000f2a0       _ischartype_l              00000001800102a0 f i libucrtd:debug_heap.obj
 0001:0000f330       _malloc_dbg                0000000180010330 f   libucrtd:debug_heap.obj
 0001:0000f370       _msize_dbg                 0000000180010370 f   libucrtd:debug_heap.obj
 0001:0000f510       _realloc_dbg               0000000180010510 f   libucrtd:debug_heap.obj
 0001:0000f580       _recalloc_dbg              0000000180010580 f   libucrtd:debug_heap.obj
 0001:0000fb50       strcpy_s                   0000000180010b50 f   libucrtd:strcpy_s.obj
 0001:0000fb90       strcmp                     0000000180010b90 f   libucrtd:strcmp.obj
 0001:0000fc10       strlen                     0000000180010c10 f   libucrtd:strlen.obj
 0001:0000fcc0       abort                      0000000180010cc0 f   libucrtd:abort.obj
 0001:0000fd40       ??$?0AEBV?$string_output_adapter@D@__crt_stdio_output@@AEB_KAEBQEBDAEBQEAU__crt_locale_pointers@@AEBQEAD@?$format_validation_base@DV?$string_output_adapter@D@__crt_stdio_output@@@__crt_stdio_output@@IEAA@AEBV?$string_output_adapter@D@1@AEB_KAEBQEBDAEBQEAU__crt_locale_pointers@@AEBQEAD@Z 0000000180010d40 f i libucrtd:output.obj
 0001:0000fd90       ??$?0AEBV?$string_output_adapter@D@__crt_stdio_output@@AEB_KAEBQEBDAEBQEAU__crt_locale_pointers@@AEBQEAD@?$standard_base@DV?$string_output_adapter@D@__crt_stdio_output@@@__crt_stdio_output@@IEAA@AEBV?$string_output_adapter@D@1@AEB_KAEBQEBDAEBQEAU__crt_locale_pointers@@AEBQEAD@Z 0000000180010d90 f i libucrtd:output.obj
 0001:0000fe00       ??$?0AEBV?$string_output_adapter@_W@__crt_stdio_output@@AEB_KAEBQEB_WAEBQEAU__crt_locale_pointers@@AEBQEAD@?$format_validation_base@_WV?$string_output_adapter@_W@__crt_stdio_output@@@__crt_stdio_output@@IEAA@AEBV?$string_output_adapter@_W@1@AEB_KAEBQEB_WAEBQEAU__crt_locale_pointers@@AEBQEAD@Z 0000000180010e00 f i libucrtd:output.obj
 0001:0000fe50       ??$?0AEBV?$string_output_adapter@_W@__crt_stdio_output@@AEB_KAEBQEB_WAEBQEAU__crt_locale_pointers@@AEBQEAD@?$standard_base@_WV?$string_output_adapter@_W@__crt_stdio_output@@@__crt_stdio_output@@IEAA@AEBV?$string_output_adapter@_W@1@AEB_KAEBQEB_WAEBQEAU__crt_locale_pointers@@AEBQEAD@Z 0000000180010e50 f i libucrtd:output.obj
 0001:000117d0       ??$count@D@formatting_buffer@__crt_stdio_output@@QEBA_KXZ 00000001800127d0 f i libucrtd:output.obj
 0001:00011820       ??$count@_W@formatting_buffer@__crt_stdio_output@@QEBA_KXZ 0000000180012820 f i libucrtd:output.obj
 0001:00011870       ??$data@_W@formatting_buffer@__crt_stdio_output@@QEAAPEA_WXZ 0000000180012870 f i libucrtd:output.obj
 0001:00011870       ??$data@D@formatting_buffer@__crt_stdio_output@@QEAAPEADXZ 0000000180012870 f i libucrtd:output.obj
 0001:000118c0       ??$ensure_buffer_is_big_enough@D@formatting_buffer@__crt_stdio_output@@QEAA_N_K@Z 00000001800128c0 f i libucrtd:output.obj
 0001:000119f0       ??$ensure_buffer_is_big_enough@_W@formatting_buffer@__crt_stdio_output@@QEAA_N_K@Z 00000001800129f0 f i libucrtd:output.obj
 0001:00011b20       ??$extract_argument_from_va_list@C_J@?$standard_base@DV?$string_output_adapter@D@__crt_stdio_output@@@__crt_stdio_output@@IEAA_NAEA_J@Z 0000000180012b20 f i libucrtd:output.obj
 0001:00011b20       ??$extract_argument_from_va_list@C_J@?$standard_base@_WV?$string_output_adapter@_W@__crt_stdio_output@@@__crt_stdio_output@@IEAA_NAEA_J@Z 0000000180012b20 f i libucrtd:output.obj
 0001:00011b60       ??$extract_argument_from_va_list@E_J@?$standard_base@DV?$string_output_adapter@D@__crt_stdio_output@@@__crt_stdio_output@@IEAA_NAEA_J@Z 0000000180012b60 f i libucrtd:output.obj
 0001:00011b60       ??$extract_argument_from_va_list@E_J@?$standard_base@_WV?$string_output_adapter@_W@__crt_stdio_output@@@__crt_stdio_output@@IEAA_NAEA_J@Z 0000000180012b60 f i libucrtd:output.obj
 0001:00011ba0       ??$extract_argument_from_va_list@F_J@?$standard_base@DV?$string_output_adapter@D@__crt_stdio_output@@@__crt_stdio_output@@IEAA_NAEA_J@Z 0000000180012ba0 f i libucrtd:output.obj
 0001:00011ba0       ??$extract_argument_from_va_list@F_J@?$standard_base@_WV?$string_output_adapter@_W@__crt_stdio_output@@@__crt_stdio_output@@IEAA_NAEA_J@Z 0000000180012ba0 f i libucrtd:output.obj
 0001:00011be0       ??$extract_argument_from_va_list@GD@?$standard_base@DV?$string_output_adapter@D@__crt_stdio_output@@@__crt_stdio_output@@IEAA_NAEAD@Z 0000000180012be0 f i libucrtd:output.obj
 0001:00011c10       ??$extract_argument_from_va_list@G_J@?$standard_base@_WV?$string_output_adapter@_W@__crt_stdio_output@@@__crt_stdio_output@@IEAA_NAEA_J@Z 0000000180012c10 f i libucrtd:output.obj
 0001:00011c10       ??$extract_argument_from_va_list@G_J@?$standard_base@DV?$string_output_adapter@D@__crt_stdio_output@@@__crt_stdio_output@@IEAA_NAEA_J@Z 0000000180012c10 f i libucrtd:output.obj
 0001:00011c50       ??$extract_argument_from_va_list@H_J@?$standard_base@_WV?$string_output_adapter@_W@__crt_stdio_output@@@__crt_stdio_output@@IEAA_NAEA_J@Z 0000000180012c50 f i libucrtd:output.obj
 0001:00011c50       ??$extract_argument_from_va_list@H_J@?$standard_base@DV?$string_output_adapter@D@__crt_stdio_output@@@__crt_stdio_output@@IEAA_NAEA_J@Z 0000000180012c50 f i libucrtd:output.obj
 0001:00011c80       ??$extract_argument_from_va_list@I_J@?$standard_base@DV?$string_output_adapter@D@__crt_stdio_output@@@__crt_stdio_output@@IEAA_NAEA_J@Z 0000000180012c80 f i libucrtd:output.obj
 0001:00011c80       ??$extract_argument_from_va_list@I_J@?$standard_base@_WV?$string_output_adapter@_W@__crt_stdio_output@@@__crt_stdio_output@@IEAA_NAEA_J@Z 0000000180012c80 f i libucrtd:output.obj
 0001:00011cb0       ??$extract_argument_from_va_list@_J_J@?$standard_base@_WV?$string_output_adapter@_W@__crt_stdio_output@@@__crt_stdio_output@@IEAA_NAEA_J@Z 0000000180012cb0 f i libucrtd:output.obj
 0001:00011cb0       ??$extract_argument_from_va_list@_K_J@?$standard_base@DV?$string_output_adapter@D@__crt_stdio_output@@@__crt_stdio_output@@IEAA_NAEA_J@Z 0000000180012cb0 f i libucrtd:output.obj
 0001:00011cb0       ??$extract_argument_from_va_list@PEADPEAD@?$standard_base@_WV?$string_output_adapter@_W@__crt_stdio_output@@@__crt_stdio_output@@IEAA_NAEAPEAD@Z 0000000180012cb0 f i libucrtd:output.obj
 0001:00011cb0       ??$extract_argument_from_va_list@PEAXPEAX@?$standard_base@_WV?$string_output_adapter@_W@__crt_stdio_output@@@__crt_stdio_output@@IEAA_NAEAPEAX@Z 0000000180012cb0 f i libucrtd:output.obj
 0001:00011cb0       ??$extract_argument_from_va_list@PEAUansi_string@?1??type_case_Z@?$output_processor@DV?$string_output_adapter@D@__crt_stdio_output@@V?$format_validation_base@DV?$string_output_adapter@D@__crt_stdio_output@@@2@@__crt_stdio_output@@AEAA_NXZ@PEAU1?1??234@AEAA_NXZ@@?$standard_base@DV?$string_output_adapter@D@__crt_stdio_output@@@__crt_stdio_output@@IEAA_NAEAPEAUansi_string@?1??type_case_Z@?$output_processor@DV?$string_output_adapter@D@__crt_stdio_output@@V?$format_validation_base@DV?$string_output_adapter@D@__crt_stdio_output@@@2@@1@AEAA_NXZ@@Z 0000000180012cb0 f i libucrtd:output.obj
 0001:00011cb0       ??$extract_argument_from_va_list@PEAUansi_string@?1??type_case_Z@?$output_processor@_WV?$string_output_adapter@_W@__crt_stdio_output@@V?$format_validation_base@_WV?$string_output_adapter@_W@__crt_stdio_output@@@2@@__crt_stdio_output@@AEAA_NXZ@PEAU1?1??234@AEAA_NXZ@@?$standard_base@_WV?$string_output_adapter@_W@__crt_stdio_output@@@__crt_stdio_output@@IEAA_NAEAPEAUansi_string@?1??type_case_Z@?$output_processor@_WV?$string_output_adapter@_W@__crt_stdio_output@@V?$format_validation_base@_WV?$string_output_adapter@_W@__crt_stdio_output@@@2@@1@AEAA_NXZ@@Z 0000000180012cb0 f i libucrtd:output.obj
 0001:00011cb0       ??$extract_argument_from_va_list@_J_J@?$standard_base@DV?$string_output_adapter@D@__crt_stdio_output@@@__crt_stdio_output@@IEAA_NAEA_J@Z 0000000180012cb0 f i libucrtd:output.obj
 0001:00011cb0       ??$extract_argument_from_va_list@PEAXPEAX@?$standard_base@DV?$string_output_adapter@D@__crt_stdio_output@@@__crt_stdio_output@@IEAA_NAEAPEAX@Z 0000000180012cb0 f i libucrtd:output.obj
 0001:00011cb0       ??$extract_argument_from_va_list@PEADPEAD@?$standard_base@DV?$string_output_adapter@D@__crt_stdio_output@@@__crt_stdio_output@@IEAA_NAEAPEAD@Z 0000000180012cb0 f i libucrtd:output.obj
 0001:00011cb0       ??$extract_argument_from_va_list@_K_J@?$standard_base@_WV?$string_output_adapter@_W@__crt_stdio_output@@@__crt_stdio_output@@IEAA_NAEA_J@Z 0000000180012cb0 f i libucrtd:output.obj
 0001:00011ce0       ??$extract_argument_from_va_list@U_CRT_DOUBLE@@U1@@?$standard_base@DV?$string_output_adapter@D@__crt_stdio_output@@@__crt_stdio_output@@IEAA_NAEAU_CRT_DOUBLE@@@Z 0000000180012ce0 f i libucrtd:output.obj
 0001:00011ce0       ??$extract_argument_from_va_list@U_CRT_DOUBLE@@U1@@?$standard_base@_WV?$string_output_adapter@_W@__crt_stdio_output@@@__crt_stdio_output@@IEAA_NAEAU_CRT_DOUBLE@@@Z 0000000180012ce0 f i libucrtd:output.obj
 0001:00011d30       ??$extract_argument_from_va_list@_W_W@?$standard_base@DV?$string_output_adapter@D@__crt_stdio_output@@@__crt_stdio_output@@IEAA_NAEA_W@Z 0000000180012d30 f i libucrtd:output.obj
 0001:00011d30       ??$extract_argument_from_va_list@_W_W@?$standard_base@_WV?$string_output_adapter@_W@__crt_stdio_output@@@__crt_stdio_output@@IEAA_NAEA_W@Z 0000000180012d30 f i libucrtd:output.obj
 0001:00011d60       ??$is_wide_character_specifier@D@__crt_stdio_output@@YA_N_KDW4length_modifier@0@@Z 0000000180012d60 f i libucrtd:output.obj
 0001:00011e00       ??$is_wide_character_specifier@_W@__crt_stdio_output@@YA_N_K_WW4length_modifier@0@@Z 0000000180012e00 f i libucrtd:output.obj
 0001:00011ed0       ??$read_va_arg@C@__crt_stdio_output@@YACAEAPEAD@Z 0000000180012ed0 f i libucrtd:output.obj
 0001:00011ed0       ??$read_va_arg@E@__crt_stdio_output@@YAEAEAPEAD@Z 0000000180012ed0 f i libucrtd:output.obj
 0001:00011f40       ??$read_va_arg@G@__crt_stdio_output@@YAGAEAPEAD@Z 0000000180012f40 f i libucrtd:output.obj
 0001:00011f40       ??$read_va_arg@_W@__crt_stdio_output@@YA_WAEAPEAD@Z 0000000180012f40 f i libucrtd:output.obj
 0001:00011f40       ??$read_va_arg@F@__crt_stdio_output@@YAFAEAPEAD@Z 0000000180012f40 f i libucrtd:output.obj
 0001:00011fb0       ??$read_va_arg@H@__crt_stdio_output@@YAHAEAPEAD@Z 0000000180012fb0 f i libucrtd:output.obj
 0001:00011fb0       ??$read_va_arg@I@__crt_stdio_output@@YAIAEAPEAD@Z 0000000180012fb0 f i libucrtd:output.obj
 0001:00012010       ??$read_va_arg@PEAUansi_string@?1??type_case_Z@?$output_processor@_WV?$string_output_adapter@_W@__crt_stdio_output@@V?$format_validation_base@_WV?$string_output_adapter@_W@__crt_stdio_output@@@2@@__crt_stdio_output@@AEAA_NXZ@@__crt_stdio_output@@YAPEAUansi_string@?1??type_case_Z@?$output_processor@_WV?$string_output_adapter@_W@__crt_stdio_output@@V?$format_validation_base@_WV?$string_output_adapter@_W@__crt_stdio_output@@@2@@0@AEAA_NXZ@AEAPEAD@Z 0000000180013010 f i libucrtd:output.obj
 0001:00012010       ??$read_va_arg@U_CRT_DOUBLE@@@__crt_stdio_output@@YA?AU_CRT_DOUBLE@@AEAPEAD@Z 0000000180013010 f i libucrtd:output.obj
 0001:00012010       ??$read_va_arg@PEAD@__crt_stdio_output@@YAPEADAEAPEAD@Z 0000000180013010 f i libucrtd:output.obj
 0001:00012010       ??$read_va_arg@_K@__crt_stdio_output@@YA_KAEAPEAD@Z 0000000180013010 f i libucrtd:output.obj
 0001:00012010       ??$read_va_arg@_J@__crt_stdio_output@@YA_JAEAPEAD@Z 0000000180013010 f i libucrtd:output.obj
 0001:00012010       ??$read_va_arg@PEAX@__crt_stdio_output@@YAPEAXAEAPEAD@Z 0000000180013010 f i libucrtd:output.obj
 0001:00012010       ??$read_va_arg@PEAUansi_string@?1??type_case_Z@?$output_processor@DV?$string_output_adapter@D@__crt_stdio_output@@V?$format_validation_base@DV?$string_output_adapter@D@__crt_stdio_output@@@2@@__crt_stdio_output@@AEAA_NXZ@@__crt_stdio_output@@YAPEAUansi_string@?1??type_case_Z@?$output_processor@DV?$string_output_adapter@D@__crt_stdio_output@@V?$format_validation_base@DV?$string_output_adapter@D@__crt_stdio_output@@@2@@0@AEAA_NXZ@AEAPEAD@Z 0000000180013010 f i libucrtd:output.obj
 0001:00012080       ??$scratch_count@D@formatting_buffer@__crt_stdio_output@@QEBA_KXZ 0000000180013080 f i libucrtd:output.obj
 0001:000120a0       ??$scratch_data@D@formatting_buffer@__crt_stdio_output@@QEAAPEADXZ 00000001800130a0 f i libucrtd:output.obj
 0001:00012110       ??$tcstol@PEBDPEAPEADH@?$__crt_char_traits@D@@SAJ$$QEAPEBD$$QEAPEAPEAD$$QEAH@Z 0000000180013110 f i libucrtd:output.obj
 0001:00012150       ??$tcstol@PEB_WPEAPEA_WH@?$__crt_char_traits@_W@@SAJ$$QEAPEB_W$$QEAPEAPEA_W$$QEAH@Z 0000000180013150 f i libucrtd:output.obj
 0001:00012190       ??$type_case_integer_parse_into_buffer@I@?$output_processor@DV?$string_output_adapter@D@__crt_stdio_output@@V?$format_validation_base@DV?$string_output_adapter@D@__crt_stdio_output@@@2@@__crt_stdio_output@@AEAAXII_N@Z 0000000180013190 f i libucrtd:output.obj
 0001:000122c0       ??$type_case_integer_parse_into_buffer@I@?$output_processor@_WV?$string_output_adapter@_W@__crt_stdio_output@@V?$format_validation_base@_WV?$string_output_adapter@_W@__crt_stdio_output@@@2@@__crt_stdio_output@@AEAAXII_N@Z 00000001800132c0 f i libucrtd:output.obj
 0001:00012400       ??$type_case_integer_parse_into_buffer@_K@?$output_processor@DV?$string_output_adapter@D@__crt_stdio_output@@V?$format_validation_base@DV?$string_output_adapter@D@__crt_stdio_output@@@2@@__crt_stdio_output@@AEAAX_KI_N@Z 0000000180013400 f i libucrtd:output.obj
 0001:00012550       ??$type_case_integer_parse_into_buffer@_K@?$output_processor@_WV?$string_output_adapter@_W@__crt_stdio_output@@V?$format_validation_base@_WV?$string_output_adapter@_W@__crt_stdio_output@@@2@@__crt_stdio_output@@AEAAX_KI_N@Z 0000000180013550 f i libucrtd:output.obj
 0001:000126b0       ??$write_multiple_characters@V?$string_output_adapter@D@__crt_stdio_output@@D@__crt_stdio_output@@YAXAEBV?$string_output_adapter@D@0@DHQEAH@Z 00000001800136b0 f i libucrtd:output.obj
 0001:00012710       ??$write_multiple_characters@V?$string_output_adapter@_W@__crt_stdio_output@@D@__crt_stdio_output@@YAXAEBV?$string_output_adapter@_W@0@DHQEAH@Z 0000000180013710 f i libucrtd:output.obj
 0001:00012770       ??0?$common_data@D@__crt_stdio_output@@IEAA@XZ 0000000180013770 f i libucrtd:output.obj
 0001:00012840       ??0?$common_data@_W@__crt_stdio_output@@IEAA@XZ 0000000180013840 f i libucrtd:output.obj
 0001:00012910       ??0?$output_adapter_data@DV?$string_output_adapter@D@__crt_stdio_output@@@__crt_stdio_output@@IEAA@AEBV?$string_output_adapter@D@1@_KQEBDQEAU__crt_locale_pointers@@QEAD@Z 0000000180013910 f i libucrtd:output.obj
 0001:00012990       ??0?$output_adapter_data@_WV?$string_output_adapter@_W@__crt_stdio_output@@@__crt_stdio_output@@IEAA@AEBV?$string_output_adapter@_W@1@_KQEB_WQEAU__crt_locale_pointers@@QEAD@Z 0000000180013990 f i libucrtd:output.obj
 0001:00012a10       ??0?$output_processor@DV?$string_output_adapter@D@__crt_stdio_output@@V?$format_validation_base@DV?$string_output_adapter@D@__crt_stdio_output@@@2@@__crt_stdio_output@@QEAA@AEBV?$string_output_adapter@D@1@_KQEBDQEAU__crt_locale_pointers@@QEAD@Z 0000000180013a10 f i libucrtd:output.obj
 0001:00012a60       ??0?$output_processor@_WV?$string_output_adapter@_W@__crt_stdio_output@@V?$format_validation_base@_WV?$string_output_adapter@_W@__crt_stdio_output@@@2@@__crt_stdio_output@@QEAA@AEBV?$string_output_adapter@_W@1@_KQEB_WQEAU__crt_locale_pointers@@QEAD@Z 0000000180013a60 f i libucrtd:output.obj
 0001:00012ab0       ??0__crt_deferred_errno_cache@@QEAA@XZ 0000000180013ab0 f i libucrtd:output.obj
 0001:00012ad0       ??0__crt_errno_guard@@QEAA@QEAH@Z 0000000180013ad0 f i libucrtd:output.obj
 0001:00012b10       ??0formatting_buffer@__crt_stdio_output@@QEAA@XZ 0000000180013b10 f i libucrtd:output.obj
 0001:00012b50       ??1?$common_data@D@__crt_stdio_output@@QEAA@XZ 0000000180013b50 f i libucrtd:output.obj
 0001:00012b50       ??1?$common_data@_W@__crt_stdio_output@@QEAA@XZ 0000000180013b50 f i libucrtd:output.obj
 0001:00012b70       ??1?$format_validation_base@DV?$string_output_adapter@D@__crt_stdio_output@@@__crt_stdio_output@@QEAA@XZ 0000000180013b70 f i libucrtd:output.obj
 0001:00012b70       ??1?$format_validation_base@_WV?$string_output_adapter@_W@__crt_stdio_output@@@__crt_stdio_output@@QEAA@XZ 0000000180013b70 f i libucrtd:output.obj
 0001:00012b90       ??1?$output_adapter_data@DV?$string_output_adapter@D@__crt_stdio_output@@@__crt_stdio_output@@QEAA@XZ 0000000180013b90 f i libucrtd:output.obj
 0001:00012b90       ??1?$output_adapter_data@_WV?$string_output_adapter@_W@__crt_stdio_output@@@__crt_stdio_output@@QEAA@XZ 0000000180013b90 f i libucrtd:output.obj
 0001:00012bb0       ??1?$output_processor@DV?$string_output_adapter@D@__crt_stdio_output@@V?$format_validation_base@DV?$string_output_adapter@D@__crt_stdio_output@@@2@@__crt_stdio_output@@QEAA@XZ 0000000180013bb0 f i libucrtd:output.obj
 0001:00012bb0       ??1?$output_processor@_WV?$string_output_adapter@_W@__crt_stdio_output@@V?$format_validation_base@_WV?$string_output_adapter@_W@__crt_stdio_output@@@2@@__crt_stdio_output@@QEAA@XZ 0000000180013bb0 f i libucrtd:output.obj
 0001:00012bd0       ??1?$standard_base@DV?$string_output_adapter@D@__crt_stdio_output@@@__crt_stdio_output@@QEAA@XZ 0000000180013bd0 f i libucrtd:output.obj
 0001:00012bd0       ??1?$standard_base@_WV?$string_output_adapter@_W@__crt_stdio_output@@@__crt_stdio_output@@QEAA@XZ 0000000180013bd0 f i libucrtd:output.obj
 0001:00012bf0       ??1__crt_errno_guard@@QEAA@XZ 0000000180013bf0 f i libucrtd:output.obj
 0001:00012c20       ??1formatting_buffer@__crt_stdio_output@@QEAA@XZ 0000000180013c20 f i libucrtd:output.obj
 0001:00012c50       ??4?$__crt_unique_heap_ptr@DU__crt_internal_free_policy@@@@QEAAAEAV0@$$QEAV0@@Z 0000000180013c50 f i libucrtd:output.obj
 0001:00012c90       ??A?$spectre_mitigated_lookup_table@Ustate_transition_pair@__crt_stdio_output@@$0IA@@__crt_stdio_output@@QEBAAEBUstate_transition_pair@1@_K@Z 0000000180013c90 f i libucrtd:output.obj
 0001:00012cb0       ?adjust_hexit@?$output_processor@_WV?$string_output_adapter@_W@__crt_stdio_output@@V?$format_validation_base@_WV?$string_output_adapter@_W@__crt_stdio_output@@@2@@__crt_stdio_output@@CADH_N@Z 0000000180013cb0 f i libucrtd:output.obj
 0001:00012cb0       ?adjust_hexit@?$output_processor@DV?$string_output_adapter@D@__crt_stdio_output@@V?$format_validation_base@DV?$string_output_adapter@D@__crt_stdio_output@@@2@@__crt_stdio_output@@CADH_N@Z 0000000180013cb0 f i libucrtd:output.obj
 0001:00012d00       ?advance_to_next_pass@?$standard_base@_WV?$string_output_adapter@_W@__crt_stdio_output@@@__crt_stdio_output@@IEAA_NXZ 0000000180013d00 f i libucrtd:output.obj
 0001:00012d00       ?advance_to_next_pass@?$standard_base@DV?$string_output_adapter@D@__crt_stdio_output@@@__crt_stdio_output@@IEAA_NXZ 0000000180013d00 f i libucrtd:output.obj
 0001:00012d50       ?crop_zeroes@__crt_stdio_output@@YAXPEADQEAU__crt_locale_pointers@@@Z 0000000180013d50 f i libucrtd:output.obj
 0001:00012e90       ?find_next_state@?$output_processor@DV?$string_output_adapter@D@__crt_stdio_output@@V?$format_validation_base@DV?$string_output_adapter@D@__crt_stdio_output@@@2@@__crt_stdio_output@@AEBA?AW4state@2@DW432@@Z 0000000180013e90 f i libucrtd:output.obj
 0001:00012f20       ?find_next_state@?$output_processor@_WV?$string_output_adapter@_W@__crt_stdio_output@@V?$format_validation_base@_WV?$string_output_adapter@_W@__crt_stdio_output@@@2@@__crt_stdio_output@@AEBA?AW4state@2@_WW432@@Z 0000000180013f20 f i libucrtd:output.obj
 0001:00012fb0       ?force_decimal_point@__crt_stdio_output@@YAXPEADQEAU__crt_locale_pointers@@@Z 0000000180013fb0 f i libucrtd:output.obj
 0001:000130b0       ?get@__crt_deferred_errno_cache@@QEAAAEAHXZ 00000001800140b0 f i libucrtd:output.obj
 0001:000130e0       ?get_flags@__crt_stdio_stream@@QEBAJXZ 00000001800140e0 f i libucrtd:output.obj
 0001:00013110       ?has_flag@?$output_processor@DV?$string_output_adapter@D@__crt_stdio_output@@V?$format_validation_base@DV?$string_output_adapter@D@__crt_stdio_output@@@2@@__crt_stdio_output@@AEBA_NI@Z 0000000180014110 f i libucrtd:output.obj
 0001:00013110       ?has_flag@?$output_processor@_WV?$string_output_adapter@_W@__crt_stdio_output@@V?$format_validation_base@_WV?$string_output_adapter@_W@__crt_stdio_output@@@2@@__crt_stdio_output@@AEBA_NI@Z 0000000180014110 f i libucrtd:output.obj
 0001:00013150       ?is_string_backed@__crt_stdio_stream@@QEBA_NXZ 0000000180014150 f i libucrtd:output.obj
 0001:00013190       ?narrow_null_string@?$output_processor@DV?$string_output_adapter@D@__crt_stdio_output@@V?$format_validation_base@DV?$string_output_adapter@D@__crt_stdio_output@@@2@@__crt_stdio_output@@CAPEADXZ 0000000180014190 f i libucrtd:output.obj
 0001:00013190       ?narrow_null_string@?$output_processor@_WV?$string_output_adapter@_W@__crt_stdio_output@@V?$format_validation_base@_WV?$string_output_adapter@_W@__crt_stdio_output@@@2@@__crt_stdio_output@@CAPEADXZ 0000000180014190 f i libucrtd:output.obj
 0001:000131a0       ?parse_int_from_format_string@?$output_processor@DV?$string_output_adapter@D@__crt_stdio_output@@V?$format_validation_base@DV?$string_output_adapter@D@__crt_stdio_output@@@2@@__crt_stdio_output@@AEAA_NQEAH@Z 00000001800141a0 f i libucrtd:output.obj
 0001:00013290       ?parse_int_from_format_string@?$output_processor@_WV?$string_output_adapter@_W@__crt_stdio_output@@V?$format_validation_base@_WV?$string_output_adapter@_W@__crt_stdio_output@@@2@@__crt_stdio_output@@AEAA_NQEAH@Z 0000000180014290 f i libucrtd:output.obj
 0001:00013380       ?process@?$output_processor@DV?$string_output_adapter@D@__crt_stdio_output@@V?$format_validation_base@DV?$string_output_adapter@D@__crt_stdio_output@@@2@@__crt_stdio_output@@QEAAHXZ 0000000180014380 f i libucrtd:output.obj
 0001:000136e0       ?process@?$output_processor@_WV?$string_output_adapter@_W@__crt_stdio_output@@V?$format_validation_base@_WV?$string_output_adapter@_W@__crt_stdio_output@@@2@@__crt_stdio_output@@QEAAHXZ 00000001800146e0 f i libucrtd:output.obj
 0001:00013a40       ?set_flag@?$output_processor@DV?$string_output_adapter@D@__crt_stdio_output@@V?$format_validation_base@DV?$string_output_adapter@D@__crt_stdio_output@@@2@@__crt_stdio_output@@AEAAXI@Z 0000000180014a40 f i libucrtd:output.obj
 0001:00013a40       ?set_flag@?$output_processor@_WV?$string_output_adapter@_W@__crt_stdio_output@@V?$format_validation_base@_WV?$string_output_adapter@_W@__crt_stdio_output@@@2@@__crt_stdio_output@@AEAAXI@Z 0000000180014a40 f i libucrtd:output.obj
 0001:00013a60       ?validate_state_for_type_case_a@?$standard_base@DV?$string_output_adapter@D@__crt_stdio_output@@@__crt_stdio_output@@IEBA_NXZ 0000000180014a60 f i libucrtd:output.obj
 0001:00013a60       ?should_format@?$standard_base@_WV?$string_output_adapter@_W@__crt_stdio_output@@@__crt_stdio_output@@IEAA_NXZ 0000000180014a60 f i libucrtd:output.obj
 0001:00013a60       ?validate_and_update_state_at_beginning_of_format_character@?$standard_base@DV?$string_output_adapter@D@__crt_stdio_output@@@__crt_stdio_output@@IEAA_NXZ 0000000180014a60 f i libucrtd:output.obj
 0001:00013a60       ?validate_and_update_state_at_beginning_of_format_character@?$standard_base@_WV?$string_output_adapter@_W@__crt_stdio_output@@@__crt_stdio_output@@IEAA_NXZ 0000000180014a60 f i libucrtd:output.obj
 0001:00013a60       ?should_format@?$standard_base@DV?$string_output_adapter@D@__crt_stdio_output@@@__crt_stdio_output@@IEAA_NXZ 0000000180014a60 f i libucrtd:output.obj
 0001:00013a60       ?validate_state_for_type_case_a@?$standard_base@_WV?$string_output_adapter@_W@__crt_stdio_output@@@__crt_stdio_output@@IEBA_NXZ 0000000180014a60 f i libucrtd:output.obj
 0001:00013a70       ?should_skip_normal_state_processing@?$standard_base@_WV?$string_output_adapter@_W@__crt_stdio_output@@@__crt_stdio_output@@IEAA_NXZ 0000000180014a70 f i libucrtd:output.obj
 0001:00013a70       ?should_skip_normal_state_processing@?$standard_base@DV?$string_output_adapter@D@__crt_stdio_output@@@__crt_stdio_output@@IEAA_NXZ 0000000180014a70 f i libucrtd:output.obj
 0001:00013a70       ?should_skip_type_state_output@?$standard_base@_WV?$string_output_adapter@_W@__crt_stdio_output@@@__crt_stdio_output@@IEBA_NXZ 0000000180014a70 f i libucrtd:output.obj
 0001:00013a70       ?should_skip_type_state_output@?$standard_base@DV?$string_output_adapter@D@__crt_stdio_output@@@__crt_stdio_output@@IEBA_NXZ 0000000180014a70 f i libucrtd:output.obj
 0001:00013a80       ?state_case_dot@?$output_processor@_WV?$string_output_adapter@_W@__crt_stdio_output@@V?$format_validation_base@_WV?$string_output_adapter@_W@__crt_stdio_output@@@2@@__crt_stdio_output@@AEAA_NXZ 0000000180014a80 f i libucrtd:output.obj
 0001:00013a80       ?state_case_dot@?$output_processor@DV?$string_output_adapter@D@__crt_stdio_output@@V?$format_validation_base@DV?$string_output_adapter@D@__crt_stdio_output@@@2@@__crt_stdio_output@@AEAA_NXZ 0000000180014a80 f i libucrtd:output.obj
 0001:00013aa0       ?state_case_flag@?$output_processor@DV?$string_output_adapter@D@__crt_stdio_output@@V?$format_validation_base@DV?$string_output_adapter@D@__crt_stdio_output@@@2@@__crt_stdio_output@@AEAA_NXZ 0000000180014aa0 f i libucrtd:output.obj
 0001:00013b40       ?state_case_flag@?$output_processor@_WV?$string_output_adapter@_W@__crt_stdio_output@@V?$format_validation_base@_WV?$string_output_adapter@_W@__crt_stdio_output@@@2@@__crt_stdio_output@@AEAA_NXZ 0000000180014b40 f i libucrtd:output.obj
 0001:00013be0       ?state_case_normal@?$output_processor@DV?$string_output_adapter@D@__crt_stdio_output@@V?$format_validation_base@DV?$string_output_adapter@D@__crt_stdio_output@@@2@@__crt_stdio_output@@AEAA_NXZ 0000000180014be0 f i libucrtd:output.obj
 0001:00013cc0       ?state_case_normal@?$output_processor@_WV?$string_output_adapter@_W@__crt_stdio_output@@V?$format_validation_base@_WV?$string_output_adapter@_W@__crt_stdio_output@@@2@@__crt_stdio_output@@AEAA_NXZ 0000000180014cc0 f i libucrtd:output.obj
 0001:00013da0       ?state_case_normal_common@?$output_processor@DV?$string_output_adapter@D@__crt_stdio_output@@V?$format_validation_base@DV?$string_output_adapter@D@__crt_stdio_output@@@2@@__crt_stdio_output@@AEAA_NXZ 0000000180014da0 f i libucrtd:output.obj
 0001:00013df0       ?state_case_normal_common@?$output_processor@_WV?$string_output_adapter@_W@__crt_stdio_output@@V?$format_validation_base@_WV?$string_output_adapter@_W@__crt_stdio_output@@@2@@__crt_stdio_output@@AEAA_NXZ 0000000180014df0 f i libucrtd:output.obj
 0001:00013e40       ?state_case_normal_tchar@?$output_processor@DV?$string_output_adapter@D@__crt_stdio_output@@V?$format_validation_base@DV?$string_output_adapter@D@__crt_stdio_output@@@2@@__crt_stdio_output@@AEAA_ND@Z 0000000180014e40 f i libucrtd:output.obj
 0001:00013f80       ?state_case_normal_tchar@?$output_processor@_WV?$string_output_adapter@_W@__crt_stdio_output@@V?$format_validation_base@_WV?$string_output_adapter@_W@__crt_stdio_output@@@2@@__crt_stdio_output@@AEAA_N_W@Z 0000000180014f80 f i libucrtd:output.obj
 0001:00013fa0       ?state_case_percent@?$output_processor@_WV?$string_output_adapter@_W@__crt_stdio_output@@V?$format_validation_base@_WV?$string_output_adapter@_W@__crt_stdio_output@@@2@@__crt_stdio_output@@AEAA_NXZ 0000000180014fa0 f i libucrtd:output.obj
 0001:00013fa0       ?state_case_percent@?$output_processor@DV?$string_output_adapter@D@__crt_stdio_output@@V?$format_validation_base@DV?$string_output_adapter@D@__crt_stdio_output@@@2@@__crt_stdio_output@@AEAA_NXZ 0000000180014fa0 f i libucrtd:output.obj
 0001:00013ff0       ?state_case_precision@?$output_processor@DV?$string_output_adapter@D@__crt_stdio_output@@V?$format_validation_base@DV?$string_output_adapter@D@__crt_stdio_output@@@2@@__crt_stdio_output@@AEAA_NXZ 0000000180014ff0 f i libucrtd:output.obj
 0001:00014070       ?state_case_precision@?$output_processor@_WV?$string_output_adapter@_W@__crt_stdio_output@@V?$format_validation_base@_WV?$string_output_adapter@_W@__crt_stdio_output@@@2@@__crt_stdio_output@@AEAA_NXZ 0000000180015070 f i libucrtd:output.obj
 0001:000140f0       ?state_case_size@?$output_processor@DV?$string_output_adapter@D@__crt_stdio_output@@V?$format_validation_base@DV?$string_output_adapter@D@__crt_stdio_output@@@2@@__crt_stdio_output@@AEAA_NXZ 00000001800150f0 f i libucrtd:output.obj
 0001:00014570       ?state_case_size@?$output_processor@_WV?$string_output_adapter@_W@__crt_stdio_output@@V?$format_validation_base@_WV?$string_output_adapter@_W@__crt_stdio_output@@@2@@__crt_stdio_output@@AEAA_NXZ 0000000180015570 f i libucrtd:output.obj
 0001:000149f0       ?state_case_type@?$output_processor@DV?$string_output_adapter@D@__crt_stdio_output@@V?$format_validation_base@DV?$string_output_adapter@D@__crt_stdio_output@@@2@@__crt_stdio_output@@AEAA_NXZ 00000001800159f0 f i libucrtd:output.obj
 0001:00014e90       ?state_case_type@?$output_processor@_WV?$string_output_adapter@_W@__crt_stdio_output@@V?$format_validation_base@_WV?$string_output_adapter@_W@__crt_stdio_output@@@2@@__crt_stdio_output@@AEAA_NXZ 0000000180015e90 f i libucrtd:output.obj
 0001:000153f0       ?state_case_width@?$output_processor@DV?$string_output_adapter@D@__crt_stdio_output@@V?$format_validation_base@DV?$string_output_adapter@D@__crt_stdio_output@@@2@@__crt_stdio_output@@AEAA_NXZ 00000001800163f0 f i libucrtd:output.obj
 0001:00015480       ?state_case_width@?$output_processor@_WV?$string_output_adapter@_W@__crt_stdio_output@@V?$format_validation_base@_WV?$string_output_adapter@_W@__crt_stdio_output@@@2@@__crt_stdio_output@@AEAA_NXZ 0000000180016480 f i libucrtd:output.obj
 0001:00015510       ?state_count@?$format_validation_base@_WV?$string_output_adapter@_W@__crt_stdio_output@@@__crt_stdio_output@@KAIXZ 0000000180016510 f i libucrtd:output.obj
 0001:00015510       ?state_count@?$format_validation_base@DV?$string_output_adapter@D@__crt_stdio_output@@@__crt_stdio_output@@KAIXZ 0000000180016510 f i libucrtd:output.obj
 0001:00015520       ?state_transition_table@?$format_validation_base@_WV?$string_output_adapter@_W@__crt_stdio_output@@@__crt_stdio_output@@KAAEBV?$spectre_mitigated_lookup_table@Ustate_transition_pair@__crt_stdio_output@@$0IA@@2@XZ 0000000180016520 f i libucrtd:output.obj
[...]
 0002:00011ca8       $unwind$?write_string_to_console@@YAXQEB_W@Z 000000018004dca8     libucrtd:report_runtime_error.obj
 0002:00011cb8       $unwind$?fp_format_g@@YAHQEBNQEAD_K12H_NIQEAU__crt_locale_pointers@@@Z 000000018004dcb8     libucrtd:cvt.obj
 0002:00011cb8       $unwind$_mbtowc_l          000000018004dcb8     libucrtd:mbtowc.obj
 0002:00011cc4       $unwind$_wctomb_s_l        000000018004dcc4     libucrtd:wctomb.obj
 0002:00011cd0       $unwind$?get_zero_pack@?$__crt_simd_pack_traits@$00@@SA?AT__m256i@@XZ 000000018004dcd0     libucrtd:strnlen.obj
 0002:00011cd8       $unwind$?compare_equals@?$__crt_simd_traits@$00E@@SA?AT__m256i@@T2@0@Z 000000018004dcd8     libucrtd:strnlen.obj
 0002:00011cd8       $unwind$?compare_equals@?$__crt_simd_traits@$00G@@SA?AT__m256i@@T2@0@Z 000000018004dcd8     libucrtd:strnlen.obj
 0002:00011ce0       $unwind$??$common_strnlen_simd@$00$00G@@YA_KQEBG_K@Z 000000018004dce0     libucrtd:strnlen.obj
 0002:00011ce0       $unwind$??$common_strnlen_simd@$0A@$00E@@YA_KQEBE_K@Z 000000018004dce0     libucrtd:strnlen.obj
 0002:00011ce0       $unwind$??$common_strnlen_simd@$0A@$00G@@YA_KQEBG_K@Z 000000018004dce0     libucrtd:strnlen.obj
 0002:00011cec       $unwind$??$common_strnlen_simd@$00$0A@G@@YA_KQEBG_K@Z 000000018004dcec     libucrtd:strnlen.obj
 0002:00011cec       $unwind$??$common_strnlen_simd@$0A@$0A@E@@YA_KQEBE_K@Z 000000018004dcec     libucrtd:strnlen.obj
 0002:00011cec       $unwind$??$common_strnlen_simd@$0A@$0A@G@@YA_KQEBG_K@Z 000000018004dcec     libucrtd:strnlen.obj
 0002:00011cf4       $unwind$?fp_format_nan_or_infinity@@YAHW4__acrt_fp_class@@_NPEAD_K1@Z 000000018004dcf4     libucrtd:cvt.obj
 0002:00011cfc       $unwind$?fe_to_nearest@@YA_NQEBN_KF@Z 000000018004dcfc     libucrtd:cvt.obj
 0002:00011d04       $unwind$?should_round_up@@YA_NQEBN_KFW4__acrt_rounding_mode@@@Z 000000018004dd04     libucrtd:cvt.obj
 0002:00011d0c       $unwind$?fp_format_a@@YAHQEBNPEAD_KQEAD2H_NIQEAU__crt_locale_pointers@@W4__acrt_rounding_mode@@@Z 000000018004dd0c     libucrtd:cvt.obj
 0002:00011d1c       $stateUnwindMap$?fp_format_a@@YAHQEBNPEAD_KQEAD2H_NIQEAU__crt_locale_pointers@@W4__acrt_rounding_mode@@@Z 000000018004dd1c     libucrtd:cvt.obj
 0002:00011d30       $ip2state$?fp_format_a@@YAHQEBNPEAD_KQEAD2H_NIQEAU__crt_locale_pointers@@W4__acrt_rounding_mode@@@Z 000000018004dd30     libucrtd:cvt.obj
 0002:00011d78       $unwind$?fp_format_f@@YAHQEBNQEAD_K12HQEAU__crt_locale_pointers@@W4__acrt_rounding_mode@@@Z 000000018004dd78     libucrtd:cvt.obj
 0002:00011d80       $unwind$_VCrtDbgReportA    000000018004dd80     libucrtd:dbgrptt.obj
 0002:00011db8       $unwind$_VCrtDbgReportW    000000018004ddb8     libucrtd:dbgrptt.obj
 0002:00011df0       $unwind$_ctrlfp            000000018004ddf0     libucrtd:fpctrl.obj
 0002:00011e10       $unwind$__acrt_update_thread_locale_data 000000018004de10     libucrtd:locale_refcounting.obj
 0002:00011e30       $unwind$qsort              000000018004de30     libucrtd:qsort.obj
 0002:00011e40       $unwind$?shortsort@@YAXPEAD0_KP6AHPEBX2@Z@Z 000000018004de40     libucrtd:qsort.obj
 0002:00011e50       $stateUnwindMap$?shortsort@@YAXPEAD0_KP6AHPEBX2@Z@Z 000000018004de50     libucrtd:qsort.obj
 0002:00011e58       $ip2state$?shortsort@@YAXPEAD0_KP6AHPEBX2@Z@Z 000000018004de58     libucrtd:qsort.obj
 0002:00011e70       $unwind$??$common_tcsncpy_s@D@@YAHQEAD_KQEBD1@Z 000000018004de70     libucrtd:strncpy_s.obj
 0002:00011e70       $unwind$??$common_tcsncpy_s@_W@@YAHQEA_W_KQEB_W1@Z 000000018004de70     libucrtd:wcsncpy_s.obj
 0002:00011e78       $unwind$strpbrk            000000018004de78     libucrtd:strpbrk.obj
 0002:00011e80       $unwind$fallbackMethod     000000018004de80     libucrtd:strpbrk.obj
 0002:00011e90       $unwind$_mbsdec_l          000000018004de90     libucrtd:mbsdec.obj
 0002:00011e9c       $unwind$__acrt_GetStringTypeA 000000018004de9c     libucrtd:getstringtypea.obj
 0002:00011ea4       $unwind$__acrt_LCMapStringA 000000018004dea4     libucrtd:lcmapstringa.obj
 0002:00011eac       $unwind$_mbstowcs_s_l      000000018004deac     libucrtd:mbstowcs.obj
 0002:00011eac       $unwind$?__acrt_LCMapStringA_stat@@YAHPEAU__crt_locale_pointers@@PEB_WKPEBDHPEADHHH@Z 000000018004deac     libucrtd:lcmapstringa.obj
 0002:00011eb4       $unwind$__acrt_lowio_create_handle_array 000000018004deb4     libucrtd:osfinfo.obj
 0002:00011ebc       $unwind$__acrt_lowio_ensure_fh_exists 000000018004debc     libucrtd:osfinfo.obj
 0002:00011edc       $unwind$??R<lambda_ab61a845afdef5b7c387490eaf3616ee>@@QEBA@XZ 000000018004dedc     libucrtd:fflush.obj
 0002:00011ee4       $unwind$??$?RV<lambda_842d9ff0dc9ef11c61343bbaebe7f885>@@AEAV<lambda_c5860995281e5c4ce005b3de8f5874ee>@@V<lambda_d90129c13df834fdcbf8d2b88dafcf2d>@@@?$__crt_seh_guarded_call@X@@QEAAX$$QEAV<lambda_842d9ff0dc9ef11c61343bbaebe7f885>@@AEAV<lambda_c5860995281e5c4ce005b3de8f5874ee>@@$$QEAV<lambda_d90129c13df834fdcbf8d2b88dafcf2d>@@@Z 000000018004dee4     libucrtd:fflush.obj
 0002:00011f04       $unwind$??$?RV<lambda_886d6c58226a84441f68b9f2b8217b83>@@AEAV<lambda_ab61a845afdef5b7c387490eaf3616ee>@@V<lambda_f7f22ab5edc0698d5f6905b0d3f44752>@@@?$__crt_seh_guarded_call@X@@QEAAX$$QEAV<lambda_886d6c58226a84441f68b9f2b8217b83>@@AEAV<lambda_ab61a845afdef5b7c387490eaf3616ee>@@$$QEAV<lambda_f7f22ab5edc0698d5f6905b0d3f44752>@@@Z 000000018004df04     libucrtd:fflush.obj
 0002:00011f24       $unwind$??$common_tcscat_s@D@@YAHQEAD_KQEBD@Z 000000018004df24     libucrtd:strcat_s.obj
 0002:00011f24       $unwind$??$common_tcscat_s@_W@@YAHQEA_W_KQEB_W@Z 000000018004df24     libucrtd:wcscat_s.obj
 0002:00011f2c       $unwind$_isleadbyte_l      000000018004df2c     libucrtd:_wctype.obj
 0002:00011f34       $unwind$?__mbsrtowcs_utf8@__crt_mbstring@@YA_KPEA_WPEAPEBD_KPEAU_Mbstatet@@@Z 000000018004df34     libucrtd:mbrtowc.obj
 0002:00011f3c       $unwind$?__c32rtomb_utf8@__crt_mbstring@@YA_KPEAD_UPEAU_Mbstatet@@@Z 000000018004df3c     libucrtd:c32rtomb.obj
 0002:00011f44       $unwind$?reset_and_return@__crt_mbstring@@YA_K_KPEAU_Mbstatet@@@Z 000000018004df44     libucrtd:c32rtomb.obj
 0002:00011f4c       $unwind$__acrt_fltout      000000018004df4c     libucrtd:cfout.obj
 0002:00011f54       $unwind$?make_big_integer@__crt_strtox@@YA?AUbig_integer@1@_K@Z 000000018004df54     libucrtd:cfout.obj
 0002:00011f64       $unwind$?make_big_integer_power_of_two@__crt_strtox@@YA?AUbig_integer@1@I@Z 000000018004df64     libucrtd:cfout.obj
 0002:00011f74       $unwind$?shift_left@__crt_strtox@@YA_NAEAUbig_integer@1@I@Z 000000018004df74     libucrtd:cfout.obj
 0002:00011f84       $unwind$?multiply@__crt_strtox@@YA_NAEAUbig_integer@1@I@Z 000000018004df84     libucrtd:cfout.obj
 0002:00011f94       $unwind$?multiply@__crt_strtox@@YA_NAEAUbig_integer@1@AEBU21@@Z 000000018004df94     libucrtd:cfout.obj
 0002:00011fa4       $unwind$?multiply_by_power_of_ten@__crt_strtox@@YA_NAEAUbig_integer@1@I@Z 000000018004dfa4     libucrtd:cfout.obj
 0002:00011fb4       $unwind$?divide@__crt_strtox@@YA_KAEAUbig_integer@1@AEBU21@@Z 000000018004dfb4     libucrtd:cfout.obj
 0002:00011fc4       $unwind$??$convert_to_fos_high_precision@N@@YA?AW4__acrt_has_trailing_digits@@NIQEAHQEAD_K@Z 000000018004dfc4     libucrtd:cfout.obj
 0002:00011fd4       $unwind$_fcloseall         000000018004dfd4     libucrtd:closeall.obj
 0002:00011ff4       $unwind$??$common_xtox_s@KD@@YAHKQEAD_KI_N@Z 000000018004dff4     libucrtd:xtoa.obj
 0002:00011ff4       $unwind$??$common_xtox_s@K_W@@YAHKQEA_W_KI_N@Z 000000018004dff4     libucrtd:xtoa.obj
 0002:00011ffc       $unwind$?_mbstowcs_l_helper@@YA_KPEA_WPEBD_KPEAU__crt_locale_pointers@@@Z 000000018004dffc     libucrtd:mbstowcs.obj
 0002:00012008       $unwind$?_wcstombs_l_helper@@YA_KPEADPEB_W_KPEAU__crt_locale_pointers@@@Z 000000018004e008     libucrtd:wcstombs.obj
 0002:00012020       $stateUnwindMap$?_wcstombs_l_helper@@YA_KPEADPEB_W_KPEAU__crt_locale_pointers@@@Z 000000018004e020     libucrtd:wcstombs.obj
 0002:00012030       $ip2state$?_wcstombs_l_helper@@YA_KPEADPEB_W_KPEAU__crt_locale_pointers@@@Z 000000018004e030     libucrtd:wcstombs.obj
 0002:00012148       $unwind$__acrt_OutputDebugStringA 000000018004e148     libucrtd:outputdebugstringa.obj
 0002:00012160       $xdatasym                  000000018004e160     libucrtd:fpsr.obj
 0002:00012168       $unwind$??$?RV<lambda_4e3dbe6921bc0b5a1a6bc6573fdc859e>@@AEAV<lambda_5533cddd4bda0037814beee657757329>@@V<lambda_47cffbaa968af5c721c38a4a6f8da44d>@@@?$__crt_seh_guarded_call@H@@QEAAH$$QEAV<lambda_4e3dbe6921bc0b5a1a6bc6573fdc859e>@@AEAV<lambda_5533cddd4bda0037814beee657757329>@@$$QEAV<lambda_47cffbaa968af5c721c38a4a6f8da44d>@@@Z 000000018004e168     libucrtd:commit.obj
 0002:00012188       $unwind$_write             000000018004e188     libucrtd:write.obj
 0002:000121a8       $unwind$_write_nolock      000000018004e1a8     libucrtd:write.obj
 0002:000121bc       $unwind$?write_double_translated_ansi_nolock@@YA?AUwrite_result@?A0x17268360@@HQEBDI@Z 000000018004e1bc     libucrtd:write.obj
 0002:000121d0       $unwind$?write_double_translated_unicode_nolock@@YA?AUwrite_result@?A0x17268360@@QEBDI@Z 000000018004e1d0     libucrtd:write.obj
 0002:000121e4       $unwind$?write_text_ansi_nolock@@YA?AUwrite_result@?A0x17268360@@HQEBDI@Z 000000018004e1e4     libucrtd:write.obj
 0002:000121e4       $unwind$?write_text_utf16le_nolock@@YA?AUwrite_result@?A0x17268360@@HQEBDI@Z 000000018004e1e4     libucrtd:write.obj
 0002:000121f8       $unwind$?write_text_utf8_nolock@@YA?AUwrite_result@?A0x17268360@@HQEBDI@Z 000000018004e1f8     libucrtd:write.obj
 0002:0001220c       $unwind$?write_binary_nolock@@YA?AUwrite_result@?A0x17268360@@HQEBDI@Z 000000018004e20c     libucrtd:write.obj
 0002:00012220       $unwind$?__mbrtoc32_utf8@__crt_mbstring@@YA_KPEA_UPEBD_KPEAU_Mbstatet@@@Z 000000018004e220     libucrtd:mbrtoc32.obj
 0002:00012230       $xdatasym                  000000018004e230     libucrtd:log10.obj
 0002:0001223c       $unwind$ceil               000000018004e23c     libucrtd:ceil.obj
 0002:00012244       $unwind$fclose             000000018004e244     libucrtd:fclose.obj
 0002:00012264       $unwind$?__wcsrtombs_utf8@__crt_mbstring@@YA_KPEADPEAPEB_W_KPEAU_Mbstatet@@@Z 000000018004e264     libucrtd:wcrtomb.obj
 0002:00012274       $unwind$__acrt_initialize_fma3 000000018004e274     libucrtd:fma3_available.obj
 0002:00012284       $unwind$_log_special_common 000000018004e284     libucrtd:log_special.obj
 0002:00012294       $unwind$_log10_special     000000018004e294     libucrtd:log_special.obj
 0002:0001229c       $unwind$common_control87   000000018004e29c     libucrtd:ieee.obj
 0002:000122bc       $unwind$??$?RV<lambda_53fc7fc888e23d815d7080162c0aeeb2>@@AEAV<lambda_4e7105787b7b0e0227fbf2b2d883fa65>@@V<lambda_8ddc48ad9d26c778cb15812d1d88fc8a>@@@?$__crt_seh_guarded_call@H@@QEAAH$$QEAV<lambda_53fc7fc888e23d815d7080162c0aeeb2>@@AEAV<lambda_4e7105787b7b0e0227fbf2b2d883fa65>@@$$QEAV<lambda_8ddc48ad9d26c778cb15812d1d88fc8a>@@@Z 000000018004e2bc     libucrtd:close.obj
 0002:000122dc       $unwind$?__c16rtomb_utf8@__crt_mbstring@@YA_KPEAD_SPEAU_Mbstatet@@@Z 000000018004e2dc     libucrtd:c16rtomb.obj
 0002:000122e4       $unwind$__dcrt_lowio_ensure_console_output_initialized 000000018004e2e4     libucrtd:initcon.obj
 0002:000122ec       $unwind$__dcrt_write_console 000000018004e2ec     libucrtd:initcon.obj
 0002:00012300       $unwind$_IsNonwritableInCurrentImage 000000018004e300     LIBCMTD:pesect.obj
 0002:00012320       $xdatasym                  000000018004e320     LIBCMTD:chkstk.obj
 0002:00012328       $xdatasym                  000000018004e328     libvcruntimed:memcmp.obj
 0002:0001232c       $unwind$strrchr            000000018004e32c     libvcruntimed:strrchr.obj
 0002:000123c0       .edata                     000000018004e3c0     handmade.exp
 0002:000123e8       rgpv                       000000018004e3e8     handmade.exp
 0002:000123f0       rgszName                   000000018004e3f0     handmade.exp
 0002:000123f8       rgwOrd                     000000018004e3f8     handmade.exp
 0002:000123fc       szName                     000000018004e3fc     handmade.exp
 0002:00012409       $N00001                    000000018004e409     handmade.exp
 0002:0001241d       $N00002                    000000018004e41d     handmade.exp
 0002:00012818       .idata$6                   000000018004e818     kernel32:KERNEL32.dll
 0003:00000000       ?RandomNumberTable@@3PAIA  000000018004f000     handmade.obj
 0003:00005030       ?__vcrt_flsindex@@3KA      0000000180054030     libvcruntimed:per_thread_data.obj
 0003:00005040       ?__acrt_current_request_number@@3JA 0000000180054040     libucrtd:debug_heap.obj
 0003:00005060       ?__acrt_flsindex@@3KA      0000000180054060     libucrtd:per_thread_data.obj
 0003:00005064       ?errno_no_memory@@3HA      0000000180054064     libucrtd:errno.obj
 0003:00005068       ?doserrno_no_memory@@3KA   0000000180054068     libucrtd:errno.obj
 0003:000052a0       _mbctypes                  00000001800542a0     libucrtd:mbctype.obj
 0003:000053b0       _mbcasemaps                00000001800543b0     libucrtd:mbctype.obj
 0003:000054b0       ?__rgctypeflag@@3PADA      00000001800544b0     libucrtd:mbctype.obj
 0003:000054c0       ?__rgcode_page_info@@3PAUcode_page_info@@A 00000001800544c0     libucrtd:mbctype.obj
 0003:00005728       ?__acrt_debug_fill_threshold@@3_KA 0000000180054728     libucrtd:debug_fill_threshold.obj
 0003:00005864       ?dazSupported@?1??_ctrlfp@@9@9 0000000180054864     libucrtd:fpctrl.obj
 0003:00005a20       ?dazSupported@?1??common_control87@@9@9 0000000180054a20     libucrtd:ieee.obj
 0003:00005a28       ?__dcrt_lowio_console_output_handle@@3PEAXEA 0000000180054a28     libucrtd:initcon.obj
 0003:00005aa0       ?__proc_attached@@3HA      0000000180054aa0     LIBCMTD:dll_dllmain.obj
 0003:00005ab0       GS_ExceptionRecord         0000000180054ab0     LIBCMTD:gs_report.obj
 0003:00005b50       GS_ContextRecord           0000000180054b50     LIBCMTD:gs_report.obj
 0003:00006050       ?is_initialized_as_dll@@3_NA 0000000180055050     LIBCMTD:utility.obj
 0003:00006051       ?module_local_atexit_table_initialized@@3_NA 0000000180055051     LIBCMTD:utility.obj
 0003:00006058       ?module_local_atexit_table@@3U_onexit_table_t@@A 0000000180055058     LIBCMTD:utility.obj
 0003:00006070       ?module_local_at_quick_exit_table@@3U_onexit_table_t@@A 0000000180055070     LIBCMTD:utility.obj
 0003:000060e8       ?heap@@3V_HeapManager@@A   00000001800550e8     libvcruntimed:undname.obj
 0003:00006110       ?__vcrt_startup_thread_ptd@@3U__vcrt_ptd@@A 0000000180055110     libvcruntimed:per_thread_data.obj
 0003:00006190       __vcrt_lock_table          0000000180055190     libvcruntimed:locks.obj
 0003:000061b8       __vcrt_locks_initialized   00000001800551b8     libvcruntimed:locks.obj
 0003:000061c0       ?module_handles@@3PAPEAUHINSTANCE__@@A 00000001800551c0     libvcruntimed:winapi_downlevel.obj
 0003:000061d8       ?function_pointers@@3PAPEAXA 00000001800551d8     libvcruntimed:winapi_downlevel.obj
 0003:00006208       ?c_termination_complete@@3JA 0000000180055208     libucrtd:exit.obj
 0003:00006210       ?thread_local_exit_callback_func@@3P6AXPEAXK0@ZEA 0000000180055210     libucrtd:exit.obj
 0003:00006220       ?program_name@?1???$common_configure_argv@D@@YAHW4_crt_argv_mode@@@Z@4PADA 0000000180055220     libucrtd:argv_parsing.obj
 0003:00006378       ?__acrt_first_block@@3PEAU_CrtMemBlockHeader@@EA 0000000180055378     libucrtd:debug_heap.obj
 0003:00006380       ?__acrt_last_block@@3PEAU_CrtMemBlockHeader@@EA 0000000180055380     libucrtd:debug_heap.obj
 0003:00006388       ?__acrt_total_allocations@@3_KA 0000000180055388     libucrtd:debug_heap.obj
 0003:00006390       ?__acrt_current_allocations@@3_KA 0000000180055390     libucrtd:debug_heap.obj
 0003:00006398       ?__acrt_max_allocations@@3_KA 0000000180055398     libucrtd:debug_heap.obj
 0003:000063a0       ?__acrt_check_frequency@@3IA 00000001800553a0     libucrtd:debug_heap.obj
 0003:000063a4       ?__acrt_check_counter@@3IA 00000001800553a4     libucrtd:debug_heap.obj
 0003:000063b0       ?heap_validation_pending@@3_NA 00000001800553b0     libucrtd:debug_heap.obj
 0003:000063c0       ?__acrt_lock_table@@3PAU_RTL_CRITICAL_SECTION@@A 00000001800553c0     libucrtd:locks.obj
 0003:000065f0       ?__acrt_locks_initialized@@3IA 00000001800555f0     libucrtd:locks.obj
 0003:000065f4       ?state_cache@?1???$get_cached_win_policy@Udeveloper_information_policy_properties@?1??__acrt_get_developer_information_policy@@YA?AW4developer_information_policy@@XZ@@@YA?AW4developer_information_policy@@W4AppPolicyShowDeveloperDiagnostic@@@Z@4JA 00000001800555f4     libucrtd:win_policies.obj
 0003:000065f8       ?state_cache@?1???$get_cached_win_policy@Uwindowing_model_policy_properties@?1??__acrt_get_windowing_model_policy@@YA?AW4windowing_model_policy@@XZ@@@YA?AW4windowing_model_policy@@W4AppPolicyWindowingModel@@@Z@4JA 00000001800555f8     libucrtd:win_policies.obj
 0003:00006600       ?__acrt_invalid_parameter_handler@@3V?$dual_state_global@P6AXPEB_W00I_K@Z@__crt_state_management@@A 0000000180055600     libucrtd:invalid_parameter.obj
 0003:00006620       ?fSystemSet@@3HA           0000000180055620     libucrtd:mbctype.obj
 0003:00006624       ?initialized@?1??__acrt_initialize_multibyte@@9@4_NA 0000000180055624     libucrtd:mbctype.obj
 0003:00006660       ?module_handles@@3PAPEAUHINSTANCE__@@A 0000000180055660     libucrtd:winapi_thunks.obj
 0003:00006700       ?encoded_function_pointers@@3PAPEAXA 0000000180055700     libucrtd:winapi_thunks.obj
 0003:00006c28       ?__acrt_new_handler@@3V?$dual_state_global@P6AH_K@Z@__crt_state_management@@A 0000000180055c28     libucrtd:new_handler.obj
 0003:00006c30       ?ctrlc_action@@3V?$dual_state_global@P6AXH@Z@__crt_state_management@@A 0000000180055c30     libucrtd:signal.obj
 0003:00006c38       ?ctrlbreak_action@@3V?$dual_state_global@P6AXH@Z@__crt_state_management@@A 0000000180055c38     libucrtd:signal.obj
 0003:00006c40       ?abort_action@@3V?$dual_state_global@P6AXH@Z@__crt_state_management@@A 0000000180055c40     libucrtd:signal.obj
 0003:00006c48       ?term_action@@3V?$dual_state_global@P6AXH@Z@__crt_state_management@@A 0000000180055c48     libucrtd:signal.obj
 0003:00006c50       ?user_matherr@@3V?$dual_state_global@P6AHPEAU_exception@@@Z@__crt_state_management@@A 0000000180055c50     libucrtd:matherr.obj
 0003:00006c70       ?__acrt_global_new_mode@@3V?$dual_state_global@J@__crt_state_management@@A 0000000180055c70     libucrtd:new_mode.obj
 0003:00006c78       ?__acrt_app_type@@3W4_crt_app_type@@A 0000000180055c78     libucrtd:report_runtime_error.obj
 0003:00006c80       ?outmsg@?9??__acrt_report_runtime_error@@9@4PA_WA 0000000180055c80     libucrtd:report_runtime_error.obj
 0003:000072a8       ?internal_state@?1??_mbtowc_l@@9@4U_Mbstatet@@A 00000001800562a8     libucrtd:mbtowc.obj
 0003:000072c0       ?enable_percent_n@@3_KA    00000001800562c0     libucrtd:printf_count_output.obj
 0003:000072e8       __acrt_error_mode          00000001800562e8     libucrtd:set_error_mode.obj
 0003:000072f0       ?internal_pst@?1??__mbrtoc32_utf8@__crt_mbstring@@YA_KPEA_UPEBD_KPEAU_Mbstatet@@@Z@4U3@A 00000001800562f0     libucrtd:mbrtoc32.obj
 0003:00007300       ?internal_pst@?1??__c16rtomb_utf8@__crt_mbstring@@YA_KPEAD_SPEAU_Mbstatet@@@Z@4U3@A 0000000180056300     libucrtd:c16rtomb.obj
 0005:00000000       MoveSmall                  000000018005a000     libvcruntimed:memcpy.obj
 0005:00000050       MsetTab                    000000018005a050     libvcruntimed:memset.obj
