 handmade

 Timestamp is 5ec8d2d8 (Sat May 23 01:38:00 2020)

 Preferred load address is 0000000180000000

 Start         Length     Name                   Class
 0001:00000000 00037d10H .text$mn                CODE
 0001:00037d10 00000020H .text$mn$00             CODE
 0001:00037d30 0000068dH .text$x                 CODE
 0002:00000000 00000248H .idata$5                DATA
 0002:00000248 00000028H .00cfg                  DATA
 0002:00000270 00000008H .CRT$XCA                DATA
 0002:00000278 00000008H .CRT$XCZ                DATA
 0002:00000280 00000008H .CRT$XIA                DATA
 0002:00000288 00000018H .CRT$XIC                DATA
 0002:000002a0 00000008H .CRT$XIZ                DATA
 0002:000002a8 00000008H .CRT$XPA                DATA
 0002:000002b0 00000010H .CRT$XPX                DATA
 0002:000002c0 00000008H .CRT$XPXA               DATA
 0002:000002c8 00000008H .CRT$XPZ                DATA
 0002:000002d0 00000008H .CRT$XTA                DATA
 0002:000002d8 00000008H .CRT$XTZ                DATA
 0002:000002e0 00000000H .gfids$y                DATA
 0002:000002e0 000102e0H .rdata                  DATA
 0002:000105c0 0000016cH .rdata$r                DATA
 0002:0001072c 000002f4H .rdata$zzzdbg           DATA
 0002:00010a20 00000008H .rtc$IAA                DATA
 0002:00010a28 00000008H .rtc$IZZ                DATA
 0002:00010a30 00000008H .rtc$TAA                DATA
 0002:00010a38 00000008H .rtc$TZZ                DATA
 0002:00010a40 000010e8H .xdata                  DATA
 0002:00011b28 00000088H .xdata$x                DATA
 0002:00011bb0 00000074H .edata                  DATA
 0002:00011c24 00000014H .idata$2                DATA
 0002:00011c38 00000018H .idata$3                DATA
 0002:00011c50 00000248H .idata$4                DATA
 0002:00011e98 00000554H .idata$6                DATA
 0003:00000000 00005a30H .data                   DATA
 0003:00005a30 00000070H .data$r                 DATA
 0003:00005aa0 00001868H .bss                    DATA
 0004:00000000 00002dc0H .pdata                  DATA
 0005:00000000 00000094H _RDATA                  DATA

  Address         Publics by Value              Rva+Base               Lib:Object

 0000:00000000       __hybrid_code_map_count    0000000000000000     <absolute>
 0000:00000000       __guard_fids_count         0000000000000000     <absolute>
 0000:00000000       __guard_longjmp_table      0000000000000000     <absolute>
 0000:00000000       __hybrid_code_map          0000000000000000     <absolute>
 0000:00000000       __guard_iat_count          0000000000000000     <absolute>
 0000:00000000       __guard_eh_cont_count      0000000000000000     <absolute>
 0000:00000000       __guard_iat_table          0000000000000000     <absolute>
 0000:00000000       __volatile_metadata        0000000000000000     <absolute>
 0000:00000000       __guard_longjmp_count      0000000000000000     <absolute>
 0000:00000000       __guard_eh_cont_table      0000000000000000     <absolute>
 0000:00000000       __enclave_config           0000000000000000     <absolute>
 0000:00000000       ___safe_se_handler_count   0000000000000000     <absolute>
 0000:00000000       __AbsoluteZero             0000000000000000     <absolute>
 0000:00000000       ___safe_se_handler_table   0000000000000000     <absolute>
 0000:00000000       __guard_fids_table         0000000000000000     <absolute>
 0000:00000000       __hybrid_auxiliary_iat     0000000000000000     <absolute>
 0000:00000000       __dynamic_value_reloc_table 0000000000000000     <absolute>
 0000:00000100       __guard_flags              0000000000000100     <absolute>
 0000:00000000       __ImageBase                0000000180000000     <linker-defined>
 0001:00000040       ?PushSize_@@YAPEAXPEAUmemory_arena@@_K@Z 0000000180001040 f   handmade.obj
 0001:00000640       GameUpdateAndRender        0000000180001640 f   handmade.obj
 0001:000015c0       GameGetSoundSamples        00000001800025c0 f   handmade.obj
 0001:00001600       ?GetChunkPositionFor@@YA?AUtile_chunk_position@@PEAUtile_map@@III@Z 0000000180002600 f i handmade.obj
 0001:000016b0       ?GetController@@YAPEAUgame_controller_input@@PEAUgame_input@@H@Z 00000001800026b0 f i handmade.obj
 0001:00001700       ?GetTileChunk@@YAPEAUtile_chunk@@PEAUtile_map@@III@Z 0000000180002700 f i handmade.obj
 0001:00001790       ?GetTileValue@@YAIPEAUtile_map@@PEAUtile_chunk@@II@Z 0000000180002790 f i handmade.obj
 0001:000017f0       ?GetTileValueUnchecked@@YAIPEAUtile_map@@PEAUtile_chunk@@II@Z 00000001800027f0 f i handmade.obj
 0001:00001880       ?RecanonicalizeCoord@@YAXPEAUtile_map@@PEAIPEAM@Z 0000000180002880 f i handmade.obj
 0001:00001940       ?RecanonicalizePosition@@YA?AUtile_map_position@@PEAUtile_map@@U1@@Z 0000000180002940 f i handmade.obj
 0001:000019d0       ?RoundReal32ToInt32@@YAHM@Z 00000001800029d0 f i handmade.obj
 0001:00001a00       ?RoundReal32ToUInt32@@YAIM@Z 0000000180002a00 f i handmade.obj
 0001:00001a30       ?SetTileValue@@YAXPEAUtile_map@@PEAUtile_chunk@@III@Z 0000000180002a30 f i handmade.obj
 0001:00001a90       ?SetTileValueUnchecked@@YAXPEAUtile_map@@PEAUtile_chunk@@III@Z 0000000180002a90 f i handmade.obj
 0001:00001b10       __GSHandlerCheck           0000000180002b10 f   LIBCMTD:gshandler.obj
 0001:00001b50       __GSHandlerCheckCommon     0000000180002b50 f   LIBCMTD:gshandler.obj
 0001:00001c60       __security_check_cookie    0000000180002c60 f   LIBCMTD:amdsecgs.obj
 0001:000020a0       _DllMainCRTStartup         00000001800030a0 f   LIBCMTD:dll_dllmain.obj
 0001:000020e0       __raise_securityfailure    00000001800030e0 f   LIBCMTD:gs_report.obj
 0001:00002120       __report_gsfailure         0000000180003120 f   LIBCMTD:gs_report.obj
 0001:00002200       __report_rangecheckfailure 0000000180003200 f   LIBCMTD:gs_report.obj
 0001:00002220       __report_securityfailure   0000000180003220 f   LIBCMTD:gs_report.obj
 0001:000024e0       __security_init_cookie     00000001800034e0 f   LIBCMTD:gs_support.obj
 0001:00002560       DllMain                    0000000180003560 f   LIBCMTD:dll_dllmain_stub.obj
 0001:00002580       ?__scrt_initialize_type_info@@YAXXZ 0000000180003580 f   LIBCMTD:tncleanup.obj
 0001:000025a0       ?__scrt_uninitialize_type_info@@YAXXZ 00000001800035a0 f   LIBCMTD:tncleanup.obj
 0001:000025c0       __local_stdio_printf_options 00000001800035c0 f i LIBCMTD:default_local_stdio_options.obj
 0001:000025d0       __local_stdio_scanf_options 00000001800035d0 f i LIBCMTD:default_local_stdio_options.obj
 0001:000025e0       __scrt_initialize_default_local_stdio_options 00000001800035e0 f   LIBCMTD:default_local_stdio_options.obj
 0001:00002630       ?configure_argv@__scrt_narrow_argv_policy@@SAHXZ 0000000180003630 f i LIBCMTD:utility.obj
 0001:00002720       ?initialize_environment@__scrt_narrow_environment_policy@@SAHXZ 0000000180003720 f i LIBCMTD:utility.obj
 0001:000027c0       NtCurrentTeb               00000001800037c0 f i LIBCMTD:utility.obj
 0001:000027d0       __scrt_acquire_startup_lock 00000001800037d0 f   LIBCMTD:utility.obj
 0001:00002840       __scrt_dllmain_after_initialize_c 0000000180003840 f   LIBCMTD:utility.obj
 0001:00002870       __scrt_dllmain_before_initialize_c 0000000180003870 f   LIBCMTD:utility.obj
 0001:00002890       __scrt_dllmain_crt_thread_attach 0000000180003890 f   LIBCMTD:utility.obj
 0001:000028c0       __scrt_dllmain_crt_thread_detach 00000001800038c0 f   LIBCMTD:utility.obj
 0001:000028e0       __scrt_dllmain_exception_filter 00000001800038e0 f   LIBCMTD:utility.obj
 0001:00002950       __scrt_dllmain_uninitialize_c 0000000180003950 f   LIBCMTD:utility.obj
 0001:00002980       __scrt_dllmain_uninitialize_critical 0000000180003980 f   LIBCMTD:utility.obj
 0001:000029a0       __scrt_initialize_crt      00000001800039a0 f   LIBCMTD:utility.obj
 0001:000029f0       __scrt_initialize_onexit_tables 00000001800039f0 f   LIBCMTD:utility.obj
 0001:00002b00       __scrt_is_nonwritable_in_current_image 0000000180003b00 f   LIBCMTD:utility.obj
 0001:00002b90       __scrt_release_startup_lock 0000000180003b90 f   LIBCMTD:utility.obj
 0001:00002bc0       __scrt_uninitialize_crt    0000000180003bc0 f   LIBCMTD:utility.obj
 0001:00002c00       __scrt_get_dyn_tls_init_callback 0000000180003c00 f   LIBCMTD:dyn_tls_init.obj
 0001:00002c10       __crt_debugger_hook        0000000180003c10 f   LIBCMTD:utility_desktop.obj
 0001:00002c20       __scrt_fastfail            0000000180003c20 f   LIBCMTD:utility_desktop.obj
 0001:00002dc0       _RTC_Initialize            0000000180003dc0 f   LIBCMTD:initsect.obj
 0001:00002e10       _RTC_Terminate             0000000180003e10 f   LIBCMTD:initsect.obj
 0001:00002e60       _guard_check_icall_nop     0000000180003e60 f i LIBCMTD:guard_support.obj
 0001:00002e60       ??1scoped_global_state_reset@__crt_state_management@@QEAA@XZ 0000000180003e60 f i libucrtd:onexit.obj
 0001:00002e60       ??1?$__crt_simd_cleanup_guard@$0A@@@QEAA@XZ 0000000180003e60 f i libucrtd:strnlen.obj
 0001:00002e70       ReadNoFence64              0000000180003e70 f i LIBCMTD:guard_support.obj
 0001:00002e70       ?__crt_interlocked_read_64@@YA_JPED_J@Z 0000000180003e70 f i libvcruntimed:std_type_info.obj
 0001:00002e90       ??$__crt_interlocked_read_pointer@X@@YAPEAXPEDSEAX@Z 0000000180003e90 f i libvcruntimed:winapi_downlevel.obj
 0001:00002e90       ReadPointerNoFence         0000000180003e90 f i LIBCMTD:guard_support.obj
 0001:00002e90       ??$__crt_interlocked_read_pointer@UHINSTANCE__@@@@YAPEAUHINSTANCE__@@PEDSEAU0@@Z 0000000180003e90 f i libvcruntimed:winapi_downlevel.obj
 0001:00002eb0       _guard_icall_checks_enforced 0000000180003eb0 f i LIBCMTD:guard_support.obj
 0001:00002ef0       __isa_available_init       0000000180003ef0 f   LIBCMTD:cpu_disp.obj
 0001:00003290       _get_startup_argv_mode     0000000180004290 f   LIBCMTD:argv_mode.obj
 0001:000032a0       __scrt_is_ucrt_dll_in_use  00000001800042a0 f   LIBCMTD:ucrt_detection.obj
 0001:000032d0       IsProcessorFeaturePresent  00000001800042d0 f   kernel32:KERNEL32.dll
 0001:000032e0       __C_specific_handler       00000001800042e0 f   libvcruntimed:riscchandler.obj
 0001:00003750       ??$?RU__crt_multibyte_data@@@__crt_internal_free_policy@@QEBAXQEBU__crt_multibyte_data@@@Z 0000000180004750 f i libucrtd:mbctype.obj
 0001:00003750       ??$?RE@__crt_internal_free_policy@@QEBAXQEBE@Z 0000000180004750 f i libucrtd:argv_parsing.obj
 0001:00003750       ??$?RD@__crt_internal_free_policy@@QEBAXQEBD@Z 0000000180004750 f i libvcruntimed:std_type_info.obj
 0001:00003750       ??$?RU__acrt_ptd@@@__crt_internal_free_policy@@QEBAXQEBU__acrt_ptd@@@Z 0000000180004750 f i libucrtd:per_thread_data.obj
 0001:00003750       ??$?RPEAD@__crt_internal_free_policy@@QEBAXQEBQEAD@Z 0000000180004750 f i libucrtd:argv_parsing.obj
 0001:00003750       ??$?RU__vcrt_ptd@@@__crt_internal_free_policy@@QEBAXQEBU__vcrt_ptd@@@Z 0000000180004750 f i libvcruntimed:per_thread_data.obj
 0001:00003750       ??$?RU__crt_lowio_handle_data@@@__crt_internal_free_policy@@QEBAXQEBU__crt_lowio_handle_data@@@Z 0000000180004750 f i libucrtd:osfinfo.obj
 0001:00003750       ??$?RPEAU__crt_stdio_stream_data@@@__crt_internal_free_policy@@QEBAXQEBQEAU__crt_stdio_stream_data@@@Z 0000000180004750 f i libucrtd:_file.obj
 0001:00003780       ??0?$__crt_unique_heap_ptr@U__acrt_ptd@@U__crt_internal_free_policy@@@@QEAA@QEAU__acrt_ptd@@@Z 0000000180004780 f i libucrtd:per_thread_data.obj
 0001:00003780       ??0?$__crt_scoped_stack_ptr_tag@_W@@QEAA@QEA_W@Z 0000000180004780 f i libucrtd:getstringtypea.obj
 0001:00003780       ??0?$string_output_adapter@_W@__crt_stdio_output@@QEAA@QEAU?$string_output_adapter_context@_W@1@@Z 0000000180004780 f i libucrtd:output.obj
 0001:00003780       ??0?$__crt_unique_heap_ptr@U__crt_lowio_handle_data@@U__crt_internal_free_policy@@@@QEAA@QEAU__crt_lowio_handle_data@@@Z 0000000180004780 f i libucrtd:osfinfo.obj
 0001:00003780       ??0?$__crt_unique_handle_t@U__crt_findfile_traits@@@@QEAA@QEAX@Z 0000000180004780 f i libucrtd:argv_wildcards.obj
 0001:00003780       ??0?$__crt_unique_heap_ptr@DU__crt_internal_free_policy@@@@QEAA@QEAD@Z 0000000180004780 f i libvcruntimed:std_type_info.obj
 0001:00003780       ??0?$string_output_adapter@D@__crt_stdio_output@@QEAA@QEAU?$string_output_adapter_context@D@1@@Z 0000000180004780 f i libucrtd:output.obj
 0001:00003780       ??0__crt_stdio_stream@@QEAA@QEAU__crt_stdio_stream_data@@@Z 0000000180004780 f i libucrtd:fflush.obj
 0001:00003780       ??0?$__crt_unique_heap_ptr@U__vcrt_ptd@@U__crt_internal_free_policy@@@@QEAA@QEAU__vcrt_ptd@@@Z 0000000180004780 f i libvcruntimed:per_thread_data.obj
 0001:00003780       ??0?$__crt_scoped_stack_ptr@_W@@QEAA@U?$__crt_scoped_stack_ptr_tag@_W@@@Z 0000000180004780 f i libucrtd:getstringtypea.obj
 0001:00003780       ??0?$__crt_unique_heap_ptr@EU__crt_internal_free_policy@@@@QEAA@QEAE@Z 0000000180004780 f i libucrtd:argv_parsing.obj
 0001:00003780       ??0?$__crt_unique_heap_ptr@PEAU__crt_stdio_stream_data@@U__crt_internal_free_policy@@@@QEAA@QEAPEAU__crt_stdio_stream_data@@@Z 0000000180004780 f i libucrtd:_file.obj
 0001:00003780       ??0?$__crt_unique_heap_ptr@DU__crt_public_free_policy@@@@QEAA@QEAD@Z 0000000180004780 f i libvcruntimed:std_exception.obj
 0001:00003780       ??0__crt_stdio_stream@@QEAA@QEAU_iobuf@@@Z 0000000180004780 f i libucrtd:output.obj
 0001:00003780       ??0?$__crt_unique_heap_ptr@PEADU__crt_internal_free_policy@@@@QEAA@QEAPEAD@Z 0000000180004780 f i libucrtd:argv_parsing.obj
 0001:00003780       ??0?$__crt_unique_heap_ptr@U__crt_multibyte_data@@U__crt_internal_free_policy@@@@QEAA@QEAU__crt_multibyte_data@@@Z 0000000180004780 f i libucrtd:mbctype.obj
 0001:00003780       ??0?$__crt_unique_handle_t@U__crt_hmodule_traits@@@@QEAA@QEAUHINSTANCE__@@@Z 0000000180004780 f i libucrtd:exit.obj
 0001:000037a0       ??1?$__crt_unique_heap_ptr@DU__crt_internal_free_policy@@@@QEAA@XZ 00000001800047a0 f i libvcruntimed:std_type_info.obj
 0001:000037a0       ??1?$__crt_unique_heap_ptr@U__vcrt_ptd@@U__crt_internal_free_policy@@@@QEAA@XZ 00000001800047a0 f i libvcruntimed:per_thread_data.obj
 0001:000037a0       ??1?$__crt_unique_heap_ptr@U__crt_multibyte_data@@U__crt_internal_free_policy@@@@QEAA@XZ 00000001800047a0 f i libucrtd:mbctype.obj
 0001:000037a0       ??1?$__crt_unique_heap_ptr@U__acrt_ptd@@U__crt_internal_free_policy@@@@QEAA@XZ 00000001800047a0 f i libucrtd:per_thread_data.obj
 0001:000037a0       ??1?$__crt_unique_heap_ptr@U__crt_lowio_handle_data@@U__crt_internal_free_policy@@@@QEAA@XZ 00000001800047a0 f i libucrtd:osfinfo.obj
 0001:000037a0       ??1?$__crt_unique_heap_ptr@EU__crt_internal_free_policy@@@@QEAA@XZ 00000001800047a0 f i libucrtd:argv_parsing.obj
 0001:000037a0       ??1?$__crt_unique_heap_ptr@PEAU__crt_stdio_stream_data@@U__crt_internal_free_policy@@@@QEAA@XZ 00000001800047a0 f i libucrtd:_file.obj
 0001:000037a0       ??1?$__crt_unique_heap_ptr@PEADU__crt_internal_free_policy@@@@QEAA@XZ 00000001800047a0 f i libucrtd:argv_parsing.obj
 0001:000037c0       ??B?$__crt_unique_heap_ptr@U__crt_multibyte_data@@U__crt_internal_free_policy@@@@QEBA_NXZ 00000001800047c0 f i libucrtd:mbctype.obj
 0001:000037c0       ??B?$__crt_unique_heap_ptr@DU__crt_internal_free_policy@@@@QEBA_NXZ 00000001800047c0 f i libvcruntimed:std_type_info.obj
 0001:000037c0       ??B?$__crt_unique_heap_ptr@U__acrt_ptd@@U__crt_internal_free_policy@@@@QEBA_NXZ 00000001800047c0 f i libucrtd:per_thread_data.obj
 0001:000037c0       ??B?$__crt_unique_heap_ptr@DU__crt_public_free_policy@@@@QEBA_NXZ 00000001800047c0 f i libvcruntimed:std_exception.obj
 0001:000037c0       ??B?$__crt_unique_heap_ptr@EU__crt_internal_free_policy@@@@QEBA_NXZ 00000001800047c0 f i libucrtd:argv_parsing.obj
 0001:000037c0       ??B?$__crt_unique_heap_ptr@U__vcrt_ptd@@U__crt_internal_free_policy@@@@QEBA_NXZ 00000001800047c0 f i libvcruntimed:per_thread_data.obj
 0001:000037c0       ??B?$__crt_unique_heap_ptr@U__crt_lowio_handle_data@@U__crt_internal_free_policy@@@@QEBA_NXZ 00000001800047c0 f i libucrtd:osfinfo.obj
 0001:000037e0       ?get@?$__crt_unique_handle_t@U__crt_findfile_traits@@@@QEBAPEAXXZ 00000001800047e0 f i libucrtd:argv_wildcards.obj
 0001:000037e0       ?public_stream@__crt_stdio_stream@@QEBAPEAU_iobuf@@XZ 00000001800047e0 f i libucrtd:output.obj
 0001:000037e0       ?get@?$__crt_unique_heap_ptr@U__vcrt_ptd@@U__crt_internal_free_policy@@@@QEBAPEAU__vcrt_ptd@@XZ 00000001800047e0 f i libvcruntimed:per_thread_data.obj
 0001:000037e0       ?save_state@?$c_string_character_source@_W@__crt_strtox@@QEBAPEB_WXZ 00000001800047e0 f i libucrtd:atox.obj
 0001:000037e0       ?get@?$__crt_unique_heap_ptr@DU__crt_internal_free_policy@@@@QEBAPEADXZ 00000001800047e0 f i libvcruntimed:std_type_info.obj
 0001:000037e0       ?get@?$__crt_unique_heap_ptr@PEADU__crt_internal_free_policy@@@@QEBAPEAPEADXZ 00000001800047e0 f i libucrtd:argv_parsing.obj
 0001:000037e0       ?get@?$__crt_unique_heap_ptr@EU__crt_internal_free_policy@@@@QEBAPEAEXZ 00000001800047e0 f i libucrtd:argv_parsing.obj
 0001:000037e0       ?save_state@?$c_string_character_source@D@__crt_strtox@@QEBAPEBDXZ 00000001800047e0 f i libucrtd:atox.obj
 0001:000037e0       ?get@?$__crt_unique_heap_ptr@U__acrt_ptd@@U__crt_internal_free_policy@@@@QEBAPEAU__acrt_ptd@@XZ 00000001800047e0 f i libucrtd:per_thread_data.obj
 0001:000037e0       ?get@?$__crt_scoped_stack_ptr@_W@@QEBAPEA_WXZ 00000001800047e0 f i libucrtd:getstringtypea.obj
 0001:000037e0       ?get@?$__crt_unique_heap_ptr@U__crt_multibyte_data@@U__crt_internal_free_policy@@@@QEBAPEAU__crt_multibyte_data@@XZ 00000001800047e0 f i libucrtd:mbctype.obj
 0001:000037e0       ?get@?$__crt_unique_heap_ptr@U__crt_lowio_handle_data@@U__crt_internal_free_policy@@@@QEBAPEAU__crt_lowio_handle_data@@XZ 00000001800047e0 f i libucrtd:osfinfo.obj
 0001:000037e0       ?get@?$__crt_unique_handle_t@U__crt_hmodule_traits@@@@QEBAPEAUHINSTANCE__@@XZ 00000001800047e0 f i libucrtd:exit.obj
 0001:000037e0       ??C__crt_stdio_stream@@QEBAPEAU__crt_stdio_stream_data@@XZ 00000001800047e0 f i libucrtd:output.obj
 0001:000037e0       ?get@?$__crt_unique_heap_ptr@DU__crt_public_free_policy@@@@QEBAPEADXZ 00000001800047e0 f i libvcruntimed:std_exception.obj
 0001:000037f0       ?valid@__crt_stdio_stream@@QEBA_NXZ 00000001800047f0 f i libucrtd:output.obj
 0001:000037f0       ?is_valid@?$__crt_unique_heap_ptr@U__crt_multibyte_data@@U__crt_internal_free_policy@@@@QEBA_NXZ 00000001800047f0 f i libucrtd:mbctype.obj
 0001:000037f0       ?is_valid@?$__crt_unique_heap_ptr@DU__crt_internal_free_policy@@@@QEBA_NXZ 00000001800047f0 f i libvcruntimed:std_type_info.obj
 0001:000037f0       ??B?$__crt_scoped_stack_ptr@_W@@QEBA_NXZ 00000001800047f0 f i libucrtd:lcmapstringa.obj
 0001:000037f0       ?is_valid@?$__crt_unique_heap_ptr@U__acrt_ptd@@U__crt_internal_free_policy@@@@QEBA_NXZ 00000001800047f0 f i libucrtd:per_thread_data.obj
 0001:000037f0       ?is_valid@?$__crt_unique_heap_ptr@U__vcrt_ptd@@U__crt_internal_free_policy@@@@QEBA_NXZ 00000001800047f0 f i libvcruntimed:per_thread_data.obj
 0001:000037f0       ?is_valid@?$__crt_unique_heap_ptr@U__crt_lowio_handle_data@@U__crt_internal_free_policy@@@@QEBA_NXZ 00000001800047f0 f i libucrtd:osfinfo.obj
 0001:000037f0       ?is_valid@?$__crt_unique_heap_ptr@DU__crt_public_free_policy@@@@QEBA_NXZ 00000001800047f0 f i libvcruntimed:std_exception.obj
 0001:000037f0       ?is_valid@?$__crt_unique_heap_ptr@EU__crt_internal_free_policy@@@@QEBA_NXZ 00000001800047f0 f i libucrtd:argv_parsing.obj
 0001:00003820       ?release@?$__crt_unique_heap_ptr@PEADU__crt_internal_free_policy@@@@QEAAXXZ 0000000180004820 f i libucrtd:argv_parsing.obj
 0001:00003820       ?release@?$__crt_unique_heap_ptr@PEAU__crt_stdio_stream_data@@U__crt_internal_free_policy@@@@QEAAXXZ 0000000180004820 f i libucrtd:_file.obj
 0001:00003820       ?release@?$__crt_unique_heap_ptr@U__crt_multibyte_data@@U__crt_internal_free_policy@@@@QEAAXXZ 0000000180004820 f i libucrtd:mbctype.obj
 0001:00003820       ?release@?$__crt_unique_heap_ptr@U__acrt_ptd@@U__crt_internal_free_policy@@@@QEAAXXZ 0000000180004820 f i libucrtd:per_thread_data.obj
 0001:00003820       ?release@?$__crt_unique_heap_ptr@EU__crt_internal_free_policy@@@@QEAAXXZ 0000000180004820 f i libucrtd:argv_parsing.obj
 0001:00003820       ?release@?$__crt_unique_heap_ptr@DU__crt_internal_free_policy@@@@QEAAXXZ 0000000180004820 f i libvcruntimed:std_type_info.obj
 0001:00003820       ?release@?$__crt_unique_heap_ptr@U__crt_lowio_handle_data@@U__crt_internal_free_policy@@@@QEAAXXZ 0000000180004820 f i libucrtd:osfinfo.obj
 0001:00003820       ?release@?$__crt_unique_heap_ptr@U__vcrt_ptd@@U__crt_internal_free_policy@@@@QEAAXXZ 0000000180004820 f i libvcruntimed:per_thread_data.obj
 0001:00003850       __std_type_info_compare    0000000180004850 f   libvcruntimed:std_type_info.obj
 0001:00003890       __std_type_info_destroy_list 0000000180004890 f   libvcruntimed:std_type_info.obj
 0001:000038f0       __vcrt_initialize          00000001800048f0 f   libvcruntimed:initialization.obj
 0001:00003930       __vcrt_thread_attach       0000000180004930 f   libvcruntimed:initialization.obj
 0001:00003950       __vcrt_thread_detach       0000000180004950 f   libvcruntimed:initialization.obj
 0001:00003970       __vcrt_uninitialize        0000000180004970 f   libvcruntimed:initialization.obj
 0001:00003990       __vcrt_uninitialize_critical 0000000180004990 f   libvcruntimed:initialization.obj
 0001:000039b0       __DestructExceptionObject  00000001800049b0 f   libvcruntimed:ehhelpers.obj
 0001:00003ab0       ?_CallMemberFunction0@@YAXQEAX0@Z 0000000180004ab0 f i libvcruntimed:ehhelpers.obj
 0001:00003b80       _IsExceptionObjectToBeDestroyed 0000000180004b80 f   libvcruntimed:ehhelpers.obj
 0001:00003bd0       __AdjustPointer            0000000180004bd0 f   libvcruntimed:ehhelpers.obj
 0001:00003c50       __FrameUnwindFilter        0000000180004c50 f   libvcruntimed:ehhelpers.obj
 0001:00003d10       _NLG_Notify                0000000180004d10 f   libvcruntimed:notify.obj
 0001:00003d30       __NLG_Dispatch2            0000000180004d30 f   libvcruntimed:notify.obj
 0001:00003d40       __NLG_Return2              0000000180004d40 f   libvcruntimed:notify.obj
 0001:00003d50       __except_validate_context_record 0000000180004d50 f   libvcruntimed:jbcxrval.obj
 0001:00003db0       _vsprintf_s_l              0000000180004db0 f i libvcruntimed:undname.obj
 0001:00003e20       sprintf_s                  0000000180004e20 f i libvcruntimed:undname.obj
 0001:00003ec0       ?detach@?$__crt_unique_heap_ptr@EU__crt_internal_free_policy@@@@QEAAPEAEXZ 0000000180004ec0 f i libucrtd:argv_parsing.obj
 0001:00003ec0       ?detach@?$__crt_unique_heap_ptr@U__vcrt_ptd@@U__crt_internal_free_policy@@@@QEAAPEAU__vcrt_ptd@@XZ 0000000180004ec0 f i libvcruntimed:per_thread_data.obj
 0001:00003ec0       ?detach@?$__crt_unique_heap_ptr@U__acrt_ptd@@U__crt_internal_free_policy@@@@QEAAPEAU__acrt_ptd@@XZ 0000000180004ec0 f i libucrtd:per_thread_data.obj
 0001:00003ec0       ?detach@?$__crt_unique_heap_ptr@U__crt_multibyte_data@@U__crt_internal_free_policy@@@@QEAAPEAU__crt_multibyte_data@@XZ 0000000180004ec0 f i libucrtd:mbctype.obj
 0001:00003ec0       ?detach@?$__crt_unique_heap_ptr@PEAU__crt_stdio_stream_data@@U__crt_internal_free_policy@@@@QEAAPEAPEAU__crt_stdio_stream_data@@XZ 0000000180004ec0 f i libucrtd:_file.obj
 0001:00003ec0       ?detach@?$__crt_unique_heap_ptr@PEADU__crt_internal_free_policy@@@@QEAAPEAPEADXZ 0000000180004ec0 f i libucrtd:argv_parsing.obj
 0001:00003ec0       ?detach@?$__crt_unique_heap_ptr@DU__crt_public_free_policy@@@@QEAAPEADXZ 0000000180004ec0 f i libvcruntimed:std_exception.obj
 0001:00003ec0       ?detach@?$__crt_unique_heap_ptr@U__crt_lowio_handle_data@@U__crt_internal_free_policy@@@@QEAAPEAU__crt_lowio_handle_data@@XZ 0000000180004ec0 f i libucrtd:osfinfo.obj
 0001:00003f30       __vcrt_freefls             0000000180004f30 f   libvcruntimed:per_thread_data.obj
 0001:00003f70       __vcrt_freeptd             0000000180004f70 f   libvcruntimed:per_thread_data.obj
 0001:00003fd0       __vcrt_getptd              0000000180004fd0 f   libvcruntimed:per_thread_data.obj
 0001:00004000       __vcrt_getptd_noexit       0000000180005000 f   libvcruntimed:per_thread_data.obj
 0001:000041a0       __vcrt_initialize_ptd      00000001800051a0 f   libvcruntimed:per_thread_data.obj
 0001:000041f0       __vcrt_uninitialize_ptd    00000001800051f0 f   libvcruntimed:per_thread_data.obj
 0001:00004220       __vcrt_initialize_locks    0000000180005220 f   libvcruntimed:locks.obj
 0001:00004290       __vcrt_uninitialize_locks  0000000180005290 f   libvcruntimed:locks.obj
 0001:00004300       memcpy_repmovs             0000000180005300 f   libvcruntimed:memcpy.obj
 0001:00004320       memcpy                     0000000180005320 f   libvcruntimed:memcpy.obj
 0001:00004320       memmove                    0000000180005320 f   libvcruntimed:memcpy.obj
 0001:00004700       ??$?0AEAViterator@TryBlockMap@__FrameHandler3@@AEAV012@$0A@@?$pair@Viterator@TryBlockMap@__FrameHandler3@@V123@@std@@QEAA@AEAViterator@TryBlockMap@__FrameHandler3@@0@Z 0000000180005700 f i libvcruntimed:risctrnsctrl.obj
 0001:00004810       ??$_CallSETranslator@V__FrameHandler3@@@@YAHPEAUEHExceptionRecord@@PEA_KPEAU_CONTEXT@@PEAU_xDISPATCHER_CONTEXT@@PEBU_s_FuncInfo@@K1@Z 0000000180005810 f i libvcruntimed:risctrnsctrl.obj
 0001:000048a0       ?debug_info@?$__crt_win32_buffer@DU__crt_win32_buffer_no_resizing@@@@QEBAAEBV__crt_win32_buffer_empty_debug_info@@XZ 00000001800058a0 f i libucrtd:getmodulefilenamea.obj
 0001:000048a0       ??$forward@AEAViterator@TryBlockMap@__FrameHandler3@@@std@@YAAEAViterator@TryBlockMap@__FrameHandler3@@AEAV123@@Z 00000001800058a0 f i libvcruntimed:risctrnsctrl.obj
 0001:000048a0       ?get_address_of@?$__crt_unique_handle_t@U__crt_hmodule_traits@@@@QEAAPEAPEAUHINSTANCE__@@XZ 00000001800058a0 f i libucrtd:exit.obj
 0001:000048a0       ?dangerous_get_state_array@?$dual_state_global@PEAE@__crt_state_management@@QEAAPEAPEAEXZ 00000001800058a0 f i libucrtd:mbctype.obj
 0001:000048a0       ?debug_info@?$__crt_win32_buffer@_WU__crt_win32_buffer_internal_dynamic_resizing@@@@QEBAAEBV__crt_win32_buffer_empty_debug_info@@XZ 00000001800058a0 f i libucrtd:argv_wildcards.obj
 0001:000048a0       ?dangerous_get_state_array@?$dual_state_global@P6AXPEB_W00I_K@Z@__crt_state_management@@QEAAPEAP6AXPEB_W00I_K@ZXZ 00000001800058a0 f i libucrtd:invalid_parameter.obj
 0001:000048a0       ?get_address_of@?$__crt_unique_heap_ptr@PEADU__crt_internal_free_policy@@@@QEAAPEAPEAPEADXZ 00000001800058a0 f i libucrtd:argv_parsing.obj
 0001:000048a0       ?dangerous_get_state_array@?$dual_state_global@PEAU__crt_multibyte_data@@@__crt_state_management@@QEAAPEAPEAU__crt_multibyte_data@@XZ 00000001800058a0 f i libucrtd:mbctype.obj
 0001:000048a0       ?dangerous_get_state_array@?$dual_state_global@PEAU__crt_locale_data@@@__crt_state_management@@QEAAPEAPEAU__crt_locale_data@@XZ 00000001800058a0 f i libucrtd:per_thread_data.obj
 0001:000048a0       ?debug_info@?$__crt_win32_buffer@DU__crt_win32_buffer_internal_dynamic_resizing@@@@QEBAAEBV__crt_win32_buffer_empty_debug_info@@XZ 00000001800058a0 f i libucrtd:argv_wildcards.obj
 0001:000048b0       ??0iterator@HandlerMap@__FrameHandler3@@QEAA@AEAV12@I@Z 00000001800058b0 f i libvcruntimed:frame.obj
 0001:000048b0       ??0iterator@TryBlockMap@__FrameHandler3@@QEAA@AEAV12@I@Z 00000001800058b0 f i libvcruntimed:risctrnsctrl.obj
 0001:000048e0       ?CatchTryBlock@__FrameHandler3@@SAPEBU_s_TryBlockMapEntry@@PEBU_s_FuncInfo@@H@Z 00000001800058e0 f   libvcruntimed:risctrnsctrl.obj
 0001:00004970       ?ExecutionInCatch@__FrameHandler3@@SA_NPEAU_xDISPATCHER_CONTEXT@@PEBU_s_FuncInfo@@@Z 0000000180005970 f   libvcruntimed:risctrnsctrl.obj
 0001:000049c0       ?FrameUnwindToEmptyState@__FrameHandler3@@SAXPEA_KPEAU_xDISPATCHER_CONTEXT@@PEBU_s_FuncInfo@@@Z 00000001800059c0 f   libvcruntimed:risctrnsctrl.obj
 0001:00004a60       ?GetEstablisherFrame@__FrameHandler3@@SAPEA_KPEA_KPEAU_xDISPATCHER_CONTEXT@@PEBU_s_FuncInfo@@0@Z 0000000180005a60 f   libvcruntimed:risctrnsctrl.obj
 0001:00004bd0       ?GetRangeOfTrysToCheck@__FrameHandler3@@SA?AU?$pair@Viterator@TryBlockMap@__FrameHandler3@@V123@@std@@AEAVTryBlockMap@1@HPEAU_xDISPATCHER_CONTEXT@@PEBU_s_FuncInfo@@H@Z 0000000180005bd0 f   libvcruntimed:risctrnsctrl.obj
 0001:00004e10       ?UnwindNestedFrames@__FrameHandler3@@SAXPEA_KPEAUEHExceptionRecord@@PEAU_CONTEXT@@0PEAXPEBU_s_FuncInfo@@HHPEBU_s_HandlerType@@PEAU_xDISPATCHER_CONTEXT@@E@Z 0000000180005e10 f   libvcruntimed:risctrnsctrl.obj
 0001:00004f80       _CreateFrameInfo           0000000180005f80 f   libvcruntimed:risctrnsctrl.obj
 0001:00004ff0       _FindAndUnlinkFrame        0000000180005ff0 f   libvcruntimed:risctrnsctrl.obj
 0001:00005070       _GetImageBase              0000000180006070 f   libvcruntimed:risctrnsctrl.obj
 0001:00005090       _GetThrowImageBase         0000000180006090 f   libvcruntimed:risctrnsctrl.obj
 0001:000050b0       _SetImageBase              00000001800060b0 f   libvcruntimed:risctrnsctrl.obj
 0001:000050d0       _SetThrowImageBase         00000001800060d0 f   libvcruntimed:risctrnsctrl.obj
 0001:000050f0       __CxxFrameHandler3         00000001800060f0 f   libvcruntimed:risctrnsctrl.obj
 0001:000051d0       ??$__crt_interlocked_exchange_pointer@UHINSTANCE__@@PEAU1@@@YAPEAUHINSTANCE__@@PEDSEAU0@QEAU0@@Z 00000001800061d0 f i libvcruntimed:winapi_downlevel.obj
 0001:000051d0       ??$__crt_interlocked_exchange_pointer@XPEAX@@YAPEAXPEDSEAXQEAX@Z 00000001800061d0 f i libvcruntimed:winapi_downlevel.obj
 0001:000051d0       ??$__crt_interlocked_exchange_pointer@UHINSTANCE__@@PEAX@@YAPEAUHINSTANCE__@@PEDSEAU0@QEAX@Z 00000001800061d0 f i libvcruntimed:winapi_downlevel.obj
 0001:000051f0       ?get_invalid_value@__crt_findfile_traits@@SAPEAXXZ 00000001800061f0 f   libucrtd:argv_wildcards.obj
 0001:000056e0       __vcrt_FlsAlloc            00000001800066e0 f   libvcruntimed:winapi_downlevel.obj
 0001:00005730       __vcrt_FlsFree             0000000180006730 f   libvcruntimed:winapi_downlevel.obj
 0001:00005780       __vcrt_FlsGetValue         0000000180006780 f   libvcruntimed:winapi_downlevel.obj
 0001:000057d0       __vcrt_FlsSetValue         00000001800067d0 f   libvcruntimed:winapi_downlevel.obj
 0001:00005830       __vcrt_InitializeCriticalSectionEx 0000000180006830 f   libvcruntimed:winapi_downlevel.obj
 0001:000058a0       ?GetCurrentState@__FrameHandler3@@SAHPEA_KPEAU_xDISPATCHER_CONTEXT@@PEBU_s_FuncInfo@@@Z 00000001800068a0 f   libvcruntimed:ehstate.obj
 0001:00005900       ?GetUnwindTryBlock@__FrameHandler3@@SAHPEA_KPEAU_xDISPATCHER_CONTEXT@@PEBU_s_FuncInfo@@@Z 0000000180006900 f   libvcruntimed:ehstate.obj
 0001:00005950       ?SetState@__FrameHandler3@@SAXPEA_KPEBU_s_FuncInfo@@H@Z 0000000180006950 f   libvcruntimed:ehstate.obj
 0001:00005980       ?SetUnwindTryBlock@__FrameHandler3@@SAXPEA_KPEAU_xDISPATCHER_CONTEXT@@PEBU_s_FuncInfo@@H@Z 0000000180006980 f   libvcruntimed:ehstate.obj
 0001:000059f0       ?StateFromControlPc@__FrameHandler3@@SAHPEBU_s_FuncInfo@@PEAU_xDISPATCHER_CONTEXT@@@Z 00000001800069f0 f   libvcruntimed:ehstate.obj
 0001:00005a30       ?StateFromIp@__FrameHandler3@@SAHPEBU_s_FuncInfo@@PEAU_xDISPATCHER_CONTEXT@@_K@Z 0000000180006a30 f   libvcruntimed:ehstate.obj
 0001:00005b20       ?__RVAtoRealOffset@@YA_KPEAU_xDISPATCHER_CONTEXT@@H@Z 0000000180006b20 f i libvcruntimed:ehstate.obj
 0001:00006cf0       ??$TypeMatchHelper@V__FrameHandler3@@@@YAHPEBU_s_HandlerType@@PEBU_s_CatchableType@@PEBU_s_ThrowInfo@@@Z 0000000180007cf0 f i libvcruntimed:frame.obj
 0001:00006ef0       ??$__InternalCxxFrameHandler@V__FrameHandler3@@@@YA?AW4_EXCEPTION_DISPOSITION@@PEAUEHExceptionRecord@@PEA_KPEAU_CONTEXT@@PEAU_xDISPATCHER_CONTEXT@@PEBU_s_FuncInfo@@H1E@Z 0000000180007ef0 f i libvcruntimed:frame.obj
 0001:00007360       ??0HandlerMap@__FrameHandler3@@QEAA@PEBU_s_TryBlockMapEntry@@_KI@Z 0000000180008360 f i libvcruntimed:frame.obj
 0001:000073b0       ??0TryBlockMap@__FrameHandler3@@QEAA@PEBU_s_FuncInfo@@_K@Z 00000001800083b0 f i libvcruntimed:frame.obj
 0001:000073e0       ??0bad_exception@std@@QEAA@AEBV01@@Z 00000001800083e0 f i libvcruntimed:frame.obj
 0001:00007420       ??0bad_exception@std@@QEAA@XZ 0000000180008420 f i libvcruntimed:frame.obj
 0001:00007460       ??0exception@std@@QEAA@AEBV01@@Z 0000000180008460 f i libvcruntimed:frame.obj
 0001:000074c0       ??0exception@std@@QEAA@QEBDH@Z 00000001800084c0 f i libvcruntimed:frame.obj
 0001:00007510       ??1bad_exception@std@@UEAA@XZ 0000000180008510 f i libvcruntimed:frame.obj
 0001:00007530       ??1exception@std@@UEAA@XZ  0000000180008530 f i libvcruntimed:frame.obj
 0001:00007560       ??8iterator@HandlerMap@__FrameHandler3@@QEBA_NAEBV012@@Z 0000000180008560 f i libvcruntimed:frame.obj
 0001:000075a0       ??8type_info@@QEBA_NAEBV0@@Z 00000001800085a0 f i libvcruntimed:frame.obj
 0001:000075f0       ??9iterator@HandlerMap@__FrameHandler3@@QEBA_NAEBV012@@Z 00000001800085f0 f i libvcruntimed:frame.obj
 0001:00007630       ??Diterator@HandlerMap@__FrameHandler3@@QEAA?BU_s_HandlerType@@XZ 0000000180008630 f i libvcruntimed:frame.obj
 0001:00007670       ??Diterator@TryBlockMap@__FrameHandler3@@QEAA?BU_s_TryBlockMapEntry@@XZ 0000000180008670 f i libvcruntimed:frame.obj
 0001:000076c0       ??Eiterator@HandlerMap@__FrameHandler3@@QEAAAEAV012@XZ 00000001800086c0 f i libvcruntimed:frame.obj
 0001:000076c0       ??Eiterator@TryBlockMap@__FrameHandler3@@QEAAAEAV012@XZ 00000001800086c0 f i libvcruntimed:frame.obj
 0001:000076e0       ??Miterator@TryBlockMap@__FrameHandler3@@QEBA_NAEBV012@@Z 00000001800086e0 f i libvcruntimed:frame.obj
 0001:00007720       ??_Gbad_exception@std@@UEAAPEAXI@Z 0000000180008720 f i libvcruntimed:frame.obj
 0001:00007720       ??_Ebad_exception@std@@UEAAPEAXI@Z 0000000180008720 f i libvcruntimed:frame.obj
 0001:00007760       ??_Eexception@std@@UEAAPEAXI@Z 0000000180008760 f i libvcruntimed:frame.obj
 0001:00007760       ??_Gexception@std@@UEAAPEAXI@Z 0000000180008760 f i libvcruntimed:frame.obj
 0001:000077a0       ?BuildCatchObject@__FrameHandler3@@SAXPEAUEHExceptionRecord@@PEAXPEBU_s_HandlerType@@PEBU_s_CatchableType@@@Z 00000001800087a0 f   libvcruntimed:frame.obj
 0001:000077e0       ?CxxCallCatchBlock@__FrameHandler3@@SAPEAXPEAU_EXCEPTION_RECORD@@@Z 00000001800087e0 f   libvcruntimed:frame.obj
 0001:00007b40       ?FrameUnwindToState@__FrameHandler3@@SAXPEA_KPEAU_xDISPATCHER_CONTEXT@@PEBU_s_FuncInfo@@H@Z 0000000180008b40 f   libvcruntimed:frame.obj
 0001:00007d90       ?GetHandlerSearchState@__FrameHandler3@@SAHPEA_KPEAU_xDISPATCHER_CONTEXT@@PEBU_s_FuncInfo@@@Z 0000000180008d90 f i libvcruntimed:frame.obj
 0001:00007e40       ?GetMaxState@__FrameHandler3@@SAHPEAU_xDISPATCHER_CONTEXT@@PEBU_s_FuncInfo@@@Z 0000000180008e40 f i libvcruntimed:frame.obj
 0001:00008040       ?TypeMatch@__FrameHandler3@@SAHPEBU_s_HandlerType@@PEBU_s_CatchableType@@PEBU_s_ThrowInfo@@@Z 0000000180009040 f   libvcruntimed:frame.obj
 0001:00008040       __TypeMatch                0000000180009040 f   libvcruntimed:frame.obj
 0001:00008070       ?_CallMemberFunction1@@YAXQEAX00@Z 0000000180009070 f i libvcruntimed:frame.obj
 0001:000080b0       ?_CallMemberFunction2@@YAXQEAX00H@Z 00000001800090b0 f i libvcruntimed:frame.obj
 0001:00008140       ?begin@HandlerMap@__FrameHandler3@@QEAA?AViterator@12@XZ 0000000180009140 f i libvcruntimed:frame.obj
 0001:00008170       ?end@HandlerMap@__FrameHandler3@@QEAA?AViterator@12@XZ 0000000180009170 f i libvcruntimed:frame.obj
 0001:000081a0       ?getESTypes@__FrameHandler3@@SAPEBU_s_ESTypeList@@PEBU_s_FuncInfo@@@Z 00000001800091a0 f i libvcruntimed:frame.obj
 0001:000081e0       ?getLastEntry@HandlerMap@__FrameHandler3@@QEAAPEBU_s_HandlerType@@XZ 00000001800091e0 f i libvcruntimed:frame.obj
 0001:00008200       ?getMagicNum@__FrameHandler3@@SAIPEBU_s_FuncInfo@@@Z 0000000180009200 f i libvcruntimed:frame.obj
 0001:00008220       ?getNumTryBlocks@TryBlockMap@__FrameHandler3@@QEAAIXZ 0000000180009220 f i libvcruntimed:frame.obj
 0001:00008240       ?isEHs@__FrameHandler3@@SA_NPEBU_s_FuncInfo@@@Z 0000000180009240 f i libvcruntimed:frame.obj
 0001:00008280       ?isNoExcept@__FrameHandler3@@SA_NPEBU_s_FuncInfo@@@Z 0000000180009280 f i libvcruntimed:frame.obj
 0001:000082c0       ?what@exception@std@@UEBAPEBDXZ 00000001800092c0 f i libvcruntimed:frame.obj
 0001:00008300       __vcrt_EncodePointer       0000000180009300 f i libvcruntimed:frame.obj
 0001:00008330       memset_repmovs             0000000180009330 f   libvcruntimed:memset.obj
 0001:00008350       memset                     0000000180009350 f   libvcruntimed:memset.obj
 0001:000084f0       _CallSettingFrame          00000001800094f0 f   libvcruntimed:handlers.obj
 0001:00008540       _CallSettingFrame_LookupContinuationIndex 0000000180009540 f   libvcruntimed:handlers.obj
 0001:00008570       _CallSettingFrame_NotifyContinuationAddr 0000000180009570 f   libvcruntimed:handlers.obj
 0001:000085a0       _CallSettingFrameEncoded   00000001800095a0 f   libvcruntimed:handlers.obj
 0001:000085f0       ??$?RD@__crt_public_free_policy@@QEBAXQEBD@Z 00000001800095f0 f i libvcruntimed:std_exception.obj
 0001:00008610       ??1?$__crt_unique_heap_ptr@DU__crt_public_free_policy@@@@QEAA@XZ 0000000180009610 f i libvcruntimed:std_exception.obj
 0001:00008630       ?release@?$__crt_unique_heap_ptr@DU__crt_public_free_policy@@@@QEAAXXZ 0000000180009630 f i libvcruntimed:std_exception.obj
 0001:00008660       __std_exception_copy       0000000180009660 f   libvcruntimed:std_exception.obj
 0001:000087a0       __std_exception_destroy    00000001800097a0 f   libvcruntimed:std_exception.obj
 0001:000087e0       _CxxThrowException         00000001800097e0 f   libvcruntimed:throw.obj
 0001:00008910       roundf                     0000000180009910 f   libucrtd:roundf.obj
 0001:000089a0       _initterm                  00000001800099a0 f   libucrtd:initterm.obj
 0001:00008a00       _initterm_e                0000000180009a00 f   libucrtd:initterm.obj
 0001:00008af0       _seh_filter_dll            0000000180009af0 f   libucrtd:exception_filter.obj
 0001:00008b20       _seh_filter_exe            0000000180009b20 f   libucrtd:exception_filter.obj
 0001:00008dc0       ??$?B$$A6AXXZ@__crt_fast_encoded_nullptr_t@@QEBAP6AXXZXZ 0000000180009dc0 f i libucrtd:onexit.obj
 0001:00008dc0       ??$?B$$A6AXPEAXK0@Z@__crt_fast_encoded_nullptr_t@@QEBAP6AXPEAXK0@ZXZ 0000000180009dc0 f i libucrtd:exit.obj
 0001:00008dc0       ??$?B$$A6AXH@Z@__crt_fast_encoded_nullptr_t@@QEBAP6AXH@ZXZ 0000000180009dc0 f i libucrtd:signal.obj
 0001:00008dc0       ??$?BP6AXXZ@__crt_fast_encoded_nullptr_t@@QEBAPEAP6AXXZXZ 0000000180009dc0 f i libucrtd:onexit.obj
 0001:00008dc0       ??$?BX@__crt_fast_encoded_nullptr_t@@QEBAPEAXXZ 0000000180009dc0 f i libucrtd:initialization.obj
 0001:00008e70       ??$__crt_fast_decode_pointer@P6AXPEB_W00I_K@Z@@YAP6AXPEB_W00I_K@ZQ6AX000I1@Z@Z 0000000180009e70 f i libucrtd:invalid_parameter.obj
 0001:00008e70       ??$__crt_fast_decode_pointer@PEAX@@YAPEAXQEAX@Z 0000000180009e70 f i libucrtd:winapi_thunks.obj
 0001:00008e70       ??$__crt_fast_decode_pointer@PEAP6AXXZ@@YAPEAP6AXXZQEAP6AXXZ@Z 0000000180009e70 f i libucrtd:onexit.obj
 0001:00008e70       ??$__crt_fast_decode_pointer@P6AH_K@Z@@YAP6AH_K@ZQ6AH0@Z@Z 0000000180009e70 f i libucrtd:new_handler.obj
 0001:00008e70       ??$__crt_fast_decode_pointer@P6AXH@Z@@YAP6AXH@ZQ6AXH@Z@Z 0000000180009e70 f i libucrtd:signal.obj
 0001:00008e70       ??$__crt_fast_decode_pointer@P6AHPEAU_exception@@@Z@@YAP6AHPEAU_exception@@@ZQ6AH0@Z@Z 0000000180009e70 f i libucrtd:matherr.obj
 0001:00008e70       ??$__crt_fast_decode_pointer@P6AXXZ@@YAP6AXXZQ6AXXZ@Z 0000000180009e70 f i libucrtd:onexit.obj
 0001:00008e70       ??$__crt_fast_decode_pointer@P6AXPEAXK0@Z@@YAP6AXPEAXK0@ZQ6AX0K0@Z@Z 0000000180009e70 f i libucrtd:exit.obj
 0001:00008eb0       ??$__crt_fast_encode_pointer@P6AXH@Z@@YAP6AXH@ZQ6AXH@Z@Z 0000000180009eb0 f i libucrtd:signal.obj
 0001:00008eb0       ??$__crt_fast_encode_pointer@PEAX@@YAPEAXQEAX@Z 0000000180009eb0 f i libucrtd:initialization.obj
 0001:00008eb0       ??$__crt_fast_encode_pointer@P6AXXZ@@YAP6AXXZQ6AXXZ@Z 0000000180009eb0 f i libucrtd:onexit.obj
 0001:00008eb0       ??$__crt_fast_encode_pointer@P6AXPEAXK0@Z@@YAP6AXPEAXK0@ZQ6AX0K0@Z@Z 0000000180009eb0 f i libucrtd:exit.obj
 0001:00008eb0       ??$__crt_fast_encode_pointer@PEAP6AXXZ@@YAPEAP6AXXZQEAP6AXXZ@Z 0000000180009eb0 f i libucrtd:onexit.obj
 0001:00008ef0       ??$__crt_get_proc_address@P6AXI@Z@@YAP6AXI@ZQEAUHINSTANCE__@@QEBD@Z 0000000180009ef0 f i libucrtd:exit.obj
 0001:00008f20       ??$__crt_interlocked_read@J@@YAJPEDJ@Z 0000000180009f20 f i libucrtd:exit.obj
 0001:00008fb0       ??1?$__crt_unique_handle_t@U__crt_hmodule_traits@@@@QEAA@XZ 0000000180009fb0 f i libucrtd:exit.obj
 0001:00009110       ?__acrt_select_exit_lock@@YA?AW4__acrt_lock_id@@XZ 000000018000a110 f i libucrtd:exit.obj
 0001:00009120       ?__crt_fast_encode_pointer@@YA?AU__crt_fast_encoded_nullptr_t@@$$T@Z 000000018000a120 f i libucrtd:exit.obj
 0001:00009140       ?__crt_interlocked_read_32@@YAHPEDH@Z 000000018000a140 f i libucrtd:exit.obj
 0001:00009160       ?__crt_rotate_pointer_value@@YA_K_KH@Z 000000018000a160 f i libucrtd:exit.obj
 0001:000091a0       ?close@?$__crt_unique_handle_t@U__crt_hmodule_traits@@@@QEAAXXZ 000000018000a1a0 f i libucrtd:exit.obj
 0001:000091e0       ?close@__crt_hmodule_traits@@SA_NPEAUHINSTANCE__@@@Z 000000018000a1e0 f i libucrtd:exit.obj
 0001:000092f0       ?get_invalid_value@__crt_hmodule_traits@@SAPEAUHINSTANCE__@@XZ 000000018000a2f0 f i libucrtd:exit.obj
 0001:000092f0       ?get_current_state_index@__crt_state_management@@YA_KXZ 000000018000a2f0 f i libucrtd:environment_initialization.obj
 0001:000094b0       __acrt_initialize_thread_local_exit_callback 000000018000a4b0 f   libucrtd:exit.obj
 0001:000094d0       _cexit                     000000018000a4d0 f   libucrtd:exit.obj
 0001:000094f0       _exit                      000000018000a4f0 f   libucrtd:exit.obj
 0001:00009510       _is_c_termination_complete 000000018000a510 f   libucrtd:exit.obj
 0001:000098c0       ??$get_module_file_name@AEAPEAUHINSTANCE__@@AEAY0BAF@DK@?$__crt_char_traits@D@@SAKAEAPEAUHINSTANCE__@@AEAY0BAF@D$$QEAK@Z 000000018000a8c0 f i libucrtd:dbgrpt.obj
 0001:000098c0       ??$get_module_file_name@$$TAEAY0BAF@DH@?$__crt_char_traits@D@@SAK$$QEA$$TAEAY0BAF@D$$QEAH@Z 000000018000a8c0 f i libucrtd:argv_parsing.obj
 0001:00009d90       ??$set_program_name@PEAD@?$__crt_char_traits@D@@SAX$$QEAPEAD@Z 000000018000ad90 f i libucrtd:argv_parsing.obj
 0001:00009ec0       __acrt_allocate_buffer_for_argv 000000018000aec0 f   libucrtd:argv_parsing.obj
 0001:00009fe0       _configure_narrow_argv     000000018000afe0 f   libucrtd:argv_parsing.obj
 0001:0000a000       _set_pgmptr                000000018000b000 f i libucrtd:argv_parsing.obj
 0001:0000a230       ??$tcslen@AEAPEAD@?$__crt_char_traits@D@@SA_KAEAPEAD@Z 000000018000b230 f i libucrtd:environment_initialization.obj
 0001:0000a27c       ??B?$__crt_unique_heap_ptr@PEADU__crt_internal_free_policy@@@@QEBA_NXZ 000000018000b27c f i libucrtd:environment_initialization.obj
 0001:0000a284       ?detach@?$__crt_unique_heap_ptr@DU__crt_internal_free_policy@@@@QEAAPEADXZ 000000018000b284 f i libucrtd:environment_initialization.obj
 0001:0000a28c       __dcrt_uninitialize_environments_nolock 000000018000b28c f   libucrtd:environment_initialization.obj
 0001:0000a2c4       _initialize_narrow_environment 000000018000b2c4 f   libucrtd:environment_initialization.obj
 0001:0000a2cc       _invoke_watson_if_error    000000018000b2cc f i libucrtd:environment_initialization.obj
 0001:0000a5d0       _execute_onexit_table      000000018000b5d0 f   libucrtd:onexit.obj
 0001:0000a610       _initialize_onexit_table   000000018000b610 f   libucrtd:onexit.obj
 0001:0000a6e0       __acrt_uninitialize_command_line 000000018000b6e0 f   libucrtd:argv_data.obj
 0001:0000a950       ?initialize@?$dual_state_global@PEAU__crt_multibyte_data@@@__crt_state_management@@QEAAXQEAU__crt_multibyte_data@@@Z 000000018000b950 f i libucrtd:mbctype.obj
 0001:0000a950       ?initialize@?$dual_state_global@PEAU__crt_locale_data@@@__crt_state_management@@QEAAXQEAU__crt_locale_data@@@Z 000000018000b950 f i libucrtd:initialization.obj
 0001:0000a950       ?initialize@?$dual_state_global@P6AXH@Z@__crt_state_management@@QEAAXQ6AXH@Z@Z 000000018000b950 f i libucrtd:signal.obj
 0001:0000a950       ?initialize@?$dual_state_global@P6AH_K@Z@__crt_state_management@@QEAAXQ6AH_K@Z@Z 000000018000b950 f i libucrtd:new_handler.obj
 0001:0000a950       ?initialize@?$dual_state_global@P6AHPEAU_exception@@@Z@__crt_state_management@@QEAAXQ6AHPEAU_exception@@@Z@Z 000000018000b950 f i libucrtd:matherr.obj
 0001:0000a9a0       __acrt_initialize          000000018000b9a0 f   libucrtd:initialization.obj
 0001:0000a9d0       __acrt_thread_attach       000000018000b9d0 f   libucrtd:initialization.obj
 0001:0000a9f0       __acrt_thread_detach       000000018000b9f0 f   libucrtd:initialization.obj
 0001:0000aa00       __acrt_uninitialize        000000018000ba00 f   libucrtd:initialization.obj
 0001:0000aa30       __acrt_uninitialize_critical 000000018000ba30 f   libucrtd:initialization.obj
 0001:0000aa50       terminate                  000000018000ba50 f   libucrtd:terminate.obj
 0001:0000aa90       ??0_LocaleUpdate@@QEAA@QEAU__crt_locale_pointers@@@Z 000000018000ba90 f i libucrtd:debug_heap.obj
 0001:0000abb0       ??1_LocaleUpdate@@QEAA@XZ  000000018000bbb0 f i libucrtd:debug_heap.obj
 0001:0000abf0       ?GetLocaleT@_LocaleUpdate@@QEAAPEAU__crt_locale_pointers@@XZ 000000018000bbf0 f i libucrtd:debug_heap.obj
 0001:0000cbd0       _CrtCheckMemory            000000018000dbd0 f   libucrtd:debug_heap.obj
 0001:0000cd60       _CrtDumpMemoryLeaks        000000018000dd60 f   libucrtd:debug_heap.obj
 0001:0000ce20       _CrtIsValidHeapPointer     000000018000de20 f   libucrtd:debug_heap.obj
 0001:0000ce60       _CrtIsValidPointer         000000018000de60 f   libucrtd:debug_heap.obj
 0001:0000cea0       _CrtMemCheckpoint          000000018000dea0 f   libucrtd:debug_heap.obj
 0001:0000d120       _CrtMemDumpAllObjectsSince 000000018000e120 f   libucrtd:debug_heap.obj
 0001:0000d180       _CrtSetDbgFlag             000000018000e180 f   libucrtd:debug_heap.obj
 0001:0000d2e0       _CrtSetDumpClient          000000018000e2e0 f   libucrtd:debug_heap.obj
 0001:0000d310       __acrt_get_locale_data_prefix 000000018000e310 f i libucrtd:debug_heap.obj
 0001:0000d330       __acrt_locale_changed      000000018000e330 f i libucrtd:debug_heap.obj
 0001:0000d360       _calloc_dbg                000000018000e360 f   libucrtd:debug_heap.obj
 0001:0000d400       _chvalidchk_l              000000018000e400 f i libucrtd:debug_heap.obj
 0001:0000d430       _free_dbg                  000000018000e430 f   libucrtd:debug_heap.obj
 0001:0000d4a0       _invoke_watson_if_oneof    000000018000e4a0 f i libucrtd:debug_heap.obj
 0001:0000d500       _ischartype_l              000000018000e500 f i libucrtd:debug_heap.obj
 0001:0000d590       _malloc_dbg                000000018000e590 f   libucrtd:debug_heap.obj
 0001:0000d5d0       _msize_dbg                 000000018000e5d0 f   libucrtd:debug_heap.obj
 0001:0000d770       _realloc_dbg               000000018000e770 f   libucrtd:debug_heap.obj
 0001:0000d7e0       _recalloc_dbg              000000018000e7e0 f   libucrtd:debug_heap.obj
 0001:0000ddb0       strcpy_s                   000000018000edb0 f   libucrtd:strcpy_s.obj
 0001:0000ddf0       strcmp                     000000018000edf0 f   libucrtd:strcmp.obj
 0001:0000de70       strlen                     000000018000ee70 f   libucrtd:strlen.obj
 0001:0000df20       abort                      000000018000ef20 f   libucrtd:abort.obj
 0001:0000dfa0       ??$?0AEBV?$string_output_adapter@D@__crt_stdio_output@@AEB_KAEBQEBDAEBQEAU__crt_locale_pointers@@AEBQEAD@?$format_validation_base@DV?$string_output_adapter@D@__crt_stdio_output@@@__crt_stdio_output@@IEAA@AEBV?$string_output_adapter@D@1@AEB_KAEBQEBDAEBQEAU__crt_locale_pointers@@AEBQEAD@Z 000000018000efa0 f i libucrtd:output.obj
 0001:0000dff0       ??$?0AEBV?$string_output_adapter@D@__crt_stdio_output@@AEB_KAEBQEBDAEBQEAU__crt_locale_pointers@@AEBQEAD@?$standard_base@DV?$string_output_adapter@D@__crt_stdio_output@@@__crt_stdio_output@@IEAA@AEBV?$string_output_adapter@D@1@AEB_KAEBQEBDAEBQEAU__crt_locale_pointers@@AEBQEAD@Z 000000018000eff0 f i libucrtd:output.obj
 0001:0000e060       ??$?0AEBV?$string_output_adapter@_W@__crt_stdio_output@@AEB_KAEBQEB_WAEBQEAU__crt_locale_pointers@@AEBQEAD@?$format_validation_base@_WV?$string_output_adapter@_W@__crt_stdio_output@@@__crt_stdio_output@@IEAA@AEBV?$string_output_adapter@_W@1@AEB_KAEBQEB_WAEBQEAU__crt_locale_pointers@@AEBQEAD@Z 000000018000f060 f i libucrtd:output.obj
 0001:0000e0b0       ??$?0AEBV?$string_output_adapter@_W@__crt_stdio_output@@AEB_KAEBQEB_WAEBQEAU__crt_locale_pointers@@AEBQEAD@?$standard_base@_WV?$string_output_adapter@_W@__crt_stdio_output@@@__crt_stdio_output@@IEAA@AEBV?$string_output_adapter@_W@1@AEB_KAEBQEB_WAEBQEAU__crt_locale_pointers@@AEBQEAD@Z 000000018000f0b0 f i libucrtd:output.obj
 0001:0000fa30       ??$count@D@formatting_buffer@__crt_stdio_output@@QEBA_KXZ 0000000180010a30 f i libucrtd:output.obj
 0001:0000fa80       ??$count@_W@formatting_buffer@__crt_stdio_output@@QEBA_KXZ 0000000180010a80 f i libucrtd:output.obj
 0001:0000fad0       ??$data@D@formatting_buffer@__crt_stdio_output@@QEAAPEADXZ 0000000180010ad0 f i libucrtd:output.obj
 0001:0000fad0       ??$data@_W@formatting_buffer@__crt_stdio_output@@QEAAPEA_WXZ 0000000180010ad0 f i libucrtd:output.obj
 0001:0000fb20       ??$ensure_buffer_is_big_enough@D@formatting_buffer@__crt_stdio_output@@QEAA_N_K@Z 0000000180010b20 f i libucrtd:output.obj
 0001:0000fc50       ??$ensure_buffer_is_big_enough@_W@formatting_buffer@__crt_stdio_output@@QEAA_N_K@Z 0000000180010c50 f i libucrtd:output.obj
 0001:0000fd80       ??$extract_argument_from_va_list@C_J@?$standard_base@_WV?$string_output_adapter@_W@__crt_stdio_output@@@__crt_stdio_output@@IEAA_NAEA_J@Z 0000000180010d80 f i libucrtd:output.obj
 0001:0000fd80       ??$extract_argument_from_va_list@C_J@?$standard_base@DV?$string_output_adapter@D@__crt_stdio_output@@@__crt_stdio_output@@IEAA_NAEA_J@Z 0000000180010d80 f i libucrtd:output.obj
 0001:0000fdc0       ??$extract_argument_from_va_list@E_J@?$standard_base@DV?$string_output_adapter@D@__crt_stdio_output@@@__crt_stdio_output@@IEAA_NAEA_J@Z 0000000180010dc0 f i libucrtd:output.obj
 0001:0000fdc0       ??$extract_argument_from_va_list@E_J@?$standard_base@_WV?$string_output_adapter@_W@__crt_stdio_output@@@__crt_stdio_output@@IEAA_NAEA_J@Z 0000000180010dc0 f i libucrtd:output.obj
 0001:0000fe00       ??$extract_argument_from_va_list@F_J@?$standard_base@_WV?$string_output_adapter@_W@__crt_stdio_output@@@__crt_stdio_output@@IEAA_NAEA_J@Z 0000000180010e00 f i libucrtd:output.obj
 0001:0000fe00       ??$extract_argument_from_va_list@F_J@?$standard_base@DV?$string_output_adapter@D@__crt_stdio_output@@@__crt_stdio_output@@IEAA_NAEA_J@Z 0000000180010e00 f i libucrtd:output.obj
 0001:0000fe40       ??$extract_argument_from_va_list@GD@?$standard_base@DV?$string_output_adapter@D@__crt_stdio_output@@@__crt_stdio_output@@IEAA_NAEAD@Z 0000000180010e40 f i libucrtd:output.obj
 0001:0000fe70       ??$extract_argument_from_va_list@G_J@?$standard_base@DV?$string_output_adapter@D@__crt_stdio_output@@@__crt_stdio_output@@IEAA_NAEA_J@Z 0000000180010e70 f i libucrtd:output.obj
 0001:0000fe70       ??$extract_argument_from_va_list@G_J@?$standard_base@_WV?$string_output_adapter@_W@__crt_stdio_output@@@__crt_stdio_output@@IEAA_NAEA_J@Z 0000000180010e70 f i libucrtd:output.obj
 0001:0000feb0       ??$extract_argument_from_va_list@H_J@?$standard_base@DV?$string_output_adapter@D@__crt_stdio_output@@@__crt_stdio_output@@IEAA_NAEA_J@Z 0000000180010eb0 f i libucrtd:output.obj
 0001:0000feb0       ??$extract_argument_from_va_list@H_J@?$standard_base@_WV?$string_output_adapter@_W@__crt_stdio_output@@@__crt_stdio_output@@IEAA_NAEA_J@Z 0000000180010eb0 f i libucrtd:output.obj
 0001:0000fee0       ??$extract_argument_from_va_list@I_J@?$standard_base@_WV?$string_output_adapter@_W@__crt_stdio_output@@@__crt_stdio_output@@IEAA_NAEA_J@Z 0000000180010ee0 f i libucrtd:output.obj
 0001:0000fee0       ??$extract_argument_from_va_list@I_J@?$standard_base@DV?$string_output_adapter@D@__crt_stdio_output@@@__crt_stdio_output@@IEAA_NAEA_J@Z 0000000180010ee0 f i libucrtd:output.obj
 0001:0000ff10       ??$extract_argument_from_va_list@_K_J@?$standard_base@_WV?$string_output_adapter@_W@__crt_stdio_output@@@__crt_stdio_output@@IEAA_NAEA_J@Z 0000000180010f10 f i libucrtd:output.obj
 0001:0000ff10       ??$extract_argument_from_va_list@PEADPEAD@?$standard_base@_WV?$string_output_adapter@_W@__crt_stdio_output@@@__crt_stdio_output@@IEAA_NAEAPEAD@Z 0000000180010f10 f i libucrtd:output.obj
 0001:0000ff10       ??$extract_argument_from_va_list@_J_J@?$standard_base@DV?$string_output_adapter@D@__crt_stdio_output@@@__crt_stdio_output@@IEAA_NAEA_J@Z 0000000180010f10 f i libucrtd:output.obj
 0001:0000ff10       ??$extract_argument_from_va_list@_J_J@?$standard_base@_WV?$string_output_adapter@_W@__crt_stdio_output@@@__crt_stdio_output@@IEAA_NAEA_J@Z 0000000180010f10 f i libucrtd:output.obj
 0001:0000ff10       ??$extract_argument_from_va_list@PEADPEAD@?$standard_base@DV?$string_output_adapter@D@__crt_stdio_output@@@__crt_stdio_output@@IEAA_NAEAPEAD@Z 0000000180010f10 f i libucrtd:output.obj
 0001:0000ff10       ??$extract_argument_from_va_list@PEAXPEAX@?$standard_base@DV?$string_output_adapter@D@__crt_stdio_output@@@__crt_stdio_output@@IEAA_NAEAPEAX@Z 0000000180010f10 f i libucrtd:output.obj
 0001:0000ff10       ??$extract_argument_from_va_list@_K_J@?$standard_base@DV?$string_output_adapter@D@__crt_stdio_output@@@__crt_stdio_output@@IEAA_NAEA_J@Z 0000000180010f10 f i libucrtd:output.obj
 0001:0000ff10       ??$extract_argument_from_va_list@PEAXPEAX@?$standard_base@_WV?$string_output_adapter@_W@__crt_stdio_output@@@__crt_stdio_output@@IEAA_NAEAPEAX@Z 0000000180010f10 f i libucrtd:output.obj
 0001:0000ff70       ??$extract_argument_from_va_list@U_CRT_DOUBLE@@U1@@?$standard_base@_WV?$string_output_adapter@_W@__crt_stdio_output@@@__crt_stdio_output@@IEAA_NAEAU_CRT_DOUBLE@@@Z 0000000180010f70 f i libucrtd:output.obj
 0001:0000ff70       ??$extract_argument_from_va_list@U_CRT_DOUBLE@@U1@@?$standard_base@DV?$string_output_adapter@D@__crt_stdio_output@@@__crt_stdio_output@@IEAA_NAEAU_CRT_DOUBLE@@@Z 0000000180010f70 f i libucrtd:output.obj
 0001:0000ffc0       ??$extract_argument_from_va_list@_W_W@?$standard_base@_WV?$string_output_adapter@_W@__crt_stdio_output@@@__crt_stdio_output@@IEAA_NAEA_W@Z 0000000180010fc0 f i libucrtd:output.obj
 0001:0000ffc0       ??$extract_argument_from_va_list@_W_W@?$standard_base@DV?$string_output_adapter@D@__crt_stdio_output@@@__crt_stdio_output@@IEAA_NAEA_W@Z 0000000180010fc0 f i libucrtd:output.obj
 0001:0000fff0       ??$is_wide_character_specifier@D@__crt_stdio_output@@YA_N_KDW4length_modifier@0@@Z 0000000180010ff0 f i libucrtd:output.obj
 0001:00010090       ??$is_wide_character_specifier@_W@__crt_stdio_output@@YA_N_K_WW4length_modifier@0@@Z 0000000180011090 f i libucrtd:output.obj
 0001:00010160       ??$read_va_arg@E@__crt_stdio_output@@YAEAEAPEAD@Z 0000000180011160 f i libucrtd:output.obj
 0001:00010160       ??$read_va_arg@C@__crt_stdio_output@@YACAEAPEAD@Z 0000000180011160 f i libucrtd:output.obj
 0001:000101d0       ??$read_va_arg@F@__crt_stdio_output@@YAFAEAPEAD@Z 00000001800111d0 f i libucrtd:output.obj
 0001:000101d0       ??$read_va_arg@G@__crt_stdio_output@@YAGAEAPEAD@Z 00000001800111d0 f i libucrtd:output.obj
 0001:000101d0       ??$read_va_arg@_W@__crt_stdio_output@@YA_WAEAPEAD@Z 00000001800111d0 f i libucrtd:output.obj
 0001:00010240       ??$read_va_arg@H@__crt_stdio_output@@YAHAEAPEAD@Z 0000000180011240 f i libucrtd:output.obj
 0001:00010240       ??$read_va_arg@I@__crt_stdio_output@@YAIAEAPEAD@Z 0000000180011240 f i libucrtd:output.obj
 0001:000102a0       ??$read_va_arg@_J@__crt_stdio_output@@YA_JAEAPEAD@Z 00000001800112a0 f i libucrtd:output.obj
 0001:000102a0       ??$read_va_arg@PEAD@__crt_stdio_output@@YAPEADAEAPEAD@Z 00000001800112a0 f i libucrtd:output.obj
 0001:000102a0       ??$read_va_arg@_K@__crt_stdio_output@@YA_KAEAPEAD@Z 00000001800112a0 f i libucrtd:output.obj
 0001:000102a0       ??$read_va_arg@U_CRT_DOUBLE@@@__crt_stdio_output@@YA?AU_CRT_DOUBLE@@AEAPEAD@Z 00000001800112a0 f i libucrtd:output.obj
 0001:000102a0       ??$read_va_arg@PEAX@__crt_stdio_output@@YAPEAXAEAPEAD@Z 00000001800112a0 f i libucrtd:output.obj
 0001:00010380       ??$scratch_count@D@formatting_buffer@__crt_stdio_output@@QEBA_KXZ 0000000180011380 f i libucrtd:output.obj
 0001:000103a0       ??$scratch_data@D@formatting_buffer@__crt_stdio_output@@QEAAPEADXZ 00000001800113a0 f i libucrtd:output.obj
 0001:00010410       ??$tcstol@PEBDPEAPEADH@?$__crt_char_traits@D@@SAJ$$QEAPEBD$$QEAPEAPEAD$$QEAH@Z 0000000180011410 f i libucrtd:output.obj
 0001:00010450       ??$tcstol@PEB_WPEAPEA_WH@?$__crt_char_traits@_W@@SAJ$$QEAPEB_W$$QEAPEAPEA_W$$QEAH@Z 0000000180011450 f i libucrtd:output.obj
 0001:00010490       ??$type_case_integer_parse_into_buffer@I@?$output_processor@DV?$string_output_adapter@D@__crt_stdio_output@@V?$format_validation_base@DV?$string_output_adapter@D@__crt_stdio_output@@@2@@__crt_stdio_output@@AEAAXII_N@Z 0000000180011490 f i libucrtd:output.obj
 0001:000105c0       ??$type_case_integer_parse_into_buffer@I@?$output_processor@_WV?$string_output_adapter@_W@__crt_stdio_output@@V?$format_validation_base@_WV?$string_output_adapter@_W@__crt_stdio_output@@@2@@__crt_stdio_output@@AEAAXII_N@Z 00000001800115c0 f i libucrtd:output.obj
 0001:00010700       ??$type_case_integer_parse_into_buffer@_K@?$output_processor@DV?$string_output_adapter@D@__crt_stdio_output@@V?$format_validation_base@DV?$string_output_adapter@D@__crt_stdio_output@@@2@@__crt_stdio_output@@AEAAX_KI_N@Z 0000000180011700 f i libucrtd:output.obj
 0001:00010850       ??$type_case_integer_parse_into_buffer@_K@?$output_processor@_WV?$string_output_adapter@_W@__crt_stdio_output@@V?$format_validation_base@_WV?$string_output_adapter@_W@__crt_stdio_output@@@2@@__crt_stdio_output@@AEAAX_KI_N@Z 0000000180011850 f i libucrtd:output.obj
 0001:000109b0       ??$write_multiple_characters@V?$string_output_adapter@D@__crt_stdio_output@@D@__crt_stdio_output@@YAXAEBV?$string_output_adapter@D@0@DHQEAH@Z 00000001800119b0 f i libucrtd:output.obj
 0001:00010a10       ??$write_multiple_characters@V?$string_output_adapter@_W@__crt_stdio_output@@D@__crt_stdio_output@@YAXAEBV?$string_output_adapter@_W@0@DHQEAH@Z 0000000180011a10 f i libucrtd:output.obj
 0001:00010a70       ??0?$common_data@D@__crt_stdio_output@@IEAA@XZ 0000000180011a70 f i libucrtd:output.obj
 0001:00010b40       ??0?$common_data@_W@__crt_stdio_output@@IEAA@XZ 0000000180011b40 f i libucrtd:output.obj
 0001:00010c10       ??0?$output_adapter_data@DV?$string_output_adapter@D@__crt_stdio_output@@@__crt_stdio_output@@IEAA@AEBV?$string_output_adapter@D@1@_KQEBDQEAU__crt_locale_pointers@@QEAD@Z 0000000180011c10 f i libucrtd:output.obj
 0001:00010c90       ??0?$output_adapter_data@_WV?$string_output_adapter@_W@__crt_stdio_output@@@__crt_stdio_output@@IEAA@AEBV?$string_output_adapter@_W@1@_KQEB_WQEAU__crt_locale_pointers@@QEAD@Z 0000000180011c90 f i libucrtd:output.obj
 0001:00010d10       ??0?$output_processor@DV?$string_output_adapter@D@__crt_stdio_output@@V?$format_validation_base@DV?$string_output_adapter@D@__crt_stdio_output@@@2@@__crt_stdio_output@@QEAA@AEBV?$string_output_adapter@D@1@_KQEBDQEAU__crt_locale_pointers@@QEAD@Z 0000000180011d10 f i libucrtd:output.obj
 0001:00010d60       ??0?$output_processor@_WV?$string_output_adapter@_W@__crt_stdio_output@@V?$format_validation_base@_WV?$string_output_adapter@_W@__crt_stdio_output@@@2@@__crt_stdio_output@@QEAA@AEBV?$string_output_adapter@_W@1@_KQEB_WQEAU__crt_locale_pointers@@QEAD@Z 0000000180011d60 f i libucrtd:output.obj
 0001:00010db0       ??0__crt_deferred_errno_cache@@QEAA@XZ 0000000180011db0 f i libucrtd:output.obj
 0001:00010dd0       ??0__crt_errno_guard@@QEAA@QEAH@Z 0000000180011dd0 f i libucrtd:output.obj
 0001:00010e10       ??0formatting_buffer@__crt_stdio_output@@QEAA@XZ 0000000180011e10 f i libucrtd:output.obj
 0001:00010e50       ??1?$common_data@_W@__crt_stdio_output@@QEAA@XZ 0000000180011e50 f i libucrtd:output.obj
 0001:00010e50       ??1?$common_data@D@__crt_stdio_output@@QEAA@XZ 0000000180011e50 f i libucrtd:output.obj
 0001:00010e70       ??1?$format_validation_base@_WV?$string_output_adapter@_W@__crt_stdio_output@@@__crt_stdio_output@@QEAA@XZ 0000000180011e70 f i libucrtd:output.obj
 0001:00010e70       ??1?$format_validation_base@DV?$string_output_adapter@D@__crt_stdio_output@@@__crt_stdio_output@@QEAA@XZ 0000000180011e70 f i libucrtd:output.obj
 0001:00010e90       ??1?$output_adapter_data@_WV?$string_output_adapter@_W@__crt_stdio_output@@@__crt_stdio_output@@QEAA@XZ 0000000180011e90 f i libucrtd:output.obj
 0001:00010e90       ??1?$output_adapter_data@DV?$string_output_adapter@D@__crt_stdio_output@@@__crt_stdio_output@@QEAA@XZ 0000000180011e90 f i libucrtd:output.obj
 0001:00010eb0       ??1?$output_processor@DV?$string_output_adapter@D@__crt_stdio_output@@V?$format_validation_base@DV?$string_output_adapter@D@__crt_stdio_output@@@2@@__crt_stdio_output@@QEAA@XZ 0000000180011eb0 f i libucrtd:output.obj
 0001:00010eb0       ??1?$output_processor@_WV?$string_output_adapter@_W@__crt_stdio_output@@V?$format_validation_base@_WV?$string_output_adapter@_W@__crt_stdio_output@@@2@@__crt_stdio_output@@QEAA@XZ 0000000180011eb0 f i libucrtd:output.obj
 0001:00010ed0       ??1?$standard_base@DV?$string_output_adapter@D@__crt_stdio_output@@@__crt_stdio_output@@QEAA@XZ 0000000180011ed0 f i libucrtd:output.obj
 0001:00010ed0       ??1?$standard_base@_WV?$string_output_adapter@_W@__crt_stdio_output@@@__crt_stdio_output@@QEAA@XZ 0000000180011ed0 f i libucrtd:output.obj
 0001:00010ef0       ??1__crt_errno_guard@@QEAA@XZ 0000000180011ef0 f i libucrtd:output.obj
 0001:00010f20       ??1formatting_buffer@__crt_stdio_output@@QEAA@XZ 0000000180011f20 f i libucrtd:output.obj
 0001:00010f50       ??4?$__crt_unique_heap_ptr@DU__crt_internal_free_policy@@@@QEAAAEAV0@$$QEAV0@@Z 0000000180011f50 f i libucrtd:output.obj
 0001:00010f90       ?adjust_hexit@?$output_processor@_WV?$string_output_adapter@_W@__crt_stdio_output@@V?$format_validation_base@_WV?$string_output_adapter@_W@__crt_stdio_output@@@2@@__crt_stdio_output@@CADH_N@Z 0000000180011f90 f i libucrtd:output.obj
 0001:00010f90       ?adjust_hexit@?$output_processor@DV?$string_output_adapter@D@__crt_stdio_output@@V?$format_validation_base@DV?$string_output_adapter@D@__crt_stdio_output@@@2@@__crt_stdio_output@@CADH_N@Z 0000000180011f90 f i libucrtd:output.obj
 0001:00010fe0       ?advance_to_next_pass@?$standard_base@_WV?$string_output_adapter@_W@__crt_stdio_output@@@__crt_stdio_output@@IEAA_NXZ 0000000180011fe0 f i libucrtd:output.obj
 0001:00010fe0       ?advance_to_next_pass@?$standard_base@DV?$string_output_adapter@D@__crt_stdio_output@@@__crt_stdio_output@@IEAA_NXZ 0000000180011fe0 f i libucrtd:output.obj
 0001:00011030       ?crop_zeroes@__crt_stdio_output@@YAXPEADQEAU__crt_locale_pointers@@@Z 0000000180012030 f i libucrtd:output.obj
 0001:00011170       ?find_next_state@?$output_processor@DV?$string_output_adapter@D@__crt_stdio_output@@V?$format_validation_base@DV?$string_output_adapter@D@__crt_stdio_output@@@2@@__crt_stdio_output@@AEBA?AW4state@2@DW432@@Z 0000000180012170 f i libucrtd:output.obj
 0001:00011210       ?find_next_state@?$output_processor@_WV?$string_output_adapter@_W@__crt_stdio_output@@V?$format_validation_base@_WV?$string_output_adapter@_W@__crt_stdio_output@@@2@@__crt_stdio_output@@AEBA?AW4state@2@_WW432@@Z 0000000180012210 f i libucrtd:output.obj
 0001:000112b0       ?force_decimal_point@__crt_stdio_output@@YAXPEADQEAU__crt_locale_pointers@@@Z 00000001800122b0 f i libucrtd:output.obj
 0001:000113b0       ?get@__crt_deferred_errno_cache@@QEAAAEAHXZ 00000001800123b0 f i libucrtd:output.obj
 0001:000113e0       ?get_flags@__crt_stdio_stream@@QEBAJXZ 00000001800123e0 f i libucrtd:output.obj
 0001:00011410       ?has_flag@?$output_processor@_WV?$string_output_adapter@_W@__crt_stdio_output@@V?$format_validation_base@_WV?$string_output_adapter@_W@__crt_stdio_output@@@2@@__crt_stdio_output@@AEBA_NI@Z 0000000180012410 f i libucrtd:output.obj
 0001:00011410       ?has_flag@?$output_processor@DV?$string_output_adapter@D@__crt_stdio_output@@V?$format_validation_base@DV?$string_output_adapter@D@__crt_stdio_output@@@2@@__crt_stdio_output@@AEBA_NI@Z 0000000180012410 f i libucrtd:output.obj
 0001:00011450       ?is_string_backed@__crt_stdio_stream@@QEBA_NXZ 0000000180012450 f i libucrtd:output.obj
 0001:00011490       ?narrow_null_string@?$output_processor@DV?$string_output_adapter@D@__crt_stdio_output@@V?$format_validation_base@DV?$string_output_adapter@D@__crt_stdio_output@@@2@@__crt_stdio_output@@CAPEADXZ 0000000180012490 f i libucrtd:output.obj
 0001:00011490       ?narrow_null_string@?$output_processor@_WV?$string_output_adapter@_W@__crt_stdio_output@@V?$format_validation_base@_WV?$string_output_adapter@_W@__crt_stdio_output@@@2@@__crt_stdio_output@@CAPEADXZ 0000000180012490 f i libucrtd:output.obj
 0001:000114a0       ?parse_int_from_format_string@?$output_processor@DV?$string_output_adapter@D@__crt_stdio_output@@V?$format_validation_base@DV?$string_output_adapter@D@__crt_stdio_output@@@2@@__crt_stdio_output@@AEAA_NQEAH@Z 00000001800124a0 f i libucrtd:output.obj
 0001:00011590       ?parse_int_from_format_string@?$output_processor@_WV?$string_output_adapter@_W@__crt_stdio_output@@V?$format_validation_base@_WV?$string_output_adapter@_W@__crt_stdio_output@@@2@@__crt_stdio_output@@AEAA_NQEAH@Z 0000000180012590 f i libucrtd:output.obj
 0001:00011680       ?process@?$output_processor@DV?$string_output_adapter@D@__crt_stdio_output@@V?$format_validation_base@DV?$string_output_adapter@D@__crt_stdio_output@@@2@@__crt_stdio_output@@QEAAHXZ 0000000180012680 f i libucrtd:output.obj
 0001:000119e0       ?process@?$output_processor@_WV?$string_output_adapter@_W@__crt_stdio_output@@V?$format_validation_base@_WV?$string_output_adapter@_W@__crt_stdio_output@@@2@@__crt_stdio_output@@QEAAHXZ 00000001800129e0 f i libucrtd:output.obj
 0001:00011d40       ?set_flag@?$output_processor@DV?$string_output_adapter@D@__crt_stdio_output@@V?$format_validation_base@DV?$string_output_adapter@D@__crt_stdio_output@@@2@@__crt_stdio_output@@AEAAXI@Z 0000000180012d40 f i libucrtd:output.obj
 0001:00011d40       ?set_flag@?$output_processor@_WV?$string_output_adapter@_W@__crt_stdio_output@@V?$format_validation_base@_WV?$string_output_adapter@_W@__crt_stdio_output@@@2@@__crt_stdio_output@@AEAAXI@Z 0000000180012d40 f i libucrtd:output.obj
 0001:00011d60       ?validate_and_update_state_at_beginning_of_format_character@?$standard_base@_WV?$string_output_adapter@_W@__crt_stdio_output@@@__crt_stdio_output@@IEAA_NXZ 0000000180012d60 f i libucrtd:output.obj
 0001:00011d60       ?should_format@?$standard_base@_WV?$string_output_adapter@_W@__crt_stdio_output@@@__crt_stdio_output@@IEAA_NXZ 0000000180012d60 f i libucrtd:output.obj
 0001:00011d60       ?validate_and_update_state_at_beginning_of_format_character@?$standard_base@DV?$string_output_adapter@D@__crt_stdio_output@@@__crt_stdio_output@@IEAA_NXZ 0000000180012d60 f i libucrtd:output.obj
 0001:00011d60       ?should_format@?$standard_base@DV?$string_output_adapter@D@__crt_stdio_output@@@__crt_stdio_output@@IEAA_NXZ 0000000180012d60 f i libucrtd:output.obj
 0001:00011d60       ?validate_state_for_type_case_a@?$standard_base@_WV?$string_output_adapter@_W@__crt_stdio_output@@@__crt_stdio_output@@IEBA_NXZ 0000000180012d60 f i libucrtd:output.obj
 0001:00011d60       ?validate_state_for_type_case_a@?$standard_base@DV?$string_output_adapter@D@__crt_stdio_output@@@__crt_stdio_output@@IEBA_NXZ 0000000180012d60 f i libucrtd:output.obj
 0001:00011d70       ?should_skip_type_state_output@?$standard_base@DV?$string_output_adapter@D@__crt_stdio_output@@@__crt_stdio_output@@IEBA_NXZ 0000000180012d70 f i libucrtd:output.obj
 0001:00011d70       ?should_skip_type_state_output@?$standard_base@_WV?$string_output_adapter@_W@__crt_stdio_output@@@__crt_stdio_output@@IEBA_NXZ 0000000180012d70 f i libucrtd:output.obj
 0001:00011d70       ?should_skip_normal_state_processing@?$standard_base@_WV?$string_output_adapter@_W@__crt_stdio_output@@@__crt_stdio_output@@IEAA_NXZ 0000000180012d70 f i libucrtd:output.obj
 0001:00011d70       ?should_skip_normal_state_processing@?$standard_base@DV?$string_output_adapter@D@__crt_stdio_output@@@__crt_stdio_output@@IEAA_NXZ 0000000180012d70 f i libucrtd:output.obj
 0001:00011d80       ?state_case_dot@?$output_processor@_WV?$string_output_adapter@_W@__crt_stdio_output@@V?$format_validation_base@_WV?$string_output_adapter@_W@__crt_stdio_output@@@2@@__crt_stdio_output@@AEAA_NXZ 0000000180012d80 f i libucrtd:output.obj
 0001:00011d80       ?state_case_dot@?$output_processor@DV?$string_output_adapter@D@__crt_stdio_output@@V?$format_validation_base@DV?$string_output_adapter@D@__crt_stdio_output@@@2@@__crt_stdio_output@@AEAA_NXZ 0000000180012d80 f i libucrtd:output.obj
 0001:00011da0       ?state_case_flag@?$output_processor@DV?$string_output_adapter@D@__crt_stdio_output@@V?$format_validation_base@DV?$string_output_adapter@D@__crt_stdio_output@@@2@@__crt_stdio_output@@AEAA_NXZ 0000000180012da0 f i libucrtd:output.obj
 0001:00011e40       ?state_case_flag@?$output_processor@_WV?$string_output_adapter@_W@__crt_stdio_output@@V?$format_validation_base@_WV?$string_output_adapter@_W@__crt_stdio_output@@@2@@__crt_stdio_output@@AEAA_NXZ 0000000180012e40 f i libucrtd:output.obj
 0001:00011ee0       ?state_case_normal@?$output_processor@DV?$string_output_adapter@D@__crt_stdio_output@@V?$format_validation_base@DV?$string_output_adapter@D@__crt_stdio_output@@@2@@__crt_stdio_output@@AEAA_NXZ 0000000180012ee0 f i libucrtd:output.obj
 0001:00011fc0       ?state_case_normal@?$output_processor@_WV?$string_output_adapter@_W@__crt_stdio_output@@V?$format_validation_base@_WV?$string_output_adapter@_W@__crt_stdio_output@@@2@@__crt_stdio_output@@AEAA_NXZ 0000000180012fc0 f i libucrtd:output.obj
 0001:000120a0       ?state_case_normal_common@?$output_processor@DV?$string_output_adapter@D@__crt_stdio_output@@V?$format_validation_base@DV?$string_output_adapter@D@__crt_stdio_output@@@2@@__crt_stdio_output@@AEAA_NXZ 00000001800130a0 f i libucrtd:output.obj
 0001:000120f0       ?state_case_normal_common@?$output_processor@_WV?$string_output_adapter@_W@__crt_stdio_output@@V?$format_validation_base@_WV?$string_output_adapter@_W@__crt_stdio_output@@@2@@__crt_stdio_output@@AEAA_NXZ 00000001800130f0 f i libucrtd:output.obj
 0001:00012140       ?state_case_normal_tchar@?$output_processor@DV?$string_output_adapter@D@__crt_stdio_output@@V?$format_validation_base@DV?$string_output_adapter@D@__crt_stdio_output@@@2@@__crt_stdio_output@@AEAA_ND@Z 0000000180013140 f i libucrtd:output.obj
 0001:00012280       ?state_case_normal_tchar@?$output_processor@_WV?$string_output_adapter@_W@__crt_stdio_output@@V?$format_validation_base@_WV?$string_output_adapter@_W@__crt_stdio_output@@@2@@__crt_stdio_output@@AEAA_N_W@Z 0000000180013280 f i libucrtd:output.obj
 0001:000122a0       ?state_case_percent@?$output_processor@_WV?$string_output_adapter@_W@__crt_stdio_output@@V?$format_validation_base@_WV?$string_output_adapter@_W@__crt_stdio_output@@@2@@__crt_stdio_output@@AEAA_NXZ 00000001800132a0 f i libucrtd:output.obj
 0001:000122a0       ?state_case_percent@?$output_processor@DV?$string_output_adapter@D@__crt_stdio_output@@V?$format_validation_base@DV?$string_output_adapter@D@__crt_stdio_output@@@2@@__crt_stdio_output@@AEAA_NXZ 00000001800132a0 f i libucrtd:output.obj
 0001:000122f0       ?state_case_precision@?$output_processor@DV?$string_output_adapter@D@__crt_stdio_output@@V?$format_validation_base@DV?$string_output_adapter@D@__crt_stdio_output@@@2@@__crt_stdio_output@@AEAA_NXZ 00000001800132f0 f i libucrtd:output.obj
 0001:00012370       ?state_case_precision@?$output_processor@_WV?$string_output_adapter@_W@__crt_stdio_output@@V?$format_validation_base@_WV?$string_output_adapter@_W@__crt_stdio_output@@@2@@__crt_stdio_output@@AEAA_NXZ 0000000180013370 f i libucrtd:output.obj
 0001:000123f0       ?state_case_size@?$output_processor@DV?$string_output_adapter@D@__crt_stdio_output@@V?$format_validation_base@DV?$string_output_adapter@D@__crt_stdio_output@@@2@@__crt_stdio_output@@AEAA_NXZ 00000001800133f0 f i libucrtd:output.obj
 0001:00012870       ?state_case_size@?$output_processor@_WV?$string_output_adapter@_W@__crt_stdio_output@@V?$format_validation_base@_WV?$string_output_adapter@_W@__crt_stdio_output@@@2@@__crt_stdio_output@@AEAA_NXZ 0000000180013870 f i libucrtd:output.obj
 0001:00012cf0       ?state_case_type@?$output_processor@DV?$string_output_adapter@D@__crt_stdio_output@@V?$format_validation_base@DV?$string_output_adapter@D@__crt_stdio_output@@@2@@__crt_stdio_output@@AEAA_NXZ 0000000180013cf0 f i libucrtd:output.obj
 0001:00013190       ?state_case_type@?$output_processor@_WV?$string_output_adapter@_W@__crt_stdio_output@@V?$format_validation_base@_WV?$string_output_adapter@_W@__crt_stdio_output@@@2@@__crt_stdio_output@@AEAA_NXZ 0000000180014190 f i libucrtd:output.obj
 0001:000136f0       ?state_case_width@?$output_processor@DV?$string_output_adapter@D@__crt_stdio_output@@V?$format_validation_base@DV?$string_output_adapter@D@__crt_stdio_output@@@2@@__crt_stdio_output@@AEAA_NXZ 00000001800146f0 f i libucrtd:output.obj
 0001:00013780       ?state_case_width@?$output_processor@_WV?$string_output_adapter@_W@__crt_stdio_output@@V?$format_validation_base@_WV?$string_output_adapter@_W@__crt_stdio_output@@@2@@__crt_stdio_output@@AEAA_NXZ 0000000180014780 f i libucrtd:output.obj
 0001:00013810       ?state_count@?$format_validation_base@DV?$string_output_adapter@D@__crt_stdio_output@@@__crt_stdio_output@@KAIXZ 0000000180014810 f i libucrtd:output.obj
 0001:00013810       ?state_count@?$format_validation_base@_WV?$string_output_adapter@_W@__crt_stdio_output@@@__crt_stdio_output@@KAIXZ 0000000180014810 f i libucrtd:output.obj
 0001:00013820       ?state_transition_table@?$format_validation_base@_WV?$string_output_adapter@_W@__crt_stdio_output@@@__crt_stdio_output@@KAPEBEXZ 0000000180014820 f i libucrtd:output.obj
 0001:00013820       ?state_transition_table@?$format_validation_base@DV?$string_output_adapter@D@__crt_stdio_output@@@__crt_stdio_output@@KAPEBEXZ 0000000180014820 f i libucrtd:output.obj
 0001:00013830       ?tchar_string@?$common_data@D@__crt_stdio_output@@IEAAAEAPEADD@Z 0000000180014830 f i libucrtd:output.obj
 0001:00013850       ?tchar_string@?$common_data@D@__crt_stdio_output@@IEAAAEAPEADXZ 0000000180014850 f i libucrtd:output.obj
 0001:00013870       ?tchar_string@?$common_data@_W@__crt_stdio_output@@IEAAAEAPEA_WXZ 0000000180014870 f i libucrtd:output.obj
 0001:00013890       ?tchar_string@?$common_data@_W@__crt_stdio_output@@IEAAAEAPEA_W_W@Z 0000000180014890 f i libucrtd:output.obj
 0001:000138b0       ?to_integer_size@__crt_stdio_output@@YA_KW4length_modifier@1@@Z 00000001800148b0 f i libucrtd:output.obj
 0001:00013960       ?type_case_X@?$output_processor@DV?$string_output_adapter@D@__crt_stdio_output@@V?$format_validation_base@DV?$string_output_adapter@D@__crt_stdio_output@@@2@@__crt_stdio_output@@AEAA_NXZ 0000000180014960 f i libucrtd:output.obj
 0001:00013980       ?type_case_X@?$output_processor@_WV?$string_output_adapter@_W@__crt_stdio_output@@V?$format_validation_base@_WV?$string_output_adapter@_W@__crt_stdio_output@@@2@@__crt_stdio_output@@AEAA_NXZ 0000000180014980 f i libucrtd:output.obj
 0001:000139a0       ?type_case_Z@?$output_processor@DV?$string_output_adapter@D@__crt_stdio_output@@V?$format_validation_base@DV?$string_output_adapter@D@__crt_stdio_output@@@2@@__crt_stdio_output@@AEAA_NXZ 00000001800149a0 f i libucrtd:output.obj
 0001:00013ac0       ?type_case_Z@?$output_processor@_WV?$string_output_adapter@_W@__crt_stdio_output@@V?$format_validation_base@_WV?$string_output_adapter@_W@__crt_stdio_output@@@2@@__crt_stdio_output@@AEAA_NXZ 0000000180014ac0 f i libucrtd:output.obj
 0001:00013be0       ?type_case_a@?$output_processor@DV?$string_output_adapter@D@__crt_stdio_output@@V?$format_validation_base@DV?$string_output_adapter@D@__crt_stdio_output@@@2@@__crt_stdio_output@@AEAA_NXZ 0000000180014be0 f i libucrtd:output.obj
 0001:00013fa0       ?type_case_a@?$output_processor@_WV?$string_output_adapter@_W@__crt_stdio_output@@V?$format_validation_base@_WV?$string_output_adapter@_W@__crt_stdio_output@@@2@@__crt_stdio_output@@AEAA_NXZ 0000000180014fa0 f i libucrtd:output.obj
 0001:00014370       ?type_case_c@?$output_processor@DV?$string_output_adapter@D@__crt_stdio_output@@V?$format_validation_base@DV?$string_output_adapter@D@__crt_stdio_output@@@2@@__crt_stdio_output@@AEAA_NXZ 0000000180015370 f i libucrtd:output.obj
 0001:00014390       ?type_case_c@?$output_processor@_WV?$string_output_adapter@_W@__crt_stdio_output@@V?$format_validation_base@_WV?$string_output_adapter@_W@__crt_stdio_output@@@2@@__crt_stdio_output@@AEAA_NXZ 0000000180015390 f i libucrtd:output.obj
 0001:000143b0       ?type_case_c_tchar@?$output_processor@DV?$string_output_adapter@D@__crt_stdio_output@@V?$format_validation_base@DV?$string_output_adapter@D@__crt_stdio_output@@@2@@__crt_stdio_output@@AEAA_ND@Z 00000001800153b0 f i libucrtd:output.obj
 0001:00014500       ?type_case_c_tchar@?$output_processor@_WV?$string_output_adapter@_W@__crt_stdio_output@@V?$format_validation_base@_WV?$string_output_adapter@_W@__crt_stdio_output@@@2@@__crt_stdio_output@@AEAA_N_W@Z 0000000180015500 f i libucrtd:output.obj
 0001:00014630       ?type_case_d@?$output_processor@DV?$string_output_adapter@D@__crt_stdio_output@@V?$format_validation_base@DV?$string_output_adapter@D@__crt_stdio_output@@@2@@__crt_stdio_output@@AEAA_NXZ 0000000180015630 f i libucrtd:output.obj
 0001:00014660       ?type_case_d@?$output_processor@_WV?$string_output_adapter@_W@__crt_stdio_output@@V?$format_validation_base@_WV?$string_output_adapter@_W@__crt_stdio_output@@@2@@__crt_stdio_output@@AEAA_NXZ 0000000180015660 f i libucrtd:output.obj
 0001:00014690       ?type_case_integer@?$output_processor@DV?$string_output_adapter@D@__crt_stdio_output@@V?$format_validation_base@DV?$string_output_adapter@D@__crt_stdio_output@@@2@@__crt_stdio_output@@AEAA_NI_N@Z 0000000180015690 f i libucrtd:output.obj
 0001:00014ae0       ?type_case_integer@?$output_processor@_WV?$string_output_adapter@_W@__crt_stdio_output@@V?$format_validation_base@_WV?$string_output_adapter@_W@__crt_stdio_output@@@2@@__crt_stdio_output@@AEAA_NI_N@Z 0000000180015ae0 f i libucrtd:output.obj
 0001:00014f30       ?type_case_n@?$output_processor@DV?$string_output_adapter@D@__crt_stdio_output@@V?$format_validation_base@DV?$string_output_adapter@D@__crt_stdio_output@@@2@@__crt_stdio_output@@AEAA_NXZ 0000000180015f30 f i libucrtd:output.obj
[...]
 0004:00002820       $pdata$?_wcstombs_l_helper@@YA_KPEADPEB_W_KPEAU__crt_locale_pointers@@@Z 0000000180057820     libucrtd:wcstombs.obj
 0004:0000282c       $pdata$?wcsncnt@@YA_KPEB_W_K@Z 000000018005782c     libucrtd:wcstombs.obj
 0004:00002838       $pdata$_wcstombs_s_l       0000000180057838     libucrtd:wcstombs.obj
 0004:00002844       $pdata$wcstombs_s          0000000180057844     libucrtd:wcstombs.obj
 0004:00002850       $pdata$??$common_tcscat_s@D@@YAHQEAD_KQEBD@Z 0000000180057850     libucrtd:strcat_s.obj
 0004:0000285c       $pdata$strcat_s            000000018005785c     libucrtd:strcat_s.obj
 0004:00002868       $pdata$__acrt_OutputDebugStringA 0000000180057868     libucrtd:outputdebugstringa.obj
 0004:00002874       $pdata$__strncnt           0000000180057874     libucrtd:strncnt.obj
 0004:00002880       $pdata$__ascii_wcsnicmp    0000000180057880     libucrtd:wcsnicmp.obj
 0004:0000288c       $pdata$??$?RV<lambda_4e3dbe6921bc0b5a1a6bc6573fdc859e>@@AEAV<lambda_5533cddd4bda0037814beee657757329>@@V<lambda_47cffbaa968af5c721c38a4a6f8da44d>@@@?$__crt_seh_guarded_call@H@@QEAAH$$QEAV<lambda_4e3dbe6921bc0b5a1a6bc6573fdc859e>@@AEAV<lambda_5533cddd4bda0037814beee657757329>@@$$QEAV<lambda_47cffbaa968af5c721c38a4a6f8da44d>@@@Z 000000018005788c     libucrtd:commit.obj
 0004:00002898       $pdata$??$__acrt_lowio_lock_fh_and_call@V<lambda_5533cddd4bda0037814beee657757329>@@@@YAHH$$QEAV<lambda_5533cddd4bda0037814beee657757329>@@@Z 0000000180057898     libucrtd:commit.obj
 0004:000028a4       $pdata$??R<lambda_8ddc48ad9d26c778cb15812d1d88fc8a>@@QEBAXXZ 00000001800578a4     libucrtd:close.obj
 0004:000028a4       $pdata$??R<lambda_47cffbaa968af5c721c38a4a6f8da44d>@@QEBAXXZ 00000001800578a4     libucrtd:commit.obj
 0004:000028b0       $pdata$??R<lambda_53fc7fc888e23d815d7080162c0aeeb2>@@QEBAXXZ 00000001800578b0     libucrtd:close.obj
 0004:000028b0       $pdata$??R<lambda_4e3dbe6921bc0b5a1a6bc6573fdc859e>@@QEBAXXZ 00000001800578b0     libucrtd:commit.obj
 0004:000028bc       $pdata$??R<lambda_5533cddd4bda0037814beee657757329>@@QEBAHXZ 00000001800578bc     libucrtd:commit.obj
 0004:000028c8       $pdata$_commit             00000001800578c8     libucrtd:commit.obj
 0004:000028d4       $pdata$?write_binary_nolock@@YA?AUwrite_result@?A0x17268360@@HQEBDI@Z 00000001800578d4     libucrtd:write.obj
 0004:000028e0       $pdata$?write_double_translated_ansi_nolock@@YA?AUwrite_result@?A0x17268360@@HQEBDI@Z 00000001800578e0     libucrtd:write.obj
 0004:000028ec       $pdata$?write_double_translated_unicode_nolock@@YA?AUwrite_result@?A0x17268360@@QEBDI@Z 00000001800578ec     libucrtd:write.obj
 0004:000028f8       $pdata$?write_requires_double_translation_nolock@@YA_NH@Z 00000001800578f8     libucrtd:write.obj
 0004:00002904       $pdata$?write_text_ansi_nolock@@YA?AUwrite_result@?A0x17268360@@HQEBDI@Z 0000000180057904     libucrtd:write.obj
 0004:00002910       $pdata$?write_text_utf16le_nolock@@YA?AUwrite_result@?A0x17268360@@HQEBDI@Z 0000000180057910     libucrtd:write.obj
 0004:0000291c       $pdata$?write_text_utf8_nolock@@YA?AUwrite_result@?A0x17268360@@HQEBDI@Z 000000018005791c     libucrtd:write.obj
 0004:00002928       $pdata$_write              0000000180057928     libucrtd:write.obj
 0004:00002934       $pdata$_write_nolock       0000000180057934     libucrtd:write.obj
 0004:00002940       $pdata$?__mbrtoc32_utf8@__crt_mbstring@@YA_KPEA_UPEBD_KPEAU_Mbstatet@@@Z 0000000180057940     libucrtd:mbrtoc32.obj
 0004:00002958       $pdata$ceil                0000000180057958     libucrtd:ceil.obj
 0004:00002964       $pdata$fegetenv            0000000180057964     libucrtd:fegetenv.obj
 0004:00002970       $pdata$fesetenv            0000000180057970     libucrtd:fesetenv.obj
 0004:0000297c       $pdata$feholdexcept        000000018005797c     libucrtd:feholdexcept.obj
 0004:00002988       $pdata$??$common_lseek_nolock@_J@@YA_JH_JH@Z 0000000180057988     libucrtd:lseek.obj
 0004:00002994       $pdata$?common_lseek_do_seek_nolock@@YA_JQEAX_JH@Z 0000000180057994     libucrtd:lseek.obj
 0004:000029a0       $pdata$_lseeki64_nolock    00000001800579a0     libucrtd:lseek.obj
 0004:000029ac       $pdata$_fclose_nolock      00000001800579ac     libucrtd:fclose.obj
 0004:000029b8       $pdata$fclose              00000001800579b8     libucrtd:fclose.obj
 0004:000029c4       $pdata$?__wcsrtombs_utf8@__crt_mbstring@@YA_KPEADPEAPEB_W_KPEAU_Mbstatet@@@Z 00000001800579c4     libucrtd:wcrtomb.obj
 0004:000029d0       $pdata$_putwch_nolock      00000001800579d0     libucrtd:putwch.obj
 0004:000029dc       $pdata$__acrt_initialize_fma3 00000001800579dc     libucrtd:fma3_available.obj
 0004:000029e8       $pdata$_log10_special      00000001800579e8     libucrtd:log_special.obj
 0004:000029f4       $pdata$_log_special_common 00000001800579f4     libucrtd:log_special.obj
 0004:00002a00       $pdata$_call_matherr       0000000180057a00     libucrtd:libm_error.obj
 0004:00002a0c       $pdata$_exception_enabled  0000000180057a0c     libucrtd:libm_error.obj
 0004:00002a18       $pdata$_handle_error       0000000180057a18     libucrtd:libm_error.obj
 0004:00002a24       $pdata$_handle_nan         0000000180057a24     libucrtd:libm_error.obj
 0004:00002a30       $pdata$_abstract_sw        0000000180057a30     libucrtd:ieee.obj
 0004:00002a3c       $pdata$_clearfp            0000000180057a3c     libucrtd:ieee.obj
 0004:00002a48       $pdata$??$?RV<lambda_53fc7fc888e23d815d7080162c0aeeb2>@@AEAV<lambda_4e7105787b7b0e0227fbf2b2d883fa65>@@V<lambda_8ddc48ad9d26c778cb15812d1d88fc8a>@@@?$__crt_seh_guarded_call@H@@QEAAH$$QEAV<lambda_53fc7fc888e23d815d7080162c0aeeb2>@@AEAV<lambda_4e7105787b7b0e0227fbf2b2d883fa65>@@$$QEAV<lambda_8ddc48ad9d26c778cb15812d1d88fc8a>@@@Z 0000000180057a48     libucrtd:close.obj
 0004:00002a54       $pdata$??$__acrt_lowio_lock_fh_and_call@V<lambda_4e7105787b7b0e0227fbf2b2d883fa65>@@@@YAHH$$QEAV<lambda_4e7105787b7b0e0227fbf2b2d883fa65>@@@Z 0000000180057a54     libucrtd:close.obj
 0004:00002a60       $pdata$??R<lambda_4e7105787b7b0e0227fbf2b2d883fa65>@@QEBAHXZ 0000000180057a60     libucrtd:close.obj
 0004:00002a6c       $pdata$?close_os_handle_nolock@@YAKH@Z 0000000180057a6c     libucrtd:close.obj
 0004:00002a78       $pdata$_close              0000000180057a78     libucrtd:close.obj
 0004:00002a84       $pdata$_close_nolock       0000000180057a84     libucrtd:close.obj
 0004:00002a90       $pdata$?__acrt_stdio_free_stream@@YAXV__crt_stdio_stream@@@Z 0000000180057a90     libucrtd:stream.obj
 0004:00002a9c       $pdata$?__c16rtomb_utf8@__crt_mbstring@@YA_KPEAD_SPEAU_Mbstatet@@@Z 0000000180057a9c     libucrtd:c16rtomb.obj
 0004:00002aa8       $pdata$?has_surrogate@?A0xc60ee810@@YA_NPEAU_Mbstatet@@@Z 0000000180057aa8     libucrtd:c16rtomb.obj
 0004:00002ab4       $pdata$?is_first_surrogate@?A0xc60ee810@@YA_N_S@Z 0000000180057ab4     libucrtd:c16rtomb.obj
 0004:00002ac0       $pdata$?is_second_surrogate@?A0xc60ee810@@YA_N_S@Z 0000000180057ac0     libucrtd:c16rtomb.obj
 0004:00002acc       $pdata$?store_first_surrogate@?A0xc60ee810@@YAX_SPEAU_Mbstatet@@@Z 0000000180057acc     libucrtd:c16rtomb.obj
 0004:00002ad8       $pdata$__dcrt_lowio_ensure_console_output_initialized 0000000180057ad8     libucrtd:initcon.obj
 0004:00002ae4       $pdata$__dcrt_terminate_console_output 0000000180057ae4     libucrtd:initcon.obj
 0004:00002af0       $pdata$__dcrt_write_console 0000000180057af0     libucrtd:initcon.obj
 0004:00002afc       $pdata$_raise_exc          0000000180057afc     libucrtd:fpexcept.obj
 0004:00002b08       $pdata$_raise_exc_ex       0000000180057b08     libucrtd:fpexcept.obj
 0004:00002b14       $pdata$_set_errno_from_matherr 0000000180057b14     libucrtd:fpexcept.obj
 0004:00002b20       $pdata$_clrfp              0000000180057b20     libucrtd:fpctrl.obj
 0004:00002b2c       $pdata$_ctrlfp             0000000180057b2c     libucrtd:fpctrl.obj
 0004:00002b38       $pdata$_set_statfp         0000000180057b38     libucrtd:fpctrl.obj
 0004:00002b44       $pdata$_statfp             0000000180057b44     libucrtd:fpctrl.obj
 0004:00002b5c       $pdata$_FindPESection      0000000180057b5c     LIBCMTD:pesect.obj
 0004:00002b68       $pdata$_IsNonwritableInCurrentImage 0000000180057b68     LIBCMTD:pesect.obj
 0004:00002b74       $pdata$_ValidateImageBase  0000000180057b74     LIBCMTD:pesect.obj
 0004:00002b80       $pdata$??_Gtype_info@@UEAAPEAXI@Z 0000000180057b80     LIBCMTD:std_type_info_static.obj
 0004:00002b8c       $pdata$??3@YAXPEAX_K@Z     0000000180057b8c     LIBCMTD:delete_scalar_size.obj
 0004:00002b98       $pdata$__GSHandlerCheck_SEH 0000000180057b98     LIBCMTD:gshandlerseh.obj
 0004:00002bb0       $pdata$__GSHandlerCheck_EH 0000000180057bb0     LIBCMTD:gshandlereh.obj
 0004:00002bbc       $pdata$??3@YAXPEAX@Z       0000000180057bbc     LIBCMTD:delete_scalar.obj
 0004:00002bd4       $pdata$strrchr             0000000180057bd4     libvcruntimed:strrchr.obj
 0004:00002bec       $pdata$?fin$0@?0??dllmain_crt_process_attach@@YAHQEAUHINSTANCE__@@QEAX@Z@4HA 0000000180057bec     LIBCMTD:dll_dllmain.obj
 0004:00002bf8       $pdata$?fin$0@?0??dllmain_crt_process_detach@@YAH_N@Z@4HA 0000000180057bf8     LIBCMTD:dll_dllmain.obj
 0004:00002c04       $pdata$?fin$1@?0??dllmain_crt_process_detach@@YAH_N@Z@4HA 0000000180057c04     LIBCMTD:dll_dllmain.obj
 0004:00002c10       $pdata$?filt$0@?0??dllmain_dispatch@@YAHQEAUHINSTANCE__@@KQEAX@Z@4HA 0000000180057c10     LIBCMTD:dll_dllmain.obj
 0004:00002c1c       $pdata$__scrt_is_nonwritable_in_current_image$filt$0 0000000180057c1c     LIBCMTD:utility.obj
 0004:00002c28       $pdata$__DestructExceptionObject$filt$0 0000000180057c28     libvcruntimed:ehhelpers.obj
 0004:00002c34       $pdata$?filt$0@?0???$_CallSETranslator@V__FrameHandler3@@@@YAHPEAUEHExceptionRecord@@PEA_KPEAU_CONTEXT@@PEAU_xDISPATCHER_CONTEXT@@PEBU_s_FuncInfo@@K1@Z@4HA 0000000180057c34     libvcruntimed:risctrnsctrl.obj
 0004:00002c40       $pdata$?filt$0@?0???$BuildCatchObjectHelperInternal@V__FrameHandler3@@@@YAHPEAUEHExceptionRecord@@PEAXPEBU_s_HandlerType@@PEBU_s_CatchableType@@@Z@4HA 0000000180057c40     libvcruntimed:frame.obj
 0004:00002c40       $pdata$?filt$0@?0???$BuildCatchObjectInternal@V__FrameHandler3@@@@YAXPEAUEHExceptionRecord@@PEAXPEBU_s_HandlerType@@PEBU_s_CatchableType@@@Z@4HA 0000000180057c40     libvcruntimed:frame.obj
 0004:00002c40       $pdata$?filt$0@?0??is_bad_read_pointer@@YA_NQEBX_K@Z@4HA 0000000180057c40     libucrtd:debug_heap.obj
 0004:00002c40       $pdata$terminate$filt$0    0000000180057c40     libucrtd:terminate.obj
 0004:00002c4c       $pdata$?filt$0@?0??CxxCallCatchBlock@__FrameHandler3@@SAPEAXPEAU_EXCEPTION_RECORD@@@Z@4HA 0000000180057c4c     libvcruntimed:frame.obj
 0004:00002c58       $pdata$?fin$1@?0??CxxCallCatchBlock@__FrameHandler3@@SAPEAXPEAU_EXCEPTION_RECORD@@@Z@4HA 0000000180057c58     libvcruntimed:frame.obj
 0004:00002c64       $pdata$?filt$0@?0??FrameUnwindToState@__FrameHandler3@@SAXPEA_KPEAU_xDISPATCHER_CONTEXT@@PEBU_s_FuncInfo@@H@Z@4HA 0000000180057c64     libvcruntimed:frame.obj
 0004:00002c70       $pdata$?fin$1@?0??FrameUnwindToState@__FrameHandler3@@SAXPEA_KPEAU_xDISPATCHER_CONTEXT@@PEBU_s_FuncInfo@@H@Z@4HA 0000000180057c70     libvcruntimed:frame.obj
 0004:00002c7c       $pdata$?fin$0@?0???$?RV<lambda_0ae27a3a962d80f24befdcbee591983d>@@AEAV<lambda_8d0ee55de4b1038c4002e0adecdf1839>@@V<lambda_dc504788e8f1664fe9b84e20bfb512f2>@@@?$__crt_seh_guarded_call@X@@QEAAX$$QEAV<lambda_0ae27a3a962d80f24befdcbee591983d>@@AEAV<lambda_8d0ee55de4b1038c4002e0adecdf1839>@@$$QEAV<lambda_dc504788e8f1664fe9b84e20bfb512f2>@@@Z@4HA 0000000180057c7c     libucrtd:per_thread_data.obj
 0004:00002c7c       $pdata$?fin$0@?0???$?RV<lambda_2d41944a1d46af3157314b8a01080d33>@@AEAV<lambda_8f455de75cd7d7f24b4096f044d8b9e6>@@V<lambda_aa500f224e6afead328df44964fe2772>@@@?$__crt_seh_guarded_call@X@@QEAAX$$QEAV<lambda_2d41944a1d46af3157314b8a01080d33>@@AEAV<lambda_8f455de75cd7d7f24b4096f044d8b9e6>@@$$QEAV<lambda_aa500f224e6afead328df44964fe2772>@@@Z@4HA 0000000180057c7c     libucrtd:per_thread_data.obj
 0004:00002c7c       $pdata$?fin$0@?0???$?RV<lambda_74a0ef281e44d15e1136f792f539efb3>@@AEAV<lambda_e157831efee4ea0afb0a2ace5dd5fd0d>@@V<lambda_04ddeca75b7c13fd67716e8dfcef87ee>@@@?$__crt_seh_guarded_call@X@@QEAAX$$QEAV<lambda_74a0ef281e44d15e1136f792f539efb3>@@AEAV<lambda_e157831efee4ea0afb0a2ace5dd5fd0d>@@$$QEAV<lambda_04ddeca75b7c13fd67716e8dfcef87ee>@@@Z@4HA 0000000180057c7c     libucrtd:per_thread_data.obj
 0004:00002c7c       $pdata$?fin$0@?0???$?RV<lambda_aa87e3671a710a21b5dc78c0bdf72e11>@@AEAV<lambda_92619d2358a28f41a33ba319515a20b9>@@V<lambda_6992ecaafeb10aed2b74cb1fae11a551>@@@?$__crt_seh_guarded_call@X@@QEAAX$$QEAV<lambda_aa87e3671a710a21b5dc78c0bdf72e11>@@AEAV<lambda_92619d2358a28f41a33ba319515a20b9>@@$$QEAV<lambda_6992ecaafeb10aed2b74cb1fae11a551>@@@Z@4HA 0000000180057c7c     libucrtd:per_thread_data.obj
 0004:00002c7c       $pdata$?fin$0@?0???$?RV<lambda_410d79af7f07d98d83a3f525b3859a53>@@AEAV<lambda_3e16ef9562a7dcce91392c22ab16ea36>@@V<lambda_38119f0e861e05405d8a144b9b982f0a>@@@?$__crt_seh_guarded_call@X@@QEAAX$$QEAV<lambda_410d79af7f07d98d83a3f525b3859a53>@@AEAV<lambda_3e16ef9562a7dcce91392c22ab16ea36>@@$$QEAV<lambda_38119f0e861e05405d8a144b9b982f0a>@@@Z@4HA 0000000180057c7c     libucrtd:wsetlocale.obj
 0004:00002c7c       $pdata$?fin$0@?0???$?RV<lambda_efa02eb69bf647d2f7ff0dd6f1103f72>@@AEAV<lambda_bd5a608237428601b7e45fbdc72b1ae8>@@V<lambda_728235dc0fc2b1f82d1fa5b3e7102d8f>@@@?$__crt_seh_guarded_call@X@@QEAAX$$QEAV<lambda_efa02eb69bf647d2f7ff0dd6f1103f72>@@AEAV<lambda_bd5a608237428601b7e45fbdc72b1ae8>@@$$QEAV<lambda_728235dc0fc2b1f82d1fa5b3e7102d8f>@@@Z@4HA 0000000180057c7c     libucrtd:mbctype.obj
 0004:00002c7c       $pdata$?fin$0@?0???$?RV<lambda_d80eeec6fff315bfe5c115232f3240e3>@@AEAV<lambda_6e4b09c48022b2350581041d5f6b0c4c>@@V<lambda_2358e3775559c9db80273638284d5e45>@@@?$__crt_seh_guarded_call@X@@QEAAX$$QEAV<lambda_d80eeec6fff315bfe5c115232f3240e3>@@AEAV<lambda_6e4b09c48022b2350581041d5f6b0c4c>@@$$QEAV<lambda_2358e3775559c9db80273638284d5e45>@@@Z@4HA 0000000180057c7c     libucrtd:exit.obj
 0004:00002c7c       $pdata$?fin$0@?0???$?RV<lambda_886d6c58226a84441f68b9f2b8217b83>@@AEAV<lambda_ab61a845afdef5b7c387490eaf3616ee>@@V<lambda_f7f22ab5edc0698d5f6905b0d3f44752>@@@?$__crt_seh_guarded_call@X@@QEAAX$$QEAV<lambda_886d6c58226a84441f68b9f2b8217b83>@@AEAV<lambda_ab61a845afdef5b7c387490eaf3616ee>@@$$QEAV<lambda_f7f22ab5edc0698d5f6905b0d3f44752>@@@Z@4HA 0000000180057c7c     libucrtd:fflush.obj
 0004:00002c88       $pdata$?filt$0@?0???R<lambda_6e4b09c48022b2350581041d5f6b0c4c>@@QEBA@XZ@4HA 0000000180057c88     libucrtd:exit.obj
 0004:00002c94       $pdata$?fin$0@?0???$?RV<lambda_450d765d439847d4c735a33c368b5fc0>@@AEAV<lambda_44731a7d0e6d81c3e6aa82d741081786>@@V<lambda_601a2a7da3b7a96e9554ac7215c4b07c>@@@?$__crt_seh_guarded_call@P6AXH@Z@@QEAAP6AXH@Z$$QEAV<lambda_450d765d439847d4c735a33c368b5fc0>@@AEAV<lambda_44731a7d0e6d81c3e6aa82d741081786>@@$$QEAV<lambda_601a2a7da3b7a96e9554ac7215c4b07c>@@@Z@4HA 0000000180057c94     libucrtd:signal.obj
 0004:00002c94       $pdata$?fin$0@?0???$?RV<lambda_6a47f4c8fd0152770a780fc1d70204eb>@@AEAV<lambda_d121dba8a4adeaf3a9819e48611155df>@@V<lambda_6aaa2265f5b6a89667e7d7630012e97a>@@@?$__crt_seh_guarded_call@H@@QEAAH$$QEAV<lambda_6a47f4c8fd0152770a780fc1d70204eb>@@AEAV<lambda_d121dba8a4adeaf3a9819e48611155df>@@$$QEAV<lambda_6aaa2265f5b6a89667e7d7630012e97a>@@@Z@4HA 0000000180057c94     libucrtd:onexit.obj
 0004:00002ca0       $pdata$?dtor$0@?0???R<lambda_d121dba8a4adeaf3a9819e48611155df>@@QEBAHXZ@4HA 0000000180057ca0     libucrtd:onexit.obj
 0004:00002cac       $pdata$?fin$0@?0??heap_alloc_dbg_internal@@YAPEAX_KHQEBDH@Z@4HA 0000000180057cac     libucrtd:debug_heap.obj
 0004:00002cac       $pdata$_CrtMemCheckpoint$fin$0 0000000180057cac     libucrtd:debug_heap.obj
 0004:00002cb8       $pdata$?fin$0@?0??validate_heap_if_required_nolock@@YAXXZ@4HA 0000000180057cb8     libucrtd:debug_heap.obj
 0004:00002cc4       $pdata$_CrtCheckMemory$fin$0 0000000180057cc4     libucrtd:debug_heap.obj
 0004:00002cc4       $pdata$_CrtMemDumpAllObjectsSince$fin$0 0000000180057cc4     libucrtd:debug_heap.obj
 0004:00002cc4       $pdata$_CrtSetDbgFlag$fin$0 0000000180057cc4     libucrtd:debug_heap.obj
 0004:00002cc4       $pdata$_msize_dbg$fin$0    0000000180057cc4     libucrtd:debug_heap.obj
 0004:00002cc4       $pdata$_realloc_dbg$fin$0  0000000180057cc4     libucrtd:debug_heap.obj
 0004:00002cd0       $pdata$_free_dbg$fin$0     0000000180057cd0     libucrtd:debug_heap.obj
 0004:00002cd0       $pdata$_query_new_handler$fin$0 0000000180057cd0     libucrtd:new_handler.obj
 0004:00002cdc       $pdata$?fin$0@?0??update_thread_multibyte_data_internal@@YAPEAU__crt_multibyte_data@@QEAU__acrt_ptd@@QEAPEAU1@@Z@4HA 0000000180057cdc     libucrtd:mbctype.obj
 0004:00002ce8       $pdata$__acrt_initialize_lowio$fin$0 0000000180057ce8     libucrtd:ioinit.obj
 0004:00002cf4       $pdata$raise$fin$0         0000000180057cf4     libucrtd:signal.obj
 0004:00002d00       $pdata$?dtor$0@?0??fp_format_a@@YAHQEBNPEAD_KQEAD2H_NIQEAU__crt_locale_pointers@@@Z@4HA 0000000180057d00     libucrtd:cvt.obj
 0004:00002d0c       $pdata$_VCrtDbgReportA$fin$0 0000000180057d0c     libucrtd:dbgrptt.obj
 0004:00002d18       $pdata$_VCrtDbgReportA$fin$1 0000000180057d18     libucrtd:dbgrptt.obj
 0004:00002d24       $pdata$_VCrtDbgReportW$fin$0 0000000180057d24     libucrtd:dbgrptt.obj
 0004:00002d30       $pdata$_VCrtDbgReportW$fin$1 0000000180057d30     libucrtd:dbgrptt.obj
 0004:00002d3c       $pdata$__acrt_update_thread_locale_data$fin$0 0000000180057d3c     libucrtd:locale_refcounting.obj
 0004:00002d48       $pdata$?dtor$0@?0??shortsort@@YAXPEAD0_KP6AHPEBX2@Z@Z@4HA 0000000180057d48     libucrtd:qsort.obj
 0004:00002d54       $pdata$__acrt_lowio_ensure_fh_exists$fin$0 0000000180057d54     libucrtd:osfinfo.obj
 0004:00002d60       $pdata$?fin$0@?0???$?RV<lambda_842d9ff0dc9ef11c61343bbaebe7f885>@@AEAV<lambda_c5860995281e5c4ce005b3de8f5874ee>@@V<lambda_d90129c13df834fdcbf8d2b88dafcf2d>@@@?$__crt_seh_guarded_call@X@@QEAAX$$QEAV<lambda_842d9ff0dc9ef11c61343bbaebe7f885>@@AEAV<lambda_c5860995281e5c4ce005b3de8f5874ee>@@$$QEAV<lambda_d90129c13df834fdcbf8d2b88dafcf2d>@@@Z@4HA 0000000180057d60     libucrtd:fflush.obj
 0004:00002d6c       $pdata$_fcloseall$fin$0    0000000180057d6c     libucrtd:closeall.obj
 0004:00002d78       $pdata$?dtor$0@?0??_wcstombs_l_helper@@YA_KPEADPEB_W_KPEAU__crt_locale_pointers@@@Z@4HA 0000000180057d78     libucrtd:wcstombs.obj
 0004:00002d84       $pdata$?fin$0@?0???$?RV<lambda_53fc7fc888e23d815d7080162c0aeeb2>@@AEAV<lambda_4e7105787b7b0e0227fbf2b2d883fa65>@@V<lambda_8ddc48ad9d26c778cb15812d1d88fc8a>@@@?$__crt_seh_guarded_call@H@@QEAAH$$QEAV<lambda_53fc7fc888e23d815d7080162c0aeeb2>@@AEAV<lambda_4e7105787b7b0e0227fbf2b2d883fa65>@@$$QEAV<lambda_8ddc48ad9d26c778cb15812d1d88fc8a>@@@Z@4HA 0000000180057d84     libucrtd:close.obj
 0004:00002d84       $pdata$?fin$0@?0???$?RV<lambda_4e3dbe6921bc0b5a1a6bc6573fdc859e>@@AEAV<lambda_5533cddd4bda0037814beee657757329>@@V<lambda_47cffbaa968af5c721c38a4a6f8da44d>@@@?$__crt_seh_guarded_call@H@@QEAAH$$QEAV<lambda_4e3dbe6921bc0b5a1a6bc6573fdc859e>@@AEAV<lambda_5533cddd4bda0037814beee657757329>@@$$QEAV<lambda_47cffbaa968af5c721c38a4a6f8da44d>@@@Z@4HA 0000000180057d84     libucrtd:commit.obj
 0004:00002d90       $pdata$_write$fin$0        0000000180057d90     libucrtd:write.obj
 0004:00002d9c       $pdata$fclose$fin$0        0000000180057d9c     libucrtd:fclose.obj
 0004:00002da8       $pdata$_ctrlfp$filt$0      0000000180057da8     libucrtd:fpctrl.obj
 0004:00002db4       $pdata$_IsNonwritableInCurrentImage$filt$0 0000000180057db4     LIBCMTD:pesect.obj
 0005:00000000       MoveSmall                  0000000180058000     libvcruntimed:memcpy.obj
 0005:00000050       MsetTab                    0000000180058050     libvcruntimed:memset.obj
