 handmade

 Timestamp is 5ecf6da6 (Thu May 28 01:52:06 2020)

 Preferred load address is 0000000180000000

 Start         Length     Name                   Class
 0001:00000000 000398a0H .text$mn                CODE
 0001:000398a0 00000020H .text$mn$00             CODE
 0001:000398c0 0000068dH .text$x                 CODE
 0002:00000000 00000248H .idata$5                DATA
 0002:00000248 00000028H .00cfg                  DATA
 0002:00000270 00000008H .CRT$XCA                DATA
 0002:00000278 00000008H .CRT$XCZ                DATA
 0002:00000280 00000008H .CRT$XIA                DATA
 0002:00000288 00000018H .CRT$XIC                DATA
 0002:000002a0 00000008H .CRT$XIZ                DATA
 0002:000002a8 00000008H .CRT$XPA                DATA
 0002:000002b0 00000010H .CRT$XPX                DATA
 0002:000002c0 00000008H .CRT$XPXA               DATA
 0002:000002c8 00000008H .CRT$XPZ                DATA
 0002:000002d0 00000008H .CRT$XTA                DATA
 0002:000002d8 00000008H .CRT$XTZ                DATA
 0002:000002e0 00000000H .gfids$y                DATA
 0002:000002e0 000104b0H .rdata                  DATA
 0002:00010790 0000016cH .rdata$r                DATA
 0002:000108fc 000002f4H .rdata$zzzdbg           DATA
 0002:00010bf0 00000008H .rtc$IAA                DATA
 0002:00010bf8 00000008H .rtc$IZZ                DATA
 0002:00010c00 00000008H .rtc$TAA                DATA
 0002:00010c08 00000008H .rtc$TZZ                DATA
 0002:00010c10 00001168H .xdata                  DATA
 0002:00011d78 00000088H .xdata$x                DATA
 0002:00011e00 00000074H .edata                  DATA
 0002:00011e74 00000014H .idata$2                DATA
 0002:00011e88 00000018H .idata$3                DATA
 0002:00011ea0 00000248H .idata$4                DATA
 0002:000120e8 00000554H .idata$6                DATA
 0003:00000000 00005a30H .data                   DATA
 0003:00005a30 00000070H .data$r                 DATA
 0003:00005aa0 00001868H .bss                    DATA
 0004:00000000 00002e98H .pdata                  DATA
 0005:00000000 00000094H _RDATA                  DATA

  Address         Publics by Value              Rva+Base               Lib:Object

 0000:00000000       __guard_longjmp_count      0000000000000000     <absolute>
 0000:00000000       __guard_fids_count         0000000000000000     <absolute>
 0000:00000000       __hybrid_code_map_count    0000000000000000     <absolute>
 0000:00000000       __guard_iat_table          0000000000000000     <absolute>
 0000:00000000       __hybrid_code_map          0000000000000000     <absolute>
 0000:00000000       __guard_iat_count          0000000000000000     <absolute>
 0000:00000000       __guard_eh_cont_count      0000000000000000     <absolute>
 0000:00000000       __volatile_metadata        0000000000000000     <absolute>
 0000:00000000       __guard_longjmp_table      0000000000000000     <absolute>
 0000:00000000       __guard_eh_cont_table      0000000000000000     <absolute>
 0000:00000000       __enclave_config           0000000000000000     <absolute>
 0000:00000000       __AbsoluteZero             0000000000000000     <absolute>
 0000:00000000       ___safe_se_handler_count   0000000000000000     <absolute>
 0000:00000000       ___safe_se_handler_table   0000000000000000     <absolute>
 0000:00000000       __guard_fids_table         0000000000000000     <absolute>
 0000:00000000       __hybrid_auxiliary_iat     0000000000000000     <absolute>
 0000:00000000       __dynamic_value_reloc_table 0000000000000000     <absolute>
 0000:00000100       __guard_flags              0000000000000100     <absolute>
 0000:00000000       __ImageBase                0000000180000000     <linker-defined>
 0001:00000040       ?PushSize_@@YAPEAXPEAUmemory_arena@@_K@Z 0000000180001040 f   handmade.obj
 0001:000017e0       GameUpdateAndRender        00000001800027e0 f   handmade.obj
 0001:00002da0       GameGetSoundSamples        0000000180003da0 f   handmade.obj
 0001:00002de0       ??D@YA?AUv2@@MU0@@Z        0000000180003de0 f i handmade.obj
 0001:00002e20       ??D@YA?AUv2@@U0@M@Z        0000000180003e20 f i handmade.obj
 0001:00002e60       ??G@YA?AUv2@@U0@0@Z        0000000180003e60 f i handmade.obj
 0001:00002ea0       ??H@YA?AUv2@@U0@0@Z        0000000180003ea0 f i handmade.obj
 0001:00002ee0       ??Xv2@@QEAAAEAU0@M@Z       0000000180003ee0 f i handmade.obj
 0001:00002f20       ??Yv2@@QEAAAEAU0@U0@@Z     0000000180003f20 f i handmade.obj
 0001:00002f60       ?AbsoluteValue@@YAMM@Z     0000000180003f60 f i handmade.obj
 0001:00002f90       ?FindLeastSignificantSetBit@@YA?AUbit_scan_result@@I@Z 0000000180003f90 f i handmade.obj
 0001:00002fd0       ?GetChunkPositionFor@@YA?AUtile_chunk_position@@PEAUtile_map@@III@Z 0000000180003fd0 f i handmade.obj
 0001:00003080       ?GetController@@YAPEAUgame_controller_input@@PEAUgame_input@@H@Z 0000000180004080 f i handmade.obj
 0001:000030d0       ?GetTileChunk@@YAPEAUtile_chunk@@PEAUtile_map@@III@Z 00000001800040d0 f i handmade.obj
 0001:00003160       ?GetTileValue@@YAIPEAUtile_map@@PEAUtile_chunk@@II@Z 0000000180004160 f i handmade.obj
 0001:000031c0       ?GetTileValueUnchecked@@YAIPEAUtile_map@@PEAUtile_chunk@@II@Z 00000001800041c0 f i handmade.obj
 0001:00003250       ?Inner@@YAMUv2@@0@Z        0000000180004250 f i handmade.obj
 0001:00003290       ?RecanonicalizeCoord@@YAXPEAUtile_map@@PEAIPEAM@Z 0000000180004290 f i handmade.obj
 0001:00003350       ?RecanonicalizePosition@@YA?AUtile_map_position@@PEAUtile_map@@U1@@Z 0000000180004350 f i handmade.obj
 0001:000033e0       ?RoundReal32ToInt32@@YAHM@Z 00000001800043e0 f i handmade.obj
 0001:00003410       ?RoundReal32ToUInt32@@YAIM@Z 0000000180004410 f i handmade.obj
 0001:00003440       ?SetTileValue@@YAXPEAUtile_map@@PEAUtile_chunk@@III@Z 0000000180004440 f i handmade.obj
 0001:000034a0       ?SetTileValueUnchecked@@YAXPEAUtile_map@@PEAUtile_chunk@@III@Z 00000001800044a0 f i handmade.obj
 0001:00003520       ?Square@@YAMM@Z            0000000180004520 f i handmade.obj
 0001:00003550       ?Subtract@@YA?AUtile_map_difference@@PEAUtile_map@@PEAUtile_map_position@@1@Z 0000000180004550 f i handmade.obj
 0001:000036a0       __GSHandlerCheck           00000001800046a0 f   LIBCMTD:gshandler.obj
 0001:000036e0       __GSHandlerCheckCommon     00000001800046e0 f   LIBCMTD:gshandler.obj
 0001:000037f0       __security_check_cookie    00000001800047f0 f   LIBCMTD:amdsecgs.obj
 0001:00003c30       _DllMainCRTStartup         0000000180004c30 f   LIBCMTD:dll_dllmain.obj
 0001:00003c70       __raise_securityfailure    0000000180004c70 f   LIBCMTD:gs_report.obj
 0001:00003cb0       __report_gsfailure         0000000180004cb0 f   LIBCMTD:gs_report.obj
 0001:00003d90       __report_rangecheckfailure 0000000180004d90 f   LIBCMTD:gs_report.obj
 0001:00003db0       __report_securityfailure   0000000180004db0 f   LIBCMTD:gs_report.obj
 0001:00004070       __security_init_cookie     0000000180005070 f   LIBCMTD:gs_support.obj
 0001:000040f0       DllMain                    00000001800050f0 f   LIBCMTD:dll_dllmain_stub.obj
 0001:00004110       ?__scrt_initialize_type_info@@YAXXZ 0000000180005110 f   LIBCMTD:tncleanup.obj
 0001:00004130       ?__scrt_uninitialize_type_info@@YAXXZ 0000000180005130 f   LIBCMTD:tncleanup.obj
 0001:00004150       __local_stdio_printf_options 0000000180005150 f i LIBCMTD:default_local_stdio_options.obj
 0001:00004160       __local_stdio_scanf_options 0000000180005160 f i LIBCMTD:default_local_stdio_options.obj
 0001:00004170       __scrt_initialize_default_local_stdio_options 0000000180005170 f   LIBCMTD:default_local_stdio_options.obj
 0001:000041c0       ?configure_argv@__scrt_narrow_argv_policy@@SAHXZ 00000001800051c0 f i LIBCMTD:utility.obj
 0001:000042b0       ?initialize_environment@__scrt_narrow_environment_policy@@SAHXZ 00000001800052b0 f i LIBCMTD:utility.obj
 0001:00004350       NtCurrentTeb               0000000180005350 f i LIBCMTD:utility.obj
 0001:00004360       __scrt_acquire_startup_lock 0000000180005360 f   LIBCMTD:utility.obj
 0001:000043d0       __scrt_dllmain_after_initialize_c 00000001800053d0 f   LIBCMTD:utility.obj
 0001:00004400       __scrt_dllmain_before_initialize_c 0000000180005400 f   LIBCMTD:utility.obj
 0001:00004420       __scrt_dllmain_crt_thread_attach 0000000180005420 f   LIBCMTD:utility.obj
 0001:00004450       __scrt_dllmain_crt_thread_detach 0000000180005450 f   LIBCMTD:utility.obj
 0001:00004470       __scrt_dllmain_exception_filter 0000000180005470 f   LIBCMTD:utility.obj
 0001:000044e0       __scrt_dllmain_uninitialize_c 00000001800054e0 f   LIBCMTD:utility.obj
 0001:00004510       __scrt_dllmain_uninitialize_critical 0000000180005510 f   LIBCMTD:utility.obj
 0001:00004530       __scrt_initialize_crt      0000000180005530 f   LIBCMTD:utility.obj
 0001:00004580       __scrt_initialize_onexit_tables 0000000180005580 f   LIBCMTD:utility.obj
 0001:00004690       __scrt_is_nonwritable_in_current_image 0000000180005690 f   LIBCMTD:utility.obj
 0001:00004720       __scrt_release_startup_lock 0000000180005720 f   LIBCMTD:utility.obj
 0001:00004750       __scrt_uninitialize_crt    0000000180005750 f   LIBCMTD:utility.obj
 0001:00004790       __scrt_get_dyn_tls_init_callback 0000000180005790 f   LIBCMTD:dyn_tls_init.obj
 0001:000047a0       __crt_debugger_hook        00000001800057a0 f   LIBCMTD:utility_desktop.obj
 0001:000047b0       __scrt_fastfail            00000001800057b0 f   LIBCMTD:utility_desktop.obj
 0001:00004950       _RTC_Initialize            0000000180005950 f   LIBCMTD:initsect.obj
 0001:000049a0       _RTC_Terminate             00000001800059a0 f   LIBCMTD:initsect.obj
 0001:000049f0       ??1scoped_global_state_reset@__crt_state_management@@QEAA@XZ 00000001800059f0 f i libucrtd:onexit.obj
 0001:000049f0       _guard_check_icall_nop     00000001800059f0 f i LIBCMTD:guard_support.obj
 0001:000049f0       ??1?$__crt_simd_cleanup_guard@$0A@@@QEAA@XZ 00000001800059f0 f i libucrtd:strnlen.obj
 0001:00004a00       ReadNoFence64              0000000180005a00 f i LIBCMTD:guard_support.obj
 0001:00004a00       ?__crt_interlocked_read_64@@YA_JPED_J@Z 0000000180005a00 f i libvcruntimed:std_type_info.obj
 0001:00004a20       ??$__crt_interlocked_read_pointer@UHINSTANCE__@@@@YAPEAUHINSTANCE__@@PEDSEAU0@@Z 0000000180005a20 f i libvcruntimed:winapi_downlevel.obj
 0001:00004a20       ReadPointerNoFence         0000000180005a20 f i LIBCMTD:guard_support.obj
 0001:00004a20       ??$__crt_interlocked_read_pointer@X@@YAPEAXPEDSEAX@Z 0000000180005a20 f i libvcruntimed:winapi_downlevel.obj
 0001:00004a40       _guard_icall_checks_enforced 0000000180005a40 f i LIBCMTD:guard_support.obj
 0001:00004a80       __isa_available_init       0000000180005a80 f   LIBCMTD:cpu_disp.obj
 0001:00004e20       _get_startup_argv_mode     0000000180005e20 f   LIBCMTD:argv_mode.obj
 0001:00004e30       __scrt_is_ucrt_dll_in_use  0000000180005e30 f   LIBCMTD:ucrt_detection.obj
 0001:00004e60       IsProcessorFeaturePresent  0000000180005e60 f   kernel32:KERNEL32.dll
 0001:00004e70       __C_specific_handler       0000000180005e70 f   libvcruntimed:riscchandler.obj
 0001:000052e0       ??$?RE@__crt_internal_free_policy@@QEBAXQEBE@Z 00000001800062e0 f i libucrtd:argv_parsing.obj
 0001:000052e0       ??$?RU__crt_lowio_handle_data@@@__crt_internal_free_policy@@QEBAXQEBU__crt_lowio_handle_data@@@Z 00000001800062e0 f i libucrtd:osfinfo.obj
 0001:000052e0       ??$?RU__vcrt_ptd@@@__crt_internal_free_policy@@QEBAXQEBU__vcrt_ptd@@@Z 00000001800062e0 f i libvcruntimed:per_thread_data.obj
 0001:000052e0       ??$?RD@__crt_internal_free_policy@@QEBAXQEBD@Z 00000001800062e0 f i libvcruntimed:std_type_info.obj
 0001:000052e0       ??$?RU__crt_multibyte_data@@@__crt_internal_free_policy@@QEBAXQEBU__crt_multibyte_data@@@Z 00000001800062e0 f i libucrtd:mbctype.obj
 0001:000052e0       ??$?RPEAD@__crt_internal_free_policy@@QEBAXQEBQEAD@Z 00000001800062e0 f i libucrtd:argv_parsing.obj
 0001:000052e0       ??$?RU__acrt_ptd@@@__crt_internal_free_policy@@QEBAXQEBU__acrt_ptd@@@Z 00000001800062e0 f i libucrtd:per_thread_data.obj
 0001:000052e0       ??$?RPEAU__crt_stdio_stream_data@@@__crt_internal_free_policy@@QEBAXQEBQEAU__crt_stdio_stream_data@@@Z 00000001800062e0 f i libucrtd:_file.obj
 0001:00005310       ??0?$__crt_scoped_stack_ptr_tag@_W@@QEAA@QEA_W@Z 0000000180006310 f i libucrtd:getstringtypea.obj
 0001:00005310       ??0?$string_output_adapter@D@__crt_stdio_output@@QEAA@QEAU?$string_output_adapter_context@D@1@@Z 0000000180006310 f i libucrtd:output.obj
 0001:00005310       ??0__crt_stdio_stream@@QEAA@QEAU__crt_stdio_stream_data@@@Z 0000000180006310 f i libucrtd:fflush.obj
 0001:00005310       ??0?$__crt_scoped_stack_ptr@_W@@QEAA@U?$__crt_scoped_stack_ptr_tag@_W@@@Z 0000000180006310 f i libucrtd:getstringtypea.obj
 0001:00005310       ??0?$__crt_unique_heap_ptr@U__vcrt_ptd@@U__crt_internal_free_policy@@@@QEAA@QEAU__vcrt_ptd@@@Z 0000000180006310 f i libvcruntimed:per_thread_data.obj
 0001:00005310       ??0?$__crt_unique_handle_t@U__crt_hmodule_traits@@@@QEAA@QEAUHINSTANCE__@@@Z 0000000180006310 f i libucrtd:exit.obj
 0001:00005310       ??0?$__crt_unique_heap_ptr@U__acrt_ptd@@U__crt_internal_free_policy@@@@QEAA@QEAU__acrt_ptd@@@Z 0000000180006310 f i libucrtd:per_thread_data.obj
 0001:00005310       ??0?$string_output_adapter@_W@__crt_stdio_output@@QEAA@QEAU?$string_output_adapter_context@_W@1@@Z 0000000180006310 f i libucrtd:output.obj
 0001:00005310       ??0?$__crt_unique_heap_ptr@U__crt_lowio_handle_data@@U__crt_internal_free_policy@@@@QEAA@QEAU__crt_lowio_handle_data@@@Z 0000000180006310 f i libucrtd:osfinfo.obj
 0001:00005310       ??0?$__crt_unique_heap_ptr@EU__crt_internal_free_policy@@@@QEAA@QEAE@Z 0000000180006310 f i libucrtd:argv_parsing.obj
 0001:00005310       ??0?$__crt_unique_heap_ptr@DU__crt_public_free_policy@@@@QEAA@QEAD@Z 0000000180006310 f i libvcruntimed:std_exception.obj
 0001:00005310       ??0?$__crt_unique_heap_ptr@U__crt_multibyte_data@@U__crt_internal_free_policy@@@@QEAA@QEAU__crt_multibyte_data@@@Z 0000000180006310 f i libucrtd:mbctype.obj
 0001:00005310       ??0?$__crt_unique_heap_ptr@PEAU__crt_stdio_stream_data@@U__crt_internal_free_policy@@@@QEAA@QEAPEAU__crt_stdio_stream_data@@@Z 0000000180006310 f i libucrtd:_file.obj
 0001:00005310       ??0__crt_stdio_stream@@QEAA@QEAU_iobuf@@@Z 0000000180006310 f i libucrtd:output.obj
 0001:00005310       ??0?$__crt_unique_heap_ptr@PEADU__crt_internal_free_policy@@@@QEAA@QEAPEAD@Z 0000000180006310 f i libucrtd:argv_parsing.obj
 0001:00005310       ??0?$__crt_unique_handle_t@U__crt_findfile_traits@@@@QEAA@QEAX@Z 0000000180006310 f i libucrtd:argv_wildcards.obj
 0001:00005310       ??0?$__crt_unique_heap_ptr@DU__crt_internal_free_policy@@@@QEAA@QEAD@Z 0000000180006310 f i libvcruntimed:std_type_info.obj
 0001:00005330       ??1?$__crt_unique_heap_ptr@U__crt_multibyte_data@@U__crt_internal_free_policy@@@@QEAA@XZ 0000000180006330 f i libucrtd:mbctype.obj
 0001:00005330       ??1?$__crt_unique_heap_ptr@PEADU__crt_internal_free_policy@@@@QEAA@XZ 0000000180006330 f i libucrtd:argv_parsing.obj
 0001:00005330       ??1?$__crt_unique_heap_ptr@U__vcrt_ptd@@U__crt_internal_free_policy@@@@QEAA@XZ 0000000180006330 f i libvcruntimed:per_thread_data.obj
 0001:00005330       ??1?$__crt_unique_heap_ptr@DU__crt_internal_free_policy@@@@QEAA@XZ 0000000180006330 f i libvcruntimed:std_type_info.obj
 0001:00005330       ??1?$__crt_unique_heap_ptr@U__crt_lowio_handle_data@@U__crt_internal_free_policy@@@@QEAA@XZ 0000000180006330 f i libucrtd:osfinfo.obj
 0001:00005330       ??1?$__crt_unique_heap_ptr@EU__crt_internal_free_policy@@@@QEAA@XZ 0000000180006330 f i libucrtd:argv_parsing.obj
 0001:00005330       ??1?$__crt_unique_heap_ptr@PEAU__crt_stdio_stream_data@@U__crt_internal_free_policy@@@@QEAA@XZ 0000000180006330 f i libucrtd:_file.obj
 0001:00005330       ??1?$__crt_unique_heap_ptr@U__acrt_ptd@@U__crt_internal_free_policy@@@@QEAA@XZ 0000000180006330 f i libucrtd:per_thread_data.obj
 0001:00005350       ??B?$__crt_unique_heap_ptr@U__vcrt_ptd@@U__crt_internal_free_policy@@@@QEBA_NXZ 0000000180006350 f i libvcruntimed:per_thread_data.obj
 0001:00005350       ??B?$__crt_unique_heap_ptr@U__crt_lowio_handle_data@@U__crt_internal_free_policy@@@@QEBA_NXZ 0000000180006350 f i libucrtd:osfinfo.obj
 0001:00005350       ??B?$__crt_unique_heap_ptr@EU__crt_internal_free_policy@@@@QEBA_NXZ 0000000180006350 f i libucrtd:argv_parsing.obj
 0001:00005350       ??B?$__crt_unique_heap_ptr@U__acrt_ptd@@U__crt_internal_free_policy@@@@QEBA_NXZ 0000000180006350 f i libucrtd:per_thread_data.obj
 0001:00005350       ??B?$__crt_unique_heap_ptr@DU__crt_public_free_policy@@@@QEBA_NXZ 0000000180006350 f i libvcruntimed:std_exception.obj
 0001:00005350       ??B?$__crt_unique_heap_ptr@DU__crt_internal_free_policy@@@@QEBA_NXZ 0000000180006350 f i libvcruntimed:std_type_info.obj
 0001:00005350       ??B?$__crt_unique_heap_ptr@U__crt_multibyte_data@@U__crt_internal_free_policy@@@@QEBA_NXZ 0000000180006350 f i libucrtd:mbctype.obj
 0001:00005370       ?get@?$__crt_unique_heap_ptr@U__acrt_ptd@@U__crt_internal_free_policy@@@@QEBAPEAU__acrt_ptd@@XZ 0000000180006370 f i libucrtd:per_thread_data.obj
 0001:00005370       ?get@?$__crt_unique_heap_ptr@PEADU__crt_internal_free_policy@@@@QEBAPEAPEADXZ 0000000180006370 f i libucrtd:argv_parsing.obj
 0001:00005370       ?get@?$__crt_unique_handle_t@U__crt_findfile_traits@@@@QEBAPEAXXZ 0000000180006370 f i libucrtd:argv_wildcards.obj
 0001:00005370       ?get@?$__crt_unique_heap_ptr@EU__crt_internal_free_policy@@@@QEBAPEAEXZ 0000000180006370 f i libucrtd:argv_parsing.obj
 0001:00005370       ?get@?$__crt_unique_heap_ptr@DU__crt_public_free_policy@@@@QEBAPEADXZ 0000000180006370 f i libvcruntimed:std_exception.obj
 0001:00005370       ??C__crt_stdio_stream@@QEBAPEAU__crt_stdio_stream_data@@XZ 0000000180006370 f i libucrtd:output.obj
 0001:00005370       ?get@?$__crt_scoped_stack_ptr@_W@@QEBAPEA_WXZ 0000000180006370 f i libucrtd:getstringtypea.obj
 0001:00005370       ?get@?$__crt_unique_handle_t@U__crt_hmodule_traits@@@@QEBAPEAUHINSTANCE__@@XZ 0000000180006370 f i libucrtd:exit.obj
 0001:00005370       ?save_state@?$c_string_character_source@D@__crt_strtox@@QEBAPEBDXZ 0000000180006370 f i libucrtd:atox.obj
 0001:00005370       ?get@?$__crt_unique_heap_ptr@U__crt_lowio_handle_data@@U__crt_internal_free_policy@@@@QEBAPEAU__crt_lowio_handle_data@@XZ 0000000180006370 f i libucrtd:osfinfo.obj
 0001:00005370       ?save_state@?$c_string_character_source@_W@__crt_strtox@@QEBAPEB_WXZ 0000000180006370 f i libucrtd:atox.obj
 0001:00005370       ?get@?$__crt_unique_heap_ptr@U__crt_multibyte_data@@U__crt_internal_free_policy@@@@QEBAPEAU__crt_multibyte_data@@XZ 0000000180006370 f i libucrtd:mbctype.obj
 0001:00005370       ?get@?$__crt_unique_heap_ptr@U__vcrt_ptd@@U__crt_internal_free_policy@@@@QEBAPEAU__vcrt_ptd@@XZ 0000000180006370 f i libvcruntimed:per_thread_data.obj
 0001:00005370       ?get@?$__crt_unique_heap_ptr@DU__crt_internal_free_policy@@@@QEBAPEADXZ 0000000180006370 f i libvcruntimed:std_type_info.obj
 0001:00005370       ?public_stream@__crt_stdio_stream@@QEBAPEAU_iobuf@@XZ 0000000180006370 f i libucrtd:output.obj
 0001:00005380       ?is_valid@?$__crt_unique_heap_ptr@DU__crt_public_free_policy@@@@QEBA_NXZ 0000000180006380 f i libvcruntimed:std_exception.obj
 0001:00005380       ?is_valid@?$__crt_unique_heap_ptr@EU__crt_internal_free_policy@@@@QEBA_NXZ 0000000180006380 f i libucrtd:argv_parsing.obj
 0001:00005380       ?is_valid@?$__crt_unique_heap_ptr@U__acrt_ptd@@U__crt_internal_free_policy@@@@QEBA_NXZ 0000000180006380 f i libucrtd:per_thread_data.obj
 0001:00005380       ?is_valid@?$__crt_unique_heap_ptr@U__crt_multibyte_data@@U__crt_internal_free_policy@@@@QEBA_NXZ 0000000180006380 f i libucrtd:mbctype.obj
 0001:00005380       ?is_valid@?$__crt_unique_heap_ptr@U__vcrt_ptd@@U__crt_internal_free_policy@@@@QEBA_NXZ 0000000180006380 f i libvcruntimed:per_thread_data.obj
 0001:00005380       ??B?$__crt_scoped_stack_ptr@_W@@QEBA_NXZ 0000000180006380 f i libucrtd:lcmapstringa.obj
 0001:00005380       ?is_valid@?$__crt_unique_heap_ptr@DU__crt_internal_free_policy@@@@QEBA_NXZ 0000000180006380 f i libvcruntimed:std_type_info.obj
 0001:00005380       ?valid@__crt_stdio_stream@@QEBA_NXZ 0000000180006380 f i libucrtd:output.obj
 0001:00005380       ?is_valid@?$__crt_unique_heap_ptr@U__crt_lowio_handle_data@@U__crt_internal_free_policy@@@@QEBA_NXZ 0000000180006380 f i libucrtd:osfinfo.obj
 0001:000053b0       ?release@?$__crt_unique_heap_ptr@U__vcrt_ptd@@U__crt_internal_free_policy@@@@QEAAXXZ 00000001800063b0 f i libvcruntimed:per_thread_data.obj
 0001:000053b0       ?release@?$__crt_unique_heap_ptr@U__crt_multibyte_data@@U__crt_internal_free_policy@@@@QEAAXXZ 00000001800063b0 f i libucrtd:mbctype.obj
 0001:000053b0       ?release@?$__crt_unique_heap_ptr@PEADU__crt_internal_free_policy@@@@QEAAXXZ 00000001800063b0 f i libucrtd:argv_parsing.obj
 0001:000053b0       ?release@?$__crt_unique_heap_ptr@U__acrt_ptd@@U__crt_internal_free_policy@@@@QEAAXXZ 00000001800063b0 f i libucrtd:per_thread_data.obj
 0001:000053b0       ?release@?$__crt_unique_heap_ptr@EU__crt_internal_free_policy@@@@QEAAXXZ 00000001800063b0 f i libucrtd:argv_parsing.obj
 0001:000053b0       ?release@?$__crt_unique_heap_ptr@PEAU__crt_stdio_stream_data@@U__crt_internal_free_policy@@@@QEAAXXZ 00000001800063b0 f i libucrtd:_file.obj
 0001:000053b0       ?release@?$__crt_unique_heap_ptr@DU__crt_internal_free_policy@@@@QEAAXXZ 00000001800063b0 f i libvcruntimed:std_type_info.obj
 0001:000053b0       ?release@?$__crt_unique_heap_ptr@U__crt_lowio_handle_data@@U__crt_internal_free_policy@@@@QEAAXXZ 00000001800063b0 f i libucrtd:osfinfo.obj
 0001:000053e0       __std_type_info_compare    00000001800063e0 f   libvcruntimed:std_type_info.obj
 0001:00005420       __std_type_info_destroy_list 0000000180006420 f   libvcruntimed:std_type_info.obj
 0001:00005480       __vcrt_initialize          0000000180006480 f   libvcruntimed:initialization.obj
 0001:000054c0       __vcrt_thread_attach       00000001800064c0 f   libvcruntimed:initialization.obj
 0001:000054e0       __vcrt_thread_detach       00000001800064e0 f   libvcruntimed:initialization.obj
 0001:00005500       __vcrt_uninitialize        0000000180006500 f   libvcruntimed:initialization.obj
 0001:00005520       __vcrt_uninitialize_critical 0000000180006520 f   libvcruntimed:initialization.obj
 0001:00005540       __DestructExceptionObject  0000000180006540 f   libvcruntimed:ehhelpers.obj
 0001:00005640       ?_CallMemberFunction0@@YAXQEAX0@Z 0000000180006640 f i libvcruntimed:ehhelpers.obj
 0001:00005710       _IsExceptionObjectToBeDestroyed 0000000180006710 f   libvcruntimed:ehhelpers.obj
 0001:00005760       __AdjustPointer            0000000180006760 f   libvcruntimed:ehhelpers.obj
 0001:000057e0       __FrameUnwindFilter        00000001800067e0 f   libvcruntimed:ehhelpers.obj
 0001:000058a0       _NLG_Notify                00000001800068a0 f   libvcruntimed:notify.obj
 0001:000058c0       __NLG_Dispatch2            00000001800068c0 f   libvcruntimed:notify.obj
 0001:000058d0       __NLG_Return2              00000001800068d0 f   libvcruntimed:notify.obj
 0001:000058e0       __except_validate_context_record 00000001800068e0 f   libvcruntimed:jbcxrval.obj
 0001:00005940       _vsprintf_s_l              0000000180006940 f i libvcruntimed:undname.obj
 0001:000059b0       sprintf_s                  00000001800069b0 f i libvcruntimed:undname.obj
 0001:00005a50       ?detach@?$__crt_unique_heap_ptr@EU__crt_internal_free_policy@@@@QEAAPEAEXZ 0000000180006a50 f i libucrtd:argv_parsing.obj
 0001:00005a50       ?detach@?$__crt_unique_heap_ptr@PEAU__crt_stdio_stream_data@@U__crt_internal_free_policy@@@@QEAAPEAPEAU__crt_stdio_stream_data@@XZ 0000000180006a50 f i libucrtd:_file.obj
 0001:00005a50       ?detach@?$__crt_unique_heap_ptr@U__vcrt_ptd@@U__crt_internal_free_policy@@@@QEAAPEAU__vcrt_ptd@@XZ 0000000180006a50 f i libvcruntimed:per_thread_data.obj
 0001:00005a50       ?detach@?$__crt_unique_heap_ptr@DU__crt_public_free_policy@@@@QEAAPEADXZ 0000000180006a50 f i libvcruntimed:std_exception.obj
 0001:00005a50       ?detach@?$__crt_unique_heap_ptr@PEADU__crt_internal_free_policy@@@@QEAAPEAPEADXZ 0000000180006a50 f i libucrtd:argv_parsing.obj
 0001:00005a50       ?detach@?$__crt_unique_heap_ptr@U__crt_lowio_handle_data@@U__crt_internal_free_policy@@@@QEAAPEAU__crt_lowio_handle_data@@XZ 0000000180006a50 f i libucrtd:osfinfo.obj
 0001:00005a50       ?detach@?$__crt_unique_heap_ptr@U__acrt_ptd@@U__crt_internal_free_policy@@@@QEAAPEAU__acrt_ptd@@XZ 0000000180006a50 f i libucrtd:per_thread_data.obj
 0001:00005a50       ?detach@?$__crt_unique_heap_ptr@U__crt_multibyte_data@@U__crt_internal_free_policy@@@@QEAAPEAU__crt_multibyte_data@@XZ 0000000180006a50 f i libucrtd:mbctype.obj
 0001:00005ac0       __vcrt_freefls             0000000180006ac0 f   libvcruntimed:per_thread_data.obj
 0001:00005b00       __vcrt_freeptd             0000000180006b00 f   libvcruntimed:per_thread_data.obj
 0001:00005b60       __vcrt_getptd              0000000180006b60 f   libvcruntimed:per_thread_data.obj
 0001:00005b90       __vcrt_getptd_noexit       0000000180006b90 f   libvcruntimed:per_thread_data.obj
 0001:00005d30       __vcrt_initialize_ptd      0000000180006d30 f   libvcruntimed:per_thread_data.obj
 0001:00005d80       __vcrt_uninitialize_ptd    0000000180006d80 f   libvcruntimed:per_thread_data.obj
 0001:00005db0       __vcrt_initialize_locks    0000000180006db0 f   libvcruntimed:locks.obj
 0001:00005e20       __vcrt_uninitialize_locks  0000000180006e20 f   libvcruntimed:locks.obj
 0001:00005e90       memcpy_repmovs             0000000180006e90 f   libvcruntimed:memcpy.obj
 0001:00005eb0       memmove                    0000000180006eb0 f   libvcruntimed:memcpy.obj
 0001:00005eb0       memcpy                     0000000180006eb0 f   libvcruntimed:memcpy.obj
 0001:00006290       ??$?0AEAViterator@TryBlockMap@__FrameHandler3@@AEAV012@$0A@@?$pair@Viterator@TryBlockMap@__FrameHandler3@@V123@@std@@QEAA@AEAViterator@TryBlockMap@__FrameHandler3@@0@Z 0000000180007290 f i libvcruntimed:risctrnsctrl.obj
 0001:000063a0       ??$_CallSETranslator@V__FrameHandler3@@@@YAHPEAUEHExceptionRecord@@PEA_KPEAU_CONTEXT@@PEAU_xDISPATCHER_CONTEXT@@PEBU_s_FuncInfo@@K1@Z 00000001800073a0 f i libvcruntimed:risctrnsctrl.obj
 0001:00006430       ?debug_info@?$__crt_win32_buffer@DU__crt_win32_buffer_internal_dynamic_resizing@@@@QEBAAEBV__crt_win32_buffer_empty_debug_info@@XZ 0000000180007430 f i libucrtd:argv_wildcards.obj
 0001:00006430       ?dangerous_get_state_array@?$dual_state_global@PEAE@__crt_state_management@@QEAAPEAPEAEXZ 0000000180007430 f i libucrtd:mbctype.obj
 0001:00006430       ?debug_info@?$__crt_win32_buffer@DU__crt_win32_buffer_no_resizing@@@@QEBAAEBV__crt_win32_buffer_empty_debug_info@@XZ 0000000180007430 f i libucrtd:getmodulefilenamea.obj
 0001:00006430       ?debug_info@?$__crt_win32_buffer@_WU__crt_win32_buffer_internal_dynamic_resizing@@@@QEBAAEBV__crt_win32_buffer_empty_debug_info@@XZ 0000000180007430 f i libucrtd:argv_wildcards.obj
 0001:00006430       ?dangerous_get_state_array@?$dual_state_global@P6AXPEB_W00I_K@Z@__crt_state_management@@QEAAPEAP6AXPEB_W00I_K@ZXZ 0000000180007430 f i libucrtd:invalid_parameter.obj
 0001:00006430       ?get_address_of@?$__crt_unique_handle_t@U__crt_hmodule_traits@@@@QEAAPEAPEAUHINSTANCE__@@XZ 0000000180007430 f i libucrtd:exit.obj
 0001:00006430       ?get_address_of@?$__crt_unique_heap_ptr@PEADU__crt_internal_free_policy@@@@QEAAPEAPEAPEADXZ 0000000180007430 f i libucrtd:argv_parsing.obj
 0001:00006430       ?dangerous_get_state_array@?$dual_state_global@PEAU__crt_multibyte_data@@@__crt_state_management@@QEAAPEAPEAU__crt_multibyte_data@@XZ 0000000180007430 f i libucrtd:mbctype.obj
 0001:00006430       ?dangerous_get_state_array@?$dual_state_global@PEAU__crt_locale_data@@@__crt_state_management@@QEAAPEAPEAU__crt_locale_data@@XZ 0000000180007430 f i libucrtd:per_thread_data.obj
 0001:00006430       ??$forward@AEAViterator@TryBlockMap@__FrameHandler3@@@std@@YAAEAViterator@TryBlockMap@__FrameHandler3@@AEAV123@@Z 0000000180007430 f i libvcruntimed:risctrnsctrl.obj
 0001:00006440       ??0iterator@HandlerMap@__FrameHandler3@@QEAA@AEAV12@I@Z 0000000180007440 f i libvcruntimed:frame.obj
 0001:00006440       ??0iterator@TryBlockMap@__FrameHandler3@@QEAA@AEAV12@I@Z 0000000180007440 f i libvcruntimed:risctrnsctrl.obj
 0001:00006470       ?CatchTryBlock@__FrameHandler3@@SAPEBU_s_TryBlockMapEntry@@PEBU_s_FuncInfo@@H@Z 0000000180007470 f   libvcruntimed:risctrnsctrl.obj
 0001:00006500       ?ExecutionInCatch@__FrameHandler3@@SA_NPEAU_xDISPATCHER_CONTEXT@@PEBU_s_FuncInfo@@@Z 0000000180007500 f   libvcruntimed:risctrnsctrl.obj
 0001:00006550       ?FrameUnwindToEmptyState@__FrameHandler3@@SAXPEA_KPEAU_xDISPATCHER_CONTEXT@@PEBU_s_FuncInfo@@@Z 0000000180007550 f   libvcruntimed:risctrnsctrl.obj
 0001:000065f0       ?GetEstablisherFrame@__FrameHandler3@@SAPEA_KPEA_KPEAU_xDISPATCHER_CONTEXT@@PEBU_s_FuncInfo@@0@Z 00000001800075f0 f   libvcruntimed:risctrnsctrl.obj
 0001:00006760       ?GetRangeOfTrysToCheck@__FrameHandler3@@SA?AU?$pair@Viterator@TryBlockMap@__FrameHandler3@@V123@@std@@AEAVTryBlockMap@1@HPEAU_xDISPATCHER_CONTEXT@@PEBU_s_FuncInfo@@H@Z 0000000180007760 f   libvcruntimed:risctrnsctrl.obj
 0001:000069a0       ?UnwindNestedFrames@__FrameHandler3@@SAXPEA_KPEAUEHExceptionRecord@@PEAU_CONTEXT@@0PEAXPEBU_s_FuncInfo@@HHPEBU_s_HandlerType@@PEAU_xDISPATCHER_CONTEXT@@E@Z 00000001800079a0 f   libvcruntimed:risctrnsctrl.obj
 0001:00006b10       _CreateFrameInfo           0000000180007b10 f   libvcruntimed:risctrnsctrl.obj
 0001:00006b80       _FindAndUnlinkFrame        0000000180007b80 f   libvcruntimed:risctrnsctrl.obj
 0001:00006c00       _GetImageBase              0000000180007c00 f   libvcruntimed:risctrnsctrl.obj
 0001:00006c20       _GetThrowImageBase         0000000180007c20 f   libvcruntimed:risctrnsctrl.obj
 0001:00006c40       _SetImageBase              0000000180007c40 f   libvcruntimed:risctrnsctrl.obj
 0001:00006c60       _SetThrowImageBase         0000000180007c60 f   libvcruntimed:risctrnsctrl.obj
 0001:00006c80       __CxxFrameHandler3         0000000180007c80 f   libvcruntimed:risctrnsctrl.obj
 0001:00006d60       ??$__crt_interlocked_exchange_pointer@UHINSTANCE__@@PEAX@@YAPEAUHINSTANCE__@@PEDSEAU0@QEAX@Z 0000000180007d60 f i libvcruntimed:winapi_downlevel.obj
 0001:00006d60       ??$__crt_interlocked_exchange_pointer@XPEAX@@YAPEAXPEDSEAXQEAX@Z 0000000180007d60 f i libvcruntimed:winapi_downlevel.obj
 0001:00006d60       ??$__crt_interlocked_exchange_pointer@UHINSTANCE__@@PEAU1@@@YAPEAUHINSTANCE__@@PEDSEAU0@QEAU0@@Z 0000000180007d60 f i libvcruntimed:winapi_downlevel.obj
 0001:00006d80       ?get_invalid_value@__crt_findfile_traits@@SAPEAXXZ 0000000180007d80 f   libucrtd:argv_wildcards.obj
 0001:00007270       __vcrt_FlsAlloc            0000000180008270 f   libvcruntimed:winapi_downlevel.obj
 0001:000072c0       __vcrt_FlsFree             00000001800082c0 f   libvcruntimed:winapi_downlevel.obj
 0001:00007310       __vcrt_FlsGetValue         0000000180008310 f   libvcruntimed:winapi_downlevel.obj
 0001:00007360       __vcrt_FlsSetValue         0000000180008360 f   libvcruntimed:winapi_downlevel.obj
 0001:000073c0       __vcrt_InitializeCriticalSectionEx 00000001800083c0 f   libvcruntimed:winapi_downlevel.obj
 0001:00007430       ?GetCurrentState@__FrameHandler3@@SAHPEA_KPEAU_xDISPATCHER_CONTEXT@@PEBU_s_FuncInfo@@@Z 0000000180008430 f   libvcruntimed:ehstate.obj
 0001:00007490       ?GetUnwindTryBlock@__FrameHandler3@@SAHPEA_KPEAU_xDISPATCHER_CONTEXT@@PEBU_s_FuncInfo@@@Z 0000000180008490 f   libvcruntimed:ehstate.obj
 0001:000074e0       ?SetState@__FrameHandler3@@SAXPEA_KPEBU_s_FuncInfo@@H@Z 00000001800084e0 f   libvcruntimed:ehstate.obj
 0001:00007510       ?SetUnwindTryBlock@__FrameHandler3@@SAXPEA_KPEAU_xDISPATCHER_CONTEXT@@PEBU_s_FuncInfo@@H@Z 0000000180008510 f   libvcruntimed:ehstate.obj
 0001:00007580       ?StateFromControlPc@__FrameHandler3@@SAHPEBU_s_FuncInfo@@PEAU_xDISPATCHER_CONTEXT@@@Z 0000000180008580 f   libvcruntimed:ehstate.obj
 0001:000075c0       ?StateFromIp@__FrameHandler3@@SAHPEBU_s_FuncInfo@@PEAU_xDISPATCHER_CONTEXT@@_K@Z 00000001800085c0 f   libvcruntimed:ehstate.obj
 0001:000076b0       ?__RVAtoRealOffset@@YA_KPEAU_xDISPATCHER_CONTEXT@@H@Z 00000001800086b0 f i libvcruntimed:ehstate.obj
 0001:00008880       ??$TypeMatchHelper@V__FrameHandler3@@@@YAHPEBU_s_HandlerType@@PEBU_s_CatchableType@@PEBU_s_ThrowInfo@@@Z 0000000180009880 f i libvcruntimed:frame.obj
 0001:00008a80       ??$__InternalCxxFrameHandler@V__FrameHandler3@@@@YA?AW4_EXCEPTION_DISPOSITION@@PEAUEHExceptionRecord@@PEA_KPEAU_CONTEXT@@PEAU_xDISPATCHER_CONTEXT@@PEBU_s_FuncInfo@@H1E@Z 0000000180009a80 f i libvcruntimed:frame.obj
 0001:00008ef0       ??0HandlerMap@__FrameHandler3@@QEAA@PEBU_s_TryBlockMapEntry@@_KI@Z 0000000180009ef0 f i libvcruntimed:frame.obj
 0001:00008f40       ??0TryBlockMap@__FrameHandler3@@QEAA@PEBU_s_FuncInfo@@_K@Z 0000000180009f40 f i libvcruntimed:frame.obj
 0001:00008f70       ??0bad_exception@std@@QEAA@AEBV01@@Z 0000000180009f70 f i libvcruntimed:frame.obj
 0001:00008fb0       ??0bad_exception@std@@QEAA@XZ 0000000180009fb0 f i libvcruntimed:frame.obj
 0001:00008ff0       ??0exception@std@@QEAA@AEBV01@@Z 0000000180009ff0 f i libvcruntimed:frame.obj
 0001:00009050       ??0exception@std@@QEAA@QEBDH@Z 000000018000a050 f i libvcruntimed:frame.obj
 0001:000090a0       ??1bad_exception@std@@UEAA@XZ 000000018000a0a0 f i libvcruntimed:frame.obj
 0001:000090c0       ??1exception@std@@UEAA@XZ  000000018000a0c0 f i libvcruntimed:frame.obj
 0001:000090f0       ??8iterator@HandlerMap@__FrameHandler3@@QEBA_NAEBV012@@Z 000000018000a0f0 f i libvcruntimed:frame.obj
 0001:00009130       ??8type_info@@QEBA_NAEBV0@@Z 000000018000a130 f i libvcruntimed:frame.obj
 0001:00009180       ??9iterator@HandlerMap@__FrameHandler3@@QEBA_NAEBV012@@Z 000000018000a180 f i libvcruntimed:frame.obj
 0001:000091c0       ??Diterator@HandlerMap@__FrameHandler3@@QEAA?BU_s_HandlerType@@XZ 000000018000a1c0 f i libvcruntimed:frame.obj
 0001:00009200       ??Diterator@TryBlockMap@__FrameHandler3@@QEAA?BU_s_TryBlockMapEntry@@XZ 000000018000a200 f i libvcruntimed:frame.obj
 0001:00009250       ??Eiterator@TryBlockMap@__FrameHandler3@@QEAAAEAV012@XZ 000000018000a250 f i libvcruntimed:frame.obj
 0001:00009250       ??Eiterator@HandlerMap@__FrameHandler3@@QEAAAEAV012@XZ 000000018000a250 f i libvcruntimed:frame.obj
 0001:00009270       ??Miterator@TryBlockMap@__FrameHandler3@@QEBA_NAEBV012@@Z 000000018000a270 f i libvcruntimed:frame.obj
 0001:000092b0       ??_Ebad_exception@std@@UEAAPEAXI@Z 000000018000a2b0 f i libvcruntimed:frame.obj
 0001:000092b0       ??_Gbad_exception@std@@UEAAPEAXI@Z 000000018000a2b0 f i libvcruntimed:frame.obj
 0001:000092f0       ??_Gexception@std@@UEAAPEAXI@Z 000000018000a2f0 f i libvcruntimed:frame.obj
 0001:000092f0       ??_Eexception@std@@UEAAPEAXI@Z 000000018000a2f0 f i libvcruntimed:frame.obj
 0001:00009330       ?BuildCatchObject@__FrameHandler3@@SAXPEAUEHExceptionRecord@@PEAXPEBU_s_HandlerType@@PEBU_s_CatchableType@@@Z 000000018000a330 f   libvcruntimed:frame.obj
 0001:00009370       ?CxxCallCatchBlock@__FrameHandler3@@SAPEAXPEAU_EXCEPTION_RECORD@@@Z 000000018000a370 f   libvcruntimed:frame.obj
 0001:000096d0       ?FrameUnwindToState@__FrameHandler3@@SAXPEA_KPEAU_xDISPATCHER_CONTEXT@@PEBU_s_FuncInfo@@H@Z 000000018000a6d0 f   libvcruntimed:frame.obj
 0001:00009920       ?GetHandlerSearchState@__FrameHandler3@@SAHPEA_KPEAU_xDISPATCHER_CONTEXT@@PEBU_s_FuncInfo@@@Z 000000018000a920 f i libvcruntimed:frame.obj
 0001:000099d0       ?GetMaxState@__FrameHandler3@@SAHPEAU_xDISPATCHER_CONTEXT@@PEBU_s_FuncInfo@@@Z 000000018000a9d0 f i libvcruntimed:frame.obj
 0001:00009bd0       __TypeMatch                000000018000abd0 f   libvcruntimed:frame.obj
 0001:00009bd0       ?TypeMatch@__FrameHandler3@@SAHPEBU_s_HandlerType@@PEBU_s_CatchableType@@PEBU_s_ThrowInfo@@@Z 000000018000abd0 f   libvcruntimed:frame.obj
 0001:00009c00       ?_CallMemberFunction1@@YAXQEAX00@Z 000000018000ac00 f i libvcruntimed:frame.obj
 0001:00009c40       ?_CallMemberFunction2@@YAXQEAX00H@Z 000000018000ac40 f i libvcruntimed:frame.obj
 0001:00009cd0       ?begin@HandlerMap@__FrameHandler3@@QEAA?AViterator@12@XZ 000000018000acd0 f i libvcruntimed:frame.obj
 0001:00009d00       ?end@HandlerMap@__FrameHandler3@@QEAA?AViterator@12@XZ 000000018000ad00 f i libvcruntimed:frame.obj
 0001:00009d30       ?getESTypes@__FrameHandler3@@SAPEBU_s_ESTypeList@@PEBU_s_FuncInfo@@@Z 000000018000ad30 f i libvcruntimed:frame.obj
 0001:00009d70       ?getLastEntry@HandlerMap@__FrameHandler3@@QEAAPEBU_s_HandlerType@@XZ 000000018000ad70 f i libvcruntimed:frame.obj
 0001:00009d90       ?getMagicNum@__FrameHandler3@@SAIPEBU_s_FuncInfo@@@Z 000000018000ad90 f i libvcruntimed:frame.obj
 0001:00009db0       ?getNumTryBlocks@TryBlockMap@__FrameHandler3@@QEAAIXZ 000000018000adb0 f i libvcruntimed:frame.obj
 0001:00009dd0       ?isEHs@__FrameHandler3@@SA_NPEBU_s_FuncInfo@@@Z 000000018000add0 f i libvcruntimed:frame.obj
 0001:00009e10       ?isNoExcept@__FrameHandler3@@SA_NPEBU_s_FuncInfo@@@Z 000000018000ae10 f i libvcruntimed:frame.obj
 0001:00009e50       ?what@exception@std@@UEBAPEBDXZ 000000018000ae50 f i libvcruntimed:frame.obj
 0001:00009e90       __vcrt_EncodePointer       000000018000ae90 f i libvcruntimed:frame.obj
 0001:00009ec0       memset_repmovs             000000018000aec0 f   libvcruntimed:memset.obj
 0001:00009ee0       memset                     000000018000aee0 f   libvcruntimed:memset.obj
 0001:0000a080       _CallSettingFrame          000000018000b080 f   libvcruntimed:handlers.obj
 0001:0000a0d0       _CallSettingFrame_LookupContinuationIndex 000000018000b0d0 f   libvcruntimed:handlers.obj
 0001:0000a100       _CallSettingFrame_NotifyContinuationAddr 000000018000b100 f   libvcruntimed:handlers.obj
 0001:0000a130       _CallSettingFrameEncoded   000000018000b130 f   libvcruntimed:handlers.obj
 0001:0000a180       ??$?RD@__crt_public_free_policy@@QEBAXQEBD@Z 000000018000b180 f i libvcruntimed:std_exception.obj
 0001:0000a1a0       ??1?$__crt_unique_heap_ptr@DU__crt_public_free_policy@@@@QEAA@XZ 000000018000b1a0 f i libvcruntimed:std_exception.obj
 0001:0000a1c0       ?release@?$__crt_unique_heap_ptr@DU__crt_public_free_policy@@@@QEAAXXZ 000000018000b1c0 f i libvcruntimed:std_exception.obj
 0001:0000a1f0       __std_exception_copy       000000018000b1f0 f   libvcruntimed:std_exception.obj
 0001:0000a330       __std_exception_destroy    000000018000b330 f   libvcruntimed:std_exception.obj
 0001:0000a370       _CxxThrowException         000000018000b370 f   libvcruntimed:throw.obj
 0001:0000a4a0       roundf                     000000018000b4a0 f   libucrtd:roundf.obj
 0001:0000a530       _initterm                  000000018000b530 f   libucrtd:initterm.obj
 0001:0000a590       _initterm_e                000000018000b590 f   libucrtd:initterm.obj
 0001:0000a680       _seh_filter_dll            000000018000b680 f   libucrtd:exception_filter.obj
 0001:0000a6b0       _seh_filter_exe            000000018000b6b0 f   libucrtd:exception_filter.obj
 0001:0000a950       ??$?B$$A6AXXZ@__crt_fast_encoded_nullptr_t@@QEBAP6AXXZXZ 000000018000b950 f i libucrtd:onexit.obj
 0001:0000a950       ??$?B$$A6AXH@Z@__crt_fast_encoded_nullptr_t@@QEBAP6AXH@ZXZ 000000018000b950 f i libucrtd:signal.obj
 0001:0000a950       ??$?B$$A6AXPEAXK0@Z@__crt_fast_encoded_nullptr_t@@QEBAP6AXPEAXK0@ZXZ 000000018000b950 f i libucrtd:exit.obj
 0001:0000a950       ??$?BP6AXXZ@__crt_fast_encoded_nullptr_t@@QEBAPEAP6AXXZXZ 000000018000b950 f i libucrtd:onexit.obj
 0001:0000a950       ??$?BX@__crt_fast_encoded_nullptr_t@@QEBAPEAXXZ 000000018000b950 f i libucrtd:initialization.obj
 0001:0000aa00       ??$__crt_fast_decode_pointer@P6AXXZ@@YAP6AXXZQ6AXXZ@Z 000000018000ba00 f i libucrtd:onexit.obj
 0001:0000aa00       ??$__crt_fast_decode_pointer@PEAP6AXXZ@@YAPEAP6AXXZQEAP6AXXZ@Z 000000018000ba00 f i libucrtd:onexit.obj
 0001:0000aa00       ??$__crt_fast_decode_pointer@P6AHPEAU_exception@@@Z@@YAP6AHPEAU_exception@@@ZQ6AH0@Z@Z 000000018000ba00 f i libucrtd:matherr.obj
 0001:0000aa00       ??$__crt_fast_decode_pointer@P6AXPEAXK0@Z@@YAP6AXPEAXK0@ZQ6AX0K0@Z@Z 000000018000ba00 f i libucrtd:exit.obj
 0001:0000aa00       ??$__crt_fast_decode_pointer@P6AXH@Z@@YAP6AXH@ZQ6AXH@Z@Z 000000018000ba00 f i libucrtd:signal.obj
 0001:0000aa00       ??$__crt_fast_decode_pointer@P6AXPEB_W00I_K@Z@@YAP6AXPEB_W00I_K@ZQ6AX000I1@Z@Z 000000018000ba00 f i libucrtd:invalid_parameter.obj
 0001:0000aa00       ??$__crt_fast_decode_pointer@PEAX@@YAPEAXQEAX@Z 000000018000ba00 f i libucrtd:winapi_thunks.obj
 0001:0000aa00       ??$__crt_fast_decode_pointer@P6AH_K@Z@@YAP6AH_K@ZQ6AH0@Z@Z 000000018000ba00 f i libucrtd:new_handler.obj
 0001:0000aa40       ??$__crt_fast_encode_pointer@P6AXPEAXK0@Z@@YAP6AXPEAXK0@ZQ6AX0K0@Z@Z 000000018000ba40 f i libucrtd:exit.obj
 0001:0000aa40       ??$__crt_fast_encode_pointer@PEAX@@YAPEAXQEAX@Z 000000018000ba40 f i libucrtd:initialization.obj
 0001:0000aa40       ??$__crt_fast_encode_pointer@PEAP6AXXZ@@YAPEAP6AXXZQEAP6AXXZ@Z 000000018000ba40 f i libucrtd:onexit.obj
 0001:0000aa40       ??$__crt_fast_encode_pointer@P6AXXZ@@YAP6AXXZQ6AXXZ@Z 000000018000ba40 f i libucrtd:onexit.obj
 0001:0000aa40       ??$__crt_fast_encode_pointer@P6AXH@Z@@YAP6AXH@ZQ6AXH@Z@Z 000000018000ba40 f i libucrtd:signal.obj
 0001:0000aa80       ??$__crt_get_proc_address@P6AXI@Z@@YAP6AXI@ZQEAUHINSTANCE__@@QEBD@Z 000000018000ba80 f i libucrtd:exit.obj
 0001:0000aab0       ??$__crt_interlocked_read@J@@YAJPEDJ@Z 000000018000bab0 f i libucrtd:exit.obj
 0001:0000ab40       ??1?$__crt_unique_handle_t@U__crt_hmodule_traits@@@@QEAA@XZ 000000018000bb40 f i libucrtd:exit.obj
 0001:0000aca0       ?__acrt_select_exit_lock@@YA?AW4__acrt_lock_id@@XZ 000000018000bca0 f i libucrtd:exit.obj
 0001:0000acb0       ?__crt_fast_encode_pointer@@YA?AU__crt_fast_encoded_nullptr_t@@$$T@Z 000000018000bcb0 f i libucrtd:exit.obj
 0001:0000acd0       ?__crt_interlocked_read_32@@YAHPEDH@Z 000000018000bcd0 f i libucrtd:exit.obj
 0001:0000acf0       ?__crt_rotate_pointer_value@@YA_K_KH@Z 000000018000bcf0 f i libucrtd:exit.obj
 0001:0000ad30       ?close@?$__crt_unique_handle_t@U__crt_hmodule_traits@@@@QEAAXXZ 000000018000bd30 f i libucrtd:exit.obj
 0001:0000ad70       ?close@__crt_hmodule_traits@@SA_NPEAUHINSTANCE__@@@Z 000000018000bd70 f i libucrtd:exit.obj
 0001:0000ae80       ?get_current_state_index@__crt_state_management@@YA_KXZ 000000018000be80 f i libucrtd:environment_initialization.obj
 0001:0000ae80       ?get_invalid_value@__crt_hmodule_traits@@SAPEAUHINSTANCE__@@XZ 000000018000be80 f i libucrtd:exit.obj
 0001:0000b040       __acrt_initialize_thread_local_exit_callback 000000018000c040 f   libucrtd:exit.obj
 0001:0000b060       _cexit                     000000018000c060 f   libucrtd:exit.obj
 0001:0000b080       _exit                      000000018000c080 f   libucrtd:exit.obj
 0001:0000b0a0       _is_c_termination_complete 000000018000c0a0 f   libucrtd:exit.obj
 0001:0000b450       ??$get_module_file_name@$$TAEAY0BAF@DH@?$__crt_char_traits@D@@SAK$$QEA$$TAEAY0BAF@D$$QEAH@Z 000000018000c450 f i libucrtd:argv_parsing.obj
 0001:0000b450       ??$get_module_file_name@AEAPEAUHINSTANCE__@@AEAY0BAF@DK@?$__crt_char_traits@D@@SAKAEAPEAUHINSTANCE__@@AEAY0BAF@D$$QEAK@Z 000000018000c450 f i libucrtd:dbgrpt.obj
 0001:0000b920       ??$set_program_name@PEAD@?$__crt_char_traits@D@@SAX$$QEAPEAD@Z 000000018000c920 f i libucrtd:argv_parsing.obj
 0001:0000ba50       __acrt_allocate_buffer_for_argv 000000018000ca50 f   libucrtd:argv_parsing.obj
 0001:0000bb70       _configure_narrow_argv     000000018000cb70 f   libucrtd:argv_parsing.obj
 0001:0000bb90       _set_pgmptr                000000018000cb90 f i libucrtd:argv_parsing.obj
 0001:0000bdc0       ??$tcslen@AEAPEAD@?$__crt_char_traits@D@@SA_KAEAPEAD@Z 000000018000cdc0 f i libucrtd:environment_initialization.obj
 0001:0000be0c       ??B?$__crt_unique_heap_ptr@PEADU__crt_internal_free_policy@@@@QEBA_NXZ 000000018000ce0c f i libucrtd:environment_initialization.obj
 0001:0000be14       ?detach@?$__crt_unique_heap_ptr@DU__crt_internal_free_policy@@@@QEAAPEADXZ 000000018000ce14 f i libucrtd:environment_initialization.obj
 0001:0000be1c       __dcrt_uninitialize_environments_nolock 000000018000ce1c f   libucrtd:environment_initialization.obj
 0001:0000be54       _initialize_narrow_environment 000000018000ce54 f   libucrtd:environment_initialization.obj
 0001:0000be5c       _invoke_watson_if_error    000000018000ce5c f i libucrtd:environment_initialization.obj
 0001:0000c160       _execute_onexit_table      000000018000d160 f   libucrtd:onexit.obj
 0001:0000c1a0       _initialize_onexit_table   000000018000d1a0 f   libucrtd:onexit.obj
 0001:0000c270       __acrt_uninitialize_command_line 000000018000d270 f   libucrtd:argv_data.obj
 0001:0000c4e0       ?initialize@?$dual_state_global@P6AXH@Z@__crt_state_management@@QEAAXQ6AXH@Z@Z 000000018000d4e0 f i libucrtd:signal.obj
 0001:0000c4e0       ?initialize@?$dual_state_global@P6AHPEAU_exception@@@Z@__crt_state_management@@QEAAXQ6AHPEAU_exception@@@Z@Z 000000018000d4e0 f i libucrtd:matherr.obj
 0001:0000c4e0       ?initialize@?$dual_state_global@P6AH_K@Z@__crt_state_management@@QEAAXQ6AH_K@Z@Z 000000018000d4e0 f i libucrtd:new_handler.obj
 0001:0000c4e0       ?initialize@?$dual_state_global@PEAU__crt_multibyte_data@@@__crt_state_management@@QEAAXQEAU__crt_multibyte_data@@@Z 000000018000d4e0 f i libucrtd:mbctype.obj
 0001:0000c4e0       ?initialize@?$dual_state_global@PEAU__crt_locale_data@@@__crt_state_management@@QEAAXQEAU__crt_locale_data@@@Z 000000018000d4e0 f i libucrtd:initialization.obj
 0001:0000c530       __acrt_initialize          000000018000d530 f   libucrtd:initialization.obj
 0001:0000c560       __acrt_thread_attach       000000018000d560 f   libucrtd:initialization.obj
 0001:0000c580       __acrt_thread_detach       000000018000d580 f   libucrtd:initialization.obj
 0001:0000c590       __acrt_uninitialize        000000018000d590 f   libucrtd:initialization.obj
 0001:0000c5c0       __acrt_uninitialize_critical 000000018000d5c0 f   libucrtd:initialization.obj
 0001:0000c5e0       terminate                  000000018000d5e0 f   libucrtd:terminate.obj
 0001:0000c620       ??0_LocaleUpdate@@QEAA@QEAU__crt_locale_pointers@@@Z 000000018000d620 f i libucrtd:debug_heap.obj
 0001:0000c740       ??1_LocaleUpdate@@QEAA@XZ  000000018000d740 f i libucrtd:debug_heap.obj
 0001:0000c780       ?GetLocaleT@_LocaleUpdate@@QEAAPEAU__crt_locale_pointers@@XZ 000000018000d780 f i libucrtd:debug_heap.obj
 0001:0000e760       _CrtCheckMemory            000000018000f760 f   libucrtd:debug_heap.obj
 0001:0000e8f0       _CrtDumpMemoryLeaks        000000018000f8f0 f   libucrtd:debug_heap.obj
 0001:0000e9b0       _CrtIsValidHeapPointer     000000018000f9b0 f   libucrtd:debug_heap.obj
 0001:0000e9f0       _CrtIsValidPointer         000000018000f9f0 f   libucrtd:debug_heap.obj
 0001:0000ea30       _CrtMemCheckpoint          000000018000fa30 f   libucrtd:debug_heap.obj
 0001:0000ecb0       _CrtMemDumpAllObjectsSince 000000018000fcb0 f   libucrtd:debug_heap.obj
 0001:0000ed10       _CrtSetDbgFlag             000000018000fd10 f   libucrtd:debug_heap.obj
 0001:0000ee70       _CrtSetDumpClient          000000018000fe70 f   libucrtd:debug_heap.obj
 0001:0000eea0       __acrt_get_locale_data_prefix 000000018000fea0 f i libucrtd:debug_heap.obj
 0001:0000eec0       __acrt_locale_changed      000000018000fec0 f i libucrtd:debug_heap.obj
 0001:0000eef0       _calloc_dbg                000000018000fef0 f   libucrtd:debug_heap.obj
 0001:0000ef90       _chvalidchk_l              000000018000ff90 f i libucrtd:debug_heap.obj
 0001:0000efc0       _free_dbg                  000000018000ffc0 f   libucrtd:debug_heap.obj
 0001:0000f030       _invoke_watson_if_oneof    0000000180010030 f i libucrtd:debug_heap.obj
 0001:0000f090       _ischartype_l              0000000180010090 f i libucrtd:debug_heap.obj
 0001:0000f120       _malloc_dbg                0000000180010120 f   libucrtd:debug_heap.obj
 0001:0000f160       _msize_dbg                 0000000180010160 f   libucrtd:debug_heap.obj
 0001:0000f300       _realloc_dbg               0000000180010300 f   libucrtd:debug_heap.obj
 0001:0000f370       _recalloc_dbg              0000000180010370 f   libucrtd:debug_heap.obj
 0001:0000f940       strcpy_s                   0000000180010940 f   libucrtd:strcpy_s.obj
 0001:0000f980       strcmp                     0000000180010980 f   libucrtd:strcmp.obj
 0001:0000fa00       strlen                     0000000180010a00 f   libucrtd:strlen.obj
 0001:0000fab0       abort                      0000000180010ab0 f   libucrtd:abort.obj
 0001:0000fb30       ??$?0AEBV?$string_output_adapter@D@__crt_stdio_output@@AEB_KAEBQEBDAEBQEAU__crt_locale_pointers@@AEBQEAD@?$format_validation_base@DV?$string_output_adapter@D@__crt_stdio_output@@@__crt_stdio_output@@IEAA@AEBV?$string_output_adapter@D@1@AEB_KAEBQEBDAEBQEAU__crt_locale_pointers@@AEBQEAD@Z 0000000180010b30 f i libucrtd:output.obj
 0001:0000fb80       ??$?0AEBV?$string_output_adapter@D@__crt_stdio_output@@AEB_KAEBQEBDAEBQEAU__crt_locale_pointers@@AEBQEAD@?$standard_base@DV?$string_output_adapter@D@__crt_stdio_output@@@__crt_stdio_output@@IEAA@AEBV?$string_output_adapter@D@1@AEB_KAEBQEBDAEBQEAU__crt_locale_pointers@@AEBQEAD@Z 0000000180010b80 f i libucrtd:output.obj
 0001:0000fbf0       ??$?0AEBV?$string_output_adapter@_W@__crt_stdio_output@@AEB_KAEBQEB_WAEBQEAU__crt_locale_pointers@@AEBQEAD@?$format_validation_base@_WV?$string_output_adapter@_W@__crt_stdio_output@@@__crt_stdio_output@@IEAA@AEBV?$string_output_adapter@_W@1@AEB_KAEBQEB_WAEBQEAU__crt_locale_pointers@@AEBQEAD@Z 0000000180010bf0 f i libucrtd:output.obj
 0001:0000fc40       ??$?0AEBV?$string_output_adapter@_W@__crt_stdio_output@@AEB_KAEBQEB_WAEBQEAU__crt_locale_pointers@@AEBQEAD@?$standard_base@_WV?$string_output_adapter@_W@__crt_stdio_output@@@__crt_stdio_output@@IEAA@AEBV?$string_output_adapter@_W@1@AEB_KAEBQEB_WAEBQEAU__crt_locale_pointers@@AEBQEAD@Z 0000000180010c40 f i libucrtd:output.obj
 0001:000115c0       ??$count@D@formatting_buffer@__crt_stdio_output@@QEBA_KXZ 00000001800125c0 f i libucrtd:output.obj
 0001:00011610       ??$count@_W@formatting_buffer@__crt_stdio_output@@QEBA_KXZ 0000000180012610 f i libucrtd:output.obj
 0001:00011660       ??$data@D@formatting_buffer@__crt_stdio_output@@QEAAPEADXZ 0000000180012660 f i libucrtd:output.obj
 0001:00011660       ??$data@_W@formatting_buffer@__crt_stdio_output@@QEAAPEA_WXZ 0000000180012660 f i libucrtd:output.obj
 0001:000116b0       ??$ensure_buffer_is_big_enough@D@formatting_buffer@__crt_stdio_output@@QEAA_N_K@Z 00000001800126b0 f i libucrtd:output.obj
 0001:000117e0       ??$ensure_buffer_is_big_enough@_W@formatting_buffer@__crt_stdio_output@@QEAA_N_K@Z 00000001800127e0 f i libucrtd:output.obj
 0001:00011910       ??$extract_argument_from_va_list@C_J@?$standard_base@_WV?$string_output_adapter@_W@__crt_stdio_output@@@__crt_stdio_output@@IEAA_NAEA_J@Z 0000000180012910 f i libucrtd:output.obj
 0001:00011910       ??$extract_argument_from_va_list@C_J@?$standard_base@DV?$string_output_adapter@D@__crt_stdio_output@@@__crt_stdio_output@@IEAA_NAEA_J@Z 0000000180012910 f i libucrtd:output.obj
 0001:00011950       ??$extract_argument_from_va_list@E_J@?$standard_base@DV?$string_output_adapter@D@__crt_stdio_output@@@__crt_stdio_output@@IEAA_NAEA_J@Z 0000000180012950 f i libucrtd:output.obj
 0001:00011950       ??$extract_argument_from_va_list@E_J@?$standard_base@_WV?$string_output_adapter@_W@__crt_stdio_output@@@__crt_stdio_output@@IEAA_NAEA_J@Z 0000000180012950 f i libucrtd:output.obj
 0001:00011990       ??$extract_argument_from_va_list@F_J@?$standard_base@_WV?$string_output_adapter@_W@__crt_stdio_output@@@__crt_stdio_output@@IEAA_NAEA_J@Z 0000000180012990 f i libucrtd:output.obj
 0001:00011990       ??$extract_argument_from_va_list@F_J@?$standard_base@DV?$string_output_adapter@D@__crt_stdio_output@@@__crt_stdio_output@@IEAA_NAEA_J@Z 0000000180012990 f i libucrtd:output.obj
 0001:000119d0       ??$extract_argument_from_va_list@GD@?$standard_base@DV?$string_output_adapter@D@__crt_stdio_output@@@__crt_stdio_output@@IEAA_NAEAD@Z 00000001800129d0 f i libucrtd:output.obj
 0001:00011a00       ??$extract_argument_from_va_list@G_J@?$standard_base@_WV?$string_output_adapter@_W@__crt_stdio_output@@@__crt_stdio_output@@IEAA_NAEA_J@Z 0000000180012a00 f i libucrtd:output.obj
 0001:00011a00       ??$extract_argument_from_va_list@G_J@?$standard_base@DV?$string_output_adapter@D@__crt_stdio_output@@@__crt_stdio_output@@IEAA_NAEA_J@Z 0000000180012a00 f i libucrtd:output.obj
 0001:00011a40       ??$extract_argument_from_va_list@H_J@?$standard_base@DV?$string_output_adapter@D@__crt_stdio_output@@@__crt_stdio_output@@IEAA_NAEA_J@Z 0000000180012a40 f i libucrtd:output.obj
 0001:00011a40       ??$extract_argument_from_va_list@H_J@?$standard_base@_WV?$string_output_adapter@_W@__crt_stdio_output@@@__crt_stdio_output@@IEAA_NAEA_J@Z 0000000180012a40 f i libucrtd:output.obj
 0001:00011a70       ??$extract_argument_from_va_list@I_J@?$standard_base@_WV?$string_output_adapter@_W@__crt_stdio_output@@@__crt_stdio_output@@IEAA_NAEA_J@Z 0000000180012a70 f i libucrtd:output.obj
 0001:00011a70       ??$extract_argument_from_va_list@I_J@?$standard_base@DV?$string_output_adapter@D@__crt_stdio_output@@@__crt_stdio_output@@IEAA_NAEA_J@Z 0000000180012a70 f i libucrtd:output.obj
 0001:00011aa0       ??$extract_argument_from_va_list@_K_J@?$standard_base@_WV?$string_output_adapter@_W@__crt_stdio_output@@@__crt_stdio_output@@IEAA_NAEA_J@Z 0000000180012aa0 f i libucrtd:output.obj
 0001:00011aa0       ??$extract_argument_from_va_list@_J_J@?$standard_base@_WV?$string_output_adapter@_W@__crt_stdio_output@@@__crt_stdio_output@@IEAA_NAEA_J@Z 0000000180012aa0 f i libucrtd:output.obj
 0001:00011aa0       ??$extract_argument_from_va_list@PEAXPEAX@?$standard_base@_WV?$string_output_adapter@_W@__crt_stdio_output@@@__crt_stdio_output@@IEAA_NAEAPEAX@Z 0000000180012aa0 f i libucrtd:output.obj
 0001:00011aa0       ??$extract_argument_from_va_list@PEADPEAD@?$standard_base@_WV?$string_output_adapter@_W@__crt_stdio_output@@@__crt_stdio_output@@IEAA_NAEAPEAD@Z 0000000180012aa0 f i libucrtd:output.obj
 0001:00011aa0       ??$extract_argument_from_va_list@_K_J@?$standard_base@DV?$string_output_adapter@D@__crt_stdio_output@@@__crt_stdio_output@@IEAA_NAEA_J@Z 0000000180012aa0 f i libucrtd:output.obj
 0001:00011aa0       ??$extract_argument_from_va_list@_J_J@?$standard_base@DV?$string_output_adapter@D@__crt_stdio_output@@@__crt_stdio_output@@IEAA_NAEA_J@Z 0000000180012aa0 f i libucrtd:output.obj
 0001:00011aa0       ??$extract_argument_from_va_list@PEAXPEAX@?$standard_base@DV?$string_output_adapter@D@__crt_stdio_output@@@__crt_stdio_output@@IEAA_NAEAPEAX@Z 0000000180012aa0 f i libucrtd:output.obj
 0001:00011aa0       ??$extract_argument_from_va_list@PEADPEAD@?$standard_base@DV?$string_output_adapter@D@__crt_stdio_output@@@__crt_stdio_output@@IEAA_NAEAPEAD@Z 0000000180012aa0 f i libucrtd:output.obj
 0001:00011b00       ??$extract_argument_from_va_list@U_CRT_DOUBLE@@U1@@?$standard_base@_WV?$string_output_adapter@_W@__crt_stdio_output@@@__crt_stdio_output@@IEAA_NAEAU_CRT_DOUBLE@@@Z 0000000180012b00 f i libucrtd:output.obj
 0001:00011b00       ??$extract_argument_from_va_list@U_CRT_DOUBLE@@U1@@?$standard_base@DV?$string_output_adapter@D@__crt_stdio_output@@@__crt_stdio_output@@IEAA_NAEAU_CRT_DOUBLE@@@Z 0000000180012b00 f i libucrtd:output.obj
 0001:00011b50       ??$extract_argument_from_va_list@_W_W@?$standard_base@_WV?$string_output_adapter@_W@__crt_stdio_output@@@__crt_stdio_output@@IEAA_NAEA_W@Z 0000000180012b50 f i libucrtd:output.obj
 0001:00011b50       ??$extract_argument_from_va_list@_W_W@?$standard_base@DV?$string_output_adapter@D@__crt_stdio_output@@@__crt_stdio_output@@IEAA_NAEA_W@Z 0000000180012b50 f i libucrtd:output.obj
 0001:00011b80       ??$is_wide_character_specifier@D@__crt_stdio_output@@YA_N_KDW4length_modifier@0@@Z 0000000180012b80 f i libucrtd:output.obj
 0001:00011c20       ??$is_wide_character_specifier@_W@__crt_stdio_output@@YA_N_K_WW4length_modifier@0@@Z 0000000180012c20 f i libucrtd:output.obj
 0001:00011cf0       ??$read_va_arg@C@__crt_stdio_output@@YACAEAPEAD@Z 0000000180012cf0 f i libucrtd:output.obj
 0001:00011cf0       ??$read_va_arg@E@__crt_stdio_output@@YAEAEAPEAD@Z 0000000180012cf0 f i libucrtd:output.obj
 0001:00011d60       ??$read_va_arg@_W@__crt_stdio_output@@YA_WAEAPEAD@Z 0000000180012d60 f i libucrtd:output.obj
 0001:00011d60       ??$read_va_arg@G@__crt_stdio_output@@YAGAEAPEAD@Z 0000000180012d60 f i libucrtd:output.obj
 0001:00011d60       ??$read_va_arg@F@__crt_stdio_output@@YAFAEAPEAD@Z 0000000180012d60 f i libucrtd:output.obj
 0001:00011dd0       ??$read_va_arg@I@__crt_stdio_output@@YAIAEAPEAD@Z 0000000180012dd0 f i libucrtd:output.obj
 0001:00011dd0       ??$read_va_arg@H@__crt_stdio_output@@YAHAEAPEAD@Z 0000000180012dd0 f i libucrtd:output.obj
 0001:00011e30       ??$read_va_arg@PEAX@__crt_stdio_output@@YAPEAXAEAPEAD@Z 0000000180012e30 f i libucrtd:output.obj
 0001:00011e30       ??$read_va_arg@_J@__crt_stdio_output@@YA_JAEAPEAD@Z 0000000180012e30 f i libucrtd:output.obj
 0001:00011e30       ??$read_va_arg@PEAD@__crt_stdio_output@@YAPEADAEAPEAD@Z 0000000180012e30 f i libucrtd:output.obj
 0001:00011e30       ??$read_va_arg@U_CRT_DOUBLE@@@__crt_stdio_output@@YA?AU_CRT_DOUBLE@@AEAPEAD@Z 0000000180012e30 f i libucrtd:output.obj
 0001:00011e30       ??$read_va_arg@_K@__crt_stdio_output@@YA_KAEAPEAD@Z 0000000180012e30 f i libucrtd:output.obj
 0001:00011f10       ??$scratch_count@D@formatting_buffer@__crt_stdio_output@@QEBA_KXZ 0000000180012f10 f i libucrtd:output.obj
 0001:00011f30       ??$scratch_data@D@formatting_buffer@__crt_stdio_output@@QEAAPEADXZ 0000000180012f30 f i libucrtd:output.obj
 0001:00011fa0       ??$tcstol@PEBDPEAPEADH@?$__crt_char_traits@D@@SAJ$$QEAPEBD$$QEAPEAPEAD$$QEAH@Z 0000000180012fa0 f i libucrtd:output.obj
 0001:00011fe0       ??$tcstol@PEB_WPEAPEA_WH@?$__crt_char_traits@_W@@SAJ$$QEAPEB_W$$QEAPEAPEA_W$$QEAH@Z 0000000180012fe0 f i libucrtd:output.obj
 0001:00012020       ??$type_case_integer_parse_into_buffer@I@?$output_processor@DV?$string_output_adapter@D@__crt_stdio_output@@V?$format_validation_base@DV?$string_output_adapter@D@__crt_stdio_output@@@2@@__crt_stdio_output@@AEAAXII_N@Z 0000000180013020 f i libucrtd:output.obj
 0001:00012150       ??$type_case_integer_parse_into_buffer@I@?$output_processor@_WV?$string_output_adapter@_W@__crt_stdio_output@@V?$format_validation_base@_WV?$string_output_adapter@_W@__crt_stdio_output@@@2@@__crt_stdio_output@@AEAAXII_N@Z 0000000180013150 f i libucrtd:output.obj
 0001:00012290       ??$type_case_integer_parse_into_buffer@_K@?$output_processor@DV?$string_output_adapter@D@__crt_stdio_output@@V?$format_validation_base@DV?$string_output_adapter@D@__crt_stdio_output@@@2@@__crt_stdio_output@@AEAAX_KI_N@Z 0000000180013290 f i libucrtd:output.obj
 0001:000123e0       ??$type_case_integer_parse_into_buffer@_K@?$output_processor@_WV?$string_output_adapter@_W@__crt_stdio_output@@V?$format_validation_base@_WV?$string_output_adapter@_W@__crt_stdio_output@@@2@@__crt_stdio_output@@AEAAX_KI_N@Z 00000001800133e0 f i libucrtd:output.obj
 0001:00012540       ??$write_multiple_characters@V?$string_output_adapter@D@__crt_stdio_output@@D@__crt_stdio_output@@YAXAEBV?$string_output_adapter@D@0@DHQEAH@Z 0000000180013540 f i libucrtd:output.obj
 0001:000125a0       ??$write_multiple_characters@V?$string_output_adapter@_W@__crt_stdio_output@@D@__crt_stdio_output@@YAXAEBV?$string_output_adapter@_W@0@DHQEAH@Z 00000001800135a0 f i libucrtd:output.obj
 0001:00012600       ??0?$common_data@D@__crt_stdio_output@@IEAA@XZ 0000000180013600 f i libucrtd:output.obj
 0001:000126d0       ??0?$common_data@_W@__crt_stdio_output@@IEAA@XZ 00000001800136d0 f i libucrtd:output.obj
 0001:000127a0       ??0?$output_adapter_data@DV?$string_output_adapter@D@__crt_stdio_output@@@__crt_stdio_output@@IEAA@AEBV?$string_output_adapter@D@1@_KQEBDQEAU__crt_locale_pointers@@QEAD@Z 00000001800137a0 f i libucrtd:output.obj
 0001:00012820       ??0?$output_adapter_data@_WV?$string_output_adapter@_W@__crt_stdio_output@@@__crt_stdio_output@@IEAA@AEBV?$string_output_adapter@_W@1@_KQEB_WQEAU__crt_locale_pointers@@QEAD@Z 0000000180013820 f i libucrtd:output.obj
 0001:000128a0       ??0?$output_processor@DV?$string_output_adapter@D@__crt_stdio_output@@V?$format_validation_base@DV?$string_output_adapter@D@__crt_stdio_output@@@2@@__crt_stdio_output@@QEAA@AEBV?$string_output_adapter@D@1@_KQEBDQEAU__crt_locale_pointers@@QEAD@Z 00000001800138a0 f i libucrtd:output.obj
 0001:000128f0       ??0?$output_processor@_WV?$string_output_adapter@_W@__crt_stdio_output@@V?$format_validation_base@_WV?$string_output_adapter@_W@__crt_stdio_output@@@2@@__crt_stdio_output@@QEAA@AEBV?$string_output_adapter@_W@1@_KQEB_WQEAU__crt_locale_pointers@@QEAD@Z 00000001800138f0 f i libucrtd:output.obj
 0001:00012940       ??0__crt_deferred_errno_cache@@QEAA@XZ 0000000180013940 f i libucrtd:output.obj
 0001:00012960       ??0__crt_errno_guard@@QEAA@QEAH@Z 0000000180013960 f i libucrtd:output.obj
 0001:000129a0       ??0formatting_buffer@__crt_stdio_output@@QEAA@XZ 00000001800139a0 f i libucrtd:output.obj
 0001:000129e0       ??1?$common_data@_W@__crt_stdio_output@@QEAA@XZ 00000001800139e0 f i libucrtd:output.obj
 0001:000129e0       ??1?$common_data@D@__crt_stdio_output@@QEAA@XZ 00000001800139e0 f i libucrtd:output.obj
 0001:00012a00       ??1?$format_validation_base@DV?$string_output_adapter@D@__crt_stdio_output@@@__crt_stdio_output@@QEAA@XZ 0000000180013a00 f i libucrtd:output.obj
 0001:00012a00       ??1?$format_validation_base@_WV?$string_output_adapter@_W@__crt_stdio_output@@@__crt_stdio_output@@QEAA@XZ 0000000180013a00 f i libucrtd:output.obj
 0001:00012a20       ??1?$output_adapter_data@_WV?$string_output_adapter@_W@__crt_stdio_output@@@__crt_stdio_output@@QEAA@XZ 0000000180013a20 f i libucrtd:output.obj
 0001:00012a20       ??1?$output_adapter_data@DV?$string_output_adapter@D@__crt_stdio_output@@@__crt_stdio_output@@QEAA@XZ 0000000180013a20 f i libucrtd:output.obj
 0001:00012a40       ??1?$output_processor@_WV?$string_output_adapter@_W@__crt_stdio_output@@V?$format_validation_base@_WV?$string_output_adapter@_W@__crt_stdio_output@@@2@@__crt_stdio_output@@QEAA@XZ 0000000180013a40 f i libucrtd:output.obj
 0001:00012a40       ??1?$output_processor@DV?$string_output_adapter@D@__crt_stdio_output@@V?$format_validation_base@DV?$string_output_adapter@D@__crt_stdio_output@@@2@@__crt_stdio_output@@QEAA@XZ 0000000180013a40 f i libucrtd:output.obj
 0001:00012a60       ??1?$standard_base@_WV?$string_output_adapter@_W@__crt_stdio_output@@@__crt_stdio_output@@QEAA@XZ 0000000180013a60 f i libucrtd:output.obj
 0001:00012a60       ??1?$standard_base@DV?$string_output_adapter@D@__crt_stdio_output@@@__crt_stdio_output@@QEAA@XZ 0000000180013a60 f i libucrtd:output.obj
 0001:00012a80       ??1__crt_errno_guard@@QEAA@XZ 0000000180013a80 f i libucrtd:output.obj
 0001:00012ab0       ??1formatting_buffer@__crt_stdio_output@@QEAA@XZ 0000000180013ab0 f i libucrtd:output.obj
 0001:00012ae0       ??4?$__crt_unique_heap_ptr@DU__crt_internal_free_policy@@@@QEAAAEAV0@$$QEAV0@@Z 0000000180013ae0 f i libucrtd:output.obj
 0001:00012b20       ?adjust_hexit@?$output_processor@DV?$string_output_adapter@D@__crt_stdio_output@@V?$format_validation_base@DV?$string_output_adapter@D@__crt_stdio_output@@@2@@__crt_stdio_output@@CADH_N@Z 0000000180013b20 f i libucrtd:output.obj
 0001:00012b20       ?adjust_hexit@?$output_processor@_WV?$string_output_adapter@_W@__crt_stdio_output@@V?$format_validation_base@_WV?$string_output_adapter@_W@__crt_stdio_output@@@2@@__crt_stdio_output@@CADH_N@Z 0000000180013b20 f i libucrtd:output.obj
 0001:00012b70       ?advance_to_next_pass@?$standard_base@DV?$string_output_adapter@D@__crt_stdio_output@@@__crt_stdio_output@@IEAA_NXZ 0000000180013b70 f i libucrtd:output.obj
 0001:00012b70       ?advance_to_next_pass@?$standard_base@_WV?$string_output_adapter@_W@__crt_stdio_output@@@__crt_stdio_output@@IEAA_NXZ 0000000180013b70 f i libucrtd:output.obj
 0001:00012bc0       ?crop_zeroes@__crt_stdio_output@@YAXPEADQEAU__crt_locale_pointers@@@Z 0000000180013bc0 f i libucrtd:output.obj
 0001:00012d00       ?find_next_state@?$output_processor@DV?$string_output_adapter@D@__crt_stdio_output@@V?$format_validation_base@DV?$string_output_adapter@D@__crt_stdio_output@@@2@@__crt_stdio_output@@AEBA?AW4state@2@DW432@@Z 0000000180013d00 f i libucrtd:output.obj
 0001:00012da0       ?find_next_state@?$output_processor@_WV?$string_output_adapter@_W@__crt_stdio_output@@V?$format_validation_base@_WV?$string_output_adapter@_W@__crt_stdio_output@@@2@@__crt_stdio_output@@AEBA?AW4state@2@_WW432@@Z 0000000180013da0 f i libucrtd:output.obj
 0001:00012e40       ?force_decimal_point@__crt_stdio_output@@YAXPEADQEAU__crt_locale_pointers@@@Z 0000000180013e40 f i libucrtd:output.obj
 0001:00012f40       ?get@__crt_deferred_errno_cache@@QEAAAEAHXZ 0000000180013f40 f i libucrtd:output.obj
 0001:00012f70       ?get_flags@__crt_stdio_stream@@QEBAJXZ 0000000180013f70 f i libucrtd:output.obj
 0001:00012fa0       ?has_flag@?$output_processor@DV?$string_output_adapter@D@__crt_stdio_output@@V?$format_validation_base@DV?$string_output_adapter@D@__crt_stdio_output@@@2@@__crt_stdio_output@@AEBA_NI@Z 0000000180013fa0 f i libucrtd:output.obj
 0001:00012fa0       ?has_flag@?$output_processor@_WV?$string_output_adapter@_W@__crt_stdio_output@@V?$format_validation_base@_WV?$string_output_adapter@_W@__crt_stdio_output@@@2@@__crt_stdio_output@@AEBA_NI@Z 0000000180013fa0 f i libucrtd:output.obj
 0001:00012fe0       ?is_string_backed@__crt_stdio_stream@@QEBA_NXZ 0000000180013fe0 f i libucrtd:output.obj
 0001:00013020       ?narrow_null_string@?$output_processor@DV?$string_output_adapter@D@__crt_stdio_output@@V?$format_validation_base@DV?$string_output_adapter@D@__crt_stdio_output@@@2@@__crt_stdio_output@@CAPEADXZ 0000000180014020 f i libucrtd:output.obj
 0001:00013020       ?narrow_null_string@?$output_processor@_WV?$string_output_adapter@_W@__crt_stdio_output@@V?$format_validation_base@_WV?$string_output_adapter@_W@__crt_stdio_output@@@2@@__crt_stdio_output@@CAPEADXZ 0000000180014020 f i libucrtd:output.obj
 0001:00013030       ?parse_int_from_format_string@?$output_processor@DV?$string_output_adapter@D@__crt_stdio_output@@V?$format_validation_base@DV?$string_output_adapter@D@__crt_stdio_output@@@2@@__crt_stdio_output@@AEAA_NQEAH@Z 0000000180014030 f i libucrtd:output.obj
 0001:00013120       ?parse_int_from_format_string@?$output_processor@_WV?$string_output_adapter@_W@__crt_stdio_output@@V?$format_validation_base@_WV?$string_output_adapter@_W@__crt_stdio_output@@@2@@__crt_stdio_output@@AEAA_NQEAH@Z 0000000180014120 f i libucrtd:output.obj
 0001:00013210       ?process@?$output_processor@DV?$string_output_adapter@D@__crt_stdio_output@@V?$format_validation_base@DV?$string_output_adapter@D@__crt_stdio_output@@@2@@__crt_stdio_output@@QEAAHXZ 0000000180014210 f i libucrtd:output.obj
 0001:00013570       ?process@?$output_processor@_WV?$string_output_adapter@_W@__crt_stdio_output@@V?$format_validation_base@_WV?$string_output_adapter@_W@__crt_stdio_output@@@2@@__crt_stdio_output@@QEAAHXZ 0000000180014570 f i libucrtd:output.obj
 0001:000138d0       ?set_flag@?$output_processor@DV?$string_output_adapter@D@__crt_stdio_output@@V?$format_validation_base@DV?$string_output_adapter@D@__crt_stdio_output@@@2@@__crt_stdio_output@@AEAAXI@Z 00000001800148d0 f i libucrtd:output.obj
 0001:000138d0       ?set_flag@?$output_processor@_WV?$string_output_adapter@_W@__crt_stdio_output@@V?$format_validation_base@_WV?$string_output_adapter@_W@__crt_stdio_output@@@2@@__crt_stdio_output@@AEAAXI@Z 00000001800148d0 f i libucrtd:output.obj
 0001:000138f0       ?validate_state_for_type_case_a@?$standard_base@DV?$string_output_adapter@D@__crt_stdio_output@@@__crt_stdio_output@@IEBA_NXZ 00000001800148f0 f i libucrtd:output.obj
 0001:000138f0       ?should_format@?$standard_base@_WV?$string_output_adapter@_W@__crt_stdio_output@@@__crt_stdio_output@@IEAA_NXZ 00000001800148f0 f i libucrtd:output.obj
 0001:000138f0       ?validate_and_update_state_at_beginning_of_format_character@?$standard_base@_WV?$string_output_adapter@_W@__crt_stdio_output@@@__crt_stdio_output@@IEAA_NXZ 00000001800148f0 f i libucrtd:output.obj
 0001:000138f0       ?should_format@?$standard_base@DV?$string_output_adapter@D@__crt_stdio_output@@@__crt_stdio_output@@IEAA_NXZ 00000001800148f0 f i libucrtd:output.obj
 0001:000138f0       ?validate_state_for_type_case_a@?$standard_base@_WV?$string_output_adapter@_W@__crt_stdio_output@@@__crt_stdio_output@@IEBA_NXZ 00000001800148f0 f i libucrtd:output.obj
 0001:000138f0       ?validate_and_update_state_at_beginning_of_format_character@?$standard_base@DV?$string_output_adapter@D@__crt_stdio_output@@@__crt_stdio_output@@IEAA_NXZ 00000001800148f0 f i libucrtd:output.obj
 0001:00013900       ?should_skip_normal_state_processing@?$standard_base@DV?$string_output_adapter@D@__crt_stdio_output@@@__crt_stdio_output@@IEAA_NXZ 0000000180014900 f i libucrtd:output.obj
 0001:00013900       ?should_skip_normal_state_processing@?$standard_base@_WV?$string_output_adapter@_W@__crt_stdio_output@@@__crt_stdio_output@@IEAA_NXZ 0000000180014900 f i libucrtd:output.obj
 0001:00013900       ?should_skip_type_state_output@?$standard_base@_WV?$string_output_adapter@_W@__crt_stdio_output@@@__crt_stdio_output@@IEBA_NXZ 0000000180014900 f i libucrtd:output.obj
 0001:00013900       ?should_skip_type_state_output@?$standard_base@DV?$string_output_adapter@D@__crt_stdio_output@@@__crt_stdio_output@@IEBA_NXZ 0000000180014900 f i libucrtd:output.obj
 0001:00013910       ?state_case_dot@?$output_processor@_WV?$string_output_adapter@_W@__crt_stdio_output@@V?$format_validation_base@_WV?$string_output_adapter@_W@__crt_stdio_output@@@2@@__crt_stdio_output@@AEAA_NXZ 0000000180014910 f i libucrtd:output.obj
 0001:00013910       ?state_case_dot@?$output_processor@DV?$string_output_adapter@D@__crt_stdio_output@@V?$format_validation_base@DV?$string_output_adapter@D@__crt_stdio_output@@@2@@__crt_stdio_output@@AEAA_NXZ 0000000180014910 f i libucrtd:output.obj
 0001:00013930       ?state_case_flag@?$output_processor@DV?$string_output_adapter@D@__crt_stdio_output@@V?$format_validation_base@DV?$string_output_adapter@D@__crt_stdio_output@@@2@@__crt_stdio_output@@AEAA_NXZ 0000000180014930 f i libucrtd:output.obj
 0001:000139d0       ?state_case_flag@?$output_processor@_WV?$string_output_adapter@_W@__crt_stdio_output@@V?$format_validation_base@_WV?$string_output_adapter@_W@__crt_stdio_output@@@2@@__crt_stdio_output@@AEAA_NXZ 00000001800149d0 f i libucrtd:output.obj
 0001:00013a70       ?state_case_normal@?$output_processor@DV?$string_output_adapter@D@__crt_stdio_output@@V?$format_validation_base@DV?$string_output_adapter@D@__crt_stdio_output@@@2@@__crt_stdio_output@@AEAA_NXZ 0000000180014a70 f i libucrtd:output.obj
 0001:00013b50       ?state_case_normal@?$output_processor@_WV?$string_output_adapter@_W@__crt_stdio_output@@V?$format_validation_base@_WV?$string_output_adapter@_W@__crt_stdio_output@@@2@@__crt_stdio_output@@AEAA_NXZ 0000000180014b50 f i libucrtd:output.obj
 0001:00013c30       ?state_case_normal_common@?$output_processor@DV?$string_output_adapter@D@__crt_stdio_output@@V?$format_validation_base@DV?$string_output_adapter@D@__crt_stdio_output@@@2@@__crt_stdio_output@@AEAA_NXZ 0000000180014c30 f i libucrtd:output.obj
 0001:00013c80       ?state_case_normal_common@?$output_processor@_WV?$string_output_adapter@_W@__crt_stdio_output@@V?$format_validation_base@_WV?$string_output_adapter@_W@__crt_stdio_output@@@2@@__crt_stdio_output@@AEAA_NXZ 0000000180014c80 f i libucrtd:output.obj
 0001:00013cd0       ?state_case_normal_tchar@?$output_processor@DV?$string_output_adapter@D@__crt_stdio_output@@V?$format_validation_base@DV?$string_output_adapter@D@__crt_stdio_output@@@2@@__crt_stdio_output@@AEAA_ND@Z 0000000180014cd0 f i libucrtd:output.obj
 0001:00013e10       ?state_case_normal_tchar@?$output_processor@_WV?$string_output_adapter@_W@__crt_stdio_output@@V?$format_validation_base@_WV?$string_output_adapter@_W@__crt_stdio_output@@@2@@__crt_stdio_output@@AEAA_N_W@Z 0000000180014e10 f i libucrtd:output.obj
 0001:00013e30       ?state_case_percent@?$output_processor@DV?$string_output_adapter@D@__crt_stdio_output@@V?$format_validation_base@DV?$string_output_adapter@D@__crt_stdio_output@@@2@@__crt_stdio_output@@AEAA_NXZ 0000000180014e30 f i libucrtd:output.obj
 0001:00013e30       ?state_case_percent@?$output_processor@_WV?$string_output_adapter@_W@__crt_stdio_output@@V?$format_validation_base@_WV?$string_output_adapter@_W@__crt_stdio_output@@@2@@__crt_stdio_output@@AEAA_NXZ 0000000180014e30 f i libucrtd:output.obj
 0001:00013e80       ?state_case_precision@?$output_processor@DV?$string_output_adapter@D@__crt_stdio_output@@V?$format_validation_base@DV?$string_output_adapter@D@__crt_stdio_output@@@2@@__crt_stdio_output@@AEAA_NXZ 0000000180014e80 f i libucrtd:output.obj
 0001:00013f00       ?state_case_precision@?$output_processor@_WV?$string_output_adapter@_W@__crt_stdio_output@@V?$format_validation_base@_WV?$string_output_adapter@_W@__crt_stdio_output@@@2@@__crt_stdio_output@@AEAA_NXZ 0000000180014f00 f i libucrtd:output.obj
 0001:00013f80       ?state_case_size@?$output_processor@DV?$string_output_adapter@D@__crt_stdio_output@@V?$format_validation_base@DV?$string_output_adapter@D@__crt_stdio_output@@@2@@__crt_stdio_output@@AEAA_NXZ 0000000180014f80 f i libucrtd:output.obj
 0001:00014400       ?state_case_size@?$output_processor@_WV?$string_output_adapter@_W@__crt_stdio_output@@V?$format_validation_base@_WV?$string_output_adapter@_W@__crt_stdio_output@@@2@@__crt_stdio_output@@AEAA_NXZ 0000000180015400 f i libucrtd:output.obj
 0001:00014880       ?state_case_type@?$output_processor@DV?$string_output_adapter@D@__crt_stdio_output@@V?$format_validation_base@DV?$string_output_adapter@D@__crt_stdio_output@@@2@@__crt_stdio_output@@AEAA_NXZ 0000000180015880 f i libucrtd:output.obj
 0001:00014d20       ?state_case_type@?$output_processor@_WV?$string_output_adapter@_W@__crt_stdio_output@@V?$format_validation_base@_WV?$string_output_adapter@_W@__crt_stdio_output@@@2@@__crt_stdio_output@@AEAA_NXZ 0000000180015d20 f i libucrtd:output.obj
 0001:00015280       ?state_case_width@?$output_processor@DV?$string_output_adapter@D@__crt_stdio_output@@V?$format_validation_base@DV?$string_output_adapter@D@__crt_stdio_output@@@2@@__crt_stdio_output@@AEAA_NXZ 0000000180016280 f i libucrtd:output.obj
 0001:00015310       ?state_case_width@?$output_processor@_WV?$string_output_adapter@_W@__crt_stdio_output@@V?$format_validation_base@_WV?$string_output_adapter@_W@__crt_stdio_output@@@2@@__crt_stdio_output@@AEAA_NXZ 0000000180016310 f i libucrtd:output.obj
 0001:000153a0       ?state_count@?$format_validation_base@_WV?$string_output_adapter@_W@__crt_stdio_output@@@__crt_stdio_output@@KAIXZ 00000001800163a0 f i libucrtd:output.obj
 0001:000153a0       ?state_count@?$format_validation_base@DV?$string_output_adapter@D@__crt_stdio_output@@@__crt_stdio_output@@KAIXZ 00000001800163a0 f i libucrtd:output.obj
 0001:000153b0       ?state_transition_table@?$format_validation_base@DV?$string_output_adapter@D@__crt_stdio_output@@@__crt_stdio_output@@KAPEBEXZ 00000001800163b0 f i libucrtd:output.obj
 0001:000153b0       ?state_transition_table@?$format_validation_base@_WV?$string_output_adapter@_W@__crt_stdio_output@@@__crt_stdio_output@@KAPEBEXZ 00000001800163b0 f i libucrtd:output.obj
 0001:000153c0       ?tchar_string@?$common_data@D@__crt_stdio_output@@IEAAAEAPEADD@Z 00000001800163c0 f i libucrtd:output.obj
 0001:000153e0       ?tchar_string@?$common_data@D@__crt_stdio_output@@IEAAAEAPEADXZ 00000001800163e0 f i libucrtd:output.obj
 0001:00015400       ?tchar_string@?$common_data@_W@__crt_stdio_output@@IEAAAEAPEA_WXZ 0000000180016400 f i libucrtd:output.obj
 0001:00015420       ?tchar_string@?$common_data@_W@__crt_stdio_output@@IEAAAEAPEA_W_W@Z 0000000180016420 f i libucrtd:output.obj
 0001:00015440       ?to_integer_size@__crt_stdio_output@@YA_KW4length_modifier@1@@Z 0000000180016440 f i libucrtd:output.obj
 0001:000154f0       ?type_case_X@?$output_processor@DV?$string_output_adapter@D@__crt_stdio_output@@V?$format_validation_base@DV?$string_output_adapter@D@__crt_stdio_output@@@2@@__crt_stdio_output@@AEAA_NXZ 00000001800164f0 f i libucrtd:output.obj
 0001:00015510       ?type_case_X@?$output_processor@_WV?$string_output_adapter@_W@__crt_stdio_output@@V?$format_validation_base@_WV?$string_output_adapter@_W@__crt_stdio_output@@@2@@__crt_stdio_output@@AEAA_NXZ 0000000180016510 f i libucrtd:output.obj
 0001:00015530       ?type_case_Z@?$output_processor@DV?$string_output_adapter@D@__crt_stdio_output@@V?$format_validation_base@DV?$string_output_adapter@D@__crt_stdio_output@@@2@@__crt_stdio_output@@AEAA_NXZ 0000000180016530 f i libucrtd:output.obj
 0001:00015650       ?type_case_Z@?$output_processor@_WV?$string_output_adapter@_W@__crt_stdio_output@@V?$format_validation_base@_WV?$string_output_adapter@_W@__crt_stdio_output@@@2@@__crt_stdio_output@@AEAA_NXZ 0000000180016650 f i libucrtd:output.obj
 0001:00015770       ?type_case_a@?$output_processor@DV?$string_output_adapter@D@__crt_stdio_output@@V?$format_validation_base@DV?$string_output_adapter@D@__crt_stdio_output@@@2@@__crt_stdio_output@@AEAA_NXZ 0000000180016770 f i libucrtd:output.obj
 0001:00015b30       ?type_case_a@?$output_processor@_WV?$string_output_adapter@_W@__crt_stdio_output@@V?$format_validation_base@_WV?$string_output_adapter@_W@__crt_stdio_output@@@2@@__crt_stdio_output@@AEAA_NXZ 0000000180016b30 f i libucrtd:output.obj
 0001:00015f00       ?type_case_c@?$output_processor@DV?$string_output_adapter@D@__crt_stdio_output@@V?$format_validation_base@DV?$string_output_adapter@D@__crt_stdio_output@@@2@@__crt_stdio_output@@AEAA_NXZ 0000000180016f00 f i libucrtd:output.obj
 0001:00015f20       ?type_case_c@?$output_processor@_WV?$string_output_adapter@_W@__crt_stdio_output@@V?$format_validation_base@_WV?$string_output_adapter@_W@__crt_stdio_output@@@2@@__crt_stdio_output@@AEAA_NXZ 0000000180016f20 f i libucrtd:output.obj
 0001:00015f40       ?type_case_c_tchar@?$output_processor@DV?$string_output_adapter@D@__crt_stdio_output@@V?$format_validation_base@DV?$string_output_adapter@D@__crt_stdio_output@@@2@@__crt_stdio_output@@AEAA_ND@Z 0000000180016f40 f i libucrtd:output.obj
 0001:00016090       ?type_case_c_tchar@?$output_processor@_WV?$string_output_adapter@_W@__crt_stdio_output@@V?$format_validation_base@_WV?$string_output_adapter@_W@__crt_stdio_output@@@2@@__crt_stdio_output@@AEAA_N_W@Z 0000000180017090 f i libucrtd:output.obj
 0001:000161c0       ?type_case_d@?$output_processor@DV?$string_output_adapter@D@__crt_stdio_output@@V?$format_validation_base@DV?$string_output_adapter@D@__crt_stdio_output@@@2@@__crt_stdio_output@@AEAA_NXZ 00000001800171c0 f i libucrtd:output.obj
[...]
 0004:0000273c       $pdata$?has_all_of@__crt_stdio_stream@@QEBA_NJ@Z 000000018005873c     libucrtd:fflush.obj
 0004:00002748       $pdata$__acrt_stdio_flush_nolock 0000000180058748     libucrtd:fflush.obj
 0004:00002754       $pdata$?__acrt_stdio_reset_buffer@@YAXV__crt_stdio_stream@@@Z 0000000180058754     libucrtd:fflush.obj
 0004:00002760       $pdata$?is_stream_allocated@@YA_NJ@Z 0000000180058760     libucrtd:fflush.obj
 0004:0000276c       $pdata$?is_stream_flushable_or_commitable@@YA_NJ@Z 000000018005876c     libucrtd:fflush.obj
 0004:00002778       $pdata$?common_flush_all_should_try_to_flush_stream@@YA_NV__crt_stdio_stream@@QEAH@Z 0000000180058778     libucrtd:fflush.obj
 0004:00002784       $pdata$?common_flush_all@@YAH_N@Z 0000000180058784     libucrtd:fflush.obj
 0004:00002790       $pdata$??R<lambda_ab61a845afdef5b7c387490eaf3616ee>@@QEBA@XZ 0000000180058790     libucrtd:fflush.obj
 0004:0000279c       $pdata$??R<lambda_c5860995281e5c4ce005b3de8f5874ee>@@QEBAXXZ 000000018005879c     libucrtd:fflush.obj
 0004:000027a8       $pdata$??$__acrt_lock_stream_and_call@V<lambda_c5860995281e5c4ce005b3de8f5874ee>@@@@YAXQEAU_iobuf@@$$QEAV<lambda_c5860995281e5c4ce005b3de8f5874ee>@@@Z 00000001800587a8     libucrtd:fflush.obj
 0004:000027b4       $pdata$??$__acrt_lock_and_call@V<lambda_ab61a845afdef5b7c387490eaf3616ee>@@@@YAXW4__acrt_lock_id@@$$QEAV<lambda_ab61a845afdef5b7c387490eaf3616ee>@@@Z 00000001800587b4     libucrtd:fflush.obj
 0004:000027c0       $pdata$??R<lambda_842d9ff0dc9ef11c61343bbaebe7f885>@@QEBAXXZ 00000001800587c0     libucrtd:fflush.obj
 0004:000027cc       $pdata$??R<lambda_d90129c13df834fdcbf8d2b88dafcf2d>@@QEBAXXZ 00000001800587cc     libucrtd:fflush.obj
 0004:000027d8       $pdata$??$?RV<lambda_842d9ff0dc9ef11c61343bbaebe7f885>@@AEAV<lambda_c5860995281e5c4ce005b3de8f5874ee>@@V<lambda_d90129c13df834fdcbf8d2b88dafcf2d>@@@?$__crt_seh_guarded_call@X@@QEAAX$$QEAV<lambda_842d9ff0dc9ef11c61343bbaebe7f885>@@AEAV<lambda_c5860995281e5c4ce005b3de8f5874ee>@@$$QEAV<lambda_d90129c13df834fdcbf8d2b88dafcf2d>@@@Z 00000001800587d8     libucrtd:fflush.obj
 0004:000027e4       $pdata$?fin$0@?0???$?RV<lambda_842d9ff0dc9ef11c61343bbaebe7f885>@@AEAV<lambda_c5860995281e5c4ce005b3de8f5874ee>@@V<lambda_d90129c13df834fdcbf8d2b88dafcf2d>@@@?$__crt_seh_guarded_call@X@@QEAAX$$QEAV<lambda_842d9ff0dc9ef11c61343bbaebe7f885>@@AEAV<lambda_c5860995281e5c4ce005b3de8f5874ee>@@$$QEAV<lambda_d90129c13df834fdcbf8d2b88dafcf2d>@@@Z@4HA 00000001800587e4     libucrtd:fflush.obj
 0004:000027f0       $pdata$??$?RV<lambda_886d6c58226a84441f68b9f2b8217b83>@@AEAV<lambda_ab61a845afdef5b7c387490eaf3616ee>@@V<lambda_f7f22ab5edc0698d5f6905b0d3f44752>@@@?$__crt_seh_guarded_call@X@@QEAAX$$QEAV<lambda_886d6c58226a84441f68b9f2b8217b83>@@AEAV<lambda_ab61a845afdef5b7c387490eaf3616ee>@@$$QEAV<lambda_f7f22ab5edc0698d5f6905b0d3f44752>@@@Z 00000001800587f0     libucrtd:fflush.obj
 0004:000027fc       $pdata$_malloc_base        00000001800587fc     libucrtd:malloc_base.obj
 0004:00002808       $pdata$__acrt_locale_free_monetary 0000000180058808     libucrtd:initmon.obj
 0004:00002814       $pdata$__acrt_locale_free_numeric 0000000180058814     libucrtd:initnum.obj
 0004:00002820       $pdata$__acrt_locale_free_time 0000000180058820     libucrtd:inittime.obj
 0004:0000282c       $pdata$?free_crt_array_internal@@YAXQEAPEBX_K@Z 000000018005882c     libucrtd:inittime.obj
 0004:00002838       $pdata$??$free_crt_array@D$06@@YAXAEAY06PEAD@Z 0000000180058838     libucrtd:inittime.obj
 0004:00002838       $pdata$??$free_crt_array@_W$06@@YAXAEAY06PEA_W@Z 0000000180058838     libucrtd:inittime.obj
 0004:00002844       $pdata$??$free_crt_array@D$0M@@@YAXAEAY0M@PEAD@Z 0000000180058844     libucrtd:inittime.obj
 0004:00002844       $pdata$??$free_crt_array@_W$0M@@@YAXAEAY0M@PEA_W@Z 0000000180058844     libucrtd:inittime.obj
 0004:00002850       $pdata$??$free_crt_array@D$01@@YAXAEAY01PEAD@Z 0000000180058850     libucrtd:inittime.obj
 0004:00002850       $pdata$??$free_crt_array@_W$01@@YAXAEAY01PEA_W@Z 0000000180058850     libucrtd:inittime.obj
 0004:0000285c       $pdata$wcscat_s            000000018005885c     libucrtd:wcscat_s.obj
 0004:00002868       $pdata$??$common_tcscat_s@_W@@YAHQEA_W_KQEB_W@Z 0000000180058868     libucrtd:wcscat_s.obj
 0004:00002874       $pdata$_set_error_mode     0000000180058874     libucrtd:set_error_mode.obj
 0004:00002880       $pdata$_isleadbyte_l       0000000180058880     libucrtd:_wctype.obj
 0004:0000288c       $pdata$?__mbrtowc_utf8@__crt_mbstring@@YA_KPEA_WPEBD_KPEAU_Mbstatet@@@Z 000000018005888c     libucrtd:mbrtowc.obj
 0004:00002898       $pdata$?__mbsrtowcs_utf8@__crt_mbstring@@YA_KPEA_WPEAPEBD_KPEAU_Mbstatet@@@Z 0000000180058898     libucrtd:mbrtowc.obj
 0004:000028a4       $pdata$c32rtomb            00000001800588a4     libucrtd:c32rtomb.obj
 0004:000028b0       $pdata$?__c32rtomb_utf8@__crt_mbstring@@YA_KPEAD_UPEAU_Mbstatet@@@Z 00000001800588b0     libucrtd:c32rtomb.obj
 0004:000028bc       $pdata$?return_illegal_sequence@__crt_mbstring@@YA_KPEAU_Mbstatet@@@Z 00000001800588bc     libucrtd:c32rtomb.obj
 0004:000028c8       $pdata$?reset_and_return@__crt_mbstring@@YA_K_KPEAU_Mbstatet@@@Z 00000001800588c8     libucrtd:c32rtomb.obj
 0004:000028d4       $pdata$__acrt_fp_strflt_to_string 00000001800588d4     libucrtd:_fptostr.obj
 0004:000028e0       $pdata$__acrt_fltout       00000001800588e0     libucrtd:cfout.obj
 0004:000028ec       $pdata$??0big_integer@__crt_strtox@@QEAA@XZ 00000001800588ec     libucrtd:cfout.obj
 0004:000028f8       $pdata$??0big_integer@__crt_strtox@@QEAA@AEBU01@@Z 00000001800588f8     libucrtd:cfout.obj
 0004:000028f8       $pdata$??4big_integer@__crt_strtox@@QEAAAEAU01@AEBU01@@Z 00000001800588f8     libucrtd:cfout.obj
 0004:00002904       $pdata$??8__crt_strtox@@YA_NAEBUbig_integer@0@0@Z 0000000180058904     libucrtd:cfout.obj
 0004:00002910       $pdata$??9__crt_strtox@@YA_NAEBUbig_integer@0@0@Z 0000000180058910     libucrtd:cfout.obj
 0004:0000291c       $pdata$?make_big_integer@__crt_strtox@@YA?AUbig_integer@1@_K@Z 000000018005891c     libucrtd:cfout.obj
 0004:00002928       $pdata$?make_big_integer_power_of_two@__crt_strtox@@YA?AUbig_integer@1@I@Z 0000000180058928     libucrtd:cfout.obj
 0004:00002934       $pdata$?is_zero@__crt_strtox@@YA_NAEBUbig_integer@1@@Z 0000000180058934     libucrtd:cfout.obj
 0004:00002940       $pdata$?bit_scan_reverse@__crt_strtox@@YAII@Z 0000000180058940     libucrtd:cfout.obj
 0004:0000294c       $pdata$?shift_left@__crt_strtox@@YA_NAEAUbig_integer@1@I@Z 000000018005894c     libucrtd:cfout.obj
 0004:00002958       $pdata$?add_carry@__crt_strtox@@YAIAEAIII@Z 0000000180058958     libucrtd:cfout.obj
 0004:00002964       $pdata$?add_multiply_carry@__crt_strtox@@YAIAEAIIII@Z 0000000180058964     libucrtd:cfout.obj
 0004:00002970       $pdata$?multiply_core@__crt_strtox@@YAIQEAIII@Z 0000000180058970     libucrtd:cfout.obj
 0004:0000297c       $pdata$?multiply@__crt_strtox@@YA_NAEAUbig_integer@1@I@Z 000000018005897c     libucrtd:cfout.obj
 0004:00002988       $pdata$?multiply@__crt_strtox@@YA_NAEAUbig_integer@1@AEBU21@@Z 0000000180058988     libucrtd:cfout.obj
 0004:00002994       $pdata$?multiply_by_power_of_ten@__crt_strtox@@YA_NAEAUbig_integer@1@I@Z 0000000180058994     libucrtd:cfout.obj
 0004:000029a0       $pdata$?count_sequential_high_zeroes@__crt_strtox@@YAII@Z 00000001800589a0     libucrtd:cfout.obj
 0004:000029ac       $pdata$?divide@__crt_strtox@@YA_KAEAUbig_integer@1@AEBU21@@Z 00000001800589ac     libucrtd:cfout.obj
 0004:000029b8       $pdata$??0scoped_fp_state_reset@?A0x71ca7cfb@@QEAA@XZ 00000001800589b8     libucrtd:cfout.obj
 0004:000029c4       $pdata$??1scoped_fp_state_reset@?A0x71ca7cfb@@QEAA@XZ 00000001800589c4     libucrtd:cfout.obj
 0004:000029d0       $pdata$??$convert_to_fos_high_precision@N@@YAXNIQEAHQEAD_K@Z 00000001800589d0     libucrtd:cfout.obj
 0004:000029dc       $pdata$_fcloseall          00000001800589dc     libucrtd:closeall.obj
 0004:000029e8       $pdata$_fcloseall$fin$0    00000001800589e8     libucrtd:closeall.obj
 0004:000029f4       $pdata$?is_in_use@__crt_stdio_stream@@QEBA_NXZ 00000001800589f4     libucrtd:closeall.obj
 0004:00002a00       $pdata$?has_crt_buffer@__crt_stdio_stream@@QEBA_NXZ 0000000180058a00     libucrtd:_freebuf.obj
 0004:00002a0c       $pdata$__acrt_stdio_free_buffer_nolock 0000000180058a0c     libucrtd:_freebuf.obj
 0004:00002a18       $pdata$__acrt_GetStringTypeW 0000000180058a18     libucrtd:getstringtypew.obj
 0004:00002a24       $pdata$_itow_s             0000000180058a24     libucrtd:xtoa.obj
 0004:00002a30       $pdata$_itoa_s             0000000180058a30     libucrtd:xtoa.obj
 0004:00002a3c       $pdata$??$common_xtox_s@KD@@YAHKQEAD_KI_N@Z 0000000180058a3c     libucrtd:xtoa.obj
 0004:00002a48       $pdata$??$common_xtox@KD@@YAHKQEAD_KI_N@Z 0000000180058a48     libucrtd:xtoa.obj
 0004:00002a54       $pdata$??$common_xtox_s@K_W@@YAHKQEA_W_KI_N@Z 0000000180058a54     libucrtd:xtoa.obj
 0004:00002a60       $pdata$??$common_xtox@K_W@@YAHKQEA_W_KI_N@Z 0000000180058a60     libucrtd:xtoa.obj
 0004:00002a6c       $pdata$mbstowcs_s          0000000180058a6c     libucrtd:mbstowcs.obj
 0004:00002a78       $pdata$_mbstowcs_s_l       0000000180058a78     libucrtd:mbstowcs.obj
 0004:00002a84       $pdata$?_mbstowcs_l_helper@@YA_KPEA_WPEBD_KPEAU__crt_locale_pointers@@@Z 0000000180058a84     libucrtd:mbstowcs.obj
 0004:00002a90       $pdata$wcstombs_s          0000000180058a90     libucrtd:wcstombs.obj
 0004:00002a9c       $pdata$_wcstombs_s_l       0000000180058a9c     libucrtd:wcstombs.obj
 0004:00002aa8       $pdata$?wcsncnt@@YA_KPEB_W_K@Z 0000000180058aa8     libucrtd:wcstombs.obj
 0004:00002ab4       $pdata$?_wcstombs_l_helper@@YA_KPEADPEB_W_KPEAU__crt_locale_pointers@@@Z 0000000180058ab4     libucrtd:wcstombs.obj
 0004:00002ac0       $pdata$?dtor$0@?0??_wcstombs_l_helper@@YA_KPEADPEB_W_KPEAU__crt_locale_pointers@@@Z@4HA 0000000180058ac0     libucrtd:wcstombs.obj
 0004:00002acc       $pdata$strcat_s            0000000180058acc     libucrtd:strcat_s.obj
 0004:00002ad8       $pdata$??$common_tcscat_s@D@@YAHQEAD_KQEBD@Z 0000000180058ad8     libucrtd:strcat_s.obj
 0004:00002ae4       $pdata$__acrt_OutputDebugStringA 0000000180058ae4     libucrtd:outputdebugstringa.obj
 0004:00002af0       $pdata$__strncnt           0000000180058af0     libucrtd:strncnt.obj
 0004:00002afc       $pdata$__ascii_wcsnicmp    0000000180058afc     libucrtd:wcsnicmp.obj
 0004:00002b08       $pdata$_commit             0000000180058b08     libucrtd:commit.obj
 0004:00002b14       $pdata$??R<lambda_5533cddd4bda0037814beee657757329>@@QEBAHXZ 0000000180058b14     libucrtd:commit.obj
 0004:00002b20       $pdata$??$__acrt_lowio_lock_fh_and_call@V<lambda_5533cddd4bda0037814beee657757329>@@@@YAHH$$QEAV<lambda_5533cddd4bda0037814beee657757329>@@@Z 0000000180058b20     libucrtd:commit.obj
 0004:00002b2c       $pdata$??R<lambda_53fc7fc888e23d815d7080162c0aeeb2>@@QEBAXXZ 0000000180058b2c     libucrtd:close.obj
 0004:00002b2c       $pdata$??R<lambda_4e3dbe6921bc0b5a1a6bc6573fdc859e>@@QEBAXXZ 0000000180058b2c     libucrtd:commit.obj
 0004:00002b38       $pdata$??R<lambda_8ddc48ad9d26c778cb15812d1d88fc8a>@@QEBAXXZ 0000000180058b38     libucrtd:close.obj
 0004:00002b38       $pdata$??R<lambda_47cffbaa968af5c721c38a4a6f8da44d>@@QEBAXXZ 0000000180058b38     libucrtd:commit.obj
 0004:00002b44       $pdata$??$?RV<lambda_4e3dbe6921bc0b5a1a6bc6573fdc859e>@@AEAV<lambda_5533cddd4bda0037814beee657757329>@@V<lambda_47cffbaa968af5c721c38a4a6f8da44d>@@@?$__crt_seh_guarded_call@H@@QEAAH$$QEAV<lambda_4e3dbe6921bc0b5a1a6bc6573fdc859e>@@AEAV<lambda_5533cddd4bda0037814beee657757329>@@$$QEAV<lambda_47cffbaa968af5c721c38a4a6f8da44d>@@@Z 0000000180058b44     libucrtd:commit.obj
 0004:00002b50       $pdata$?fin$0@?0???$?RV<lambda_53fc7fc888e23d815d7080162c0aeeb2>@@AEAV<lambda_4e7105787b7b0e0227fbf2b2d883fa65>@@V<lambda_8ddc48ad9d26c778cb15812d1d88fc8a>@@@?$__crt_seh_guarded_call@H@@QEAAH$$QEAV<lambda_53fc7fc888e23d815d7080162c0aeeb2>@@AEAV<lambda_4e7105787b7b0e0227fbf2b2d883fa65>@@$$QEAV<lambda_8ddc48ad9d26c778cb15812d1d88fc8a>@@@Z@4HA 0000000180058b50     libucrtd:close.obj
 0004:00002b50       $pdata$?fin$0@?0???$?RV<lambda_4e3dbe6921bc0b5a1a6bc6573fdc859e>@@AEAV<lambda_5533cddd4bda0037814beee657757329>@@V<lambda_47cffbaa968af5c721c38a4a6f8da44d>@@@?$__crt_seh_guarded_call@H@@QEAAH$$QEAV<lambda_4e3dbe6921bc0b5a1a6bc6573fdc859e>@@AEAV<lambda_5533cddd4bda0037814beee657757329>@@$$QEAV<lambda_47cffbaa968af5c721c38a4a6f8da44d>@@@Z@4HA 0000000180058b50     libucrtd:commit.obj
 0004:00002b5c       $pdata$_write              0000000180058b5c     libucrtd:write.obj
 0004:00002b68       $pdata$_write$fin$0        0000000180058b68     libucrtd:write.obj
 0004:00002b74       $pdata$_write_nolock       0000000180058b74     libucrtd:write.obj
 0004:00002b80       $pdata$?write_requires_double_translation_nolock@@YA_NH@Z 0000000180058b80     libucrtd:write.obj
 0004:00002b8c       $pdata$?write_double_translated_ansi_nolock@@YA?AUwrite_result@?A0x17268360@@HQEBDI@Z 0000000180058b8c     libucrtd:write.obj
 0004:00002b98       $pdata$?write_double_translated_unicode_nolock@@YA?AUwrite_result@?A0x17268360@@QEBDI@Z 0000000180058b98     libucrtd:write.obj
 0004:00002ba4       $pdata$?write_text_ansi_nolock@@YA?AUwrite_result@?A0x17268360@@HQEBDI@Z 0000000180058ba4     libucrtd:write.obj
 0004:00002bb0       $pdata$?write_text_utf16le_nolock@@YA?AUwrite_result@?A0x17268360@@HQEBDI@Z 0000000180058bb0     libucrtd:write.obj
 0004:00002bbc       $pdata$?write_text_utf8_nolock@@YA?AUwrite_result@?A0x17268360@@HQEBDI@Z 0000000180058bbc     libucrtd:write.obj
 0004:00002bc8       $pdata$?write_binary_nolock@@YA?AUwrite_result@?A0x17268360@@HQEBDI@Z 0000000180058bc8     libucrtd:write.obj
 0004:00002bd4       $pdata$?__mbrtoc32_utf8@__crt_mbstring@@YA_KPEA_UPEBD_KPEAU_Mbstatet@@@Z 0000000180058bd4     libucrtd:mbrtoc32.obj
 0004:00002bec       $pdata$ceil                0000000180058bec     libucrtd:ceil.obj
 0004:00002bf8       $pdata$fegetenv            0000000180058bf8     libucrtd:fegetenv.obj
 0004:00002c04       $pdata$fesetenv            0000000180058c04     libucrtd:fesetenv.obj
 0004:00002c10       $pdata$feholdexcept        0000000180058c10     libucrtd:feholdexcept.obj
 0004:00002c1c       $pdata$_lseeki64_nolock    0000000180058c1c     libucrtd:lseek.obj
 0004:00002c28       $pdata$?common_lseek_do_seek_nolock@@YA_JQEAX_JH@Z 0000000180058c28     libucrtd:lseek.obj
 0004:00002c34       $pdata$??$common_lseek_nolock@_J@@YA_JH_JH@Z 0000000180058c34     libucrtd:lseek.obj
 0004:00002c40       $pdata$fclose              0000000180058c40     libucrtd:fclose.obj
 0004:00002c4c       $pdata$fclose$fin$0        0000000180058c4c     libucrtd:fclose.obj
 0004:00002c58       $pdata$_fclose_nolock      0000000180058c58     libucrtd:fclose.obj
 0004:00002c64       $pdata$?__wcsrtombs_utf8@__crt_mbstring@@YA_KPEADPEAPEB_W_KPEAU_Mbstatet@@@Z 0000000180058c64     libucrtd:wcrtomb.obj
 0004:00002c70       $pdata$_putwch_nolock      0000000180058c70     libucrtd:putwch.obj
 0004:00002c7c       $pdata$__acrt_initialize_fma3 0000000180058c7c     libucrtd:fma3_available.obj
 0004:00002c88       $pdata$_log_special_common 0000000180058c88     libucrtd:log_special.obj
 0004:00002c94       $pdata$_log10_special      0000000180058c94     libucrtd:log_special.obj
 0004:00002ca0       $pdata$_call_matherr       0000000180058ca0     libucrtd:libm_error.obj
 0004:00002cac       $pdata$_exception_enabled  0000000180058cac     libucrtd:libm_error.obj
 0004:00002cb8       $pdata$_handle_nan         0000000180058cb8     libucrtd:libm_error.obj
 0004:00002cc4       $pdata$_handle_error       0000000180058cc4     libucrtd:libm_error.obj
 0004:00002cd0       $pdata$_clearfp            0000000180058cd0     libucrtd:ieee.obj
 0004:00002cdc       $pdata$_abstract_sw        0000000180058cdc     libucrtd:ieee.obj
 0004:00002ce8       $pdata$_close              0000000180058ce8     libucrtd:close.obj
 0004:00002cf4       $pdata$_close_nolock       0000000180058cf4     libucrtd:close.obj
 0004:00002d00       $pdata$?close_os_handle_nolock@@YAKH@Z 0000000180058d00     libucrtd:close.obj
 0004:00002d0c       $pdata$??R<lambda_4e7105787b7b0e0227fbf2b2d883fa65>@@QEBAHXZ 0000000180058d0c     libucrtd:close.obj
 0004:00002d18       $pdata$??$__acrt_lowio_lock_fh_and_call@V<lambda_4e7105787b7b0e0227fbf2b2d883fa65>@@@@YAHH$$QEAV<lambda_4e7105787b7b0e0227fbf2b2d883fa65>@@@Z 0000000180058d18     libucrtd:close.obj
 0004:00002d24       $pdata$??$?RV<lambda_53fc7fc888e23d815d7080162c0aeeb2>@@AEAV<lambda_4e7105787b7b0e0227fbf2b2d883fa65>@@V<lambda_8ddc48ad9d26c778cb15812d1d88fc8a>@@@?$__crt_seh_guarded_call@H@@QEAAH$$QEAV<lambda_53fc7fc888e23d815d7080162c0aeeb2>@@AEAV<lambda_4e7105787b7b0e0227fbf2b2d883fa65>@@$$QEAV<lambda_8ddc48ad9d26c778cb15812d1d88fc8a>@@@Z 0000000180058d24     libucrtd:close.obj
 0004:00002d30       $pdata$?__acrt_stdio_free_stream@@YAXV__crt_stdio_stream@@@Z 0000000180058d30     libucrtd:stream.obj
 0004:00002d3c       $pdata$?__c16rtomb_utf8@__crt_mbstring@@YA_KPEAD_SPEAU_Mbstatet@@@Z 0000000180058d3c     libucrtd:c16rtomb.obj
 0004:00002d48       $pdata$?store_first_surrogate@?A0xc60ee810@@YAX_SPEAU_Mbstatet@@@Z 0000000180058d48     libucrtd:c16rtomb.obj
 0004:00002d54       $pdata$?has_surrogate@?A0xc60ee810@@YA_NPEAU_Mbstatet@@@Z 0000000180058d54     libucrtd:c16rtomb.obj
 0004:00002d60       $pdata$?is_first_surrogate@?A0xc60ee810@@YA_N_S@Z 0000000180058d60     libucrtd:c16rtomb.obj
 0004:00002d6c       $pdata$?is_second_surrogate@?A0xc60ee810@@YA_N_S@Z 0000000180058d6c     libucrtd:c16rtomb.obj
 0004:00002d78       $pdata$__dcrt_lowio_ensure_console_output_initialized 0000000180058d78     libucrtd:initcon.obj
 0004:00002d84       $pdata$__dcrt_write_console 0000000180058d84     libucrtd:initcon.obj
 0004:00002d90       $pdata$__dcrt_terminate_console_output 0000000180058d90     libucrtd:initcon.obj
 0004:00002d9c       $pdata$_set_errno_from_matherr 0000000180058d9c     libucrtd:fpexcept.obj
 0004:00002da8       $pdata$_raise_exc          0000000180058da8     libucrtd:fpexcept.obj
 0004:00002db4       $pdata$_raise_exc_ex       0000000180058db4     libucrtd:fpexcept.obj
 0004:00002dc0       $pdata$_clrfp              0000000180058dc0     libucrtd:fpctrl.obj
 0004:00002dcc       $pdata$_ctrlfp             0000000180058dcc     libucrtd:fpctrl.obj
 0004:00002dd8       $pdata$_ctrlfp$filt$0      0000000180058dd8     libucrtd:fpctrl.obj
 0004:00002de4       $pdata$_statfp             0000000180058de4     libucrtd:fpctrl.obj
 0004:00002df0       $pdata$_set_statfp         0000000180058df0     libucrtd:fpctrl.obj
 0004:00002e08       $pdata$_ValidateImageBase  0000000180058e08     LIBCMTD:pesect.obj
 0004:00002e14       $pdata$_FindPESection      0000000180058e14     LIBCMTD:pesect.obj
 0004:00002e20       $pdata$_IsNonwritableInCurrentImage 0000000180058e20     LIBCMTD:pesect.obj
 0004:00002e2c       $pdata$_IsNonwritableInCurrentImage$filt$0 0000000180058e2c     LIBCMTD:pesect.obj
 0004:00002e38       $pdata$??_Gtype_info@@UEAAPEAXI@Z 0000000180058e38     LIBCMTD:std_type_info_static.obj
 0004:00002e44       $pdata$??3@YAXPEAX_K@Z     0000000180058e44     LIBCMTD:delete_scalar_size.obj
 0004:00002e50       $pdata$__GSHandlerCheck_SEH 0000000180058e50     LIBCMTD:gshandlerseh.obj
 0004:00002e68       $pdata$__GSHandlerCheck_EH 0000000180058e68     LIBCMTD:gshandlereh.obj
 0004:00002e74       $pdata$??3@YAXPEAX@Z       0000000180058e74     LIBCMTD:delete_scalar.obj
 0004:00002e8c       $pdata$strrchr             0000000180058e8c     libvcruntimed:strrchr.obj
 0005:00000000       MoveSmall                  0000000180059000     libvcruntimed:memcpy.obj
 0005:00000050       MsetTab                    0000000180059050     libvcruntimed:memset.obj
