 handmade

 Timestamp is 5ec74ee9 (Thu May 21 22:02:49 2020)

 Preferred load address is 0000000180000000

 Start         Length     Name                   Class
 0001:00000000 00038c90H .text$mn                CODE
 0001:00038c90 00000020H .text$mn$00             CODE
 0001:00038cb0 0000068dH .text$x                 CODE
 0002:00000000 00000248H .idata$5                DATA
 0002:00000248 00000028H .00cfg                  DATA
 0002:00000270 00000008H .CRT$XCA                DATA
 0002:00000278 00000008H .CRT$XCZ                DATA
 0002:00000280 00000008H .CRT$XIA                DATA
 0002:00000288 00000018H .CRT$XIC                DATA
 0002:000002a0 00000008H .CRT$XIZ                DATA
 0002:000002a8 00000008H .CRT$XPA                DATA
 0002:000002b0 00000010H .CRT$XPX                DATA
 0002:000002c0 00000008H .CRT$XPXA               DATA
 0002:000002c8 00000008H .CRT$XPZ                DATA
 0002:000002d0 00000008H .CRT$XTA                DATA
 0002:000002d8 00000008H .CRT$XTZ                DATA
 0002:000002e0 00000000H .gfids$y                DATA
 0002:000002e0 000102b0H .rdata                  DATA
 0002:00010590 0000016cH .rdata$r                DATA
 0002:000106fc 000002f4H .rdata$zzzdbg           DATA
 0002:000109f0 00000008H .rtc$IAA                DATA
 0002:000109f8 00000008H .rtc$IZZ                DATA
 0002:00010a00 00000008H .rtc$TAA                DATA
 0002:00010a08 00000008H .rtc$TZZ                DATA
 0002:00010a10 000010e0H .xdata                  DATA
 0002:00011af0 00000090H .xdata$x                DATA
 0002:00011b80 00000074H .edata                  DATA
 0002:00011bf4 00000014H .idata$2                DATA
 0002:00011c08 00000018H .idata$3                DATA
 0002:00011c20 00000248H .idata$4                DATA
 0002:00011e68 00000554H .idata$6                DATA
 0003:00000000 00000a30H .data                   DATA
 0003:00000a30 00000070H .data$r                 DATA
 0003:00000aa0 00001868H .bss                    DATA
 0004:00000000 00002da8H .pdata                  DATA
 0005:00000000 00000094H _RDATA                  DATA

  Address         Publics by Value              Rva+Base               Lib:Object

 0000:00000000       __guard_longjmp_count      0000000000000000     <absolute>
 0000:00000000       __guard_fids_count         0000000000000000     <absolute>
 0000:00000000       __hybrid_code_map_count    0000000000000000     <absolute>
 0000:00000000       __guard_iat_table          0000000000000000     <absolute>
 0000:00000000       __hybrid_code_map          0000000000000000     <absolute>
 0000:00000000       __guard_iat_count          0000000000000000     <absolute>
 0000:00000000       __guard_eh_cont_count      0000000000000000     <absolute>
 0000:00000000       __volatile_metadata        0000000000000000     <absolute>
 0000:00000000       __guard_longjmp_table      0000000000000000     <absolute>
 0000:00000000       __guard_eh_cont_table      0000000000000000     <absolute>
 0000:00000000       __enclave_config           0000000000000000     <absolute>
 0000:00000000       __AbsoluteZero             0000000000000000     <absolute>
 0000:00000000       ___safe_se_handler_count   0000000000000000     <absolute>
 0000:00000000       ___safe_se_handler_table   0000000000000000     <absolute>
 0000:00000000       __guard_fids_table         0000000000000000     <absolute>
 0000:00000000       __hybrid_auxiliary_iat     0000000000000000     <absolute>
 0000:00000000       __dynamic_value_reloc_table 0000000000000000     <absolute>
 0000:00000100       __guard_flags              0000000000000100     <absolute>
 0000:00000000       __ImageBase                0000000180000000     <linker-defined>
 0001:000003e0       GameUpdateAndRender        00000001800013e0 f   handmade.obj
 0001:00002760       GameGetSoundSamples        0000000180003760 f   handmade.obj
 0001:000027a0       ?FloorReal32ToInt32@@YAHM@Z 00000001800037a0 f i handmade.obj
 0001:000027d0       ?GetChunkPositionFor@@YA?AUtile_chunk_position@@PEAUworld@@II@Z 00000001800037d0 f i handmade.obj
 0001:00002880       ?GetController@@YAPEAUgame_controller_input@@PEAUgame_input@@H@Z 0000000180003880 f i handmade.obj
 0001:000028d0       ?GetTileChunk@@YAPEAUtile_chunk@@PEAUworld@@HH@Z 00000001800038d0 f i handmade.obj
 0001:00002940       ?GetTileValue@@YAIPEAUworld@@PEAUtile_chunk@@II@Z 0000000180003940 f i handmade.obj
 0001:00002990       ?GetTileValueUnchecked@@YAIPEAUworld@@PEAUtile_chunk@@II@Z 0000000180003990 f i handmade.obj
 0001:00002a20       ?RecanonicalizeCoord@@YAXPEAUworld@@PEAIPEAM@Z 0000000180003a20 f i handmade.obj
 0001:00002ad0       ?RecanonicalizePosition@@YA?AUworld_position@@PEAUworld@@U1@@Z 0000000180003ad0 f i handmade.obj
 0001:00002b60       ?RoundReal32ToInt32@@YAHM@Z 0000000180003b60 f i handmade.obj
 0001:00002b90       ?RoundReal32ToUInt32@@YAIM@Z 0000000180003b90 f i handmade.obj
 0001:00002bc0       __GSHandlerCheck           0000000180003bc0 f   LIBCMTD:gshandler.obj
 0001:00002c00       __GSHandlerCheckCommon     0000000180003c00 f   LIBCMTD:gshandler.obj
 0001:00002d10       __chkstk                   0000000180003d10 f   LIBCMTD:chkstk.obj
 0001:00002d10       _alloca_probe              0000000180003d10 f   LIBCMTD:chkstk.obj
 0001:00002d80       __security_check_cookie    0000000180003d80 f   LIBCMTD:amdsecgs.obj
 0001:000031c0       _DllMainCRTStartup         00000001800041c0 f   LIBCMTD:dll_dllmain.obj
 0001:00003200       __raise_securityfailure    0000000180004200 f   LIBCMTD:gs_report.obj
 0001:00003240       __report_gsfailure         0000000180004240 f   LIBCMTD:gs_report.obj
 0001:00003320       __report_rangecheckfailure 0000000180004320 f   LIBCMTD:gs_report.obj
 0001:00003340       __report_securityfailure   0000000180004340 f   LIBCMTD:gs_report.obj
 0001:00003600       __security_init_cookie     0000000180004600 f   LIBCMTD:gs_support.obj
 0001:00003680       DllMain                    0000000180004680 f   LIBCMTD:dll_dllmain_stub.obj
 0001:000036a0       ?__scrt_initialize_type_info@@YAXXZ 00000001800046a0 f   LIBCMTD:tncleanup.obj
 0001:000036c0       ?__scrt_uninitialize_type_info@@YAXXZ 00000001800046c0 f   LIBCMTD:tncleanup.obj
 0001:000036e0       __local_stdio_printf_options 00000001800046e0 f i LIBCMTD:default_local_stdio_options.obj
 0001:000036f0       __local_stdio_scanf_options 00000001800046f0 f i LIBCMTD:default_local_stdio_options.obj
 0001:00003700       __scrt_initialize_default_local_stdio_options 0000000180004700 f   LIBCMTD:default_local_stdio_options.obj
 0001:00003750       ?configure_argv@__scrt_narrow_argv_policy@@SAHXZ 0000000180004750 f i LIBCMTD:utility.obj
 0001:00003840       ?initialize_environment@__scrt_narrow_environment_policy@@SAHXZ 0000000180004840 f i LIBCMTD:utility.obj
 0001:000038e0       NtCurrentTeb               00000001800048e0 f i LIBCMTD:utility.obj
 0001:000038f0       __scrt_acquire_startup_lock 00000001800048f0 f   LIBCMTD:utility.obj
 0001:00003960       __scrt_dllmain_after_initialize_c 0000000180004960 f   LIBCMTD:utility.obj
 0001:00003990       __scrt_dllmain_before_initialize_c 0000000180004990 f   LIBCMTD:utility.obj
 0001:000039b0       __scrt_dllmain_crt_thread_attach 00000001800049b0 f   LIBCMTD:utility.obj
 0001:000039e0       __scrt_dllmain_crt_thread_detach 00000001800049e0 f   LIBCMTD:utility.obj
 0001:00003a00       __scrt_dllmain_exception_filter 0000000180004a00 f   LIBCMTD:utility.obj
 0001:00003a70       __scrt_dllmain_uninitialize_c 0000000180004a70 f   LIBCMTD:utility.obj
 0001:00003aa0       __scrt_dllmain_uninitialize_critical 0000000180004aa0 f   LIBCMTD:utility.obj
 0001:00003ac0       __scrt_initialize_crt      0000000180004ac0 f   LIBCMTD:utility.obj
 0001:00003b10       __scrt_initialize_onexit_tables 0000000180004b10 f   LIBCMTD:utility.obj
 0001:00003c20       __scrt_is_nonwritable_in_current_image 0000000180004c20 f   LIBCMTD:utility.obj
 0001:00003cb0       __scrt_release_startup_lock 0000000180004cb0 f   LIBCMTD:utility.obj
 0001:00003ce0       __scrt_uninitialize_crt    0000000180004ce0 f   LIBCMTD:utility.obj
 0001:00003d20       __scrt_get_dyn_tls_init_callback 0000000180004d20 f   LIBCMTD:dyn_tls_init.obj
 0001:00003d30       __crt_debugger_hook        0000000180004d30 f   LIBCMTD:utility_desktop.obj
 0001:00003d40       __scrt_fastfail            0000000180004d40 f   LIBCMTD:utility_desktop.obj
 0001:00003ee0       _RTC_Initialize            0000000180004ee0 f   LIBCMTD:initsect.obj
 0001:00003f30       _RTC_Terminate             0000000180004f30 f   LIBCMTD:initsect.obj
 0001:00003f80       ??1?$__crt_simd_cleanup_guard@$0A@@@QEAA@XZ 0000000180004f80 f i libucrtd:strnlen.obj
 0001:00003f80       _guard_check_icall_nop     0000000180004f80 f i LIBCMTD:guard_support.obj
 0001:00003f80       ??1scoped_global_state_reset@__crt_state_management@@QEAA@XZ 0000000180004f80 f i libucrtd:onexit.obj
 0001:00003f90       ReadNoFence64              0000000180004f90 f i LIBCMTD:guard_support.obj
 0001:00003f90       ?__crt_interlocked_read_64@@YA_JPED_J@Z 0000000180004f90 f i libvcruntimed:std_type_info.obj
 0001:00003fb0       ??$__crt_interlocked_read_pointer@X@@YAPEAXPEDSEAX@Z 0000000180004fb0 f i libvcruntimed:winapi_downlevel.obj
 0001:00003fb0       ReadPointerNoFence         0000000180004fb0 f i LIBCMTD:guard_support.obj
 0001:00003fb0       ??$__crt_interlocked_read_pointer@UHINSTANCE__@@@@YAPEAUHINSTANCE__@@PEDSEAU0@@Z 0000000180004fb0 f i libvcruntimed:winapi_downlevel.obj
 0001:00003fd0       _guard_icall_checks_enforced 0000000180004fd0 f i LIBCMTD:guard_support.obj
 0001:00004010       __isa_available_init       0000000180005010 f   LIBCMTD:cpu_disp.obj
 0001:000043b0       _get_startup_argv_mode     00000001800053b0 f   LIBCMTD:argv_mode.obj
 0001:000043c0       __scrt_is_ucrt_dll_in_use  00000001800053c0 f   LIBCMTD:ucrt_detection.obj
 0001:000043f0       IsProcessorFeaturePresent  00000001800053f0 f   kernel32:KERNEL32.dll
 0001:00004400       __C_specific_handler       0000000180005400 f   libvcruntimed:riscchandler.obj
 0001:00004870       ??$?RU__acrt_ptd@@@__crt_internal_free_policy@@QEBAXQEBU__acrt_ptd@@@Z 0000000180005870 f i libucrtd:per_thread_data.obj
 0001:00004870       ??$?RU__crt_lowio_handle_data@@@__crt_internal_free_policy@@QEBAXQEBU__crt_lowio_handle_data@@@Z 0000000180005870 f i libucrtd:osfinfo.obj
 0001:00004870       ??$?RE@__crt_internal_free_policy@@QEBAXQEBE@Z 0000000180005870 f i libucrtd:argv_parsing.obj
 0001:00004870       ??$?RPEAU__crt_stdio_stream_data@@@__crt_internal_free_policy@@QEBAXQEBQEAU__crt_stdio_stream_data@@@Z 0000000180005870 f i libucrtd:_file.obj
 0001:00004870       ??$?RU__vcrt_ptd@@@__crt_internal_free_policy@@QEBAXQEBU__vcrt_ptd@@@Z 0000000180005870 f i libvcruntimed:per_thread_data.obj
 0001:00004870       ??$?RD@__crt_internal_free_policy@@QEBAXQEBD@Z 0000000180005870 f i libvcruntimed:std_type_info.obj
 0001:00004870       ??$?RPEAD@__crt_internal_free_policy@@QEBAXQEBQEAD@Z 0000000180005870 f i libucrtd:argv_parsing.obj
 0001:00004870       ??$?RU__crt_multibyte_data@@@__crt_internal_free_policy@@QEBAXQEBU__crt_multibyte_data@@@Z 0000000180005870 f i libucrtd:mbctype.obj
 0001:000048a0       ??0?$__crt_unique_heap_ptr@DU__crt_public_free_policy@@@@QEAA@QEAD@Z 00000001800058a0 f i libvcruntimed:std_exception.obj
 0001:000048a0       ??0__crt_stdio_stream@@QEAA@QEAU__crt_stdio_stream_data@@@Z 00000001800058a0 f i libucrtd:fflush.obj
 0001:000048a0       ??0?$__crt_unique_handle_t@U__crt_findfile_traits@@@@QEAA@QEAX@Z 00000001800058a0 f i libucrtd:argv_wildcards.obj
 0001:000048a0       ??0?$__crt_unique_heap_ptr@EU__crt_internal_free_policy@@@@QEAA@QEAE@Z 00000001800058a0 f i libucrtd:argv_parsing.obj
 0001:000048a0       ??0?$string_output_adapter@D@__crt_stdio_output@@QEAA@QEAU?$string_output_adapter_context@D@1@@Z 00000001800058a0 f i libucrtd:output.obj
 0001:000048a0       ??0?$__crt_unique_handle_t@U__crt_hmodule_traits@@@@QEAA@QEAUHINSTANCE__@@@Z 00000001800058a0 f i libucrtd:exit.obj
 0001:000048a0       ??0?$__crt_unique_heap_ptr@DU__crt_internal_free_policy@@@@QEAA@QEAD@Z 00000001800058a0 f i libvcruntimed:std_type_info.obj
 0001:000048a0       ??0?$__crt_unique_heap_ptr@U__acrt_ptd@@U__crt_internal_free_policy@@@@QEAA@QEAU__acrt_ptd@@@Z 00000001800058a0 f i libucrtd:per_thread_data.obj
 0001:000048a0       ??0?$string_output_adapter@_W@__crt_stdio_output@@QEAA@QEAU?$string_output_adapter_context@_W@1@@Z 00000001800058a0 f i libucrtd:output.obj
 0001:000048a0       ??0?$__crt_scoped_stack_ptr@_W@@QEAA@U?$__crt_scoped_stack_ptr_tag@_W@@@Z 00000001800058a0 f i libucrtd:getstringtypea.obj
 0001:000048a0       ??0?$__crt_unique_heap_ptr@U__crt_multibyte_data@@U__crt_internal_free_policy@@@@QEAA@QEAU__crt_multibyte_data@@@Z 00000001800058a0 f i libucrtd:mbctype.obj
 0001:000048a0       ??0__crt_stdio_stream@@QEAA@QEAU_iobuf@@@Z 00000001800058a0 f i libucrtd:output.obj
 0001:000048a0       ??0?$__crt_unique_heap_ptr@PEADU__crt_internal_free_policy@@@@QEAA@QEAPEAD@Z 00000001800058a0 f i libucrtd:argv_parsing.obj
 0001:000048a0       ??0?$__crt_unique_heap_ptr@U__crt_lowio_handle_data@@U__crt_internal_free_policy@@@@QEAA@QEAU__crt_lowio_handle_data@@@Z 00000001800058a0 f i libucrtd:osfinfo.obj
 0001:000048a0       ??0?$__crt_scoped_stack_ptr_tag@_W@@QEAA@QEA_W@Z 00000001800058a0 f i libucrtd:getstringtypea.obj
 0001:000048a0       ??0?$__crt_unique_heap_ptr@PEAU__crt_stdio_stream_data@@U__crt_internal_free_policy@@@@QEAA@QEAPEAU__crt_stdio_stream_data@@@Z 00000001800058a0 f i libucrtd:_file.obj
 0001:000048a0       ??0?$__crt_unique_heap_ptr@U__vcrt_ptd@@U__crt_internal_free_policy@@@@QEAA@QEAU__vcrt_ptd@@@Z 00000001800058a0 f i libvcruntimed:per_thread_data.obj
 0001:000048c0       ??1?$__crt_unique_heap_ptr@DU__crt_internal_free_policy@@@@QEAA@XZ 00000001800058c0 f i libvcruntimed:std_type_info.obj
 0001:000048c0       ??1?$__crt_unique_heap_ptr@U__crt_multibyte_data@@U__crt_internal_free_policy@@@@QEAA@XZ 00000001800058c0 f i libucrtd:mbctype.obj
 0001:000048c0       ??1?$__crt_unique_heap_ptr@PEAU__crt_stdio_stream_data@@U__crt_internal_free_policy@@@@QEAA@XZ 00000001800058c0 f i libucrtd:_file.obj
 0001:000048c0       ??1?$__crt_unique_heap_ptr@U__vcrt_ptd@@U__crt_internal_free_policy@@@@QEAA@XZ 00000001800058c0 f i libvcruntimed:per_thread_data.obj
 0001:000048c0       ??1?$__crt_unique_heap_ptr@EU__crt_internal_free_policy@@@@QEAA@XZ 00000001800058c0 f i libucrtd:argv_parsing.obj
 0001:000048c0       ??1?$__crt_unique_heap_ptr@PEADU__crt_internal_free_policy@@@@QEAA@XZ 00000001800058c0 f i libucrtd:argv_parsing.obj
 0001:000048c0       ??1?$__crt_unique_heap_ptr@U__acrt_ptd@@U__crt_internal_free_policy@@@@QEAA@XZ 00000001800058c0 f i libucrtd:per_thread_data.obj
 0001:000048c0       ??1?$__crt_unique_heap_ptr@U__crt_lowio_handle_data@@U__crt_internal_free_policy@@@@QEAA@XZ 00000001800058c0 f i libucrtd:osfinfo.obj
 0001:000048e0       ??B?$__crt_unique_heap_ptr@EU__crt_internal_free_policy@@@@QEBA_NXZ 00000001800058e0 f i libucrtd:argv_parsing.obj
 0001:000048e0       ??B?$__crt_unique_heap_ptr@DU__crt_public_free_policy@@@@QEBA_NXZ 00000001800058e0 f i libvcruntimed:std_exception.obj
 0001:000048e0       ??B?$__crt_unique_heap_ptr@DU__crt_internal_free_policy@@@@QEBA_NXZ 00000001800058e0 f i libvcruntimed:std_type_info.obj
 0001:000048e0       ??B?$__crt_unique_heap_ptr@U__crt_lowio_handle_data@@U__crt_internal_free_policy@@@@QEBA_NXZ 00000001800058e0 f i libucrtd:osfinfo.obj
 0001:000048e0       ??B?$__crt_unique_heap_ptr@U__vcrt_ptd@@U__crt_internal_free_policy@@@@QEBA_NXZ 00000001800058e0 f i libvcruntimed:per_thread_data.obj
 0001:000048e0       ??B?$__crt_unique_heap_ptr@U__acrt_ptd@@U__crt_internal_free_policy@@@@QEBA_NXZ 00000001800058e0 f i libucrtd:per_thread_data.obj
 0001:000048e0       ??B?$__crt_unique_heap_ptr@U__crt_multibyte_data@@U__crt_internal_free_policy@@@@QEBA_NXZ 00000001800058e0 f i libucrtd:mbctype.obj
 0001:00004900       ?get@?$__crt_unique_heap_ptr@U__acrt_ptd@@U__crt_internal_free_policy@@@@QEBAPEAU__acrt_ptd@@XZ 0000000180005900 f i libucrtd:per_thread_data.obj
 0001:00004900       ?get@?$__crt_unique_heap_ptr@U__crt_lowio_handle_data@@U__crt_internal_free_policy@@@@QEBAPEAU__crt_lowio_handle_data@@XZ 0000000180005900 f i libucrtd:osfinfo.obj
 0001:00004900       ?get@?$__crt_unique_handle_t@U__crt_hmodule_traits@@@@QEBAPEAUHINSTANCE__@@XZ 0000000180005900 f i libucrtd:exit.obj
 0001:00004900       ?get@?$__crt_unique_heap_ptr@DU__crt_public_free_policy@@@@QEBAPEADXZ 0000000180005900 f i libvcruntimed:std_exception.obj
 0001:00004900       ?public_stream@__crt_stdio_stream@@QEBAPEAU_iobuf@@XZ 0000000180005900 f i libucrtd:output.obj
 0001:00004900       ?get@?$__crt_unique_heap_ptr@U__vcrt_ptd@@U__crt_internal_free_policy@@@@QEBAPEAU__vcrt_ptd@@XZ 0000000180005900 f i libvcruntimed:per_thread_data.obj
 0001:00004900       ?save_state@?$c_string_character_source@_W@__crt_strtox@@QEBAPEB_WXZ 0000000180005900 f i libucrtd:atox.obj
 0001:00004900       ?get@?$__crt_unique_heap_ptr@U__crt_multibyte_data@@U__crt_internal_free_policy@@@@QEBAPEAU__crt_multibyte_data@@XZ 0000000180005900 f i libucrtd:mbctype.obj
 0001:00004900       ?save_state@?$c_string_character_source@D@__crt_strtox@@QEBAPEBDXZ 0000000180005900 f i libucrtd:atox.obj
 0001:00004900       ?get@?$__crt_unique_heap_ptr@PEADU__crt_internal_free_policy@@@@QEBAPEAPEADXZ 0000000180005900 f i libucrtd:argv_parsing.obj
 0001:00004900       ?get@?$__crt_unique_handle_t@U__crt_findfile_traits@@@@QEBAPEAXXZ 0000000180005900 f i libucrtd:argv_wildcards.obj
 0001:00004900       ?get@?$__crt_unique_heap_ptr@DU__crt_internal_free_policy@@@@QEBAPEADXZ 0000000180005900 f i libvcruntimed:std_type_info.obj
 0001:00004900       ??C__crt_stdio_stream@@QEBAPEAU__crt_stdio_stream_data@@XZ 0000000180005900 f i libucrtd:output.obj
 0001:00004900       ?get@?$__crt_scoped_stack_ptr@_W@@QEBAPEA_WXZ 0000000180005900 f i libucrtd:getstringtypea.obj
 0001:00004900       ?get@?$__crt_unique_heap_ptr@EU__crt_internal_free_policy@@@@QEBAPEAEXZ 0000000180005900 f i libucrtd:argv_parsing.obj
 0001:00004910       ?is_valid@?$__crt_unique_heap_ptr@U__crt_multibyte_data@@U__crt_internal_free_policy@@@@QEBA_NXZ 0000000180005910 f i libucrtd:mbctype.obj
 0001:00004910       ?is_valid@?$__crt_unique_heap_ptr@DU__crt_internal_free_policy@@@@QEBA_NXZ 0000000180005910 f i libvcruntimed:std_type_info.obj
 0001:00004910       ??B?$__crt_scoped_stack_ptr@_W@@QEBA_NXZ 0000000180005910 f i libucrtd:lcmapstringa.obj
 0001:00004910       ?is_valid@?$__crt_unique_heap_ptr@U__crt_lowio_handle_data@@U__crt_internal_free_policy@@@@QEBA_NXZ 0000000180005910 f i libucrtd:osfinfo.obj
 0001:00004910       ?is_valid@?$__crt_unique_heap_ptr@EU__crt_internal_free_policy@@@@QEBA_NXZ 0000000180005910 f i libucrtd:argv_parsing.obj
 0001:00004910       ?valid@__crt_stdio_stream@@QEBA_NXZ 0000000180005910 f i libucrtd:output.obj
 0001:00004910       ?is_valid@?$__crt_unique_heap_ptr@DU__crt_public_free_policy@@@@QEBA_NXZ 0000000180005910 f i libvcruntimed:std_exception.obj
 0001:00004910       ?is_valid@?$__crt_unique_heap_ptr@U__acrt_ptd@@U__crt_internal_free_policy@@@@QEBA_NXZ 0000000180005910 f i libucrtd:per_thread_data.obj
 0001:00004910       ?is_valid@?$__crt_unique_heap_ptr@U__vcrt_ptd@@U__crt_internal_free_policy@@@@QEBA_NXZ 0000000180005910 f i libvcruntimed:per_thread_data.obj
 0001:00004940       ?release@?$__crt_unique_heap_ptr@DU__crt_internal_free_policy@@@@QEAAXXZ 0000000180005940 f i libvcruntimed:std_type_info.obj
 0001:00004940       ?release@?$__crt_unique_heap_ptr@U__crt_multibyte_data@@U__crt_internal_free_policy@@@@QEAAXXZ 0000000180005940 f i libucrtd:mbctype.obj
 0001:00004940       ?release@?$__crt_unique_heap_ptr@PEADU__crt_internal_free_policy@@@@QEAAXXZ 0000000180005940 f i libucrtd:argv_parsing.obj
 0001:00004940       ?release@?$__crt_unique_heap_ptr@PEAU__crt_stdio_stream_data@@U__crt_internal_free_policy@@@@QEAAXXZ 0000000180005940 f i libucrtd:_file.obj
 0001:00004940       ?release@?$__crt_unique_heap_ptr@U__vcrt_ptd@@U__crt_internal_free_policy@@@@QEAAXXZ 0000000180005940 f i libvcruntimed:per_thread_data.obj
 0001:00004940       ?release@?$__crt_unique_heap_ptr@U__crt_lowio_handle_data@@U__crt_internal_free_policy@@@@QEAAXXZ 0000000180005940 f i libucrtd:osfinfo.obj
 0001:00004940       ?release@?$__crt_unique_heap_ptr@EU__crt_internal_free_policy@@@@QEAAXXZ 0000000180005940 f i libucrtd:argv_parsing.obj
 0001:00004940       ?release@?$__crt_unique_heap_ptr@U__acrt_ptd@@U__crt_internal_free_policy@@@@QEAAXXZ 0000000180005940 f i libucrtd:per_thread_data.obj
 0001:00004970       __std_type_info_compare    0000000180005970 f   libvcruntimed:std_type_info.obj
 0001:000049b0       __std_type_info_destroy_list 00000001800059b0 f   libvcruntimed:std_type_info.obj
 0001:00004a10       __vcrt_initialize          0000000180005a10 f   libvcruntimed:initialization.obj
 0001:00004a50       __vcrt_thread_attach       0000000180005a50 f   libvcruntimed:initialization.obj
 0001:00004a70       __vcrt_thread_detach       0000000180005a70 f   libvcruntimed:initialization.obj
 0001:00004a90       __vcrt_uninitialize        0000000180005a90 f   libvcruntimed:initialization.obj
 0001:00004ab0       __vcrt_uninitialize_critical 0000000180005ab0 f   libvcruntimed:initialization.obj
 0001:00004ad0       __DestructExceptionObject  0000000180005ad0 f   libvcruntimed:ehhelpers.obj
 0001:00004bd0       ?_CallMemberFunction0@@YAXQEAX0@Z 0000000180005bd0 f i libvcruntimed:ehhelpers.obj
 0001:00004ca0       _IsExceptionObjectToBeDestroyed 0000000180005ca0 f   libvcruntimed:ehhelpers.obj
 0001:00004cf0       __AdjustPointer            0000000180005cf0 f   libvcruntimed:ehhelpers.obj
 0001:00004d70       __FrameUnwindFilter        0000000180005d70 f   libvcruntimed:ehhelpers.obj
 0001:00004e30       _NLG_Notify                0000000180005e30 f   libvcruntimed:notify.obj
 0001:00004e50       __NLG_Dispatch2            0000000180005e50 f   libvcruntimed:notify.obj
 0001:00004e60       __NLG_Return2              0000000180005e60 f   libvcruntimed:notify.obj
 0001:00004e70       __except_validate_context_record 0000000180005e70 f   libvcruntimed:jbcxrval.obj
 0001:00004ed0       _vsprintf_s_l              0000000180005ed0 f i libvcruntimed:undname.obj
 0001:00004f40       sprintf_s                  0000000180005f40 f i libvcruntimed:undname.obj
 0001:00004fe0       ?detach@?$__crt_unique_heap_ptr@DU__crt_public_free_policy@@@@QEAAPEADXZ 0000000180005fe0 f i libvcruntimed:std_exception.obj
 0001:00004fe0       ?detach@?$__crt_unique_heap_ptr@U__vcrt_ptd@@U__crt_internal_free_policy@@@@QEAAPEAU__vcrt_ptd@@XZ 0000000180005fe0 f i libvcruntimed:per_thread_data.obj
 0001:00004fe0       ?detach@?$__crt_unique_heap_ptr@U__crt_lowio_handle_data@@U__crt_internal_free_policy@@@@QEAAPEAU__crt_lowio_handle_data@@XZ 0000000180005fe0 f i libucrtd:osfinfo.obj
 0001:00004fe0       ?detach@?$__crt_unique_heap_ptr@PEAU__crt_stdio_stream_data@@U__crt_internal_free_policy@@@@QEAAPEAPEAU__crt_stdio_stream_data@@XZ 0000000180005fe0 f i libucrtd:_file.obj
 0001:00004fe0       ?detach@?$__crt_unique_heap_ptr@U__acrt_ptd@@U__crt_internal_free_policy@@@@QEAAPEAU__acrt_ptd@@XZ 0000000180005fe0 f i libucrtd:per_thread_data.obj
 0001:00004fe0       ?detach@?$__crt_unique_heap_ptr@EU__crt_internal_free_policy@@@@QEAAPEAEXZ 0000000180005fe0 f i libucrtd:argv_parsing.obj
 0001:00004fe0       ?detach@?$__crt_unique_heap_ptr@U__crt_multibyte_data@@U__crt_internal_free_policy@@@@QEAAPEAU__crt_multibyte_data@@XZ 0000000180005fe0 f i libucrtd:mbctype.obj
 0001:00004fe0       ?detach@?$__crt_unique_heap_ptr@PEADU__crt_internal_free_policy@@@@QEAAPEAPEADXZ 0000000180005fe0 f i libucrtd:argv_parsing.obj
 0001:00005050       __vcrt_freefls             0000000180006050 f   libvcruntimed:per_thread_data.obj
 0001:00005090       __vcrt_freeptd             0000000180006090 f   libvcruntimed:per_thread_data.obj
 0001:000050f0       __vcrt_getptd              00000001800060f0 f   libvcruntimed:per_thread_data.obj
 0001:00005120       __vcrt_getptd_noexit       0000000180006120 f   libvcruntimed:per_thread_data.obj
 0001:000052c0       __vcrt_initialize_ptd      00000001800062c0 f   libvcruntimed:per_thread_data.obj
 0001:00005310       __vcrt_uninitialize_ptd    0000000180006310 f   libvcruntimed:per_thread_data.obj
 0001:00005340       __vcrt_initialize_locks    0000000180006340 f   libvcruntimed:locks.obj
 0001:000053b0       __vcrt_uninitialize_locks  00000001800063b0 f   libvcruntimed:locks.obj
 0001:00005420       memcpy_repmovs             0000000180006420 f   libvcruntimed:memcpy.obj
 0001:00005440       memmove                    0000000180006440 f   libvcruntimed:memcpy.obj
 0001:00005440       memcpy                     0000000180006440 f   libvcruntimed:memcpy.obj
 0001:00005820       ??$?0AEAViterator@TryBlockMap@__FrameHandler3@@AEAV012@$0A@@?$pair@Viterator@TryBlockMap@__FrameHandler3@@V123@@std@@QEAA@AEAViterator@TryBlockMap@__FrameHandler3@@0@Z 0000000180006820 f i libvcruntimed:risctrnsctrl.obj
 0001:00005930       ??$_CallSETranslator@V__FrameHandler3@@@@YAHPEAUEHExceptionRecord@@PEA_KPEAU_CONTEXT@@PEAU_xDISPATCHER_CONTEXT@@PEBU_s_FuncInfo@@K1@Z 0000000180006930 f i libvcruntimed:risctrnsctrl.obj
 0001:000059c0       ?debug_info@?$__crt_win32_buffer@_WU__crt_win32_buffer_internal_dynamic_resizing@@@@QEBAAEBV__crt_win32_buffer_empty_debug_info@@XZ 00000001800069c0 f i libucrtd:argv_wildcards.obj
 0001:000059c0       ?debug_info@?$__crt_win32_buffer@DU__crt_win32_buffer_internal_dynamic_resizing@@@@QEBAAEBV__crt_win32_buffer_empty_debug_info@@XZ 00000001800069c0 f i libucrtd:argv_wildcards.obj
 0001:000059c0       ??$forward@AEAViterator@TryBlockMap@__FrameHandler3@@@std@@YAAEAViterator@TryBlockMap@__FrameHandler3@@AEAV123@@Z 00000001800069c0 f i libvcruntimed:risctrnsctrl.obj
 0001:000059c0       ?get_address_of@?$__crt_unique_heap_ptr@PEADU__crt_internal_free_policy@@@@QEAAPEAPEAPEADXZ 00000001800069c0 f i libucrtd:argv_parsing.obj
 0001:000059c0       ?dangerous_get_state_array@?$dual_state_global@PEAU__crt_locale_data@@@__crt_state_management@@QEAAPEAPEAU__crt_locale_data@@XZ 00000001800069c0 f i libucrtd:per_thread_data.obj
 0001:000059c0       ?dangerous_get_state_array@?$dual_state_global@PEAE@__crt_state_management@@QEAAPEAPEAEXZ 00000001800069c0 f i libucrtd:mbctype.obj
 0001:000059c0       ?dangerous_get_state_array@?$dual_state_global@PEAU__crt_multibyte_data@@@__crt_state_management@@QEAAPEAPEAU__crt_multibyte_data@@XZ 00000001800069c0 f i libucrtd:mbctype.obj
 0001:000059c0       ?get_address_of@?$__crt_unique_handle_t@U__crt_hmodule_traits@@@@QEAAPEAPEAUHINSTANCE__@@XZ 00000001800069c0 f i libucrtd:exit.obj
 0001:000059c0       ?debug_info@?$__crt_win32_buffer@DU__crt_win32_buffer_no_resizing@@@@QEBAAEBV__crt_win32_buffer_empty_debug_info@@XZ 00000001800069c0 f i libucrtd:getmodulefilenamea.obj
 0001:000059c0       ?dangerous_get_state_array@?$dual_state_global@P6AXPEB_W00I_K@Z@__crt_state_management@@QEAAPEAP6AXPEB_W00I_K@ZXZ 00000001800069c0 f i libucrtd:invalid_parameter.obj
 0001:000059d0       ??0iterator@TryBlockMap@__FrameHandler3@@QEAA@AEAV12@I@Z 00000001800069d0 f i libvcruntimed:risctrnsctrl.obj
 0001:000059d0       ??0iterator@HandlerMap@__FrameHandler3@@QEAA@AEAV12@I@Z 00000001800069d0 f i libvcruntimed:frame.obj
 0001:00005a00       ?CatchTryBlock@__FrameHandler3@@SAPEBU_s_TryBlockMapEntry@@PEBU_s_FuncInfo@@H@Z 0000000180006a00 f   libvcruntimed:risctrnsctrl.obj
 0001:00005a90       ?ExecutionInCatch@__FrameHandler3@@SA_NPEAU_xDISPATCHER_CONTEXT@@PEBU_s_FuncInfo@@@Z 0000000180006a90 f   libvcruntimed:risctrnsctrl.obj
 0001:00005ae0       ?FrameUnwindToEmptyState@__FrameHandler3@@SAXPEA_KPEAU_xDISPATCHER_CONTEXT@@PEBU_s_FuncInfo@@@Z 0000000180006ae0 f   libvcruntimed:risctrnsctrl.obj
 0001:00005b80       ?GetEstablisherFrame@__FrameHandler3@@SAPEA_KPEA_KPEAU_xDISPATCHER_CONTEXT@@PEBU_s_FuncInfo@@0@Z 0000000180006b80 f   libvcruntimed:risctrnsctrl.obj
 0001:00005cf0       ?GetRangeOfTrysToCheck@__FrameHandler3@@SA?AU?$pair@Viterator@TryBlockMap@__FrameHandler3@@V123@@std@@AEAVTryBlockMap@1@HPEAU_xDISPATCHER_CONTEXT@@PEBU_s_FuncInfo@@H@Z 0000000180006cf0 f   libvcruntimed:risctrnsctrl.obj
 0001:00005f30       ?UnwindNestedFrames@__FrameHandler3@@SAXPEA_KPEAUEHExceptionRecord@@PEAU_CONTEXT@@0PEAXPEBU_s_FuncInfo@@HHPEBU_s_HandlerType@@PEAU_xDISPATCHER_CONTEXT@@E@Z 0000000180006f30 f   libvcruntimed:risctrnsctrl.obj
 0001:000060a0       _CreateFrameInfo           00000001800070a0 f   libvcruntimed:risctrnsctrl.obj
 0001:00006110       _FindAndUnlinkFrame        0000000180007110 f   libvcruntimed:risctrnsctrl.obj
 0001:00006190       _GetImageBase              0000000180007190 f   libvcruntimed:risctrnsctrl.obj
 0001:000061b0       _GetThrowImageBase         00000001800071b0 f   libvcruntimed:risctrnsctrl.obj
 0001:000061d0       _SetImageBase              00000001800071d0 f   libvcruntimed:risctrnsctrl.obj
 0001:000061f0       _SetThrowImageBase         00000001800071f0 f   libvcruntimed:risctrnsctrl.obj
 0001:00006210       __CxxFrameHandler3         0000000180007210 f   libvcruntimed:risctrnsctrl.obj
 0001:000062f0       ??$__crt_interlocked_exchange_pointer@UHINSTANCE__@@PEAU1@@@YAPEAUHINSTANCE__@@PEDSEAU0@QEAU0@@Z 00000001800072f0 f i libvcruntimed:winapi_downlevel.obj
 0001:000062f0       ??$__crt_interlocked_exchange_pointer@UHINSTANCE__@@PEAX@@YAPEAUHINSTANCE__@@PEDSEAU0@QEAX@Z 00000001800072f0 f i libvcruntimed:winapi_downlevel.obj
 0001:000062f0       ??$__crt_interlocked_exchange_pointer@XPEAX@@YAPEAXPEDSEAXQEAX@Z 00000001800072f0 f i libvcruntimed:winapi_downlevel.obj
 0001:00006310       ?get_invalid_value@__crt_findfile_traits@@SAPEAXXZ 0000000180007310 f   libucrtd:argv_wildcards.obj
 0001:00006800       __vcrt_FlsAlloc            0000000180007800 f   libvcruntimed:winapi_downlevel.obj
 0001:00006850       __vcrt_FlsFree             0000000180007850 f   libvcruntimed:winapi_downlevel.obj
 0001:000068a0       __vcrt_FlsGetValue         00000001800078a0 f   libvcruntimed:winapi_downlevel.obj
 0001:000068f0       __vcrt_FlsSetValue         00000001800078f0 f   libvcruntimed:winapi_downlevel.obj
 0001:00006950       __vcrt_InitializeCriticalSectionEx 0000000180007950 f   libvcruntimed:winapi_downlevel.obj
 0001:000069c0       ?GetCurrentState@__FrameHandler3@@SAHPEA_KPEAU_xDISPATCHER_CONTEXT@@PEBU_s_FuncInfo@@@Z 00000001800079c0 f   libvcruntimed:ehstate.obj
 0001:00006a20       ?GetUnwindTryBlock@__FrameHandler3@@SAHPEA_KPEAU_xDISPATCHER_CONTEXT@@PEBU_s_FuncInfo@@@Z 0000000180007a20 f   libvcruntimed:ehstate.obj
 0001:00006a70       ?SetState@__FrameHandler3@@SAXPEA_KPEBU_s_FuncInfo@@H@Z 0000000180007a70 f   libvcruntimed:ehstate.obj
 0001:00006aa0       ?SetUnwindTryBlock@__FrameHandler3@@SAXPEA_KPEAU_xDISPATCHER_CONTEXT@@PEBU_s_FuncInfo@@H@Z 0000000180007aa0 f   libvcruntimed:ehstate.obj
 0001:00006b10       ?StateFromControlPc@__FrameHandler3@@SAHPEBU_s_FuncInfo@@PEAU_xDISPATCHER_CONTEXT@@@Z 0000000180007b10 f   libvcruntimed:ehstate.obj
 0001:00006b50       ?StateFromIp@__FrameHandler3@@SAHPEBU_s_FuncInfo@@PEAU_xDISPATCHER_CONTEXT@@_K@Z 0000000180007b50 f   libvcruntimed:ehstate.obj
 0001:00006c40       ?__RVAtoRealOffset@@YA_KPEAU_xDISPATCHER_CONTEXT@@H@Z 0000000180007c40 f i libvcruntimed:ehstate.obj
 0001:00007e10       ??$TypeMatchHelper@V__FrameHandler3@@@@YAHPEBU_s_HandlerType@@PEBU_s_CatchableType@@PEBU_s_ThrowInfo@@@Z 0000000180008e10 f i libvcruntimed:frame.obj
 0001:00008010       ??$__InternalCxxFrameHandler@V__FrameHandler3@@@@YA?AW4_EXCEPTION_DISPOSITION@@PEAUEHExceptionRecord@@PEA_KPEAU_CONTEXT@@PEAU_xDISPATCHER_CONTEXT@@PEBU_s_FuncInfo@@H1E@Z 0000000180009010 f i libvcruntimed:frame.obj
 0001:00008480       ??0HandlerMap@__FrameHandler3@@QEAA@PEBU_s_TryBlockMapEntry@@_KI@Z 0000000180009480 f i libvcruntimed:frame.obj
 0001:000084d0       ??0TryBlockMap@__FrameHandler3@@QEAA@PEBU_s_FuncInfo@@_K@Z 00000001800094d0 f i libvcruntimed:frame.obj
 0001:00008500       ??0bad_exception@std@@QEAA@AEBV01@@Z 0000000180009500 f i libvcruntimed:frame.obj
 0001:00008540       ??0bad_exception@std@@QEAA@XZ 0000000180009540 f i libvcruntimed:frame.obj
 0001:00008580       ??0exception@std@@QEAA@AEBV01@@Z 0000000180009580 f i libvcruntimed:frame.obj
 0001:000085e0       ??0exception@std@@QEAA@QEBDH@Z 00000001800095e0 f i libvcruntimed:frame.obj
 0001:00008630       ??1bad_exception@std@@UEAA@XZ 0000000180009630 f i libvcruntimed:frame.obj
 0001:00008650       ??1exception@std@@UEAA@XZ  0000000180009650 f i libvcruntimed:frame.obj
 0001:00008680       ??8iterator@HandlerMap@__FrameHandler3@@QEBA_NAEBV012@@Z 0000000180009680 f i libvcruntimed:frame.obj
 0001:000086c0       ??8type_info@@QEBA_NAEBV0@@Z 00000001800096c0 f i libvcruntimed:frame.obj
 0001:00008710       ??9iterator@HandlerMap@__FrameHandler3@@QEBA_NAEBV012@@Z 0000000180009710 f i libvcruntimed:frame.obj
 0001:00008750       ??Diterator@HandlerMap@__FrameHandler3@@QEAA?BU_s_HandlerType@@XZ 0000000180009750 f i libvcruntimed:frame.obj
 0001:00008790       ??Diterator@TryBlockMap@__FrameHandler3@@QEAA?BU_s_TryBlockMapEntry@@XZ 0000000180009790 f i libvcruntimed:frame.obj
 0001:000087e0       ??Eiterator@TryBlockMap@__FrameHandler3@@QEAAAEAV012@XZ 00000001800097e0 f i libvcruntimed:frame.obj
 0001:000087e0       ??Eiterator@HandlerMap@__FrameHandler3@@QEAAAEAV012@XZ 00000001800097e0 f i libvcruntimed:frame.obj
 0001:00008800       ??Miterator@TryBlockMap@__FrameHandler3@@QEBA_NAEBV012@@Z 0000000180009800 f i libvcruntimed:frame.obj
 0001:00008840       ??_Ebad_exception@std@@UEAAPEAXI@Z 0000000180009840 f i libvcruntimed:frame.obj
 0001:00008840       ??_Gbad_exception@std@@UEAAPEAXI@Z 0000000180009840 f i libvcruntimed:frame.obj
 0001:00008880       ??_Gexception@std@@UEAAPEAXI@Z 0000000180009880 f i libvcruntimed:frame.obj
 0001:00008880       ??_Eexception@std@@UEAAPEAXI@Z 0000000180009880 f i libvcruntimed:frame.obj
 0001:000088c0       ?BuildCatchObject@__FrameHandler3@@SAXPEAUEHExceptionRecord@@PEAXPEBU_s_HandlerType@@PEBU_s_CatchableType@@@Z 00000001800098c0 f   libvcruntimed:frame.obj
 0001:00008900       ?CxxCallCatchBlock@__FrameHandler3@@SAPEAXPEAU_EXCEPTION_RECORD@@@Z 0000000180009900 f   libvcruntimed:frame.obj
 0001:00008c60       ?FrameUnwindToState@__FrameHandler3@@SAXPEA_KPEAU_xDISPATCHER_CONTEXT@@PEBU_s_FuncInfo@@H@Z 0000000180009c60 f   libvcruntimed:frame.obj
 0001:00008eb0       ?GetHandlerSearchState@__FrameHandler3@@SAHPEA_KPEAU_xDISPATCHER_CONTEXT@@PEBU_s_FuncInfo@@@Z 0000000180009eb0 f i libvcruntimed:frame.obj
 0001:00008f60       ?GetMaxState@__FrameHandler3@@SAHPEAU_xDISPATCHER_CONTEXT@@PEBU_s_FuncInfo@@@Z 0000000180009f60 f i libvcruntimed:frame.obj
 0001:00009160       ?TypeMatch@__FrameHandler3@@SAHPEBU_s_HandlerType@@PEBU_s_CatchableType@@PEBU_s_ThrowInfo@@@Z 000000018000a160 f   libvcruntimed:frame.obj
 0001:00009160       __TypeMatch                000000018000a160 f   libvcruntimed:frame.obj
 0001:00009190       ?_CallMemberFunction1@@YAXQEAX00@Z 000000018000a190 f i libvcruntimed:frame.obj
 0001:000091d0       ?_CallMemberFunction2@@YAXQEAX00H@Z 000000018000a1d0 f i libvcruntimed:frame.obj
 0001:00009260       ?begin@HandlerMap@__FrameHandler3@@QEAA?AViterator@12@XZ 000000018000a260 f i libvcruntimed:frame.obj
 0001:00009290       ?end@HandlerMap@__FrameHandler3@@QEAA?AViterator@12@XZ 000000018000a290 f i libvcruntimed:frame.obj
 0001:000092c0       ?getESTypes@__FrameHandler3@@SAPEBU_s_ESTypeList@@PEBU_s_FuncInfo@@@Z 000000018000a2c0 f i libvcruntimed:frame.obj
 0001:00009300       ?getLastEntry@HandlerMap@__FrameHandler3@@QEAAPEBU_s_HandlerType@@XZ 000000018000a300 f i libvcruntimed:frame.obj
 0001:00009320       ?getMagicNum@__FrameHandler3@@SAIPEBU_s_FuncInfo@@@Z 000000018000a320 f i libvcruntimed:frame.obj
 0001:00009340       ?getNumTryBlocks@TryBlockMap@__FrameHandler3@@QEAAIXZ 000000018000a340 f i libvcruntimed:frame.obj
 0001:00009360       ?isEHs@__FrameHandler3@@SA_NPEBU_s_FuncInfo@@@Z 000000018000a360 f i libvcruntimed:frame.obj
 0001:000093a0       ?isNoExcept@__FrameHandler3@@SA_NPEBU_s_FuncInfo@@@Z 000000018000a3a0 f i libvcruntimed:frame.obj
 0001:000093e0       ?what@exception@std@@UEBAPEBDXZ 000000018000a3e0 f i libvcruntimed:frame.obj
 0001:00009420       __vcrt_EncodePointer       000000018000a420 f i libvcruntimed:frame.obj
 0001:00009450       memset_repmovs             000000018000a450 f   libvcruntimed:memset.obj
 0001:00009470       memset                     000000018000a470 f   libvcruntimed:memset.obj
 0001:00009610       _CallSettingFrame          000000018000a610 f   libvcruntimed:handlers.obj
 0001:00009660       _CallSettingFrame_LookupContinuationIndex 000000018000a660 f   libvcruntimed:handlers.obj
 0001:00009690       _CallSettingFrame_NotifyContinuationAddr 000000018000a690 f   libvcruntimed:handlers.obj
 0001:000096c0       _CallSettingFrameEncoded   000000018000a6c0 f   libvcruntimed:handlers.obj
 0001:00009710       ??$?RD@__crt_public_free_policy@@QEBAXQEBD@Z 000000018000a710 f i libvcruntimed:std_exception.obj
 0001:00009730       ??1?$__crt_unique_heap_ptr@DU__crt_public_free_policy@@@@QEAA@XZ 000000018000a730 f i libvcruntimed:std_exception.obj
 0001:00009750       ?release@?$__crt_unique_heap_ptr@DU__crt_public_free_policy@@@@QEAAXXZ 000000018000a750 f i libvcruntimed:std_exception.obj
 0001:00009780       __std_exception_copy       000000018000a780 f   libvcruntimed:std_exception.obj
 0001:000098c0       __std_exception_destroy    000000018000a8c0 f   libvcruntimed:std_exception.obj
 0001:00009900       _CxxThrowException         000000018000a900 f   libvcruntimed:throw.obj
 0001:00009a30       floorf                     000000018000aa30 f   libucrtd:floorf.obj
 0001:00009b80       _initterm                  000000018000ab80 f   libucrtd:initterm.obj
 0001:00009be0       _initterm_e                000000018000abe0 f   libucrtd:initterm.obj
 0001:00009cd0       _seh_filter_dll            000000018000acd0 f   libucrtd:exception_filter.obj
 0001:00009d00       _seh_filter_exe            000000018000ad00 f   libucrtd:exception_filter.obj
 0001:00009fa0       ??$?B$$A6AXH@Z@__crt_fast_encoded_nullptr_t@@QEBAP6AXH@ZXZ 000000018000afa0 f i libucrtd:signal.obj
 0001:00009fa0       ??$?B$$A6AXPEAXK0@Z@__crt_fast_encoded_nullptr_t@@QEBAP6AXPEAXK0@ZXZ 000000018000afa0 f i libucrtd:exit.obj
 0001:00009fa0       ??$?BP6AXXZ@__crt_fast_encoded_nullptr_t@@QEBAPEAP6AXXZXZ 000000018000afa0 f i libucrtd:onexit.obj
 0001:00009fa0       ??$?BX@__crt_fast_encoded_nullptr_t@@QEBAPEAXXZ 000000018000afa0 f i libucrtd:initialization.obj
 0001:00009fa0       ??$?B$$A6AXXZ@__crt_fast_encoded_nullptr_t@@QEBAP6AXXZXZ 000000018000afa0 f i libucrtd:onexit.obj
 0001:0000a050       ??$__crt_fast_decode_pointer@P6AXPEB_W00I_K@Z@@YAP6AXPEB_W00I_K@ZQ6AX000I1@Z@Z 000000018000b050 f i libucrtd:invalid_parameter.obj
 0001:0000a050       ??$__crt_fast_decode_pointer@P6AXH@Z@@YAP6AXH@ZQ6AXH@Z@Z 000000018000b050 f i libucrtd:signal.obj
 0001:0000a050       ??$__crt_fast_decode_pointer@P6AHPEAU_exception@@@Z@@YAP6AHPEAU_exception@@@ZQ6AH0@Z@Z 000000018000b050 f i libucrtd:matherr.obj
 0001:0000a050       ??$__crt_fast_decode_pointer@PEAX@@YAPEAXQEAX@Z 000000018000b050 f i libucrtd:winapi_thunks.obj
 0001:0000a050       ??$__crt_fast_decode_pointer@P6AXPEAXK0@Z@@YAP6AXPEAXK0@ZQ6AX0K0@Z@Z 000000018000b050 f i libucrtd:exit.obj
 0001:0000a050       ??$__crt_fast_decode_pointer@P6AH_K@Z@@YAP6AH_K@ZQ6AH0@Z@Z 000000018000b050 f i libucrtd:new_handler.obj
 0001:0000a050       ??$__crt_fast_decode_pointer@P6AXXZ@@YAP6AXXZQ6AXXZ@Z 000000018000b050 f i libucrtd:onexit.obj
 0001:0000a050       ??$__crt_fast_decode_pointer@PEAP6AXXZ@@YAPEAP6AXXZQEAP6AXXZ@Z 000000018000b050 f i libucrtd:onexit.obj
 0001:0000a090       ??$__crt_fast_encode_pointer@P6AXPEAXK0@Z@@YAP6AXPEAXK0@ZQ6AX0K0@Z@Z 000000018000b090 f i libucrtd:exit.obj
 0001:0000a090       ??$__crt_fast_encode_pointer@P6AXH@Z@@YAP6AXH@ZQ6AXH@Z@Z 000000018000b090 f i libucrtd:signal.obj
 0001:0000a090       ??$__crt_fast_encode_pointer@PEAP6AXXZ@@YAPEAP6AXXZQEAP6AXXZ@Z 000000018000b090 f i libucrtd:onexit.obj
 0001:0000a090       ??$__crt_fast_encode_pointer@PEAX@@YAPEAXQEAX@Z 000000018000b090 f i libucrtd:initialization.obj
 0001:0000a090       ??$__crt_fast_encode_pointer@P6AXXZ@@YAP6AXXZQ6AXXZ@Z 000000018000b090 f i libucrtd:onexit.obj
 0001:0000a0d0       ??$__crt_get_proc_address@P6AXI@Z@@YAP6AXI@ZQEAUHINSTANCE__@@QEBD@Z 000000018000b0d0 f i libucrtd:exit.obj
 0001:0000a100       ??$__crt_interlocked_read@J@@YAJPEDJ@Z 000000018000b100 f i libucrtd:exit.obj
 0001:0000a190       ??1?$__crt_unique_handle_t@U__crt_hmodule_traits@@@@QEAA@XZ 000000018000b190 f i libucrtd:exit.obj
 0001:0000a2f0       ?__acrt_select_exit_lock@@YA?AW4__acrt_lock_id@@XZ 000000018000b2f0 f i libucrtd:exit.obj
 0001:0000a300       ?__crt_fast_encode_pointer@@YA?AU__crt_fast_encoded_nullptr_t@@$$T@Z 000000018000b300 f i libucrtd:exit.obj
 0001:0000a320       ?__crt_interlocked_read_32@@YAHPEDH@Z 000000018000b320 f i libucrtd:exit.obj
 0001:0000a340       ?__crt_rotate_pointer_value@@YA_K_KH@Z 000000018000b340 f i libucrtd:exit.obj
 0001:0000a380       ?close@?$__crt_unique_handle_t@U__crt_hmodule_traits@@@@QEAAXXZ 000000018000b380 f i libucrtd:exit.obj
 0001:0000a3c0       ?close@__crt_hmodule_traits@@SA_NPEAUHINSTANCE__@@@Z 000000018000b3c0 f i libucrtd:exit.obj
 0001:0000a4d0       ?get_invalid_value@__crt_hmodule_traits@@SAPEAUHINSTANCE__@@XZ 000000018000b4d0 f i libucrtd:exit.obj
 0001:0000a4d0       ?get_current_state_index@__crt_state_management@@YA_KXZ 000000018000b4d0 f i libucrtd:environment_initialization.obj
 0001:0000a690       __acrt_initialize_thread_local_exit_callback 000000018000b690 f   libucrtd:exit.obj
 0001:0000a6b0       _cexit                     000000018000b6b0 f   libucrtd:exit.obj
 0001:0000a6d0       _exit                      000000018000b6d0 f   libucrtd:exit.obj
 0001:0000a6f0       _is_c_termination_complete 000000018000b6f0 f   libucrtd:exit.obj
 0001:0000aaa0       ??$get_module_file_name@AEAPEAUHINSTANCE__@@AEAY0BAF@DK@?$__crt_char_traits@D@@SAKAEAPEAUHINSTANCE__@@AEAY0BAF@D$$QEAK@Z 000000018000baa0 f i libucrtd:dbgrpt.obj
 0001:0000aaa0       ??$get_module_file_name@$$TAEAY0BAF@DH@?$__crt_char_traits@D@@SAK$$QEA$$TAEAY0BAF@D$$QEAH@Z 000000018000baa0 f i libucrtd:argv_parsing.obj
 0001:0000af70       ??$set_program_name@PEAD@?$__crt_char_traits@D@@SAX$$QEAPEAD@Z 000000018000bf70 f i libucrtd:argv_parsing.obj
 0001:0000b0a0       __acrt_allocate_buffer_for_argv 000000018000c0a0 f   libucrtd:argv_parsing.obj
 0001:0000b1c0       _configure_narrow_argv     000000018000c1c0 f   libucrtd:argv_parsing.obj
 0001:0000b1e0       _set_pgmptr                000000018000c1e0 f i libucrtd:argv_parsing.obj
 0001:0000b410       ??$tcslen@AEAPEAD@?$__crt_char_traits@D@@SA_KAEAPEAD@Z 000000018000c410 f i libucrtd:environment_initialization.obj
 0001:0000b45c       ??B?$__crt_unique_heap_ptr@PEADU__crt_internal_free_policy@@@@QEBA_NXZ 000000018000c45c f i libucrtd:environment_initialization.obj
 0001:0000b464       ?detach@?$__crt_unique_heap_ptr@DU__crt_internal_free_policy@@@@QEAAPEADXZ 000000018000c464 f i libucrtd:environment_initialization.obj
 0001:0000b46c       __dcrt_uninitialize_environments_nolock 000000018000c46c f   libucrtd:environment_initialization.obj
 0001:0000b4a4       _initialize_narrow_environment 000000018000c4a4 f   libucrtd:environment_initialization.obj
 0001:0000b4ac       _invoke_watson_if_error    000000018000c4ac f i libucrtd:environment_initialization.obj
 0001:0000b7b0       _execute_onexit_table      000000018000c7b0 f   libucrtd:onexit.obj
 0001:0000b7f0       _initialize_onexit_table   000000018000c7f0 f   libucrtd:onexit.obj
 0001:0000b8c0       __acrt_uninitialize_command_line 000000018000c8c0 f   libucrtd:argv_data.obj
 0001:0000bb30       ?initialize@?$dual_state_global@P6AHPEAU_exception@@@Z@__crt_state_management@@QEAAXQ6AHPEAU_exception@@@Z@Z 000000018000cb30 f i libucrtd:matherr.obj
 0001:0000bb30       ?initialize@?$dual_state_global@P6AXH@Z@__crt_state_management@@QEAAXQ6AXH@Z@Z 000000018000cb30 f i libucrtd:signal.obj
 0001:0000bb30       ?initialize@?$dual_state_global@PEAU__crt_multibyte_data@@@__crt_state_management@@QEAAXQEAU__crt_multibyte_data@@@Z 000000018000cb30 f i libucrtd:mbctype.obj
 0001:0000bb30       ?initialize@?$dual_state_global@PEAU__crt_locale_data@@@__crt_state_management@@QEAAXQEAU__crt_locale_data@@@Z 000000018000cb30 f i libucrtd:initialization.obj
 0001:0000bb30       ?initialize@?$dual_state_global@P6AH_K@Z@__crt_state_management@@QEAAXQ6AH_K@Z@Z 000000018000cb30 f i libucrtd:new_handler.obj
 0001:0000bb80       __acrt_initialize          000000018000cb80 f   libucrtd:initialization.obj
 0001:0000bbb0       __acrt_thread_attach       000000018000cbb0 f   libucrtd:initialization.obj
 0001:0000bbd0       __acrt_thread_detach       000000018000cbd0 f   libucrtd:initialization.obj
 0001:0000bbe0       __acrt_uninitialize        000000018000cbe0 f   libucrtd:initialization.obj
 0001:0000bc10       __acrt_uninitialize_critical 000000018000cc10 f   libucrtd:initialization.obj
 0001:0000bc30       terminate                  000000018000cc30 f   libucrtd:terminate.obj
 0001:0000bc70       ??0_LocaleUpdate@@QEAA@QEAU__crt_locale_pointers@@@Z 000000018000cc70 f i libucrtd:debug_heap.obj
 0001:0000bd90       ??1_LocaleUpdate@@QEAA@XZ  000000018000cd90 f i libucrtd:debug_heap.obj
 0001:0000bdd0       ?GetLocaleT@_LocaleUpdate@@QEAAPEAU__crt_locale_pointers@@XZ 000000018000cdd0 f i libucrtd:debug_heap.obj
 0001:0000ddb0       _CrtCheckMemory            000000018000edb0 f   libucrtd:debug_heap.obj
 0001:0000df40       _CrtDumpMemoryLeaks        000000018000ef40 f   libucrtd:debug_heap.obj
 0001:0000e000       _CrtIsValidHeapPointer     000000018000f000 f   libucrtd:debug_heap.obj
 0001:0000e040       _CrtIsValidPointer         000000018000f040 f   libucrtd:debug_heap.obj
 0001:0000e080       _CrtMemCheckpoint          000000018000f080 f   libucrtd:debug_heap.obj
 0001:0000e300       _CrtMemDumpAllObjectsSince 000000018000f300 f   libucrtd:debug_heap.obj
 0001:0000e360       _CrtSetDbgFlag             000000018000f360 f   libucrtd:debug_heap.obj
 0001:0000e4c0       _CrtSetDumpClient          000000018000f4c0 f   libucrtd:debug_heap.obj
 0001:0000e4f0       __acrt_get_locale_data_prefix 000000018000f4f0 f i libucrtd:debug_heap.obj
 0001:0000e510       __acrt_locale_changed      000000018000f510 f i libucrtd:debug_heap.obj
 0001:0000e540       _calloc_dbg                000000018000f540 f   libucrtd:debug_heap.obj
 0001:0000e5e0       _chvalidchk_l              000000018000f5e0 f i libucrtd:debug_heap.obj
 0001:0000e610       _free_dbg                  000000018000f610 f   libucrtd:debug_heap.obj
 0001:0000e680       _invoke_watson_if_oneof    000000018000f680 f i libucrtd:debug_heap.obj
 0001:0000e6e0       _ischartype_l              000000018000f6e0 f i libucrtd:debug_heap.obj
 0001:0000e770       _malloc_dbg                000000018000f770 f   libucrtd:debug_heap.obj
 0001:0000e7b0       _msize_dbg                 000000018000f7b0 f   libucrtd:debug_heap.obj
 0001:0000e950       _realloc_dbg               000000018000f950 f   libucrtd:debug_heap.obj
 0001:0000e9c0       _recalloc_dbg              000000018000f9c0 f   libucrtd:debug_heap.obj
 0001:0000ef90       strcpy_s                   000000018000ff90 f   libucrtd:strcpy_s.obj
 0001:0000efd0       strcmp                     000000018000ffd0 f   libucrtd:strcmp.obj
 0001:0000f050       strlen                     0000000180010050 f   libucrtd:strlen.obj
 0001:0000f100       abort                      0000000180010100 f   libucrtd:abort.obj
 0001:0000f180       ??$?0AEBV?$string_output_adapter@D@__crt_stdio_output@@AEB_KAEBQEBDAEBQEAU__crt_locale_pointers@@AEBQEAD@?$format_validation_base@DV?$string_output_adapter@D@__crt_stdio_output@@@__crt_stdio_output@@IEAA@AEBV?$string_output_adapter@D@1@AEB_KAEBQEBDAEBQEAU__crt_locale_pointers@@AEBQEAD@Z 0000000180010180 f i libucrtd:output.obj
 0001:0000f1d0       ??$?0AEBV?$string_output_adapter@D@__crt_stdio_output@@AEB_KAEBQEBDAEBQEAU__crt_locale_pointers@@AEBQEAD@?$standard_base@DV?$string_output_adapter@D@__crt_stdio_output@@@__crt_stdio_output@@IEAA@AEBV?$string_output_adapter@D@1@AEB_KAEBQEBDAEBQEAU__crt_locale_pointers@@AEBQEAD@Z 00000001800101d0 f i libucrtd:output.obj
 0001:0000f240       ??$?0AEBV?$string_output_adapter@_W@__crt_stdio_output@@AEB_KAEBQEB_WAEBQEAU__crt_locale_pointers@@AEBQEAD@?$format_validation_base@_WV?$string_output_adapter@_W@__crt_stdio_output@@@__crt_stdio_output@@IEAA@AEBV?$string_output_adapter@_W@1@AEB_KAEBQEB_WAEBQEAU__crt_locale_pointers@@AEBQEAD@Z 0000000180010240 f i libucrtd:output.obj
 0001:0000f290       ??$?0AEBV?$string_output_adapter@_W@__crt_stdio_output@@AEB_KAEBQEB_WAEBQEAU__crt_locale_pointers@@AEBQEAD@?$standard_base@_WV?$string_output_adapter@_W@__crt_stdio_output@@@__crt_stdio_output@@IEAA@AEBV?$string_output_adapter@_W@1@AEB_KAEBQEB_WAEBQEAU__crt_locale_pointers@@AEBQEAD@Z 0000000180010290 f i libucrtd:output.obj
 0001:00010c10       ??$count@D@formatting_buffer@__crt_stdio_output@@QEBA_KXZ 0000000180011c10 f i libucrtd:output.obj
 0001:00010c60       ??$count@_W@formatting_buffer@__crt_stdio_output@@QEBA_KXZ 0000000180011c60 f i libucrtd:output.obj
 0001:00010cb0       ??$data@_W@formatting_buffer@__crt_stdio_output@@QEAAPEA_WXZ 0000000180011cb0 f i libucrtd:output.obj
 0001:00010cb0       ??$data@D@formatting_buffer@__crt_stdio_output@@QEAAPEADXZ 0000000180011cb0 f i libucrtd:output.obj
 0001:00010d00       ??$ensure_buffer_is_big_enough@D@formatting_buffer@__crt_stdio_output@@QEAA_N_K@Z 0000000180011d00 f i libucrtd:output.obj
 0001:00010e30       ??$ensure_buffer_is_big_enough@_W@formatting_buffer@__crt_stdio_output@@QEAA_N_K@Z 0000000180011e30 f i libucrtd:output.obj
 0001:00010f60       ??$extract_argument_from_va_list@C_J@?$standard_base@_WV?$string_output_adapter@_W@__crt_stdio_output@@@__crt_stdio_output@@IEAA_NAEA_J@Z 0000000180011f60 f i libucrtd:output.obj
 0001:00010f60       ??$extract_argument_from_va_list@C_J@?$standard_base@DV?$string_output_adapter@D@__crt_stdio_output@@@__crt_stdio_output@@IEAA_NAEA_J@Z 0000000180011f60 f i libucrtd:output.obj
 0001:00010fa0       ??$extract_argument_from_va_list@E_J@?$standard_base@DV?$string_output_adapter@D@__crt_stdio_output@@@__crt_stdio_output@@IEAA_NAEA_J@Z 0000000180011fa0 f i libucrtd:output.obj
 0001:00010fa0       ??$extract_argument_from_va_list@E_J@?$standard_base@_WV?$string_output_adapter@_W@__crt_stdio_output@@@__crt_stdio_output@@IEAA_NAEA_J@Z 0000000180011fa0 f i libucrtd:output.obj
 0001:00010fe0       ??$extract_argument_from_va_list@F_J@?$standard_base@DV?$string_output_adapter@D@__crt_stdio_output@@@__crt_stdio_output@@IEAA_NAEA_J@Z 0000000180011fe0 f i libucrtd:output.obj
 0001:00010fe0       ??$extract_argument_from_va_list@F_J@?$standard_base@_WV?$string_output_adapter@_W@__crt_stdio_output@@@__crt_stdio_output@@IEAA_NAEA_J@Z 0000000180011fe0 f i libucrtd:output.obj
 0001:00011020       ??$extract_argument_from_va_list@GD@?$standard_base@DV?$string_output_adapter@D@__crt_stdio_output@@@__crt_stdio_output@@IEAA_NAEAD@Z 0000000180012020 f i libucrtd:output.obj
 0001:00011050       ??$extract_argument_from_va_list@G_J@?$standard_base@_WV?$string_output_adapter@_W@__crt_stdio_output@@@__crt_stdio_output@@IEAA_NAEA_J@Z 0000000180012050 f i libucrtd:output.obj
 0001:00011050       ??$extract_argument_from_va_list@G_J@?$standard_base@DV?$string_output_adapter@D@__crt_stdio_output@@@__crt_stdio_output@@IEAA_NAEA_J@Z 0000000180012050 f i libucrtd:output.obj
 0001:00011090       ??$extract_argument_from_va_list@H_J@?$standard_base@DV?$string_output_adapter@D@__crt_stdio_output@@@__crt_stdio_output@@IEAA_NAEA_J@Z 0000000180012090 f i libucrtd:output.obj
 0001:00011090       ??$extract_argument_from_va_list@H_J@?$standard_base@_WV?$string_output_adapter@_W@__crt_stdio_output@@@__crt_stdio_output@@IEAA_NAEA_J@Z 0000000180012090 f i libucrtd:output.obj
 0001:000110c0       ??$extract_argument_from_va_list@I_J@?$standard_base@DV?$string_output_adapter@D@__crt_stdio_output@@@__crt_stdio_output@@IEAA_NAEA_J@Z 00000001800120c0 f i libucrtd:output.obj
 0001:000110c0       ??$extract_argument_from_va_list@I_J@?$standard_base@_WV?$string_output_adapter@_W@__crt_stdio_output@@@__crt_stdio_output@@IEAA_NAEA_J@Z 00000001800120c0 f i libucrtd:output.obj
 0001:000110f0       ??$extract_argument_from_va_list@_K_J@?$standard_base@_WV?$string_output_adapter@_W@__crt_stdio_output@@@__crt_stdio_output@@IEAA_NAEA_J@Z 00000001800120f0 f i libucrtd:output.obj
 0001:000110f0       ??$extract_argument_from_va_list@PEAXPEAX@?$standard_base@DV?$string_output_adapter@D@__crt_stdio_output@@@__crt_stdio_output@@IEAA_NAEAPEAX@Z 00000001800120f0 f i libucrtd:output.obj
 0001:000110f0       ??$extract_argument_from_va_list@_J_J@?$standard_base@_WV?$string_output_adapter@_W@__crt_stdio_output@@@__crt_stdio_output@@IEAA_NAEA_J@Z 00000001800120f0 f i libucrtd:output.obj
 0001:000110f0       ??$extract_argument_from_va_list@PEADPEAD@?$standard_base@DV?$string_output_adapter@D@__crt_stdio_output@@@__crt_stdio_output@@IEAA_NAEAPEAD@Z 00000001800120f0 f i libucrtd:output.obj
 0001:000110f0       ??$extract_argument_from_va_list@PEAXPEAX@?$standard_base@_WV?$string_output_adapter@_W@__crt_stdio_output@@@__crt_stdio_output@@IEAA_NAEAPEAX@Z 00000001800120f0 f i libucrtd:output.obj
 0001:000110f0       ??$extract_argument_from_va_list@_J_J@?$standard_base@DV?$string_output_adapter@D@__crt_stdio_output@@@__crt_stdio_output@@IEAA_NAEA_J@Z 00000001800120f0 f i libucrtd:output.obj
 0001:000110f0       ??$extract_argument_from_va_list@PEADPEAD@?$standard_base@_WV?$string_output_adapter@_W@__crt_stdio_output@@@__crt_stdio_output@@IEAA_NAEAPEAD@Z 00000001800120f0 f i libucrtd:output.obj
 0001:000110f0       ??$extract_argument_from_va_list@_K_J@?$standard_base@DV?$string_output_adapter@D@__crt_stdio_output@@@__crt_stdio_output@@IEAA_NAEA_J@Z 00000001800120f0 f i libucrtd:output.obj
 0001:00011150       ??$extract_argument_from_va_list@U_CRT_DOUBLE@@U1@@?$standard_base@DV?$string_output_adapter@D@__crt_stdio_output@@@__crt_stdio_output@@IEAA_NAEAU_CRT_DOUBLE@@@Z 0000000180012150 f i libucrtd:output.obj
 0001:00011150       ??$extract_argument_from_va_list@U_CRT_DOUBLE@@U1@@?$standard_base@_WV?$string_output_adapter@_W@__crt_stdio_output@@@__crt_stdio_output@@IEAA_NAEAU_CRT_DOUBLE@@@Z 0000000180012150 f i libucrtd:output.obj
 0001:000111a0       ??$extract_argument_from_va_list@_W_W@?$standard_base@DV?$string_output_adapter@D@__crt_stdio_output@@@__crt_stdio_output@@IEAA_NAEA_W@Z 00000001800121a0 f i libucrtd:output.obj
 0001:000111a0       ??$extract_argument_from_va_list@_W_W@?$standard_base@_WV?$string_output_adapter@_W@__crt_stdio_output@@@__crt_stdio_output@@IEAA_NAEA_W@Z 00000001800121a0 f i libucrtd:output.obj
 0001:000111d0       ??$is_wide_character_specifier@D@__crt_stdio_output@@YA_N_KDW4length_modifier@0@@Z 00000001800121d0 f i libucrtd:output.obj
 0001:00011270       ??$is_wide_character_specifier@_W@__crt_stdio_output@@YA_N_K_WW4length_modifier@0@@Z 0000000180012270 f i libucrtd:output.obj
 0001:00011340       ??$read_va_arg@E@__crt_stdio_output@@YAEAEAPEAD@Z 0000000180012340 f i libucrtd:output.obj
 0001:00011340       ??$read_va_arg@C@__crt_stdio_output@@YACAEAPEAD@Z 0000000180012340 f i libucrtd:output.obj
 0001:000113b0       ??$read_va_arg@_W@__crt_stdio_output@@YA_WAEAPEAD@Z 00000001800123b0 f i libucrtd:output.obj
 0001:000113b0       ??$read_va_arg@G@__crt_stdio_output@@YAGAEAPEAD@Z 00000001800123b0 f i libucrtd:output.obj
 0001:000113b0       ??$read_va_arg@F@__crt_stdio_output@@YAFAEAPEAD@Z 00000001800123b0 f i libucrtd:output.obj
 0001:00011420       ??$read_va_arg@H@__crt_stdio_output@@YAHAEAPEAD@Z 0000000180012420 f i libucrtd:output.obj
 0001:00011420       ??$read_va_arg@I@__crt_stdio_output@@YAIAEAPEAD@Z 0000000180012420 f i libucrtd:output.obj
 0001:00011480       ??$read_va_arg@_J@__crt_stdio_output@@YA_JAEAPEAD@Z 0000000180012480 f i libucrtd:output.obj
 0001:00011480       ??$read_va_arg@_K@__crt_stdio_output@@YA_KAEAPEAD@Z 0000000180012480 f i libucrtd:output.obj
 0001:00011480       ??$read_va_arg@PEAD@__crt_stdio_output@@YAPEADAEAPEAD@Z 0000000180012480 f i libucrtd:output.obj
 0001:00011480       ??$read_va_arg@PEAX@__crt_stdio_output@@YAPEAXAEAPEAD@Z 0000000180012480 f i libucrtd:output.obj
 0001:00011480       ??$read_va_arg@U_CRT_DOUBLE@@@__crt_stdio_output@@YA?AU_CRT_DOUBLE@@AEAPEAD@Z 0000000180012480 f i libucrtd:output.obj
 0001:00011560       ??$scratch_count@D@formatting_buffer@__crt_stdio_output@@QEBA_KXZ 0000000180012560 f i libucrtd:output.obj
 0001:00011580       ??$scratch_data@D@formatting_buffer@__crt_stdio_output@@QEAAPEADXZ 0000000180012580 f i libucrtd:output.obj
 0001:000115f0       ??$tcstol@PEBDPEAPEADH@?$__crt_char_traits@D@@SAJ$$QEAPEBD$$QEAPEAPEAD$$QEAH@Z 00000001800125f0 f i libucrtd:output.obj
 0001:00011630       ??$tcstol@PEB_WPEAPEA_WH@?$__crt_char_traits@_W@@SAJ$$QEAPEB_W$$QEAPEAPEA_W$$QEAH@Z 0000000180012630 f i libucrtd:output.obj
 0001:00011670       ??$type_case_integer_parse_into_buffer@I@?$output_processor@DV?$string_output_adapter@D@__crt_stdio_output@@V?$format_validation_base@DV?$string_output_adapter@D@__crt_stdio_output@@@2@@__crt_stdio_output@@AEAAXII_N@Z 0000000180012670 f i libucrtd:output.obj
 0001:000117a0       ??$type_case_integer_parse_into_buffer@I@?$output_processor@_WV?$string_output_adapter@_W@__crt_stdio_output@@V?$format_validation_base@_WV?$string_output_adapter@_W@__crt_stdio_output@@@2@@__crt_stdio_output@@AEAAXII_N@Z 00000001800127a0 f i libucrtd:output.obj
 0001:000118e0       ??$type_case_integer_parse_into_buffer@_K@?$output_processor@DV?$string_output_adapter@D@__crt_stdio_output@@V?$format_validation_base@DV?$string_output_adapter@D@__crt_stdio_output@@@2@@__crt_stdio_output@@AEAAX_KI_N@Z 00000001800128e0 f i libucrtd:output.obj
 0001:00011a30       ??$type_case_integer_parse_into_buffer@_K@?$output_processor@_WV?$string_output_adapter@_W@__crt_stdio_output@@V?$format_validation_base@_WV?$string_output_adapter@_W@__crt_stdio_output@@@2@@__crt_stdio_output@@AEAAX_KI_N@Z 0000000180012a30 f i libucrtd:output.obj
 0001:00011b90       ??$write_multiple_characters@V?$string_output_adapter@D@__crt_stdio_output@@D@__crt_stdio_output@@YAXAEBV?$string_output_adapter@D@0@DHQEAH@Z 0000000180012b90 f i libucrtd:output.obj
 0001:00011bf0       ??$write_multiple_characters@V?$string_output_adapter@_W@__crt_stdio_output@@D@__crt_stdio_output@@YAXAEBV?$string_output_adapter@_W@0@DHQEAH@Z 0000000180012bf0 f i libucrtd:output.obj
 0001:00011c50       ??0?$common_data@D@__crt_stdio_output@@IEAA@XZ 0000000180012c50 f i libucrtd:output.obj
 0001:00011d20       ??0?$common_data@_W@__crt_stdio_output@@IEAA@XZ 0000000180012d20 f i libucrtd:output.obj
 0001:00011df0       ??0?$output_adapter_data@DV?$string_output_adapter@D@__crt_stdio_output@@@__crt_stdio_output@@IEAA@AEBV?$string_output_adapter@D@1@_KQEBDQEAU__crt_locale_pointers@@QEAD@Z 0000000180012df0 f i libucrtd:output.obj
 0001:00011e70       ??0?$output_adapter_data@_WV?$string_output_adapter@_W@__crt_stdio_output@@@__crt_stdio_output@@IEAA@AEBV?$string_output_adapter@_W@1@_KQEB_WQEAU__crt_locale_pointers@@QEAD@Z 0000000180012e70 f i libucrtd:output.obj
 0001:00011ef0       ??0?$output_processor@DV?$string_output_adapter@D@__crt_stdio_output@@V?$format_validation_base@DV?$string_output_adapter@D@__crt_stdio_output@@@2@@__crt_stdio_output@@QEAA@AEBV?$string_output_adapter@D@1@_KQEBDQEAU__crt_locale_pointers@@QEAD@Z 0000000180012ef0 f i libucrtd:output.obj
 0001:00011f40       ??0?$output_processor@_WV?$string_output_adapter@_W@__crt_stdio_output@@V?$format_validation_base@_WV?$string_output_adapter@_W@__crt_stdio_output@@@2@@__crt_stdio_output@@QEAA@AEBV?$string_output_adapter@_W@1@_KQEB_WQEAU__crt_locale_pointers@@QEAD@Z 0000000180012f40 f i libucrtd:output.obj
 0001:00011f90       ??0__crt_deferred_errno_cache@@QEAA@XZ 0000000180012f90 f i libucrtd:output.obj
 0001:00011fb0       ??0__crt_errno_guard@@QEAA@QEAH@Z 0000000180012fb0 f i libucrtd:output.obj
 0001:00011ff0       ??0formatting_buffer@__crt_stdio_output@@QEAA@XZ 0000000180012ff0 f i libucrtd:output.obj
 0001:00012030       ??1?$common_data@D@__crt_stdio_output@@QEAA@XZ 0000000180013030 f i libucrtd:output.obj
 0001:00012030       ??1?$common_data@_W@__crt_stdio_output@@QEAA@XZ 0000000180013030 f i libucrtd:output.obj
 0001:00012050       ??1?$format_validation_base@_WV?$string_output_adapter@_W@__crt_stdio_output@@@__crt_stdio_output@@QEAA@XZ 0000000180013050 f i libucrtd:output.obj
 0001:00012050       ??1?$format_validation_base@DV?$string_output_adapter@D@__crt_stdio_output@@@__crt_stdio_output@@QEAA@XZ 0000000180013050 f i libucrtd:output.obj
 0001:00012070       ??1?$output_adapter_data@DV?$string_output_adapter@D@__crt_stdio_output@@@__crt_stdio_output@@QEAA@XZ 0000000180013070 f i libucrtd:output.obj
 0001:00012070       ??1?$output_adapter_data@_WV?$string_output_adapter@_W@__crt_stdio_output@@@__crt_stdio_output@@QEAA@XZ 0000000180013070 f i libucrtd:output.obj
 0001:00012090       ??1?$output_processor@DV?$string_output_adapter@D@__crt_stdio_output@@V?$format_validation_base@DV?$string_output_adapter@D@__crt_stdio_output@@@2@@__crt_stdio_output@@QEAA@XZ 0000000180013090 f i libucrtd:output.obj
 0001:00012090       ??1?$output_processor@_WV?$string_output_adapter@_W@__crt_stdio_output@@V?$format_validation_base@_WV?$string_output_adapter@_W@__crt_stdio_output@@@2@@__crt_stdio_output@@QEAA@XZ 0000000180013090 f i libucrtd:output.obj
 0001:000120b0       ??1?$standard_base@DV?$string_output_adapter@D@__crt_stdio_output@@@__crt_stdio_output@@QEAA@XZ 00000001800130b0 f i libucrtd:output.obj
 0001:000120b0       ??1?$standard_base@_WV?$string_output_adapter@_W@__crt_stdio_output@@@__crt_stdio_output@@QEAA@XZ 00000001800130b0 f i libucrtd:output.obj
 0001:000120d0       ??1__crt_errno_guard@@QEAA@XZ 00000001800130d0 f i libucrtd:output.obj
 0001:00012100       ??1formatting_buffer@__crt_stdio_output@@QEAA@XZ 0000000180013100 f i libucrtd:output.obj
 0001:00012130       ??4?$__crt_unique_heap_ptr@DU__crt_internal_free_policy@@@@QEAAAEAV0@$$QEAV0@@Z 0000000180013130 f i libucrtd:output.obj
 0001:00012170       ?adjust_hexit@?$output_processor@DV?$string_output_adapter@D@__crt_stdio_output@@V?$format_validation_base@DV?$string_output_adapter@D@__crt_stdio_output@@@2@@__crt_stdio_output@@CADH_N@Z 0000000180013170 f i libucrtd:output.obj
 0001:00012170       ?adjust_hexit@?$output_processor@_WV?$string_output_adapter@_W@__crt_stdio_output@@V?$format_validation_base@_WV?$string_output_adapter@_W@__crt_stdio_output@@@2@@__crt_stdio_output@@CADH_N@Z 0000000180013170 f i libucrtd:output.obj
 0001:000121c0       ?advance_to_next_pass@?$standard_base@DV?$string_output_adapter@D@__crt_stdio_output@@@__crt_stdio_output@@IEAA_NXZ 00000001800131c0 f i libucrtd:output.obj
 0001:000121c0       ?advance_to_next_pass@?$standard_base@_WV?$string_output_adapter@_W@__crt_stdio_output@@@__crt_stdio_output@@IEAA_NXZ 00000001800131c0 f i libucrtd:output.obj
 0001:00012210       ?crop_zeroes@__crt_stdio_output@@YAXPEADQEAU__crt_locale_pointers@@@Z 0000000180013210 f i libucrtd:output.obj
 0001:00012350       ?find_next_state@?$output_processor@DV?$string_output_adapter@D@__crt_stdio_output@@V?$format_validation_base@DV?$string_output_adapter@D@__crt_stdio_output@@@2@@__crt_stdio_output@@AEBA?AW4state@2@DW432@@Z 0000000180013350 f i libucrtd:output.obj
 0001:000123f0       ?find_next_state@?$output_processor@_WV?$string_output_adapter@_W@__crt_stdio_output@@V?$format_validation_base@_WV?$string_output_adapter@_W@__crt_stdio_output@@@2@@__crt_stdio_output@@AEBA?AW4state@2@_WW432@@Z 00000001800133f0 f i libucrtd:output.obj
 0001:00012490       ?force_decimal_point@__crt_stdio_output@@YAXPEADQEAU__crt_locale_pointers@@@Z 0000000180013490 f i libucrtd:output.obj
 0001:00012590       ?get@__crt_deferred_errno_cache@@QEAAAEAHXZ 0000000180013590 f i libucrtd:output.obj
 0001:000125c0       ?get_flags@__crt_stdio_stream@@QEBAJXZ 00000001800135c0 f i libucrtd:output.obj
 0001:000125f0       ?has_flag@?$output_processor@_WV?$string_output_adapter@_W@__crt_stdio_output@@V?$format_validation_base@_WV?$string_output_adapter@_W@__crt_stdio_output@@@2@@__crt_stdio_output@@AEBA_NI@Z 00000001800135f0 f i libucrtd:output.obj
 0001:000125f0       ?has_flag@?$output_processor@DV?$string_output_adapter@D@__crt_stdio_output@@V?$format_validation_base@DV?$string_output_adapter@D@__crt_stdio_output@@@2@@__crt_stdio_output@@AEBA_NI@Z 00000001800135f0 f i libucrtd:output.obj
 0001:00012630       ?is_string_backed@__crt_stdio_stream@@QEBA_NXZ 0000000180013630 f i libucrtd:output.obj
 0001:00012670       ?narrow_null_string@?$output_processor@_WV?$string_output_adapter@_W@__crt_stdio_output@@V?$format_validation_base@_WV?$string_output_adapter@_W@__crt_stdio_output@@@2@@__crt_stdio_output@@CAPEADXZ 0000000180013670 f i libucrtd:output.obj
 0001:00012670       ?narrow_null_string@?$output_processor@DV?$string_output_adapter@D@__crt_stdio_output@@V?$format_validation_base@DV?$string_output_adapter@D@__crt_stdio_output@@@2@@__crt_stdio_output@@CAPEADXZ 0000000180013670 f i libucrtd:output.obj
 0001:00012680       ?parse_int_from_format_string@?$output_processor@DV?$string_output_adapter@D@__crt_stdio_output@@V?$format_validation_base@DV?$string_output_adapter@D@__crt_stdio_output@@@2@@__crt_stdio_output@@AEAA_NQEAH@Z 0000000180013680 f i libucrtd:output.obj
 0001:00012770       ?parse_int_from_format_string@?$output_processor@_WV?$string_output_adapter@_W@__crt_stdio_output@@V?$format_validation_base@_WV?$string_output_adapter@_W@__crt_stdio_output@@@2@@__crt_stdio_output@@AEAA_NQEAH@Z 0000000180013770 f i libucrtd:output.obj
 0001:00012860       ?process@?$output_processor@DV?$string_output_adapter@D@__crt_stdio_output@@V?$format_validation_base@DV?$string_output_adapter@D@__crt_stdio_output@@@2@@__crt_stdio_output@@QEAAHXZ 0000000180013860 f i libucrtd:output.obj
 0001:00012bc0       ?process@?$output_processor@_WV?$string_output_adapter@_W@__crt_stdio_output@@V?$format_validation_base@_WV?$string_output_adapter@_W@__crt_stdio_output@@@2@@__crt_stdio_output@@QEAAHXZ 0000000180013bc0 f i libucrtd:output.obj
 0001:00012f20       ?set_flag@?$output_processor@_WV?$string_output_adapter@_W@__crt_stdio_output@@V?$format_validation_base@_WV?$string_output_adapter@_W@__crt_stdio_output@@@2@@__crt_stdio_output@@AEAAXI@Z 0000000180013f20 f i libucrtd:output.obj
 0001:00012f20       ?set_flag@?$output_processor@DV?$string_output_adapter@D@__crt_stdio_output@@V?$format_validation_base@DV?$string_output_adapter@D@__crt_stdio_output@@@2@@__crt_stdio_output@@AEAAXI@Z 0000000180013f20 f i libucrtd:output.obj
 0001:00012f40       ?validate_and_update_state_at_beginning_of_format_character@?$standard_base@_WV?$string_output_adapter@_W@__crt_stdio_output@@@__crt_stdio_output@@IEAA_NXZ 0000000180013f40 f i libucrtd:output.obj
 0001:00012f40       ?should_format@?$standard_base@DV?$string_output_adapter@D@__crt_stdio_output@@@__crt_stdio_output@@IEAA_NXZ 0000000180013f40 f i libucrtd:output.obj
 0001:00012f40       ?validate_and_update_state_at_beginning_of_format_character@?$standard_base@DV?$string_output_adapter@D@__crt_stdio_output@@@__crt_stdio_output@@IEAA_NXZ 0000000180013f40 f i libucrtd:output.obj
 0001:00012f40       ?validate_state_for_type_case_a@?$standard_base@_WV?$string_output_adapter@_W@__crt_stdio_output@@@__crt_stdio_output@@IEBA_NXZ 0000000180013f40 f i libucrtd:output.obj
 0001:00012f40       ?validate_state_for_type_case_a@?$standard_base@DV?$string_output_adapter@D@__crt_stdio_output@@@__crt_stdio_output@@IEBA_NXZ 0000000180013f40 f i libucrtd:output.obj
 0001:00012f40       ?should_format@?$standard_base@_WV?$string_output_adapter@_W@__crt_stdio_output@@@__crt_stdio_output@@IEAA_NXZ 0000000180013f40 f i libucrtd:output.obj
 0001:00012f50       ?should_skip_normal_state_processing@?$standard_base@_WV?$string_output_adapter@_W@__crt_stdio_output@@@__crt_stdio_output@@IEAA_NXZ 0000000180013f50 f i libucrtd:output.obj
 0001:00012f50       ?should_skip_type_state_output@?$standard_base@DV?$string_output_adapter@D@__crt_stdio_output@@@__crt_stdio_output@@IEBA_NXZ 0000000180013f50 f i libucrtd:output.obj
 0001:00012f50       ?should_skip_normal_state_processing@?$standard_base@DV?$string_output_adapter@D@__crt_stdio_output@@@__crt_stdio_output@@IEAA_NXZ 0000000180013f50 f i libucrtd:output.obj
 0001:00012f50       ?should_skip_type_state_output@?$standard_base@_WV?$string_output_adapter@_W@__crt_stdio_output@@@__crt_stdio_output@@IEBA_NXZ 0000000180013f50 f i libucrtd:output.obj
 0001:00012f60       ?state_case_dot@?$output_processor@_WV?$string_output_adapter@_W@__crt_stdio_output@@V?$format_validation_base@_WV?$string_output_adapter@_W@__crt_stdio_output@@@2@@__crt_stdio_output@@AEAA_NXZ 0000000180013f60 f i libucrtd:output.obj
 0001:00012f60       ?state_case_dot@?$output_processor@DV?$string_output_adapter@D@__crt_stdio_output@@V?$format_validation_base@DV?$string_output_adapter@D@__crt_stdio_output@@@2@@__crt_stdio_output@@AEAA_NXZ 0000000180013f60 f i libucrtd:output.obj
 0001:00012f80       ?state_case_flag@?$output_processor@DV?$string_output_adapter@D@__crt_stdio_output@@V?$format_validation_base@DV?$string_output_adapter@D@__crt_stdio_output@@@2@@__crt_stdio_output@@AEAA_NXZ 0000000180013f80 f i libucrtd:output.obj
 0001:00013020       ?state_case_flag@?$output_processor@_WV?$string_output_adapter@_W@__crt_stdio_output@@V?$format_validation_base@_WV?$string_output_adapter@_W@__crt_stdio_output@@@2@@__crt_stdio_output@@AEAA_NXZ 0000000180014020 f i libucrtd:output.obj
 0001:000130c0       ?state_case_normal@?$output_processor@DV?$string_output_adapter@D@__crt_stdio_output@@V?$format_validation_base@DV?$string_output_adapter@D@__crt_stdio_output@@@2@@__crt_stdio_output@@AEAA_NXZ 00000001800140c0 f i libucrtd:output.obj
 0001:000131a0       ?state_case_normal@?$output_processor@_WV?$string_output_adapter@_W@__crt_stdio_output@@V?$format_validation_base@_WV?$string_output_adapter@_W@__crt_stdio_output@@@2@@__crt_stdio_output@@AEAA_NXZ 00000001800141a0 f i libucrtd:output.obj
 0001:00013280       ?state_case_normal_common@?$output_processor@DV?$string_output_adapter@D@__crt_stdio_output@@V?$format_validation_base@DV?$string_output_adapter@D@__crt_stdio_output@@@2@@__crt_stdio_output@@AEAA_NXZ 0000000180014280 f i libucrtd:output.obj
 0001:000132d0       ?state_case_normal_common@?$output_processor@_WV?$string_output_adapter@_W@__crt_stdio_output@@V?$format_validation_base@_WV?$string_output_adapter@_W@__crt_stdio_output@@@2@@__crt_stdio_output@@AEAA_NXZ 00000001800142d0 f i libucrtd:output.obj
 0001:00013320       ?state_case_normal_tchar@?$output_processor@DV?$string_output_adapter@D@__crt_stdio_output@@V?$format_validation_base@DV?$string_output_adapter@D@__crt_stdio_output@@@2@@__crt_stdio_output@@AEAA_ND@Z 0000000180014320 f i libucrtd:output.obj
 0001:00013460       ?state_case_normal_tchar@?$output_processor@_WV?$string_output_adapter@_W@__crt_stdio_output@@V?$format_validation_base@_WV?$string_output_adapter@_W@__crt_stdio_output@@@2@@__crt_stdio_output@@AEAA_N_W@Z 0000000180014460 f i libucrtd:output.obj
 0001:00013480       ?state_case_percent@?$output_processor@_WV?$string_output_adapter@_W@__crt_stdio_output@@V?$format_validation_base@_WV?$string_output_adapter@_W@__crt_stdio_output@@@2@@__crt_stdio_output@@AEAA_NXZ 0000000180014480 f i libucrtd:output.obj
 0001:00013480       ?state_case_percent@?$output_processor@DV?$string_output_adapter@D@__crt_stdio_output@@V?$format_validation_base@DV?$string_output_adapter@D@__crt_stdio_output@@@2@@__crt_stdio_output@@AEAA_NXZ 0000000180014480 f i libucrtd:output.obj
 0001:000134d0       ?state_case_precision@?$output_processor@DV?$string_output_adapter@D@__crt_stdio_output@@V?$format_validation_base@DV?$string_output_adapter@D@__crt_stdio_output@@@2@@__crt_stdio_output@@AEAA_NXZ 00000001800144d0 f i libucrtd:output.obj
 0001:00013550       ?state_case_precision@?$output_processor@_WV?$string_output_adapter@_W@__crt_stdio_output@@V?$format_validation_base@_WV?$string_output_adapter@_W@__crt_stdio_output@@@2@@__crt_stdio_output@@AEAA_NXZ 0000000180014550 f i libucrtd:output.obj
 0001:000135d0       ?state_case_size@?$output_processor@DV?$string_output_adapter@D@__crt_stdio_output@@V?$format_validation_base@DV?$string_output_adapter@D@__crt_stdio_output@@@2@@__crt_stdio_output@@AEAA_NXZ 00000001800145d0 f i libucrtd:output.obj
 0001:00013a50       ?state_case_size@?$output_processor@_WV?$string_output_adapter@_W@__crt_stdio_output@@V?$format_validation_base@_WV?$string_output_adapter@_W@__crt_stdio_output@@@2@@__crt_stdio_output@@AEAA_NXZ 0000000180014a50 f i libucrtd:output.obj
 0001:00013ed0       ?state_case_type@?$output_processor@DV?$string_output_adapter@D@__crt_stdio_output@@V?$format_validation_base@DV?$string_output_adapter@D@__crt_stdio_output@@@2@@__crt_stdio_output@@AEAA_NXZ 0000000180014ed0 f i libucrtd:output.obj
 0001:00014370       ?state_case_type@?$output_processor@_WV?$string_output_adapter@_W@__crt_stdio_output@@V?$format_validation_base@_WV?$string_output_adapter@_W@__crt_stdio_output@@@2@@__crt_stdio_output@@AEAA_NXZ 0000000180015370 f i libucrtd:output.obj
 0001:000148d0       ?state_case_width@?$output_processor@DV?$string_output_adapter@D@__crt_stdio_output@@V?$format_validation_base@DV?$string_output_adapter@D@__crt_stdio_output@@@2@@__crt_stdio_output@@AEAA_NXZ 00000001800158d0 f i libucrtd:output.obj
 0001:00014960       ?state_case_width@?$output_processor@_WV?$string_output_adapter@_W@__crt_stdio_output@@V?$format_validation_base@_WV?$string_output_adapter@_W@__crt_stdio_output@@@2@@__crt_stdio_output@@AEAA_NXZ 0000000180015960 f i libucrtd:output.obj
 0001:000149f0       ?state_count@?$format_validation_base@_WV?$string_output_adapter@_W@__crt_stdio_output@@@__crt_stdio_output@@KAIXZ 00000001800159f0 f i libucrtd:output.obj
 0001:000149f0       ?state_count@?$format_validation_base@DV?$string_output_adapter@D@__crt_stdio_output@@@__crt_stdio_output@@KAIXZ 00000001800159f0 f i libucrtd:output.obj
 0001:00014a00       ?state_transition_table@?$format_validation_base@DV?$string_output_adapter@D@__crt_stdio_output@@@__crt_stdio_output@@KAPEBEXZ 0000000180015a00 f i libucrtd:output.obj
 0001:00014a00       ?state_transition_table@?$format_validation_base@_WV?$string_output_adapter@_W@__crt_stdio_output@@@__crt_stdio_output@@KAPEBEXZ 0000000180015a00 f i libucrtd:output.obj
 0001:00014a10       ?tchar_string@?$common_data@D@__crt_stdio_output@@IEAAAEAPEADD@Z 0000000180015a10 f i libucrtd:output.obj
 0001:00014a30       ?tchar_string@?$common_data@D@__crt_stdio_output@@IEAAAEAPEADXZ 0000000180015a30 f i libucrtd:output.obj
 0001:00014a50       ?tchar_string@?$common_data@_W@__crt_stdio_output@@IEAAAEAPEA_WXZ 0000000180015a50 f i libucrtd:output.obj
 0001:00014a70       ?tchar_string@?$common_data@_W@__crt_stdio_output@@IEAAAEAPEA_W_W@Z 0000000180015a70 f i libucrtd:output.obj
 0001:00014a90       ?to_integer_size@__crt_stdio_output@@YA_KW4length_modifier@1@@Z 0000000180015a90 f i libucrtd:output.obj
 0001:00014b40       ?type_case_X@?$output_processor@DV?$string_output_adapter@D@__crt_stdio_output@@V?$format_validation_base@DV?$string_output_adapter@D@__crt_stdio_output@@@2@@__crt_stdio_output@@AEAA_NXZ 0000000180015b40 f i libucrtd:output.obj
 0001:00014b60       ?type_case_X@?$output_processor@_WV?$string_output_adapter@_W@__crt_stdio_output@@V?$format_validation_base@_WV?$string_output_adapter@_W@__crt_stdio_output@@@2@@__crt_stdio_output@@AEAA_NXZ 0000000180015b60 f i libucrtd:output.obj
 0001:00014b80       ?type_case_Z@?$output_processor@DV?$string_output_adapter@D@__crt_stdio_output@@V?$format_validation_base@DV?$string_output_adapter@D@__crt_stdio_output@@@2@@__crt_stdio_output@@AEAA_NXZ 0000000180015b80 f i libucrtd:output.obj
 0001:00014ca0       ?type_case_Z@?$output_processor@_WV?$string_output_adapter@_W@__crt_stdio_output@@V?$format_validation_base@_WV?$string_output_adapter@_W@__crt_stdio_output@@@2@@__crt_stdio_output@@AEAA_NXZ 0000000180015ca0 f i libucrtd:output.obj
 0001:00014dc0       ?type_case_a@?$output_processor@DV?$string_output_adapter@D@__crt_stdio_output@@V?$format_validation_base@DV?$string_output_adapter@D@__crt_stdio_output@@@2@@__crt_stdio_output@@AEAA_NXZ 0000000180015dc0 f i libucrtd:output.obj
 0001:00015180       ?type_case_a@?$output_processor@_WV?$string_output_adapter@_W@__crt_stdio_output@@V?$format_validation_base@_WV?$string_output_adapter@_W@__crt_stdio_output@@@2@@__crt_stdio_output@@AEAA_NXZ 0000000180016180 f i libucrtd:output.obj
 0001:00015550       ?type_case_c@?$output_processor@DV?$string_output_adapter@D@__crt_stdio_output@@V?$format_validation_base@DV?$string_output_adapter@D@__crt_stdio_output@@@2@@__crt_stdio_output@@AEAA_NXZ 0000000180016550 f i libucrtd:output.obj
 0001:00015570       ?type_case_c@?$output_processor@_WV?$string_output_adapter@_W@__crt_stdio_output@@V?$format_validation_base@_WV?$string_output_adapter@_W@__crt_stdio_output@@@2@@__crt_stdio_output@@AEAA_NXZ 0000000180016570 f i libucrtd:output.obj
 0001:00015590       ?type_case_c_tchar@?$output_processor@DV?$string_output_adapter@D@__crt_stdio_output@@V?$format_validation_base@DV?$string_output_adapter@D@__crt_stdio_output@@@2@@__crt_stdio_output@@AEAA_ND@Z 0000000180016590 f i libucrtd:output.obj
 0001:000156e0       ?type_case_c_tchar@?$output_processor@_WV?$string_output_adapter@_W@__crt_stdio_output@@V?$format_validation_base@_WV?$string_output_adapter@_W@__crt_stdio_output@@@2@@__crt_stdio_output@@AEAA_N_W@Z 00000001800166e0 f i libucrtd:output.obj
 0001:00015810       ?type_case_d@?$output_processor@DV?$string_output_adapter@D@__crt_stdio_output@@V?$format_validation_base@DV?$string_output_adapter@D@__crt_stdio_output@@@2@@__crt_stdio_output@@AEAA_NXZ 0000000180016810 f i libucrtd:output.obj
 0001:00015840       ?type_case_d@?$output_processor@_WV?$string_output_adapter@_W@__crt_stdio_output@@V?$format_validation_base@_WV?$string_output_adapter@_W@__crt_stdio_output@@@2@@__crt_stdio_output@@AEAA_NXZ 0000000180016840 f i libucrtd:output.obj
 0001:00015870       ?type_case_integer@?$output_processor@DV?$string_output_adapter@D@__crt_stdio_output@@V?$format_validation_base@DV?$string_output_adapter@D@__crt_stdio_output@@@2@@__crt_stdio_output@@AEAA_NI_N@Z 0000000180016870 f i libucrtd:output.obj
 0001:00015cc0       ?type_case_integer@?$output_processor@_WV?$string_output_adapter@_W@__crt_stdio_output@@V?$format_validation_base@_WV?$string_output_adapter@_W@__crt_stdio_output@@@2@@__crt_stdio_output@@AEAA_NI_N@Z 0000000180016cc0 f i libucrtd:output.obj
 0001:00016110       ?type_case_n@?$output_processor@DV?$string_output_adapter@D@__crt_stdio_output@@V?$format_validation_base@DV?$string_output_adapter@D@__crt_stdio_output@@@2@@__crt_stdio_output@@AEAA_NXZ 0000000180017110 f i libucrtd:output.obj
 0001:00016350       ?type_case_n@?$output_processor@_WV?$string_output_adapter@_W@__crt_stdio_output@@V?$format_validation_base@_WV?$string_output_adapter@_W@__crt_stdio_output@@@2@@__crt_stdio_output@@AEAA_NXZ 0000000180017350 f i libucrtd:output.obj
[...]
 0004:00002580       $pdata$c32rtomb            0000000180053580     libucrtd:c32rtomb.obj
 0004:0000255c       $pdata$?__c32rtomb_utf8@__crt_mbstring@@YA_KPEAD_UPEAU_Mbstatet@@@Z 000000018005355c     libucrtd:c32rtomb.obj
 0004:00002574       $pdata$?return_illegal_sequence@__crt_mbstring@@YA_KPEAU_Mbstatet@@@Z 0000000180053574     libucrtd:c32rtomb.obj
 0004:00002568       $pdata$?reset_and_return@__crt_mbstring@@YA_K_KPEAU_Mbstatet@@@Z 0000000180053568     libucrtd:c32rtomb.obj
 0004:0000258c       $pdata$__acrt_fp_strflt_to_string 000000018005358c     libucrtd:_fptostr.obj
 0004:00002688       $pdata$__acrt_fltout       0000000180053688     libucrtd:cfout.obj
 0004:000025b0       $pdata$??0big_integer@__crt_strtox@@QEAA@XZ 00000001800535b0     libucrtd:cfout.obj
 0004:000025a4       $pdata$??0big_integer@__crt_strtox@@QEAA@AEBU01@@Z 00000001800535a4     libucrtd:cfout.obj
 0004:000025a4       $pdata$??4big_integer@__crt_strtox@@QEAAAEAU01@AEBU01@@Z 00000001800535a4     libucrtd:cfout.obj
 0004:000025d4       $pdata$??8__crt_strtox@@YA_NAEBUbig_integer@0@0@Z 00000001800535d4     libucrtd:cfout.obj
 0004:000025e0       $pdata$??9__crt_strtox@@YA_NAEBUbig_integer@0@0@Z 00000001800535e0     libucrtd:cfout.obj
 0004:00002634       $pdata$?make_big_integer@__crt_strtox@@YA?AUbig_integer@1@_K@Z 0000000180053634     libucrtd:cfout.obj
 0004:00002640       $pdata$?make_big_integer_power_of_two@__crt_strtox@@YA?AUbig_integer@1@I@Z 0000000180053640     libucrtd:cfout.obj
 0004:00002628       $pdata$?is_zero@__crt_strtox@@YA_NAEBUbig_integer@1@@Z 0000000180053628     libucrtd:cfout.obj
 0004:00002604       $pdata$?bit_scan_reverse@__crt_strtox@@YAII@Z 0000000180053604     libucrtd:cfout.obj
 0004:0000267c       $pdata$?shift_left@__crt_strtox@@YA_NAEAUbig_integer@1@I@Z 000000018005367c     libucrtd:cfout.obj
 0004:000025ec       $pdata$?add_carry@__crt_strtox@@YAIAEAIII@Z 00000001800535ec     libucrtd:cfout.obj
 0004:000025f8       $pdata$?add_multiply_carry@__crt_strtox@@YAIAEAIIII@Z 00000001800535f8     libucrtd:cfout.obj
 0004:00002670       $pdata$?multiply_core@__crt_strtox@@YAIQEAIII@Z 0000000180053670     libucrtd:cfout.obj
 0004:00002658       $pdata$?multiply@__crt_strtox@@YA_NAEAUbig_integer@1@I@Z 0000000180053658     libucrtd:cfout.obj
 0004:0000264c       $pdata$?multiply@__crt_strtox@@YA_NAEAUbig_integer@1@AEBU21@@Z 000000018005364c     libucrtd:cfout.obj
 0004:00002664       $pdata$?multiply_by_power_of_ten@__crt_strtox@@YA_NAEAUbig_integer@1@I@Z 0000000180053664     libucrtd:cfout.obj
 0004:00002610       $pdata$?count_sequential_high_zeroes@__crt_strtox@@YAII@Z 0000000180053610     libucrtd:cfout.obj
 0004:0000261c       $pdata$?divide@__crt_strtox@@YA_KAEAUbig_integer@1@AEBU21@@Z 000000018005361c     libucrtd:cfout.obj
 0004:000025bc       $pdata$??0scoped_fp_state_reset@?A0x71ca7cfb@@QEAA@XZ 00000001800535bc     libucrtd:cfout.obj
 0004:000025c8       $pdata$??1scoped_fp_state_reset@?A0x71ca7cfb@@QEAA@XZ 00000001800535c8     libucrtd:cfout.obj
 0004:00002598       $pdata$??$convert_to_fos_high_precision@N@@YAXNIQEAHQEAD_K@Z 0000000180053598     libucrtd:cfout.obj
 0004:000026a0       $pdata$_fcloseall          00000001800536a0     libucrtd:closeall.obj
 0004:00002d60       $pdata$_fcloseall$fin$0    0000000180053d60     libucrtd:closeall.obj
 0004:00002694       $pdata$?is_in_use@__crt_stdio_stream@@QEBA_NXZ 0000000180053694     libucrtd:closeall.obj
 0004:000026ac       $pdata$?has_crt_buffer@__crt_stdio_stream@@QEBA_NXZ 00000001800536ac     libucrtd:_freebuf.obj
 0004:000026b8       $pdata$__acrt_stdio_free_buffer_nolock 00000001800536b8     libucrtd:_freebuf.obj
 0004:000026c4       $pdata$__acrt_GetStringTypeW 00000001800536c4     libucrtd:getstringtypew.obj
 0004:0000270c       $pdata$_itow_s             000000018005370c     libucrtd:xtoa.obj
 0004:00002700       $pdata$_itoa_s             0000000180053700     libucrtd:xtoa.obj
 0004:000026e8       $pdata$??$common_xtox_s@KD@@YAHKQEAD_KI_N@Z 00000001800536e8     libucrtd:xtoa.obj
 0004:000026d0       $pdata$??$common_xtox@KD@@YAHKQEAD_KI_N@Z 00000001800536d0     libucrtd:xtoa.obj
 0004:000026f4       $pdata$??$common_xtox_s@K_W@@YAHKQEA_W_KI_N@Z 00000001800536f4     libucrtd:xtoa.obj
 0004:000026dc       $pdata$??$common_xtox@K_W@@YAHKQEA_W_KI_N@Z 00000001800536dc     libucrtd:xtoa.obj
 0004:00002730       $pdata$mbstowcs_s          0000000180053730     libucrtd:mbstowcs.obj
 0004:00002724       $pdata$_mbstowcs_s_l       0000000180053724     libucrtd:mbstowcs.obj
 0004:00002718       $pdata$?_mbstowcs_l_helper@@YA_KPEA_WPEBD_KPEAU__crt_locale_pointers@@@Z 0000000180053718     libucrtd:mbstowcs.obj
 0004:00002760       $pdata$wcstombs_s          0000000180053760     libucrtd:wcstombs.obj
 0004:00002754       $pdata$_wcstombs_s_l       0000000180053754     libucrtd:wcstombs.obj
 0004:00002748       $pdata$?wcsncnt@@YA_KPEB_W_K@Z 0000000180053748     libucrtd:wcstombs.obj
 0004:0000273c       $pdata$?_wcstombs_l_helper@@YA_KPEADPEB_W_KPEAU__crt_locale_pointers@@@Z 000000018005373c     libucrtd:wcstombs.obj
 0004:00002d6c       $pdata$?dtor$0@?0??_wcstombs_l_helper@@YA_KPEADPEB_W_KPEAU__crt_locale_pointers@@@Z@4HA 0000000180053d6c     libucrtd:wcstombs.obj
 0004:00002778       $pdata$strcat_s            0000000180053778     libucrtd:strcat_s.obj
 0004:0000276c       $pdata$??$common_tcscat_s@D@@YAHQEAD_KQEBD@Z 000000018005376c     libucrtd:strcat_s.obj
 0004:00002784       $pdata$__acrt_OutputDebugStringA 0000000180053784     libucrtd:outputdebugstringa.obj
 0004:0000279c       $pdata$__strncnt           000000018005379c     libucrtd:strncnt.obj
 0004:000027a8       $pdata$__ascii_wcsnicmp    00000001800537a8     libucrtd:wcsnicmp.obj
 0004:000027f0       $pdata$_commit             00000001800537f0     libucrtd:commit.obj
 0004:000027e4       $pdata$??R<lambda_5533cddd4bda0037814beee657757329>@@QEBAHXZ 00000001800537e4     libucrtd:commit.obj
 0004:000027c0       $pdata$??$__acrt_lowio_lock_fh_and_call@V<lambda_5533cddd4bda0037814beee657757329>@@@@YAHH$$QEAV<lambda_5533cddd4bda0037814beee657757329>@@@Z 00000001800537c0     libucrtd:commit.obj
 0004:000027d8       $pdata$??R<lambda_53fc7fc888e23d815d7080162c0aeeb2>@@QEBAXXZ 00000001800537d8     libucrtd:close.obj
 0004:000027d8       $pdata$??R<lambda_4e3dbe6921bc0b5a1a6bc6573fdc859e>@@QEBAXXZ 00000001800537d8     libucrtd:commit.obj
 0004:000027cc       $pdata$??R<lambda_8ddc48ad9d26c778cb15812d1d88fc8a>@@QEBAXXZ 00000001800537cc     libucrtd:close.obj
 0004:000027cc       $pdata$??R<lambda_47cffbaa968af5c721c38a4a6f8da44d>@@QEBAXXZ 00000001800537cc     libucrtd:commit.obj
 0004:000027b4       $pdata$??$?RV<lambda_4e3dbe6921bc0b5a1a6bc6573fdc859e>@@AEAV<lambda_5533cddd4bda0037814beee657757329>@@V<lambda_47cffbaa968af5c721c38a4a6f8da44d>@@@?$__crt_seh_guarded_call@H@@QEAAH$$QEAV<lambda_4e3dbe6921bc0b5a1a6bc6573fdc859e>@@AEAV<lambda_5533cddd4bda0037814beee657757329>@@$$QEAV<lambda_47cffbaa968af5c721c38a4a6f8da44d>@@@Z 00000001800537b4     libucrtd:commit.obj
 0004:00002d78       $pdata$?fin$0@?0???$?RV<lambda_53fc7fc888e23d815d7080162c0aeeb2>@@AEAV<lambda_4e7105787b7b0e0227fbf2b2d883fa65>@@V<lambda_8ddc48ad9d26c778cb15812d1d88fc8a>@@@?$__crt_seh_guarded_call@H@@QEAAH$$QEAV<lambda_53fc7fc888e23d815d7080162c0aeeb2>@@AEAV<lambda_4e7105787b7b0e0227fbf2b2d883fa65>@@$$QEAV<lambda_8ddc48ad9d26c778cb15812d1d88fc8a>@@@Z@4HA 0000000180053d78     libucrtd:close.obj
 0004:00002d78       $pdata$?fin$0@?0???$?RV<lambda_4e3dbe6921bc0b5a1a6bc6573fdc859e>@@AEAV<lambda_5533cddd4bda0037814beee657757329>@@V<lambda_47cffbaa968af5c721c38a4a6f8da44d>@@@?$__crt_seh_guarded_call@H@@QEAAH$$QEAV<lambda_4e3dbe6921bc0b5a1a6bc6573fdc859e>@@AEAV<lambda_5533cddd4bda0037814beee657757329>@@$$QEAV<lambda_47cffbaa968af5c721c38a4a6f8da44d>@@@Z@4HA 0000000180053d78     libucrtd:commit.obj
 0004:00002850       $pdata$_write              0000000180053850     libucrtd:write.obj
 0004:00002d84       $pdata$_write$fin$0        0000000180053d84     libucrtd:write.obj
 0004:0000285c       $pdata$_write_nolock       000000018005385c     libucrtd:write.obj
 0004:00002820       $pdata$?write_requires_double_translation_nolock@@YA_NH@Z 0000000180053820     libucrtd:write.obj
 0004:00002808       $pdata$?write_double_translated_ansi_nolock@@YA?AUwrite_result@?A0x17268360@@HQEBDI@Z 0000000180053808     libucrtd:write.obj
 0004:00002814       $pdata$?write_double_translated_unicode_nolock@@YA?AUwrite_result@?A0x17268360@@QEBDI@Z 0000000180053814     libucrtd:write.obj
 0004:0000282c       $pdata$?write_text_ansi_nolock@@YA?AUwrite_result@?A0x17268360@@HQEBDI@Z 000000018005382c     libucrtd:write.obj
 0004:00002838       $pdata$?write_text_utf16le_nolock@@YA?AUwrite_result@?A0x17268360@@HQEBDI@Z 0000000180053838     libucrtd:write.obj
 0004:00002844       $pdata$?write_text_utf8_nolock@@YA?AUwrite_result@?A0x17268360@@HQEBDI@Z 0000000180053844     libucrtd:write.obj
 0004:000027fc       $pdata$?write_binary_nolock@@YA?AUwrite_result@?A0x17268360@@HQEBDI@Z 00000001800537fc     libucrtd:write.obj
 0004:00002868       $pdata$?__mbrtoc32_utf8@__crt_mbstring@@YA_KPEA_UPEBD_KPEAU_Mbstatet@@@Z 0000000180053868     libucrtd:mbrtoc32.obj
 0004:00002880       $pdata$ceil                0000000180053880     libucrtd:ceil.obj
 0004:0000288c       $pdata$fegetenv            000000018005388c     libucrtd:fegetenv.obj
 0004:00002898       $pdata$fesetenv            0000000180053898     libucrtd:fesetenv.obj
 0004:000028a4       $pdata$feholdexcept        00000001800538a4     libucrtd:feholdexcept.obj
 0004:000028c8       $pdata$_lseeki64_nolock    00000001800538c8     libucrtd:lseek.obj
 0004:000028bc       $pdata$?common_lseek_do_seek_nolock@@YA_JQEAX_JH@Z 00000001800538bc     libucrtd:lseek.obj
 0004:000028b0       $pdata$??$common_lseek_nolock@_J@@YA_JH_JH@Z 00000001800538b0     libucrtd:lseek.obj
 0004:000028e0       $pdata$fclose              00000001800538e0     libucrtd:fclose.obj
 0004:00002d90       $pdata$fclose$fin$0        0000000180053d90     libucrtd:fclose.obj
 0004:000028d4       $pdata$_fclose_nolock      00000001800538d4     libucrtd:fclose.obj
 0004:000028ec       $pdata$?__wcsrtombs_utf8@__crt_mbstring@@YA_KPEADPEAPEB_W_KPEAU_Mbstatet@@@Z 00000001800538ec     libucrtd:wcrtomb.obj
 0004:000028f8       $pdata$_putwch_nolock      00000001800538f8     libucrtd:putwch.obj
 0004:00002904       $pdata$__acrt_initialize_fma3 0000000180053904     libucrtd:fma3_available.obj
 0004:0000291c       $pdata$_log_special_common 000000018005391c     libucrtd:log_special.obj
 0004:00002910       $pdata$_log10_special      0000000180053910     libucrtd:log_special.obj
 0004:00002928       $pdata$??$__acrt_fenv_shift_bits@W4__acrt_fenv_abstract_control@@@@YA?AW4__acrt_fenv_abstract_control@@W40@0I@Z 0000000180053928     libucrtd:_fenvutils.obj
 0004:00002928       $pdata$??$__acrt_fenv_shift_bits@W4__acrt_fenv_abstract_status@@@@YA?AW4__acrt_fenv_abstract_status@@W40@0I@Z 0000000180053928     libucrtd:_fenvutils.obj
 0004:00002958       $pdata$??$__acrt_fenv_unshift_bits@W4__acrt_fenv_abstract_control@@@@YA?AW4__acrt_fenv_abstract_control@@W40@0I@Z 0000000180053958     libucrtd:_fenvutils.obj
 0004:00002958       $pdata$??$__acrt_fenv_unshift_bits@W4__acrt_fenv_abstract_status@@@@YA?AW4__acrt_fenv_abstract_status@@W40@0I@Z 0000000180053958     libucrtd:_fenvutils.obj
 0004:000029c4       $pdata$?__acrt_fenv_shift_abstract_sse_status@@YA?AW4__acrt_fenv_abstract_status@@W41@@Z 00000001800539c4     libucrtd:_fenvutils.obj
 0004:000029dc       $pdata$?__acrt_fenv_unshift_abstract_sse_status@@YA?AW4__acrt_fenv_abstract_status@@W41@@Z 00000001800539dc     libucrtd:_fenvutils.obj
 0004:000029b8       $pdata$?__acrt_fenv_shift_abstract_sse_control@@YA?AW4__acrt_fenv_abstract_control@@W41@@Z 00000001800539b8     libucrtd:_fenvutils.obj
 0004:000029d0       $pdata$?__acrt_fenv_unshift_abstract_sse_control@@YA?AW4__acrt_fenv_abstract_control@@W41@@Z 00000001800539d0     libucrtd:_fenvutils.obj
 0004:00002a60       $pdata$__acrt_fenv_get_status 0000000180053a60     libucrtd:_fenvutils.obj
 0004:00002a78       $pdata$__acrt_fenv_set_status 0000000180053a78     libucrtd:_fenvutils.obj
 0004:00002a54       $pdata$__acrt_fenv_get_control 0000000180053a54     libucrtd:_fenvutils.obj
 0004:00002a6c       $pdata$__acrt_fenv_set_control 0000000180053a6c     libucrtd:_fenvutils.obj
 0004:00002a30       $pdata$?to_machine_sse_status@@YA?AW4__acrt_fenv_machine_sse_status@@W4__acrt_fenv_abstract_status@@@Z 0000000180053a30     libucrtd:_fenvutils.obj
 0004:000029ac       $pdata$??$translate_status@W4__acrt_fenv_machine_sse_status@@W4__acrt_fenv_abstract_status@@@@YA?AW4__acrt_fenv_machine_sse_status@@W4__acrt_fenv_abstract_status@@@Z 00000001800539ac     libucrtd:_fenvutils.obj
 0004:00002a48       $pdata$?translate_control_denormal_control_to_sse@@YA?AW4__acrt_fenv_machine_sse_control@@W4__acrt_fenv_abstract_control@@@Z 0000000180053a48     libucrtd:_fenvutils.obj
 0004:00002a3c       $pdata$?translate_control_denormal_control_from_sse@@YA?AW4__acrt_fenv_abstract_control@@W4__acrt_fenv_machine_sse_control@@@Z 0000000180053a3c     libucrtd:_fenvutils.obj
 0004:00002a18       $pdata$?to_abstract_control@@YA?AW4__acrt_fenv_abstract_control@@W4__acrt_fenv_machine_sse_control@@@Z 0000000180053a18     libucrtd:_fenvutils.obj
 0004:00002970       $pdata$??$translate_control_exception_mask@W4__acrt_fenv_abstract_control@@W4__acrt_fenv_machine_sse_control@@@@YA?AW4__acrt_fenv_abstract_control@@W4__acrt_fenv_machine_sse_control@@@Z 0000000180053970     libucrtd:_fenvutils.obj
 0004:00002988       $pdata$??$translate_control_rounding_control@W4__acrt_fenv_abstract_control@@W4__acrt_fenv_machine_sse_control@@@@YA?AW4__acrt_fenv_abstract_control@@W4__acrt_fenv_machine_sse_control@@@Z 0000000180053988     libucrtd:_fenvutils.obj
 0004:00002a24       $pdata$?to_machine_sse_control@@YA?AW4__acrt_fenv_machine_sse_control@@W4__acrt_fenv_abstract_control@@@Z 0000000180053a24     libucrtd:_fenvutils.obj
 0004:0000297c       $pdata$??$translate_control_exception_mask@W4__acrt_fenv_machine_sse_control@@W4__acrt_fenv_abstract_control@@@@YA?AW4__acrt_fenv_machine_sse_control@@W4__acrt_fenv_abstract_control@@@Z 000000018005397c     libucrtd:_fenvutils.obj
 0004:00002994       $pdata$??$translate_control_rounding_control@W4__acrt_fenv_machine_sse_control@@W4__acrt_fenv_abstract_control@@@@YA?AW4__acrt_fenv_machine_sse_control@@W4__acrt_fenv_abstract_control@@@Z 0000000180053994     libucrtd:_fenvutils.obj
 0004:000029f4       $pdata$?get_machine_sse_status@@YA?AW4__acrt_fenv_machine_sse_status@@XZ 00000001800539f4     libucrtd:_fenvutils.obj
 0004:00002a0c       $pdata$?set_machine_sse_status@@YAXW4__acrt_fenv_machine_sse_status@@@Z 0000000180053a0c     libucrtd:_fenvutils.obj
 0004:000029e8       $pdata$?get_machine_sse_control@@YA?AW4__acrt_fenv_machine_sse_control@@XZ 00000001800539e8     libucrtd:_fenvutils.obj
 0004:00002a00       $pdata$?set_machine_sse_control@@YAXW4__acrt_fenv_machine_sse_control@@@Z 0000000180053a00     libucrtd:_fenvutils.obj
 0004:00002964       $pdata$??$to_abstract_status@W4__acrt_fenv_machine_sse_status@@@@YA?AW4__acrt_fenv_abstract_status@@W4__acrt_fenv_machine_sse_status@@@Z 0000000180053964     libucrtd:_fenvutils.obj
 0004:00002940       $pdata$??$__acrt_fenv_translate_bit@W4__acrt_fenv_abstract_status@@W4__acrt_fenv_machine_sse_status@@@@YA?AW4__acrt_fenv_abstract_status@@W4__acrt_fenv_machine_sse_status@@0W40@1@Z 0000000180053940     libucrtd:_fenvutils.obj
 0004:00002940       $pdata$??$__acrt_fenv_translate_bit@W4__acrt_fenv_machine_sse_status@@W4__acrt_fenv_abstract_status@@@@YA?AW4__acrt_fenv_machine_sse_status@@W4__acrt_fenv_abstract_status@@0W40@1@Z 0000000180053940     libucrtd:_fenvutils.obj
 0004:00002934       $pdata$??$__acrt_fenv_translate_bit@W4__acrt_fenv_abstract_control@@W4__acrt_fenv_machine_sse_control@@@@YA?AW4__acrt_fenv_abstract_control@@W4__acrt_fenv_machine_sse_control@@0W40@1@Z 0000000180053934     libucrtd:_fenvutils.obj
 0004:0000294c       $pdata$??$__acrt_fenv_translate_bit@W4__acrt_fenv_machine_sse_control@@W4__acrt_fenv_abstract_control@@@@YA?AW4__acrt_fenv_machine_sse_control@@W4__acrt_fenv_abstract_control@@0W40@1@Z 000000018005394c     libucrtd:_fenvutils.obj
 0004:000029a0       $pdata$??$translate_status@W4__acrt_fenv_abstract_status@@W4__acrt_fenv_machine_sse_status@@@@YA?AW4__acrt_fenv_abstract_status@@W4__acrt_fenv_machine_sse_status@@@Z 00000001800539a0     libucrtd:_fenvutils.obj
 0004:00002a90       $pdata$_clearfp            0000000180053a90     libucrtd:ieee.obj
 0004:00002a84       $pdata$_abstract_sw        0000000180053a84     libucrtd:ieee.obj
 0004:00002acc       $pdata$_close              0000000180053acc     libucrtd:close.obj
 0004:00002ad8       $pdata$_close_nolock       0000000180053ad8     libucrtd:close.obj
 0004:00002ac0       $pdata$?close_os_handle_nolock@@YAKH@Z 0000000180053ac0     libucrtd:close.obj
 0004:00002ab4       $pdata$??R<lambda_4e7105787b7b0e0227fbf2b2d883fa65>@@QEBAHXZ 0000000180053ab4     libucrtd:close.obj
 0004:00002aa8       $pdata$??$__acrt_lowio_lock_fh_and_call@V<lambda_4e7105787b7b0e0227fbf2b2d883fa65>@@@@YAHH$$QEAV<lambda_4e7105787b7b0e0227fbf2b2d883fa65>@@@Z 0000000180053aa8     libucrtd:close.obj
 0004:00002a9c       $pdata$??$?RV<lambda_53fc7fc888e23d815d7080162c0aeeb2>@@AEAV<lambda_4e7105787b7b0e0227fbf2b2d883fa65>@@V<lambda_8ddc48ad9d26c778cb15812d1d88fc8a>@@@?$__crt_seh_guarded_call@H@@QEAAH$$QEAV<lambda_53fc7fc888e23d815d7080162c0aeeb2>@@AEAV<lambda_4e7105787b7b0e0227fbf2b2d883fa65>@@$$QEAV<lambda_8ddc48ad9d26c778cb15812d1d88fc8a>@@@Z 0000000180053a9c     libucrtd:close.obj
 0004:00002ae4       $pdata$?__acrt_stdio_free_stream@@YAXV__crt_stdio_stream@@@Z 0000000180053ae4     libucrtd:stream.obj
 0004:00002af0       $pdata$?__c16rtomb_utf8@__crt_mbstring@@YA_KPEAD_SPEAU_Mbstatet@@@Z 0000000180053af0     libucrtd:c16rtomb.obj
 0004:00002b20       $pdata$?store_first_surrogate@?A0xc60ee810@@YAX_SPEAU_Mbstatet@@@Z 0000000180053b20     libucrtd:c16rtomb.obj
 0004:00002afc       $pdata$?has_surrogate@?A0xc60ee810@@YA_NPEAU_Mbstatet@@@Z 0000000180053afc     libucrtd:c16rtomb.obj
 0004:00002b08       $pdata$?is_first_surrogate@?A0xc60ee810@@YA_N_S@Z 0000000180053b08     libucrtd:c16rtomb.obj
 0004:00002b14       $pdata$?is_second_surrogate@?A0xc60ee810@@YA_N_S@Z 0000000180053b14     libucrtd:c16rtomb.obj
 0004:00002b2c       $pdata$__dcrt_lowio_ensure_console_output_initialized 0000000180053b2c     libucrtd:initcon.obj
 0004:00002b44       $pdata$__dcrt_write_console 0000000180053b44     libucrtd:initcon.obj
 0004:00002b38       $pdata$__dcrt_terminate_console_output 0000000180053b38     libucrtd:initcon.obj
 0004:00002b68       $pdata$_ValidateImageBase  0000000180053b68     LIBCMTD:pesect.obj
 0004:00002b50       $pdata$_FindPESection      0000000180053b50     LIBCMTD:pesect.obj
 0004:00002b5c       $pdata$_IsNonwritableInCurrentImage 0000000180053b5c     LIBCMTD:pesect.obj
 0004:00002d9c       $pdata$_IsNonwritableInCurrentImage$filt$0 0000000180053d9c     LIBCMTD:pesect.obj
 0004:00002b74       $pdata$??_Gtype_info@@UEAAPEAXI@Z 0000000180053b74     LIBCMTD:std_type_info_static.obj
 0004:00002b80       $pdata$??3@YAXPEAX_K@Z     0000000180053b80     LIBCMTD:delete_scalar_size.obj
 0004:00002b8c       $pdata$__GSHandlerCheck_SEH 0000000180053b8c     LIBCMTD:gshandlerseh.obj
 0004:00002b98       $pdata$__GSHandlerCheck_EH 0000000180053b98     LIBCMTD:gshandlereh.obj
 0004:00002ba4       $pdata$??3@YAXPEAX@Z       0000000180053ba4     LIBCMTD:delete_scalar.obj
 0004:00002bbc       $pdata$strrchr             0000000180053bbc     libvcruntimed:strrchr.obj
 0005:00000000       MoveSmall                  0000000180054000     libvcruntimed:memcpy.obj
 0005:00000050       MsetTab                    0000000180054050     libvcruntimed:memset.obj
