 handmade

 Timestamp is 5ec9b810 (Sat May 23 17:56:00 2020)

 Preferred load address is 0000000180000000

 Start         Length     Name                   Class
 0001:00000000 00037f90H .text$mn                CODE
 0001:00037f90 00000020H .text$mn$00             CODE
 0001:00037fb0 0000068dH .text$x                 CODE
 0002:00000000 00000248H .idata$5                DATA
 0002:00000248 00000028H .00cfg                  DATA
 0002:00000270 00000008H .CRT$XCA                DATA
 0002:00000278 00000008H .CRT$XCZ                DATA
 0002:00000280 00000008H .CRT$XIA                DATA
 0002:00000288 00000018H .CRT$XIC                DATA
 0002:000002a0 00000008H .CRT$XIZ                DATA
 0002:000002a8 00000008H .CRT$XPA                DATA
 0002:000002b0 00000010H .CRT$XPX                DATA
 0002:000002c0 00000008H .CRT$XPXA               DATA
 0002:000002c8 00000008H .CRT$XPZ                DATA
 0002:000002d0 00000008H .CRT$XTA                DATA
 0002:000002d8 00000008H .CRT$XTZ                DATA
 0002:000002e0 00000000H .gfids$y                DATA
 0002:000002e0 00010300H .rdata                  DATA
 0002:000105e0 0000016cH .rdata$r                DATA
 0002:0001074c 000002f4H .rdata$zzzdbg           DATA
 0002:00010a40 00000008H .rtc$IAA                DATA
 0002:00010a48 00000008H .rtc$IZZ                DATA
 0002:00010a50 00000008H .rtc$TAA                DATA
 0002:00010a58 00000008H .rtc$TZZ                DATA
 0002:00010a60 000010f8H .xdata                  DATA
 0002:00011b58 00000088H .xdata$x                DATA
 0002:00011be0 00000074H .edata                  DATA
 0002:00011c54 00000014H .idata$2                DATA
 0002:00011c68 00000018H .idata$3                DATA
 0002:00011c80 00000248H .idata$4                DATA
 0002:00011ec8 00000554H .idata$6                DATA
 0003:00000000 00005a30H .data                   DATA
 0003:00005a30 00000070H .data$r                 DATA
 0003:00005aa0 00001868H .bss                    DATA
 0004:00000000 00002de4H .pdata                  DATA
 0005:00000000 00000094H _RDATA                  DATA

  Address         Publics by Value              Rva+Base               Lib:Object

 0000:00000000       __hybrid_code_map_count    0000000000000000     <absolute>
 0000:00000000       __guard_fids_count         0000000000000000     <absolute>
 0000:00000000       __guard_longjmp_table      0000000000000000     <absolute>
 0000:00000000       __hybrid_code_map          0000000000000000     <absolute>
 0000:00000000       __guard_iat_count          0000000000000000     <absolute>
 0000:00000000       __guard_eh_cont_count      0000000000000000     <absolute>
 0000:00000000       __guard_iat_table          0000000000000000     <absolute>
 0000:00000000       __volatile_metadata        0000000000000000     <absolute>
 0000:00000000       __guard_longjmp_count      0000000000000000     <absolute>
 0000:00000000       __guard_eh_cont_table      0000000000000000     <absolute>
 0000:00000000       __enclave_config           0000000000000000     <absolute>
 0000:00000000       ___safe_se_handler_count   0000000000000000     <absolute>
 0000:00000000       __AbsoluteZero             0000000000000000     <absolute>
 0000:00000000       ___safe_se_handler_table   0000000000000000     <absolute>
 0000:00000000       __guard_fids_table         0000000000000000     <absolute>
 0000:00000000       __hybrid_auxiliary_iat     0000000000000000     <absolute>
 0000:00000000       __dynamic_value_reloc_table 0000000000000000     <absolute>
 0000:00000100       __guard_flags              0000000000000100     <absolute>
 0000:00000000       __ImageBase                0000000180000000     <linker-defined>
 0001:00000040       ?PushSize_@@YAPEAXPEAUmemory_arena@@_K@Z 0000000180001040 f   handmade.obj
 0001:000007c0       GameUpdateAndRender        00000001800017c0 f   handmade.obj
 0001:00001840       GameGetSoundSamples        0000000180002840 f   handmade.obj
 0001:00001880       ?GetChunkPositionFor@@YA?AUtile_chunk_position@@PEAUtile_map@@III@Z 0000000180002880 f i handmade.obj
 0001:00001930       ?GetController@@YAPEAUgame_controller_input@@PEAUgame_input@@H@Z 0000000180002930 f i handmade.obj
 0001:00001980       ?GetTileChunk@@YAPEAUtile_chunk@@PEAUtile_map@@III@Z 0000000180002980 f i handmade.obj
 0001:00001a10       ?GetTileValue@@YAIPEAUtile_map@@PEAUtile_chunk@@II@Z 0000000180002a10 f i handmade.obj
 0001:00001a70       ?GetTileValueUnchecked@@YAIPEAUtile_map@@PEAUtile_chunk@@II@Z 0000000180002a70 f i handmade.obj
 0001:00001b00       ?RecanonicalizeCoord@@YAXPEAUtile_map@@PEAIPEAM@Z 0000000180002b00 f i handmade.obj
 0001:00001bc0       ?RecanonicalizePosition@@YA?AUtile_map_position@@PEAUtile_map@@U1@@Z 0000000180002bc0 f i handmade.obj
 0001:00001c50       ?RoundReal32ToInt32@@YAHM@Z 0000000180002c50 f i handmade.obj
 0001:00001c80       ?RoundReal32ToUInt32@@YAIM@Z 0000000180002c80 f i handmade.obj
 0001:00001cb0       ?SetTileValue@@YAXPEAUtile_map@@PEAUtile_chunk@@III@Z 0000000180002cb0 f i handmade.obj
 0001:00001d10       ?SetTileValueUnchecked@@YAXPEAUtile_map@@PEAUtile_chunk@@III@Z 0000000180002d10 f i handmade.obj
 0001:00001d90       __GSHandlerCheck           0000000180002d90 f   LIBCMTD:gshandler.obj
 0001:00001dd0       __GSHandlerCheckCommon     0000000180002dd0 f   LIBCMTD:gshandler.obj
 0001:00001ee0       __security_check_cookie    0000000180002ee0 f   LIBCMTD:amdsecgs.obj
 0001:00002320       _DllMainCRTStartup         0000000180003320 f   LIBCMTD:dll_dllmain.obj
 0001:00002360       __raise_securityfailure    0000000180003360 f   LIBCMTD:gs_report.obj
 0001:000023a0       __report_gsfailure         00000001800033a0 f   LIBCMTD:gs_report.obj
 0001:00002480       __report_rangecheckfailure 0000000180003480 f   LIBCMTD:gs_report.obj
 0001:000024a0       __report_securityfailure   00000001800034a0 f   LIBCMTD:gs_report.obj
 0001:00002760       __security_init_cookie     0000000180003760 f   LIBCMTD:gs_support.obj
 0001:000027e0       DllMain                    00000001800037e0 f   LIBCMTD:dll_dllmain_stub.obj
 0001:00002800       ?__scrt_initialize_type_info@@YAXXZ 0000000180003800 f   LIBCMTD:tncleanup.obj
 0001:00002820       ?__scrt_uninitialize_type_info@@YAXXZ 0000000180003820 f   LIBCMTD:tncleanup.obj
 0001:00002840       __local_stdio_printf_options 0000000180003840 f i LIBCMTD:default_local_stdio_options.obj
 0001:00002850       __local_stdio_scanf_options 0000000180003850 f i LIBCMTD:default_local_stdio_options.obj
 0001:00002860       __scrt_initialize_default_local_stdio_options 0000000180003860 f   LIBCMTD:default_local_stdio_options.obj
 0001:000028b0       ?configure_argv@__scrt_narrow_argv_policy@@SAHXZ 00000001800038b0 f i LIBCMTD:utility.obj
 0001:000029a0       ?initialize_environment@__scrt_narrow_environment_policy@@SAHXZ 00000001800039a0 f i LIBCMTD:utility.obj
 0001:00002a40       NtCurrentTeb               0000000180003a40 f i LIBCMTD:utility.obj
 0001:00002a50       __scrt_acquire_startup_lock 0000000180003a50 f   LIBCMTD:utility.obj
 0001:00002ac0       __scrt_dllmain_after_initialize_c 0000000180003ac0 f   LIBCMTD:utility.obj
 0001:00002af0       __scrt_dllmain_before_initialize_c 0000000180003af0 f   LIBCMTD:utility.obj
 0001:00002b10       __scrt_dllmain_crt_thread_attach 0000000180003b10 f   LIBCMTD:utility.obj
 0001:00002b40       __scrt_dllmain_crt_thread_detach 0000000180003b40 f   LIBCMTD:utility.obj
 0001:00002b60       __scrt_dllmain_exception_filter 0000000180003b60 f   LIBCMTD:utility.obj
 0001:00002bd0       __scrt_dllmain_uninitialize_c 0000000180003bd0 f   LIBCMTD:utility.obj
 0001:00002c00       __scrt_dllmain_uninitialize_critical 0000000180003c00 f   LIBCMTD:utility.obj
 0001:00002c20       __scrt_initialize_crt      0000000180003c20 f   LIBCMTD:utility.obj
 0001:00002c70       __scrt_initialize_onexit_tables 0000000180003c70 f   LIBCMTD:utility.obj
 0001:00002d80       __scrt_is_nonwritable_in_current_image 0000000180003d80 f   LIBCMTD:utility.obj
 0001:00002e10       __scrt_release_startup_lock 0000000180003e10 f   LIBCMTD:utility.obj
 0001:00002e40       __scrt_uninitialize_crt    0000000180003e40 f   LIBCMTD:utility.obj
 0001:00002e80       __scrt_get_dyn_tls_init_callback 0000000180003e80 f   LIBCMTD:dyn_tls_init.obj
 0001:00002e90       __crt_debugger_hook        0000000180003e90 f   LIBCMTD:utility_desktop.obj
 0001:00002ea0       __scrt_fastfail            0000000180003ea0 f   LIBCMTD:utility_desktop.obj
 0001:00003040       _RTC_Initialize            0000000180004040 f   LIBCMTD:initsect.obj
 0001:00003090       _RTC_Terminate             0000000180004090 f   LIBCMTD:initsect.obj
 0001:000030e0       _guard_check_icall_nop     00000001800040e0 f i LIBCMTD:guard_support.obj
 0001:000030e0       ??1scoped_global_state_reset@__crt_state_management@@QEAA@XZ 00000001800040e0 f i libucrtd:onexit.obj
 0001:000030e0       ??1?$__crt_simd_cleanup_guard@$0A@@@QEAA@XZ 00000001800040e0 f i libucrtd:strnlen.obj
 0001:000030f0       ReadNoFence64              00000001800040f0 f i LIBCMTD:guard_support.obj
 0001:000030f0       ?__crt_interlocked_read_64@@YA_JPED_J@Z 00000001800040f0 f i libvcruntimed:std_type_info.obj
 0001:00003110       ??$__crt_interlocked_read_pointer@X@@YAPEAXPEDSEAX@Z 0000000180004110 f i libvcruntimed:winapi_downlevel.obj
 0001:00003110       ReadPointerNoFence         0000000180004110 f i LIBCMTD:guard_support.obj
 0001:00003110       ??$__crt_interlocked_read_pointer@UHINSTANCE__@@@@YAPEAUHINSTANCE__@@PEDSEAU0@@Z 0000000180004110 f i libvcruntimed:winapi_downlevel.obj
 0001:00003130       _guard_icall_checks_enforced 0000000180004130 f i LIBCMTD:guard_support.obj
 0001:00003170       __isa_available_init       0000000180004170 f   LIBCMTD:cpu_disp.obj
 0001:00003510       _get_startup_argv_mode     0000000180004510 f   LIBCMTD:argv_mode.obj
 0001:00003520       __scrt_is_ucrt_dll_in_use  0000000180004520 f   LIBCMTD:ucrt_detection.obj
 0001:00003550       IsProcessorFeaturePresent  0000000180004550 f   kernel32:KERNEL32.dll
 0001:00003560       __C_specific_handler       0000000180004560 f   libvcruntimed:riscchandler.obj
 0001:000039d0       ??$?RU__crt_multibyte_data@@@__crt_internal_free_policy@@QEBAXQEBU__crt_multibyte_data@@@Z 00000001800049d0 f i libucrtd:mbctype.obj
 0001:000039d0       ??$?RE@__crt_internal_free_policy@@QEBAXQEBE@Z 00000001800049d0 f i libucrtd:argv_parsing.obj
 0001:000039d0       ??$?RD@__crt_internal_free_policy@@QEBAXQEBD@Z 00000001800049d0 f i libvcruntimed:std_type_info.obj
 0001:000039d0       ??$?RU__acrt_ptd@@@__crt_internal_free_policy@@QEBAXQEBU__acrt_ptd@@@Z 00000001800049d0 f i libucrtd:per_thread_data.obj
 0001:000039d0       ??$?RPEAD@__crt_internal_free_policy@@QEBAXQEBQEAD@Z 00000001800049d0 f i libucrtd:argv_parsing.obj
 0001:000039d0       ??$?RU__vcrt_ptd@@@__crt_internal_free_policy@@QEBAXQEBU__vcrt_ptd@@@Z 00000001800049d0 f i libvcruntimed:per_thread_data.obj
 0001:000039d0       ??$?RU__crt_lowio_handle_data@@@__crt_internal_free_policy@@QEBAXQEBU__crt_lowio_handle_data@@@Z 00000001800049d0 f i libucrtd:osfinfo.obj
 0001:000039d0       ??$?RPEAU__crt_stdio_stream_data@@@__crt_internal_free_policy@@QEBAXQEBQEAU__crt_stdio_stream_data@@@Z 00000001800049d0 f i libucrtd:_file.obj
 0001:00003a00       ??0?$__crt_unique_heap_ptr@U__acrt_ptd@@U__crt_internal_free_policy@@@@QEAA@QEAU__acrt_ptd@@@Z 0000000180004a00 f i libucrtd:per_thread_data.obj
 0001:00003a00       ??0?$__crt_scoped_stack_ptr_tag@_W@@QEAA@QEA_W@Z 0000000180004a00 f i libucrtd:getstringtypea.obj
 0001:00003a00       ??0?$string_output_adapter@_W@__crt_stdio_output@@QEAA@QEAU?$string_output_adapter_context@_W@1@@Z 0000000180004a00 f i libucrtd:output.obj
 0001:00003a00       ??0?$__crt_unique_heap_ptr@U__crt_lowio_handle_data@@U__crt_internal_free_policy@@@@QEAA@QEAU__crt_lowio_handle_data@@@Z 0000000180004a00 f i libucrtd:osfinfo.obj
 0001:00003a00       ??0?$__crt_unique_handle_t@U__crt_findfile_traits@@@@QEAA@QEAX@Z 0000000180004a00 f i libucrtd:argv_wildcards.obj
 0001:00003a00       ??0?$__crt_unique_heap_ptr@DU__crt_internal_free_policy@@@@QEAA@QEAD@Z 0000000180004a00 f i libvcruntimed:std_type_info.obj
 0001:00003a00       ??0?$string_output_adapter@D@__crt_stdio_output@@QEAA@QEAU?$string_output_adapter_context@D@1@@Z 0000000180004a00 f i libucrtd:output.obj
 0001:00003a00       ??0__crt_stdio_stream@@QEAA@QEAU__crt_stdio_stream_data@@@Z 0000000180004a00 f i libucrtd:fflush.obj
 0001:00003a00       ??0?$__crt_unique_heap_ptr@U__vcrt_ptd@@U__crt_internal_free_policy@@@@QEAA@QEAU__vcrt_ptd@@@Z 0000000180004a00 f i libvcruntimed:per_thread_data.obj
 0001:00003a00       ??0?$__crt_scoped_stack_ptr@_W@@QEAA@U?$__crt_scoped_stack_ptr_tag@_W@@@Z 0000000180004a00 f i libucrtd:getstringtypea.obj
 0001:00003a00       ??0?$__crt_unique_heap_ptr@EU__crt_internal_free_policy@@@@QEAA@QEAE@Z 0000000180004a00 f i libucrtd:argv_parsing.obj
 0001:00003a00       ??0?$__crt_unique_heap_ptr@PEAU__crt_stdio_stream_data@@U__crt_internal_free_policy@@@@QEAA@QEAPEAU__crt_stdio_stream_data@@@Z 0000000180004a00 f i libucrtd:_file.obj
 0001:00003a00       ??0?$__crt_unique_heap_ptr@DU__crt_public_free_policy@@@@QEAA@QEAD@Z 0000000180004a00 f i libvcruntimed:std_exception.obj
 0001:00003a00       ??0__crt_stdio_stream@@QEAA@QEAU_iobuf@@@Z 0000000180004a00 f i libucrtd:output.obj
 0001:00003a00       ??0?$__crt_unique_heap_ptr@PEADU__crt_internal_free_policy@@@@QEAA@QEAPEAD@Z 0000000180004a00 f i libucrtd:argv_parsing.obj
 0001:00003a00       ??0?$__crt_unique_heap_ptr@U__crt_multibyte_data@@U__crt_internal_free_policy@@@@QEAA@QEAU__crt_multibyte_data@@@Z 0000000180004a00 f i libucrtd:mbctype.obj
 0001:00003a00       ??0?$__crt_unique_handle_t@U__crt_hmodule_traits@@@@QEAA@QEAUHINSTANCE__@@@Z 0000000180004a00 f i libucrtd:exit.obj
 0001:00003a20       ??1?$__crt_unique_heap_ptr@DU__crt_internal_free_policy@@@@QEAA@XZ 0000000180004a20 f i libvcruntimed:std_type_info.obj
 0001:00003a20       ??1?$__crt_unique_heap_ptr@U__vcrt_ptd@@U__crt_internal_free_policy@@@@QEAA@XZ 0000000180004a20 f i libvcruntimed:per_thread_data.obj
 0001:00003a20       ??1?$__crt_unique_heap_ptr@U__crt_multibyte_data@@U__crt_internal_free_policy@@@@QEAA@XZ 0000000180004a20 f i libucrtd:mbctype.obj
 0001:00003a20       ??1?$__crt_unique_heap_ptr@U__acrt_ptd@@U__crt_internal_free_policy@@@@QEAA@XZ 0000000180004a20 f i libucrtd:per_thread_data.obj
 0001:00003a20       ??1?$__crt_unique_heap_ptr@U__crt_lowio_handle_data@@U__crt_internal_free_policy@@@@QEAA@XZ 0000000180004a20 f i libucrtd:osfinfo.obj
 0001:00003a20       ??1?$__crt_unique_heap_ptr@EU__crt_internal_free_policy@@@@QEAA@XZ 0000000180004a20 f i libucrtd:argv_parsing.obj
 0001:00003a20       ??1?$__crt_unique_heap_ptr@PEAU__crt_stdio_stream_data@@U__crt_internal_free_policy@@@@QEAA@XZ 0000000180004a20 f i libucrtd:_file.obj
 0001:00003a20       ??1?$__crt_unique_heap_ptr@PEADU__crt_internal_free_policy@@@@QEAA@XZ 0000000180004a20 f i libucrtd:argv_parsing.obj
 0001:00003a40       ??B?$__crt_unique_heap_ptr@U__crt_multibyte_data@@U__crt_internal_free_policy@@@@QEBA_NXZ 0000000180004a40 f i libucrtd:mbctype.obj
 0001:00003a40       ??B?$__crt_unique_heap_ptr@DU__crt_internal_free_policy@@@@QEBA_NXZ 0000000180004a40 f i libvcruntimed:std_type_info.obj
 0001:00003a40       ??B?$__crt_unique_heap_ptr@U__acrt_ptd@@U__crt_internal_free_policy@@@@QEBA_NXZ 0000000180004a40 f i libucrtd:per_thread_data.obj
 0001:00003a40       ??B?$__crt_unique_heap_ptr@DU__crt_public_free_policy@@@@QEBA_NXZ 0000000180004a40 f i libvcruntimed:std_exception.obj
 0001:00003a40       ??B?$__crt_unique_heap_ptr@EU__crt_internal_free_policy@@@@QEBA_NXZ 0000000180004a40 f i libucrtd:argv_parsing.obj
 0001:00003a40       ??B?$__crt_unique_heap_ptr@U__vcrt_ptd@@U__crt_internal_free_policy@@@@QEBA_NXZ 0000000180004a40 f i libvcruntimed:per_thread_data.obj
 0001:00003a40       ??B?$__crt_unique_heap_ptr@U__crt_lowio_handle_data@@U__crt_internal_free_policy@@@@QEBA_NXZ 0000000180004a40 f i libucrtd:osfinfo.obj
 0001:00003a60       ?get@?$__crt_unique_handle_t@U__crt_findfile_traits@@@@QEBAPEAXXZ 0000000180004a60 f i libucrtd:argv_wildcards.obj
 0001:00003a60       ?public_stream@__crt_stdio_stream@@QEBAPEAU_iobuf@@XZ 0000000180004a60 f i libucrtd:output.obj
 0001:00003a60       ?get@?$__crt_unique_heap_ptr@U__vcrt_ptd@@U__crt_internal_free_policy@@@@QEBAPEAU__vcrt_ptd@@XZ 0000000180004a60 f i libvcruntimed:per_thread_data.obj
 0001:00003a60       ?save_state@?$c_string_character_source@_W@__crt_strtox@@QEBAPEB_WXZ 0000000180004a60 f i libucrtd:atox.obj
 0001:00003a60       ?get@?$__crt_unique_heap_ptr@DU__crt_internal_free_policy@@@@QEBAPEADXZ 0000000180004a60 f i libvcruntimed:std_type_info.obj
 0001:00003a60       ?get@?$__crt_unique_heap_ptr@PEADU__crt_internal_free_policy@@@@QEBAPEAPEADXZ 0000000180004a60 f i libucrtd:argv_parsing.obj
 0001:00003a60       ?get@?$__crt_unique_heap_ptr@EU__crt_internal_free_policy@@@@QEBAPEAEXZ 0000000180004a60 f i libucrtd:argv_parsing.obj
 0001:00003a60       ?save_state@?$c_string_character_source@D@__crt_strtox@@QEBAPEBDXZ 0000000180004a60 f i libucrtd:atox.obj
 0001:00003a60       ?get@?$__crt_unique_heap_ptr@U__acrt_ptd@@U__crt_internal_free_policy@@@@QEBAPEAU__acrt_ptd@@XZ 0000000180004a60 f i libucrtd:per_thread_data.obj
 0001:00003a60       ?get@?$__crt_scoped_stack_ptr@_W@@QEBAPEA_WXZ 0000000180004a60 f i libucrtd:getstringtypea.obj
 0001:00003a60       ?get@?$__crt_unique_heap_ptr@U__crt_multibyte_data@@U__crt_internal_free_policy@@@@QEBAPEAU__crt_multibyte_data@@XZ 0000000180004a60 f i libucrtd:mbctype.obj
 0001:00003a60       ?get@?$__crt_unique_heap_ptr@U__crt_lowio_handle_data@@U__crt_internal_free_policy@@@@QEBAPEAU__crt_lowio_handle_data@@XZ 0000000180004a60 f i libucrtd:osfinfo.obj
 0001:00003a60       ?get@?$__crt_unique_handle_t@U__crt_hmodule_traits@@@@QEBAPEAUHINSTANCE__@@XZ 0000000180004a60 f i libucrtd:exit.obj
 0001:00003a60       ??C__crt_stdio_stream@@QEBAPEAU__crt_stdio_stream_data@@XZ 0000000180004a60 f i libucrtd:output.obj
 0001:00003a60       ?get@?$__crt_unique_heap_ptr@DU__crt_public_free_policy@@@@QEBAPEADXZ 0000000180004a60 f i libvcruntimed:std_exception.obj
 0001:00003a70       ?valid@__crt_stdio_stream@@QEBA_NXZ 0000000180004a70 f i libucrtd:output.obj
 0001:00003a70       ?is_valid@?$__crt_unique_heap_ptr@U__crt_multibyte_data@@U__crt_internal_free_policy@@@@QEBA_NXZ 0000000180004a70 f i libucrtd:mbctype.obj
 0001:00003a70       ?is_valid@?$__crt_unique_heap_ptr@DU__crt_internal_free_policy@@@@QEBA_NXZ 0000000180004a70 f i libvcruntimed:std_type_info.obj
 0001:00003a70       ??B?$__crt_scoped_stack_ptr@_W@@QEBA_NXZ 0000000180004a70 f i libucrtd:lcmapstringa.obj
 0001:00003a70       ?is_valid@?$__crt_unique_heap_ptr@U__acrt_ptd@@U__crt_internal_free_policy@@@@QEBA_NXZ 0000000180004a70 f i libucrtd:per_thread_data.obj
 0001:00003a70       ?is_valid@?$__crt_unique_heap_ptr@U__vcrt_ptd@@U__crt_internal_free_policy@@@@QEBA_NXZ 0000000180004a70 f i libvcruntimed:per_thread_data.obj
 0001:00003a70       ?is_valid@?$__crt_unique_heap_ptr@U__crt_lowio_handle_data@@U__crt_internal_free_policy@@@@QEBA_NXZ 0000000180004a70 f i libucrtd:osfinfo.obj
 0001:00003a70       ?is_valid@?$__crt_unique_heap_ptr@DU__crt_public_free_policy@@@@QEBA_NXZ 0000000180004a70 f i libvcruntimed:std_exception.obj
 0001:00003a70       ?is_valid@?$__crt_unique_heap_ptr@EU__crt_internal_free_policy@@@@QEBA_NXZ 0000000180004a70 f i libucrtd:argv_parsing.obj
 0001:00003aa0       ?release@?$__crt_unique_heap_ptr@PEADU__crt_internal_free_policy@@@@QEAAXXZ 0000000180004aa0 f i libucrtd:argv_parsing.obj
 0001:00003aa0       ?release@?$__crt_unique_heap_ptr@PEAU__crt_stdio_stream_data@@U__crt_internal_free_policy@@@@QEAAXXZ 0000000180004aa0 f i libucrtd:_file.obj
 0001:00003aa0       ?release@?$__crt_unique_heap_ptr@U__crt_multibyte_data@@U__crt_internal_free_policy@@@@QEAAXXZ 0000000180004aa0 f i libucrtd:mbctype.obj
 0001:00003aa0       ?release@?$__crt_unique_heap_ptr@U__acrt_ptd@@U__crt_internal_free_policy@@@@QEAAXXZ 0000000180004aa0 f i libucrtd:per_thread_data.obj
 0001:00003aa0       ?release@?$__crt_unique_heap_ptr@EU__crt_internal_free_policy@@@@QEAAXXZ 0000000180004aa0 f i libucrtd:argv_parsing.obj
 0001:00003aa0       ?release@?$__crt_unique_heap_ptr@DU__crt_internal_free_policy@@@@QEAAXXZ 0000000180004aa0 f i libvcruntimed:std_type_info.obj
 0001:00003aa0       ?release@?$__crt_unique_heap_ptr@U__crt_lowio_handle_data@@U__crt_internal_free_policy@@@@QEAAXXZ 0000000180004aa0 f i libucrtd:osfinfo.obj
 0001:00003aa0       ?release@?$__crt_unique_heap_ptr@U__vcrt_ptd@@U__crt_internal_free_policy@@@@QEAAXXZ 0000000180004aa0 f i libvcruntimed:per_thread_data.obj
 0001:00003ad0       __std_type_info_compare    0000000180004ad0 f   libvcruntimed:std_type_info.obj
 0001:00003b10       __std_type_info_destroy_list 0000000180004b10 f   libvcruntimed:std_type_info.obj
 0001:00003b70       __vcrt_initialize          0000000180004b70 f   libvcruntimed:initialization.obj
 0001:00003bb0       __vcrt_thread_attach       0000000180004bb0 f   libvcruntimed:initialization.obj
 0001:00003bd0       __vcrt_thread_detach       0000000180004bd0 f   libvcruntimed:initialization.obj
 0001:00003bf0       __vcrt_uninitialize        0000000180004bf0 f   libvcruntimed:initialization.obj
 0001:00003c10       __vcrt_uninitialize_critical 0000000180004c10 f   libvcruntimed:initialization.obj
 0001:00003c30       __DestructExceptionObject  0000000180004c30 f   libvcruntimed:ehhelpers.obj
 0001:00003d30       ?_CallMemberFunction0@@YAXQEAX0@Z 0000000180004d30 f i libvcruntimed:ehhelpers.obj
 0001:00003e00       _IsExceptionObjectToBeDestroyed 0000000180004e00 f   libvcruntimed:ehhelpers.obj
 0001:00003e50       __AdjustPointer            0000000180004e50 f   libvcruntimed:ehhelpers.obj
 0001:00003ed0       __FrameUnwindFilter        0000000180004ed0 f   libvcruntimed:ehhelpers.obj
 0001:00003f90       _NLG_Notify                0000000180004f90 f   libvcruntimed:notify.obj
 0001:00003fb0       __NLG_Dispatch2            0000000180004fb0 f   libvcruntimed:notify.obj
 0001:00003fc0       __NLG_Return2              0000000180004fc0 f   libvcruntimed:notify.obj
 0001:00003fd0       __except_validate_context_record 0000000180004fd0 f   libvcruntimed:jbcxrval.obj
 0001:00004030       _vsprintf_s_l              0000000180005030 f i libvcruntimed:undname.obj
 0001:000040a0       sprintf_s                  00000001800050a0 f i libvcruntimed:undname.obj
 0001:00004140       ?detach@?$__crt_unique_heap_ptr@EU__crt_internal_free_policy@@@@QEAAPEAEXZ 0000000180005140 f i libucrtd:argv_parsing.obj
 0001:00004140       ?detach@?$__crt_unique_heap_ptr@U__vcrt_ptd@@U__crt_internal_free_policy@@@@QEAAPEAU__vcrt_ptd@@XZ 0000000180005140 f i libvcruntimed:per_thread_data.obj
 0001:00004140       ?detach@?$__crt_unique_heap_ptr@U__acrt_ptd@@U__crt_internal_free_policy@@@@QEAAPEAU__acrt_ptd@@XZ 0000000180005140 f i libucrtd:per_thread_data.obj
 0001:00004140       ?detach@?$__crt_unique_heap_ptr@U__crt_multibyte_data@@U__crt_internal_free_policy@@@@QEAAPEAU__crt_multibyte_data@@XZ 0000000180005140 f i libucrtd:mbctype.obj
 0001:00004140       ?detach@?$__crt_unique_heap_ptr@PEAU__crt_stdio_stream_data@@U__crt_internal_free_policy@@@@QEAAPEAPEAU__crt_stdio_stream_data@@XZ 0000000180005140 f i libucrtd:_file.obj
 0001:00004140       ?detach@?$__crt_unique_heap_ptr@PEADU__crt_internal_free_policy@@@@QEAAPEAPEADXZ 0000000180005140 f i libucrtd:argv_parsing.obj
 0001:00004140       ?detach@?$__crt_unique_heap_ptr@DU__crt_public_free_policy@@@@QEAAPEADXZ 0000000180005140 f i libvcruntimed:std_exception.obj
 0001:00004140       ?detach@?$__crt_unique_heap_ptr@U__crt_lowio_handle_data@@U__crt_internal_free_policy@@@@QEAAPEAU__crt_lowio_handle_data@@XZ 0000000180005140 f i libucrtd:osfinfo.obj
 0001:000041b0       __vcrt_freefls             00000001800051b0 f   libvcruntimed:per_thread_data.obj
 0001:000041f0       __vcrt_freeptd             00000001800051f0 f   libvcruntimed:per_thread_data.obj
 0001:00004250       __vcrt_getptd              0000000180005250 f   libvcruntimed:per_thread_data.obj
 0001:00004280       __vcrt_getptd_noexit       0000000180005280 f   libvcruntimed:per_thread_data.obj
 0001:00004420       __vcrt_initialize_ptd      0000000180005420 f   libvcruntimed:per_thread_data.obj
 0001:00004470       __vcrt_uninitialize_ptd    0000000180005470 f   libvcruntimed:per_thread_data.obj
 0001:000044a0       __vcrt_initialize_locks    00000001800054a0 f   libvcruntimed:locks.obj
 0001:00004510       __vcrt_uninitialize_locks  0000000180005510 f   libvcruntimed:locks.obj
 0001:00004580       memcpy_repmovs             0000000180005580 f   libvcruntimed:memcpy.obj
 0001:000045a0       memcpy                     00000001800055a0 f   libvcruntimed:memcpy.obj
 0001:000045a0       memmove                    00000001800055a0 f   libvcruntimed:memcpy.obj
 0001:00004980       ??$?0AEAViterator@TryBlockMap@__FrameHandler3@@AEAV012@$0A@@?$pair@Viterator@TryBlockMap@__FrameHandler3@@V123@@std@@QEAA@AEAViterator@TryBlockMap@__FrameHandler3@@0@Z 0000000180005980 f i libvcruntimed:risctrnsctrl.obj
 0001:00004a90       ??$_CallSETranslator@V__FrameHandler3@@@@YAHPEAUEHExceptionRecord@@PEA_KPEAU_CONTEXT@@PEAU_xDISPATCHER_CONTEXT@@PEBU_s_FuncInfo@@K1@Z 0000000180005a90 f i libvcruntimed:risctrnsctrl.obj
 0001:00004b20       ?debug_info@?$__crt_win32_buffer@DU__crt_win32_buffer_no_resizing@@@@QEBAAEBV__crt_win32_buffer_empty_debug_info@@XZ 0000000180005b20 f i libucrtd:getmodulefilenamea.obj
 0001:00004b20       ??$forward@AEAViterator@TryBlockMap@__FrameHandler3@@@std@@YAAEAViterator@TryBlockMap@__FrameHandler3@@AEAV123@@Z 0000000180005b20 f i libvcruntimed:risctrnsctrl.obj
 0001:00004b20       ?get_address_of@?$__crt_unique_handle_t@U__crt_hmodule_traits@@@@QEAAPEAPEAUHINSTANCE__@@XZ 0000000180005b20 f i libucrtd:exit.obj
 0001:00004b20       ?dangerous_get_state_array@?$dual_state_global@PEAE@__crt_state_management@@QEAAPEAPEAEXZ 0000000180005b20 f i libucrtd:mbctype.obj
 0001:00004b20       ?debug_info@?$__crt_win32_buffer@_WU__crt_win32_buffer_internal_dynamic_resizing@@@@QEBAAEBV__crt_win32_buffer_empty_debug_info@@XZ 0000000180005b20 f i libucrtd:argv_wildcards.obj
 0001:00004b20       ?dangerous_get_state_array@?$dual_state_global@P6AXPEB_W00I_K@Z@__crt_state_management@@QEAAPEAP6AXPEB_W00I_K@ZXZ 0000000180005b20 f i libucrtd:invalid_parameter.obj
 0001:00004b20       ?get_address_of@?$__crt_unique_heap_ptr@PEADU__crt_internal_free_policy@@@@QEAAPEAPEAPEADXZ 0000000180005b20 f i libucrtd:argv_parsing.obj
 0001:00004b20       ?dangerous_get_state_array@?$dual_state_global@PEAU__crt_multibyte_data@@@__crt_state_management@@QEAAPEAPEAU__crt_multibyte_data@@XZ 0000000180005b20 f i libucrtd:mbctype.obj
 0001:00004b20       ?dangerous_get_state_array@?$dual_state_global@PEAU__crt_locale_data@@@__crt_state_management@@QEAAPEAPEAU__crt_locale_data@@XZ 0000000180005b20 f i libucrtd:per_thread_data.obj
 0001:00004b20       ?debug_info@?$__crt_win32_buffer@DU__crt_win32_buffer_internal_dynamic_resizing@@@@QEBAAEBV__crt_win32_buffer_empty_debug_info@@XZ 0000000180005b20 f i libucrtd:argv_wildcards.obj
 0001:00004b30       ??0iterator@HandlerMap@__FrameHandler3@@QEAA@AEAV12@I@Z 0000000180005b30 f i libvcruntimed:frame.obj
 0001:00004b30       ??0iterator@TryBlockMap@__FrameHandler3@@QEAA@AEAV12@I@Z 0000000180005b30 f i libvcruntimed:risctrnsctrl.obj
 0001:00004b60       ?CatchTryBlock@__FrameHandler3@@SAPEBU_s_TryBlockMapEntry@@PEBU_s_FuncInfo@@H@Z 0000000180005b60 f   libvcruntimed:risctrnsctrl.obj
 0001:00004bf0       ?ExecutionInCatch@__FrameHandler3@@SA_NPEAU_xDISPATCHER_CONTEXT@@PEBU_s_FuncInfo@@@Z 0000000180005bf0 f   libvcruntimed:risctrnsctrl.obj
 0001:00004c40       ?FrameUnwindToEmptyState@__FrameHandler3@@SAXPEA_KPEAU_xDISPATCHER_CONTEXT@@PEBU_s_FuncInfo@@@Z 0000000180005c40 f   libvcruntimed:risctrnsctrl.obj
 0001:00004ce0       ?GetEstablisherFrame@__FrameHandler3@@SAPEA_KPEA_KPEAU_xDISPATCHER_CONTEXT@@PEBU_s_FuncInfo@@0@Z 0000000180005ce0 f   libvcruntimed:risctrnsctrl.obj
 0001:00004e50       ?GetRangeOfTrysToCheck@__FrameHandler3@@SA?AU?$pair@Viterator@TryBlockMap@__FrameHandler3@@V123@@std@@AEAVTryBlockMap@1@HPEAU_xDISPATCHER_CONTEXT@@PEBU_s_FuncInfo@@H@Z 0000000180005e50 f   libvcruntimed:risctrnsctrl.obj
 0001:00005090       ?UnwindNestedFrames@__FrameHandler3@@SAXPEA_KPEAUEHExceptionRecord@@PEAU_CONTEXT@@0PEAXPEBU_s_FuncInfo@@HHPEBU_s_HandlerType@@PEAU_xDISPATCHER_CONTEXT@@E@Z 0000000180006090 f   libvcruntimed:risctrnsctrl.obj
 0001:00005200       _CreateFrameInfo           0000000180006200 f   libvcruntimed:risctrnsctrl.obj
 0001:00005270       _FindAndUnlinkFrame        0000000180006270 f   libvcruntimed:risctrnsctrl.obj
 0001:000052f0       _GetImageBase              00000001800062f0 f   libvcruntimed:risctrnsctrl.obj
 0001:00005310       _GetThrowImageBase         0000000180006310 f   libvcruntimed:risctrnsctrl.obj
 0001:00005330       _SetImageBase              0000000180006330 f   libvcruntimed:risctrnsctrl.obj
 0001:00005350       _SetThrowImageBase         0000000180006350 f   libvcruntimed:risctrnsctrl.obj
 0001:00005370       __CxxFrameHandler3         0000000180006370 f   libvcruntimed:risctrnsctrl.obj
 0001:00005450       ??$__crt_interlocked_exchange_pointer@UHINSTANCE__@@PEAU1@@@YAPEAUHINSTANCE__@@PEDSEAU0@QEAU0@@Z 0000000180006450 f i libvcruntimed:winapi_downlevel.obj
 0001:00005450       ??$__crt_interlocked_exchange_pointer@XPEAX@@YAPEAXPEDSEAXQEAX@Z 0000000180006450 f i libvcruntimed:winapi_downlevel.obj
 0001:00005450       ??$__crt_interlocked_exchange_pointer@UHINSTANCE__@@PEAX@@YAPEAUHINSTANCE__@@PEDSEAU0@QEAX@Z 0000000180006450 f i libvcruntimed:winapi_downlevel.obj
 0001:00005470       ?get_invalid_value@__crt_findfile_traits@@SAPEAXXZ 0000000180006470 f   libucrtd:argv_wildcards.obj
 0001:00005960       __vcrt_FlsAlloc            0000000180006960 f   libvcruntimed:winapi_downlevel.obj
 0001:000059b0       __vcrt_FlsFree             00000001800069b0 f   libvcruntimed:winapi_downlevel.obj
 0001:00005a00       __vcrt_FlsGetValue         0000000180006a00 f   libvcruntimed:winapi_downlevel.obj
 0001:00005a50       __vcrt_FlsSetValue         0000000180006a50 f   libvcruntimed:winapi_downlevel.obj
 0001:00005ab0       __vcrt_InitializeCriticalSectionEx 0000000180006ab0 f   libvcruntimed:winapi_downlevel.obj
 0001:00005b20       ?GetCurrentState@__FrameHandler3@@SAHPEA_KPEAU_xDISPATCHER_CONTEXT@@PEBU_s_FuncInfo@@@Z 0000000180006b20 f   libvcruntimed:ehstate.obj
 0001:00005b80       ?GetUnwindTryBlock@__FrameHandler3@@SAHPEA_KPEAU_xDISPATCHER_CONTEXT@@PEBU_s_FuncInfo@@@Z 0000000180006b80 f   libvcruntimed:ehstate.obj
 0001:00005bd0       ?SetState@__FrameHandler3@@SAXPEA_KPEBU_s_FuncInfo@@H@Z 0000000180006bd0 f   libvcruntimed:ehstate.obj
 0001:00005c00       ?SetUnwindTryBlock@__FrameHandler3@@SAXPEA_KPEAU_xDISPATCHER_CONTEXT@@PEBU_s_FuncInfo@@H@Z 0000000180006c00 f   libvcruntimed:ehstate.obj
 0001:00005c70       ?StateFromControlPc@__FrameHandler3@@SAHPEBU_s_FuncInfo@@PEAU_xDISPATCHER_CONTEXT@@@Z 0000000180006c70 f   libvcruntimed:ehstate.obj
 0001:00005cb0       ?StateFromIp@__FrameHandler3@@SAHPEBU_s_FuncInfo@@PEAU_xDISPATCHER_CONTEXT@@_K@Z 0000000180006cb0 f   libvcruntimed:ehstate.obj
 0001:00005da0       ?__RVAtoRealOffset@@YA_KPEAU_xDISPATCHER_CONTEXT@@H@Z 0000000180006da0 f i libvcruntimed:ehstate.obj
 0001:00006f70       ??$TypeMatchHelper@V__FrameHandler3@@@@YAHPEBU_s_HandlerType@@PEBU_s_CatchableType@@PEBU_s_ThrowInfo@@@Z 0000000180007f70 f i libvcruntimed:frame.obj
 0001:00007170       ??$__InternalCxxFrameHandler@V__FrameHandler3@@@@YA?AW4_EXCEPTION_DISPOSITION@@PEAUEHExceptionRecord@@PEA_KPEAU_CONTEXT@@PEAU_xDISPATCHER_CONTEXT@@PEBU_s_FuncInfo@@H1E@Z 0000000180008170 f i libvcruntimed:frame.obj
 0001:000075e0       ??0HandlerMap@__FrameHandler3@@QEAA@PEBU_s_TryBlockMapEntry@@_KI@Z 00000001800085e0 f i libvcruntimed:frame.obj
 0001:00007630       ??0TryBlockMap@__FrameHandler3@@QEAA@PEBU_s_FuncInfo@@_K@Z 0000000180008630 f i libvcruntimed:frame.obj
 0001:00007660       ??0bad_exception@std@@QEAA@AEBV01@@Z 0000000180008660 f i libvcruntimed:frame.obj
 0001:000076a0       ??0bad_exception@std@@QEAA@XZ 00000001800086a0 f i libvcruntimed:frame.obj
 0001:000076e0       ??0exception@std@@QEAA@AEBV01@@Z 00000001800086e0 f i libvcruntimed:frame.obj
 0001:00007740       ??0exception@std@@QEAA@QEBDH@Z 0000000180008740 f i libvcruntimed:frame.obj
 0001:00007790       ??1bad_exception@std@@UEAA@XZ 0000000180008790 f i libvcruntimed:frame.obj
 0001:000077b0       ??1exception@std@@UEAA@XZ  00000001800087b0 f i libvcruntimed:frame.obj
 0001:000077e0       ??8iterator@HandlerMap@__FrameHandler3@@QEBA_NAEBV012@@Z 00000001800087e0 f i libvcruntimed:frame.obj
 0001:00007820       ??8type_info@@QEBA_NAEBV0@@Z 0000000180008820 f i libvcruntimed:frame.obj
 0001:00007870       ??9iterator@HandlerMap@__FrameHandler3@@QEBA_NAEBV012@@Z 0000000180008870 f i libvcruntimed:frame.obj
 0001:000078b0       ??Diterator@HandlerMap@__FrameHandler3@@QEAA?BU_s_HandlerType@@XZ 00000001800088b0 f i libvcruntimed:frame.obj
 0001:000078f0       ??Diterator@TryBlockMap@__FrameHandler3@@QEAA?BU_s_TryBlockMapEntry@@XZ 00000001800088f0 f i libvcruntimed:frame.obj
 0001:00007940       ??Eiterator@HandlerMap@__FrameHandler3@@QEAAAEAV012@XZ 0000000180008940 f i libvcruntimed:frame.obj
 0001:00007940       ??Eiterator@TryBlockMap@__FrameHandler3@@QEAAAEAV012@XZ 0000000180008940 f i libvcruntimed:frame.obj
 0001:00007960       ??Miterator@TryBlockMap@__FrameHandler3@@QEBA_NAEBV012@@Z 0000000180008960 f i libvcruntimed:frame.obj
 0001:000079a0       ??_Gbad_exception@std@@UEAAPEAXI@Z 00000001800089a0 f i libvcruntimed:frame.obj
 0001:000079a0       ??_Ebad_exception@std@@UEAAPEAXI@Z 00000001800089a0 f i libvcruntimed:frame.obj
 0001:000079e0       ??_Eexception@std@@UEAAPEAXI@Z 00000001800089e0 f i libvcruntimed:frame.obj
 0001:000079e0       ??_Gexception@std@@UEAAPEAXI@Z 00000001800089e0 f i libvcruntimed:frame.obj
 0001:00007a20       ?BuildCatchObject@__FrameHandler3@@SAXPEAUEHExceptionRecord@@PEAXPEBU_s_HandlerType@@PEBU_s_CatchableType@@@Z 0000000180008a20 f   libvcruntimed:frame.obj
 0001:00007a60       ?CxxCallCatchBlock@__FrameHandler3@@SAPEAXPEAU_EXCEPTION_RECORD@@@Z 0000000180008a60 f   libvcruntimed:frame.obj
 0001:00007dc0       ?FrameUnwindToState@__FrameHandler3@@SAXPEA_KPEAU_xDISPATCHER_CONTEXT@@PEBU_s_FuncInfo@@H@Z 0000000180008dc0 f   libvcruntimed:frame.obj
 0001:00008010       ?GetHandlerSearchState@__FrameHandler3@@SAHPEA_KPEAU_xDISPATCHER_CONTEXT@@PEBU_s_FuncInfo@@@Z 0000000180009010 f i libvcruntimed:frame.obj
 0001:000080c0       ?GetMaxState@__FrameHandler3@@SAHPEAU_xDISPATCHER_CONTEXT@@PEBU_s_FuncInfo@@@Z 00000001800090c0 f i libvcruntimed:frame.obj
 0001:000082c0       ?TypeMatch@__FrameHandler3@@SAHPEBU_s_HandlerType@@PEBU_s_CatchableType@@PEBU_s_ThrowInfo@@@Z 00000001800092c0 f   libvcruntimed:frame.obj
 0001:000082c0       __TypeMatch                00000001800092c0 f   libvcruntimed:frame.obj
 0001:000082f0       ?_CallMemberFunction1@@YAXQEAX00@Z 00000001800092f0 f i libvcruntimed:frame.obj
 0001:00008330       ?_CallMemberFunction2@@YAXQEAX00H@Z 0000000180009330 f i libvcruntimed:frame.obj
 0001:000083c0       ?begin@HandlerMap@__FrameHandler3@@QEAA?AViterator@12@XZ 00000001800093c0 f i libvcruntimed:frame.obj
 0001:000083f0       ?end@HandlerMap@__FrameHandler3@@QEAA?AViterator@12@XZ 00000001800093f0 f i libvcruntimed:frame.obj
 0001:00008420       ?getESTypes@__FrameHandler3@@SAPEBU_s_ESTypeList@@PEBU_s_FuncInfo@@@Z 0000000180009420 f i libvcruntimed:frame.obj
 0001:00008460       ?getLastEntry@HandlerMap@__FrameHandler3@@QEAAPEBU_s_HandlerType@@XZ 0000000180009460 f i libvcruntimed:frame.obj
 0001:00008480       ?getMagicNum@__FrameHandler3@@SAIPEBU_s_FuncInfo@@@Z 0000000180009480 f i libvcruntimed:frame.obj
 0001:000084a0       ?getNumTryBlocks@TryBlockMap@__FrameHandler3@@QEAAIXZ 00000001800094a0 f i libvcruntimed:frame.obj
 0001:000084c0       ?isEHs@__FrameHandler3@@SA_NPEBU_s_FuncInfo@@@Z 00000001800094c0 f i libvcruntimed:frame.obj
 0001:00008500       ?isNoExcept@__FrameHandler3@@SA_NPEBU_s_FuncInfo@@@Z 0000000180009500 f i libvcruntimed:frame.obj
 0001:00008540       ?what@exception@std@@UEBAPEBDXZ 0000000180009540 f i libvcruntimed:frame.obj
 0001:00008580       __vcrt_EncodePointer       0000000180009580 f i libvcruntimed:frame.obj
 0001:000085b0       memset_repmovs             00000001800095b0 f   libvcruntimed:memset.obj
 0001:000085d0       memset                     00000001800095d0 f   libvcruntimed:memset.obj
 0001:00008770       _CallSettingFrame          0000000180009770 f   libvcruntimed:handlers.obj
 0001:000087c0       _CallSettingFrame_LookupContinuationIndex 00000001800097c0 f   libvcruntimed:handlers.obj
 0001:000087f0       _CallSettingFrame_NotifyContinuationAddr 00000001800097f0 f   libvcruntimed:handlers.obj
 0001:00008820       _CallSettingFrameEncoded   0000000180009820 f   libvcruntimed:handlers.obj
 0001:00008870       ??$?RD@__crt_public_free_policy@@QEBAXQEBD@Z 0000000180009870 f i libvcruntimed:std_exception.obj
 0001:00008890       ??1?$__crt_unique_heap_ptr@DU__crt_public_free_policy@@@@QEAA@XZ 0000000180009890 f i libvcruntimed:std_exception.obj
 0001:000088b0       ?release@?$__crt_unique_heap_ptr@DU__crt_public_free_policy@@@@QEAAXXZ 00000001800098b0 f i libvcruntimed:std_exception.obj
 0001:000088e0       __std_exception_copy       00000001800098e0 f   libvcruntimed:std_exception.obj
 0001:00008a20       __std_exception_destroy    0000000180009a20 f   libvcruntimed:std_exception.obj
 0001:00008a60       _CxxThrowException         0000000180009a60 f   libvcruntimed:throw.obj
 0001:00008b90       roundf                     0000000180009b90 f   libucrtd:roundf.obj
 0001:00008c20       _initterm                  0000000180009c20 f   libucrtd:initterm.obj
 0001:00008c80       _initterm_e                0000000180009c80 f   libucrtd:initterm.obj
 0001:00008d70       _seh_filter_dll            0000000180009d70 f   libucrtd:exception_filter.obj
 0001:00008da0       _seh_filter_exe            0000000180009da0 f   libucrtd:exception_filter.obj
 0001:00009040       ??$?B$$A6AXXZ@__crt_fast_encoded_nullptr_t@@QEBAP6AXXZXZ 000000018000a040 f i libucrtd:onexit.obj
 0001:00009040       ??$?B$$A6AXPEAXK0@Z@__crt_fast_encoded_nullptr_t@@QEBAP6AXPEAXK0@ZXZ 000000018000a040 f i libucrtd:exit.obj
 0001:00009040       ??$?B$$A6AXH@Z@__crt_fast_encoded_nullptr_t@@QEBAP6AXH@ZXZ 000000018000a040 f i libucrtd:signal.obj
 0001:00009040       ??$?BP6AXXZ@__crt_fast_encoded_nullptr_t@@QEBAPEAP6AXXZXZ 000000018000a040 f i libucrtd:onexit.obj
 0001:00009040       ??$?BX@__crt_fast_encoded_nullptr_t@@QEBAPEAXXZ 000000018000a040 f i libucrtd:initialization.obj
 0001:000090f0       ??$__crt_fast_decode_pointer@P6AXPEB_W00I_K@Z@@YAP6AXPEB_W00I_K@ZQ6AX000I1@Z@Z 000000018000a0f0 f i libucrtd:invalid_parameter.obj
 0001:000090f0       ??$__crt_fast_decode_pointer@PEAX@@YAPEAXQEAX@Z 000000018000a0f0 f i libucrtd:winapi_thunks.obj
 0001:000090f0       ??$__crt_fast_decode_pointer@PEAP6AXXZ@@YAPEAP6AXXZQEAP6AXXZ@Z 000000018000a0f0 f i libucrtd:onexit.obj
 0001:000090f0       ??$__crt_fast_decode_pointer@P6AH_K@Z@@YAP6AH_K@ZQ6AH0@Z@Z 000000018000a0f0 f i libucrtd:new_handler.obj
 0001:000090f0       ??$__crt_fast_decode_pointer@P6AXH@Z@@YAP6AXH@ZQ6AXH@Z@Z 000000018000a0f0 f i libucrtd:signal.obj
 0001:000090f0       ??$__crt_fast_decode_pointer@P6AHPEAU_exception@@@Z@@YAP6AHPEAU_exception@@@ZQ6AH0@Z@Z 000000018000a0f0 f i libucrtd:matherr.obj
 0001:000090f0       ??$__crt_fast_decode_pointer@P6AXXZ@@YAP6AXXZQ6AXXZ@Z 000000018000a0f0 f i libucrtd:onexit.obj
 0001:000090f0       ??$__crt_fast_decode_pointer@P6AXPEAXK0@Z@@YAP6AXPEAXK0@ZQ6AX0K0@Z@Z 000000018000a0f0 f i libucrtd:exit.obj
 0001:00009130       ??$__crt_fast_encode_pointer@P6AXH@Z@@YAP6AXH@ZQ6AXH@Z@Z 000000018000a130 f i libucrtd:signal.obj
 0001:00009130       ??$__crt_fast_encode_pointer@PEAX@@YAPEAXQEAX@Z 000000018000a130 f i libucrtd:initialization.obj
 0001:00009130       ??$__crt_fast_encode_pointer@P6AXXZ@@YAP6AXXZQ6AXXZ@Z 000000018000a130 f i libucrtd:onexit.obj
 0001:00009130       ??$__crt_fast_encode_pointer@P6AXPEAXK0@Z@@YAP6AXPEAXK0@ZQ6AX0K0@Z@Z 000000018000a130 f i libucrtd:exit.obj
 0001:00009130       ??$__crt_fast_encode_pointer@PEAP6AXXZ@@YAPEAP6AXXZQEAP6AXXZ@Z 000000018000a130 f i libucrtd:onexit.obj
 0001:00009170       ??$__crt_get_proc_address@P6AXI@Z@@YAP6AXI@ZQEAUHINSTANCE__@@QEBD@Z 000000018000a170 f i libucrtd:exit.obj
 0001:000091a0       ??$__crt_interlocked_read@J@@YAJPEDJ@Z 000000018000a1a0 f i libucrtd:exit.obj
 0001:00009230       ??1?$__crt_unique_handle_t@U__crt_hmodule_traits@@@@QEAA@XZ 000000018000a230 f i libucrtd:exit.obj
 0001:00009390       ?__acrt_select_exit_lock@@YA?AW4__acrt_lock_id@@XZ 000000018000a390 f i libucrtd:exit.obj
 0001:000093a0       ?__crt_fast_encode_pointer@@YA?AU__crt_fast_encoded_nullptr_t@@$$T@Z 000000018000a3a0 f i libucrtd:exit.obj
 0001:000093c0       ?__crt_interlocked_read_32@@YAHPEDH@Z 000000018000a3c0 f i libucrtd:exit.obj
 0001:000093e0       ?__crt_rotate_pointer_value@@YA_K_KH@Z 000000018000a3e0 f i libucrtd:exit.obj
 0001:00009420       ?close@?$__crt_unique_handle_t@U__crt_hmodule_traits@@@@QEAAXXZ 000000018000a420 f i libucrtd:exit.obj
 0001:00009460       ?close@__crt_hmodule_traits@@SA_NPEAUHINSTANCE__@@@Z 000000018000a460 f i libucrtd:exit.obj
 0001:00009570       ?get_invalid_value@__crt_hmodule_traits@@SAPEAUHINSTANCE__@@XZ 000000018000a570 f i libucrtd:exit.obj
 0001:00009570       ?get_current_state_index@__crt_state_management@@YA_KXZ 000000018000a570 f i libucrtd:environment_initialization.obj
 0001:00009730       __acrt_initialize_thread_local_exit_callback 000000018000a730 f   libucrtd:exit.obj
 0001:00009750       _cexit                     000000018000a750 f   libucrtd:exit.obj
 0001:00009770       _exit                      000000018000a770 f   libucrtd:exit.obj
 0001:00009790       _is_c_termination_complete 000000018000a790 f   libucrtd:exit.obj
 0001:00009b40       ??$get_module_file_name@AEAPEAUHINSTANCE__@@AEAY0BAF@DK@?$__crt_char_traits@D@@SAKAEAPEAUHINSTANCE__@@AEAY0BAF@D$$QEAK@Z 000000018000ab40 f i libucrtd:dbgrpt.obj
 0001:00009b40       ??$get_module_file_name@$$TAEAY0BAF@DH@?$__crt_char_traits@D@@SAK$$QEA$$TAEAY0BAF@D$$QEAH@Z 000000018000ab40 f i libucrtd:argv_parsing.obj
 0001:0000a010       ??$set_program_name@PEAD@?$__crt_char_traits@D@@SAX$$QEAPEAD@Z 000000018000b010 f i libucrtd:argv_parsing.obj
 0001:0000a140       __acrt_allocate_buffer_for_argv 000000018000b140 f   libucrtd:argv_parsing.obj
 0001:0000a260       _configure_narrow_argv     000000018000b260 f   libucrtd:argv_parsing.obj
 0001:0000a280       _set_pgmptr                000000018000b280 f i libucrtd:argv_parsing.obj
 0001:0000a4b0       ??$tcslen@AEAPEAD@?$__crt_char_traits@D@@SA_KAEAPEAD@Z 000000018000b4b0 f i libucrtd:environment_initialization.obj
 0001:0000a4fc       ??B?$__crt_unique_heap_ptr@PEADU__crt_internal_free_policy@@@@QEBA_NXZ 000000018000b4fc f i libucrtd:environment_initialization.obj
 0001:0000a504       ?detach@?$__crt_unique_heap_ptr@DU__crt_internal_free_policy@@@@QEAAPEADXZ 000000018000b504 f i libucrtd:environment_initialization.obj
 0001:0000a50c       __dcrt_uninitialize_environments_nolock 000000018000b50c f   libucrtd:environment_initialization.obj
 0001:0000a544       _initialize_narrow_environment 000000018000b544 f   libucrtd:environment_initialization.obj
 0001:0000a54c       _invoke_watson_if_error    000000018000b54c f i libucrtd:environment_initialization.obj
 0001:0000a850       _execute_onexit_table      000000018000b850 f   libucrtd:onexit.obj
 0001:0000a890       _initialize_onexit_table   000000018000b890 f   libucrtd:onexit.obj
 0001:0000a960       __acrt_uninitialize_command_line 000000018000b960 f   libucrtd:argv_data.obj
 0001:0000abd0       ?initialize@?$dual_state_global@PEAU__crt_multibyte_data@@@__crt_state_management@@QEAAXQEAU__crt_multibyte_data@@@Z 000000018000bbd0 f i libucrtd:mbctype.obj
 0001:0000abd0       ?initialize@?$dual_state_global@PEAU__crt_locale_data@@@__crt_state_management@@QEAAXQEAU__crt_locale_data@@@Z 000000018000bbd0 f i libucrtd:initialization.obj
 0001:0000abd0       ?initialize@?$dual_state_global@P6AXH@Z@__crt_state_management@@QEAAXQ6AXH@Z@Z 000000018000bbd0 f i libucrtd:signal.obj
 0001:0000abd0       ?initialize@?$dual_state_global@P6AH_K@Z@__crt_state_management@@QEAAXQ6AH_K@Z@Z 000000018000bbd0 f i libucrtd:new_handler.obj
 0001:0000abd0       ?initialize@?$dual_state_global@P6AHPEAU_exception@@@Z@__crt_state_management@@QEAAXQ6AHPEAU_exception@@@Z@Z 000000018000bbd0 f i libucrtd:matherr.obj
 0001:0000ac20       __acrt_initialize          000000018000bc20 f   libucrtd:initialization.obj
 0001:0000ac50       __acrt_thread_attach       000000018000bc50 f   libucrtd:initialization.obj
 0001:0000ac70       __acrt_thread_detach       000000018000bc70 f   libucrtd:initialization.obj
 0001:0000ac80       __acrt_uninitialize        000000018000bc80 f   libucrtd:initialization.obj
 0001:0000acb0       __acrt_uninitialize_critical 000000018000bcb0 f   libucrtd:initialization.obj
 0001:0000acd0       terminate                  000000018000bcd0 f   libucrtd:terminate.obj
 0001:0000ad10       ??0_LocaleUpdate@@QEAA@QEAU__crt_locale_pointers@@@Z 000000018000bd10 f i libucrtd:debug_heap.obj
 0001:0000ae30       ??1_LocaleUpdate@@QEAA@XZ  000000018000be30 f i libucrtd:debug_heap.obj
 0001:0000ae70       ?GetLocaleT@_LocaleUpdate@@QEAAPEAU__crt_locale_pointers@@XZ 000000018000be70 f i libucrtd:debug_heap.obj
 0001:0000ce50       _CrtCheckMemory            000000018000de50 f   libucrtd:debug_heap.obj
 0001:0000cfe0       _CrtDumpMemoryLeaks        000000018000dfe0 f   libucrtd:debug_heap.obj
 0001:0000d0a0       _CrtIsValidHeapPointer     000000018000e0a0 f   libucrtd:debug_heap.obj
 0001:0000d0e0       _CrtIsValidPointer         000000018000e0e0 f   libucrtd:debug_heap.obj
 0001:0000d120       _CrtMemCheckpoint          000000018000e120 f   libucrtd:debug_heap.obj
 0001:0000d3a0       _CrtMemDumpAllObjectsSince 000000018000e3a0 f   libucrtd:debug_heap.obj
 0001:0000d400       _CrtSetDbgFlag             000000018000e400 f   libucrtd:debug_heap.obj
 0001:0000d560       _CrtSetDumpClient          000000018000e560 f   libucrtd:debug_heap.obj
 0001:0000d590       __acrt_get_locale_data_prefix 000000018000e590 f i libucrtd:debug_heap.obj
 0001:0000d5b0       __acrt_locale_changed      000000018000e5b0 f i libucrtd:debug_heap.obj
 0001:0000d5e0       _calloc_dbg                000000018000e5e0 f   libucrtd:debug_heap.obj
 0001:0000d680       _chvalidchk_l              000000018000e680 f i libucrtd:debug_heap.obj
 0001:0000d6b0       _free_dbg                  000000018000e6b0 f   libucrtd:debug_heap.obj
 0001:0000d720       _invoke_watson_if_oneof    000000018000e720 f i libucrtd:debug_heap.obj
 0001:0000d780       _ischartype_l              000000018000e780 f i libucrtd:debug_heap.obj
 0001:0000d810       _malloc_dbg                000000018000e810 f   libucrtd:debug_heap.obj
 0001:0000d850       _msize_dbg                 000000018000e850 f   libucrtd:debug_heap.obj
 0001:0000d9f0       _realloc_dbg               000000018000e9f0 f   libucrtd:debug_heap.obj
 0001:0000da60       _recalloc_dbg              000000018000ea60 f   libucrtd:debug_heap.obj
 0001:0000e030       strcpy_s                   000000018000f030 f   libucrtd:strcpy_s.obj
 0001:0000e070       strcmp                     000000018000f070 f   libucrtd:strcmp.obj
 0001:0000e0f0       strlen                     000000018000f0f0 f   libucrtd:strlen.obj
 0001:0000e1a0       abort                      000000018000f1a0 f   libucrtd:abort.obj
 0001:0000e220       ??$?0AEBV?$string_output_adapter@D@__crt_stdio_output@@AEB_KAEBQEBDAEBQEAU__crt_locale_pointers@@AEBQEAD@?$format_validation_base@DV?$string_output_adapter@D@__crt_stdio_output@@@__crt_stdio_output@@IEAA@AEBV?$string_output_adapter@D@1@AEB_KAEBQEBDAEBQEAU__crt_locale_pointers@@AEBQEAD@Z 000000018000f220 f i libucrtd:output.obj
 0001:0000e270       ??$?0AEBV?$string_output_adapter@D@__crt_stdio_output@@AEB_KAEBQEBDAEBQEAU__crt_locale_pointers@@AEBQEAD@?$standard_base@DV?$string_output_adapter@D@__crt_stdio_output@@@__crt_stdio_output@@IEAA@AEBV?$string_output_adapter@D@1@AEB_KAEBQEBDAEBQEAU__crt_locale_pointers@@AEBQEAD@Z 000000018000f270 f i libucrtd:output.obj
 0001:0000e2e0       ??$?0AEBV?$string_output_adapter@_W@__crt_stdio_output@@AEB_KAEBQEB_WAEBQEAU__crt_locale_pointers@@AEBQEAD@?$format_validation_base@_WV?$string_output_adapter@_W@__crt_stdio_output@@@__crt_stdio_output@@IEAA@AEBV?$string_output_adapter@_W@1@AEB_KAEBQEB_WAEBQEAU__crt_locale_pointers@@AEBQEAD@Z 000000018000f2e0 f i libucrtd:output.obj
 0001:0000e330       ??$?0AEBV?$string_output_adapter@_W@__crt_stdio_output@@AEB_KAEBQEB_WAEBQEAU__crt_locale_pointers@@AEBQEAD@?$standard_base@_WV?$string_output_adapter@_W@__crt_stdio_output@@@__crt_stdio_output@@IEAA@AEBV?$string_output_adapter@_W@1@AEB_KAEBQEB_WAEBQEAU__crt_locale_pointers@@AEBQEAD@Z 000000018000f330 f i libucrtd:output.obj
 0001:0000fcb0       ??$count@D@formatting_buffer@__crt_stdio_output@@QEBA_KXZ 0000000180010cb0 f i libucrtd:output.obj
 0001:0000fd00       ??$count@_W@formatting_buffer@__crt_stdio_output@@QEBA_KXZ 0000000180010d00 f i libucrtd:output.obj
 0001:0000fd50       ??$data@D@formatting_buffer@__crt_stdio_output@@QEAAPEADXZ 0000000180010d50 f i libucrtd:output.obj
 0001:0000fd50       ??$data@_W@formatting_buffer@__crt_stdio_output@@QEAAPEA_WXZ 0000000180010d50 f i libucrtd:output.obj
 0001:0000fda0       ??$ensure_buffer_is_big_enough@D@formatting_buffer@__crt_stdio_output@@QEAA_N_K@Z 0000000180010da0 f i libucrtd:output.obj
 0001:0000fed0       ??$ensure_buffer_is_big_enough@_W@formatting_buffer@__crt_stdio_output@@QEAA_N_K@Z 0000000180010ed0 f i libucrtd:output.obj
 0001:00010000       ??$extract_argument_from_va_list@C_J@?$standard_base@_WV?$string_output_adapter@_W@__crt_stdio_output@@@__crt_stdio_output@@IEAA_NAEA_J@Z 0000000180011000 f i libucrtd:output.obj
 0001:00010000       ??$extract_argument_from_va_list@C_J@?$standard_base@DV?$string_output_adapter@D@__crt_stdio_output@@@__crt_stdio_output@@IEAA_NAEA_J@Z 0000000180011000 f i libucrtd:output.obj
 0001:00010040       ??$extract_argument_from_va_list@E_J@?$standard_base@DV?$string_output_adapter@D@__crt_stdio_output@@@__crt_stdio_output@@IEAA_NAEA_J@Z 0000000180011040 f i libucrtd:output.obj
 0001:00010040       ??$extract_argument_from_va_list@E_J@?$standard_base@_WV?$string_output_adapter@_W@__crt_stdio_output@@@__crt_stdio_output@@IEAA_NAEA_J@Z 0000000180011040 f i libucrtd:output.obj
 0001:00010080       ??$extract_argument_from_va_list@F_J@?$standard_base@_WV?$string_output_adapter@_W@__crt_stdio_output@@@__crt_stdio_output@@IEAA_NAEA_J@Z 0000000180011080 f i libucrtd:output.obj
 0001:00010080       ??$extract_argument_from_va_list@F_J@?$standard_base@DV?$string_output_adapter@D@__crt_stdio_output@@@__crt_stdio_output@@IEAA_NAEA_J@Z 0000000180011080 f i libucrtd:output.obj
 0001:000100c0       ??$extract_argument_from_va_list@GD@?$standard_base@DV?$string_output_adapter@D@__crt_stdio_output@@@__crt_stdio_output@@IEAA_NAEAD@Z 00000001800110c0 f i libucrtd:output.obj
 0001:000100f0       ??$extract_argument_from_va_list@G_J@?$standard_base@DV?$string_output_adapter@D@__crt_stdio_output@@@__crt_stdio_output@@IEAA_NAEA_J@Z 00000001800110f0 f i libucrtd:output.obj
 0001:000100f0       ??$extract_argument_from_va_list@G_J@?$standard_base@_WV?$string_output_adapter@_W@__crt_stdio_output@@@__crt_stdio_output@@IEAA_NAEA_J@Z 00000001800110f0 f i libucrtd:output.obj
 0001:00010130       ??$extract_argument_from_va_list@H_J@?$standard_base@DV?$string_output_adapter@D@__crt_stdio_output@@@__crt_stdio_output@@IEAA_NAEA_J@Z 0000000180011130 f i libucrtd:output.obj
 0001:00010130       ??$extract_argument_from_va_list@H_J@?$standard_base@_WV?$string_output_adapter@_W@__crt_stdio_output@@@__crt_stdio_output@@IEAA_NAEA_J@Z 0000000180011130 f i libucrtd:output.obj
 0001:00010160       ??$extract_argument_from_va_list@I_J@?$standard_base@_WV?$string_output_adapter@_W@__crt_stdio_output@@@__crt_stdio_output@@IEAA_NAEA_J@Z 0000000180011160 f i libucrtd:output.obj
 0001:00010160       ??$extract_argument_from_va_list@I_J@?$standard_base@DV?$string_output_adapter@D@__crt_stdio_output@@@__crt_stdio_output@@IEAA_NAEA_J@Z 0000000180011160 f i libucrtd:output.obj
 0001:00010190       ??$extract_argument_from_va_list@_K_J@?$standard_base@_WV?$string_output_adapter@_W@__crt_stdio_output@@@__crt_stdio_output@@IEAA_NAEA_J@Z 0000000180011190 f i libucrtd:output.obj
 0001:00010190       ??$extract_argument_from_va_list@PEADPEAD@?$standard_base@_WV?$string_output_adapter@_W@__crt_stdio_output@@@__crt_stdio_output@@IEAA_NAEAPEAD@Z 0000000180011190 f i libucrtd:output.obj
 0001:00010190       ??$extract_argument_from_va_list@_J_J@?$standard_base@DV?$string_output_adapter@D@__crt_stdio_output@@@__crt_stdio_output@@IEAA_NAEA_J@Z 0000000180011190 f i libucrtd:output.obj
 0001:00010190       ??$extract_argument_from_va_list@_J_J@?$standard_base@_WV?$string_output_adapter@_W@__crt_stdio_output@@@__crt_stdio_output@@IEAA_NAEA_J@Z 0000000180011190 f i libucrtd:output.obj
 0001:00010190       ??$extract_argument_from_va_list@PEADPEAD@?$standard_base@DV?$string_output_adapter@D@__crt_stdio_output@@@__crt_stdio_output@@IEAA_NAEAPEAD@Z 0000000180011190 f i libucrtd:output.obj
 0001:00010190       ??$extract_argument_from_va_list@PEAXPEAX@?$standard_base@DV?$string_output_adapter@D@__crt_stdio_output@@@__crt_stdio_output@@IEAA_NAEAPEAX@Z 0000000180011190 f i libucrtd:output.obj
 0001:00010190       ??$extract_argument_from_va_list@_K_J@?$standard_base@DV?$string_output_adapter@D@__crt_stdio_output@@@__crt_stdio_output@@IEAA_NAEA_J@Z 0000000180011190 f i libucrtd:output.obj
 0001:00010190       ??$extract_argument_from_va_list@PEAXPEAX@?$standard_base@_WV?$string_output_adapter@_W@__crt_stdio_output@@@__crt_stdio_output@@IEAA_NAEAPEAX@Z 0000000180011190 f i libucrtd:output.obj
 0001:000101f0       ??$extract_argument_from_va_list@U_CRT_DOUBLE@@U1@@?$standard_base@_WV?$string_output_adapter@_W@__crt_stdio_output@@@__crt_stdio_output@@IEAA_NAEAU_CRT_DOUBLE@@@Z 00000001800111f0 f i libucrtd:output.obj
 0001:000101f0       ??$extract_argument_from_va_list@U_CRT_DOUBLE@@U1@@?$standard_base@DV?$string_output_adapter@D@__crt_stdio_output@@@__crt_stdio_output@@IEAA_NAEAU_CRT_DOUBLE@@@Z 00000001800111f0 f i libucrtd:output.obj
 0001:00010240       ??$extract_argument_from_va_list@_W_W@?$standard_base@_WV?$string_output_adapter@_W@__crt_stdio_output@@@__crt_stdio_output@@IEAA_NAEA_W@Z 0000000180011240 f i libucrtd:output.obj
 0001:00010240       ??$extract_argument_from_va_list@_W_W@?$standard_base@DV?$string_output_adapter@D@__crt_stdio_output@@@__crt_stdio_output@@IEAA_NAEA_W@Z 0000000180011240 f i libucrtd:output.obj
 0001:00010270       ??$is_wide_character_specifier@D@__crt_stdio_output@@YA_N_KDW4length_modifier@0@@Z 0000000180011270 f i libucrtd:output.obj
 0001:00010310       ??$is_wide_character_specifier@_W@__crt_stdio_output@@YA_N_K_WW4length_modifier@0@@Z 0000000180011310 f i libucrtd:output.obj
 0001:000103e0       ??$read_va_arg@E@__crt_stdio_output@@YAEAEAPEAD@Z 00000001800113e0 f i libucrtd:output.obj
 0001:000103e0       ??$read_va_arg@C@__crt_stdio_output@@YACAEAPEAD@Z 00000001800113e0 f i libucrtd:output.obj
 0001:00010450       ??$read_va_arg@F@__crt_stdio_output@@YAFAEAPEAD@Z 0000000180011450 f i libucrtd:output.obj
 0001:00010450       ??$read_va_arg@G@__crt_stdio_output@@YAGAEAPEAD@Z 0000000180011450 f i libucrtd:output.obj
 0001:00010450       ??$read_va_arg@_W@__crt_stdio_output@@YA_WAEAPEAD@Z 0000000180011450 f i libucrtd:output.obj
 0001:000104c0       ??$read_va_arg@H@__crt_stdio_output@@YAHAEAPEAD@Z 00000001800114c0 f i libucrtd:output.obj
 0001:000104c0       ??$read_va_arg@I@__crt_stdio_output@@YAIAEAPEAD@Z 00000001800114c0 f i libucrtd:output.obj
 0001:00010520       ??$read_va_arg@_J@__crt_stdio_output@@YA_JAEAPEAD@Z 0000000180011520 f i libucrtd:output.obj
 0001:00010520       ??$read_va_arg@PEAD@__crt_stdio_output@@YAPEADAEAPEAD@Z 0000000180011520 f i libucrtd:output.obj
 0001:00010520       ??$read_va_arg@_K@__crt_stdio_output@@YA_KAEAPEAD@Z 0000000180011520 f i libucrtd:output.obj
 0001:00010520       ??$read_va_arg@U_CRT_DOUBLE@@@__crt_stdio_output@@YA?AU_CRT_DOUBLE@@AEAPEAD@Z 0000000180011520 f i libucrtd:output.obj
 0001:00010520       ??$read_va_arg@PEAX@__crt_stdio_output@@YAPEAXAEAPEAD@Z 0000000180011520 f i libucrtd:output.obj
 0001:00010600       ??$scratch_count@D@formatting_buffer@__crt_stdio_output@@QEBA_KXZ 0000000180011600 f i libucrtd:output.obj
 0001:00010620       ??$scratch_data@D@formatting_buffer@__crt_stdio_output@@QEAAPEADXZ 0000000180011620 f i libucrtd:output.obj
 0001:00010690       ??$tcstol@PEBDPEAPEADH@?$__crt_char_traits@D@@SAJ$$QEAPEBD$$QEAPEAPEAD$$QEAH@Z 0000000180011690 f i libucrtd:output.obj
 0001:000106d0       ??$tcstol@PEB_WPEAPEA_WH@?$__crt_char_traits@_W@@SAJ$$QEAPEB_W$$QEAPEAPEA_W$$QEAH@Z 00000001800116d0 f i libucrtd:output.obj
 0001:00010710       ??$type_case_integer_parse_into_buffer@I@?$output_processor@DV?$string_output_adapter@D@__crt_stdio_output@@V?$format_validation_base@DV?$string_output_adapter@D@__crt_stdio_output@@@2@@__crt_stdio_output@@AEAAXII_N@Z 0000000180011710 f i libucrtd:output.obj
 0001:00010840       ??$type_case_integer_parse_into_buffer@I@?$output_processor@_WV?$string_output_adapter@_W@__crt_stdio_output@@V?$format_validation_base@_WV?$string_output_adapter@_W@__crt_stdio_output@@@2@@__crt_stdio_output@@AEAAXII_N@Z 0000000180011840 f i libucrtd:output.obj
 0001:00010980       ??$type_case_integer_parse_into_buffer@_K@?$output_processor@DV?$string_output_adapter@D@__crt_stdio_output@@V?$format_validation_base@DV?$string_output_adapter@D@__crt_stdio_output@@@2@@__crt_stdio_output@@AEAAX_KI_N@Z 0000000180011980 f i libucrtd:output.obj
 0001:00010ad0       ??$type_case_integer_parse_into_buffer@_K@?$output_processor@_WV?$string_output_adapter@_W@__crt_stdio_output@@V?$format_validation_base@_WV?$string_output_adapter@_W@__crt_stdio_output@@@2@@__crt_stdio_output@@AEAAX_KI_N@Z 0000000180011ad0 f i libucrtd:output.obj
 0001:00010c30       ??$write_multiple_characters@V?$string_output_adapter@D@__crt_stdio_output@@D@__crt_stdio_output@@YAXAEBV?$string_output_adapter@D@0@DHQEAH@Z 0000000180011c30 f i libucrtd:output.obj
 0001:00010c90       ??$write_multiple_characters@V?$string_output_adapter@_W@__crt_stdio_output@@D@__crt_stdio_output@@YAXAEBV?$string_output_adapter@_W@0@DHQEAH@Z 0000000180011c90 f i libucrtd:output.obj
 0001:00010cf0       ??0?$common_data@D@__crt_stdio_output@@IEAA@XZ 0000000180011cf0 f i libucrtd:output.obj
 0001:00010dc0       ??0?$common_data@_W@__crt_stdio_output@@IEAA@XZ 0000000180011dc0 f i libucrtd:output.obj
 0001:00010e90       ??0?$output_adapter_data@DV?$string_output_adapter@D@__crt_stdio_output@@@__crt_stdio_output@@IEAA@AEBV?$string_output_adapter@D@1@_KQEBDQEAU__crt_locale_pointers@@QEAD@Z 0000000180011e90 f i libucrtd:output.obj
 0001:00010f10       ??0?$output_adapter_data@_WV?$string_output_adapter@_W@__crt_stdio_output@@@__crt_stdio_output@@IEAA@AEBV?$string_output_adapter@_W@1@_KQEB_WQEAU__crt_locale_pointers@@QEAD@Z 0000000180011f10 f i libucrtd:output.obj
 0001:00010f90       ??0?$output_processor@DV?$string_output_adapter@D@__crt_stdio_output@@V?$format_validation_base@DV?$string_output_adapter@D@__crt_stdio_output@@@2@@__crt_stdio_output@@QEAA@AEBV?$string_output_adapter@D@1@_KQEBDQEAU__crt_locale_pointers@@QEAD@Z 0000000180011f90 f i libucrtd:output.obj
 0001:00010fe0       ??0?$output_processor@_WV?$string_output_adapter@_W@__crt_stdio_output@@V?$format_validation_base@_WV?$string_output_adapter@_W@__crt_stdio_output@@@2@@__crt_stdio_output@@QEAA@AEBV?$string_output_adapter@_W@1@_KQEB_WQEAU__crt_locale_pointers@@QEAD@Z 0000000180011fe0 f i libucrtd:output.obj
 0001:00011030       ??0__crt_deferred_errno_cache@@QEAA@XZ 0000000180012030 f i libucrtd:output.obj
 0001:00011050       ??0__crt_errno_guard@@QEAA@QEAH@Z 0000000180012050 f i libucrtd:output.obj
 0001:00011090       ??0formatting_buffer@__crt_stdio_output@@QEAA@XZ 0000000180012090 f i libucrtd:output.obj
 0001:000110d0       ??1?$common_data@_W@__crt_stdio_output@@QEAA@XZ 00000001800120d0 f i libucrtd:output.obj
 0001:000110d0       ??1?$common_data@D@__crt_stdio_output@@QEAA@XZ 00000001800120d0 f i libucrtd:output.obj
 0001:000110f0       ??1?$format_validation_base@_WV?$string_output_adapter@_W@__crt_stdio_output@@@__crt_stdio_output@@QEAA@XZ 00000001800120f0 f i libucrtd:output.obj
 0001:000110f0       ??1?$format_validation_base@DV?$string_output_adapter@D@__crt_stdio_output@@@__crt_stdio_output@@QEAA@XZ 00000001800120f0 f i libucrtd:output.obj
 0001:00011110       ??1?$output_adapter_data@_WV?$string_output_adapter@_W@__crt_stdio_output@@@__crt_stdio_output@@QEAA@XZ 0000000180012110 f i libucrtd:output.obj
 0001:00011110       ??1?$output_adapter_data@DV?$string_output_adapter@D@__crt_stdio_output@@@__crt_stdio_output@@QEAA@XZ 0000000180012110 f i libucrtd:output.obj
 0001:00011130       ??1?$output_processor@DV?$string_output_adapter@D@__crt_stdio_output@@V?$format_validation_base@DV?$string_output_adapter@D@__crt_stdio_output@@@2@@__crt_stdio_output@@QEAA@XZ 0000000180012130 f i libucrtd:output.obj
 0001:00011130       ??1?$output_processor@_WV?$string_output_adapter@_W@__crt_stdio_output@@V?$format_validation_base@_WV?$string_output_adapter@_W@__crt_stdio_output@@@2@@__crt_stdio_output@@QEAA@XZ 0000000180012130 f i libucrtd:output.obj
 0001:00011150       ??1?$standard_base@DV?$string_output_adapter@D@__crt_stdio_output@@@__crt_stdio_output@@QEAA@XZ 0000000180012150 f i libucrtd:output.obj
 0001:00011150       ??1?$standard_base@_WV?$string_output_adapter@_W@__crt_stdio_output@@@__crt_stdio_output@@QEAA@XZ 0000000180012150 f i libucrtd:output.obj
 0001:00011170       ??1__crt_errno_guard@@QEAA@XZ 0000000180012170 f i libucrtd:output.obj
 0001:000111a0       ??1formatting_buffer@__crt_stdio_output@@QEAA@XZ 00000001800121a0 f i libucrtd:output.obj
 0001:000111d0       ??4?$__crt_unique_heap_ptr@DU__crt_internal_free_policy@@@@QEAAAEAV0@$$QEAV0@@Z 00000001800121d0 f i libucrtd:output.obj
 0001:00011210       ?adjust_hexit@?$output_processor@_WV?$string_output_adapter@_W@__crt_stdio_output@@V?$format_validation_base@_WV?$string_output_adapter@_W@__crt_stdio_output@@@2@@__crt_stdio_output@@CADH_N@Z 0000000180012210 f i libucrtd:output.obj
 0001:00011210       ?adjust_hexit@?$output_processor@DV?$string_output_adapter@D@__crt_stdio_output@@V?$format_validation_base@DV?$string_output_adapter@D@__crt_stdio_output@@@2@@__crt_stdio_output@@CADH_N@Z 0000000180012210 f i libucrtd:output.obj
 0001:00011260       ?advance_to_next_pass@?$standard_base@_WV?$string_output_adapter@_W@__crt_stdio_output@@@__crt_stdio_output@@IEAA_NXZ 0000000180012260 f i libucrtd:output.obj
 0001:00011260       ?advance_to_next_pass@?$standard_base@DV?$string_output_adapter@D@__crt_stdio_output@@@__crt_stdio_output@@IEAA_NXZ 0000000180012260 f i libucrtd:output.obj
 0001:000112b0       ?crop_zeroes@__crt_stdio_output@@YAXPEADQEAU__crt_locale_pointers@@@Z 00000001800122b0 f i libucrtd:output.obj
 0001:000113f0       ?find_next_state@?$output_processor@DV?$string_output_adapter@D@__crt_stdio_output@@V?$format_validation_base@DV?$string_output_adapter@D@__crt_stdio_output@@@2@@__crt_stdio_output@@AEBA?AW4state@2@DW432@@Z 00000001800123f0 f i libucrtd:output.obj
 0001:00011490       ?find_next_state@?$output_processor@_WV?$string_output_adapter@_W@__crt_stdio_output@@V?$format_validation_base@_WV?$string_output_adapter@_W@__crt_stdio_output@@@2@@__crt_stdio_output@@AEBA?AW4state@2@_WW432@@Z 0000000180012490 f i libucrtd:output.obj
 0001:00011530       ?force_decimal_point@__crt_stdio_output@@YAXPEADQEAU__crt_locale_pointers@@@Z 0000000180012530 f i libucrtd:output.obj
 0001:00011630       ?get@__crt_deferred_errno_cache@@QEAAAEAHXZ 0000000180012630 f i libucrtd:output.obj
 0001:00011660       ?get_flags@__crt_stdio_stream@@QEBAJXZ 0000000180012660 f i libucrtd:output.obj
 0001:00011690       ?has_flag@?$output_processor@_WV?$string_output_adapter@_W@__crt_stdio_output@@V?$format_validation_base@_WV?$string_output_adapter@_W@__crt_stdio_output@@@2@@__crt_stdio_output@@AEBA_NI@Z 0000000180012690 f i libucrtd:output.obj
 0001:00011690       ?has_flag@?$output_processor@DV?$string_output_adapter@D@__crt_stdio_output@@V?$format_validation_base@DV?$string_output_adapter@D@__crt_stdio_output@@@2@@__crt_stdio_output@@AEBA_NI@Z 0000000180012690 f i libucrtd:output.obj
 0001:000116d0       ?is_string_backed@__crt_stdio_stream@@QEBA_NXZ 00000001800126d0 f i libucrtd:output.obj
 0001:00011710       ?narrow_null_string@?$output_processor@DV?$string_output_adapter@D@__crt_stdio_output@@V?$format_validation_base@DV?$string_output_adapter@D@__crt_stdio_output@@@2@@__crt_stdio_output@@CAPEADXZ 0000000180012710 f i libucrtd:output.obj
 0001:00011710       ?narrow_null_string@?$output_processor@_WV?$string_output_adapter@_W@__crt_stdio_output@@V?$format_validation_base@_WV?$string_output_adapter@_W@__crt_stdio_output@@@2@@__crt_stdio_output@@CAPEADXZ 0000000180012710 f i libucrtd:output.obj
 0001:00011720       ?parse_int_from_format_string@?$output_processor@DV?$string_output_adapter@D@__crt_stdio_output@@V?$format_validation_base@DV?$string_output_adapter@D@__crt_stdio_output@@@2@@__crt_stdio_output@@AEAA_NQEAH@Z 0000000180012720 f i libucrtd:output.obj
 0001:00011810       ?parse_int_from_format_string@?$output_processor@_WV?$string_output_adapter@_W@__crt_stdio_output@@V?$format_validation_base@_WV?$string_output_adapter@_W@__crt_stdio_output@@@2@@__crt_stdio_output@@AEAA_NQEAH@Z 0000000180012810 f i libucrtd:output.obj
 0001:00011900       ?process@?$output_processor@DV?$string_output_adapter@D@__crt_stdio_output@@V?$format_validation_base@DV?$string_output_adapter@D@__crt_stdio_output@@@2@@__crt_stdio_output@@QEAAHXZ 0000000180012900 f i libucrtd:output.obj
 0001:00011c60       ?process@?$output_processor@_WV?$string_output_adapter@_W@__crt_stdio_output@@V?$format_validation_base@_WV?$string_output_adapter@_W@__crt_stdio_output@@@2@@__crt_stdio_output@@QEAAHXZ 0000000180012c60 f i libucrtd:output.obj
 0001:00011fc0       ?set_flag@?$output_processor@DV?$string_output_adapter@D@__crt_stdio_output@@V?$format_validation_base@DV?$string_output_adapter@D@__crt_stdio_output@@@2@@__crt_stdio_output@@AEAAXI@Z 0000000180012fc0 f i libucrtd:output.obj
 0001:00011fc0       ?set_flag@?$output_processor@_WV?$string_output_adapter@_W@__crt_stdio_output@@V?$format_validation_base@_WV?$string_output_adapter@_W@__crt_stdio_output@@@2@@__crt_stdio_output@@AEAAXI@Z 0000000180012fc0 f i libucrtd:output.obj
 0001:00011fe0       ?validate_and_update_state_at_beginning_of_format_character@?$standard_base@_WV?$string_output_adapter@_W@__crt_stdio_output@@@__crt_stdio_output@@IEAA_NXZ 0000000180012fe0 f i libucrtd:output.obj
 0001:00011fe0       ?should_format@?$standard_base@_WV?$string_output_adapter@_W@__crt_stdio_output@@@__crt_stdio_output@@IEAA_NXZ 0000000180012fe0 f i libucrtd:output.obj
 0001:00011fe0       ?validate_and_update_state_at_beginning_of_format_character@?$standard_base@DV?$string_output_adapter@D@__crt_stdio_output@@@__crt_stdio_output@@IEAA_NXZ 0000000180012fe0 f i libucrtd:output.obj
 0001:00011fe0       ?should_format@?$standard_base@DV?$string_output_adapter@D@__crt_stdio_output@@@__crt_stdio_output@@IEAA_NXZ 0000000180012fe0 f i libucrtd:output.obj
 0001:00011fe0       ?validate_state_for_type_case_a@?$standard_base@_WV?$string_output_adapter@_W@__crt_stdio_output@@@__crt_stdio_output@@IEBA_NXZ 0000000180012fe0 f i libucrtd:output.obj
 0001:00011fe0       ?validate_state_for_type_case_a@?$standard_base@DV?$string_output_adapter@D@__crt_stdio_output@@@__crt_stdio_output@@IEBA_NXZ 0000000180012fe0 f i libucrtd:output.obj
 0001:00011ff0       ?should_skip_type_state_output@?$standard_base@DV?$string_output_adapter@D@__crt_stdio_output@@@__crt_stdio_output@@IEBA_NXZ 0000000180012ff0 f i libucrtd:output.obj
 0001:00011ff0       ?should_skip_type_state_output@?$standard_base@_WV?$string_output_adapter@_W@__crt_stdio_output@@@__crt_stdio_output@@IEBA_NXZ 0000000180012ff0 f i libucrtd:output.obj
 0001:00011ff0       ?should_skip_normal_state_processing@?$standard_base@_WV?$string_output_adapter@_W@__crt_stdio_output@@@__crt_stdio_output@@IEAA_NXZ 0000000180012ff0 f i libucrtd:output.obj
 0001:00011ff0       ?should_skip_normal_state_processing@?$standard_base@DV?$string_output_adapter@D@__crt_stdio_output@@@__crt_stdio_output@@IEAA_NXZ 0000000180012ff0 f i libucrtd:output.obj
 0001:00012000       ?state_case_dot@?$output_processor@_WV?$string_output_adapter@_W@__crt_stdio_output@@V?$format_validation_base@_WV?$string_output_adapter@_W@__crt_stdio_output@@@2@@__crt_stdio_output@@AEAA_NXZ 0000000180013000 f i libucrtd:output.obj
 0001:00012000       ?state_case_dot@?$output_processor@DV?$string_output_adapter@D@__crt_stdio_output@@V?$format_validation_base@DV?$string_output_adapter@D@__crt_stdio_output@@@2@@__crt_stdio_output@@AEAA_NXZ 0000000180013000 f i libucrtd:output.obj
 0001:00012020       ?state_case_flag@?$output_processor@DV?$string_output_adapter@D@__crt_stdio_output@@V?$format_validation_base@DV?$string_output_adapter@D@__crt_stdio_output@@@2@@__crt_stdio_output@@AEAA_NXZ 0000000180013020 f i libucrtd:output.obj
 0001:000120c0       ?state_case_flag@?$output_processor@_WV?$string_output_adapter@_W@__crt_stdio_output@@V?$format_validation_base@_WV?$string_output_adapter@_W@__crt_stdio_output@@@2@@__crt_stdio_output@@AEAA_NXZ 00000001800130c0 f i libucrtd:output.obj
 0001:00012160       ?state_case_normal@?$output_processor@DV?$string_output_adapter@D@__crt_stdio_output@@V?$format_validation_base@DV?$string_output_adapter@D@__crt_stdio_output@@@2@@__crt_stdio_output@@AEAA_NXZ 0000000180013160 f i libucrtd:output.obj
 0001:00012240       ?state_case_normal@?$output_processor@_WV?$string_output_adapter@_W@__crt_stdio_output@@V?$format_validation_base@_WV?$string_output_adapter@_W@__crt_stdio_output@@@2@@__crt_stdio_output@@AEAA_NXZ 0000000180013240 f i libucrtd:output.obj
 0001:00012320       ?state_case_normal_common@?$output_processor@DV?$string_output_adapter@D@__crt_stdio_output@@V?$format_validation_base@DV?$string_output_adapter@D@__crt_stdio_output@@@2@@__crt_stdio_output@@AEAA_NXZ 0000000180013320 f i libucrtd:output.obj
 0001:00012370       ?state_case_normal_common@?$output_processor@_WV?$string_output_adapter@_W@__crt_stdio_output@@V?$format_validation_base@_WV?$string_output_adapter@_W@__crt_stdio_output@@@2@@__crt_stdio_output@@AEAA_NXZ 0000000180013370 f i libucrtd:output.obj
 0001:000123c0       ?state_case_normal_tchar@?$output_processor@DV?$string_output_adapter@D@__crt_stdio_output@@V?$format_validation_base@DV?$string_output_adapter@D@__crt_stdio_output@@@2@@__crt_stdio_output@@AEAA_ND@Z 00000001800133c0 f i libucrtd:output.obj
 0001:00012500       ?state_case_normal_tchar@?$output_processor@_WV?$string_output_adapter@_W@__crt_stdio_output@@V?$format_validation_base@_WV?$string_output_adapter@_W@__crt_stdio_output@@@2@@__crt_stdio_output@@AEAA_N_W@Z 0000000180013500 f i libucrtd:output.obj
 0001:00012520       ?state_case_percent@?$output_processor@_WV?$string_output_adapter@_W@__crt_stdio_output@@V?$format_validation_base@_WV?$string_output_adapter@_W@__crt_stdio_output@@@2@@__crt_stdio_output@@AEAA_NXZ 0000000180013520 f i libucrtd:output.obj
 0001:00012520       ?state_case_percent@?$output_processor@DV?$string_output_adapter@D@__crt_stdio_output@@V?$format_validation_base@DV?$string_output_adapter@D@__crt_stdio_output@@@2@@__crt_stdio_output@@AEAA_NXZ 0000000180013520 f i libucrtd:output.obj
 0001:00012570       ?state_case_precision@?$output_processor@DV?$string_output_adapter@D@__crt_stdio_output@@V?$format_validation_base@DV?$string_output_adapter@D@__crt_stdio_output@@@2@@__crt_stdio_output@@AEAA_NXZ 0000000180013570 f i libucrtd:output.obj
 0001:000125f0       ?state_case_precision@?$output_processor@_WV?$string_output_adapter@_W@__crt_stdio_output@@V?$format_validation_base@_WV?$string_output_adapter@_W@__crt_stdio_output@@@2@@__crt_stdio_output@@AEAA_NXZ 00000001800135f0 f i libucrtd:output.obj
 0001:00012670       ?state_case_size@?$output_processor@DV?$string_output_adapter@D@__crt_stdio_output@@V?$format_validation_base@DV?$string_output_adapter@D@__crt_stdio_output@@@2@@__crt_stdio_output@@AEAA_NXZ 0000000180013670 f i libucrtd:output.obj
 0001:00012af0       ?state_case_size@?$output_processor@_WV?$string_output_adapter@_W@__crt_stdio_output@@V?$format_validation_base@_WV?$string_output_adapter@_W@__crt_stdio_output@@@2@@__crt_stdio_output@@AEAA_NXZ 0000000180013af0 f i libucrtd:output.obj
 0001:00012f70       ?state_case_type@?$output_processor@DV?$string_output_adapter@D@__crt_stdio_output@@V?$format_validation_base@DV?$string_output_adapter@D@__crt_stdio_output@@@2@@__crt_stdio_output@@AEAA_NXZ 0000000180013f70 f i libucrtd:output.obj
 0001:00013410       ?state_case_type@?$output_processor@_WV?$string_output_adapter@_W@__crt_stdio_output@@V?$format_validation_base@_WV?$string_output_adapter@_W@__crt_stdio_output@@@2@@__crt_stdio_output@@AEAA_NXZ 0000000180014410 f i libucrtd:output.obj
 0001:00013970       ?state_case_width@?$output_processor@DV?$string_output_adapter@D@__crt_stdio_output@@V?$format_validation_base@DV?$string_output_adapter@D@__crt_stdio_output@@@2@@__crt_stdio_output@@AEAA_NXZ 0000000180014970 f i libucrtd:output.obj
 0001:00013a00       ?state_case_width@?$output_processor@_WV?$string_output_adapter@_W@__crt_stdio_output@@V?$format_validation_base@_WV?$string_output_adapter@_W@__crt_stdio_output@@@2@@__crt_stdio_output@@AEAA_NXZ 0000000180014a00 f i libucrtd:output.obj
 0001:00013a90       ?state_count@?$format_validation_base@DV?$string_output_adapter@D@__crt_stdio_output@@@__crt_stdio_output@@KAIXZ 0000000180014a90 f i libucrtd:output.obj
 0001:00013a90       ?state_count@?$format_validation_base@_WV?$string_output_adapter@_W@__crt_stdio_output@@@__crt_stdio_output@@KAIXZ 0000000180014a90 f i libucrtd:output.obj
 0001:00013aa0       ?state_transition_table@?$format_validation_base@_WV?$string_output_adapter@_W@__crt_stdio_output@@@__crt_stdio_output@@KAPEBEXZ 0000000180014aa0 f i libucrtd:output.obj
 0001:00013aa0       ?state_transition_table@?$format_validation_base@DV?$string_output_adapter@D@__crt_stdio_output@@@__crt_stdio_output@@KAPEBEXZ 0000000180014aa0 f i libucrtd:output.obj
 0001:00013ab0       ?tchar_string@?$common_data@D@__crt_stdio_output@@IEAAAEAPEADD@Z 0000000180014ab0 f i libucrtd:output.obj
 0001:00013ad0       ?tchar_string@?$common_data@D@__crt_stdio_output@@IEAAAEAPEADXZ 0000000180014ad0 f i libucrtd:output.obj
 0001:00013af0       ?tchar_string@?$common_data@_W@__crt_stdio_output@@IEAAAEAPEA_WXZ 0000000180014af0 f i libucrtd:output.obj
 0001:00013b10       ?tchar_string@?$common_data@_W@__crt_stdio_output@@IEAAAEAPEA_W_W@Z 0000000180014b10 f i libucrtd:output.obj
 0001:00013b30       ?to_integer_size@__crt_stdio_output@@YA_KW4length_modifier@1@@Z 0000000180014b30 f i libucrtd:output.obj
 0001:00013be0       ?type_case_X@?$output_processor@DV?$string_output_adapter@D@__crt_stdio_output@@V?$format_validation_base@DV?$string_output_adapter@D@__crt_stdio_output@@@2@@__crt_stdio_output@@AEAA_NXZ 0000000180014be0 f i libucrtd:output.obj
 0001:00013c00       ?type_case_X@?$output_processor@_WV?$string_output_adapter@_W@__crt_stdio_output@@V?$format_validation_base@_WV?$string_output_adapter@_W@__crt_stdio_output@@@2@@__crt_stdio_output@@AEAA_NXZ 0000000180014c00 f i libucrtd:output.obj
 0001:00013c20       ?type_case_Z@?$output_processor@DV?$string_output_adapter@D@__crt_stdio_output@@V?$format_validation_base@DV?$string_output_adapter@D@__crt_stdio_output@@@2@@__crt_stdio_output@@AEAA_NXZ 0000000180014c20 f i libucrtd:output.obj
 0001:00013d40       ?type_case_Z@?$output_processor@_WV?$string_output_adapter@_W@__crt_stdio_output@@V?$format_validation_base@_WV?$string_output_adapter@_W@__crt_stdio_output@@@2@@__crt_stdio_output@@AEAA_NXZ 0000000180014d40 f i libucrtd:output.obj
 0001:00013e60       ?type_case_a@?$output_processor@DV?$string_output_adapter@D@__crt_stdio_output@@V?$format_validation_base@DV?$string_output_adapter@D@__crt_stdio_output@@@2@@__crt_stdio_output@@AEAA_NXZ 0000000180014e60 f i libucrtd:output.obj
 0001:00014220       ?type_case_a@?$output_processor@_WV?$string_output_adapter@_W@__crt_stdio_output@@V?$format_validation_base@_WV?$string_output_adapter@_W@__crt_stdio_output@@@2@@__crt_stdio_output@@AEAA_NXZ 0000000180015220 f i libucrtd:output.obj
 0001:000145f0       ?type_case_c@?$output_processor@DV?$string_output_adapter@D@__crt_stdio_output@@V?$format_validation_base@DV?$string_output_adapter@D@__crt_stdio_output@@@2@@__crt_stdio_output@@AEAA_NXZ 00000001800155f0 f i libucrtd:output.obj
 0001:00014610       ?type_case_c@?$output_processor@_WV?$string_output_adapter@_W@__crt_stdio_output@@V?$format_validation_base@_WV?$string_output_adapter@_W@__crt_stdio_output@@@2@@__crt_stdio_output@@AEAA_NXZ 0000000180015610 f i libucrtd:output.obj
 0001:00014630       ?type_case_c_tchar@?$output_processor@DV?$string_output_adapter@D@__crt_stdio_output@@V?$format_validation_base@DV?$string_output_adapter@D@__crt_stdio_output@@@2@@__crt_stdio_output@@AEAA_ND@Z 0000000180015630 f i libucrtd:output.obj
 0001:00014780       ?type_case_c_tchar@?$output_processor@_WV?$string_output_adapter@_W@__crt_stdio_output@@V?$format_validation_base@_WV?$string_output_adapter@_W@__crt_stdio_output@@@2@@__crt_stdio_output@@AEAA_N_W@Z 0000000180015780 f i libucrtd:output.obj
 0001:000148b0       ?type_case_d@?$output_processor@DV?$string_output_adapter@D@__crt_stdio_output@@V?$format_validation_base@DV?$string_output_adapter@D@__crt_stdio_output@@@2@@__crt_stdio_output@@AEAA_NXZ 00000001800158b0 f i libucrtd:output.obj
 0001:000148e0       ?type_case_d@?$output_processor@_WV?$string_output_adapter@_W@__crt_stdio_output@@V?$format_validation_base@_WV?$string_output_adapter@_W@__crt_stdio_output@@@2@@__crt_stdio_output@@AEAA_NXZ 00000001800158e0 f i libucrtd:output.obj
 0001:00014910       ?type_case_integer@?$output_processor@DV?$string_output_adapter@D@__crt_stdio_output@@V?$format_validation_base@DV?$string_output_adapter@D@__crt_stdio_output@@@2@@__crt_stdio_output@@AEAA_NI_N@Z 0000000180015910 f i libucrtd:output.obj
 0001:00014d60       ?type_case_integer@?$output_processor@_WV?$string_output_adapter@_W@__crt_stdio_output@@V?$format_validation_base@_WV?$string_output_adapter@_W@__crt_stdio_output@@@2@@__crt_stdio_output@@AEAA_NI_N@Z 0000000180015d60 f i libucrtd:output.obj
 0001:000151b0       ?type_case_n@?$output_processor@DV?$string_output_adapter@D@__crt_stdio_output@@V?$format_validation_base@DV?$string_output_adapter@D@__crt_stdio_output@@@2@@__crt_stdio_output@@AEAA_NXZ 00000001800161b0 f i libucrtd:output.obj
[...]
 0004:00002688       $pdata$?has_all_of@__crt_stdio_stream@@QEBA_NJ@Z 0000000180057688     libucrtd:fflush.obj
 0004:00002694       $pdata$__acrt_stdio_flush_nolock 0000000180057694     libucrtd:fflush.obj
 0004:000026a0       $pdata$?__acrt_stdio_reset_buffer@@YAXV__crt_stdio_stream@@@Z 00000001800576a0     libucrtd:fflush.obj
 0004:000026ac       $pdata$?is_stream_allocated@@YA_NJ@Z 00000001800576ac     libucrtd:fflush.obj
 0004:000026b8       $pdata$?is_stream_flushable_or_commitable@@YA_NJ@Z 00000001800576b8     libucrtd:fflush.obj
 0004:000026c4       $pdata$?common_flush_all_should_try_to_flush_stream@@YA_NV__crt_stdio_stream@@QEAH@Z 00000001800576c4     libucrtd:fflush.obj
 0004:000026d0       $pdata$?common_flush_all@@YAH_N@Z 00000001800576d0     libucrtd:fflush.obj
 0004:000026dc       $pdata$??R<lambda_ab61a845afdef5b7c387490eaf3616ee>@@QEBA@XZ 00000001800576dc     libucrtd:fflush.obj
 0004:000026e8       $pdata$??R<lambda_c5860995281e5c4ce005b3de8f5874ee>@@QEBAXXZ 00000001800576e8     libucrtd:fflush.obj
 0004:000026f4       $pdata$??$__acrt_lock_stream_and_call@V<lambda_c5860995281e5c4ce005b3de8f5874ee>@@@@YAXQEAU_iobuf@@$$QEAV<lambda_c5860995281e5c4ce005b3de8f5874ee>@@@Z 00000001800576f4     libucrtd:fflush.obj
 0004:00002700       $pdata$??$__acrt_lock_and_call@V<lambda_ab61a845afdef5b7c387490eaf3616ee>@@@@YAXW4__acrt_lock_id@@$$QEAV<lambda_ab61a845afdef5b7c387490eaf3616ee>@@@Z 0000000180057700     libucrtd:fflush.obj
 0004:0000270c       $pdata$??R<lambda_842d9ff0dc9ef11c61343bbaebe7f885>@@QEBAXXZ 000000018005770c     libucrtd:fflush.obj
 0004:00002718       $pdata$??R<lambda_d90129c13df834fdcbf8d2b88dafcf2d>@@QEBAXXZ 0000000180057718     libucrtd:fflush.obj
 0004:00002724       $pdata$??$?RV<lambda_842d9ff0dc9ef11c61343bbaebe7f885>@@AEAV<lambda_c5860995281e5c4ce005b3de8f5874ee>@@V<lambda_d90129c13df834fdcbf8d2b88dafcf2d>@@@?$__crt_seh_guarded_call@X@@QEAAX$$QEAV<lambda_842d9ff0dc9ef11c61343bbaebe7f885>@@AEAV<lambda_c5860995281e5c4ce005b3de8f5874ee>@@$$QEAV<lambda_d90129c13df834fdcbf8d2b88dafcf2d>@@@Z 0000000180057724     libucrtd:fflush.obj
 0004:00002730       $pdata$?fin$0@?0???$?RV<lambda_842d9ff0dc9ef11c61343bbaebe7f885>@@AEAV<lambda_c5860995281e5c4ce005b3de8f5874ee>@@V<lambda_d90129c13df834fdcbf8d2b88dafcf2d>@@@?$__crt_seh_guarded_call@X@@QEAAX$$QEAV<lambda_842d9ff0dc9ef11c61343bbaebe7f885>@@AEAV<lambda_c5860995281e5c4ce005b3de8f5874ee>@@$$QEAV<lambda_d90129c13df834fdcbf8d2b88dafcf2d>@@@Z@4HA 0000000180057730     libucrtd:fflush.obj
 0004:0000273c       $pdata$??$?RV<lambda_886d6c58226a84441f68b9f2b8217b83>@@AEAV<lambda_ab61a845afdef5b7c387490eaf3616ee>@@V<lambda_f7f22ab5edc0698d5f6905b0d3f44752>@@@?$__crt_seh_guarded_call@X@@QEAAX$$QEAV<lambda_886d6c58226a84441f68b9f2b8217b83>@@AEAV<lambda_ab61a845afdef5b7c387490eaf3616ee>@@$$QEAV<lambda_f7f22ab5edc0698d5f6905b0d3f44752>@@@Z 000000018005773c     libucrtd:fflush.obj
 0004:00002748       $pdata$_malloc_base        0000000180057748     libucrtd:malloc_base.obj
 0004:00002754       $pdata$__acrt_locale_free_monetary 0000000180057754     libucrtd:initmon.obj
 0004:00002760       $pdata$__acrt_locale_free_numeric 0000000180057760     libucrtd:initnum.obj
 0004:0000276c       $pdata$__acrt_locale_free_time 000000018005776c     libucrtd:inittime.obj
 0004:00002778       $pdata$?free_crt_array_internal@@YAXQEAPEBX_K@Z 0000000180057778     libucrtd:inittime.obj
 0004:00002784       $pdata$??$free_crt_array@D$06@@YAXAEAY06PEAD@Z 0000000180057784     libucrtd:inittime.obj
 0004:00002784       $pdata$??$free_crt_array@_W$06@@YAXAEAY06PEA_W@Z 0000000180057784     libucrtd:inittime.obj
 0004:00002790       $pdata$??$free_crt_array@D$0M@@@YAXAEAY0M@PEAD@Z 0000000180057790     libucrtd:inittime.obj
 0004:00002790       $pdata$??$free_crt_array@_W$0M@@@YAXAEAY0M@PEA_W@Z 0000000180057790     libucrtd:inittime.obj
 0004:0000279c       $pdata$??$free_crt_array@D$01@@YAXAEAY01PEAD@Z 000000018005779c     libucrtd:inittime.obj
 0004:0000279c       $pdata$??$free_crt_array@_W$01@@YAXAEAY01PEA_W@Z 000000018005779c     libucrtd:inittime.obj
 0004:000027a8       $pdata$wcscat_s            00000001800577a8     libucrtd:wcscat_s.obj
 0004:000027b4       $pdata$??$common_tcscat_s@_W@@YAHQEA_W_KQEB_W@Z 00000001800577b4     libucrtd:wcscat_s.obj
 0004:000027c0       $pdata$_set_error_mode     00000001800577c0     libucrtd:set_error_mode.obj
 0004:000027cc       $pdata$_isleadbyte_l       00000001800577cc     libucrtd:_wctype.obj
 0004:000027d8       $pdata$?__mbrtowc_utf8@__crt_mbstring@@YA_KPEA_WPEBD_KPEAU_Mbstatet@@@Z 00000001800577d8     libucrtd:mbrtowc.obj
 0004:000027e4       $pdata$?__mbsrtowcs_utf8@__crt_mbstring@@YA_KPEA_WPEAPEBD_KPEAU_Mbstatet@@@Z 00000001800577e4     libucrtd:mbrtowc.obj
 0004:000027f0       $pdata$c32rtomb            00000001800577f0     libucrtd:c32rtomb.obj
 0004:000027fc       $pdata$?__c32rtomb_utf8@__crt_mbstring@@YA_KPEAD_UPEAU_Mbstatet@@@Z 00000001800577fc     libucrtd:c32rtomb.obj
 0004:00002808       $pdata$?return_illegal_sequence@__crt_mbstring@@YA_KPEAU_Mbstatet@@@Z 0000000180057808     libucrtd:c32rtomb.obj
 0004:00002814       $pdata$?reset_and_return@__crt_mbstring@@YA_K_KPEAU_Mbstatet@@@Z 0000000180057814     libucrtd:c32rtomb.obj
 0004:00002820       $pdata$__acrt_fp_strflt_to_string 0000000180057820     libucrtd:_fptostr.obj
 0004:0000282c       $pdata$__acrt_fltout       000000018005782c     libucrtd:cfout.obj
 0004:00002838       $pdata$??0big_integer@__crt_strtox@@QEAA@XZ 0000000180057838     libucrtd:cfout.obj
 0004:00002844       $pdata$??0big_integer@__crt_strtox@@QEAA@AEBU01@@Z 0000000180057844     libucrtd:cfout.obj
 0004:00002844       $pdata$??4big_integer@__crt_strtox@@QEAAAEAU01@AEBU01@@Z 0000000180057844     libucrtd:cfout.obj
 0004:00002850       $pdata$??8__crt_strtox@@YA_NAEBUbig_integer@0@0@Z 0000000180057850     libucrtd:cfout.obj
 0004:0000285c       $pdata$??9__crt_strtox@@YA_NAEBUbig_integer@0@0@Z 000000018005785c     libucrtd:cfout.obj
 0004:00002868       $pdata$?make_big_integer@__crt_strtox@@YA?AUbig_integer@1@_K@Z 0000000180057868     libucrtd:cfout.obj
 0004:00002874       $pdata$?make_big_integer_power_of_two@__crt_strtox@@YA?AUbig_integer@1@I@Z 0000000180057874     libucrtd:cfout.obj
 0004:00002880       $pdata$?is_zero@__crt_strtox@@YA_NAEBUbig_integer@1@@Z 0000000180057880     libucrtd:cfout.obj
 0004:0000288c       $pdata$?bit_scan_reverse@__crt_strtox@@YAII@Z 000000018005788c     libucrtd:cfout.obj
 0004:00002898       $pdata$?shift_left@__crt_strtox@@YA_NAEAUbig_integer@1@I@Z 0000000180057898     libucrtd:cfout.obj
 0004:000028a4       $pdata$?add_carry@__crt_strtox@@YAIAEAIII@Z 00000001800578a4     libucrtd:cfout.obj
 0004:000028b0       $pdata$?add_multiply_carry@__crt_strtox@@YAIAEAIIII@Z 00000001800578b0     libucrtd:cfout.obj
 0004:000028bc       $pdata$?multiply_core@__crt_strtox@@YAIQEAIII@Z 00000001800578bc     libucrtd:cfout.obj
 0004:000028c8       $pdata$?multiply@__crt_strtox@@YA_NAEAUbig_integer@1@I@Z 00000001800578c8     libucrtd:cfout.obj
 0004:000028d4       $pdata$?multiply@__crt_strtox@@YA_NAEAUbig_integer@1@AEBU21@@Z 00000001800578d4     libucrtd:cfout.obj
 0004:000028e0       $pdata$?multiply_by_power_of_ten@__crt_strtox@@YA_NAEAUbig_integer@1@I@Z 00000001800578e0     libucrtd:cfout.obj
 0004:000028ec       $pdata$?count_sequential_high_zeroes@__crt_strtox@@YAII@Z 00000001800578ec     libucrtd:cfout.obj
 0004:000028f8       $pdata$?divide@__crt_strtox@@YA_KAEAUbig_integer@1@AEBU21@@Z 00000001800578f8     libucrtd:cfout.obj
 0004:00002904       $pdata$??0scoped_fp_state_reset@?A0x71ca7cfb@@QEAA@XZ 0000000180057904     libucrtd:cfout.obj
 0004:00002910       $pdata$??1scoped_fp_state_reset@?A0x71ca7cfb@@QEAA@XZ 0000000180057910     libucrtd:cfout.obj
 0004:0000291c       $pdata$??$convert_to_fos_high_precision@N@@YAXNIQEAHQEAD_K@Z 000000018005791c     libucrtd:cfout.obj
 0004:00002928       $pdata$_fcloseall          0000000180057928     libucrtd:closeall.obj
 0004:00002934       $pdata$_fcloseall$fin$0    0000000180057934     libucrtd:closeall.obj
 0004:00002940       $pdata$?is_in_use@__crt_stdio_stream@@QEBA_NXZ 0000000180057940     libucrtd:closeall.obj
 0004:0000294c       $pdata$?has_crt_buffer@__crt_stdio_stream@@QEBA_NXZ 000000018005794c     libucrtd:_freebuf.obj
 0004:00002958       $pdata$__acrt_stdio_free_buffer_nolock 0000000180057958     libucrtd:_freebuf.obj
 0004:00002964       $pdata$__acrt_GetStringTypeW 0000000180057964     libucrtd:getstringtypew.obj
 0004:00002970       $pdata$_itow_s             0000000180057970     libucrtd:xtoa.obj
 0004:0000297c       $pdata$_itoa_s             000000018005797c     libucrtd:xtoa.obj
 0004:00002988       $pdata$??$common_xtox_s@KD@@YAHKQEAD_KI_N@Z 0000000180057988     libucrtd:xtoa.obj
 0004:00002994       $pdata$??$common_xtox@KD@@YAHKQEAD_KI_N@Z 0000000180057994     libucrtd:xtoa.obj
 0004:000029a0       $pdata$??$common_xtox_s@K_W@@YAHKQEA_W_KI_N@Z 00000001800579a0     libucrtd:xtoa.obj
 0004:000029ac       $pdata$??$common_xtox@K_W@@YAHKQEA_W_KI_N@Z 00000001800579ac     libucrtd:xtoa.obj
 0004:000029b8       $pdata$mbstowcs_s          00000001800579b8     libucrtd:mbstowcs.obj
 0004:000029c4       $pdata$_mbstowcs_s_l       00000001800579c4     libucrtd:mbstowcs.obj
 0004:000029d0       $pdata$?_mbstowcs_l_helper@@YA_KPEA_WPEBD_KPEAU__crt_locale_pointers@@@Z 00000001800579d0     libucrtd:mbstowcs.obj
 0004:000029dc       $pdata$wcstombs_s          00000001800579dc     libucrtd:wcstombs.obj
 0004:000029e8       $pdata$_wcstombs_s_l       00000001800579e8     libucrtd:wcstombs.obj
 0004:000029f4       $pdata$?wcsncnt@@YA_KPEB_W_K@Z 00000001800579f4     libucrtd:wcstombs.obj
 0004:00002a00       $pdata$?_wcstombs_l_helper@@YA_KPEADPEB_W_KPEAU__crt_locale_pointers@@@Z 0000000180057a00     libucrtd:wcstombs.obj
 0004:00002a0c       $pdata$?dtor$0@?0??_wcstombs_l_helper@@YA_KPEADPEB_W_KPEAU__crt_locale_pointers@@@Z@4HA 0000000180057a0c     libucrtd:wcstombs.obj
 0004:00002a18       $pdata$strcat_s            0000000180057a18     libucrtd:strcat_s.obj
 0004:00002a24       $pdata$??$common_tcscat_s@D@@YAHQEAD_KQEBD@Z 0000000180057a24     libucrtd:strcat_s.obj
 0004:00002a30       $pdata$__acrt_OutputDebugStringA 0000000180057a30     libucrtd:outputdebugstringa.obj
 0004:00002a3c       $pdata$__strncnt           0000000180057a3c     libucrtd:strncnt.obj
 0004:00002a48       $pdata$__ascii_wcsnicmp    0000000180057a48     libucrtd:wcsnicmp.obj
 0004:00002a54       $pdata$_commit             0000000180057a54     libucrtd:commit.obj
 0004:00002a60       $pdata$??R<lambda_5533cddd4bda0037814beee657757329>@@QEBAHXZ 0000000180057a60     libucrtd:commit.obj
 0004:00002a6c       $pdata$??$__acrt_lowio_lock_fh_and_call@V<lambda_5533cddd4bda0037814beee657757329>@@@@YAHH$$QEAV<lambda_5533cddd4bda0037814beee657757329>@@@Z 0000000180057a6c     libucrtd:commit.obj
 0004:00002a78       $pdata$??R<lambda_53fc7fc888e23d815d7080162c0aeeb2>@@QEBAXXZ 0000000180057a78     libucrtd:close.obj
 0004:00002a78       $pdata$??R<lambda_4e3dbe6921bc0b5a1a6bc6573fdc859e>@@QEBAXXZ 0000000180057a78     libucrtd:commit.obj
 0004:00002a84       $pdata$??R<lambda_8ddc48ad9d26c778cb15812d1d88fc8a>@@QEBAXXZ 0000000180057a84     libucrtd:close.obj
 0004:00002a84       $pdata$??R<lambda_47cffbaa968af5c721c38a4a6f8da44d>@@QEBAXXZ 0000000180057a84     libucrtd:commit.obj
 0004:00002a90       $pdata$??$?RV<lambda_4e3dbe6921bc0b5a1a6bc6573fdc859e>@@AEAV<lambda_5533cddd4bda0037814beee657757329>@@V<lambda_47cffbaa968af5c721c38a4a6f8da44d>@@@?$__crt_seh_guarded_call@H@@QEAAH$$QEAV<lambda_4e3dbe6921bc0b5a1a6bc6573fdc859e>@@AEAV<lambda_5533cddd4bda0037814beee657757329>@@$$QEAV<lambda_47cffbaa968af5c721c38a4a6f8da44d>@@@Z 0000000180057a90     libucrtd:commit.obj
 0004:00002a9c       $pdata$?fin$0@?0???$?RV<lambda_53fc7fc888e23d815d7080162c0aeeb2>@@AEAV<lambda_4e7105787b7b0e0227fbf2b2d883fa65>@@V<lambda_8ddc48ad9d26c778cb15812d1d88fc8a>@@@?$__crt_seh_guarded_call@H@@QEAAH$$QEAV<lambda_53fc7fc888e23d815d7080162c0aeeb2>@@AEAV<lambda_4e7105787b7b0e0227fbf2b2d883fa65>@@$$QEAV<lambda_8ddc48ad9d26c778cb15812d1d88fc8a>@@@Z@4HA 0000000180057a9c     libucrtd:close.obj
 0004:00002a9c       $pdata$?fin$0@?0???$?RV<lambda_4e3dbe6921bc0b5a1a6bc6573fdc859e>@@AEAV<lambda_5533cddd4bda0037814beee657757329>@@V<lambda_47cffbaa968af5c721c38a4a6f8da44d>@@@?$__crt_seh_guarded_call@H@@QEAAH$$QEAV<lambda_4e3dbe6921bc0b5a1a6bc6573fdc859e>@@AEAV<lambda_5533cddd4bda0037814beee657757329>@@$$QEAV<lambda_47cffbaa968af5c721c38a4a6f8da44d>@@@Z@4HA 0000000180057a9c     libucrtd:commit.obj
 0004:00002aa8       $pdata$_write              0000000180057aa8     libucrtd:write.obj
 0004:00002ab4       $pdata$_write$fin$0        0000000180057ab4     libucrtd:write.obj
 0004:00002ac0       $pdata$_write_nolock       0000000180057ac0     libucrtd:write.obj
 0004:00002acc       $pdata$?write_requires_double_translation_nolock@@YA_NH@Z 0000000180057acc     libucrtd:write.obj
 0004:00002ad8       $pdata$?write_double_translated_ansi_nolock@@YA?AUwrite_result@?A0x17268360@@HQEBDI@Z 0000000180057ad8     libucrtd:write.obj
 0004:00002ae4       $pdata$?write_double_translated_unicode_nolock@@YA?AUwrite_result@?A0x17268360@@QEBDI@Z 0000000180057ae4     libucrtd:write.obj
 0004:00002af0       $pdata$?write_text_ansi_nolock@@YA?AUwrite_result@?A0x17268360@@HQEBDI@Z 0000000180057af0     libucrtd:write.obj
 0004:00002afc       $pdata$?write_text_utf16le_nolock@@YA?AUwrite_result@?A0x17268360@@HQEBDI@Z 0000000180057afc     libucrtd:write.obj
 0004:00002b08       $pdata$?write_text_utf8_nolock@@YA?AUwrite_result@?A0x17268360@@HQEBDI@Z 0000000180057b08     libucrtd:write.obj
 0004:00002b14       $pdata$?write_binary_nolock@@YA?AUwrite_result@?A0x17268360@@HQEBDI@Z 0000000180057b14     libucrtd:write.obj
 0004:00002b20       $pdata$?__mbrtoc32_utf8@__crt_mbstring@@YA_KPEA_UPEBD_KPEAU_Mbstatet@@@Z 0000000180057b20     libucrtd:mbrtoc32.obj
 0004:00002b38       $pdata$ceil                0000000180057b38     libucrtd:ceil.obj
 0004:00002b44       $pdata$fegetenv            0000000180057b44     libucrtd:fegetenv.obj
 0004:00002b50       $pdata$fesetenv            0000000180057b50     libucrtd:fesetenv.obj
 0004:00002b5c       $pdata$feholdexcept        0000000180057b5c     libucrtd:feholdexcept.obj
 0004:00002b68       $pdata$_lseeki64_nolock    0000000180057b68     libucrtd:lseek.obj
 0004:00002b74       $pdata$?common_lseek_do_seek_nolock@@YA_JQEAX_JH@Z 0000000180057b74     libucrtd:lseek.obj
 0004:00002b80       $pdata$??$common_lseek_nolock@_J@@YA_JH_JH@Z 0000000180057b80     libucrtd:lseek.obj
 0004:00002b8c       $pdata$fclose              0000000180057b8c     libucrtd:fclose.obj
 0004:00002b98       $pdata$fclose$fin$0        0000000180057b98     libucrtd:fclose.obj
 0004:00002ba4       $pdata$_fclose_nolock      0000000180057ba4     libucrtd:fclose.obj
 0004:00002bb0       $pdata$?__wcsrtombs_utf8@__crt_mbstring@@YA_KPEADPEAPEB_W_KPEAU_Mbstatet@@@Z 0000000180057bb0     libucrtd:wcrtomb.obj
 0004:00002bbc       $pdata$_putwch_nolock      0000000180057bbc     libucrtd:putwch.obj
 0004:00002bc8       $pdata$__acrt_initialize_fma3 0000000180057bc8     libucrtd:fma3_available.obj
 0004:00002bd4       $pdata$_log_special_common 0000000180057bd4     libucrtd:log_special.obj
 0004:00002be0       $pdata$_log10_special      0000000180057be0     libucrtd:log_special.obj
 0004:00002bec       $pdata$_call_matherr       0000000180057bec     libucrtd:libm_error.obj
 0004:00002bf8       $pdata$_exception_enabled  0000000180057bf8     libucrtd:libm_error.obj
 0004:00002c04       $pdata$_handle_nan         0000000180057c04     libucrtd:libm_error.obj
 0004:00002c10       $pdata$_handle_error       0000000180057c10     libucrtd:libm_error.obj
 0004:00002c1c       $pdata$_clearfp            0000000180057c1c     libucrtd:ieee.obj
 0004:00002c28       $pdata$_abstract_sw        0000000180057c28     libucrtd:ieee.obj
 0004:00002c34       $pdata$_close              0000000180057c34     libucrtd:close.obj
 0004:00002c40       $pdata$_close_nolock       0000000180057c40     libucrtd:close.obj
 0004:00002c4c       $pdata$?close_os_handle_nolock@@YAKH@Z 0000000180057c4c     libucrtd:close.obj
 0004:00002c58       $pdata$??R<lambda_4e7105787b7b0e0227fbf2b2d883fa65>@@QEBAHXZ 0000000180057c58     libucrtd:close.obj
 0004:00002c64       $pdata$??$__acrt_lowio_lock_fh_and_call@V<lambda_4e7105787b7b0e0227fbf2b2d883fa65>@@@@YAHH$$QEAV<lambda_4e7105787b7b0e0227fbf2b2d883fa65>@@@Z 0000000180057c64     libucrtd:close.obj
 0004:00002c70       $pdata$??$?RV<lambda_53fc7fc888e23d815d7080162c0aeeb2>@@AEAV<lambda_4e7105787b7b0e0227fbf2b2d883fa65>@@V<lambda_8ddc48ad9d26c778cb15812d1d88fc8a>@@@?$__crt_seh_guarded_call@H@@QEAAH$$QEAV<lambda_53fc7fc888e23d815d7080162c0aeeb2>@@AEAV<lambda_4e7105787b7b0e0227fbf2b2d883fa65>@@$$QEAV<lambda_8ddc48ad9d26c778cb15812d1d88fc8a>@@@Z 0000000180057c70     libucrtd:close.obj
 0004:00002c7c       $pdata$?__acrt_stdio_free_stream@@YAXV__crt_stdio_stream@@@Z 0000000180057c7c     libucrtd:stream.obj
 0004:00002c88       $pdata$?__c16rtomb_utf8@__crt_mbstring@@YA_KPEAD_SPEAU_Mbstatet@@@Z 0000000180057c88     libucrtd:c16rtomb.obj
 0004:00002c94       $pdata$?store_first_surrogate@?A0xc60ee810@@YAX_SPEAU_Mbstatet@@@Z 0000000180057c94     libucrtd:c16rtomb.obj
 0004:00002ca0       $pdata$?has_surrogate@?A0xc60ee810@@YA_NPEAU_Mbstatet@@@Z 0000000180057ca0     libucrtd:c16rtomb.obj
 0004:00002cac       $pdata$?is_first_surrogate@?A0xc60ee810@@YA_N_S@Z 0000000180057cac     libucrtd:c16rtomb.obj
 0004:00002cb8       $pdata$?is_second_surrogate@?A0xc60ee810@@YA_N_S@Z 0000000180057cb8     libucrtd:c16rtomb.obj
 0004:00002cc4       $pdata$__dcrt_lowio_ensure_console_output_initialized 0000000180057cc4     libucrtd:initcon.obj
 0004:00002cd0       $pdata$__dcrt_write_console 0000000180057cd0     libucrtd:initcon.obj
 0004:00002cdc       $pdata$__dcrt_terminate_console_output 0000000180057cdc     libucrtd:initcon.obj
 0004:00002ce8       $pdata$_set_errno_from_matherr 0000000180057ce8     libucrtd:fpexcept.obj
 0004:00002cf4       $pdata$_raise_exc          0000000180057cf4     libucrtd:fpexcept.obj
 0004:00002d00       $pdata$_raise_exc_ex       0000000180057d00     libucrtd:fpexcept.obj
 0004:00002d0c       $pdata$_clrfp              0000000180057d0c     libucrtd:fpctrl.obj
 0004:00002d18       $pdata$_ctrlfp             0000000180057d18     libucrtd:fpctrl.obj
 0004:00002d24       $pdata$_ctrlfp$filt$0      0000000180057d24     libucrtd:fpctrl.obj
 0004:00002d30       $pdata$_statfp             0000000180057d30     libucrtd:fpctrl.obj
 0004:00002d3c       $pdata$_set_statfp         0000000180057d3c     libucrtd:fpctrl.obj
 0004:00002d54       $pdata$_ValidateImageBase  0000000180057d54     LIBCMTD:pesect.obj
 0004:00002d60       $pdata$_FindPESection      0000000180057d60     LIBCMTD:pesect.obj
 0004:00002d6c       $pdata$_IsNonwritableInCurrentImage 0000000180057d6c     LIBCMTD:pesect.obj
 0004:00002d78       $pdata$_IsNonwritableInCurrentImage$filt$0 0000000180057d78     LIBCMTD:pesect.obj
 0004:00002d84       $pdata$??_Gtype_info@@UEAAPEAXI@Z 0000000180057d84     LIBCMTD:std_type_info_static.obj
 0004:00002d90       $pdata$??3@YAXPEAX_K@Z     0000000180057d90     LIBCMTD:delete_scalar_size.obj
 0004:00002d9c       $pdata$__GSHandlerCheck_SEH 0000000180057d9c     LIBCMTD:gshandlerseh.obj
 0004:00002db4       $pdata$__GSHandlerCheck_EH 0000000180057db4     LIBCMTD:gshandlereh.obj
 0004:00002dc0       $pdata$??3@YAXPEAX@Z       0000000180057dc0     LIBCMTD:delete_scalar.obj
 0004:00002dd8       $pdata$strrchr             0000000180057dd8     libvcruntimed:strrchr.obj
 0005:00000000       MoveSmall                  0000000180058000     libvcruntimed:memcpy.obj
 0005:00000050       MsetTab                    0000000180058050     libvcruntimed:memset.obj
