 handmade

 Timestamp is 5ec72a4a (Thu May 21 19:26:34 2020)

 Preferred load address is 0000000180000000

 Start         Length     Name                   Class
 0001:00000000 00038dd0H .text$mn                CODE
 0001:00038dd0 00000020H .text$mn$00             CODE
 0001:00038df0 0000068dH .text$x                 CODE
 0002:00000000 00000248H .idata$5                DATA
 0002:00000248 00000028H .00cfg                  DATA
 0002:00000270 00000008H .CRT$XCA                DATA
 0002:00000278 00000008H .CRT$XCZ                DATA
 0002:00000280 00000008H .CRT$XIA                DATA
 0002:00000288 00000018H .CRT$XIC                DATA
 0002:000002a0 00000008H .CRT$XIZ                DATA
 0002:000002a8 00000008H .CRT$XPA                DATA
 0002:000002b0 00000010H .CRT$XPX                DATA
 0002:000002c0 00000008H .CRT$XPXA               DATA
 0002:000002c8 00000008H .CRT$XPZ                DATA
 0002:000002d0 00000008H .CRT$XTA                DATA
 0002:000002d8 00000008H .CRT$XTZ                DATA
 0002:000002e0 00000000H .gfids$y                DATA
 0002:000002e0 000102a0H .rdata                  DATA
 0002:00010580 0000016cH .rdata$r                DATA
 0002:000106ec 000002f4H .rdata$zzzdbg           DATA
 0002:000109e0 00000008H .rtc$IAA                DATA
 0002:000109e8 00000008H .rtc$IZZ                DATA
 0002:000109f0 00000008H .rtc$TAA                DATA
 0002:000109f8 00000008H .rtc$TZZ                DATA
 0002:00010a00 000010a8H .xdata                  DATA
 0002:00011aa8 00000088H .xdata$x                DATA
 0002:00011b30 00000074H .edata                  DATA
 0002:00011ba4 00000014H .idata$2                DATA
 0002:00011bb8 00000018H .idata$3                DATA
 0002:00011bd0 00000248H .idata$4                DATA
 0002:00011e18 00000554H .idata$6                DATA
 0003:00000000 00000a30H .data                   DATA
 0003:00000a30 00000070H .data$r                 DATA
 0003:00000aa0 00001868H .bss                    DATA
 0004:00000000 00002d90H .pdata                  DATA
 0005:00000000 00000094H _RDATA                  DATA

  Address         Publics by Value              Rva+Base               Lib:Object

 0000:00000000       __guard_longjmp_count      0000000000000000     <absolute>
 0000:00000000       __guard_fids_count         0000000000000000     <absolute>
 0000:00000000       __hybrid_code_map_count    0000000000000000     <absolute>
 0000:00000000       __guard_iat_table          0000000000000000     <absolute>
 0000:00000000       __hybrid_code_map          0000000000000000     <absolute>
 0000:00000000       __guard_iat_count          0000000000000000     <absolute>
 0000:00000000       __guard_eh_cont_count      0000000000000000     <absolute>
 0000:00000000       __volatile_metadata        0000000000000000     <absolute>
 0000:00000000       __guard_longjmp_table      0000000000000000     <absolute>
 0000:00000000       __guard_eh_cont_table      0000000000000000     <absolute>
 0000:00000000       __enclave_config           0000000000000000     <absolute>
 0000:00000000       __AbsoluteZero             0000000000000000     <absolute>
 0000:00000000       ___safe_se_handler_count   0000000000000000     <absolute>
 0000:00000000       ___safe_se_handler_table   0000000000000000     <absolute>
 0000:00000000       __guard_fids_table         0000000000000000     <absolute>
 0000:00000000       __hybrid_auxiliary_iat     0000000000000000     <absolute>
 0000:00000000       __dynamic_value_reloc_table 0000000000000000     <absolute>
 0000:00000100       __guard_flags              0000000000000100     <absolute>
 0000:00000000       __ImageBase                0000000180000000     <linker-defined>
 0001:00000320       GameUpdateAndRender        0000000180001320 f   handmade.obj
 0001:00002860       GameGetSoundSamples        0000000180003860 f   handmade.obj
 0001:000028a0       ?FloorReal32ToInt32@@YAHM@Z 00000001800038a0 f i handmade.obj
 0001:000028d0       ?GetController@@YAPEAUgame_controller_input@@PEAUgame_input@@H@Z 00000001800038d0 f i handmade.obj
 0001:00002920       ?GetTileMap@@YAPEAUtile_map@@PEAUworld@@HH@Z 0000000180003920 f i handmade.obj
 0001:000029a0       ?GetTileValueUnchecked@@YAIPEAUworld@@PEAUtile_map@@HH@Z 00000001800039a0 f i handmade.obj
 0001:00002a40       ?IsTileMapPointEmpty@@YAHPEAUworld@@PEAUtile_map@@HH@Z 0000000180003a40 f i handmade.obj
 0001:00002ad0       ?RecanonicalizeCoord@@YAXPEAUworld@@HPEAH1PEAM@Z 0000000180003ad0 f i handmade.obj
 0001:00002be0       ?RecanonicalizePosition@@YA?AUcanonical_position@@PEAUworld@@U1@@Z 0000000180003be0 f i handmade.obj
 0001:00002ca0       ?RoundReal32ToInt32@@YAHM@Z 0000000180003ca0 f i handmade.obj
 0001:00002cd0       ?RoundReal32ToUInt32@@YAIM@Z 0000000180003cd0 f i handmade.obj
 0001:00002d00       __GSHandlerCheck           0000000180003d00 f   LIBCMTD:gshandler.obj
 0001:00002d40       __GSHandlerCheckCommon     0000000180003d40 f   LIBCMTD:gshandler.obj
 0001:00002e50       __security_check_cookie    0000000180003e50 f   LIBCMTD:amdsecgs.obj
 0001:00003290       _DllMainCRTStartup         0000000180004290 f   LIBCMTD:dll_dllmain.obj
 0001:000032d0       __raise_securityfailure    00000001800042d0 f   LIBCMTD:gs_report.obj
 0001:00003310       __report_gsfailure         0000000180004310 f   LIBCMTD:gs_report.obj
 0001:000033f0       __report_rangecheckfailure 00000001800043f0 f   LIBCMTD:gs_report.obj
 0001:00003410       __report_securityfailure   0000000180004410 f   LIBCMTD:gs_report.obj
 0001:000036d0       __security_init_cookie     00000001800046d0 f   LIBCMTD:gs_support.obj
 0001:00003750       DllMain                    0000000180004750 f   LIBCMTD:dll_dllmain_stub.obj
 0001:00003770       ?__scrt_initialize_type_info@@YAXXZ 0000000180004770 f   LIBCMTD:tncleanup.obj
 0001:00003790       ?__scrt_uninitialize_type_info@@YAXXZ 0000000180004790 f   LIBCMTD:tncleanup.obj
 0001:000037b0       __local_stdio_printf_options 00000001800047b0 f i LIBCMTD:default_local_stdio_options.obj
 0001:000037c0       __local_stdio_scanf_options 00000001800047c0 f i LIBCMTD:default_local_stdio_options.obj
 0001:000037d0       __scrt_initialize_default_local_stdio_options 00000001800047d0 f   LIBCMTD:default_local_stdio_options.obj
 0001:00003820       ?configure_argv@__scrt_narrow_argv_policy@@SAHXZ 0000000180004820 f i LIBCMTD:utility.obj
 0001:00003910       ?initialize_environment@__scrt_narrow_environment_policy@@SAHXZ 0000000180004910 f i LIBCMTD:utility.obj
 0001:000039b0       NtCurrentTeb               00000001800049b0 f i LIBCMTD:utility.obj
 0001:000039c0       __scrt_acquire_startup_lock 00000001800049c0 f   LIBCMTD:utility.obj
 0001:00003a30       __scrt_dllmain_after_initialize_c 0000000180004a30 f   LIBCMTD:utility.obj
 0001:00003a60       __scrt_dllmain_before_initialize_c 0000000180004a60 f   LIBCMTD:utility.obj
 0001:00003a80       __scrt_dllmain_crt_thread_attach 0000000180004a80 f   LIBCMTD:utility.obj
 0001:00003ab0       __scrt_dllmain_crt_thread_detach 0000000180004ab0 f   LIBCMTD:utility.obj
 0001:00003ad0       __scrt_dllmain_exception_filter 0000000180004ad0 f   LIBCMTD:utility.obj
 0001:00003b40       __scrt_dllmain_uninitialize_c 0000000180004b40 f   LIBCMTD:utility.obj
 0001:00003b70       __scrt_dllmain_uninitialize_critical 0000000180004b70 f   LIBCMTD:utility.obj
 0001:00003b90       __scrt_initialize_crt      0000000180004b90 f   LIBCMTD:utility.obj
 0001:00003be0       __scrt_initialize_onexit_tables 0000000180004be0 f   LIBCMTD:utility.obj
 0001:00003cf0       __scrt_is_nonwritable_in_current_image 0000000180004cf0 f   LIBCMTD:utility.obj
 0001:00003d80       __scrt_release_startup_lock 0000000180004d80 f   LIBCMTD:utility.obj
 0001:00003db0       __scrt_uninitialize_crt    0000000180004db0 f   LIBCMTD:utility.obj
 0001:00003df0       __scrt_get_dyn_tls_init_callback 0000000180004df0 f   LIBCMTD:dyn_tls_init.obj
 0001:00003e00       __crt_debugger_hook        0000000180004e00 f   LIBCMTD:utility_desktop.obj
 0001:00003e10       __scrt_fastfail            0000000180004e10 f   LIBCMTD:utility_desktop.obj
 0001:00003fb0       _RTC_Initialize            0000000180004fb0 f   LIBCMTD:initsect.obj
 0001:00004000       _RTC_Terminate             0000000180005000 f   LIBCMTD:initsect.obj
 0001:00004050       ??1?$__crt_simd_cleanup_guard@$0A@@@QEAA@XZ 0000000180005050 f i libucrtd:strnlen.obj
 0001:00004050       ??1scoped_global_state_reset@__crt_state_management@@QEAA@XZ 0000000180005050 f i libucrtd:onexit.obj
 0001:00004050       _guard_check_icall_nop     0000000180005050 f i LIBCMTD:guard_support.obj
 0001:00004060       ?__crt_interlocked_read_64@@YA_JPED_J@Z 0000000180005060 f i libvcruntimed:std_type_info.obj
 0001:00004060       ReadNoFence64              0000000180005060 f i LIBCMTD:guard_support.obj
 0001:00004080       ReadPointerNoFence         0000000180005080 f i LIBCMTD:guard_support.obj
 0001:00004080       ??$__crt_interlocked_read_pointer@UHINSTANCE__@@@@YAPEAUHINSTANCE__@@PEDSEAU0@@Z 0000000180005080 f i libvcruntimed:winapi_downlevel.obj
 0001:00004080       ??$__crt_interlocked_read_pointer@X@@YAPEAXPEDSEAX@Z 0000000180005080 f i libvcruntimed:winapi_downlevel.obj
 0001:000040a0       _guard_icall_checks_enforced 00000001800050a0 f i LIBCMTD:guard_support.obj
 0001:000040e0       __isa_available_init       00000001800050e0 f   LIBCMTD:cpu_disp.obj
 0001:00004480       _get_startup_argv_mode     0000000180005480 f   LIBCMTD:argv_mode.obj
 0001:00004490       __scrt_is_ucrt_dll_in_use  0000000180005490 f   LIBCMTD:ucrt_detection.obj
 0001:000044c0       IsProcessorFeaturePresent  00000001800054c0 f   kernel32:KERNEL32.dll
 0001:000044d0       __C_specific_handler       00000001800054d0 f   libvcruntimed:riscchandler.obj
 0001:00004940       ??$?RU__crt_lowio_handle_data@@@__crt_internal_free_policy@@QEBAXQEBU__crt_lowio_handle_data@@@Z 0000000180005940 f i libucrtd:osfinfo.obj
 0001:00004940       ??$?RU__crt_multibyte_data@@@__crt_internal_free_policy@@QEBAXQEBU__crt_multibyte_data@@@Z 0000000180005940 f i libucrtd:mbctype.obj
 0001:00004940       ??$?RD@__crt_internal_free_policy@@QEBAXQEBD@Z 0000000180005940 f i libvcruntimed:std_type_info.obj
 0001:00004940       ??$?RU__acrt_ptd@@@__crt_internal_free_policy@@QEBAXQEBU__acrt_ptd@@@Z 0000000180005940 f i libucrtd:per_thread_data.obj
 0001:00004940       ??$?RPEAD@__crt_internal_free_policy@@QEBAXQEBQEAD@Z 0000000180005940 f i libucrtd:argv_parsing.obj
 0001:00004940       ??$?RU__vcrt_ptd@@@__crt_internal_free_policy@@QEBAXQEBU__vcrt_ptd@@@Z 0000000180005940 f i libvcruntimed:per_thread_data.obj
 0001:00004940       ??$?RPEAU__crt_stdio_stream_data@@@__crt_internal_free_policy@@QEBAXQEBQEAU__crt_stdio_stream_data@@@Z 0000000180005940 f i libucrtd:_file.obj
 0001:00004940       ??$?RE@__crt_internal_free_policy@@QEBAXQEBE@Z 0000000180005940 f i libucrtd:argv_parsing.obj
 0001:00004970       ??0__crt_stdio_stream@@QEAA@QEAU_iobuf@@@Z 0000000180005970 f i libucrtd:output.obj
 0001:00004970       ??0?$__crt_unique_heap_ptr@PEAU__crt_stdio_stream_data@@U__crt_internal_free_policy@@@@QEAA@QEAPEAU__crt_stdio_stream_data@@@Z 0000000180005970 f i libucrtd:_file.obj
 0001:00004970       ??0?$__crt_unique_heap_ptr@DU__crt_internal_free_policy@@@@QEAA@QEAD@Z 0000000180005970 f i libvcruntimed:std_type_info.obj
 0001:00004970       ??0?$__crt_unique_heap_ptr@DU__crt_public_free_policy@@@@QEAA@QEAD@Z 0000000180005970 f i libvcruntimed:std_exception.obj
 0001:00004970       ??0?$__crt_unique_heap_ptr@U__crt_multibyte_data@@U__crt_internal_free_policy@@@@QEAA@QEAU__crt_multibyte_data@@@Z 0000000180005970 f i libucrtd:mbctype.obj
 0001:00004970       ??0?$__crt_unique_handle_t@U__crt_findfile_traits@@@@QEAA@QEAX@Z 0000000180005970 f i libucrtd:argv_wildcards.obj
 0001:00004970       ??0__crt_stdio_stream@@QEAA@QEAU__crt_stdio_stream_data@@@Z 0000000180005970 f i libucrtd:fflush.obj
 0001:00004970       ??0?$__crt_unique_heap_ptr@PEADU__crt_internal_free_policy@@@@QEAA@QEAPEAD@Z 0000000180005970 f i libucrtd:argv_parsing.obj
 0001:00004970       ??0?$string_output_adapter@_W@__crt_stdio_output@@QEAA@QEAU?$string_output_adapter_context@_W@1@@Z 0000000180005970 f i libucrtd:output.obj
 0001:00004970       ??0?$__crt_scoped_stack_ptr_tag@_W@@QEAA@QEA_W@Z 0000000180005970 f i libucrtd:getstringtypea.obj
 0001:00004970       ??0?$string_output_adapter@D@__crt_stdio_output@@QEAA@QEAU?$string_output_adapter_context@D@1@@Z 0000000180005970 f i libucrtd:output.obj
 0001:00004970       ??0?$__crt_unique_heap_ptr@U__acrt_ptd@@U__crt_internal_free_policy@@@@QEAA@QEAU__acrt_ptd@@@Z 0000000180005970 f i libucrtd:per_thread_data.obj
 0001:00004970       ??0?$__crt_unique_handle_t@U__crt_hmodule_traits@@@@QEAA@QEAUHINSTANCE__@@@Z 0000000180005970 f i libucrtd:exit.obj
 0001:00004970       ??0?$__crt_unique_heap_ptr@EU__crt_internal_free_policy@@@@QEAA@QEAE@Z 0000000180005970 f i libucrtd:argv_parsing.obj
 0001:00004970       ??0?$__crt_unique_heap_ptr@U__crt_lowio_handle_data@@U__crt_internal_free_policy@@@@QEAA@QEAU__crt_lowio_handle_data@@@Z 0000000180005970 f i libucrtd:osfinfo.obj
 0001:00004970       ??0?$__crt_scoped_stack_ptr@_W@@QEAA@U?$__crt_scoped_stack_ptr_tag@_W@@@Z 0000000180005970 f i libucrtd:getstringtypea.obj
 0001:00004970       ??0?$__crt_unique_heap_ptr@U__vcrt_ptd@@U__crt_internal_free_policy@@@@QEAA@QEAU__vcrt_ptd@@@Z 0000000180005970 f i libvcruntimed:per_thread_data.obj
 0001:00004990       ??1?$__crt_unique_heap_ptr@PEAU__crt_stdio_stream_data@@U__crt_internal_free_policy@@@@QEAA@XZ 0000000180005990 f i libucrtd:_file.obj
 0001:00004990       ??1?$__crt_unique_heap_ptr@PEADU__crt_internal_free_policy@@@@QEAA@XZ 0000000180005990 f i libucrtd:argv_parsing.obj
 0001:00004990       ??1?$__crt_unique_heap_ptr@U__crt_multibyte_data@@U__crt_internal_free_policy@@@@QEAA@XZ 0000000180005990 f i libucrtd:mbctype.obj
 0001:00004990       ??1?$__crt_unique_heap_ptr@U__acrt_ptd@@U__crt_internal_free_policy@@@@QEAA@XZ 0000000180005990 f i libucrtd:per_thread_data.obj
 0001:00004990       ??1?$__crt_unique_heap_ptr@EU__crt_internal_free_policy@@@@QEAA@XZ 0000000180005990 f i libucrtd:argv_parsing.obj
 0001:00004990       ??1?$__crt_unique_heap_ptr@U__vcrt_ptd@@U__crt_internal_free_policy@@@@QEAA@XZ 0000000180005990 f i libvcruntimed:per_thread_data.obj
 0001:00004990       ??1?$__crt_unique_heap_ptr@DU__crt_internal_free_policy@@@@QEAA@XZ 0000000180005990 f i libvcruntimed:std_type_info.obj
 0001:00004990       ??1?$__crt_unique_heap_ptr@U__crt_lowio_handle_data@@U__crt_internal_free_policy@@@@QEAA@XZ 0000000180005990 f i libucrtd:osfinfo.obj
 0001:000049b0       ??B?$__crt_unique_heap_ptr@U__acrt_ptd@@U__crt_internal_free_policy@@@@QEBA_NXZ 00000001800059b0 f i libucrtd:per_thread_data.obj
 0001:000049b0       ??B?$__crt_unique_heap_ptr@U__crt_multibyte_data@@U__crt_internal_free_policy@@@@QEBA_NXZ 00000001800059b0 f i libucrtd:mbctype.obj
 0001:000049b0       ??B?$__crt_unique_heap_ptr@U__vcrt_ptd@@U__crt_internal_free_policy@@@@QEBA_NXZ 00000001800059b0 f i libvcruntimed:per_thread_data.obj
 0001:000049b0       ??B?$__crt_unique_heap_ptr@EU__crt_internal_free_policy@@@@QEBA_NXZ 00000001800059b0 f i libucrtd:argv_parsing.obj
 0001:000049b0       ??B?$__crt_unique_heap_ptr@U__crt_lowio_handle_data@@U__crt_internal_free_policy@@@@QEBA_NXZ 00000001800059b0 f i libucrtd:osfinfo.obj
 0001:000049b0       ??B?$__crt_unique_heap_ptr@DU__crt_public_free_policy@@@@QEBA_NXZ 00000001800059b0 f i libvcruntimed:std_exception.obj
 0001:000049b0       ??B?$__crt_unique_heap_ptr@DU__crt_internal_free_policy@@@@QEBA_NXZ 00000001800059b0 f i libvcruntimed:std_type_info.obj
 0001:000049d0       ?get@?$__crt_unique_heap_ptr@U__crt_lowio_handle_data@@U__crt_internal_free_policy@@@@QEBAPEAU__crt_lowio_handle_data@@XZ 00000001800059d0 f i libucrtd:osfinfo.obj
 0001:000049d0       ?get@?$__crt_scoped_stack_ptr@_W@@QEBAPEA_WXZ 00000001800059d0 f i libucrtd:getstringtypea.obj
 0001:000049d0       ?get@?$__crt_unique_heap_ptr@U__acrt_ptd@@U__crt_internal_free_policy@@@@QEBAPEAU__acrt_ptd@@XZ 00000001800059d0 f i libucrtd:per_thread_data.obj
 0001:000049d0       ?save_state@?$c_string_character_source@_W@__crt_strtox@@QEBAPEB_WXZ 00000001800059d0 f i libucrtd:atox.obj
 0001:000049d0       ?get@?$__crt_unique_heap_ptr@DU__crt_internal_free_policy@@@@QEBAPEADXZ 00000001800059d0 f i libvcruntimed:std_type_info.obj
 0001:000049d0       ?get@?$__crt_unique_heap_ptr@U__crt_multibyte_data@@U__crt_internal_free_policy@@@@QEBAPEAU__crt_multibyte_data@@XZ 00000001800059d0 f i libucrtd:mbctype.obj
 0001:000049d0       ?get@?$__crt_unique_heap_ptr@EU__crt_internal_free_policy@@@@QEBAPEAEXZ 00000001800059d0 f i libucrtd:argv_parsing.obj
 0001:000049d0       ?get@?$__crt_unique_handle_t@U__crt_hmodule_traits@@@@QEBAPEAUHINSTANCE__@@XZ 00000001800059d0 f i libucrtd:exit.obj
 0001:000049d0       ?get@?$__crt_unique_heap_ptr@PEADU__crt_internal_free_policy@@@@QEBAPEAPEADXZ 00000001800059d0 f i libucrtd:argv_parsing.obj
 0001:000049d0       ?save_state@?$c_string_character_source@D@__crt_strtox@@QEBAPEBDXZ 00000001800059d0 f i libucrtd:atox.obj
 0001:000049d0       ?get@?$__crt_unique_handle_t@U__crt_findfile_traits@@@@QEBAPEAXXZ 00000001800059d0 f i libucrtd:argv_wildcards.obj
 0001:000049d0       ?public_stream@__crt_stdio_stream@@QEBAPEAU_iobuf@@XZ 00000001800059d0 f i libucrtd:output.obj
 0001:000049d0       ??C__crt_stdio_stream@@QEBAPEAU__crt_stdio_stream_data@@XZ 00000001800059d0 f i libucrtd:output.obj
 0001:000049d0       ?get@?$__crt_unique_heap_ptr@U__vcrt_ptd@@U__crt_internal_free_policy@@@@QEBAPEAU__vcrt_ptd@@XZ 00000001800059d0 f i libvcruntimed:per_thread_data.obj
 0001:000049d0       ?get@?$__crt_unique_heap_ptr@DU__crt_public_free_policy@@@@QEBAPEADXZ 00000001800059d0 f i libvcruntimed:std_exception.obj
 0001:000049e0       ?is_valid@?$__crt_unique_heap_ptr@DU__crt_internal_free_policy@@@@QEBA_NXZ 00000001800059e0 f i libvcruntimed:std_type_info.obj
 0001:000049e0       ?is_valid@?$__crt_unique_heap_ptr@U__crt_multibyte_data@@U__crt_internal_free_policy@@@@QEBA_NXZ 00000001800059e0 f i libucrtd:mbctype.obj
 0001:000049e0       ?is_valid@?$__crt_unique_heap_ptr@U__vcrt_ptd@@U__crt_internal_free_policy@@@@QEBA_NXZ 00000001800059e0 f i libvcruntimed:per_thread_data.obj
 0001:000049e0       ?is_valid@?$__crt_unique_heap_ptr@U__acrt_ptd@@U__crt_internal_free_policy@@@@QEBA_NXZ 00000001800059e0 f i libucrtd:per_thread_data.obj
 0001:000049e0       ?is_valid@?$__crt_unique_heap_ptr@DU__crt_public_free_policy@@@@QEBA_NXZ 00000001800059e0 f i libvcruntimed:std_exception.obj
 0001:000049e0       ?is_valid@?$__crt_unique_heap_ptr@U__crt_lowio_handle_data@@U__crt_internal_free_policy@@@@QEBA_NXZ 00000001800059e0 f i libucrtd:osfinfo.obj
 0001:000049e0       ??B?$__crt_scoped_stack_ptr@_W@@QEBA_NXZ 00000001800059e0 f i libucrtd:lcmapstringa.obj
 0001:000049e0       ?is_valid@?$__crt_unique_heap_ptr@EU__crt_internal_free_policy@@@@QEBA_NXZ 00000001800059e0 f i libucrtd:argv_parsing.obj
 0001:000049e0       ?valid@__crt_stdio_stream@@QEBA_NXZ 00000001800059e0 f i libucrtd:output.obj
 0001:00004a10       ?release@?$__crt_unique_heap_ptr@DU__crt_internal_free_policy@@@@QEAAXXZ 0000000180005a10 f i libvcruntimed:std_type_info.obj
 0001:00004a10       ?release@?$__crt_unique_heap_ptr@U__vcrt_ptd@@U__crt_internal_free_policy@@@@QEAAXXZ 0000000180005a10 f i libvcruntimed:per_thread_data.obj
 0001:00004a10       ?release@?$__crt_unique_heap_ptr@PEAU__crt_stdio_stream_data@@U__crt_internal_free_policy@@@@QEAAXXZ 0000000180005a10 f i libucrtd:_file.obj
 0001:00004a10       ?release@?$__crt_unique_heap_ptr@PEADU__crt_internal_free_policy@@@@QEAAXXZ 0000000180005a10 f i libucrtd:argv_parsing.obj
 0001:00004a10       ?release@?$__crt_unique_heap_ptr@U__crt_lowio_handle_data@@U__crt_internal_free_policy@@@@QEAAXXZ 0000000180005a10 f i libucrtd:osfinfo.obj
 0001:00004a10       ?release@?$__crt_unique_heap_ptr@U__acrt_ptd@@U__crt_internal_free_policy@@@@QEAAXXZ 0000000180005a10 f i libucrtd:per_thread_data.obj
 0001:00004a10       ?release@?$__crt_unique_heap_ptr@U__crt_multibyte_data@@U__crt_internal_free_policy@@@@QEAAXXZ 0000000180005a10 f i libucrtd:mbctype.obj
 0001:00004a10       ?release@?$__crt_unique_heap_ptr@EU__crt_internal_free_policy@@@@QEAAXXZ 0000000180005a10 f i libucrtd:argv_parsing.obj
 0001:00004a40       __std_type_info_compare    0000000180005a40 f   libvcruntimed:std_type_info.obj
 0001:00004a80       __std_type_info_destroy_list 0000000180005a80 f   libvcruntimed:std_type_info.obj
 0001:00004ae0       __vcrt_initialize          0000000180005ae0 f   libvcruntimed:initialization.obj
 0001:00004b20       __vcrt_thread_attach       0000000180005b20 f   libvcruntimed:initialization.obj
 0001:00004b40       __vcrt_thread_detach       0000000180005b40 f   libvcruntimed:initialization.obj
 0001:00004b60       __vcrt_uninitialize        0000000180005b60 f   libvcruntimed:initialization.obj
 0001:00004b80       __vcrt_uninitialize_critical 0000000180005b80 f   libvcruntimed:initialization.obj
 0001:00004ba0       __DestructExceptionObject  0000000180005ba0 f   libvcruntimed:ehhelpers.obj
 0001:00004ca0       ?_CallMemberFunction0@@YAXQEAX0@Z 0000000180005ca0 f i libvcruntimed:ehhelpers.obj
 0001:00004d70       _IsExceptionObjectToBeDestroyed 0000000180005d70 f   libvcruntimed:ehhelpers.obj
 0001:00004dc0       __AdjustPointer            0000000180005dc0 f   libvcruntimed:ehhelpers.obj
 0001:00004e40       __FrameUnwindFilter        0000000180005e40 f   libvcruntimed:ehhelpers.obj
 0001:00004f00       _NLG_Notify                0000000180005f00 f   libvcruntimed:notify.obj
 0001:00004f20       __NLG_Dispatch2            0000000180005f20 f   libvcruntimed:notify.obj
 0001:00004f30       __NLG_Return2              0000000180005f30 f   libvcruntimed:notify.obj
 0001:00004f40       __except_validate_context_record 0000000180005f40 f   libvcruntimed:jbcxrval.obj
 0001:00004fa0       _vsprintf_s_l              0000000180005fa0 f i libvcruntimed:undname.obj
 0001:00005010       sprintf_s                  0000000180006010 f i libvcruntimed:undname.obj
 0001:000050b0       ?detach@?$__crt_unique_heap_ptr@U__vcrt_ptd@@U__crt_internal_free_policy@@@@QEAAPEAU__vcrt_ptd@@XZ 00000001800060b0 f i libvcruntimed:per_thread_data.obj
 0001:000050b0       ?detach@?$__crt_unique_heap_ptr@U__acrt_ptd@@U__crt_internal_free_policy@@@@QEAAPEAU__acrt_ptd@@XZ 00000001800060b0 f i libucrtd:per_thread_data.obj
 0001:000050b0       ?detach@?$__crt_unique_heap_ptr@U__crt_multibyte_data@@U__crt_internal_free_policy@@@@QEAAPEAU__crt_multibyte_data@@XZ 00000001800060b0 f i libucrtd:mbctype.obj
 0001:000050b0       ?detach@?$__crt_unique_heap_ptr@PEADU__crt_internal_free_policy@@@@QEAAPEAPEADXZ 00000001800060b0 f i libucrtd:argv_parsing.obj
 0001:000050b0       ?detach@?$__crt_unique_heap_ptr@DU__crt_public_free_policy@@@@QEAAPEADXZ 00000001800060b0 f i libvcruntimed:std_exception.obj
 0001:000050b0       ?detach@?$__crt_unique_heap_ptr@PEAU__crt_stdio_stream_data@@U__crt_internal_free_policy@@@@QEAAPEAPEAU__crt_stdio_stream_data@@XZ 00000001800060b0 f i libucrtd:_file.obj
 0001:000050b0       ?detach@?$__crt_unique_heap_ptr@U__crt_lowio_handle_data@@U__crt_internal_free_policy@@@@QEAAPEAU__crt_lowio_handle_data@@XZ 00000001800060b0 f i libucrtd:osfinfo.obj
 0001:000050b0       ?detach@?$__crt_unique_heap_ptr@EU__crt_internal_free_policy@@@@QEAAPEAEXZ 00000001800060b0 f i libucrtd:argv_parsing.obj
 0001:00005120       __vcrt_freefls             0000000180006120 f   libvcruntimed:per_thread_data.obj
 0001:00005160       __vcrt_freeptd             0000000180006160 f   libvcruntimed:per_thread_data.obj
 0001:000051c0       __vcrt_getptd              00000001800061c0 f   libvcruntimed:per_thread_data.obj
 0001:000051f0       __vcrt_getptd_noexit       00000001800061f0 f   libvcruntimed:per_thread_data.obj
 0001:00005390       __vcrt_initialize_ptd      0000000180006390 f   libvcruntimed:per_thread_data.obj
 0001:000053e0       __vcrt_uninitialize_ptd    00000001800063e0 f   libvcruntimed:per_thread_data.obj
 0001:00005410       __vcrt_initialize_locks    0000000180006410 f   libvcruntimed:locks.obj
 0001:00005480       __vcrt_uninitialize_locks  0000000180006480 f   libvcruntimed:locks.obj
 0001:000054f0       memcpy_repmovs             00000001800064f0 f   libvcruntimed:memcpy.obj
 0001:00005510       memmove                    0000000180006510 f   libvcruntimed:memcpy.obj
 0001:00005510       memcpy                     0000000180006510 f   libvcruntimed:memcpy.obj
 0001:000058f0       ??$?0AEAViterator@TryBlockMap@__FrameHandler3@@AEAV012@$0A@@?$pair@Viterator@TryBlockMap@__FrameHandler3@@V123@@std@@QEAA@AEAViterator@TryBlockMap@__FrameHandler3@@0@Z 00000001800068f0 f i libvcruntimed:risctrnsctrl.obj
 0001:00005a00       ??$_CallSETranslator@V__FrameHandler3@@@@YAHPEAUEHExceptionRecord@@PEA_KPEAU_CONTEXT@@PEAU_xDISPATCHER_CONTEXT@@PEBU_s_FuncInfo@@K1@Z 0000000180006a00 f i libvcruntimed:risctrnsctrl.obj
 0001:00005a90       ?debug_info@?$__crt_win32_buffer@_WU__crt_win32_buffer_internal_dynamic_resizing@@@@QEBAAEBV__crt_win32_buffer_empty_debug_info@@XZ 0000000180006a90 f i libucrtd:argv_wildcards.obj
 0001:00005a90       ?get_address_of@?$__crt_unique_heap_ptr@PEADU__crt_internal_free_policy@@@@QEAAPEAPEAPEADXZ 0000000180006a90 f i libucrtd:argv_parsing.obj
 0001:00005a90       ??$forward@AEAViterator@TryBlockMap@__FrameHandler3@@@std@@YAAEAViterator@TryBlockMap@__FrameHandler3@@AEAV123@@Z 0000000180006a90 f i libvcruntimed:risctrnsctrl.obj
 0001:00005a90       ?debug_info@?$__crt_win32_buffer@DU__crt_win32_buffer_internal_dynamic_resizing@@@@QEBAAEBV__crt_win32_buffer_empty_debug_info@@XZ 0000000180006a90 f i libucrtd:argv_wildcards.obj
 0001:00005a90       ?get_address_of@?$__crt_unique_handle_t@U__crt_hmodule_traits@@@@QEAAPEAPEAUHINSTANCE__@@XZ 0000000180006a90 f i libucrtd:exit.obj
 0001:00005a90       ?debug_info@?$__crt_win32_buffer@DU__crt_win32_buffer_no_resizing@@@@QEBAAEBV__crt_win32_buffer_empty_debug_info@@XZ 0000000180006a90 f i libucrtd:getmodulefilenamea.obj
 0001:00005a90       ?dangerous_get_state_array@?$dual_state_global@PEAE@__crt_state_management@@QEAAPEAPEAEXZ 0000000180006a90 f i libucrtd:mbctype.obj
 0001:00005a90       ?dangerous_get_state_array@?$dual_state_global@P6AXPEB_W00I_K@Z@__crt_state_management@@QEAAPEAP6AXPEB_W00I_K@ZXZ 0000000180006a90 f i libucrtd:invalid_parameter.obj
 0001:00005a90       ?dangerous_get_state_array@?$dual_state_global@PEAU__crt_locale_data@@@__crt_state_management@@QEAAPEAPEAU__crt_locale_data@@XZ 0000000180006a90 f i libucrtd:per_thread_data.obj
 0001:00005a90       ?dangerous_get_state_array@?$dual_state_global@PEAU__crt_multibyte_data@@@__crt_state_management@@QEAAPEAPEAU__crt_multibyte_data@@XZ 0000000180006a90 f i libucrtd:mbctype.obj
 0001:00005aa0       ??0iterator@HandlerMap@__FrameHandler3@@QEAA@AEAV12@I@Z 0000000180006aa0 f i libvcruntimed:frame.obj
 0001:00005aa0       ??0iterator@TryBlockMap@__FrameHandler3@@QEAA@AEAV12@I@Z 0000000180006aa0 f i libvcruntimed:risctrnsctrl.obj
 0001:00005ad0       ?CatchTryBlock@__FrameHandler3@@SAPEBU_s_TryBlockMapEntry@@PEBU_s_FuncInfo@@H@Z 0000000180006ad0 f   libvcruntimed:risctrnsctrl.obj
 0001:00005b60       ?ExecutionInCatch@__FrameHandler3@@SA_NPEAU_xDISPATCHER_CONTEXT@@PEBU_s_FuncInfo@@@Z 0000000180006b60 f   libvcruntimed:risctrnsctrl.obj
 0001:00005bb0       ?FrameUnwindToEmptyState@__FrameHandler3@@SAXPEA_KPEAU_xDISPATCHER_CONTEXT@@PEBU_s_FuncInfo@@@Z 0000000180006bb0 f   libvcruntimed:risctrnsctrl.obj
 0001:00005c50       ?GetEstablisherFrame@__FrameHandler3@@SAPEA_KPEA_KPEAU_xDISPATCHER_CONTEXT@@PEBU_s_FuncInfo@@0@Z 0000000180006c50 f   libvcruntimed:risctrnsctrl.obj
 0001:00005dc0       ?GetRangeOfTrysToCheck@__FrameHandler3@@SA?AU?$pair@Viterator@TryBlockMap@__FrameHandler3@@V123@@std@@AEAVTryBlockMap@1@HPEAU_xDISPATCHER_CONTEXT@@PEBU_s_FuncInfo@@H@Z 0000000180006dc0 f   libvcruntimed:risctrnsctrl.obj
 0001:00006000       ?UnwindNestedFrames@__FrameHandler3@@SAXPEA_KPEAUEHExceptionRecord@@PEAU_CONTEXT@@0PEAXPEBU_s_FuncInfo@@HHPEBU_s_HandlerType@@PEAU_xDISPATCHER_CONTEXT@@E@Z 0000000180007000 f   libvcruntimed:risctrnsctrl.obj
 0001:00006170       _CreateFrameInfo           0000000180007170 f   libvcruntimed:risctrnsctrl.obj
 0001:000061e0       _FindAndUnlinkFrame        00000001800071e0 f   libvcruntimed:risctrnsctrl.obj
 0001:00006260       _GetImageBase              0000000180007260 f   libvcruntimed:risctrnsctrl.obj
 0001:00006280       _GetThrowImageBase         0000000180007280 f   libvcruntimed:risctrnsctrl.obj
 0001:000062a0       _SetImageBase              00000001800072a0 f   libvcruntimed:risctrnsctrl.obj
 0001:000062c0       _SetThrowImageBase         00000001800072c0 f   libvcruntimed:risctrnsctrl.obj
 0001:000062e0       __CxxFrameHandler3         00000001800072e0 f   libvcruntimed:risctrnsctrl.obj
 0001:000063c0       ??$__crt_interlocked_exchange_pointer@UHINSTANCE__@@PEAX@@YAPEAUHINSTANCE__@@PEDSEAU0@QEAX@Z 00000001800073c0 f i libvcruntimed:winapi_downlevel.obj
 0001:000063c0       ??$__crt_interlocked_exchange_pointer@XPEAX@@YAPEAXPEDSEAXQEAX@Z 00000001800073c0 f i libvcruntimed:winapi_downlevel.obj
 0001:000063c0       ??$__crt_interlocked_exchange_pointer@UHINSTANCE__@@PEAU1@@@YAPEAUHINSTANCE__@@PEDSEAU0@QEAU0@@Z 00000001800073c0 f i libvcruntimed:winapi_downlevel.obj
 0001:000063e0       ?get_invalid_value@__crt_findfile_traits@@SAPEAXXZ 00000001800073e0 f   libucrtd:argv_wildcards.obj
 0001:000068d0       __vcrt_FlsAlloc            00000001800078d0 f   libvcruntimed:winapi_downlevel.obj
 0001:00006920       __vcrt_FlsFree             0000000180007920 f   libvcruntimed:winapi_downlevel.obj
 0001:00006970       __vcrt_FlsGetValue         0000000180007970 f   libvcruntimed:winapi_downlevel.obj
 0001:000069c0       __vcrt_FlsSetValue         00000001800079c0 f   libvcruntimed:winapi_downlevel.obj
 0001:00006a20       __vcrt_InitializeCriticalSectionEx 0000000180007a20 f   libvcruntimed:winapi_downlevel.obj
 0001:00006a90       ?GetCurrentState@__FrameHandler3@@SAHPEA_KPEAU_xDISPATCHER_CONTEXT@@PEBU_s_FuncInfo@@@Z 0000000180007a90 f   libvcruntimed:ehstate.obj
 0001:00006af0       ?GetUnwindTryBlock@__FrameHandler3@@SAHPEA_KPEAU_xDISPATCHER_CONTEXT@@PEBU_s_FuncInfo@@@Z 0000000180007af0 f   libvcruntimed:ehstate.obj
 0001:00006b40       ?SetState@__FrameHandler3@@SAXPEA_KPEBU_s_FuncInfo@@H@Z 0000000180007b40 f   libvcruntimed:ehstate.obj
 0001:00006b70       ?SetUnwindTryBlock@__FrameHandler3@@SAXPEA_KPEAU_xDISPATCHER_CONTEXT@@PEBU_s_FuncInfo@@H@Z 0000000180007b70 f   libvcruntimed:ehstate.obj
 0001:00006be0       ?StateFromControlPc@__FrameHandler3@@SAHPEBU_s_FuncInfo@@PEAU_xDISPATCHER_CONTEXT@@@Z 0000000180007be0 f   libvcruntimed:ehstate.obj
 0001:00006c20       ?StateFromIp@__FrameHandler3@@SAHPEBU_s_FuncInfo@@PEAU_xDISPATCHER_CONTEXT@@_K@Z 0000000180007c20 f   libvcruntimed:ehstate.obj
 0001:00006d10       ?__RVAtoRealOffset@@YA_KPEAU_xDISPATCHER_CONTEXT@@H@Z 0000000180007d10 f i libvcruntimed:ehstate.obj
 0001:00007ee0       ??$TypeMatchHelper@V__FrameHandler3@@@@YAHPEBU_s_HandlerType@@PEBU_s_CatchableType@@PEBU_s_ThrowInfo@@@Z 0000000180008ee0 f i libvcruntimed:frame.obj
 0001:000080e0       ??$__InternalCxxFrameHandler@V__FrameHandler3@@@@YA?AW4_EXCEPTION_DISPOSITION@@PEAUEHExceptionRecord@@PEA_KPEAU_CONTEXT@@PEAU_xDISPATCHER_CONTEXT@@PEBU_s_FuncInfo@@H1E@Z 00000001800090e0 f i libvcruntimed:frame.obj
 0001:00008550       ??0HandlerMap@__FrameHandler3@@QEAA@PEBU_s_TryBlockMapEntry@@_KI@Z 0000000180009550 f i libvcruntimed:frame.obj
 0001:000085a0       ??0TryBlockMap@__FrameHandler3@@QEAA@PEBU_s_FuncInfo@@_K@Z 00000001800095a0 f i libvcruntimed:frame.obj
 0001:000085d0       ??0bad_exception@std@@QEAA@AEBV01@@Z 00000001800095d0 f i libvcruntimed:frame.obj
 0001:00008610       ??0bad_exception@std@@QEAA@XZ 0000000180009610 f i libvcruntimed:frame.obj
 0001:00008650       ??0exception@std@@QEAA@AEBV01@@Z 0000000180009650 f i libvcruntimed:frame.obj
 0001:000086b0       ??0exception@std@@QEAA@QEBDH@Z 00000001800096b0 f i libvcruntimed:frame.obj
 0001:00008700       ??1bad_exception@std@@UEAA@XZ 0000000180009700 f i libvcruntimed:frame.obj
 0001:00008720       ??1exception@std@@UEAA@XZ  0000000180009720 f i libvcruntimed:frame.obj
 0001:00008750       ??8iterator@HandlerMap@__FrameHandler3@@QEBA_NAEBV012@@Z 0000000180009750 f i libvcruntimed:frame.obj
 0001:00008790       ??8type_info@@QEBA_NAEBV0@@Z 0000000180009790 f i libvcruntimed:frame.obj
 0001:000087e0       ??9iterator@HandlerMap@__FrameHandler3@@QEBA_NAEBV012@@Z 00000001800097e0 f i libvcruntimed:frame.obj
 0001:00008820       ??Diterator@HandlerMap@__FrameHandler3@@QEAA?BU_s_HandlerType@@XZ 0000000180009820 f i libvcruntimed:frame.obj
 0001:00008860       ??Diterator@TryBlockMap@__FrameHandler3@@QEAA?BU_s_TryBlockMapEntry@@XZ 0000000180009860 f i libvcruntimed:frame.obj
 0001:000088b0       ??Eiterator@HandlerMap@__FrameHandler3@@QEAAAEAV012@XZ 00000001800098b0 f i libvcruntimed:frame.obj
 0001:000088b0       ??Eiterator@TryBlockMap@__FrameHandler3@@QEAAAEAV012@XZ 00000001800098b0 f i libvcruntimed:frame.obj
 0001:000088d0       ??Miterator@TryBlockMap@__FrameHandler3@@QEBA_NAEBV012@@Z 00000001800098d0 f i libvcruntimed:frame.obj
 0001:00008910       ??_Ebad_exception@std@@UEAAPEAXI@Z 0000000180009910 f i libvcruntimed:frame.obj
 0001:00008910       ??_Gbad_exception@std@@UEAAPEAXI@Z 0000000180009910 f i libvcruntimed:frame.obj
 0001:00008950       ??_Eexception@std@@UEAAPEAXI@Z 0000000180009950 f i libvcruntimed:frame.obj
 0001:00008950       ??_Gexception@std@@UEAAPEAXI@Z 0000000180009950 f i libvcruntimed:frame.obj
 0001:00008990       ?BuildCatchObject@__FrameHandler3@@SAXPEAUEHExceptionRecord@@PEAXPEBU_s_HandlerType@@PEBU_s_CatchableType@@@Z 0000000180009990 f   libvcruntimed:frame.obj
 0001:000089d0       ?CxxCallCatchBlock@__FrameHandler3@@SAPEAXPEAU_EXCEPTION_RECORD@@@Z 00000001800099d0 f   libvcruntimed:frame.obj
 0001:00008d30       ?FrameUnwindToState@__FrameHandler3@@SAXPEA_KPEAU_xDISPATCHER_CONTEXT@@PEBU_s_FuncInfo@@H@Z 0000000180009d30 f   libvcruntimed:frame.obj
 0001:00008f80       ?GetHandlerSearchState@__FrameHandler3@@SAHPEA_KPEAU_xDISPATCHER_CONTEXT@@PEBU_s_FuncInfo@@@Z 0000000180009f80 f i libvcruntimed:frame.obj
 0001:00009030       ?GetMaxState@__FrameHandler3@@SAHPEAU_xDISPATCHER_CONTEXT@@PEBU_s_FuncInfo@@@Z 000000018000a030 f i libvcruntimed:frame.obj
 0001:00009230       __TypeMatch                000000018000a230 f   libvcruntimed:frame.obj
 0001:00009230       ?TypeMatch@__FrameHandler3@@SAHPEBU_s_HandlerType@@PEBU_s_CatchableType@@PEBU_s_ThrowInfo@@@Z 000000018000a230 f   libvcruntimed:frame.obj
 0001:00009260       ?_CallMemberFunction1@@YAXQEAX00@Z 000000018000a260 f i libvcruntimed:frame.obj
 0001:000092a0       ?_CallMemberFunction2@@YAXQEAX00H@Z 000000018000a2a0 f i libvcruntimed:frame.obj
 0001:00009330       ?begin@HandlerMap@__FrameHandler3@@QEAA?AViterator@12@XZ 000000018000a330 f i libvcruntimed:frame.obj
 0001:00009360       ?end@HandlerMap@__FrameHandler3@@QEAA?AViterator@12@XZ 000000018000a360 f i libvcruntimed:frame.obj
 0001:00009390       ?getESTypes@__FrameHandler3@@SAPEBU_s_ESTypeList@@PEBU_s_FuncInfo@@@Z 000000018000a390 f i libvcruntimed:frame.obj
 0001:000093d0       ?getLastEntry@HandlerMap@__FrameHandler3@@QEAAPEBU_s_HandlerType@@XZ 000000018000a3d0 f i libvcruntimed:frame.obj
 0001:000093f0       ?getMagicNum@__FrameHandler3@@SAIPEBU_s_FuncInfo@@@Z 000000018000a3f0 f i libvcruntimed:frame.obj
 0001:00009410       ?getNumTryBlocks@TryBlockMap@__FrameHandler3@@QEAAIXZ 000000018000a410 f i libvcruntimed:frame.obj
 0001:00009430       ?isEHs@__FrameHandler3@@SA_NPEBU_s_FuncInfo@@@Z 000000018000a430 f i libvcruntimed:frame.obj
 0001:00009470       ?isNoExcept@__FrameHandler3@@SA_NPEBU_s_FuncInfo@@@Z 000000018000a470 f i libvcruntimed:frame.obj
 0001:000094b0       ?what@exception@std@@UEBAPEBDXZ 000000018000a4b0 f i libvcruntimed:frame.obj
 0001:000094f0       __vcrt_EncodePointer       000000018000a4f0 f i libvcruntimed:frame.obj
 0001:00009520       memset_repmovs             000000018000a520 f   libvcruntimed:memset.obj
 0001:00009540       memset                     000000018000a540 f   libvcruntimed:memset.obj
 0001:000096e0       _CallSettingFrame          000000018000a6e0 f   libvcruntimed:handlers.obj
 0001:00009730       _CallSettingFrame_LookupContinuationIndex 000000018000a730 f   libvcruntimed:handlers.obj
 0001:00009760       _CallSettingFrame_NotifyContinuationAddr 000000018000a760 f   libvcruntimed:handlers.obj
 0001:00009790       _CallSettingFrameEncoded   000000018000a790 f   libvcruntimed:handlers.obj
 0001:000097e0       ??$?RD@__crt_public_free_policy@@QEBAXQEBD@Z 000000018000a7e0 f i libvcruntimed:std_exception.obj
 0001:00009800       ??1?$__crt_unique_heap_ptr@DU__crt_public_free_policy@@@@QEAA@XZ 000000018000a800 f i libvcruntimed:std_exception.obj
 0001:00009820       ?release@?$__crt_unique_heap_ptr@DU__crt_public_free_policy@@@@QEAAXXZ 000000018000a820 f i libvcruntimed:std_exception.obj
 0001:00009850       __std_exception_copy       000000018000a850 f   libvcruntimed:std_exception.obj
 0001:00009990       __std_exception_destroy    000000018000a990 f   libvcruntimed:std_exception.obj
 0001:000099d0       _CxxThrowException         000000018000a9d0 f   libvcruntimed:throw.obj
 0001:00009b00       floorf                     000000018000ab00 f   libucrtd:floorf.obj
 0001:00009c50       _initterm                  000000018000ac50 f   libucrtd:initterm.obj
 0001:00009cb0       _initterm_e                000000018000acb0 f   libucrtd:initterm.obj
 0001:00009da0       _seh_filter_dll            000000018000ada0 f   libucrtd:exception_filter.obj
 0001:00009dd0       _seh_filter_exe            000000018000add0 f   libucrtd:exception_filter.obj
 0001:0000a070       ??$?B$$A6AXXZ@__crt_fast_encoded_nullptr_t@@QEBAP6AXXZXZ 000000018000b070 f i libucrtd:onexit.obj
 0001:0000a070       ??$?B$$A6AXH@Z@__crt_fast_encoded_nullptr_t@@QEBAP6AXH@ZXZ 000000018000b070 f i libucrtd:signal.obj
 0001:0000a070       ??$?B$$A6AXPEAXK0@Z@__crt_fast_encoded_nullptr_t@@QEBAP6AXPEAXK0@ZXZ 000000018000b070 f i libucrtd:exit.obj
 0001:0000a070       ??$?BX@__crt_fast_encoded_nullptr_t@@QEBAPEAXXZ 000000018000b070 f i libucrtd:initialization.obj
 0001:0000a070       ??$?BP6AXXZ@__crt_fast_encoded_nullptr_t@@QEBAPEAP6AXXZXZ 000000018000b070 f i libucrtd:onexit.obj
 0001:0000a120       ??$__crt_fast_decode_pointer@P6AHPEAU_exception@@@Z@@YAP6AHPEAU_exception@@@ZQ6AH0@Z@Z 000000018000b120 f i libucrtd:matherr.obj
 0001:0000a120       ??$__crt_fast_decode_pointer@P6AXH@Z@@YAP6AXH@ZQ6AXH@Z@Z 000000018000b120 f i libucrtd:signal.obj
 0001:0000a120       ??$__crt_fast_decode_pointer@PEAP6AXXZ@@YAPEAP6AXXZQEAP6AXXZ@Z 000000018000b120 f i libucrtd:onexit.obj
 0001:0000a120       ??$__crt_fast_decode_pointer@P6AXPEB_W00I_K@Z@@YAP6AXPEB_W00I_K@ZQ6AX000I1@Z@Z 000000018000b120 f i libucrtd:invalid_parameter.obj
 0001:0000a120       ??$__crt_fast_decode_pointer@P6AXXZ@@YAP6AXXZQ6AXXZ@Z 000000018000b120 f i libucrtd:onexit.obj
 0001:0000a120       ??$__crt_fast_decode_pointer@PEAX@@YAPEAXQEAX@Z 000000018000b120 f i libucrtd:winapi_thunks.obj
 0001:0000a120       ??$__crt_fast_decode_pointer@P6AH_K@Z@@YAP6AH_K@ZQ6AH0@Z@Z 000000018000b120 f i libucrtd:new_handler.obj
 0001:0000a120       ??$__crt_fast_decode_pointer@P6AXPEAXK0@Z@@YAP6AXPEAXK0@ZQ6AX0K0@Z@Z 000000018000b120 f i libucrtd:exit.obj
 0001:0000a160       ??$__crt_fast_encode_pointer@P6AXPEAXK0@Z@@YAP6AXPEAXK0@ZQ6AX0K0@Z@Z 000000018000b160 f i libucrtd:exit.obj
 0001:0000a160       ??$__crt_fast_encode_pointer@PEAX@@YAPEAXQEAX@Z 000000018000b160 f i libucrtd:initialization.obj
 0001:0000a160       ??$__crt_fast_encode_pointer@P6AXH@Z@@YAP6AXH@ZQ6AXH@Z@Z 000000018000b160 f i libucrtd:signal.obj
 0001:0000a160       ??$__crt_fast_encode_pointer@PEAP6AXXZ@@YAPEAP6AXXZQEAP6AXXZ@Z 000000018000b160 f i libucrtd:onexit.obj
 0001:0000a160       ??$__crt_fast_encode_pointer@P6AXXZ@@YAP6AXXZQ6AXXZ@Z 000000018000b160 f i libucrtd:onexit.obj
 0001:0000a1a0       ??$__crt_get_proc_address@P6AXI@Z@@YAP6AXI@ZQEAUHINSTANCE__@@QEBD@Z 000000018000b1a0 f i libucrtd:exit.obj
 0001:0000a1d0       ??$__crt_interlocked_read@J@@YAJPEDJ@Z 000000018000b1d0 f i libucrtd:exit.obj
 0001:0000a260       ??1?$__crt_unique_handle_t@U__crt_hmodule_traits@@@@QEAA@XZ 000000018000b260 f i libucrtd:exit.obj
 0001:0000a3c0       ?__acrt_select_exit_lock@@YA?AW4__acrt_lock_id@@XZ 000000018000b3c0 f i libucrtd:exit.obj
 0001:0000a3d0       ?__crt_fast_encode_pointer@@YA?AU__crt_fast_encoded_nullptr_t@@$$T@Z 000000018000b3d0 f i libucrtd:exit.obj
 0001:0000a3f0       ?__crt_interlocked_read_32@@YAHPEDH@Z 000000018000b3f0 f i libucrtd:exit.obj
 0001:0000a410       ?__crt_rotate_pointer_value@@YA_K_KH@Z 000000018000b410 f i libucrtd:exit.obj
 0001:0000a450       ?close@?$__crt_unique_handle_t@U__crt_hmodule_traits@@@@QEAAXXZ 000000018000b450 f i libucrtd:exit.obj
 0001:0000a490       ?close@__crt_hmodule_traits@@SA_NPEAUHINSTANCE__@@@Z 000000018000b490 f i libucrtd:exit.obj
 0001:0000a5a0       ?get_invalid_value@__crt_hmodule_traits@@SAPEAUHINSTANCE__@@XZ 000000018000b5a0 f i libucrtd:exit.obj
 0001:0000a5a0       ?get_current_state_index@__crt_state_management@@YA_KXZ 000000018000b5a0 f i libucrtd:environment_initialization.obj
 0001:0000a760       __acrt_initialize_thread_local_exit_callback 000000018000b760 f   libucrtd:exit.obj
 0001:0000a780       _cexit                     000000018000b780 f   libucrtd:exit.obj
 0001:0000a7a0       _exit                      000000018000b7a0 f   libucrtd:exit.obj
 0001:0000a7c0       _is_c_termination_complete 000000018000b7c0 f   libucrtd:exit.obj
 0001:0000ab70       ??$get_module_file_name@AEAPEAUHINSTANCE__@@AEAY0BAF@DK@?$__crt_char_traits@D@@SAKAEAPEAUHINSTANCE__@@AEAY0BAF@D$$QEAK@Z 000000018000bb70 f i libucrtd:dbgrpt.obj
 0001:0000ab70       ??$get_module_file_name@$$TAEAY0BAF@DH@?$__crt_char_traits@D@@SAK$$QEA$$TAEAY0BAF@D$$QEAH@Z 000000018000bb70 f i libucrtd:argv_parsing.obj
 0001:0000b040       ??$set_program_name@PEAD@?$__crt_char_traits@D@@SAX$$QEAPEAD@Z 000000018000c040 f i libucrtd:argv_parsing.obj
 0001:0000b170       __acrt_allocate_buffer_for_argv 000000018000c170 f   libucrtd:argv_parsing.obj
 0001:0000b290       _configure_narrow_argv     000000018000c290 f   libucrtd:argv_parsing.obj
 0001:0000b2b0       _set_pgmptr                000000018000c2b0 f i libucrtd:argv_parsing.obj
 0001:0000b4e0       ??$tcslen@AEAPEAD@?$__crt_char_traits@D@@SA_KAEAPEAD@Z 000000018000c4e0 f i libucrtd:environment_initialization.obj
 0001:0000b52c       ??B?$__crt_unique_heap_ptr@PEADU__crt_internal_free_policy@@@@QEBA_NXZ 000000018000c52c f i libucrtd:environment_initialization.obj
 0001:0000b534       ?detach@?$__crt_unique_heap_ptr@DU__crt_internal_free_policy@@@@QEAAPEADXZ 000000018000c534 f i libucrtd:environment_initialization.obj
 0001:0000b53c       __dcrt_uninitialize_environments_nolock 000000018000c53c f   libucrtd:environment_initialization.obj
 0001:0000b574       _initialize_narrow_environment 000000018000c574 f   libucrtd:environment_initialization.obj
 0001:0000b57c       _invoke_watson_if_error    000000018000c57c f i libucrtd:environment_initialization.obj
 0001:0000b880       _execute_onexit_table      000000018000c880 f   libucrtd:onexit.obj
 0001:0000b8c0       _initialize_onexit_table   000000018000c8c0 f   libucrtd:onexit.obj
 0001:0000b990       __acrt_uninitialize_command_line 000000018000c990 f   libucrtd:argv_data.obj
 0001:0000bc00       ?initialize@?$dual_state_global@P6AH_K@Z@__crt_state_management@@QEAAXQ6AH_K@Z@Z 000000018000cc00 f i libucrtd:new_handler.obj
 0001:0000bc00       ?initialize@?$dual_state_global@P6AXH@Z@__crt_state_management@@QEAAXQ6AXH@Z@Z 000000018000cc00 f i libucrtd:signal.obj
 0001:0000bc00       ?initialize@?$dual_state_global@PEAU__crt_multibyte_data@@@__crt_state_management@@QEAAXQEAU__crt_multibyte_data@@@Z 000000018000cc00 f i libucrtd:mbctype.obj
 0001:0000bc00       ?initialize@?$dual_state_global@P6AHPEAU_exception@@@Z@__crt_state_management@@QEAAXQ6AHPEAU_exception@@@Z@Z 000000018000cc00 f i libucrtd:matherr.obj
 0001:0000bc00       ?initialize@?$dual_state_global@PEAU__crt_locale_data@@@__crt_state_management@@QEAAXQEAU__crt_locale_data@@@Z 000000018000cc00 f i libucrtd:initialization.obj
 0001:0000bc50       __acrt_initialize          000000018000cc50 f   libucrtd:initialization.obj
 0001:0000bc80       __acrt_thread_attach       000000018000cc80 f   libucrtd:initialization.obj
 0001:0000bca0       __acrt_thread_detach       000000018000cca0 f   libucrtd:initialization.obj
 0001:0000bcb0       __acrt_uninitialize        000000018000ccb0 f   libucrtd:initialization.obj
 0001:0000bce0       __acrt_uninitialize_critical 000000018000cce0 f   libucrtd:initialization.obj
 0001:0000bd00       terminate                  000000018000cd00 f   libucrtd:terminate.obj
 0001:0000bd40       ??0_LocaleUpdate@@QEAA@QEAU__crt_locale_pointers@@@Z 000000018000cd40 f i libucrtd:debug_heap.obj
 0001:0000be60       ??1_LocaleUpdate@@QEAA@XZ  000000018000ce60 f i libucrtd:debug_heap.obj
 0001:0000bea0       ?GetLocaleT@_LocaleUpdate@@QEAAPEAU__crt_locale_pointers@@XZ 000000018000cea0 f i libucrtd:debug_heap.obj
 0001:0000de80       _CrtCheckMemory            000000018000ee80 f   libucrtd:debug_heap.obj
 0001:0000e010       _CrtDumpMemoryLeaks        000000018000f010 f   libucrtd:debug_heap.obj
 0001:0000e0d0       _CrtIsValidHeapPointer     000000018000f0d0 f   libucrtd:debug_heap.obj
 0001:0000e110       _CrtIsValidPointer         000000018000f110 f   libucrtd:debug_heap.obj
 0001:0000e150       _CrtMemCheckpoint          000000018000f150 f   libucrtd:debug_heap.obj
 0001:0000e3d0       _CrtMemDumpAllObjectsSince 000000018000f3d0 f   libucrtd:debug_heap.obj
 0001:0000e430       _CrtSetDbgFlag             000000018000f430 f   libucrtd:debug_heap.obj
 0001:0000e590       _CrtSetDumpClient          000000018000f590 f   libucrtd:debug_heap.obj
 0001:0000e5c0       __acrt_get_locale_data_prefix 000000018000f5c0 f i libucrtd:debug_heap.obj
 0001:0000e5e0       __acrt_locale_changed      000000018000f5e0 f i libucrtd:debug_heap.obj
 0001:0000e610       _calloc_dbg                000000018000f610 f   libucrtd:debug_heap.obj
 0001:0000e6b0       _chvalidchk_l              000000018000f6b0 f i libucrtd:debug_heap.obj
 0001:0000e6e0       _free_dbg                  000000018000f6e0 f   libucrtd:debug_heap.obj
 0001:0000e750       _invoke_watson_if_oneof    000000018000f750 f i libucrtd:debug_heap.obj
 0001:0000e7b0       _ischartype_l              000000018000f7b0 f i libucrtd:debug_heap.obj
 0001:0000e840       _malloc_dbg                000000018000f840 f   libucrtd:debug_heap.obj
 0001:0000e880       _msize_dbg                 000000018000f880 f   libucrtd:debug_heap.obj
 0001:0000ea20       _realloc_dbg               000000018000fa20 f   libucrtd:debug_heap.obj
 0001:0000ea90       _recalloc_dbg              000000018000fa90 f   libucrtd:debug_heap.obj
 0001:0000f060       strcpy_s                   0000000180010060 f   libucrtd:strcpy_s.obj
 0001:0000f0a0       strcmp                     00000001800100a0 f   libucrtd:strcmp.obj
 0001:0000f120       strlen                     0000000180010120 f   libucrtd:strlen.obj
 0001:0000f1d0       abort                      00000001800101d0 f   libucrtd:abort.obj
 0001:0000f250       ??$?0AEBV?$string_output_adapter@D@__crt_stdio_output@@AEB_KAEBQEBDAEBQEAU__crt_locale_pointers@@AEBQEAD@?$format_validation_base@DV?$string_output_adapter@D@__crt_stdio_output@@@__crt_stdio_output@@IEAA@AEBV?$string_output_adapter@D@1@AEB_KAEBQEBDAEBQEAU__crt_locale_pointers@@AEBQEAD@Z 0000000180010250 f i libucrtd:output.obj
 0001:0000f2a0       ??$?0AEBV?$string_output_adapter@D@__crt_stdio_output@@AEB_KAEBQEBDAEBQEAU__crt_locale_pointers@@AEBQEAD@?$standard_base@DV?$string_output_adapter@D@__crt_stdio_output@@@__crt_stdio_output@@IEAA@AEBV?$string_output_adapter@D@1@AEB_KAEBQEBDAEBQEAU__crt_locale_pointers@@AEBQEAD@Z 00000001800102a0 f i libucrtd:output.obj
 0001:0000f310       ??$?0AEBV?$string_output_adapter@_W@__crt_stdio_output@@AEB_KAEBQEB_WAEBQEAU__crt_locale_pointers@@AEBQEAD@?$format_validation_base@_WV?$string_output_adapter@_W@__crt_stdio_output@@@__crt_stdio_output@@IEAA@AEBV?$string_output_adapter@_W@1@AEB_KAEBQEB_WAEBQEAU__crt_locale_pointers@@AEBQEAD@Z 0000000180010310 f i libucrtd:output.obj
 0001:0000f360       ??$?0AEBV?$string_output_adapter@_W@__crt_stdio_output@@AEB_KAEBQEB_WAEBQEAU__crt_locale_pointers@@AEBQEAD@?$standard_base@_WV?$string_output_adapter@_W@__crt_stdio_output@@@__crt_stdio_output@@IEAA@AEBV?$string_output_adapter@_W@1@AEB_KAEBQEB_WAEBQEAU__crt_locale_pointers@@AEBQEAD@Z 0000000180010360 f i libucrtd:output.obj
 0001:00010ce0       ??$count@D@formatting_buffer@__crt_stdio_output@@QEBA_KXZ 0000000180011ce0 f i libucrtd:output.obj
 0001:00010d30       ??$count@_W@formatting_buffer@__crt_stdio_output@@QEBA_KXZ 0000000180011d30 f i libucrtd:output.obj
 0001:00010d80       ??$data@D@formatting_buffer@__crt_stdio_output@@QEAAPEADXZ 0000000180011d80 f i libucrtd:output.obj
 0001:00010d80       ??$data@_W@formatting_buffer@__crt_stdio_output@@QEAAPEA_WXZ 0000000180011d80 f i libucrtd:output.obj
 0001:00010dd0       ??$ensure_buffer_is_big_enough@D@formatting_buffer@__crt_stdio_output@@QEAA_N_K@Z 0000000180011dd0 f i libucrtd:output.obj
 0001:00010f00       ??$ensure_buffer_is_big_enough@_W@formatting_buffer@__crt_stdio_output@@QEAA_N_K@Z 0000000180011f00 f i libucrtd:output.obj
 0001:00011030       ??$extract_argument_from_va_list@C_J@?$standard_base@DV?$string_output_adapter@D@__crt_stdio_output@@@__crt_stdio_output@@IEAA_NAEA_J@Z 0000000180012030 f i libucrtd:output.obj
 0001:00011030       ??$extract_argument_from_va_list@C_J@?$standard_base@_WV?$string_output_adapter@_W@__crt_stdio_output@@@__crt_stdio_output@@IEAA_NAEA_J@Z 0000000180012030 f i libucrtd:output.obj
 0001:00011070       ??$extract_argument_from_va_list@E_J@?$standard_base@_WV?$string_output_adapter@_W@__crt_stdio_output@@@__crt_stdio_output@@IEAA_NAEA_J@Z 0000000180012070 f i libucrtd:output.obj
 0001:00011070       ??$extract_argument_from_va_list@E_J@?$standard_base@DV?$string_output_adapter@D@__crt_stdio_output@@@__crt_stdio_output@@IEAA_NAEA_J@Z 0000000180012070 f i libucrtd:output.obj
 0001:000110b0       ??$extract_argument_from_va_list@F_J@?$standard_base@DV?$string_output_adapter@D@__crt_stdio_output@@@__crt_stdio_output@@IEAA_NAEA_J@Z 00000001800120b0 f i libucrtd:output.obj
 0001:000110b0       ??$extract_argument_from_va_list@F_J@?$standard_base@_WV?$string_output_adapter@_W@__crt_stdio_output@@@__crt_stdio_output@@IEAA_NAEA_J@Z 00000001800120b0 f i libucrtd:output.obj
 0001:000110f0       ??$extract_argument_from_va_list@GD@?$standard_base@DV?$string_output_adapter@D@__crt_stdio_output@@@__crt_stdio_output@@IEAA_NAEAD@Z 00000001800120f0 f i libucrtd:output.obj
 0001:00011120       ??$extract_argument_from_va_list@G_J@?$standard_base@DV?$string_output_adapter@D@__crt_stdio_output@@@__crt_stdio_output@@IEAA_NAEA_J@Z 0000000180012120 f i libucrtd:output.obj
 0001:00011120       ??$extract_argument_from_va_list@G_J@?$standard_base@_WV?$string_output_adapter@_W@__crt_stdio_output@@@__crt_stdio_output@@IEAA_NAEA_J@Z 0000000180012120 f i libucrtd:output.obj
 0001:00011160       ??$extract_argument_from_va_list@H_J@?$standard_base@_WV?$string_output_adapter@_W@__crt_stdio_output@@@__crt_stdio_output@@IEAA_NAEA_J@Z 0000000180012160 f i libucrtd:output.obj
 0001:00011160       ??$extract_argument_from_va_list@H_J@?$standard_base@DV?$string_output_adapter@D@__crt_stdio_output@@@__crt_stdio_output@@IEAA_NAEA_J@Z 0000000180012160 f i libucrtd:output.obj
 0001:00011190       ??$extract_argument_from_va_list@I_J@?$standard_base@DV?$string_output_adapter@D@__crt_stdio_output@@@__crt_stdio_output@@IEAA_NAEA_J@Z 0000000180012190 f i libucrtd:output.obj
 0001:00011190       ??$extract_argument_from_va_list@I_J@?$standard_base@_WV?$string_output_adapter@_W@__crt_stdio_output@@@__crt_stdio_output@@IEAA_NAEA_J@Z 0000000180012190 f i libucrtd:output.obj
 0001:000111c0       ??$extract_argument_from_va_list@PEAXPEAX@?$standard_base@DV?$string_output_adapter@D@__crt_stdio_output@@@__crt_stdio_output@@IEAA_NAEAPEAX@Z 00000001800121c0 f i libucrtd:output.obj
 0001:000111c0       ??$extract_argument_from_va_list@_K_J@?$standard_base@_WV?$string_output_adapter@_W@__crt_stdio_output@@@__crt_stdio_output@@IEAA_NAEA_J@Z 00000001800121c0 f i libucrtd:output.obj
 0001:000111c0       ??$extract_argument_from_va_list@PEADPEAD@?$standard_base@_WV?$string_output_adapter@_W@__crt_stdio_output@@@__crt_stdio_output@@IEAA_NAEAPEAD@Z 00000001800121c0 f i libucrtd:output.obj
 0001:000111c0       ??$extract_argument_from_va_list@PEADPEAD@?$standard_base@DV?$string_output_adapter@D@__crt_stdio_output@@@__crt_stdio_output@@IEAA_NAEAPEAD@Z 00000001800121c0 f i libucrtd:output.obj
 0001:000111c0       ??$extract_argument_from_va_list@_K_J@?$standard_base@DV?$string_output_adapter@D@__crt_stdio_output@@@__crt_stdio_output@@IEAA_NAEA_J@Z 00000001800121c0 f i libucrtd:output.obj
 0001:000111c0       ??$extract_argument_from_va_list@PEAXPEAX@?$standard_base@_WV?$string_output_adapter@_W@__crt_stdio_output@@@__crt_stdio_output@@IEAA_NAEAPEAX@Z 00000001800121c0 f i libucrtd:output.obj
 0001:000111c0       ??$extract_argument_from_va_list@_J_J@?$standard_base@DV?$string_output_adapter@D@__crt_stdio_output@@@__crt_stdio_output@@IEAA_NAEA_J@Z 00000001800121c0 f i libucrtd:output.obj
 0001:000111c0       ??$extract_argument_from_va_list@_J_J@?$standard_base@_WV?$string_output_adapter@_W@__crt_stdio_output@@@__crt_stdio_output@@IEAA_NAEA_J@Z 00000001800121c0 f i libucrtd:output.obj
 0001:00011220       ??$extract_argument_from_va_list@U_CRT_DOUBLE@@U1@@?$standard_base@_WV?$string_output_adapter@_W@__crt_stdio_output@@@__crt_stdio_output@@IEAA_NAEAU_CRT_DOUBLE@@@Z 0000000180012220 f i libucrtd:output.obj
 0001:00011220       ??$extract_argument_from_va_list@U_CRT_DOUBLE@@U1@@?$standard_base@DV?$string_output_adapter@D@__crt_stdio_output@@@__crt_stdio_output@@IEAA_NAEAU_CRT_DOUBLE@@@Z 0000000180012220 f i libucrtd:output.obj
 0001:00011270       ??$extract_argument_from_va_list@_W_W@?$standard_base@DV?$string_output_adapter@D@__crt_stdio_output@@@__crt_stdio_output@@IEAA_NAEA_W@Z 0000000180012270 f i libucrtd:output.obj
 0001:00011270       ??$extract_argument_from_va_list@_W_W@?$standard_base@_WV?$string_output_adapter@_W@__crt_stdio_output@@@__crt_stdio_output@@IEAA_NAEA_W@Z 0000000180012270 f i libucrtd:output.obj
 0001:000112a0       ??$is_wide_character_specifier@D@__crt_stdio_output@@YA_N_KDW4length_modifier@0@@Z 00000001800122a0 f i libucrtd:output.obj
 0001:00011340       ??$is_wide_character_specifier@_W@__crt_stdio_output@@YA_N_K_WW4length_modifier@0@@Z 0000000180012340 f i libucrtd:output.obj
 0001:00011410       ??$read_va_arg@C@__crt_stdio_output@@YACAEAPEAD@Z 0000000180012410 f i libucrtd:output.obj
 0001:00011410       ??$read_va_arg@E@__crt_stdio_output@@YAEAEAPEAD@Z 0000000180012410 f i libucrtd:output.obj
 0001:00011480       ??$read_va_arg@_W@__crt_stdio_output@@YA_WAEAPEAD@Z 0000000180012480 f i libucrtd:output.obj
 0001:00011480       ??$read_va_arg@G@__crt_stdio_output@@YAGAEAPEAD@Z 0000000180012480 f i libucrtd:output.obj
 0001:00011480       ??$read_va_arg@F@__crt_stdio_output@@YAFAEAPEAD@Z 0000000180012480 f i libucrtd:output.obj
 0001:000114f0       ??$read_va_arg@H@__crt_stdio_output@@YAHAEAPEAD@Z 00000001800124f0 f i libucrtd:output.obj
 0001:000114f0       ??$read_va_arg@I@__crt_stdio_output@@YAIAEAPEAD@Z 00000001800124f0 f i libucrtd:output.obj
 0001:00011550       ??$read_va_arg@_K@__crt_stdio_output@@YA_KAEAPEAD@Z 0000000180012550 f i libucrtd:output.obj
 0001:00011550       ??$read_va_arg@PEAX@__crt_stdio_output@@YAPEAXAEAPEAD@Z 0000000180012550 f i libucrtd:output.obj
 0001:00011550       ??$read_va_arg@_J@__crt_stdio_output@@YA_JAEAPEAD@Z 0000000180012550 f i libucrtd:output.obj
 0001:00011550       ??$read_va_arg@U_CRT_DOUBLE@@@__crt_stdio_output@@YA?AU_CRT_DOUBLE@@AEAPEAD@Z 0000000180012550 f i libucrtd:output.obj
 0001:00011550       ??$read_va_arg@PEAD@__crt_stdio_output@@YAPEADAEAPEAD@Z 0000000180012550 f i libucrtd:output.obj
 0001:00011630       ??$scratch_count@D@formatting_buffer@__crt_stdio_output@@QEBA_KXZ 0000000180012630 f i libucrtd:output.obj
 0001:00011650       ??$scratch_data@D@formatting_buffer@__crt_stdio_output@@QEAAPEADXZ 0000000180012650 f i libucrtd:output.obj
 0001:000116c0       ??$tcstol@PEBDPEAPEADH@?$__crt_char_traits@D@@SAJ$$QEAPEBD$$QEAPEAPEAD$$QEAH@Z 00000001800126c0 f i libucrtd:output.obj
 0001:00011700       ??$tcstol@PEB_WPEAPEA_WH@?$__crt_char_traits@_W@@SAJ$$QEAPEB_W$$QEAPEAPEA_W$$QEAH@Z 0000000180012700 f i libucrtd:output.obj
 0001:00011740       ??$type_case_integer_parse_into_buffer@I@?$output_processor@DV?$string_output_adapter@D@__crt_stdio_output@@V?$format_validation_base@DV?$string_output_adapter@D@__crt_stdio_output@@@2@@__crt_stdio_output@@AEAAXII_N@Z 0000000180012740 f i libucrtd:output.obj
 0001:00011870       ??$type_case_integer_parse_into_buffer@I@?$output_processor@_WV?$string_output_adapter@_W@__crt_stdio_output@@V?$format_validation_base@_WV?$string_output_adapter@_W@__crt_stdio_output@@@2@@__crt_stdio_output@@AEAAXII_N@Z 0000000180012870 f i libucrtd:output.obj
 0001:000119b0       ??$type_case_integer_parse_into_buffer@_K@?$output_processor@DV?$string_output_adapter@D@__crt_stdio_output@@V?$format_validation_base@DV?$string_output_adapter@D@__crt_stdio_output@@@2@@__crt_stdio_output@@AEAAX_KI_N@Z 00000001800129b0 f i libucrtd:output.obj
 0001:00011b00       ??$type_case_integer_parse_into_buffer@_K@?$output_processor@_WV?$string_output_adapter@_W@__crt_stdio_output@@V?$format_validation_base@_WV?$string_output_adapter@_W@__crt_stdio_output@@@2@@__crt_stdio_output@@AEAAX_KI_N@Z 0000000180012b00 f i libucrtd:output.obj
 0001:00011c60       ??$write_multiple_characters@V?$string_output_adapter@D@__crt_stdio_output@@D@__crt_stdio_output@@YAXAEBV?$string_output_adapter@D@0@DHQEAH@Z 0000000180012c60 f i libucrtd:output.obj
 0001:00011cc0       ??$write_multiple_characters@V?$string_output_adapter@_W@__crt_stdio_output@@D@__crt_stdio_output@@YAXAEBV?$string_output_adapter@_W@0@DHQEAH@Z 0000000180012cc0 f i libucrtd:output.obj
 0001:00011d20       ??0?$common_data@D@__crt_stdio_output@@IEAA@XZ 0000000180012d20 f i libucrtd:output.obj
 0001:00011df0       ??0?$common_data@_W@__crt_stdio_output@@IEAA@XZ 0000000180012df0 f i libucrtd:output.obj
 0001:00011ec0       ??0?$output_adapter_data@DV?$string_output_adapter@D@__crt_stdio_output@@@__crt_stdio_output@@IEAA@AEBV?$string_output_adapter@D@1@_KQEBDQEAU__crt_locale_pointers@@QEAD@Z 0000000180012ec0 f i libucrtd:output.obj
 0001:00011f40       ??0?$output_adapter_data@_WV?$string_output_adapter@_W@__crt_stdio_output@@@__crt_stdio_output@@IEAA@AEBV?$string_output_adapter@_W@1@_KQEB_WQEAU__crt_locale_pointers@@QEAD@Z 0000000180012f40 f i libucrtd:output.obj
 0001:00011fc0       ??0?$output_processor@DV?$string_output_adapter@D@__crt_stdio_output@@V?$format_validation_base@DV?$string_output_adapter@D@__crt_stdio_output@@@2@@__crt_stdio_output@@QEAA@AEBV?$string_output_adapter@D@1@_KQEBDQEAU__crt_locale_pointers@@QEAD@Z 0000000180012fc0 f i libucrtd:output.obj
 0001:00012010       ??0?$output_processor@_WV?$string_output_adapter@_W@__crt_stdio_output@@V?$format_validation_base@_WV?$string_output_adapter@_W@__crt_stdio_output@@@2@@__crt_stdio_output@@QEAA@AEBV?$string_output_adapter@_W@1@_KQEB_WQEAU__crt_locale_pointers@@QEAD@Z 0000000180013010 f i libucrtd:output.obj
 0001:00012060       ??0__crt_deferred_errno_cache@@QEAA@XZ 0000000180013060 f i libucrtd:output.obj
 0001:00012080       ??0__crt_errno_guard@@QEAA@QEAH@Z 0000000180013080 f i libucrtd:output.obj
 0001:000120c0       ??0formatting_buffer@__crt_stdio_output@@QEAA@XZ 00000001800130c0 f i libucrtd:output.obj
 0001:00012100       ??1?$common_data@D@__crt_stdio_output@@QEAA@XZ 0000000180013100 f i libucrtd:output.obj
 0001:00012100       ??1?$common_data@_W@__crt_stdio_output@@QEAA@XZ 0000000180013100 f i libucrtd:output.obj
 0001:00012120       ??1?$format_validation_base@DV?$string_output_adapter@D@__crt_stdio_output@@@__crt_stdio_output@@QEAA@XZ 0000000180013120 f i libucrtd:output.obj
 0001:00012120       ??1?$format_validation_base@_WV?$string_output_adapter@_W@__crt_stdio_output@@@__crt_stdio_output@@QEAA@XZ 0000000180013120 f i libucrtd:output.obj
 0001:00012140       ??1?$output_adapter_data@DV?$string_output_adapter@D@__crt_stdio_output@@@__crt_stdio_output@@QEAA@XZ 0000000180013140 f i libucrtd:output.obj
 0001:00012140       ??1?$output_adapter_data@_WV?$string_output_adapter@_W@__crt_stdio_output@@@__crt_stdio_output@@QEAA@XZ 0000000180013140 f i libucrtd:output.obj
 0001:00012160       ??1?$output_processor@_WV?$string_output_adapter@_W@__crt_stdio_output@@V?$format_validation_base@_WV?$string_output_adapter@_W@__crt_stdio_output@@@2@@__crt_stdio_output@@QEAA@XZ 0000000180013160 f i libucrtd:output.obj
 0001:00012160       ??1?$output_processor@DV?$string_output_adapter@D@__crt_stdio_output@@V?$format_validation_base@DV?$string_output_adapter@D@__crt_stdio_output@@@2@@__crt_stdio_output@@QEAA@XZ 0000000180013160 f i libucrtd:output.obj
 0001:00012180       ??1?$standard_base@_WV?$string_output_adapter@_W@__crt_stdio_output@@@__crt_stdio_output@@QEAA@XZ 0000000180013180 f i libucrtd:output.obj
 0001:00012180       ??1?$standard_base@DV?$string_output_adapter@D@__crt_stdio_output@@@__crt_stdio_output@@QEAA@XZ 0000000180013180 f i libucrtd:output.obj
 0001:000121a0       ??1__crt_errno_guard@@QEAA@XZ 00000001800131a0 f i libucrtd:output.obj
 0001:000121d0       ??1formatting_buffer@__crt_stdio_output@@QEAA@XZ 00000001800131d0 f i libucrtd:output.obj
 0001:00012200       ??4?$__crt_unique_heap_ptr@DU__crt_internal_free_policy@@@@QEAAAEAV0@$$QEAV0@@Z 0000000180013200 f i libucrtd:output.obj
 0001:00012240       ?adjust_hexit@?$output_processor@DV?$string_output_adapter@D@__crt_stdio_output@@V?$format_validation_base@DV?$string_output_adapter@D@__crt_stdio_output@@@2@@__crt_stdio_output@@CADH_N@Z 0000000180013240 f i libucrtd:output.obj
 0001:00012240       ?adjust_hexit@?$output_processor@_WV?$string_output_adapter@_W@__crt_stdio_output@@V?$format_validation_base@_WV?$string_output_adapter@_W@__crt_stdio_output@@@2@@__crt_stdio_output@@CADH_N@Z 0000000180013240 f i libucrtd:output.obj
 0001:00012290       ?advance_to_next_pass@?$standard_base@_WV?$string_output_adapter@_W@__crt_stdio_output@@@__crt_stdio_output@@IEAA_NXZ 0000000180013290 f i libucrtd:output.obj
 0001:00012290       ?advance_to_next_pass@?$standard_base@DV?$string_output_adapter@D@__crt_stdio_output@@@__crt_stdio_output@@IEAA_NXZ 0000000180013290 f i libucrtd:output.obj
 0001:000122e0       ?crop_zeroes@__crt_stdio_output@@YAXPEADQEAU__crt_locale_pointers@@@Z 00000001800132e0 f i libucrtd:output.obj
 0001:00012420       ?find_next_state@?$output_processor@DV?$string_output_adapter@D@__crt_stdio_output@@V?$format_validation_base@DV?$string_output_adapter@D@__crt_stdio_output@@@2@@__crt_stdio_output@@AEBA?AW4state@2@DW432@@Z 0000000180013420 f i libucrtd:output.obj
 0001:000124c0       ?find_next_state@?$output_processor@_WV?$string_output_adapter@_W@__crt_stdio_output@@V?$format_validation_base@_WV?$string_output_adapter@_W@__crt_stdio_output@@@2@@__crt_stdio_output@@AEBA?AW4state@2@_WW432@@Z 00000001800134c0 f i libucrtd:output.obj
 0001:00012560       ?force_decimal_point@__crt_stdio_output@@YAXPEADQEAU__crt_locale_pointers@@@Z 0000000180013560 f i libucrtd:output.obj
 0001:00012660       ?get@__crt_deferred_errno_cache@@QEAAAEAHXZ 0000000180013660 f i libucrtd:output.obj
 0001:00012690       ?get_flags@__crt_stdio_stream@@QEBAJXZ 0000000180013690 f i libucrtd:output.obj
 0001:000126c0       ?has_flag@?$output_processor@_WV?$string_output_adapter@_W@__crt_stdio_output@@V?$format_validation_base@_WV?$string_output_adapter@_W@__crt_stdio_output@@@2@@__crt_stdio_output@@AEBA_NI@Z 00000001800136c0 f i libucrtd:output.obj
 0001:000126c0       ?has_flag@?$output_processor@DV?$string_output_adapter@D@__crt_stdio_output@@V?$format_validation_base@DV?$string_output_adapter@D@__crt_stdio_output@@@2@@__crt_stdio_output@@AEBA_NI@Z 00000001800136c0 f i libucrtd:output.obj
 0001:00012700       ?is_string_backed@__crt_stdio_stream@@QEBA_NXZ 0000000180013700 f i libucrtd:output.obj
 0001:00012740       ?narrow_null_string@?$output_processor@DV?$string_output_adapter@D@__crt_stdio_output@@V?$format_validation_base@DV?$string_output_adapter@D@__crt_stdio_output@@@2@@__crt_stdio_output@@CAPEADXZ 0000000180013740 f i libucrtd:output.obj
 0001:00012740       ?narrow_null_string@?$output_processor@_WV?$string_output_adapter@_W@__crt_stdio_output@@V?$format_validation_base@_WV?$string_output_adapter@_W@__crt_stdio_output@@@2@@__crt_stdio_output@@CAPEADXZ 0000000180013740 f i libucrtd:output.obj
 0001:00012750       ?parse_int_from_format_string@?$output_processor@DV?$string_output_adapter@D@__crt_stdio_output@@V?$format_validation_base@DV?$string_output_adapter@D@__crt_stdio_output@@@2@@__crt_stdio_output@@AEAA_NQEAH@Z 0000000180013750 f i libucrtd:output.obj
 0001:00012840       ?parse_int_from_format_string@?$output_processor@_WV?$string_output_adapter@_W@__crt_stdio_output@@V?$format_validation_base@_WV?$string_output_adapter@_W@__crt_stdio_output@@@2@@__crt_stdio_output@@AEAA_NQEAH@Z 0000000180013840 f i libucrtd:output.obj
 0001:00012930       ?process@?$output_processor@DV?$string_output_adapter@D@__crt_stdio_output@@V?$format_validation_base@DV?$string_output_adapter@D@__crt_stdio_output@@@2@@__crt_stdio_output@@QEAAHXZ 0000000180013930 f i libucrtd:output.obj
 0001:00012c90       ?process@?$output_processor@_WV?$string_output_adapter@_W@__crt_stdio_output@@V?$format_validation_base@_WV?$string_output_adapter@_W@__crt_stdio_output@@@2@@__crt_stdio_output@@QEAAHXZ 0000000180013c90 f i libucrtd:output.obj
 0001:00012ff0       ?set_flag@?$output_processor@_WV?$string_output_adapter@_W@__crt_stdio_output@@V?$format_validation_base@_WV?$string_output_adapter@_W@__crt_stdio_output@@@2@@__crt_stdio_output@@AEAAXI@Z 0000000180013ff0 f i libucrtd:output.obj
 0001:00012ff0       ?set_flag@?$output_processor@DV?$string_output_adapter@D@__crt_stdio_output@@V?$format_validation_base@DV?$string_output_adapter@D@__crt_stdio_output@@@2@@__crt_stdio_output@@AEAAXI@Z 0000000180013ff0 f i libucrtd:output.obj
 0001:00013010       ?validate_and_update_state_at_beginning_of_format_character@?$standard_base@DV?$string_output_adapter@D@__crt_stdio_output@@@__crt_stdio_output@@IEAA_NXZ 0000000180014010 f i libucrtd:output.obj
 0001:00013010       ?validate_and_update_state_at_beginning_of_format_character@?$standard_base@_WV?$string_output_adapter@_W@__crt_stdio_output@@@__crt_stdio_output@@IEAA_NXZ 0000000180014010 f i libucrtd:output.obj
 0001:00013010       ?validate_state_for_type_case_a@?$standard_base@_WV?$string_output_adapter@_W@__crt_stdio_output@@@__crt_stdio_output@@IEBA_NXZ 0000000180014010 f i libucrtd:output.obj
 0001:00013010       ?should_format@?$standard_base@_WV?$string_output_adapter@_W@__crt_stdio_output@@@__crt_stdio_output@@IEAA_NXZ 0000000180014010 f i libucrtd:output.obj
 0001:00013010       ?validate_state_for_type_case_a@?$standard_base@DV?$string_output_adapter@D@__crt_stdio_output@@@__crt_stdio_output@@IEBA_NXZ 0000000180014010 f i libucrtd:output.obj
 0001:00013010       ?should_format@?$standard_base@DV?$string_output_adapter@D@__crt_stdio_output@@@__crt_stdio_output@@IEAA_NXZ 0000000180014010 f i libucrtd:output.obj
 0001:00013020       ?should_skip_type_state_output@?$standard_base@DV?$string_output_adapter@D@__crt_stdio_output@@@__crt_stdio_output@@IEBA_NXZ 0000000180014020 f i libucrtd:output.obj
 0001:00013020       ?should_skip_type_state_output@?$standard_base@_WV?$string_output_adapter@_W@__crt_stdio_output@@@__crt_stdio_output@@IEBA_NXZ 0000000180014020 f i libucrtd:output.obj
 0001:00013020       ?should_skip_normal_state_processing@?$standard_base@_WV?$string_output_adapter@_W@__crt_stdio_output@@@__crt_stdio_output@@IEAA_NXZ 0000000180014020 f i libucrtd:output.obj
 0001:00013020       ?should_skip_normal_state_processing@?$standard_base@DV?$string_output_adapter@D@__crt_stdio_output@@@__crt_stdio_output@@IEAA_NXZ 0000000180014020 f i libucrtd:output.obj
 0001:00013030       ?state_case_dot@?$output_processor@_WV?$string_output_adapter@_W@__crt_stdio_output@@V?$format_validation_base@_WV?$string_output_adapter@_W@__crt_stdio_output@@@2@@__crt_stdio_output@@AEAA_NXZ 0000000180014030 f i libucrtd:output.obj
 0001:00013030       ?state_case_dot@?$output_processor@DV?$string_output_adapter@D@__crt_stdio_output@@V?$format_validation_base@DV?$string_output_adapter@D@__crt_stdio_output@@@2@@__crt_stdio_output@@AEAA_NXZ 0000000180014030 f i libucrtd:output.obj
 0001:00013050       ?state_case_flag@?$output_processor@DV?$string_output_adapter@D@__crt_stdio_output@@V?$format_validation_base@DV?$string_output_adapter@D@__crt_stdio_output@@@2@@__crt_stdio_output@@AEAA_NXZ 0000000180014050 f i libucrtd:output.obj
 0001:000130f0       ?state_case_flag@?$output_processor@_WV?$string_output_adapter@_W@__crt_stdio_output@@V?$format_validation_base@_WV?$string_output_adapter@_W@__crt_stdio_output@@@2@@__crt_stdio_output@@AEAA_NXZ 00000001800140f0 f i libucrtd:output.obj
 0001:00013190       ?state_case_normal@?$output_processor@DV?$string_output_adapter@D@__crt_stdio_output@@V?$format_validation_base@DV?$string_output_adapter@D@__crt_stdio_output@@@2@@__crt_stdio_output@@AEAA_NXZ 0000000180014190 f i libucrtd:output.obj
 0001:00013270       ?state_case_normal@?$output_processor@_WV?$string_output_adapter@_W@__crt_stdio_output@@V?$format_validation_base@_WV?$string_output_adapter@_W@__crt_stdio_output@@@2@@__crt_stdio_output@@AEAA_NXZ 0000000180014270 f i libucrtd:output.obj
 0001:00013350       ?state_case_normal_common@?$output_processor@DV?$string_output_adapter@D@__crt_stdio_output@@V?$format_validation_base@DV?$string_output_adapter@D@__crt_stdio_output@@@2@@__crt_stdio_output@@AEAA_NXZ 0000000180014350 f i libucrtd:output.obj
 0001:000133a0       ?state_case_normal_common@?$output_processor@_WV?$string_output_adapter@_W@__crt_stdio_output@@V?$format_validation_base@_WV?$string_output_adapter@_W@__crt_stdio_output@@@2@@__crt_stdio_output@@AEAA_NXZ 00000001800143a0 f i libucrtd:output.obj
 0001:000133f0       ?state_case_normal_tchar@?$output_processor@DV?$string_output_adapter@D@__crt_stdio_output@@V?$format_validation_base@DV?$string_output_adapter@D@__crt_stdio_output@@@2@@__crt_stdio_output@@AEAA_ND@Z 00000001800143f0 f i libucrtd:output.obj
 0001:00013530       ?state_case_normal_tchar@?$output_processor@_WV?$string_output_adapter@_W@__crt_stdio_output@@V?$format_validation_base@_WV?$string_output_adapter@_W@__crt_stdio_output@@@2@@__crt_stdio_output@@AEAA_N_W@Z 0000000180014530 f i libucrtd:output.obj
 0001:00013550       ?state_case_percent@?$output_processor@DV?$string_output_adapter@D@__crt_stdio_output@@V?$format_validation_base@DV?$string_output_adapter@D@__crt_stdio_output@@@2@@__crt_stdio_output@@AEAA_NXZ 0000000180014550 f i libucrtd:output.obj
 0001:00013550       ?state_case_percent@?$output_processor@_WV?$string_output_adapter@_W@__crt_stdio_output@@V?$format_validation_base@_WV?$string_output_adapter@_W@__crt_stdio_output@@@2@@__crt_stdio_output@@AEAA_NXZ 0000000180014550 f i libucrtd:output.obj
 0001:000135a0       ?state_case_precision@?$output_processor@DV?$string_output_adapter@D@__crt_stdio_output@@V?$format_validation_base@DV?$string_output_adapter@D@__crt_stdio_output@@@2@@__crt_stdio_output@@AEAA_NXZ 00000001800145a0 f i libucrtd:output.obj
 0001:00013620       ?state_case_precision@?$output_processor@_WV?$string_output_adapter@_W@__crt_stdio_output@@V?$format_validation_base@_WV?$string_output_adapter@_W@__crt_stdio_output@@@2@@__crt_stdio_output@@AEAA_NXZ 0000000180014620 f i libucrtd:output.obj
 0001:000136a0       ?state_case_size@?$output_processor@DV?$string_output_adapter@D@__crt_stdio_output@@V?$format_validation_base@DV?$string_output_adapter@D@__crt_stdio_output@@@2@@__crt_stdio_output@@AEAA_NXZ 00000001800146a0 f i libucrtd:output.obj
 0001:00013b20       ?state_case_size@?$output_processor@_WV?$string_output_adapter@_W@__crt_stdio_output@@V?$format_validation_base@_WV?$string_output_adapter@_W@__crt_stdio_output@@@2@@__crt_stdio_output@@AEAA_NXZ 0000000180014b20 f i libucrtd:output.obj
 0001:00013fa0       ?state_case_type@?$output_processor@DV?$string_output_adapter@D@__crt_stdio_output@@V?$format_validation_base@DV?$string_output_adapter@D@__crt_stdio_output@@@2@@__crt_stdio_output@@AEAA_NXZ 0000000180014fa0 f i libucrtd:output.obj
 0001:00014440       ?state_case_type@?$output_processor@_WV?$string_output_adapter@_W@__crt_stdio_output@@V?$format_validation_base@_WV?$string_output_adapter@_W@__crt_stdio_output@@@2@@__crt_stdio_output@@AEAA_NXZ 0000000180015440 f i libucrtd:output.obj
 0001:000149a0       ?state_case_width@?$output_processor@DV?$string_output_adapter@D@__crt_stdio_output@@V?$format_validation_base@DV?$string_output_adapter@D@__crt_stdio_output@@@2@@__crt_stdio_output@@AEAA_NXZ 00000001800159a0 f i libucrtd:output.obj
 0001:00014a30       ?state_case_width@?$output_processor@_WV?$string_output_adapter@_W@__crt_stdio_output@@V?$format_validation_base@_WV?$string_output_adapter@_W@__crt_stdio_output@@@2@@__crt_stdio_output@@AEAA_NXZ 0000000180015a30 f i libucrtd:output.obj
 0001:00014ac0       ?state_count@?$format_validation_base@_WV?$string_output_adapter@_W@__crt_stdio_output@@@__crt_stdio_output@@KAIXZ 0000000180015ac0 f i libucrtd:output.obj
 0001:00014ac0       ?state_count@?$format_validation_base@DV?$string_output_adapter@D@__crt_stdio_output@@@__crt_stdio_output@@KAIXZ 0000000180015ac0 f i libucrtd:output.obj
 0001:00014ad0       ?state_transition_table@?$format_validation_base@_WV?$string_output_adapter@_W@__crt_stdio_output@@@__crt_stdio_output@@KAPEBEXZ 0000000180015ad0 f i libucrtd:output.obj
 0001:00014ad0       ?state_transition_table@?$format_validation_base@DV?$string_output_adapter@D@__crt_stdio_output@@@__crt_stdio_output@@KAPEBEXZ 0000000180015ad0 f i libucrtd:output.obj
 0001:00014ae0       ?tchar_string@?$common_data@D@__crt_stdio_output@@IEAAAEAPEADD@Z 0000000180015ae0 f i libucrtd:output.obj
 0001:00014b00       ?tchar_string@?$common_data@D@__crt_stdio_output@@IEAAAEAPEADXZ 0000000180015b00 f i libucrtd:output.obj
 0001:00014b20       ?tchar_string@?$common_data@_W@__crt_stdio_output@@IEAAAEAPEA_WXZ 0000000180015b20 f i libucrtd:output.obj
 0001:00014b40       ?tchar_string@?$common_data@_W@__crt_stdio_output@@IEAAAEAPEA_W_W@Z 0000000180015b40 f i libucrtd:output.obj
 0001:00014b60       ?to_integer_size@__crt_stdio_output@@YA_KW4length_modifier@1@@Z 0000000180015b60 f i libucrtd:output.obj
 0001:00014c10       ?type_case_X@?$output_processor@DV?$string_output_adapter@D@__crt_stdio_output@@V?$format_validation_base@DV?$string_output_adapter@D@__crt_stdio_output@@@2@@__crt_stdio_output@@AEAA_NXZ 0000000180015c10 f i libucrtd:output.obj
 0001:00014c30       ?type_case_X@?$output_processor@_WV?$string_output_adapter@_W@__crt_stdio_output@@V?$format_validation_base@_WV?$string_output_adapter@_W@__crt_stdio_output@@@2@@__crt_stdio_output@@AEAA_NXZ 0000000180015c30 f i libucrtd:output.obj
 0001:00014c50       ?type_case_Z@?$output_processor@DV?$string_output_adapter@D@__crt_stdio_output@@V?$format_validation_base@DV?$string_output_adapter@D@__crt_stdio_output@@@2@@__crt_stdio_output@@AEAA_NXZ 0000000180015c50 f i libucrtd:output.obj
 0001:00014d70       ?type_case_Z@?$output_processor@_WV?$string_output_adapter@_W@__crt_stdio_output@@V?$format_validation_base@_WV?$string_output_adapter@_W@__crt_stdio_output@@@2@@__crt_stdio_output@@AEAA_NXZ 0000000180015d70 f i libucrtd:output.obj
 0001:00014e90       ?type_case_a@?$output_processor@DV?$string_output_adapter@D@__crt_stdio_output@@V?$format_validation_base@DV?$string_output_adapter@D@__crt_stdio_output@@@2@@__crt_stdio_output@@AEAA_NXZ 0000000180015e90 f i libucrtd:output.obj
 0001:00015250       ?type_case_a@?$output_processor@_WV?$string_output_adapter@_W@__crt_stdio_output@@V?$format_validation_base@_WV?$string_output_adapter@_W@__crt_stdio_output@@@2@@__crt_stdio_output@@AEAA_NXZ 0000000180016250 f i libucrtd:output.obj
 0001:00015620       ?type_case_c@?$output_processor@DV?$string_output_adapter@D@__crt_stdio_output@@V?$format_validation_base@DV?$string_output_adapter@D@__crt_stdio_output@@@2@@__crt_stdio_output@@AEAA_NXZ 0000000180016620 f i libucrtd:output.obj
 0001:00015640       ?type_case_c@?$output_processor@_WV?$string_output_adapter@_W@__crt_stdio_output@@V?$format_validation_base@_WV?$string_output_adapter@_W@__crt_stdio_output@@@2@@__crt_stdio_output@@AEAA_NXZ 0000000180016640 f i libucrtd:output.obj
 0001:00015660       ?type_case_c_tchar@?$output_processor@DV?$string_output_adapter@D@__crt_stdio_output@@V?$format_validation_base@DV?$string_output_adapter@D@__crt_stdio_output@@@2@@__crt_stdio_output@@AEAA_ND@Z 0000000180016660 f i libucrtd:output.obj
 0001:000157b0       ?type_case_c_tchar@?$output_processor@_WV?$string_output_adapter@_W@__crt_stdio_output@@V?$format_validation_base@_WV?$string_output_adapter@_W@__crt_stdio_output@@@2@@__crt_stdio_output@@AEAA_N_W@Z 00000001800167b0 f i libucrtd:output.obj
 0001:000158e0       ?type_case_d@?$output_processor@DV?$string_output_adapter@D@__crt_stdio_output@@V?$format_validation_base@DV?$string_output_adapter@D@__crt_stdio_output@@@2@@__crt_stdio_output@@AEAA_NXZ 00000001800168e0 f i libucrtd:output.obj
 0001:00015910       ?type_case_d@?$output_processor@_WV?$string_output_adapter@_W@__crt_stdio_output@@V?$format_validation_base@_WV?$string_output_adapter@_W@__crt_stdio_output@@@2@@__crt_stdio_output@@AEAA_NXZ 0000000180016910 f i libucrtd:output.obj
 0001:00015940       ?type_case_integer@?$output_processor@DV?$string_output_adapter@D@__crt_stdio_output@@V?$format_validation_base@DV?$string_output_adapter@D@__crt_stdio_output@@@2@@__crt_stdio_output@@AEAA_NI_N@Z 0000000180016940 f i libucrtd:output.obj
 0001:00015d90       ?type_case_integer@?$output_processor@_WV?$string_output_adapter@_W@__crt_stdio_output@@V?$format_validation_base@_WV?$string_output_adapter@_W@__crt_stdio_output@@@2@@__crt_stdio_output@@AEAA_NI_N@Z 0000000180016d90 f i libucrtd:output.obj
 0001:000161e0       ?type_case_n@?$output_processor@DV?$string_output_adapter@D@__crt_stdio_output@@V?$format_validation_base@DV?$string_output_adapter@D@__crt_stdio_output@@@2@@__crt_stdio_output@@AEAA_NXZ 00000001800171e0 f i libucrtd:output.obj
 0001:00016420       ?type_case_n@?$output_processor@_WV?$string_output_adapter@_W@__crt_stdio_output@@V?$format_validation_base@_WV?$string_output_adapter@_W@__crt_stdio_output@@@2@@__crt_stdio_output@@AEAA_NXZ 0000000180017420 f i libucrtd:output.obj
 0001:00016660       ?type_case_o@?$output_processor@DV?$string_output_adapter@D@__crt_stdio_output@@V?$format_validation_base@DV?$string_output_adapter@D@__crt_stdio_output@@@2@@__crt_stdio_output@@AEAA_NXZ 0000000180017660 f i libucrtd:output.obj
[...]
 0004:000026d0       $pdata$c32rtomb            00000001800536d0     libucrtd:c32rtomb.obj
 0004:000026dc       $pdata$?__c32rtomb_utf8@__crt_mbstring@@YA_KPEAD_UPEAU_Mbstatet@@@Z 00000001800536dc     libucrtd:c32rtomb.obj
 0004:000026e8       $pdata$?return_illegal_sequence@__crt_mbstring@@YA_KPEAU_Mbstatet@@@Z 00000001800536e8     libucrtd:c32rtomb.obj
 0004:000026f4       $pdata$?reset_and_return@__crt_mbstring@@YA_K_KPEAU_Mbstatet@@@Z 00000001800536f4     libucrtd:c32rtomb.obj
 0004:00002700       $pdata$__acrt_fp_strflt_to_string 0000000180053700     libucrtd:_fptostr.obj
 0004:0000270c       $pdata$__acrt_fltout       000000018005370c     libucrtd:cfout.obj
 0004:00002718       $pdata$??0big_integer@__crt_strtox@@QEAA@XZ 0000000180053718     libucrtd:cfout.obj
 0004:00002724       $pdata$??0big_integer@__crt_strtox@@QEAA@AEBU01@@Z 0000000180053724     libucrtd:cfout.obj
 0004:00002724       $pdata$??4big_integer@__crt_strtox@@QEAAAEAU01@AEBU01@@Z 0000000180053724     libucrtd:cfout.obj
 0004:00002730       $pdata$??8__crt_strtox@@YA_NAEBUbig_integer@0@0@Z 0000000180053730     libucrtd:cfout.obj
 0004:0000273c       $pdata$??9__crt_strtox@@YA_NAEBUbig_integer@0@0@Z 000000018005373c     libucrtd:cfout.obj
 0004:00002748       $pdata$?make_big_integer@__crt_strtox@@YA?AUbig_integer@1@_K@Z 0000000180053748     libucrtd:cfout.obj
 0004:00002754       $pdata$?make_big_integer_power_of_two@__crt_strtox@@YA?AUbig_integer@1@I@Z 0000000180053754     libucrtd:cfout.obj
 0004:00002760       $pdata$?is_zero@__crt_strtox@@YA_NAEBUbig_integer@1@@Z 0000000180053760     libucrtd:cfout.obj
 0004:0000276c       $pdata$?bit_scan_reverse@__crt_strtox@@YAII@Z 000000018005376c     libucrtd:cfout.obj
 0004:00002778       $pdata$?shift_left@__crt_strtox@@YA_NAEAUbig_integer@1@I@Z 0000000180053778     libucrtd:cfout.obj
 0004:00002784       $pdata$?add_carry@__crt_strtox@@YAIAEAIII@Z 0000000180053784     libucrtd:cfout.obj
 0004:00002790       $pdata$?add_multiply_carry@__crt_strtox@@YAIAEAIIII@Z 0000000180053790     libucrtd:cfout.obj
 0004:0000279c       $pdata$?multiply_core@__crt_strtox@@YAIQEAIII@Z 000000018005379c     libucrtd:cfout.obj
 0004:000027a8       $pdata$?multiply@__crt_strtox@@YA_NAEAUbig_integer@1@I@Z 00000001800537a8     libucrtd:cfout.obj
 0004:000027b4       $pdata$?multiply@__crt_strtox@@YA_NAEAUbig_integer@1@AEBU21@@Z 00000001800537b4     libucrtd:cfout.obj
 0004:000027c0       $pdata$?multiply_by_power_of_ten@__crt_strtox@@YA_NAEAUbig_integer@1@I@Z 00000001800537c0     libucrtd:cfout.obj
 0004:000027cc       $pdata$?count_sequential_high_zeroes@__crt_strtox@@YAII@Z 00000001800537cc     libucrtd:cfout.obj
 0004:000027d8       $pdata$?divide@__crt_strtox@@YA_KAEAUbig_integer@1@AEBU21@@Z 00000001800537d8     libucrtd:cfout.obj
 0004:000027e4       $pdata$??0scoped_fp_state_reset@?A0x71ca7cfb@@QEAA@XZ 00000001800537e4     libucrtd:cfout.obj
 0004:000027f0       $pdata$??1scoped_fp_state_reset@?A0x71ca7cfb@@QEAA@XZ 00000001800537f0     libucrtd:cfout.obj
 0004:000027fc       $pdata$??$convert_to_fos_high_precision@N@@YAXNIQEAHQEAD_K@Z 00000001800537fc     libucrtd:cfout.obj
 0004:00002808       $pdata$_fcloseall          0000000180053808     libucrtd:closeall.obj
 0004:00002814       $pdata$_fcloseall$fin$0    0000000180053814     libucrtd:closeall.obj
 0004:00002820       $pdata$?is_in_use@__crt_stdio_stream@@QEBA_NXZ 0000000180053820     libucrtd:closeall.obj
 0004:0000282c       $pdata$?has_crt_buffer@__crt_stdio_stream@@QEBA_NXZ 000000018005382c     libucrtd:_freebuf.obj
 0004:00002838       $pdata$__acrt_stdio_free_buffer_nolock 0000000180053838     libucrtd:_freebuf.obj
 0004:00002844       $pdata$__acrt_GetStringTypeW 0000000180053844     libucrtd:getstringtypew.obj
 0004:00002850       $pdata$_itow_s             0000000180053850     libucrtd:xtoa.obj
 0004:0000285c       $pdata$_itoa_s             000000018005385c     libucrtd:xtoa.obj
 0004:00002868       $pdata$??$common_xtox_s@KD@@YAHKQEAD_KI_N@Z 0000000180053868     libucrtd:xtoa.obj
 0004:00002874       $pdata$??$common_xtox@KD@@YAHKQEAD_KI_N@Z 0000000180053874     libucrtd:xtoa.obj
 0004:00002880       $pdata$??$common_xtox_s@K_W@@YAHKQEA_W_KI_N@Z 0000000180053880     libucrtd:xtoa.obj
 0004:0000288c       $pdata$??$common_xtox@K_W@@YAHKQEA_W_KI_N@Z 000000018005388c     libucrtd:xtoa.obj
 0004:00002898       $pdata$mbstowcs_s          0000000180053898     libucrtd:mbstowcs.obj
 0004:000028a4       $pdata$_mbstowcs_s_l       00000001800538a4     libucrtd:mbstowcs.obj
 0004:000028b0       $pdata$?_mbstowcs_l_helper@@YA_KPEA_WPEBD_KPEAU__crt_locale_pointers@@@Z 00000001800538b0     libucrtd:mbstowcs.obj
 0004:000028bc       $pdata$wcstombs_s          00000001800538bc     libucrtd:wcstombs.obj
 0004:000028c8       $pdata$_wcstombs_s_l       00000001800538c8     libucrtd:wcstombs.obj
 0004:000028d4       $pdata$?wcsncnt@@YA_KPEB_W_K@Z 00000001800538d4     libucrtd:wcstombs.obj
 0004:000028e0       $pdata$?_wcstombs_l_helper@@YA_KPEADPEB_W_KPEAU__crt_locale_pointers@@@Z 00000001800538e0     libucrtd:wcstombs.obj
 0004:000028ec       $pdata$?dtor$0@?0??_wcstombs_l_helper@@YA_KPEADPEB_W_KPEAU__crt_locale_pointers@@@Z@4HA 00000001800538ec     libucrtd:wcstombs.obj
 0004:000028f8       $pdata$strcat_s            00000001800538f8     libucrtd:strcat_s.obj
 0004:00002904       $pdata$??$common_tcscat_s@D@@YAHQEAD_KQEBD@Z 0000000180053904     libucrtd:strcat_s.obj
 0004:00002910       $pdata$__acrt_OutputDebugStringA 0000000180053910     libucrtd:outputdebugstringa.obj
 0004:00002928       $pdata$__strncnt           0000000180053928     libucrtd:strncnt.obj
 0004:00002934       $pdata$__ascii_wcsnicmp    0000000180053934     libucrtd:wcsnicmp.obj
 0004:00002940       $pdata$_commit             0000000180053940     libucrtd:commit.obj
 0004:0000294c       $pdata$??R<lambda_5533cddd4bda0037814beee657757329>@@QEBAHXZ 000000018005394c     libucrtd:commit.obj
 0004:00002958       $pdata$??$__acrt_lowio_lock_fh_and_call@V<lambda_5533cddd4bda0037814beee657757329>@@@@YAHH$$QEAV<lambda_5533cddd4bda0037814beee657757329>@@@Z 0000000180053958     libucrtd:commit.obj
 0004:00002964       $pdata$??R<lambda_53fc7fc888e23d815d7080162c0aeeb2>@@QEBAXXZ 0000000180053964     libucrtd:close.obj
 0004:00002964       $pdata$??R<lambda_4e3dbe6921bc0b5a1a6bc6573fdc859e>@@QEBAXXZ 0000000180053964     libucrtd:commit.obj
 0004:00002970       $pdata$??R<lambda_8ddc48ad9d26c778cb15812d1d88fc8a>@@QEBAXXZ 0000000180053970     libucrtd:close.obj
 0004:00002970       $pdata$??R<lambda_47cffbaa968af5c721c38a4a6f8da44d>@@QEBAXXZ 0000000180053970     libucrtd:commit.obj
 0004:0000297c       $pdata$??$?RV<lambda_4e3dbe6921bc0b5a1a6bc6573fdc859e>@@AEAV<lambda_5533cddd4bda0037814beee657757329>@@V<lambda_47cffbaa968af5c721c38a4a6f8da44d>@@@?$__crt_seh_guarded_call@H@@QEAAH$$QEAV<lambda_4e3dbe6921bc0b5a1a6bc6573fdc859e>@@AEAV<lambda_5533cddd4bda0037814beee657757329>@@$$QEAV<lambda_47cffbaa968af5c721c38a4a6f8da44d>@@@Z 000000018005397c     libucrtd:commit.obj
 0004:00002988       $pdata$?fin$0@?0???$?RV<lambda_53fc7fc888e23d815d7080162c0aeeb2>@@AEAV<lambda_4e7105787b7b0e0227fbf2b2d883fa65>@@V<lambda_8ddc48ad9d26c778cb15812d1d88fc8a>@@@?$__crt_seh_guarded_call@H@@QEAAH$$QEAV<lambda_53fc7fc888e23d815d7080162c0aeeb2>@@AEAV<lambda_4e7105787b7b0e0227fbf2b2d883fa65>@@$$QEAV<lambda_8ddc48ad9d26c778cb15812d1d88fc8a>@@@Z@4HA 0000000180053988     libucrtd:close.obj
 0004:00002988       $pdata$?fin$0@?0???$?RV<lambda_4e3dbe6921bc0b5a1a6bc6573fdc859e>@@AEAV<lambda_5533cddd4bda0037814beee657757329>@@V<lambda_47cffbaa968af5c721c38a4a6f8da44d>@@@?$__crt_seh_guarded_call@H@@QEAAH$$QEAV<lambda_4e3dbe6921bc0b5a1a6bc6573fdc859e>@@AEAV<lambda_5533cddd4bda0037814beee657757329>@@$$QEAV<lambda_47cffbaa968af5c721c38a4a6f8da44d>@@@Z@4HA 0000000180053988     libucrtd:commit.obj
 0004:00002994       $pdata$_write              0000000180053994     libucrtd:write.obj
 0004:000029a0       $pdata$_write$fin$0        00000001800539a0     libucrtd:write.obj
 0004:000029ac       $pdata$_write_nolock       00000001800539ac     libucrtd:write.obj
 0004:000029b8       $pdata$?write_requires_double_translation_nolock@@YA_NH@Z 00000001800539b8     libucrtd:write.obj
 0004:000029c4       $pdata$?write_double_translated_ansi_nolock@@YA?AUwrite_result@?A0x17268360@@HQEBDI@Z 00000001800539c4     libucrtd:write.obj
 0004:000029d0       $pdata$?write_double_translated_unicode_nolock@@YA?AUwrite_result@?A0x17268360@@QEBDI@Z 00000001800539d0     libucrtd:write.obj
 0004:000029dc       $pdata$?write_text_ansi_nolock@@YA?AUwrite_result@?A0x17268360@@HQEBDI@Z 00000001800539dc     libucrtd:write.obj
 0004:000029e8       $pdata$?write_text_utf16le_nolock@@YA?AUwrite_result@?A0x17268360@@HQEBDI@Z 00000001800539e8     libucrtd:write.obj
 0004:000029f4       $pdata$?write_text_utf8_nolock@@YA?AUwrite_result@?A0x17268360@@HQEBDI@Z 00000001800539f4     libucrtd:write.obj
 0004:00002a00       $pdata$?write_binary_nolock@@YA?AUwrite_result@?A0x17268360@@HQEBDI@Z 0000000180053a00     libucrtd:write.obj
 0004:00002a0c       $pdata$?__mbrtoc32_utf8@__crt_mbstring@@YA_KPEA_UPEBD_KPEAU_Mbstatet@@@Z 0000000180053a0c     libucrtd:mbrtoc32.obj
 0004:00002a24       $pdata$ceil                0000000180053a24     libucrtd:ceil.obj
 0004:00002a30       $pdata$fegetenv            0000000180053a30     libucrtd:fegetenv.obj
 0004:00002a3c       $pdata$fesetenv            0000000180053a3c     libucrtd:fesetenv.obj
 0004:00002a48       $pdata$feholdexcept        0000000180053a48     libucrtd:feholdexcept.obj
 0004:00002a54       $pdata$_lseeki64_nolock    0000000180053a54     libucrtd:lseek.obj
 0004:00002a60       $pdata$?common_lseek_do_seek_nolock@@YA_JQEAX_JH@Z 0000000180053a60     libucrtd:lseek.obj
 0004:00002a6c       $pdata$??$common_lseek_nolock@_J@@YA_JH_JH@Z 0000000180053a6c     libucrtd:lseek.obj
 0004:00002a78       $pdata$fclose              0000000180053a78     libucrtd:fclose.obj
 0004:00002a84       $pdata$fclose$fin$0        0000000180053a84     libucrtd:fclose.obj
 0004:00002a90       $pdata$_fclose_nolock      0000000180053a90     libucrtd:fclose.obj
 0004:00002a9c       $pdata$?__wcsrtombs_utf8@__crt_mbstring@@YA_KPEADPEAPEB_W_KPEAU_Mbstatet@@@Z 0000000180053a9c     libucrtd:wcrtomb.obj
 0004:00002aa8       $pdata$_putwch_nolock      0000000180053aa8     libucrtd:putwch.obj
 0004:00002ab4       $pdata$__acrt_initialize_fma3 0000000180053ab4     libucrtd:fma3_available.obj
 0004:00002ac0       $pdata$_log_special_common 0000000180053ac0     libucrtd:log_special.obj
 0004:00002acc       $pdata$_log10_special      0000000180053acc     libucrtd:log_special.obj
 0004:00002ad8       $pdata$??$__acrt_fenv_shift_bits@W4__acrt_fenv_abstract_control@@@@YA?AW4__acrt_fenv_abstract_control@@W40@0I@Z 0000000180053ad8     libucrtd:_fenvutils.obj
 0004:00002ad8       $pdata$??$__acrt_fenv_shift_bits@W4__acrt_fenv_abstract_status@@@@YA?AW4__acrt_fenv_abstract_status@@W40@0I@Z 0000000180053ad8     libucrtd:_fenvutils.obj
 0004:00002ae4       $pdata$??$__acrt_fenv_unshift_bits@W4__acrt_fenv_abstract_control@@@@YA?AW4__acrt_fenv_abstract_control@@W40@0I@Z 0000000180053ae4     libucrtd:_fenvutils.obj
 0004:00002ae4       $pdata$??$__acrt_fenv_unshift_bits@W4__acrt_fenv_abstract_status@@@@YA?AW4__acrt_fenv_abstract_status@@W40@0I@Z 0000000180053ae4     libucrtd:_fenvutils.obj
 0004:00002af0       $pdata$?__acrt_fenv_shift_abstract_sse_status@@YA?AW4__acrt_fenv_abstract_status@@W41@@Z 0000000180053af0     libucrtd:_fenvutils.obj
 0004:00002afc       $pdata$?__acrt_fenv_unshift_abstract_sse_status@@YA?AW4__acrt_fenv_abstract_status@@W41@@Z 0000000180053afc     libucrtd:_fenvutils.obj
 0004:00002b08       $pdata$?__acrt_fenv_shift_abstract_sse_control@@YA?AW4__acrt_fenv_abstract_control@@W41@@Z 0000000180053b08     libucrtd:_fenvutils.obj
 0004:00002b14       $pdata$?__acrt_fenv_unshift_abstract_sse_control@@YA?AW4__acrt_fenv_abstract_control@@W41@@Z 0000000180053b14     libucrtd:_fenvutils.obj
 0004:00002b20       $pdata$__acrt_fenv_get_status 0000000180053b20     libucrtd:_fenvutils.obj
 0004:00002b2c       $pdata$__acrt_fenv_set_status 0000000180053b2c     libucrtd:_fenvutils.obj
 0004:00002b38       $pdata$__acrt_fenv_get_control 0000000180053b38     libucrtd:_fenvutils.obj
 0004:00002b44       $pdata$__acrt_fenv_set_control 0000000180053b44     libucrtd:_fenvutils.obj
 0004:00002b50       $pdata$?to_machine_sse_status@@YA?AW4__acrt_fenv_machine_sse_status@@W4__acrt_fenv_abstract_status@@@Z 0000000180053b50     libucrtd:_fenvutils.obj
 0004:00002b5c       $pdata$??$translate_status@W4__acrt_fenv_machine_sse_status@@W4__acrt_fenv_abstract_status@@@@YA?AW4__acrt_fenv_machine_sse_status@@W4__acrt_fenv_abstract_status@@@Z 0000000180053b5c     libucrtd:_fenvutils.obj
 0004:00002b68       $pdata$?translate_control_denormal_control_to_sse@@YA?AW4__acrt_fenv_machine_sse_control@@W4__acrt_fenv_abstract_control@@@Z 0000000180053b68     libucrtd:_fenvutils.obj
 0004:00002b74       $pdata$?translate_control_denormal_control_from_sse@@YA?AW4__acrt_fenv_abstract_control@@W4__acrt_fenv_machine_sse_control@@@Z 0000000180053b74     libucrtd:_fenvutils.obj
 0004:00002b80       $pdata$?to_abstract_control@@YA?AW4__acrt_fenv_abstract_control@@W4__acrt_fenv_machine_sse_control@@@Z 0000000180053b80     libucrtd:_fenvutils.obj
 0004:00002b8c       $pdata$??$translate_control_exception_mask@W4__acrt_fenv_abstract_control@@W4__acrt_fenv_machine_sse_control@@@@YA?AW4__acrt_fenv_abstract_control@@W4__acrt_fenv_machine_sse_control@@@Z 0000000180053b8c     libucrtd:_fenvutils.obj
 0004:00002b98       $pdata$??$translate_control_rounding_control@W4__acrt_fenv_abstract_control@@W4__acrt_fenv_machine_sse_control@@@@YA?AW4__acrt_fenv_abstract_control@@W4__acrt_fenv_machine_sse_control@@@Z 0000000180053b98     libucrtd:_fenvutils.obj
 0004:00002ba4       $pdata$?to_machine_sse_control@@YA?AW4__acrt_fenv_machine_sse_control@@W4__acrt_fenv_abstract_control@@@Z 0000000180053ba4     libucrtd:_fenvutils.obj
 0004:00002bb0       $pdata$??$translate_control_exception_mask@W4__acrt_fenv_machine_sse_control@@W4__acrt_fenv_abstract_control@@@@YA?AW4__acrt_fenv_machine_sse_control@@W4__acrt_fenv_abstract_control@@@Z 0000000180053bb0     libucrtd:_fenvutils.obj
 0004:00002bbc       $pdata$??$translate_control_rounding_control@W4__acrt_fenv_machine_sse_control@@W4__acrt_fenv_abstract_control@@@@YA?AW4__acrt_fenv_machine_sse_control@@W4__acrt_fenv_abstract_control@@@Z 0000000180053bbc     libucrtd:_fenvutils.obj
 0004:00002bc8       $pdata$?get_machine_sse_status@@YA?AW4__acrt_fenv_machine_sse_status@@XZ 0000000180053bc8     libucrtd:_fenvutils.obj
 0004:00002bd4       $pdata$?set_machine_sse_status@@YAXW4__acrt_fenv_machine_sse_status@@@Z 0000000180053bd4     libucrtd:_fenvutils.obj
 0004:00002be0       $pdata$?get_machine_sse_control@@YA?AW4__acrt_fenv_machine_sse_control@@XZ 0000000180053be0     libucrtd:_fenvutils.obj
 0004:00002bec       $pdata$?set_machine_sse_control@@YAXW4__acrt_fenv_machine_sse_control@@@Z 0000000180053bec     libucrtd:_fenvutils.obj
 0004:00002bf8       $pdata$??$to_abstract_status@W4__acrt_fenv_machine_sse_status@@@@YA?AW4__acrt_fenv_abstract_status@@W4__acrt_fenv_machine_sse_status@@@Z 0000000180053bf8     libucrtd:_fenvutils.obj
 0004:00002c04       $pdata$??$__acrt_fenv_translate_bit@W4__acrt_fenv_abstract_status@@W4__acrt_fenv_machine_sse_status@@@@YA?AW4__acrt_fenv_abstract_status@@W4__acrt_fenv_machine_sse_status@@0W40@1@Z 0000000180053c04     libucrtd:_fenvutils.obj
 0004:00002c04       $pdata$??$__acrt_fenv_translate_bit@W4__acrt_fenv_machine_sse_status@@W4__acrt_fenv_abstract_status@@@@YA?AW4__acrt_fenv_machine_sse_status@@W4__acrt_fenv_abstract_status@@0W40@1@Z 0000000180053c04     libucrtd:_fenvutils.obj
 0004:00002c10       $pdata$??$__acrt_fenv_translate_bit@W4__acrt_fenv_abstract_control@@W4__acrt_fenv_machine_sse_control@@@@YA?AW4__acrt_fenv_abstract_control@@W4__acrt_fenv_machine_sse_control@@0W40@1@Z 0000000180053c10     libucrtd:_fenvutils.obj
 0004:00002c1c       $pdata$??$__acrt_fenv_translate_bit@W4__acrt_fenv_machine_sse_control@@W4__acrt_fenv_abstract_control@@@@YA?AW4__acrt_fenv_machine_sse_control@@W4__acrt_fenv_abstract_control@@0W40@1@Z 0000000180053c1c     libucrtd:_fenvutils.obj
 0004:00002c28       $pdata$??$translate_status@W4__acrt_fenv_abstract_status@@W4__acrt_fenv_machine_sse_status@@@@YA?AW4__acrt_fenv_abstract_status@@W4__acrt_fenv_machine_sse_status@@@Z 0000000180053c28     libucrtd:_fenvutils.obj
 0004:00002c34       $pdata$_clearfp            0000000180053c34     libucrtd:ieee.obj
 0004:00002c40       $pdata$_abstract_sw        0000000180053c40     libucrtd:ieee.obj
 0004:00002c4c       $pdata$_close              0000000180053c4c     libucrtd:close.obj
 0004:00002c58       $pdata$_close_nolock       0000000180053c58     libucrtd:close.obj
 0004:00002c64       $pdata$?close_os_handle_nolock@@YAKH@Z 0000000180053c64     libucrtd:close.obj
 0004:00002c70       $pdata$??R<lambda_4e7105787b7b0e0227fbf2b2d883fa65>@@QEBAHXZ 0000000180053c70     libucrtd:close.obj
 0004:00002c7c       $pdata$??$__acrt_lowio_lock_fh_and_call@V<lambda_4e7105787b7b0e0227fbf2b2d883fa65>@@@@YAHH$$QEAV<lambda_4e7105787b7b0e0227fbf2b2d883fa65>@@@Z 0000000180053c7c     libucrtd:close.obj
 0004:00002c88       $pdata$??$?RV<lambda_53fc7fc888e23d815d7080162c0aeeb2>@@AEAV<lambda_4e7105787b7b0e0227fbf2b2d883fa65>@@V<lambda_8ddc48ad9d26c778cb15812d1d88fc8a>@@@?$__crt_seh_guarded_call@H@@QEAAH$$QEAV<lambda_53fc7fc888e23d815d7080162c0aeeb2>@@AEAV<lambda_4e7105787b7b0e0227fbf2b2d883fa65>@@$$QEAV<lambda_8ddc48ad9d26c778cb15812d1d88fc8a>@@@Z 0000000180053c88     libucrtd:close.obj
 0004:00002c94       $pdata$?__acrt_stdio_free_stream@@YAXV__crt_stdio_stream@@@Z 0000000180053c94     libucrtd:stream.obj
 0004:00002ca0       $pdata$?__c16rtomb_utf8@__crt_mbstring@@YA_KPEAD_SPEAU_Mbstatet@@@Z 0000000180053ca0     libucrtd:c16rtomb.obj
 0004:00002cac       $pdata$?store_first_surrogate@?A0xc60ee810@@YAX_SPEAU_Mbstatet@@@Z 0000000180053cac     libucrtd:c16rtomb.obj
 0004:00002cb8       $pdata$?has_surrogate@?A0xc60ee810@@YA_NPEAU_Mbstatet@@@Z 0000000180053cb8     libucrtd:c16rtomb.obj
 0004:00002cc4       $pdata$?is_first_surrogate@?A0xc60ee810@@YA_N_S@Z 0000000180053cc4     libucrtd:c16rtomb.obj
 0004:00002cd0       $pdata$?is_second_surrogate@?A0xc60ee810@@YA_N_S@Z 0000000180053cd0     libucrtd:c16rtomb.obj
 0004:00002cdc       $pdata$__dcrt_lowio_ensure_console_output_initialized 0000000180053cdc     libucrtd:initcon.obj
 0004:00002ce8       $pdata$__dcrt_write_console 0000000180053ce8     libucrtd:initcon.obj
 0004:00002cf4       $pdata$__dcrt_terminate_console_output 0000000180053cf4     libucrtd:initcon.obj
 0004:00002d00       $pdata$_ValidateImageBase  0000000180053d00     LIBCMTD:pesect.obj
 0004:00002d0c       $pdata$_FindPESection      0000000180053d0c     LIBCMTD:pesect.obj
 0004:00002d18       $pdata$_IsNonwritableInCurrentImage 0000000180053d18     LIBCMTD:pesect.obj
 0004:00002d24       $pdata$_IsNonwritableInCurrentImage$filt$0 0000000180053d24     LIBCMTD:pesect.obj
 0004:00002d30       $pdata$??_Gtype_info@@UEAAPEAXI@Z 0000000180053d30     LIBCMTD:std_type_info_static.obj
 0004:00002d3c       $pdata$??3@YAXPEAX_K@Z     0000000180053d3c     LIBCMTD:delete_scalar_size.obj
 0004:00002d48       $pdata$__GSHandlerCheck_SEH 0000000180053d48     LIBCMTD:gshandlerseh.obj
 0004:00002d60       $pdata$__GSHandlerCheck_EH 0000000180053d60     LIBCMTD:gshandlereh.obj
 0004:00002d6c       $pdata$??3@YAXPEAX@Z       0000000180053d6c     LIBCMTD:delete_scalar.obj
 0004:00002d84       $pdata$strrchr             0000000180053d84     libvcruntimed:strrchr.obj
 0005:00000000       MoveSmall                  0000000180054000     libvcruntimed:memcpy.obj
 0005:00000050       MsetTab                    0000000180054050     libvcruntimed:memset.obj
