 win32_handmade

 Timestamp is 5e98092f (Thu Apr 16 01:28:47 2020)

 Preferred load address is 0000000140000000

 Start         Length     Name                   Class
 0001:00000000 00039d60H .text$mn                CODE
 0001:00039d60 00000020H .text$mn$00             CODE
 0001:00039d80 0000061dH .text$x                 CODE
 0002:00000000 00000328H .idata$5                DATA
 0002:00000328 00000010H .00cfg                  DATA
 0002:00000338 00000008H .CRT$XCA                DATA
 0002:00000340 00000008H .CRT$XCAA               DATA
 0002:00000348 00000008H .CRT$XCZ                DATA
 0002:00000350 00000008H .CRT$XIA                DATA
 0002:00000358 00000008H .CRT$XIAA               DATA
 0002:00000360 00000008H .CRT$XIAC               DATA
 0002:00000368 00000018H .CRT$XIC                DATA
 0002:00000380 00000008H .CRT$XIZ                DATA
 0002:00000388 00000008H .CRT$XPA                DATA
 0002:00000390 00000010H .CRT$XPX                DATA
 0002:000003a0 00000008H .CRT$XPXA               DATA
 0002:000003a8 00000008H .CRT$XPZ                DATA
 0002:000003b0 00000008H .CRT$XTA                DATA
 0002:000003b8 00000008H .CRT$XTZ                DATA
 0002:000003c0 00000000H .gfids$y                DATA
 0002:000003c0 00010728H .rdata                  DATA
 0002:00010ae8 0000016cH .rdata$r                DATA
 0002:00010c54 00000324H .rdata$zzzdbg           DATA
 0002:00010f78 00000008H .rtc$IAA                DATA
 0002:00010f80 00000008H .rtc$IZZ                DATA
 0002:00010f88 00000008H .rtc$TAA                DATA
 0002:00010f90 00000010H .rtc$TZZ                DATA
 0002:00010fa0 00001180H .xdata                  DATA
 0002:00012120 00000084H .xdata$x                DATA
 0002:000121a4 00000000H .edata                  DATA
 0002:000121a4 00000050H .idata$2                DATA
 0002:000121f4 00000014H .idata$3                DATA
 0002:00012208 00000328H .idata$4                DATA
 0002:00012530 00000708H .idata$6                DATA
 0003:00000000 00000a70H .data                   DATA
 0003:00000a70 00000070H .data$r                 DATA
 0003:00000ae0 000018e0H .bss                    DATA
 0004:00000000 00002ee0H .pdata                  DATA
 0005:00000000 00000094H _RDATA                  DATA

  Address         Publics by Value              Rva+Base               Lib:Object

 0000:00000000       __guard_longjmp_count      0000000000000000     <absolute>
 0000:00000000       ___safe_se_handler_count   0000000000000000     <absolute>
 0000:00000000       __guard_iat_table          0000000000000000     <absolute>
 0000:00000000       __guard_fids_count         0000000000000000     <absolute>
 0000:00000000       __hybrid_code_map_count    0000000000000000     <absolute>
 0000:00000000       __guard_longjmp_table      0000000000000000     <absolute>
 0000:00000000       __hybrid_code_map          0000000000000000     <absolute>
 0000:00000000       __guard_iat_count          0000000000000000     <absolute>
 0000:00000000       __enclave_config           0000000000000000     <absolute>
 0000:00000000       __AbsoluteZero             0000000000000000     <absolute>
 0000:00000000       __volatile_metadata        0000000000000000     <absolute>
 0000:00000000       ___safe_se_handler_table   0000000000000000     <absolute>
 0000:00000000       __guard_fids_table         0000000000000000     <absolute>
 0000:00000000       __hybrid_auxiliary_iat     0000000000000000     <absolute>
 0000:00000000       __dynamic_value_reloc_table 0000000000000000     <absolute>
 0000:00000100       __guard_flags              0000000000000100     <absolute>
 0000:00000000       __ImageBase                0000000140000000     <linker-defined>
 0001:00000000       WinMain                    0000000140001000 f   win32_handmade.obj
 0001:000015d0       ?XInputGetStateStub@@YAKKPEAU_XINPUT_STATE@@@Z 00000001400025d0 f   win32_handmade.obj
 0001:000015f0       ?XInputSetStateStub@@YAKKPEAU_XINPUT_VIBRATION@@@Z 00000001400025f0 f   win32_handmade.obj
 0001:00001860       ?DEBUGPlatformFreeFileMemory@@YAXPEAX@Z 0000000140002860 f   win32_handmade.obj
 0001:00001890       ?DEBUGPlatformReadEntireFile@@YA?AUdebug_read_file_result@@PEAD@Z 0000000140002890 f   win32_handmade.obj
 0001:000019d0       ?DEBUGPlatformWriteEntireFile@@YAHPEADIPEAX@Z 00000001400029d0 f   win32_handmade.obj
 0001:00002110       ?MainWindowCallback@@YA_JPEAUHWND__@@I_K_J@Z 0000000140003110 f   win32_handmade.obj
 0001:000033c0       ??$_snprintf_s@$0BAA@@@YAHAEAY0BAA@D_KPEBDZZ 00000001400043c0 f i win32_handmade.obj
 0001:00003410       ?GetController@@YAPEAUgame_controller_input@@PEAUgame_input@@H@Z 0000000140004410 f i win32_handmade.obj
 0001:00003460       ?SafeTruncateUInt64@@YAI_K@Z 0000000140004460 f i win32_handmade.obj
 0001:00003490       ?Win32DrawSoundBufferMarker@@YAXPEAUwin32_offscreen_buffer@@PEAUwin32_sound_output@@MHHHKI@Z 0000000140004490 f i win32_handmade.obj
 0001:00003510       ?Win32GetLastWriteTime@@YA?AU_FILETIME@@PEAD@Z 0000000140004510 f i win32_handmade.obj
 0001:00003580       ?Win32GetSecondsElapsed@@YAMT_LARGE_INTEGER@@0@Z 0000000140004580 f i win32_handmade.obj
 0001:000035f0       ?Win32GetWallClock@@YA?AT_LARGE_INTEGER@@XZ 00000001400045f0 f i win32_handmade.obj
 0001:00003610       __local_stdio_printf_options 0000000140004610 f i win32_handmade.obj
 0001:00003620       _vsnprintf_s               0000000140004620 f i win32_handmade.obj
 0001:00003670       _vsnprintf_s_l             0000000140004670 f i win32_handmade.obj
 0001:000036f0       __GSHandlerCheck           00000001400046f0 f   LIBCMTD:gshandler.obj
 0001:00003730       __GSHandlerCheckCommon     0000000140004730 f   LIBCMTD:gshandler.obj
 0001:00003840       __chkstk                   0000000140004840 f   LIBCMTD:chkstk.obj
 0001:00003840       _alloca_probe              0000000140004840 f   LIBCMTD:chkstk.obj
 0001:000038b0       __security_check_cookie    00000001400048b0 f   LIBCMTD:amdsecgs.obj
 0001:00003b90       ?configure_argv@__scrt_narrow_argv_policy@@SAHXZ 0000000140004b90 f i LIBCMTD:exe_winmain.obj
 0001:00003bb0       ?initialize_environment@__scrt_narrow_environment_policy@@SAHXZ 0000000140004bb0 f i LIBCMTD:exe_winmain.obj
 0001:00003c00       ?set_app_type@__scrt_winmain_policy@@SAXXZ 0000000140004c00 f i LIBCMTD:exe_winmain.obj
 0001:00003c20       ?set_commode@__scrt_file_policy@@SAXXZ 0000000140004c20 f i LIBCMTD:exe_winmain.obj
 0001:00003c40       ?set_fmode@__scrt_file_policy@@SAXXZ 0000000140004c40 f i LIBCMTD:exe_winmain.obj
 0001:00003c60       WinMainCRTStartup          0000000140004c60 f   LIBCMTD:exe_winmain.obj
 0001:00003c70       __raise_securityfailure    0000000140004c70 f   LIBCMTD:gs_report.obj
 0001:00003cb0       __report_gsfailure         0000000140004cb0 f   LIBCMTD:gs_report.obj
 0001:00003d90       __report_rangecheckfailure 0000000140004d90 f   LIBCMTD:gs_report.obj
 0001:00003db0       __report_securityfailure   0000000140004db0 f   LIBCMTD:gs_report.obj
 0001:00004110       NtCurrentTeb               0000000140005110 f i LIBCMTD:utility.obj
 0001:00004120       __scrt_acquire_startup_lock 0000000140005120 f   LIBCMTD:utility.obj
 0001:00004190       __scrt_initialize_crt      0000000140005190 f   LIBCMTD:utility.obj
 0001:000041e0       __scrt_initialize_onexit_tables 00000001400051e0 f   LIBCMTD:utility.obj
 0001:000042f0       __scrt_is_nonwritable_in_current_image 00000001400052f0 f   LIBCMTD:utility.obj
 0001:00004380       __scrt_release_startup_lock 0000000140005380 f   LIBCMTD:utility.obj
 0001:000043b0       __scrt_uninitialize_crt    00000001400053b0 f   LIBCMTD:utility.obj
 0001:000043f0       _onexit                    00000001400053f0 f   LIBCMTD:utility.obj
 0001:00004470       atexit                     0000000140005470 f   LIBCMTD:utility.obj
 0001:00004570       __security_init_cookie     0000000140005570 f   LIBCMTD:gs_support.obj
 0001:000045f0       _matherr                   00000001400055f0 f   LIBCMTD:matherr.obj
 0001:000045f0       ?get_current_state_index@__crt_state_management@@YA_KAEBV__crt_scoped_get_last_error_reset@@@Z 00000001400055f0 f   libucrtd:per_thread_data.obj
 0001:00004600       _get_startup_argv_mode     0000000140005600 f   LIBCMTD:argv_mode.obj
 0001:00004610       ?get_current_state_index@__crt_state_management@@YA_KXZ 0000000140005610 f   libucrtd:matherr.obj
 0001:00004610       __scrt_exe_initialize_mta  0000000140005610 f   LIBCMTD:utility_desktop.obj
 0001:00004610       __scrt_initialize_winrt    0000000140005610 f   LIBCMTD:utility_desktop.obj
 0001:00004610       ?get_invalid_value@__crt_hmodule_traits@@SAPEAUHINSTANCE__@@XZ 0000000140005610 f   libucrtd:exit.obj
 0001:00004610       _get_startup_commit_mode   0000000140005610 f   LIBCMTD:commit_mode.obj
 0001:00004610       _get_startup_thread_locale_mode 0000000140005610 f   LIBCMTD:thread_locale.obj
 0001:00004610       _get_startup_new_mode      0000000140005610 f   LIBCMTD:new_mode.obj
 0001:00004610       __scrt_stub_for_initialize_mta 0000000140005610 f   LIBCMTD:utility_desktop.obj
 0001:00004620       _get_startup_file_mode     0000000140005620 f   LIBCMTD:file_mode.obj
 0001:00004630       ?__scrt_initialize_type_info@@YAXXZ 0000000140005630 f   LIBCMTD:tncleanup.obj
 0001:00004650       _should_initialize_environment 0000000140005650 f   LIBCMTD:env_mode.obj
 0001:00004660       _initialize_denormal_control 0000000140005660 f   LIBCMTD:denormal_control.obj
 0001:00004660       _initialize_invalid_parameter_handler 0000000140005660 f   LIBCMTD:invalid_parameter_handler.obj
 0001:00004670       __local_stdio_scanf_options 0000000140005670 f i LIBCMTD:default_local_stdio_options.obj
 0001:00004680       __scrt_initialize_default_local_stdio_options 0000000140005680 f   LIBCMTD:default_local_stdio_options.obj
 0001:000046d0       __scrt_is_user_matherr_present 00000001400056d0 f   LIBCMTD:matherr_detection.obj
 0001:00004700       __scrt_get_dyn_tls_init_callback 0000000140005700 f   LIBCMTD:dyn_tls_init.obj
 0001:00004710       __scrt_get_dyn_tls_dtor_callback 0000000140005710 f   LIBCMTD:dyn_tls_dtor.obj
 0001:00004720       __crt_debugger_hook        0000000140005720 f   LIBCMTD:utility_desktop.obj
 0001:00004730       __scrt_fastfail            0000000140005730 f   LIBCMTD:utility_desktop.obj
 0001:000048d0       __scrt_get_show_window_mode 00000001400058d0 f   LIBCMTD:utility_desktop.obj
 0001:00004930       __scrt_initialize_mta      0000000140005930 f   LIBCMTD:utility_desktop.obj
 0001:00004940       __scrt_is_managed_app      0000000140005940 f   LIBCMTD:utility_desktop.obj
 0001:000049f0       __scrt_set_unhandled_exception_filter 00000001400059f0 f   LIBCMTD:utility_desktop.obj
 0001:00004a10       __scrt_unhandled_exception_filter 0000000140005a10 f   LIBCMTD:utility_desktop.obj
 0001:00004ab0       _RTC_Initialize            0000000140005ab0 f   LIBCMTD:initsect.obj
 0001:00004b00       _RTC_Terminate             0000000140005b00 f   LIBCMTD:initsect.obj
 0001:00004b50       ??1scoped_global_state_reset@__crt_state_management@@QEAA@XZ 0000000140005b50 f i libucrtd:onexit.obj
 0001:00004b50       ??1?$__crt_simd_cleanup_guard@$0A@@@QEAA@XZ 0000000140005b50 f i libucrtd:strnlen.obj
 0001:00004b50       _guard_check_icall_nop     0000000140005b50 f i LIBCMTD:guard_support.obj
 0001:00004b60       ReadNoFence64              0000000140005b60 f i LIBCMTD:guard_support.obj
 0001:00004b60       ?__crt_interlocked_read_64@@YA_JPED_J@Z 0000000140005b60 f i libvcruntimed:std_type_info.obj
 0001:00004b80       ??$__crt_interlocked_read_pointer@UHINSTANCE__@@@@YAPEAUHINSTANCE__@@PEDSEAU0@@Z 0000000140005b80 f i libvcruntimed:winapi_downlevel.obj
 0001:00004b80       ReadPointerNoFence         0000000140005b80 f i LIBCMTD:guard_support.obj
 0001:00004b80       ??$__crt_interlocked_read_pointer@X@@YAPEAXPEDSEAX@Z 0000000140005b80 f i libvcruntimed:winapi_downlevel.obj
 0001:00004ba0       _guard_icall_checks_enforced 0000000140005ba0 f i LIBCMTD:guard_support.obj
 0001:00004be0       __isa_available_init       0000000140005be0 f   LIBCMTD:cpu_disp.obj
 0001:00004f60       __scrt_is_ucrt_dll_in_use  0000000140005f60 f   LIBCMTD:ucrt_detection.obj
 0001:00004f90       IsProcessorFeaturePresent  0000000140005f90 f   kernel32:KERNEL32.dll
 0001:00004fa0       __C_specific_handler       0000000140005fa0 f   libvcruntimed:riscchandler.obj
 0001:00005410       __vcrt_initialize          0000000140006410 f   libvcruntimed:initialization.obj
 0001:00005450       __vcrt_uninitialize        0000000140006450 f   libvcruntimed:initialization.obj
 0001:00005470       ??$?RD@__crt_internal_free_policy@@QEBAXQEBD@Z 0000000140006470 f i libvcruntimed:std_type_info.obj
 0001:00005470       ??$?RPEAD@__crt_internal_free_policy@@QEBAXQEBQEAD@Z 0000000140006470 f i libucrtd:argv_parsing.obj
 0001:00005470       ??$?RU__crt_lowio_handle_data@@@__crt_internal_free_policy@@QEBAXQEBU__crt_lowio_handle_data@@@Z 0000000140006470 f i libucrtd:osfinfo.obj
 0001:00005470       ??$?RP6AXXZ@__crt_internal_free_policy@@QEBAXQEBQ6AXXZ@Z 0000000140006470 f i libucrtd:onexit.obj
 0001:00005470       ??$?RPEAU__crt_stdio_stream_data@@@__crt_internal_free_policy@@QEBAXQEBQEAU__crt_stdio_stream_data@@@Z 0000000140006470 f i libucrtd:_file.obj
 0001:00005470       ??$?RU__crt_multibyte_data@@@__crt_internal_free_policy@@QEBAXQEBU__crt_multibyte_data@@@Z 0000000140006470 f i libucrtd:wsetlocale.obj
 0001:00005470       ??$?RE@__crt_internal_free_policy@@QEBAXQEBE@Z 0000000140006470 f i libucrtd:argv_parsing.obj
 0001:00005470       ??$?RU__acrt_ptd@@@__crt_internal_free_policy@@QEBAXQEBU__acrt_ptd@@@Z 0000000140006470 f i libucrtd:per_thread_data.obj
 0001:00005470       ??$?RU__vcrt_ptd@@@__crt_internal_free_policy@@QEBAXQEBU__vcrt_ptd@@@Z 0000000140006470 f i libvcruntimed:per_thread_data.obj
 0001:000054a0       ??0?$__crt_unique_heap_ptr@P6AXXZU__crt_internal_free_policy@@@@QEAA@QEAP6AXXZ@Z 00000001400064a0 f i libucrtd:onexit.obj
 0001:000054a0       ??0?$__crt_unique_heap_ptr@DU__crt_public_free_policy@@@@QEAA@QEAD@Z 00000001400064a0 f i libvcruntimed:std_exception.obj
 0001:000054a0       ??0?$string_output_adapter@D@__crt_stdio_output@@QEAA@QEAU?$string_output_adapter_context@D@1@@Z 00000001400064a0 f i libucrtd:output.obj
 0001:000054a0       ??0__crt_stdio_stream@@QEAA@QEAU_iobuf@@@Z 00000001400064a0 f i libucrtd:output.obj
 0001:000054a0       ??0__crt_stdio_stream@@QEAA@QEAU__crt_stdio_stream_data@@@Z 00000001400064a0 f i libucrtd:closeall.obj
 0001:000054a0       ??0?$__crt_unique_heap_ptr@PEAU__crt_stdio_stream_data@@U__crt_internal_free_policy@@@@QEAA@QEAPEAU__crt_stdio_stream_data@@@Z 00000001400064a0 f i libucrtd:_file.obj
 0001:000054a0       ??0?$__crt_unique_heap_ptr@U__acrt_ptd@@U__crt_internal_free_policy@@@@QEAA@QEAU__acrt_ptd@@@Z 00000001400064a0 f i libucrtd:per_thread_data.obj
 0001:000054a0       ??0?$__crt_unique_heap_ptr@EU__crt_internal_free_policy@@@@QEAA@QEAE@Z 00000001400064a0 f i libucrtd:argv_parsing.obj
 0001:000054a0       ??0?$__crt_unique_heap_ptr@U__vcrt_ptd@@U__crt_internal_free_policy@@@@QEAA@QEAU__vcrt_ptd@@@Z 00000001400064a0 f i libvcruntimed:per_thread_data.obj
 0001:000054a0       ??0?$__crt_unique_heap_ptr@U__crt_lowio_handle_data@@U__crt_internal_free_policy@@@@QEAA@QEAU__crt_lowio_handle_data@@@Z 00000001400064a0 f i libucrtd:osfinfo.obj
 0001:000054a0       ??0?$__crt_unique_heap_ptr@PEADU__crt_internal_free_policy@@@@QEAA@QEAPEAD@Z 00000001400064a0 f i libucrtd:argv_parsing.obj
 0001:000054a0       ??0?$__crt_unique_handle_t@U__crt_findfile_traits@@@@QEAA@QEAX@Z 00000001400064a0 f i libucrtd:argv_wildcards.obj
 0001:000054a0       ??0?$__crt_unique_handle_t@U__crt_hmodule_traits@@@@QEAA@QEAUHINSTANCE__@@@Z 00000001400064a0 f i libucrtd:exit.obj
 0001:000054a0       ??0?$__crt_scoped_stack_ptr_tag@_W@@QEAA@QEA_W@Z 00000001400064a0 f i libucrtd:getstringtypea.obj
 0001:000054a0       ??0?$__crt_unique_heap_ptr@DU__crt_internal_free_policy@@@@QEAA@QEAD@Z 00000001400064a0 f i libvcruntimed:std_type_info.obj
 0001:000054a0       ??0?$string_output_adapter@_W@__crt_stdio_output@@QEAA@QEAU?$string_output_adapter_context@_W@1@@Z 00000001400064a0 f i libucrtd:output.obj
 0001:000054a0       ??0?$__crt_scoped_stack_ptr@_W@@QEAA@U?$__crt_scoped_stack_ptr_tag@_W@@@Z 00000001400064a0 f i libucrtd:getstringtypea.obj
 0001:000054a0       ??0?$__crt_unique_heap_ptr@U__crt_multibyte_data@@U__crt_internal_free_policy@@@@QEAA@QEAU__crt_multibyte_data@@@Z 00000001400064a0 f i libucrtd:wsetlocale.obj
 0001:000054c0       ??1?$__crt_unique_heap_ptr@DU__crt_internal_free_policy@@@@QEAA@XZ 00000001400064c0 f i libvcruntimed:std_type_info.obj
 0001:000054c0       ??1?$__crt_unique_heap_ptr@PEAU__crt_stdio_stream_data@@U__crt_internal_free_policy@@@@QEAA@XZ 00000001400064c0 f i libucrtd:_file.obj
 0001:000054c0       ??1?$__crt_unique_heap_ptr@U__vcrt_ptd@@U__crt_internal_free_policy@@@@QEAA@XZ 00000001400064c0 f i libvcruntimed:per_thread_data.obj
 0001:000054c0       ??1?$__crt_unique_heap_ptr@P6AXXZU__crt_internal_free_policy@@@@QEAA@XZ 00000001400064c0 f i libucrtd:onexit.obj
 0001:000054c0       ??1?$__crt_unique_heap_ptr@U__crt_lowio_handle_data@@U__crt_internal_free_policy@@@@QEAA@XZ 00000001400064c0 f i libucrtd:osfinfo.obj
 0001:000054c0       ??1?$__crt_unique_heap_ptr@U__crt_multibyte_data@@U__crt_internal_free_policy@@@@QEAA@XZ 00000001400064c0 f i libucrtd:wsetlocale.obj
 0001:000054c0       ??1?$__crt_unique_heap_ptr@EU__crt_internal_free_policy@@@@QEAA@XZ 00000001400064c0 f i libucrtd:argv_parsing.obj
 0001:000054c0       ??1?$__crt_unique_heap_ptr@U__acrt_ptd@@U__crt_internal_free_policy@@@@QEAA@XZ 00000001400064c0 f i libucrtd:per_thread_data.obj
 0001:000054c0       ??1?$__crt_unique_heap_ptr@PEADU__crt_internal_free_policy@@@@QEAA@XZ 00000001400064c0 f i libucrtd:argv_parsing.obj
 0001:000054e0       ??B?$__crt_unique_heap_ptr@U__crt_lowio_handle_data@@U__crt_internal_free_policy@@@@QEBA_NXZ 00000001400064e0 f i libucrtd:osfinfo.obj
 0001:000054e0       ??B?$__crt_unique_heap_ptr@U__vcrt_ptd@@U__crt_internal_free_policy@@@@QEBA_NXZ 00000001400064e0 f i libvcruntimed:per_thread_data.obj
 0001:000054e0       ??B?$__crt_unique_heap_ptr@U__crt_multibyte_data@@U__crt_internal_free_policy@@@@QEBA_NXZ 00000001400064e0 f i libucrtd:wsetlocale.obj
 0001:000054e0       ??B?$__crt_unique_heap_ptr@EU__crt_internal_free_policy@@@@QEBA_NXZ 00000001400064e0 f i libucrtd:argv_parsing.obj
 0001:000054e0       ??B?$__crt_unique_heap_ptr@DU__crt_internal_free_policy@@@@QEBA_NXZ 00000001400064e0 f i libvcruntimed:std_type_info.obj
 0001:000054e0       ??B?$__crt_unique_heap_ptr@DU__crt_public_free_policy@@@@QEBA_NXZ 00000001400064e0 f i libvcruntimed:std_exception.obj
 0001:000054e0       ??B?$__crt_unique_heap_ptr@U__acrt_ptd@@U__crt_internal_free_policy@@@@QEBA_NXZ 00000001400064e0 f i libucrtd:per_thread_data.obj
 0001:00005500       ?get@?$__crt_unique_heap_ptr@U__crt_lowio_handle_data@@U__crt_internal_free_policy@@@@QEBAPEAU__crt_lowio_handle_data@@XZ 0000000140006500 f i libucrtd:osfinfo.obj
 0001:00005500       ?get@?$__crt_unique_handle_t@U__crt_findfile_traits@@@@QEBAPEAXXZ 0000000140006500 f i libucrtd:argv_wildcards.obj
 0001:00005500       ?get@?$__crt_unique_heap_ptr@EU__crt_internal_free_policy@@@@QEBAPEAEXZ 0000000140006500 f i libucrtd:argv_parsing.obj
 0001:00005500       ?public_stream@__crt_stdio_stream@@QEBAPEAU_iobuf@@XZ 0000000140006500 f i libucrtd:output.obj
 0001:00005500       ?get@?$__crt_unique_handle_t@U__crt_hmodule_traits@@@@QEBAPEAUHINSTANCE__@@XZ 0000000140006500 f i libucrtd:exit.obj
 0001:00005500       ?get@?$__crt_unique_heap_ptr@U__crt_multibyte_data@@U__crt_internal_free_policy@@@@QEBAPEAU__crt_multibyte_data@@XZ 0000000140006500 f i libucrtd:wsetlocale.obj
 0001:00005500       ??C__crt_stdio_stream@@QEBAPEAU__crt_stdio_stream_data@@XZ 0000000140006500 f i libucrtd:output.obj
 0001:00005500       ?get@?$__crt_unique_heap_ptr@DU__crt_public_free_policy@@@@QEBAPEADXZ 0000000140006500 f i libvcruntimed:std_exception.obj
 0001:00005500       ?save_state@?$c_string_character_source@_W@__crt_strtox@@QEBAPEB_WXZ 0000000140006500 f i libucrtd:atox.obj
 0001:00005500       ?save_state@?$c_string_character_source@D@__crt_strtox@@QEBAPEBDXZ 0000000140006500 f i libucrtd:atox.obj
 0001:00005500       ?get@?$__crt_unique_heap_ptr@U__acrt_ptd@@U__crt_internal_free_policy@@@@QEBAPEAU__acrt_ptd@@XZ 0000000140006500 f i libucrtd:per_thread_data.obj
 0001:00005500       ?get@?$__crt_unique_heap_ptr@U__vcrt_ptd@@U__crt_internal_free_policy@@@@QEBAPEAU__vcrt_ptd@@XZ 0000000140006500 f i libvcruntimed:per_thread_data.obj
 0001:00005500       ?get@?$__crt_scoped_stack_ptr@_W@@QEBAPEA_WXZ 0000000140006500 f i libucrtd:getstringtypea.obj
 0001:00005500       ?get@?$__crt_unique_heap_ptr@PEADU__crt_internal_free_policy@@@@QEBAPEAPEADXZ 0000000140006500 f i libucrtd:argv_parsing.obj
 0001:00005500       ?get@?$__crt_unique_heap_ptr@DU__crt_internal_free_policy@@@@QEBAPEADXZ 0000000140006500 f i libvcruntimed:std_type_info.obj
 0001:00005510       ?valid@__crt_stdio_stream@@QEBA_NXZ 0000000140006510 f i libucrtd:output.obj
 0001:00005510       ?is_valid@?$__crt_unique_heap_ptr@U__acrt_ptd@@U__crt_internal_free_policy@@@@QEBA_NXZ 0000000140006510 f i libucrtd:per_thread_data.obj
 0001:00005510       ?is_valid@?$__crt_unique_heap_ptr@U__vcrt_ptd@@U__crt_internal_free_policy@@@@QEBA_NXZ 0000000140006510 f i libvcruntimed:per_thread_data.obj
 0001:00005510       ?is_valid@?$__crt_unique_heap_ptr@U__crt_lowio_handle_data@@U__crt_internal_free_policy@@@@QEBA_NXZ 0000000140006510 f i libucrtd:osfinfo.obj
 0001:00005510       ?is_valid@?$__crt_unique_heap_ptr@U__crt_multibyte_data@@U__crt_internal_free_policy@@@@QEBA_NXZ 0000000140006510 f i libucrtd:wsetlocale.obj
 0001:00005510       ?is_valid@?$__crt_unique_heap_ptr@DU__crt_internal_free_policy@@@@QEBA_NXZ 0000000140006510 f i libvcruntimed:std_type_info.obj
 0001:00005510       ??B?$__crt_scoped_stack_ptr@_W@@QEBA_NXZ 0000000140006510 f i libucrtd:lcmapstringa.obj
 0001:00005510       ?is_valid@?$__crt_unique_heap_ptr@EU__crt_internal_free_policy@@@@QEBA_NXZ 0000000140006510 f i libucrtd:argv_parsing.obj
 0001:00005510       ?is_valid@?$__crt_unique_heap_ptr@DU__crt_public_free_policy@@@@QEBA_NXZ 0000000140006510 f i libvcruntimed:std_exception.obj
 0001:00005540       ?release@?$__crt_unique_heap_ptr@U__crt_multibyte_data@@U__crt_internal_free_policy@@@@QEAAXXZ 0000000140006540 f i libucrtd:wsetlocale.obj
 0001:00005540       ?release@?$__crt_unique_heap_ptr@U__acrt_ptd@@U__crt_internal_free_policy@@@@QEAAXXZ 0000000140006540 f i libucrtd:per_thread_data.obj
 0001:00005540       ?release@?$__crt_unique_heap_ptr@PEADU__crt_internal_free_policy@@@@QEAAXXZ 0000000140006540 f i libucrtd:argv_parsing.obj
 0001:00005540       ?release@?$__crt_unique_heap_ptr@PEAU__crt_stdio_stream_data@@U__crt_internal_free_policy@@@@QEAAXXZ 0000000140006540 f i libucrtd:_file.obj
 0001:00005540       ?release@?$__crt_unique_heap_ptr@U__vcrt_ptd@@U__crt_internal_free_policy@@@@QEAAXXZ 0000000140006540 f i libvcruntimed:per_thread_data.obj
 0001:00005540       ?release@?$__crt_unique_heap_ptr@P6AXXZU__crt_internal_free_policy@@@@QEAAXXZ 0000000140006540 f i libucrtd:onexit.obj
 0001:00005540       ?release@?$__crt_unique_heap_ptr@DU__crt_internal_free_policy@@@@QEAAXXZ 0000000140006540 f i libvcruntimed:std_type_info.obj
 0001:00005540       ?release@?$__crt_unique_heap_ptr@U__crt_lowio_handle_data@@U__crt_internal_free_policy@@@@QEAAXXZ 0000000140006540 f i libucrtd:osfinfo.obj
 0001:00005540       ?release@?$__crt_unique_heap_ptr@EU__crt_internal_free_policy@@@@QEAAXXZ 0000000140006540 f i libucrtd:argv_parsing.obj
 0001:00005570       __std_type_info_compare    0000000140006570 f   libvcruntimed:std_type_info.obj
 0001:000055b0       __DestructExceptionObject  00000001400065b0 f   libvcruntimed:ehhelpers.obj
 0001:000056b0       ?_CallMemberFunction0@@YAXQEAX0@Z 00000001400066b0 f i libvcruntimed:ehhelpers.obj
 0001:00005780       _IsExceptionObjectToBeDestroyed 0000000140006780 f   libvcruntimed:ehhelpers.obj
 0001:000057d0       __AdjustPointer            00000001400067d0 f   libvcruntimed:ehhelpers.obj
 0001:00005850       __FrameUnwindFilter        0000000140006850 f   libvcruntimed:ehhelpers.obj
 0001:00005900       __current_exception        0000000140006900 f   libvcruntimed:ehhelpers.obj
 0001:00005920       __current_exception_context 0000000140006920 f   libvcruntimed:ehhelpers.obj
 0001:00005950       _NLG_Notify                0000000140006950 f   libvcruntimed:notify.obj
 0001:00005970       __NLG_Dispatch2            0000000140006970 f   libvcruntimed:notify.obj
 0001:00005980       __NLG_Return2              0000000140006980 f   libvcruntimed:notify.obj
 0001:00005990       __except_validate_context_record 0000000140006990 f   libvcruntimed:jbcxrval.obj
 0001:00005a30       ?detach@?$__crt_unique_heap_ptr@EU__crt_internal_free_policy@@@@QEAAPEAEXZ 0000000140006a30 f i libucrtd:argv_parsing.obj
 0001:00005a30       ?detach@?$__crt_unique_heap_ptr@P6AXXZU__crt_internal_free_policy@@@@QEAAPEAP6AXXZXZ 0000000140006a30 f i libucrtd:onexit.obj
 0001:00005a30       ?detach@?$__crt_unique_heap_ptr@PEADU__crt_internal_free_policy@@@@QEAAPEAPEADXZ 0000000140006a30 f i libucrtd:argv_parsing.obj
 0001:00005a30       ?detach@?$__crt_unique_heap_ptr@PEAU__crt_stdio_stream_data@@U__crt_internal_free_policy@@@@QEAAPEAPEAU__crt_stdio_stream_data@@XZ 0000000140006a30 f i libucrtd:_file.obj
 0001:00005a30       ?detach@?$__crt_unique_heap_ptr@U__crt_multibyte_data@@U__crt_internal_free_policy@@@@QEAAPEAU__crt_multibyte_data@@XZ 0000000140006a30 f i libucrtd:wsetlocale.obj
 0001:00005a30       ?detach@?$__crt_unique_heap_ptr@U__vcrt_ptd@@U__crt_internal_free_policy@@@@QEAAPEAU__vcrt_ptd@@XZ 0000000140006a30 f i libvcruntimed:per_thread_data.obj
 0001:00005a30       ?detach@?$__crt_unique_heap_ptr@DU__crt_public_free_policy@@@@QEAAPEADXZ 0000000140006a30 f i libvcruntimed:std_exception.obj
 0001:00005a30       ?detach@?$__crt_unique_heap_ptr@U__acrt_ptd@@U__crt_internal_free_policy@@@@QEAAPEAU__acrt_ptd@@XZ 0000000140006a30 f i libucrtd:per_thread_data.obj
 0001:00005a30       ?detach@?$__crt_unique_heap_ptr@U__crt_lowio_handle_data@@U__crt_internal_free_policy@@@@QEAAPEAU__crt_lowio_handle_data@@XZ 0000000140006a30 f i libucrtd:osfinfo.obj
 0001:00005aa0       __vcrt_freefls             0000000140006aa0 f   libvcruntimed:per_thread_data.obj
 0001:00005ae0       __vcrt_getptd              0000000140006ae0 f   libvcruntimed:per_thread_data.obj
 0001:00005b10       __vcrt_getptd_noexit       0000000140006b10 f   libvcruntimed:per_thread_data.obj
 0001:00005cb0       __vcrt_initialize_ptd      0000000140006cb0 f   libvcruntimed:per_thread_data.obj
 0001:00005d00       __vcrt_uninitialize_ptd    0000000140006d00 f   libvcruntimed:per_thread_data.obj
 0001:00005d30       __vcrt_initialize_locks    0000000140006d30 f   libvcruntimed:locks.obj
 0001:00005da0       __vcrt_uninitialize_locks  0000000140006da0 f   libvcruntimed:locks.obj
 0001:00005e00       _vsprintf_s_l              0000000140006e00 f i libvcruntimed:undname.obj
 0001:00005e70       sprintf_s                  0000000140006e70 f i libvcruntimed:undname.obj
 0001:00005ed0       ??$__crt_interlocked_exchange_pointer@UHINSTANCE__@@PEAX@@YAPEAUHINSTANCE__@@PEDSEAU0@QEAX@Z 0000000140006ed0 f i libvcruntimed:winapi_downlevel.obj
 0001:00005ed0       ??$__crt_interlocked_exchange_pointer@XPEAX@@YAPEAXPEDSEAXQEAX@Z 0000000140006ed0 f i libvcruntimed:winapi_downlevel.obj
 0001:00005ed0       ??$__crt_interlocked_exchange_pointer@UHINSTANCE__@@PEAU1@@@YAPEAUHINSTANCE__@@PEDSEAU0@QEAU0@@Z 0000000140006ed0 f i libvcruntimed:winapi_downlevel.obj
 0001:00005ef0       ?get_invalid_value@__crt_findfile_traits@@SAPEAXXZ 0000000140006ef0 f   libucrtd:argv_wildcards.obj
 0001:000063e0       __vcrt_FlsAlloc            00000001400073e0 f   libvcruntimed:winapi_downlevel.obj
 0001:00006430       __vcrt_FlsFree             0000000140007430 f   libvcruntimed:winapi_downlevel.obj
 0001:00006480       __vcrt_FlsGetValue         0000000140007480 f   libvcruntimed:winapi_downlevel.obj
 0001:000064d0       __vcrt_FlsSetValue         00000001400074d0 f   libvcruntimed:winapi_downlevel.obj
 0001:00006530       __vcrt_InitializeCriticalSectionEx 0000000140007530 f   libvcruntimed:winapi_downlevel.obj
 0001:000065b0       memcpy_repmovs             00000001400075b0 f   libvcruntimed:memcpy.obj
 0001:000065d0       memcpy                     00000001400075d0 f   libvcruntimed:memcpy.obj
 0001:000065d0       memmove                    00000001400075d0 f   libvcruntimed:memcpy.obj
 0001:000069b0       ??$?0AEAViterator@TryBlockMap@__FrameHandler3@@AEAV012@$0A@@?$pair@Viterator@TryBlockMap@__FrameHandler3@@V123@@std@@QEAA@AEAViterator@TryBlockMap@__FrameHandler3@@0@Z 00000001400079b0 f i libvcruntimed:risctrnsctrl.obj
 0001:00006ac0       ??$_CallSETranslator@V__FrameHandler3@@@@YAHPEAUEHExceptionRecord@@PEA_KPEAU_CONTEXT@@PEAU_xDISPATCHER_CONTEXT@@PEBU_s_FuncInfo@@K1@Z 0000000140007ac0 f i libvcruntimed:risctrnsctrl.obj
 0001:00006b50       ?dangerous_get_state_array@?$dual_state_global@PEAU__crt_locale_data@@@__crt_state_management@@QEAAPEAPEAU__crt_locale_data@@XZ 0000000140007b50 f i libucrtd:per_thread_data.obj
 0001:00006b50       ?get_address_of@?$__crt_unique_heap_ptr@PEADU__crt_internal_free_policy@@@@QEAAPEAPEAPEADXZ 0000000140007b50 f i libucrtd:argv_parsing.obj
 0001:00006b50       ?dangerous_get_state_array@?$dual_state_global@P6AXPEB_W00I_K@Z@__crt_state_management@@QEAAPEAP6AXPEB_W00I_K@ZXZ 0000000140007b50 f i libucrtd:invalid_parameter.obj
 0001:00006b50       ?debug_info@?$__crt_win32_buffer@DU__crt_win32_buffer_no_resizing@@@@QEBAAEBV__crt_win32_buffer_empty_debug_info@@XZ 0000000140007b50 f i libucrtd:getmodulefilenamea.obj
 0001:00006b50       ?debug_info@?$__crt_win32_buffer@DU__crt_win32_buffer_internal_dynamic_resizing@@@@QEBAAEBV__crt_win32_buffer_empty_debug_info@@XZ 0000000140007b50 f i libucrtd:argv_wildcards.obj
 0001:00006b50       ?get_address_of@?$__crt_unique_handle_t@U__crt_hmodule_traits@@@@QEAAPEAPEAUHINSTANCE__@@XZ 0000000140007b50 f i libucrtd:exit.obj
 0001:00006b50       ?dangerous_get_state_array@?$dual_state_global@PEAU__crt_multibyte_data@@@__crt_state_management@@QEAAPEAPEAU__crt_multibyte_data@@XZ 0000000140007b50 f i libucrtd:mbctype.obj
 0001:00006b50       ?debug_info@?$__crt_win32_buffer@_WU__crt_win32_buffer_internal_dynamic_resizing@@@@QEBAAEBV__crt_win32_buffer_empty_debug_info@@XZ 0000000140007b50 f i libucrtd:argv_wildcards.obj
 0001:00006b50       ??$forward@AEAViterator@TryBlockMap@__FrameHandler3@@@std@@YAAEAViterator@TryBlockMap@__FrameHandler3@@AEAV123@@Z 0000000140007b50 f i libvcruntimed:risctrnsctrl.obj
 0001:00006b50       ?dangerous_get_state_array@?$dual_state_global@PEAE@__crt_state_management@@QEAAPEAPEAEXZ 0000000140007b50 f i libucrtd:mbctype.obj
 0001:00006b60       ??0iterator@TryBlockMap@__FrameHandler3@@QEAA@AEAV12@I@Z 0000000140007b60 f i libvcruntimed:risctrnsctrl.obj
 0001:00006b60       ??0iterator@HandlerMap@__FrameHandler3@@QEAA@AEAV12@I@Z 0000000140007b60 f i libvcruntimed:frame.obj
 0001:00006b90       ?CatchTryBlock@__FrameHandler3@@SAPEBU_s_TryBlockMapEntry@@PEBU_s_FuncInfo@@H@Z 0000000140007b90 f   libvcruntimed:risctrnsctrl.obj
 0001:00006c20       ?ExecutionInCatch@__FrameHandler3@@SA_NPEAU_xDISPATCHER_CONTEXT@@PEBU_s_FuncInfo@@@Z 0000000140007c20 f   libvcruntimed:risctrnsctrl.obj
 0001:00006c70       ?FrameUnwindToEmptyState@__FrameHandler3@@SAXPEA_KPEAU_xDISPATCHER_CONTEXT@@PEBU_s_FuncInfo@@@Z 0000000140007c70 f   libvcruntimed:risctrnsctrl.obj
 0001:00006d10       ?GetEstablisherFrame@__FrameHandler3@@SAPEA_KPEA_KPEAU_xDISPATCHER_CONTEXT@@PEBU_s_FuncInfo@@0@Z 0000000140007d10 f   libvcruntimed:risctrnsctrl.obj
 0001:00006e80       ?GetRangeOfTrysToCheck@__FrameHandler3@@SA?AU?$pair@Viterator@TryBlockMap@__FrameHandler3@@V123@@std@@AEAVTryBlockMap@1@HPEAU_xDISPATCHER_CONTEXT@@PEBU_s_FuncInfo@@H@Z 0000000140007e80 f   libvcruntimed:risctrnsctrl.obj
 0001:000070c0       ?UnwindNestedFrames@__FrameHandler3@@SAXPEA_KPEAUEHExceptionRecord@@PEAU_CONTEXT@@0PEAXPEBU_s_FuncInfo@@HHPEBU_s_HandlerType@@PEAU_xDISPATCHER_CONTEXT@@E@Z 00000001400080c0 f   libvcruntimed:risctrnsctrl.obj
 0001:00007230       _CreateFrameInfo           0000000140008230 f   libvcruntimed:risctrnsctrl.obj
 0001:000072a0       _FindAndUnlinkFrame        00000001400082a0 f   libvcruntimed:risctrnsctrl.obj
 0001:00007320       _GetImageBase              0000000140008320 f   libvcruntimed:risctrnsctrl.obj
 0001:00007340       _GetThrowImageBase         0000000140008340 f   libvcruntimed:risctrnsctrl.obj
 0001:00007360       _SetImageBase              0000000140008360 f   libvcruntimed:risctrnsctrl.obj
 0001:00007380       _SetThrowImageBase         0000000140008380 f   libvcruntimed:risctrnsctrl.obj
 0001:000073a0       __CxxFrameHandler3         00000001400083a0 f   libvcruntimed:risctrnsctrl.obj
 0001:00007480       ?GetCurrentState@__FrameHandler3@@SAHPEA_KPEAU_xDISPATCHER_CONTEXT@@PEBU_s_FuncInfo@@@Z 0000000140008480 f   libvcruntimed:ehstate.obj
 0001:000074e0       ?GetUnwindTryBlock@__FrameHandler3@@SAHPEA_KPEAU_xDISPATCHER_CONTEXT@@PEBU_s_FuncInfo@@@Z 00000001400084e0 f   libvcruntimed:ehstate.obj
 0001:00007530       ?SetState@__FrameHandler3@@SAXPEA_KPEBU_s_FuncInfo@@H@Z 0000000140008530 f   libvcruntimed:ehstate.obj
 0001:00007560       ?SetUnwindTryBlock@__FrameHandler3@@SAXPEA_KPEAU_xDISPATCHER_CONTEXT@@PEBU_s_FuncInfo@@H@Z 0000000140008560 f   libvcruntimed:ehstate.obj
 0001:000075d0       ?StateFromControlPc@__FrameHandler3@@SAHPEBU_s_FuncInfo@@PEAU_xDISPATCHER_CONTEXT@@@Z 00000001400085d0 f   libvcruntimed:ehstate.obj
 0001:00007610       ?StateFromIp@__FrameHandler3@@SAHPEBU_s_FuncInfo@@PEAU_xDISPATCHER_CONTEXT@@_K@Z 0000000140008610 f   libvcruntimed:ehstate.obj
 0001:00007700       ?__RVAtoRealOffset@@YA_KPEAU_xDISPATCHER_CONTEXT@@H@Z 0000000140008700 f i libvcruntimed:ehstate.obj
 0001:000088d0       ??$TypeMatchHelper@V__FrameHandler3@@@@YAHPEBU_s_HandlerType@@PEBU_s_CatchableType@@PEBU_s_ThrowInfo@@@Z 00000001400098d0 f i libvcruntimed:frame.obj
 0001:00008ad0       ??$__InternalCxxFrameHandler@V__FrameHandler3@@@@YA?AW4_EXCEPTION_DISPOSITION@@PEAUEHExceptionRecord@@PEA_KPEAU_CONTEXT@@PEAU_xDISPATCHER_CONTEXT@@PEBU_s_FuncInfo@@H1E@Z 0000000140009ad0 f i libvcruntimed:frame.obj
 0001:00008f40       ??0HandlerMap@__FrameHandler3@@QEAA@PEBU_s_TryBlockMapEntry@@_KI@Z 0000000140009f40 f i libvcruntimed:frame.obj
 0001:00008f90       ??0TryBlockMap@__FrameHandler3@@QEAA@PEBU_s_FuncInfo@@_K@Z 0000000140009f90 f i libvcruntimed:frame.obj
 0001:00008fc0       ??0bad_exception@std@@QEAA@AEBV01@@Z 0000000140009fc0 f i libvcruntimed:frame.obj
 0001:00009000       ??0bad_exception@std@@QEAA@XZ 000000014000a000 f i libvcruntimed:frame.obj
 0001:00009040       ??0exception@std@@QEAA@AEBV01@@Z 000000014000a040 f i libvcruntimed:frame.obj
 0001:000090a0       ??0exception@std@@QEAA@QEBDH@Z 000000014000a0a0 f i libvcruntimed:frame.obj
 0001:000090f0       ??1bad_exception@std@@UEAA@XZ 000000014000a0f0 f i libvcruntimed:frame.obj
 0001:00009110       ??1exception@std@@UEAA@XZ  000000014000a110 f i libvcruntimed:frame.obj
 0001:00009140       ??8iterator@HandlerMap@__FrameHandler3@@QEBA_NAEBV012@@Z 000000014000a140 f i libvcruntimed:frame.obj
 0001:00009180       ??8type_info@@QEBA_NAEBV0@@Z 000000014000a180 f i libvcruntimed:frame.obj
 0001:000091d0       ??9iterator@HandlerMap@__FrameHandler3@@QEBA_NAEBV012@@Z 000000014000a1d0 f i libvcruntimed:frame.obj
 0001:00009210       ??Diterator@HandlerMap@__FrameHandler3@@QEAA?BU_s_HandlerType@@XZ 000000014000a210 f i libvcruntimed:frame.obj
 0001:00009250       ??Diterator@TryBlockMap@__FrameHandler3@@QEAA?BU_s_TryBlockMapEntry@@XZ 000000014000a250 f i libvcruntimed:frame.obj
 0001:000092a0       ??Eiterator@HandlerMap@__FrameHandler3@@QEAAAEAV012@XZ 000000014000a2a0 f i libvcruntimed:frame.obj
 0001:000092a0       ??Eiterator@TryBlockMap@__FrameHandler3@@QEAAAEAV012@XZ 000000014000a2a0 f i libvcruntimed:frame.obj
 0001:000092c0       ??Miterator@TryBlockMap@__FrameHandler3@@QEBA_NAEBV012@@Z 000000014000a2c0 f i libvcruntimed:frame.obj
 0001:00009300       ??_Gbad_exception@std@@UEAAPEAXI@Z 000000014000a300 f i libvcruntimed:frame.obj
 0001:00009300       ??_Ebad_exception@std@@UEAAPEAXI@Z 000000014000a300 f i libvcruntimed:frame.obj
 0001:00009340       ??_Eexception@std@@UEAAPEAXI@Z 000000014000a340 f i libvcruntimed:frame.obj
 0001:00009340       ??_Gexception@std@@UEAAPEAXI@Z 000000014000a340 f i libvcruntimed:frame.obj
 0001:00009380       ?BuildCatchObject@__FrameHandler3@@SAXPEAUEHExceptionRecord@@PEAXPEBU_s_HandlerType@@PEBU_s_CatchableType@@@Z 000000014000a380 f   libvcruntimed:frame.obj
 0001:000093c0       ?CxxCallCatchBlock@__FrameHandler3@@SAPEAXPEAU_EXCEPTION_RECORD@@@Z 000000014000a3c0 f   libvcruntimed:frame.obj
 0001:00009720       ?FrameUnwindToState@__FrameHandler3@@SAXPEA_KPEAU_xDISPATCHER_CONTEXT@@PEBU_s_FuncInfo@@H@Z 000000014000a720 f   libvcruntimed:frame.obj
 0001:00009970       ?GetHandlerSearchState@__FrameHandler3@@SAHPEA_KPEAU_xDISPATCHER_CONTEXT@@PEBU_s_FuncInfo@@@Z 000000014000a970 f i libvcruntimed:frame.obj
 0001:00009a20       ?GetMaxState@__FrameHandler3@@SAHPEAU_xDISPATCHER_CONTEXT@@PEBU_s_FuncInfo@@@Z 000000014000aa20 f i libvcruntimed:frame.obj
 0001:00009c20       ?TypeMatch@__FrameHandler3@@SAHPEBU_s_HandlerType@@PEBU_s_CatchableType@@PEBU_s_ThrowInfo@@@Z 000000014000ac20 f   libvcruntimed:frame.obj
 0001:00009c20       __TypeMatch                000000014000ac20 f   libvcruntimed:frame.obj
 0001:00009c50       ?_CallMemberFunction1@@YAXQEAX00@Z 000000014000ac50 f i libvcruntimed:frame.obj
 0001:00009c90       ?_CallMemberFunction2@@YAXQEAX00H@Z 000000014000ac90 f i libvcruntimed:frame.obj
 0001:00009d20       ?begin@HandlerMap@__FrameHandler3@@QEAA?AViterator@12@XZ 000000014000ad20 f i libvcruntimed:frame.obj
 0001:00009d50       ?end@HandlerMap@__FrameHandler3@@QEAA?AViterator@12@XZ 000000014000ad50 f i libvcruntimed:frame.obj
 0001:00009d80       ?getESTypes@__FrameHandler3@@SAPEBU_s_ESTypeList@@PEBU_s_FuncInfo@@@Z 000000014000ad80 f i libvcruntimed:frame.obj
 0001:00009dc0       ?getLastEntry@HandlerMap@__FrameHandler3@@QEAAPEBU_s_HandlerType@@XZ 000000014000adc0 f i libvcruntimed:frame.obj
 0001:00009de0       ?getMagicNum@__FrameHandler3@@SAIPEBU_s_FuncInfo@@@Z 000000014000ade0 f i libvcruntimed:frame.obj
 0001:00009e00       ?getNumTryBlocks@TryBlockMap@__FrameHandler3@@QEAAIXZ 000000014000ae00 f i libvcruntimed:frame.obj
 0001:00009e20       ?isEHs@__FrameHandler3@@SA_NPEBU_s_FuncInfo@@@Z 000000014000ae20 f i libvcruntimed:frame.obj
 0001:00009e60       ?isNoExcept@__FrameHandler3@@SA_NPEBU_s_FuncInfo@@@Z 000000014000ae60 f i libvcruntimed:frame.obj
 0001:00009ea0       ?what@exception@std@@UEBAPEBDXZ 000000014000aea0 f i libvcruntimed:frame.obj
 0001:00009ee0       __vcrt_EncodePointer       000000014000aee0 f i libvcruntimed:frame.obj
 0001:00009f10       memset_repmovs             000000014000af10 f   libvcruntimed:memset.obj
 0001:00009f30       memset                     000000014000af30 f   libvcruntimed:memset.obj
 0001:0000a0d0       _CallSettingFrame          000000014000b0d0 f   libvcruntimed:handlers.obj
 0001:0000a120       _CallSettingFrame_LookupContinuationIndex 000000014000b120 f   libvcruntimed:handlers.obj
 0001:0000a150       _CallSettingFrame_NotifyContinuationAddr 000000014000b150 f   libvcruntimed:handlers.obj
 0001:0000a180       _CallSettingFrameEncoded   000000014000b180 f   libvcruntimed:handlers.obj
 0001:0000a1d0       ??$?RD@__crt_public_free_policy@@QEBAXQEBD@Z 000000014000b1d0 f i libvcruntimed:std_exception.obj
 0001:0000a1f0       ??1?$__crt_unique_heap_ptr@DU__crt_public_free_policy@@@@QEAA@XZ 000000014000b1f0 f i libvcruntimed:std_exception.obj
 0001:0000a210       ?release@?$__crt_unique_heap_ptr@DU__crt_public_free_policy@@@@QEAAXXZ 000000014000b210 f i libvcruntimed:std_exception.obj
 0001:0000a240       __std_exception_copy       000000014000b240 f   libvcruntimed:std_exception.obj
 0001:0000a380       __std_exception_destroy    000000014000b380 f   libvcruntimed:std_exception.obj
 0001:0000a3c0       _CxxThrowException         000000014000b3c0 f   libvcruntimed:throw.obj
 0001:0000a4f0       ??$?0AEBV?$string_output_adapter@D@__crt_stdio_output@@AEB_KAEBQEBDAEBQEAU__crt_locale_pointers@@AEBQEAD@?$format_validation_base@DV?$string_output_adapter@D@__crt_stdio_output@@@__crt_stdio_output@@IEAA@AEBV?$string_output_adapter@D@1@AEB_KAEBQEBDAEBQEAU__crt_locale_pointers@@AEBQEAD@Z 000000014000b4f0 f i libucrtd:output.obj
 0001:0000a540       ??$?0AEBV?$string_output_adapter@D@__crt_stdio_output@@AEB_KAEBQEBDAEBQEAU__crt_locale_pointers@@AEBQEAD@?$standard_base@DV?$string_output_adapter@D@__crt_stdio_output@@@__crt_stdio_output@@IEAA@AEBV?$string_output_adapter@D@1@AEB_KAEBQEBDAEBQEAU__crt_locale_pointers@@AEBQEAD@Z 000000014000b540 f i libucrtd:output.obj
 0001:0000a5b0       ??$?0AEBV?$string_output_adapter@_W@__crt_stdio_output@@AEB_KAEBQEB_WAEBQEAU__crt_locale_pointers@@AEBQEAD@?$format_validation_base@_WV?$string_output_adapter@_W@__crt_stdio_output@@@__crt_stdio_output@@IEAA@AEBV?$string_output_adapter@_W@1@AEB_KAEBQEB_WAEBQEAU__crt_locale_pointers@@AEBQEAD@Z 000000014000b5b0 f i libucrtd:output.obj
 0001:0000a600       ??$?0AEBV?$string_output_adapter@_W@__crt_stdio_output@@AEB_KAEBQEB_WAEBQEAU__crt_locale_pointers@@AEBQEAD@?$standard_base@_WV?$string_output_adapter@_W@__crt_stdio_output@@@__crt_stdio_output@@IEAA@AEBV?$string_output_adapter@_W@1@AEB_KAEBQEB_WAEBQEAU__crt_locale_pointers@@AEBQEAD@Z 000000014000b600 f i libucrtd:output.obj
 0001:0000a670       ??$__crt_interlocked_read@J@@YAJPEDJ@Z 000000014000b670 f i libucrtd:output.obj
 0001:0000bfa0       ??$count@D@formatting_buffer@__crt_stdio_output@@QEBA_KXZ 000000014000cfa0 f i libucrtd:output.obj
 0001:0000bff0       ??$count@_W@formatting_buffer@__crt_stdio_output@@QEBA_KXZ 000000014000cff0 f i libucrtd:output.obj
 0001:0000c040       ??$data@_W@formatting_buffer@__crt_stdio_output@@QEAAPEA_WXZ 000000014000d040 f i libucrtd:output.obj
 0001:0000c040       ??$data@D@formatting_buffer@__crt_stdio_output@@QEAAPEADXZ 000000014000d040 f i libucrtd:output.obj
 0001:0000c090       ??$ensure_buffer_is_big_enough@D@formatting_buffer@__crt_stdio_output@@QEAA_N_K@Z 000000014000d090 f i libucrtd:output.obj
 0001:0000c1c0       ??$ensure_buffer_is_big_enough@_W@formatting_buffer@__crt_stdio_output@@QEAA_N_K@Z 000000014000d1c0 f i libucrtd:output.obj
 0001:0000c2f0       ??$extract_argument_from_va_list@C_J@?$standard_base@DV?$string_output_adapter@D@__crt_stdio_output@@@__crt_stdio_output@@IEAA_NAEA_J@Z 000000014000d2f0 f i libucrtd:output.obj
 0001:0000c2f0       ??$extract_argument_from_va_list@C_J@?$standard_base@_WV?$string_output_adapter@_W@__crt_stdio_output@@@__crt_stdio_output@@IEAA_NAEA_J@Z 000000014000d2f0 f i libucrtd:output.obj
 0001:0000c330       ??$extract_argument_from_va_list@E_J@?$standard_base@DV?$string_output_adapter@D@__crt_stdio_output@@@__crt_stdio_output@@IEAA_NAEA_J@Z 000000014000d330 f i libucrtd:output.obj
 0001:0000c330       ??$extract_argument_from_va_list@E_J@?$standard_base@_WV?$string_output_adapter@_W@__crt_stdio_output@@@__crt_stdio_output@@IEAA_NAEA_J@Z 000000014000d330 f i libucrtd:output.obj
 0001:0000c370       ??$extract_argument_from_va_list@F_J@?$standard_base@DV?$string_output_adapter@D@__crt_stdio_output@@@__crt_stdio_output@@IEAA_NAEA_J@Z 000000014000d370 f i libucrtd:output.obj
 0001:0000c370       ??$extract_argument_from_va_list@F_J@?$standard_base@_WV?$string_output_adapter@_W@__crt_stdio_output@@@__crt_stdio_output@@IEAA_NAEA_J@Z 000000014000d370 f i libucrtd:output.obj
 0001:0000c3b0       ??$extract_argument_from_va_list@GD@?$standard_base@DV?$string_output_adapter@D@__crt_stdio_output@@@__crt_stdio_output@@IEAA_NAEAD@Z 000000014000d3b0 f i libucrtd:output.obj
 0001:0000c3e0       ??$extract_argument_from_va_list@G_J@?$standard_base@_WV?$string_output_adapter@_W@__crt_stdio_output@@@__crt_stdio_output@@IEAA_NAEA_J@Z 000000014000d3e0 f i libucrtd:output.obj
 0001:0000c3e0       ??$extract_argument_from_va_list@G_J@?$standard_base@DV?$string_output_adapter@D@__crt_stdio_output@@@__crt_stdio_output@@IEAA_NAEA_J@Z 000000014000d3e0 f i libucrtd:output.obj
 0001:0000c420       ??$extract_argument_from_va_list@H_J@?$standard_base@DV?$string_output_adapter@D@__crt_stdio_output@@@__crt_stdio_output@@IEAA_NAEA_J@Z 000000014000d420 f i libucrtd:output.obj
 0001:0000c420       ??$extract_argument_from_va_list@H_J@?$standard_base@_WV?$string_output_adapter@_W@__crt_stdio_output@@@__crt_stdio_output@@IEAA_NAEA_J@Z 000000014000d420 f i libucrtd:output.obj
 0001:0000c450       ??$extract_argument_from_va_list@I_J@?$standard_base@_WV?$string_output_adapter@_W@__crt_stdio_output@@@__crt_stdio_output@@IEAA_NAEA_J@Z 000000014000d450 f i libucrtd:output.obj
 0001:0000c450       ??$extract_argument_from_va_list@I_J@?$standard_base@DV?$string_output_adapter@D@__crt_stdio_output@@@__crt_stdio_output@@IEAA_NAEA_J@Z 000000014000d450 f i libucrtd:output.obj
 0001:0000c480       ??$extract_argument_from_va_list@_K_J@?$standard_base@DV?$string_output_adapter@D@__crt_stdio_output@@@__crt_stdio_output@@IEAA_NAEA_J@Z 000000014000d480 f i libucrtd:output.obj
 0001:0000c480       ??$extract_argument_from_va_list@PEADPEAD@?$standard_base@_WV?$string_output_adapter@_W@__crt_stdio_output@@@__crt_stdio_output@@IEAA_NAEAPEAD@Z 000000014000d480 f i libucrtd:output.obj
 0001:0000c480       ??$extract_argument_from_va_list@_J_J@?$standard_base@DV?$string_output_adapter@D@__crt_stdio_output@@@__crt_stdio_output@@IEAA_NAEA_J@Z 000000014000d480 f i libucrtd:output.obj
 0001:0000c480       ??$extract_argument_from_va_list@_K_J@?$standard_base@_WV?$string_output_adapter@_W@__crt_stdio_output@@@__crt_stdio_output@@IEAA_NAEA_J@Z 000000014000d480 f i libucrtd:output.obj
 0001:0000c480       ??$extract_argument_from_va_list@PEAXPEAX@?$standard_base@_WV?$string_output_adapter@_W@__crt_stdio_output@@@__crt_stdio_output@@IEAA_NAEAPEAX@Z 000000014000d480 f i libucrtd:output.obj
 0001:0000c480       ??$extract_argument_from_va_list@PEADPEAD@?$standard_base@DV?$string_output_adapter@D@__crt_stdio_output@@@__crt_stdio_output@@IEAA_NAEAPEAD@Z 000000014000d480 f i libucrtd:output.obj
 0001:0000c480       ??$extract_argument_from_va_list@PEAXPEAX@?$standard_base@DV?$string_output_adapter@D@__crt_stdio_output@@@__crt_stdio_output@@IEAA_NAEAPEAX@Z 000000014000d480 f i libucrtd:output.obj
 0001:0000c480       ??$extract_argument_from_va_list@_J_J@?$standard_base@_WV?$string_output_adapter@_W@__crt_stdio_output@@@__crt_stdio_output@@IEAA_NAEA_J@Z 000000014000d480 f i libucrtd:output.obj
 0001:0000c4e0       ??$extract_argument_from_va_list@U_CRT_DOUBLE@@U1@@?$standard_base@DV?$string_output_adapter@D@__crt_stdio_output@@@__crt_stdio_output@@IEAA_NAEAU_CRT_DOUBLE@@@Z 000000014000d4e0 f i libucrtd:output.obj
 0001:0000c4e0       ??$extract_argument_from_va_list@U_CRT_DOUBLE@@U1@@?$standard_base@_WV?$string_output_adapter@_W@__crt_stdio_output@@@__crt_stdio_output@@IEAA_NAEAU_CRT_DOUBLE@@@Z 000000014000d4e0 f i libucrtd:output.obj
 0001:0000c530       ??$extract_argument_from_va_list@_W_W@?$standard_base@_WV?$string_output_adapter@_W@__crt_stdio_output@@@__crt_stdio_output@@IEAA_NAEA_W@Z 000000014000d530 f i libucrtd:output.obj
 0001:0000c530       ??$extract_argument_from_va_list@_W_W@?$standard_base@DV?$string_output_adapter@D@__crt_stdio_output@@@__crt_stdio_output@@IEAA_NAEA_W@Z 000000014000d530 f i libucrtd:output.obj
 0001:0000c560       ??$is_wide_character_specifier@D@__crt_stdio_output@@YA_N_KDW4length_modifier@0@@Z 000000014000d560 f i libucrtd:output.obj
 0001:0000c600       ??$is_wide_character_specifier@_W@__crt_stdio_output@@YA_N_K_WW4length_modifier@0@@Z 000000014000d600 f i libucrtd:output.obj
 0001:0000c6d0       ??$read_va_arg@C@__crt_stdio_output@@YACAEAPEAD@Z 000000014000d6d0 f i libucrtd:output.obj
 0001:0000c6d0       ??$read_va_arg@E@__crt_stdio_output@@YAEAEAPEAD@Z 000000014000d6d0 f i libucrtd:output.obj
 0001:0000c740       ??$read_va_arg@G@__crt_stdio_output@@YAGAEAPEAD@Z 000000014000d740 f i libucrtd:output.obj
 0001:0000c740       ??$read_va_arg@F@__crt_stdio_output@@YAFAEAPEAD@Z 000000014000d740 f i libucrtd:output.obj
 0001:0000c740       ??$read_va_arg@_W@__crt_stdio_output@@YA_WAEAPEAD@Z 000000014000d740 f i libucrtd:output.obj
 0001:0000c7b0       ??$read_va_arg@H@__crt_stdio_output@@YAHAEAPEAD@Z 000000014000d7b0 f i libucrtd:output.obj
 0001:0000c7b0       ??$read_va_arg@I@__crt_stdio_output@@YAIAEAPEAD@Z 000000014000d7b0 f i libucrtd:output.obj
 0001:0000c810       ??$read_va_arg@_K@__crt_stdio_output@@YA_KAEAPEAD@Z 000000014000d810 f i libucrtd:output.obj
 0001:0000c810       ??$read_va_arg@PEAX@__crt_stdio_output@@YAPEAXAEAPEAD@Z 000000014000d810 f i libucrtd:output.obj
 0001:0000c810       ??$read_va_arg@U_CRT_DOUBLE@@@__crt_stdio_output@@YA?AU_CRT_DOUBLE@@AEAPEAD@Z 000000014000d810 f i libucrtd:output.obj
 0001:0000c810       ??$read_va_arg@_J@__crt_stdio_output@@YA_JAEAPEAD@Z 000000014000d810 f i libucrtd:output.obj
 0001:0000c810       ??$read_va_arg@PEAD@__crt_stdio_output@@YAPEADAEAPEAD@Z 000000014000d810 f i libucrtd:output.obj
 0001:0000c8f0       ??$scratch_count@D@formatting_buffer@__crt_stdio_output@@QEBA_KXZ 000000014000d8f0 f i libucrtd:output.obj
 0001:0000c910       ??$scratch_data@D@formatting_buffer@__crt_stdio_output@@QEAAPEADXZ 000000014000d910 f i libucrtd:output.obj
 0001:0000c980       ??$tcstol@PEBDPEAPEADH@?$__crt_char_traits@D@@SAJ$$QEAPEBD$$QEAPEAPEAD$$QEAH@Z 000000014000d980 f i libucrtd:output.obj
 0001:0000c9c0       ??$tcstol@PEB_WPEAPEA_WH@?$__crt_char_traits@_W@@SAJ$$QEAPEB_W$$QEAPEAPEA_W$$QEAH@Z 000000014000d9c0 f i libucrtd:output.obj
 0001:0000ca00       ??$type_case_integer_parse_into_buffer@I@?$output_processor@DV?$string_output_adapter@D@__crt_stdio_output@@V?$format_validation_base@DV?$string_output_adapter@D@__crt_stdio_output@@@2@@__crt_stdio_output@@AEAAXII_N@Z 000000014000da00 f i libucrtd:output.obj
 0001:0000cb30       ??$type_case_integer_parse_into_buffer@I@?$output_processor@_WV?$string_output_adapter@_W@__crt_stdio_output@@V?$format_validation_base@_WV?$string_output_adapter@_W@__crt_stdio_output@@@2@@__crt_stdio_output@@AEAAXII_N@Z 000000014000db30 f i libucrtd:output.obj
 0001:0000cc70       ??$type_case_integer_parse_into_buffer@_K@?$output_processor@DV?$string_output_adapter@D@__crt_stdio_output@@V?$format_validation_base@DV?$string_output_adapter@D@__crt_stdio_output@@@2@@__crt_stdio_output@@AEAAX_KI_N@Z 000000014000dc70 f i libucrtd:output.obj
 0001:0000cdc0       ??$type_case_integer_parse_into_buffer@_K@?$output_processor@_WV?$string_output_adapter@_W@__crt_stdio_output@@V?$format_validation_base@_WV?$string_output_adapter@_W@__crt_stdio_output@@@2@@__crt_stdio_output@@AEAAX_KI_N@Z 000000014000ddc0 f i libucrtd:output.obj
 0001:0000cf20       ??$write_multiple_characters@V?$string_output_adapter@D@__crt_stdio_output@@D@__crt_stdio_output@@YAXAEBV?$string_output_adapter@D@0@DHQEAH@Z 000000014000df20 f i libucrtd:output.obj
 0001:0000cf80       ??$write_multiple_characters@V?$string_output_adapter@_W@__crt_stdio_output@@D@__crt_stdio_output@@YAXAEBV?$string_output_adapter@_W@0@DHQEAH@Z 000000014000df80 f i libucrtd:output.obj
 0001:0000cfe0       ??0?$common_data@D@__crt_stdio_output@@IEAA@XZ 000000014000dfe0 f i libucrtd:output.obj
 0001:0000d0b0       ??0?$common_data@_W@__crt_stdio_output@@IEAA@XZ 000000014000e0b0 f i libucrtd:output.obj
 0001:0000d180       ??0?$output_adapter_data@DV?$string_output_adapter@D@__crt_stdio_output@@@__crt_stdio_output@@IEAA@AEBV?$string_output_adapter@D@1@_KQEBDQEAU__crt_locale_pointers@@QEAD@Z 000000014000e180 f i libucrtd:output.obj
 0001:0000d200       ??0?$output_adapter_data@_WV?$string_output_adapter@_W@__crt_stdio_output@@@__crt_stdio_output@@IEAA@AEBV?$string_output_adapter@_W@1@_KQEB_WQEAU__crt_locale_pointers@@QEAD@Z 000000014000e200 f i libucrtd:output.obj
 0001:0000d280       ??0?$output_processor@DV?$string_output_adapter@D@__crt_stdio_output@@V?$format_validation_base@DV?$string_output_adapter@D@__crt_stdio_output@@@2@@__crt_stdio_output@@QEAA@AEBV?$string_output_adapter@D@1@_KQEBDQEAU__crt_locale_pointers@@QEAD@Z 000000014000e280 f i libucrtd:output.obj
 0001:0000d2d0       ??0?$output_processor@_WV?$string_output_adapter@_W@__crt_stdio_output@@V?$format_validation_base@_WV?$string_output_adapter@_W@__crt_stdio_output@@@2@@__crt_stdio_output@@QEAA@AEBV?$string_output_adapter@_W@1@_KQEB_WQEAU__crt_locale_pointers@@QEAD@Z 000000014000e2d0 f i libucrtd:output.obj
 0001:0000d320       ??0_LocaleUpdate@@QEAA@QEAU__crt_locale_pointers@@@Z 000000014000e320 f i libucrtd:output.obj
 0001:0000d440       ??0__crt_deferred_errno_cache@@QEAA@XZ 000000014000e440 f i libucrtd:output.obj
 0001:0000d460       ??0__crt_errno_guard@@QEAA@QEAH@Z 000000014000e460 f i libucrtd:output.obj
 0001:0000d4a0       ??0formatting_buffer@__crt_stdio_output@@QEAA@XZ 000000014000e4a0 f i libucrtd:output.obj
 0001:0000d4e0       ??1?$common_data@D@__crt_stdio_output@@QEAA@XZ 000000014000e4e0 f i libucrtd:output.obj
 0001:0000d4e0       ??1?$common_data@_W@__crt_stdio_output@@QEAA@XZ 000000014000e4e0 f i libucrtd:output.obj
 0001:0000d500       ??1?$format_validation_base@_WV?$string_output_adapter@_W@__crt_stdio_output@@@__crt_stdio_output@@QEAA@XZ 000000014000e500 f i libucrtd:output.obj
 0001:0000d500       ??1?$format_validation_base@DV?$string_output_adapter@D@__crt_stdio_output@@@__crt_stdio_output@@QEAA@XZ 000000014000e500 f i libucrtd:output.obj
 0001:0000d520       ??1?$output_adapter_data@DV?$string_output_adapter@D@__crt_stdio_output@@@__crt_stdio_output@@QEAA@XZ 000000014000e520 f i libucrtd:output.obj
 0001:0000d520       ??1?$output_adapter_data@_WV?$string_output_adapter@_W@__crt_stdio_output@@@__crt_stdio_output@@QEAA@XZ 000000014000e520 f i libucrtd:output.obj
 0001:0000d540       ??1?$output_processor@DV?$string_output_adapter@D@__crt_stdio_output@@V?$format_validation_base@DV?$string_output_adapter@D@__crt_stdio_output@@@2@@__crt_stdio_output@@QEAA@XZ 000000014000e540 f i libucrtd:output.obj
 0001:0000d540       ??1?$output_processor@_WV?$string_output_adapter@_W@__crt_stdio_output@@V?$format_validation_base@_WV?$string_output_adapter@_W@__crt_stdio_output@@@2@@__crt_stdio_output@@QEAA@XZ 000000014000e540 f i libucrtd:output.obj
 0001:0000d560       ??1?$standard_base@_WV?$string_output_adapter@_W@__crt_stdio_output@@@__crt_stdio_output@@QEAA@XZ 000000014000e560 f i libucrtd:output.obj
 0001:0000d560       ??1?$standard_base@DV?$string_output_adapter@D@__crt_stdio_output@@@__crt_stdio_output@@QEAA@XZ 000000014000e560 f i libucrtd:output.obj
 0001:0000d580       ??1_LocaleUpdate@@QEAA@XZ  000000014000e580 f i libucrtd:output.obj
 0001:0000d5c0       ??1__crt_errno_guard@@QEAA@XZ 000000014000e5c0 f i libucrtd:output.obj
 0001:0000d5f0       ??1formatting_buffer@__crt_stdio_output@@QEAA@XZ 000000014000e5f0 f i libucrtd:output.obj
 0001:0000d620       ??4?$__crt_unique_heap_ptr@DU__crt_internal_free_policy@@@@QEAAAEAV0@$$QEAV0@@Z 000000014000e620 f i libucrtd:output.obj
 0001:0000d660       ?GetLocaleT@_LocaleUpdate@@QEAAPEAU__crt_locale_pointers@@XZ 000000014000e660 f i libucrtd:output.obj
 0001:0000d670       ?__crt_interlocked_read_32@@YAHPEDH@Z 000000014000e670 f i libucrtd:output.obj
 0001:0000d690       ?adjust_hexit@?$output_processor@DV?$string_output_adapter@D@__crt_stdio_output@@V?$format_validation_base@DV?$string_output_adapter@D@__crt_stdio_output@@@2@@__crt_stdio_output@@CADH_N@Z 000000014000e690 f i libucrtd:output.obj
 0001:0000d690       ?adjust_hexit@?$output_processor@_WV?$string_output_adapter@_W@__crt_stdio_output@@V?$format_validation_base@_WV?$string_output_adapter@_W@__crt_stdio_output@@@2@@__crt_stdio_output@@CADH_N@Z 000000014000e690 f i libucrtd:output.obj
 0001:0000d6e0       ?advance_to_next_pass@?$standard_base@DV?$string_output_adapter@D@__crt_stdio_output@@@__crt_stdio_output@@IEAA_NXZ 000000014000e6e0 f i libucrtd:output.obj
 0001:0000d6e0       ?advance_to_next_pass@?$standard_base@_WV?$string_output_adapter@_W@__crt_stdio_output@@@__crt_stdio_output@@IEAA_NXZ 000000014000e6e0 f i libucrtd:output.obj
 0001:0000d730       ?crop_zeroes@__crt_stdio_output@@YAXPEADQEAU__crt_locale_pointers@@@Z 000000014000e730 f i libucrtd:output.obj
 0001:0000d870       ?find_next_state@?$output_processor@DV?$string_output_adapter@D@__crt_stdio_output@@V?$format_validation_base@DV?$string_output_adapter@D@__crt_stdio_output@@@2@@__crt_stdio_output@@AEBA?AW4state@2@DW432@@Z 000000014000e870 f i libucrtd:output.obj
 0001:0000d910       ?find_next_state@?$output_processor@_WV?$string_output_adapter@_W@__crt_stdio_output@@V?$format_validation_base@_WV?$string_output_adapter@_W@__crt_stdio_output@@@2@@__crt_stdio_output@@AEBA?AW4state@2@_WW432@@Z 000000014000e910 f i libucrtd:output.obj
 0001:0000d9b0       ?force_decimal_point@__crt_stdio_output@@YAXPEADQEAU__crt_locale_pointers@@@Z 000000014000e9b0 f i libucrtd:output.obj
 0001:0000dab0       ?get@__crt_deferred_errno_cache@@QEAAAEAHXZ 000000014000eab0 f i libucrtd:output.obj
 0001:0000dae0       ?get_flags@__crt_stdio_stream@@QEBAJXZ 000000014000eae0 f i libucrtd:output.obj
 0001:0000db10       ?has_flag@?$output_processor@_WV?$string_output_adapter@_W@__crt_stdio_output@@V?$format_validation_base@_WV?$string_output_adapter@_W@__crt_stdio_output@@@2@@__crt_stdio_output@@AEBA_NI@Z 000000014000eb10 f i libucrtd:output.obj
 0001:0000db10       ?has_flag@?$output_processor@DV?$string_output_adapter@D@__crt_stdio_output@@V?$format_validation_base@DV?$string_output_adapter@D@__crt_stdio_output@@@2@@__crt_stdio_output@@AEBA_NI@Z 000000014000eb10 f i libucrtd:output.obj
 0001:0000db50       ?is_string_backed@__crt_stdio_stream@@QEBA_NXZ 000000014000eb50 f i libucrtd:output.obj
 0001:0000db90       ?narrow_null_string@?$output_processor@DV?$string_output_adapter@D@__crt_stdio_output@@V?$format_validation_base@DV?$string_output_adapter@D@__crt_stdio_output@@@2@@__crt_stdio_output@@CAPEADXZ 000000014000eb90 f i libucrtd:output.obj
 0001:0000db90       ?narrow_null_string@?$output_processor@_WV?$string_output_adapter@_W@__crt_stdio_output@@V?$format_validation_base@_WV?$string_output_adapter@_W@__crt_stdio_output@@@2@@__crt_stdio_output@@CAPEADXZ 000000014000eb90 f i libucrtd:output.obj
 0001:0000dba0       ?parse_int_from_format_string@?$output_processor@DV?$string_output_adapter@D@__crt_stdio_output@@V?$format_validation_base@DV?$string_output_adapter@D@__crt_stdio_output@@@2@@__crt_stdio_output@@AEAA_NQEAH@Z 000000014000eba0 f i libucrtd:output.obj
 0001:0000dc90       ?parse_int_from_format_string@?$output_processor@_WV?$string_output_adapter@_W@__crt_stdio_output@@V?$format_validation_base@_WV?$string_output_adapter@_W@__crt_stdio_output@@@2@@__crt_stdio_output@@AEAA_NQEAH@Z 000000014000ec90 f i libucrtd:output.obj
 0001:0000dd80       ?process@?$output_processor@DV?$string_output_adapter@D@__crt_stdio_output@@V?$format_validation_base@DV?$string_output_adapter@D@__crt_stdio_output@@@2@@__crt_stdio_output@@QEAAHXZ 000000014000ed80 f i libucrtd:output.obj
 0001:0000e0e0       ?process@?$output_processor@_WV?$string_output_adapter@_W@__crt_stdio_output@@V?$format_validation_base@_WV?$string_output_adapter@_W@__crt_stdio_output@@@2@@__crt_stdio_output@@QEAAHXZ 000000014000f0e0 f i libucrtd:output.obj
 0001:0000e440       ?set_flag@?$output_processor@DV?$string_output_adapter@D@__crt_stdio_output@@V?$format_validation_base@DV?$string_output_adapter@D@__crt_stdio_output@@@2@@__crt_stdio_output@@AEAAXI@Z 000000014000f440 f i libucrtd:output.obj
 0001:0000e440       ?set_flag@?$output_processor@_WV?$string_output_adapter@_W@__crt_stdio_output@@V?$format_validation_base@_WV?$string_output_adapter@_W@__crt_stdio_output@@@2@@__crt_stdio_output@@AEAAXI@Z 000000014000f440 f i libucrtd:output.obj
 0001:0000e460       ?validate_state_for_type_case_a@?$standard_base@_WV?$string_output_adapter@_W@__crt_stdio_output@@@__crt_stdio_output@@IEBA_NXZ 000000014000f460 f i libucrtd:output.obj
 0001:0000e460       ?validate_and_update_state_at_beginning_of_format_character@?$standard_base@_WV?$string_output_adapter@_W@__crt_stdio_output@@@__crt_stdio_output@@IEAA_NXZ 000000014000f460 f i libucrtd:output.obj
 0001:0000e460       ?validate_state_for_type_case_a@?$standard_base@DV?$string_output_adapter@D@__crt_stdio_output@@@__crt_stdio_output@@IEBA_NXZ 000000014000f460 f i libucrtd:output.obj
 0001:0000e460       ?should_format@?$standard_base@DV?$string_output_adapter@D@__crt_stdio_output@@@__crt_stdio_output@@IEAA_NXZ 000000014000f460 f i libucrtd:output.obj
 0001:0000e460       ?validate_and_update_state_at_beginning_of_format_character@?$standard_base@DV?$string_output_adapter@D@__crt_stdio_output@@@__crt_stdio_output@@IEAA_NXZ 000000014000f460 f i libucrtd:output.obj
 0001:0000e460       ?should_format@?$standard_base@_WV?$string_output_adapter@_W@__crt_stdio_output@@@__crt_stdio_output@@IEAA_NXZ 000000014000f460 f i libucrtd:output.obj
 0001:0000e470       ?should_skip_normal_state_processing@?$standard_base@DV?$string_output_adapter@D@__crt_stdio_output@@@__crt_stdio_output@@IEAA_NXZ 000000014000f470 f i libucrtd:output.obj
 0001:0000e470       ?should_skip_type_state_output@?$standard_base@_WV?$string_output_adapter@_W@__crt_stdio_output@@@__crt_stdio_output@@IEBA_NXZ 000000014000f470 f i libucrtd:output.obj
 0001:0000e470       ?should_skip_type_state_output@?$standard_base@DV?$string_output_adapter@D@__crt_stdio_output@@@__crt_stdio_output@@IEBA_NXZ 000000014000f470 f i libucrtd:output.obj
 0001:0000e470       ?should_skip_normal_state_processing@?$standard_base@_WV?$string_output_adapter@_W@__crt_stdio_output@@@__crt_stdio_output@@IEAA_NXZ 000000014000f470 f i libucrtd:output.obj
 0001:0000e480       ?state_case_dot@?$output_processor@DV?$string_output_adapter@D@__crt_stdio_output@@V?$format_validation_base@DV?$string_output_adapter@D@__crt_stdio_output@@@2@@__crt_stdio_output@@AEAA_NXZ 000000014000f480 f i libucrtd:output.obj
 0001:0000e480       ?state_case_dot@?$output_processor@_WV?$string_output_adapter@_W@__crt_stdio_output@@V?$format_validation_base@_WV?$string_output_adapter@_W@__crt_stdio_output@@@2@@__crt_stdio_output@@AEAA_NXZ 000000014000f480 f i libucrtd:output.obj
 0001:0000e4a0       ?state_case_flag@?$output_processor@DV?$string_output_adapter@D@__crt_stdio_output@@V?$format_validation_base@DV?$string_output_adapter@D@__crt_stdio_output@@@2@@__crt_stdio_output@@AEAA_NXZ 000000014000f4a0 f i libucrtd:output.obj
 0001:0000e540       ?state_case_flag@?$output_processor@_WV?$string_output_adapter@_W@__crt_stdio_output@@V?$format_validation_base@_WV?$string_output_adapter@_W@__crt_stdio_output@@@2@@__crt_stdio_output@@AEAA_NXZ 000000014000f540 f i libucrtd:output.obj
 0001:0000e5e0       ?state_case_normal@?$output_processor@DV?$string_output_adapter@D@__crt_stdio_output@@V?$format_validation_base@DV?$string_output_adapter@D@__crt_stdio_output@@@2@@__crt_stdio_output@@AEAA_NXZ 000000014000f5e0 f i libucrtd:output.obj
 0001:0000e6c0       ?state_case_normal@?$output_processor@_WV?$string_output_adapter@_W@__crt_stdio_output@@V?$format_validation_base@_WV?$string_output_adapter@_W@__crt_stdio_output@@@2@@__crt_stdio_output@@AEAA_NXZ 000000014000f6c0 f i libucrtd:output.obj
 0001:0000e7a0       ?state_case_normal_common@?$output_processor@DV?$string_output_adapter@D@__crt_stdio_output@@V?$format_validation_base@DV?$string_output_adapter@D@__crt_stdio_output@@@2@@__crt_stdio_output@@AEAA_NXZ 000000014000f7a0 f i libucrtd:output.obj
 0001:0000e7f0       ?state_case_normal_common@?$output_processor@_WV?$string_output_adapter@_W@__crt_stdio_output@@V?$format_validation_base@_WV?$string_output_adapter@_W@__crt_stdio_output@@@2@@__crt_stdio_output@@AEAA_NXZ 000000014000f7f0 f i libucrtd:output.obj
 0001:0000e840       ?state_case_normal_tchar@?$output_processor@DV?$string_output_adapter@D@__crt_stdio_output@@V?$format_validation_base@DV?$string_output_adapter@D@__crt_stdio_output@@@2@@__crt_stdio_output@@AEAA_ND@Z 000000014000f840 f i libucrtd:output.obj
 0001:0000e980       ?state_case_normal_tchar@?$output_processor@_WV?$string_output_adapter@_W@__crt_stdio_output@@V?$format_validation_base@_WV?$string_output_adapter@_W@__crt_stdio_output@@@2@@__crt_stdio_output@@AEAA_N_W@Z 000000014000f980 f i libucrtd:output.obj
 0001:0000e9a0       ?state_case_percent@?$output_processor@_WV?$string_output_adapter@_W@__crt_stdio_output@@V?$format_validation_base@_WV?$string_output_adapter@_W@__crt_stdio_output@@@2@@__crt_stdio_output@@AEAA_NXZ 000000014000f9a0 f i libucrtd:output.obj
 0001:0000e9a0       ?state_case_percent@?$output_processor@DV?$string_output_adapter@D@__crt_stdio_output@@V?$format_validation_base@DV?$string_output_adapter@D@__crt_stdio_output@@@2@@__crt_stdio_output@@AEAA_NXZ 000000014000f9a0 f i libucrtd:output.obj
 0001:0000e9f0       ?state_case_precision@?$output_processor@DV?$string_output_adapter@D@__crt_stdio_output@@V?$format_validation_base@DV?$string_output_adapter@D@__crt_stdio_output@@@2@@__crt_stdio_output@@AEAA_NXZ 000000014000f9f0 f i libucrtd:output.obj
 0001:0000ea70       ?state_case_precision@?$output_processor@_WV?$string_output_adapter@_W@__crt_stdio_output@@V?$format_validation_base@_WV?$string_output_adapter@_W@__crt_stdio_output@@@2@@__crt_stdio_output@@AEAA_NXZ 000000014000fa70 f i libucrtd:output.obj
 0001:0000eaf0       ?state_case_size@?$output_processor@DV?$string_output_adapter@D@__crt_stdio_output@@V?$format_validation_base@DV?$string_output_adapter@D@__crt_stdio_output@@@2@@__crt_stdio_output@@AEAA_NXZ 000000014000faf0 f i libucrtd:output.obj
 0001:0000ef70       ?state_case_size@?$output_processor@_WV?$string_output_adapter@_W@__crt_stdio_output@@V?$format_validation_base@_WV?$string_output_adapter@_W@__crt_stdio_output@@@2@@__crt_stdio_output@@AEAA_NXZ 000000014000ff70 f i libucrtd:output.obj
 0001:0000f3f0       ?state_case_type@?$output_processor@DV?$string_output_adapter@D@__crt_stdio_output@@V?$format_validation_base@DV?$string_output_adapter@D@__crt_stdio_output@@@2@@__crt_stdio_output@@AEAA_NXZ 00000001400103f0 f i libucrtd:output.obj
 0001:0000f890       ?state_case_type@?$output_processor@_WV?$string_output_adapter@_W@__crt_stdio_output@@V?$format_validation_base@_WV?$string_output_adapter@_W@__crt_stdio_output@@@2@@__crt_stdio_output@@AEAA_NXZ 0000000140010890 f i libucrtd:output.obj
 0001:0000fdf0       ?state_case_width@?$output_processor@DV?$string_output_adapter@D@__crt_stdio_output@@V?$format_validation_base@DV?$string_output_adapter@D@__crt_stdio_output@@@2@@__crt_stdio_output@@AEAA_NXZ 0000000140010df0 f i libucrtd:output.obj
 0001:0000fe80       ?state_case_width@?$output_processor@_WV?$string_output_adapter@_W@__crt_stdio_output@@V?$format_validation_base@_WV?$string_output_adapter@_W@__crt_stdio_output@@@2@@__crt_stdio_output@@AEAA_NXZ 0000000140010e80 f i libucrtd:output.obj
 0001:0000ff10       ?state_count@?$format_validation_base@DV?$string_output_adapter@D@__crt_stdio_output@@@__crt_stdio_output@@KAIXZ 0000000140010f10 f i libucrtd:output.obj
 0001:0000ff10       ?state_count@?$format_validation_base@_WV?$string_output_adapter@_W@__crt_stdio_output@@@__crt_stdio_output@@KAIXZ 0000000140010f10 f i libucrtd:output.obj
 0001:0000ff20       ?state_transition_table@?$format_validation_base@DV?$string_output_adapter@D@__crt_stdio_output@@@__crt_stdio_output@@KAPEBEXZ 0000000140010f20 f i libucrtd:output.obj
 0001:0000ff20       ?state_transition_table@?$format_validation_base@_WV?$string_output_adapter@_W@__crt_stdio_output@@@__crt_stdio_output@@KAPEBEXZ 0000000140010f20 f i libucrtd:output.obj
 0001:0000ff30       ?tchar_string@?$common_data@D@__crt_stdio_output@@IEAAAEAPEADD@Z 0000000140010f30 f i libucrtd:output.obj
 0001:0000ff50       ?tchar_string@?$common_data@D@__crt_stdio_output@@IEAAAEAPEADXZ 0000000140010f50 f i libucrtd:output.obj
 0001:0000ff70       ?tchar_string@?$common_data@_W@__crt_stdio_output@@IEAAAEAPEA_WXZ 0000000140010f70 f i libucrtd:output.obj
 0001:0000ff90       ?tchar_string@?$common_data@_W@__crt_stdio_output@@IEAAAEAPEA_W_W@Z 0000000140010f90 f i libucrtd:output.obj
 0001:0000ffb0       ?to_integer_size@__crt_stdio_output@@YA_KW4length_modifier@1@@Z 0000000140010fb0 f i libucrtd:output.obj
 0001:00010060       ?type_case_X@?$output_processor@DV?$string_output_adapter@D@__crt_stdio_output@@V?$format_validation_base@DV?$string_output_adapter@D@__crt_stdio_output@@@2@@__crt_stdio_output@@AEAA_NXZ 0000000140011060 f i libucrtd:output.obj
 0001:00010080       ?type_case_X@?$output_processor@_WV?$string_output_adapter@_W@__crt_stdio_output@@V?$format_validation_base@_WV?$string_output_adapter@_W@__crt_stdio_output@@@2@@__crt_stdio_output@@AEAA_NXZ 0000000140011080 f i libucrtd:output.obj
 0001:000100a0       ?type_case_Z@?$output_processor@DV?$string_output_adapter@D@__crt_stdio_output@@V?$format_validation_base@DV?$string_output_adapter@D@__crt_stdio_output@@@2@@__crt_stdio_output@@AEAA_NXZ 00000001400110a0 f i libucrtd:output.obj
 0001:000101c0       ?type_case_Z@?$output_processor@_WV?$string_output_adapter@_W@__crt_stdio_output@@V?$format_validation_base@_WV?$string_output_adapter@_W@__crt_stdio_output@@@2@@__crt_stdio_output@@AEAA_NXZ 00000001400111c0 f i libucrtd:output.obj
 0001:000102e0       ?type_case_a@?$output_processor@DV?$string_output_adapter@D@__crt_stdio_output@@V?$format_validation_base@DV?$string_output_adapter@D@__crt_stdio_output@@@2@@__crt_stdio_output@@AEAA_NXZ 00000001400112e0 f i libucrtd:output.obj
 0001:000106a0       ?type_case_a@?$output_processor@_WV?$string_output_adapter@_W@__crt_stdio_output@@V?$format_validation_base@_WV?$string_output_adapter@_W@__crt_stdio_output@@@2@@__crt_stdio_output@@AEAA_NXZ 00000001400116a0 f i libucrtd:output.obj
 0001:00010a70       ?type_case_c@?$output_processor@DV?$string_output_adapter@D@__crt_stdio_output@@V?$format_validation_base@DV?$string_output_adapter@D@__crt_stdio_output@@@2@@__crt_stdio_output@@AEAA_NXZ 0000000140011a70 f i libucrtd:output.obj
 0001:00010a90       ?type_case_c@?$output_processor@_WV?$string_output_adapter@_W@__crt_stdio_output@@V?$format_validation_base@_WV?$string_output_adapter@_W@__crt_stdio_output@@@2@@__crt_stdio_output@@AEAA_NXZ 0000000140011a90 f i libucrtd:output.obj
 0001:00010ab0       ?type_case_c_tchar@?$output_processor@DV?$string_output_adapter@D@__crt_stdio_output@@V?$format_validation_base@DV?$string_output_adapter@D@__crt_stdio_output@@@2@@__crt_stdio_output@@AEAA_ND@Z 0000000140011ab0 f i libucrtd:output.obj
 0001:00010c00       ?type_case_c_tchar@?$output_processor@_WV?$string_output_adapter@_W@__crt_stdio_output@@V?$format_validation_base@_WV?$string_output_adapter@_W@__crt_stdio_output@@@2@@__crt_stdio_output@@AEAA_N_W@Z 0000000140011c00 f i libucrtd:output.obj
 0001:00010d30       ?type_case_d@?$output_processor@DV?$string_output_adapter@D@__crt_stdio_output@@V?$format_validation_base@DV?$string_output_adapter@D@__crt_stdio_output@@@2@@__crt_stdio_output@@AEAA_NXZ 0000000140011d30 f i libucrtd:output.obj
 0001:00010d60       ?type_case_d@?$output_processor@_WV?$string_output_adapter@_W@__crt_stdio_output@@V?$format_validation_base@_WV?$string_output_adapter@_W@__crt_stdio_output@@@2@@__crt_stdio_output@@AEAA_NXZ 0000000140011d60 f i libucrtd:output.obj
 0001:00010d90       ?type_case_integer@?$output_processor@DV?$string_output_adapter@D@__crt_stdio_output@@V?$format_validation_base@DV?$string_output_adapter@D@__crt_stdio_output@@@2@@__crt_stdio_output@@AEAA_NI_N@Z 0000000140011d90 f i libucrtd:output.obj
 0001:000111e0       ?type_case_integer@?$output_processor@_WV?$string_output_adapter@_W@__crt_stdio_output@@V?$format_validation_base@_WV?$string_output_adapter@_W@__crt_stdio_output@@@2@@__crt_stdio_output@@AEAA_NI_N@Z 00000001400121e0 f i libucrtd:output.obj
 0001:00011630       ?type_case_n@?$output_processor@DV?$string_output_adapter@D@__crt_stdio_output@@V?$format_validation_base@DV?$string_output_adapter@D@__crt_stdio_output@@@2@@__crt_stdio_output@@AEAA_NXZ 0000000140012630 f i libucrtd:output.obj
 0001:00011870       ?type_case_n@?$output_processor@_WV?$string_output_adapter@_W@__crt_stdio_output@@V?$format_validation_base@_WV?$string_output_adapter@_W@__crt_stdio_output@@@2@@__crt_stdio_output@@AEAA_NXZ 0000000140012870 f i libucrtd:output.obj
 0001:00011ab0       ?type_case_o@?$output_processor@DV?$string_output_adapter@D@__crt_stdio_output@@V?$format_validation_base@DV?$string_output_adapter@D@__crt_stdio_output@@@2@@__crt_stdio_output@@AEAA_NXZ 0000000140012ab0 f i libucrtd:output.obj
 0001:00011b00       ?type_case_o@?$output_processor@_WV?$string_output_adapter@_W@__crt_stdio_output@@V?$format_validation_base@_WV?$string_output_adapter@_W@__crt_stdio_output@@@2@@__crt_stdio_output@@AEAA_NXZ 0000000140012b00 f i libucrtd:output.obj
 0001:00011b50       ?type_case_p@?$output_processor@DV?$string_output_adapter@D@__crt_stdio_output@@V?$format_validation_base@DV?$string_output_adapter@D@__crt_stdio_output@@@2@@__crt_stdio_output@@AEAA_NXZ 0000000140012b50 f i libucrtd:output.obj
 0001:00011b90       ?type_case_p@?$output_processor@_WV?$string_output_adapter@_W@__crt_stdio_output@@V?$format_validation_base@_WV?$string_output_adapter@_W@__crt_stdio_output@@@2@@__crt_stdio_output@@AEAA_NXZ 0000000140012b90 f i libucrtd:output.obj
 0001:00011bd0       ?type_case_s@?$output_processor@DV?$string_output_adapter@D@__crt_stdio_output@@V?$format_validation_base@DV?$string_output_adapter@D@__crt_stdio_output@@@2@@__crt_stdio_output@@AEAA_NXZ 0000000140012bd0 f i libucrtd:output.obj
 0001:00011cf0       ?type_case_s@?$output_processor@_WV?$string_output_adapter@_W@__crt_stdio_output@@V?$format_validation_base@_WV?$string_output_adapter@_W@__crt_stdio_output@@@2@@__crt_stdio_output@@AEAA_NXZ 0000000140012cf0 f i libucrtd:output.obj
 0001:00011e10       ?type_case_s_compute_narrow_string_length@?$output_processor@DV?$string_output_adapter@D@__crt_stdio_output@@V?$format_validation_base@DV?$string_output_adapter@D@__crt_stdio_output@@@2@@__crt_stdio_output@@AEBAHHD@Z 0000000140012e10 f i libucrtd:output.obj
 0001:00011e40       ?type_case_s_compute_narrow_string_length@?$output_processor@_WV?$string_output_adapter@_W@__crt_stdio_output@@V?$format_validation_base@_WV?$string_output_adapter@_W@__crt_stdio_output@@@2@@__crt_stdio_output@@AEBAHH_W@Z 0000000140012e40 f i libucrtd:output.obj
 0001:00011ed0       ?type_case_u@?$output_processor@DV?$string_output_adapter@D@__crt_stdio_output@@V?$format_validation_base@DV?$string_output_adapter@D@__crt_stdio_output@@@2@@__crt_stdio_output@@AEAA_NXZ 0000000140012ed0 f i libucrtd:output.obj
 0001:00011ef0       ?type_case_u@?$output_processor@_WV?$string_output_adapter@_W@__crt_stdio_output@@V?$format_validation_base@_WV?$string_output_adapter@_W@__crt_stdio_output@@@2@@__crt_stdio_output@@AEAA_NXZ 0000000140012ef0 f i libucrtd:output.obj
 0001:00011f10       ?type_case_x@?$output_processor@DV?$string_output_adapter@D@__crt_stdio_output@@V?$format_validation_base@DV?$string_output_adapter@D@__crt_stdio_output@@@2@@__crt_stdio_output@@AEAA_NXZ 0000000140012f10 f i libucrtd:output.obj
 0001:00011f30       ?type_case_x@?$output_processor@_WV?$string_output_adapter@_W@__crt_stdio_output@@V?$format_validation_base@_WV?$string_output_adapter@_W@__crt_stdio_output@@@2@@__crt_stdio_output@@AEAA_NXZ 0000000140012f30 f i libucrtd:output.obj
 0001:00011f50       ?unset_flag@?$output_processor@DV?$string_output_adapter@D@__crt_stdio_output@@V?$format_validation_base@DV?$string_output_adapter@D@__crt_stdio_output@@@2@@__crt_stdio_output@@AEAAXI@Z 0000000140012f50 f i libucrtd:output.obj
 0001:00011f50       ?unset_flag@?$output_processor@_WV?$string_output_adapter@_W@__crt_stdio_output@@V?$format_validation_base@_WV?$string_output_adapter@_W@__crt_stdio_output@@@2@@__crt_stdio_output@@AEAAXI@Z 0000000140012f50 f i libucrtd:output.obj
 0001:00011f80       ?update_field_width@?$standard_base@_WV?$string_output_adapter@_W@__crt_stdio_output@@@__crt_stdio_output@@IEAA_NXZ 0000000140012f80 f i libucrtd:output.obj
 0001:00011f80       ?update_field_width@?$standard_base@DV?$string_output_adapter@D@__crt_stdio_output@@@__crt_stdio_output@@IEAA_NXZ 0000000140012f80 f i libucrtd:output.obj
 0001:00011fb0       ?update_precision@?$standard_base@DV?$string_output_adapter@D@__crt_stdio_output@@@__crt_stdio_output@@IEAA_NXZ 0000000140012fb0 f i libucrtd:output.obj
 0001:00011fb0       ?update_precision@?$standard_base@_WV?$string_output_adapter@_W@__crt_stdio_output@@@__crt_stdio_output@@IEAA_NXZ 0000000140012fb0 f i libucrtd:output.obj
 0001:00011fe0       ?validate@?$string_output_adapter@D@__crt_stdio_output@@QEBA_NXZ 0000000140012fe0 f i libucrtd:output.obj
 0001:000120a0       ?validate@?$string_output_adapter@_W@__crt_stdio_output@@QEBA_NXZ 00000001400130a0 f i libucrtd:output.obj
 0001:00012160       ?validate_and_update_state_at_end_of_format_string@?$format_validation_base@DV?$string_output_adapter@D@__crt_stdio_output@@@__crt_stdio_output@@IEBA_NXZ 0000000140013160 f i libucrtd:output.obj
 0001:00012220       ?validate_and_update_state_at_end_of_format_string@?$format_validation_base@_WV?$string_output_adapter@_W@__crt_stdio_output@@@__crt_stdio_output@@IEBA_NXZ 0000000140013220 f i libucrtd:output.obj
 0001:000122e0       ?wide_null_string@?$output_processor@_WV?$string_output_adapter@_W@__crt_stdio_output@@V?$format_validation_base@_WV?$string_output_adapter@_W@__crt_stdio_output@@@2@@__crt_stdio_output@@CAPEA_WXZ 00000001400132e0 f i libucrtd:output.obj
 0001:000122e0       ?wide_null_string@?$output_processor@DV?$string_output_adapter@D@__crt_stdio_output@@V?$format_validation_base@DV?$string_output_adapter@D@__crt_stdio_output@@@2@@__crt_stdio_output@@CAPEA_WXZ 00000001400132e0 f i libucrtd:output.obj
 0001:000122f0       ?write_character@?$string_output_adapter@D@__crt_stdio_output@@QEBA_NDQEAH@Z 00000001400132f0 f i libucrtd:output.obj
 0001:000123b0       ?write_character@?$string_output_adapter@_W@__crt_stdio_output@@QEBA_N_WQEAH@Z 00000001400133b0 f i libucrtd:output.obj
 0001:00012470       ?write_stored_string_tchar@?$output_processor@DV?$string_output_adapter@D@__crt_stdio_output@@V?$format_validation_base@DV?$string_output_adapter@D@__crt_stdio_output@@@2@@__crt_stdio_output@@AEAA_ND@Z 0000000140013470 f i libucrtd:output.obj
 0001:00012620       ?write_stored_string_tchar@?$output_processor@_WV?$string_output_adapter@_W@__crt_stdio_output@@V?$format_validation_base@_WV?$string_output_adapter@_W@__crt_stdio_output@@@2@@__crt_stdio_output@@AEAA_N_W@Z 0000000140013620 f i libucrtd:output.obj
 0001:00012770       ?write_string@?$string_output_adapter@D@__crt_stdio_output@@QEBAXQEBDHQEAHAEAV__crt_deferred_errno_cache@@@Z 0000000140013770 f i libucrtd:output.obj
 0001:000128e0       ?write_string@?$string_output_adapter@_W@__crt_stdio_output@@QEBAXQEB_WHQEAHAEAV__crt_deferred_errno_cache@@@Z 00000001400138e0 f i libucrtd:output.obj
 0001:00012a50       __acrt_isleadbyte_l_noupdate 0000000140013a50 f i libucrtd:output.obj
 0001:00012a80       __acrt_locale_changed      0000000140013a80 f i libucrtd:output.obj
[...]
 0004:00002a30       $pdata$??$__acrt_fenv_translate_bit@W4__acrt_fenv_machine_sse_status@@W4__acrt_fenv_abstract_status@@@@YA?AW4__acrt_fenv_machine_sse_status@@W4__acrt_fenv_abstract_status@@0W40@1@Z 0000000140054a30     libucrtd:_fenvutils.obj
 0004:00002a3c       $pdata$??$__acrt_fenv_translate_bit@W4__acrt_fenv_machine_sse_control@@W4__acrt_fenv_abstract_control@@@@YA?AW4__acrt_fenv_machine_sse_control@@W4__acrt_fenv_abstract_control@@0W40@1@Z 0000000140054a3c     libucrtd:_fenvutils.obj
 0004:00002a48       $pdata$??$__acrt_fenv_unshift_bits@W4__acrt_fenv_abstract_control@@@@YA?AW4__acrt_fenv_abstract_control@@W40@0I@Z 0000000140054a48     libucrtd:_fenvutils.obj
 0004:00002a48       $pdata$??$__acrt_fenv_unshift_bits@W4__acrt_fenv_abstract_status@@@@YA?AW4__acrt_fenv_abstract_status@@W40@0I@Z 0000000140054a48     libucrtd:_fenvutils.obj
 0004:00002a54       $pdata$??$to_abstract_status@W4__acrt_fenv_machine_sse_status@@@@YA?AW4__acrt_fenv_abstract_status@@W4__acrt_fenv_machine_sse_status@@@Z 0000000140054a54     libucrtd:_fenvutils.obj
 0004:00002a60       $pdata$??$translate_control_exception_mask@W4__acrt_fenv_abstract_control@@W4__acrt_fenv_machine_sse_control@@@@YA?AW4__acrt_fenv_abstract_control@@W4__acrt_fenv_machine_sse_control@@@Z 0000000140054a60     libucrtd:_fenvutils.obj
 0004:00002a6c       $pdata$??$translate_control_exception_mask@W4__acrt_fenv_machine_sse_control@@W4__acrt_fenv_abstract_control@@@@YA?AW4__acrt_fenv_machine_sse_control@@W4__acrt_fenv_abstract_control@@@Z 0000000140054a6c     libucrtd:_fenvutils.obj
 0004:00002a78       $pdata$??$translate_control_rounding_control@W4__acrt_fenv_abstract_control@@W4__acrt_fenv_machine_sse_control@@@@YA?AW4__acrt_fenv_abstract_control@@W4__acrt_fenv_machine_sse_control@@@Z 0000000140054a78     libucrtd:_fenvutils.obj
 0004:00002a84       $pdata$??$translate_control_rounding_control@W4__acrt_fenv_machine_sse_control@@W4__acrt_fenv_abstract_control@@@@YA?AW4__acrt_fenv_machine_sse_control@@W4__acrt_fenv_abstract_control@@@Z 0000000140054a84     libucrtd:_fenvutils.obj
 0004:00002a90       $pdata$??$translate_status@W4__acrt_fenv_abstract_status@@W4__acrt_fenv_machine_sse_status@@@@YA?AW4__acrt_fenv_abstract_status@@W4__acrt_fenv_machine_sse_status@@@Z 0000000140054a90     libucrtd:_fenvutils.obj
 0004:00002a9c       $pdata$??$translate_status@W4__acrt_fenv_machine_sse_status@@W4__acrt_fenv_abstract_status@@@@YA?AW4__acrt_fenv_machine_sse_status@@W4__acrt_fenv_abstract_status@@@Z 0000000140054a9c     libucrtd:_fenvutils.obj
 0004:00002aa8       $pdata$?__acrt_fenv_shift_abstract_sse_control@@YA?AW4__acrt_fenv_abstract_control@@W41@@Z 0000000140054aa8     libucrtd:_fenvutils.obj
 0004:00002ab4       $pdata$?__acrt_fenv_shift_abstract_sse_status@@YA?AW4__acrt_fenv_abstract_status@@W41@@Z 0000000140054ab4     libucrtd:_fenvutils.obj
 0004:00002ac0       $pdata$?__acrt_fenv_unshift_abstract_sse_control@@YA?AW4__acrt_fenv_abstract_control@@W41@@Z 0000000140054ac0     libucrtd:_fenvutils.obj
 0004:00002acc       $pdata$?__acrt_fenv_unshift_abstract_sse_status@@YA?AW4__acrt_fenv_abstract_status@@W41@@Z 0000000140054acc     libucrtd:_fenvutils.obj
 0004:00002ad8       $pdata$?get_machine_sse_control@@YA?AW4__acrt_fenv_machine_sse_control@@XZ 0000000140054ad8     libucrtd:_fenvutils.obj
 0004:00002ae4       $pdata$?get_machine_sse_status@@YA?AW4__acrt_fenv_machine_sse_status@@XZ 0000000140054ae4     libucrtd:_fenvutils.obj
 0004:00002af0       $pdata$?set_machine_sse_control@@YAXW4__acrt_fenv_machine_sse_control@@@Z 0000000140054af0     libucrtd:_fenvutils.obj
 0004:00002afc       $pdata$?set_machine_sse_status@@YAXW4__acrt_fenv_machine_sse_status@@@Z 0000000140054afc     libucrtd:_fenvutils.obj
 0004:00002b08       $pdata$?to_abstract_control@@YA?AW4__acrt_fenv_abstract_control@@W4__acrt_fenv_machine_sse_control@@@Z 0000000140054b08     libucrtd:_fenvutils.obj
 0004:00002b14       $pdata$?to_machine_sse_control@@YA?AW4__acrt_fenv_machine_sse_control@@W4__acrt_fenv_abstract_control@@@Z 0000000140054b14     libucrtd:_fenvutils.obj
 0004:00002b20       $pdata$?to_machine_sse_status@@YA?AW4__acrt_fenv_machine_sse_status@@W4__acrt_fenv_abstract_status@@@Z 0000000140054b20     libucrtd:_fenvutils.obj
 0004:00002b2c       $pdata$?translate_control_denormal_control_from_sse@@YA?AW4__acrt_fenv_abstract_control@@W4__acrt_fenv_machine_sse_control@@@Z 0000000140054b2c     libucrtd:_fenvutils.obj
 0004:00002b38       $pdata$?translate_control_denormal_control_to_sse@@YA?AW4__acrt_fenv_machine_sse_control@@W4__acrt_fenv_abstract_control@@@Z 0000000140054b38     libucrtd:_fenvutils.obj
 0004:00002b44       $pdata$__acrt_fenv_get_control 0000000140054b44     libucrtd:_fenvutils.obj
 0004:00002b50       $pdata$__acrt_fenv_get_status 0000000140054b50     libucrtd:_fenvutils.obj
 0004:00002b5c       $pdata$__acrt_fenv_set_control 0000000140054b5c     libucrtd:_fenvutils.obj
 0004:00002b68       $pdata$__acrt_fenv_set_status 0000000140054b68     libucrtd:_fenvutils.obj
 0004:00002b74       $pdata$_abstract_sw        0000000140054b74     libucrtd:ieee.obj
 0004:00002b80       $pdata$_clearfp            0000000140054b80     libucrtd:ieee.obj
 0004:00002b8c       $pdata$_putwch_nolock      0000000140054b8c     libucrtd:putwch.obj
 0004:00002b98       $pdata$??$?RV<lambda_53fc7fc888e23d815d7080162c0aeeb2>@@AEAV<lambda_4e7105787b7b0e0227fbf2b2d883fa65>@@V<lambda_8ddc48ad9d26c778cb15812d1d88fc8a>@@@?$__crt_seh_guarded_call@H@@QEAAH$$QEAV<lambda_53fc7fc888e23d815d7080162c0aeeb2>@@AEAV<lambda_4e7105787b7b0e0227fbf2b2d883fa65>@@$$QEAV<lambda_8ddc48ad9d26c778cb15812d1d88fc8a>@@@Z 0000000140054b98     libucrtd:close.obj
 0004:00002ba4       $pdata$??$__acrt_lowio_lock_fh_and_call@V<lambda_4e7105787b7b0e0227fbf2b2d883fa65>@@@@YAHH$$QEAV<lambda_4e7105787b7b0e0227fbf2b2d883fa65>@@@Z 0000000140054ba4     libucrtd:close.obj
 0004:00002bb0       $pdata$??R<lambda_4e7105787b7b0e0227fbf2b2d883fa65>@@QEBAHXZ 0000000140054bb0     libucrtd:close.obj
 0004:00002bbc       $pdata$?close_os_handle_nolock@@YAKH@Z 0000000140054bbc     libucrtd:close.obj
 0004:00002bc8       $pdata$_close              0000000140054bc8     libucrtd:close.obj
 0004:00002bd4       $pdata$_close_nolock       0000000140054bd4     libucrtd:close.obj
 0004:00002be0       $pdata$?__acrt_stdio_free_stream@@YAXV__crt_stdio_stream@@@Z 0000000140054be0     libucrtd:stream.obj
 0004:00002bec       $pdata$?__c16rtomb_utf8@__crt_mbstring@@YA_KPEAD_SPEAU_Mbstatet@@@Z 0000000140054bec     libucrtd:c16rtomb.obj
 0004:00002bf8       $pdata$?has_surrogate@?A0xc60ee810@@YA_NPEAU_Mbstatet@@@Z 0000000140054bf8     libucrtd:c16rtomb.obj
 0004:00002c04       $pdata$?is_first_surrogate@?A0xc60ee810@@YA_N_S@Z 0000000140054c04     libucrtd:c16rtomb.obj
 0004:00002c10       $pdata$?is_second_surrogate@?A0xc60ee810@@YA_N_S@Z 0000000140054c10     libucrtd:c16rtomb.obj
 0004:00002c1c       $pdata$?store_first_surrogate@?A0xc60ee810@@YAX_SPEAU_Mbstatet@@@Z 0000000140054c1c     libucrtd:c16rtomb.obj
 0004:00002c28       $pdata$_raise_exc          0000000140054c28     libucrtd:fpexcept.obj
 0004:00002c34       $pdata$_raise_exc_ex       0000000140054c34     libucrtd:fpexcept.obj
 0004:00002c40       $pdata$_set_errno_from_matherr 0000000140054c40     libucrtd:fpexcept.obj
 0004:00002c4c       $pdata$_clrfp              0000000140054c4c     libucrtd:fpctrl.obj
 0004:00002c58       $pdata$_ctrlfp             0000000140054c58     libucrtd:fpctrl.obj
 0004:00002c64       $pdata$_set_statfp         0000000140054c64     libucrtd:fpctrl.obj
 0004:00002c70       $pdata$_statfp             0000000140054c70     libucrtd:fpctrl.obj
 0004:00002c88       $pdata$__dcrt_lowio_ensure_console_output_initialized 0000000140054c88     libucrtd:initcon.obj
 0004:00002c94       $pdata$__dcrt_terminate_console_output 0000000140054c94     libucrtd:initcon.obj
 0004:00002ca0       $pdata$__dcrt_write_console 0000000140054ca0     libucrtd:initcon.obj
 0004:00002cac       $pdata$_FindPESection      0000000140054cac     LIBCMTD:pesect.obj
 0004:00002cb8       $pdata$_IsNonwritableInCurrentImage 0000000140054cb8     LIBCMTD:pesect.obj
 0004:00002cc4       $pdata$_ValidateImageBase  0000000140054cc4     LIBCMTD:pesect.obj
 0004:00002cd0       $pdata$??_Gtype_info@@UEAAPEAXI@Z 0000000140054cd0     LIBCMTD:std_type_info_static.obj
 0004:00002cdc       $pdata$??3@YAXPEAX_K@Z     0000000140054cdc     LIBCMTD:delete_scalar_size.obj
 0004:00002ce8       $pdata$__GSHandlerCheck_SEH 0000000140054ce8     LIBCMTD:gshandlerseh.obj
 0004:00002cf4       $pdata$__GSHandlerCheck_EH 0000000140054cf4     LIBCMTD:gshandlereh.obj
 0004:00002d00       $pdata$??3@YAXPEAX@Z       0000000140054d00     LIBCMTD:delete_scalar.obj
 0004:00002d18       $pdata$strrchr             0000000140054d18     libvcruntimed:strrchr.obj
 0004:00002d30       $pdata$?filt$0@?0??__scrt_common_main_seh@@YAHXZ@4HA 0000000140054d30     LIBCMTD:exe_winmain.obj
 0004:00002d3c       $pdata$__scrt_is_nonwritable_in_current_image$filt$0 0000000140054d3c     LIBCMTD:utility.obj
 0004:00002d48       $pdata$__DestructExceptionObject$filt$0 0000000140054d48     libvcruntimed:ehhelpers.obj
 0004:00002d54       $pdata$?filt$0@?0???$_CallSETranslator@V__FrameHandler3@@@@YAHPEAUEHExceptionRecord@@PEA_KPEAU_CONTEXT@@PEAU_xDISPATCHER_CONTEXT@@PEBU_s_FuncInfo@@K1@Z@4HA 0000000140054d54     libvcruntimed:risctrnsctrl.obj
 0004:00002d60       $pdata$?filt$0@?0???$BuildCatchObjectHelperInternal@V__FrameHandler3@@@@YAHPEAUEHExceptionRecord@@PEAXPEBU_s_HandlerType@@PEBU_s_CatchableType@@@Z@4HA 0000000140054d60     libvcruntimed:frame.obj
 0004:00002d60       $pdata$?filt$0@?0???$BuildCatchObjectInternal@V__FrameHandler3@@@@YAXPEAUEHExceptionRecord@@PEAXPEBU_s_HandlerType@@PEBU_s_CatchableType@@@Z@4HA 0000000140054d60     libvcruntimed:frame.obj
 0004:00002d60       $pdata$?filt$0@?0??is_bad_read_pointer@@YA_NQEBX_K@Z@4HA 0000000140054d60     libucrtd:debug_heap.obj
 0004:00002d60       $pdata$terminate$filt$0    0000000140054d60     libucrtd:terminate.obj
 0004:00002d6c       $pdata$?filt$0@?0??CxxCallCatchBlock@__FrameHandler3@@SAPEAXPEAU_EXCEPTION_RECORD@@@Z@4HA 0000000140054d6c     libvcruntimed:frame.obj
 0004:00002d78       $pdata$?fin$1@?0??CxxCallCatchBlock@__FrameHandler3@@SAPEAXPEAU_EXCEPTION_RECORD@@@Z@4HA 0000000140054d78     libvcruntimed:frame.obj
 0004:00002d84       $pdata$?filt$0@?0??FrameUnwindToState@__FrameHandler3@@SAXPEA_KPEAU_xDISPATCHER_CONTEXT@@PEBU_s_FuncInfo@@H@Z@4HA 0000000140054d84     libvcruntimed:frame.obj
 0004:00002d90       $pdata$?fin$1@?0??FrameUnwindToState@__FrameHandler3@@SAXPEA_KPEAU_xDISPATCHER_CONTEXT@@PEBU_s_FuncInfo@@H@Z@4HA 0000000140054d90     libvcruntimed:frame.obj
 0004:00002d9c       $pdata$?fin$0@?0???$?RV<lambda_0ae27a3a962d80f24befdcbee591983d>@@AEAV<lambda_8d0ee55de4b1038c4002e0adecdf1839>@@V<lambda_dc504788e8f1664fe9b84e20bfb512f2>@@@?$__crt_seh_guarded_call@X@@QEAAX$$QEAV<lambda_0ae27a3a962d80f24befdcbee591983d>@@AEAV<lambda_8d0ee55de4b1038c4002e0adecdf1839>@@$$QEAV<lambda_dc504788e8f1664fe9b84e20bfb512f2>@@@Z@4HA 0000000140054d9c     libucrtd:per_thread_data.obj
 0004:00002d9c       $pdata$?fin$0@?0???$?RV<lambda_2d41944a1d46af3157314b8a01080d33>@@AEAV<lambda_8f455de75cd7d7f24b4096f044d8b9e6>@@V<lambda_aa500f224e6afead328df44964fe2772>@@@?$__crt_seh_guarded_call@X@@QEAAX$$QEAV<lambda_2d41944a1d46af3157314b8a01080d33>@@AEAV<lambda_8f455de75cd7d7f24b4096f044d8b9e6>@@$$QEAV<lambda_aa500f224e6afead328df44964fe2772>@@@Z@4HA 0000000140054d9c     libucrtd:per_thread_data.obj
 0004:00002d9c       $pdata$?fin$0@?0???$?RV<lambda_74a0ef281e44d15e1136f792f539efb3>@@AEAV<lambda_e157831efee4ea0afb0a2ace5dd5fd0d>@@V<lambda_04ddeca75b7c13fd67716e8dfcef87ee>@@@?$__crt_seh_guarded_call@X@@QEAAX$$QEAV<lambda_74a0ef281e44d15e1136f792f539efb3>@@AEAV<lambda_e157831efee4ea0afb0a2ace5dd5fd0d>@@$$QEAV<lambda_04ddeca75b7c13fd67716e8dfcef87ee>@@@Z@4HA 0000000140054d9c     libucrtd:per_thread_data.obj
 0004:00002d9c       $pdata$?fin$0@?0???$?RV<lambda_aa87e3671a710a21b5dc78c0bdf72e11>@@AEAV<lambda_92619d2358a28f41a33ba319515a20b9>@@V<lambda_6992ecaafeb10aed2b74cb1fae11a551>@@@?$__crt_seh_guarded_call@X@@QEAAX$$QEAV<lambda_aa87e3671a710a21b5dc78c0bdf72e11>@@AEAV<lambda_92619d2358a28f41a33ba319515a20b9>@@$$QEAV<lambda_6992ecaafeb10aed2b74cb1fae11a551>@@@Z@4HA 0000000140054d9c     libucrtd:per_thread_data.obj
 0004:00002d9c       $pdata$?fin$0@?0???$?RV<lambda_410d79af7f07d98d83a3f525b3859a53>@@AEAV<lambda_3e16ef9562a7dcce91392c22ab16ea36>@@V<lambda_38119f0e861e05405d8a144b9b982f0a>@@@?$__crt_seh_guarded_call@X@@QEAAX$$QEAV<lambda_410d79af7f07d98d83a3f525b3859a53>@@AEAV<lambda_3e16ef9562a7dcce91392c22ab16ea36>@@$$QEAV<lambda_38119f0e861e05405d8a144b9b982f0a>@@@Z@4HA 0000000140054d9c     libucrtd:wsetlocale.obj
 0004:00002d9c       $pdata$?fin$0@?0???$?RV<lambda_efa02eb69bf647d2f7ff0dd6f1103f72>@@AEAV<lambda_bd5a608237428601b7e45fbdc72b1ae8>@@V<lambda_728235dc0fc2b1f82d1fa5b3e7102d8f>@@@?$__crt_seh_guarded_call@X@@QEAAX$$QEAV<lambda_efa02eb69bf647d2f7ff0dd6f1103f72>@@AEAV<lambda_bd5a608237428601b7e45fbdc72b1ae8>@@$$QEAV<lambda_728235dc0fc2b1f82d1fa5b3e7102d8f>@@@Z@4HA 0000000140054d9c     libucrtd:mbctype.obj
 0004:00002d9c       $pdata$?fin$0@?0???$?RV<lambda_d80eeec6fff315bfe5c115232f3240e3>@@AEAV<lambda_6e4b09c48022b2350581041d5f6b0c4c>@@V<lambda_2358e3775559c9db80273638284d5e45>@@@?$__crt_seh_guarded_call@X@@QEAAX$$QEAV<lambda_d80eeec6fff315bfe5c115232f3240e3>@@AEAV<lambda_6e4b09c48022b2350581041d5f6b0c4c>@@$$QEAV<lambda_2358e3775559c9db80273638284d5e45>@@@Z@4HA 0000000140054d9c     libucrtd:exit.obj
 0004:00002d9c       $pdata$?fin$0@?0???$?RV<lambda_886d6c58226a84441f68b9f2b8217b83>@@AEAV<lambda_ab61a845afdef5b7c387490eaf3616ee>@@V<lambda_f7f22ab5edc0698d5f6905b0d3f44752>@@@?$__crt_seh_guarded_call@X@@QEAAX$$QEAV<lambda_886d6c58226a84441f68b9f2b8217b83>@@AEAV<lambda_ab61a845afdef5b7c387490eaf3616ee>@@$$QEAV<lambda_f7f22ab5edc0698d5f6905b0d3f44752>@@@Z@4HA 0000000140054d9c     libucrtd:fflush.obj
 0004:00002da8       $pdata$?filt$0@?0???R<lambda_6e4b09c48022b2350581041d5f6b0c4c>@@QEBA@XZ@4HA 0000000140054da8     libucrtd:exit.obj
 0004:00002db4       $pdata$?fin$0@?0???$?RV<lambda_450d765d439847d4c735a33c368b5fc0>@@AEAV<lambda_44731a7d0e6d81c3e6aa82d741081786>@@V<lambda_601a2a7da3b7a96e9554ac7215c4b07c>@@@?$__crt_seh_guarded_call@P6AXH@Z@@QEAAP6AXH@Z$$QEAV<lambda_450d765d439847d4c735a33c368b5fc0>@@AEAV<lambda_44731a7d0e6d81c3e6aa82d741081786>@@$$QEAV<lambda_601a2a7da3b7a96e9554ac7215c4b07c>@@@Z@4HA 0000000140054db4     libucrtd:signal.obj
 0004:00002db4       $pdata$?fin$0@?0???$?RV<lambda_6a47f4c8fd0152770a780fc1d70204eb>@@AEAV<lambda_d121dba8a4adeaf3a9819e48611155df>@@V<lambda_6aaa2265f5b6a89667e7d7630012e97a>@@@?$__crt_seh_guarded_call@H@@QEAAH$$QEAV<lambda_6a47f4c8fd0152770a780fc1d70204eb>@@AEAV<lambda_d121dba8a4adeaf3a9819e48611155df>@@$$QEAV<lambda_6aaa2265f5b6a89667e7d7630012e97a>@@@Z@4HA 0000000140054db4     libucrtd:onexit.obj
 0004:00002db4       $pdata$?fin$0@?0???$?RV<lambda_dce957679fd779aa27c4ca5c39e09098>@@AEAV<lambda_3b83eb014488ad801d84acef5aaf14d3>@@V<lambda_00e911965883f7966597d4c465c83ebc>@@@?$__crt_seh_guarded_call@H@@QEAAH$$QEAV<lambda_dce957679fd779aa27c4ca5c39e09098>@@AEAV<lambda_3b83eb014488ad801d84acef5aaf14d3>@@$$QEAV<lambda_00e911965883f7966597d4c465c83ebc>@@@Z@4HA 0000000140054db4     libucrtd:onexit.obj
 0004:00002dc0       $pdata$?dtor$0@?0???R<lambda_d121dba8a4adeaf3a9819e48611155df>@@QEBAHXZ@4HA 0000000140054dc0     libucrtd:onexit.obj
 0004:00002dcc       $pdata$?fin$0@?0??heap_alloc_dbg_internal@@YAPEAX_KHQEBDH@Z@4HA 0000000140054dcc     libucrtd:debug_heap.obj
 0004:00002dcc       $pdata$_CrtMemCheckpoint$fin$0 0000000140054dcc     libucrtd:debug_heap.obj
 0004:00002dd8       $pdata$?fin$0@?0??validate_heap_if_required_nolock@@YAXXZ@4HA 0000000140054dd8     libucrtd:debug_heap.obj
 0004:00002de4       $pdata$_CrtCheckMemory$fin$0 0000000140054de4     libucrtd:debug_heap.obj
 0004:00002de4       $pdata$_CrtMemDumpAllObjectsSince$fin$0 0000000140054de4     libucrtd:debug_heap.obj
 0004:00002de4       $pdata$_CrtSetDbgFlag$fin$0 0000000140054de4     libucrtd:debug_heap.obj
 0004:00002de4       $pdata$_msize_dbg$fin$0    0000000140054de4     libucrtd:debug_heap.obj
 0004:00002de4       $pdata$_realloc_dbg$fin$0  0000000140054de4     libucrtd:debug_heap.obj
 0004:00002df0       $pdata$_free_dbg$fin$0     0000000140054df0     libucrtd:debug_heap.obj
 0004:00002df0       $pdata$_query_new_handler$fin$0 0000000140054df0     libucrtd:new_handler.obj
 0004:00002dfc       $pdata$?dtor$0@?0??fp_format_a@@YAHQEBNPEAD_KQEAD2H_NIQEAU__crt_locale_pointers@@@Z@4HA 0000000140054dfc     libucrtd:cvt.obj
 0004:00002e08       $pdata$__acrt_initialize_lowio$fin$0 0000000140054e08     libucrtd:ioinit.obj
 0004:00002e14       $pdata$?fin$0@?0??update_thread_multibyte_data_internal@@YAPEAU__crt_multibyte_data@@QEAU__acrt_ptd@@QEAPEAU1@@Z@4HA 0000000140054e14     libucrtd:mbctype.obj
 0004:00002e20       $pdata$__acrt_lowio_ensure_fh_exists$fin$0 0000000140054e20     libucrtd:osfinfo.obj
 0004:00002e2c       $pdata$__acrt_update_thread_locale_data$fin$0 0000000140054e2c     libucrtd:locale_refcounting.obj
 0004:00002e38       $pdata$raise$fin$0         0000000140054e38     libucrtd:signal.obj
 0004:00002e44       $pdata$_VCrtDbgReportA$fin$0 0000000140054e44     libucrtd:dbgrptt.obj
 0004:00002e50       $pdata$_VCrtDbgReportA$fin$1 0000000140054e50     libucrtd:dbgrptt.obj
 0004:00002e5c       $pdata$_VCrtDbgReportW$fin$0 0000000140054e5c     libucrtd:dbgrptt.obj
 0004:00002e68       $pdata$_VCrtDbgReportW$fin$1 0000000140054e68     libucrtd:dbgrptt.obj
 0004:00002e74       $pdata$_fcloseall$fin$0    0000000140054e74     libucrtd:closeall.obj
 0004:00002e80       $pdata$?fin$0@?0???$?RV<lambda_842d9ff0dc9ef11c61343bbaebe7f885>@@AEAV<lambda_c5860995281e5c4ce005b3de8f5874ee>@@V<lambda_d90129c13df834fdcbf8d2b88dafcf2d>@@@?$__crt_seh_guarded_call@X@@QEAAX$$QEAV<lambda_842d9ff0dc9ef11c61343bbaebe7f885>@@AEAV<lambda_c5860995281e5c4ce005b3de8f5874ee>@@$$QEAV<lambda_d90129c13df834fdcbf8d2b88dafcf2d>@@@Z@4HA 0000000140054e80     libucrtd:fflush.obj
 0004:00002e8c       $pdata$?dtor$0@?0??shortsort@@YAXPEAD0_KP6AHPEBX2@Z@Z@4HA 0000000140054e8c     libucrtd:qsort.obj
 0004:00002e98       $pdata$?dtor$0@?0??_wcstombs_l_helper@@YA_KPEADPEB_W_KPEAU__crt_locale_pointers@@@Z@4HA 0000000140054e98     libucrtd:wcstombs.obj
 0004:00002ea4       $pdata$_write$fin$0        0000000140054ea4     libucrtd:write.obj
 0004:00002eb0       $pdata$fclose$fin$0        0000000140054eb0     libucrtd:fclose.obj
 0004:00002ebc       $pdata$?fin$0@?0???$?RV<lambda_53fc7fc888e23d815d7080162c0aeeb2>@@AEAV<lambda_4e7105787b7b0e0227fbf2b2d883fa65>@@V<lambda_8ddc48ad9d26c778cb15812d1d88fc8a>@@@?$__crt_seh_guarded_call@H@@QEAAH$$QEAV<lambda_53fc7fc888e23d815d7080162c0aeeb2>@@AEAV<lambda_4e7105787b7b0e0227fbf2b2d883fa65>@@$$QEAV<lambda_8ddc48ad9d26c778cb15812d1d88fc8a>@@@Z@4HA 0000000140054ebc     libucrtd:close.obj
 0004:00002ebc       $pdata$?fin$0@?0???$?RV<lambda_4e3dbe6921bc0b5a1a6bc6573fdc859e>@@AEAV<lambda_5533cddd4bda0037814beee657757329>@@V<lambda_47cffbaa968af5c721c38a4a6f8da44d>@@@?$__crt_seh_guarded_call@H@@QEAAH$$QEAV<lambda_4e3dbe6921bc0b5a1a6bc6573fdc859e>@@AEAV<lambda_5533cddd4bda0037814beee657757329>@@$$QEAV<lambda_47cffbaa968af5c721c38a4a6f8da44d>@@@Z@4HA 0000000140054ebc     libucrtd:commit.obj
 0004:00002ec8       $pdata$_ctrlfp$filt$0      0000000140054ec8     libucrtd:fpctrl.obj
 0004:00002ed4       $pdata$_IsNonwritableInCurrentImage$filt$0 0000000140054ed4     LIBCMTD:pesect.obj
 0005:00000000       MoveSmall                  0000000140055000     libvcruntimed:memcpy.obj
 0005:00000050       MsetTab                    0000000140055050     libvcruntimed:memset.obj
