 win32_handmade

 Timestamp is 5ff017dd (Fri Jan  1 23:51:09 2021)

 Preferred load address is 0000000140000000

 Start         Length     Name                   Class
 0001:00000000 0003aad0H .text$mn                CODE
 0001:0003aad0 00000040H .text$mn$00             CODE
 0001:0003ab10 0000067dH .text$x                 CODE
 0002:00000000 000003b0H .idata$5                DATA
 0002:000003b0 00000028H .00cfg                  DATA
 0002:000003d8 00000008H .CRT$XCA                DATA
 0002:000003e0 00000008H .CRT$XCAA               DATA
 0002:000003e8 00000008H .CRT$XCZ                DATA
 0002:000003f0 00000008H .CRT$XIA                DATA
 0002:000003f8 00000008H .CRT$XIAA               DATA
 0002:00000400 00000008H .CRT$XIAC               DATA
 0002:00000408 00000020H .CRT$XIC                DATA
 0002:00000428 00000008H .CRT$XIZ                DATA
 0002:00000430 00000008H .CRT$XPA                DATA
 0002:00000438 00000010H .CRT$XPX                DATA
 0002:00000448 00000008H .CRT$XPXA               DATA
 0002:00000450 00000008H .CRT$XPZ                DATA
 0002:00000458 00000008H .CRT$XTA                DATA
 0002:00000460 00000010H .CRT$XTZ                DATA
 0002:00000468 00000000H .gehcont$y              DATA
 0002:00000468 00000000H .gfids$y                DATA
 0002:00000470 00010c90H .rdata                  DATA
 0002:00011100 00000000H .rdata$CastGuardVftablesA DATA
 0002:00011100 00000000H .rdata$CastGuardVftablesC DATA
 0002:00011100 0000016cH .rdata$r                DATA
 0002:0001126c 00000324H .rdata$zzzdbg           DATA
 0002:00011590 00000008H .rtc$IAA                DATA
 0002:00011598 00000008H .rtc$IZZ                DATA
 0002:000115a0 00000008H .rtc$TAA                DATA
 0002:000115a8 00000008H .rtc$TZZ                DATA
 0002:000115b0 000011c8H .xdata                  DATA
 0002:00012778 00000084H .xdata$x                DATA
 0002:000127fc 00000000H .edata                  DATA
 0002:000127fc 00000050H .idata$2                DATA
 0002:0001284c 00000014H .idata$3                DATA
 0002:00012860 000003b0H .idata$4                DATA
 0002:00012c10 0000082aH .idata$6                DATA
 0003:00000000 00000aa0H .data                   DATA
 0003:00000aa0 00000070H .data$r                 DATA
 0003:00000b10 000018e0H .bss                    DATA
 0004:00000000 00002f64H .pdata                  DATA
 0005:00000000 00000094H _RDATA                  DATA

  Address         Publics by Value              Rva+Base               Lib:Object

 0000:00000000       __arm64x_extra_rfe_table_size 0000000000000000     <absolute>
 0000:00000000       __guard_iat_table          0000000000000000     <absolute>
 0000:00000000       __guard_longjmp_table      0000000000000000     <absolute>
 0000:00000000       __x64_code_ranges_to_entry_points 0000000000000000     <absolute>
 0000:00000000       __x64_code_ranges_to_entry_points_count 0000000000000000     <absolute>
 0000:00000000       __guard_fids_count         0000000000000000     <absolute>
 0000:00000000       __guard_iat_count          0000000000000000     <absolute>
 0000:00000000       __guard_longjmp_count      0000000000000000     <absolute>
 0000:00000000       __dynamic_value_reloc_table 0000000000000000     <absolute>
 0000:00000000       __arm64x_extra_rfe_table   0000000000000000     <absolute>
 0000:00000000       __hybrid_auxiliary_iat     0000000000000000     <absolute>
 0000:00000000       __hybrid_code_map          0000000000000000     <absolute>
 0000:00000000       __volatile_metadata        0000000000000000     <absolute>
 0000:00000000       __arm64x_redirection_metadata 0000000000000000     <absolute>
 0000:00000000       ___safe_se_handler_count   0000000000000000     <absolute>
 0000:00000000       __AbsoluteZero             0000000000000000     <absolute>
 0000:00000000       __guard_fids_table         0000000000000000     <absolute>
 0000:00000000       __guard_eh_cont_count      0000000000000000     <absolute>
 0000:00000000       ___safe_se_handler_table   0000000000000000     <absolute>
 0000:00000000       __arm64x_redirection_metadata_count 0000000000000000     <absolute>
 0000:00000000       __enclave_config           0000000000000000     <absolute>
 0000:00000000       __guard_eh_cont_table      0000000000000000     <absolute>
 0000:00000000       __arm64x_native_entrypoint 0000000000000000     <absolute>
 0000:00000000       __hybrid_code_map_count    0000000000000000     <absolute>
 0000:00000100       __guard_flags              0000000000000100     <absolute>
 0000:00000000       __ImageBase                0000000140000000     <linker-defined>
 0001:00000000       ?PushSize_@@YAPEAXPEAUmemory_arena@@_K@Z 0000000140001000 f   win32_handmade.obj
 0001:00000070       WinMain                    0000000140001070 f   win32_handmade.obj
 0001:000019d0       ?XInputGetStateStub@@YAKKPEAU_XINPUT_STATE@@@Z 00000001400029d0 f   win32_handmade.obj
 0001:000019f0       ?XInputSetStateStub@@YAKKPEAU_XINPUT_VIBRATION@@@Z 00000001400029f0 f   win32_handmade.obj
 0001:00001c70       ?DEBUGPlatformFreeFileMemory@@YAXPEAUthread_context@@PEAX@Z 0000000140002c70 f   win32_handmade.obj
 0001:00001cb0       ?DEBUGPlatformReadEntireFile@@YA?AUdebug_read_file_result@@PEAUthread_context@@PEAD@Z 0000000140002cb0 f   win32_handmade.obj
 0001:00001e00       ?DEBUGPlatformWriteEntireFile@@YAHPEAUthread_context@@PEADIPEAX@Z 0000000140002e00 f   win32_handmade.obj
 0001:00002740       ?MainWindowCallback@@YA_JPEAUHWND__@@I_K_J@Z 0000000140003740 f   win32_handmade.obj
 0001:00003730       ?GetController@@YAPEAUgame_controller_input@@PEAUgame_input@@H@Z 0000000140004730 f i win32_handmade.obj
 0001:00003780       ?SafeTruncateUInt64@@YAI_K@Z 0000000140004780 f i win32_handmade.obj
 0001:000037b0       ?Win32GetLastWriteTime@@YA?AU_FILETIME@@PEAD@Z 00000001400047b0 f i win32_handmade.obj
 0001:00003820       ?Win32GetSecondsElapsed@@YAMT_LARGE_INTEGER@@0@Z 0000000140004820 f i win32_handmade.obj
 0001:00003890       ?Win32GetWallClock@@YA?AT_LARGE_INTEGER@@XZ 0000000140004890 f i win32_handmade.obj
 0001:000038b0       __GSHandlerCheck           00000001400048b0 f   LIBCMTD:gshandler.obj
 0001:000038f0       __GSHandlerCheckCommon     00000001400048f0 f   LIBCMTD:gshandler.obj
 0001:00003a00       _alloca_probe              0000000140004a00 f   LIBCMTD:chkstk.obj
 0001:00003a00       __chkstk                   0000000140004a00 f   LIBCMTD:chkstk.obj
 0001:00003a70       __security_check_cookie    0000000140004a70 f   LIBCMTD:amdsecgs.obj
 0001:00003d50       ?configure_argv@__scrt_narrow_argv_policy@@SAHXZ 0000000140004d50 f i LIBCMTD:exe_winmain.obj
 0001:00003d70       ?initialize_environment@__scrt_narrow_environment_policy@@SAHXZ 0000000140004d70 f i LIBCMTD:exe_winmain.obj
 0001:00003dc0       ?set_app_type@__scrt_winmain_policy@@SAXXZ 0000000140004dc0 f i LIBCMTD:exe_winmain.obj
 0001:00003de0       ?set_commode@__scrt_file_policy@@SAXXZ 0000000140004de0 f i LIBCMTD:exe_winmain.obj
 0001:00003e00       ?set_fmode@__scrt_file_policy@@SAXXZ 0000000140004e00 f i LIBCMTD:exe_winmain.obj
 0001:00003e20       WinMainCRTStartup          0000000140004e20 f   LIBCMTD:exe_winmain.obj
 0001:00003e30       __raise_securityfailure    0000000140004e30 f   LIBCMTD:gs_report.obj
 0001:00003e70       __report_gsfailure         0000000140004e70 f   LIBCMTD:gs_report.obj
 0001:00003f50       __report_rangecheckfailure 0000000140004f50 f   LIBCMTD:gs_report.obj
 0001:00003f70       __report_securityfailure   0000000140004f70 f   LIBCMTD:gs_report.obj
 0001:000042d0       NtCurrentTeb               00000001400052d0 f i LIBCMTD:utility.obj
 0001:000042e0       __scrt_acquire_startup_lock 00000001400052e0 f   LIBCMTD:utility.obj
 0001:00004350       __scrt_initialize_crt      0000000140005350 f   LIBCMTD:utility.obj
 0001:000043a0       __scrt_initialize_onexit_tables 00000001400053a0 f   LIBCMTD:utility.obj
 0001:000044b0       __scrt_is_nonwritable_in_current_image 00000001400054b0 f   LIBCMTD:utility.obj
 0001:00004540       __scrt_release_startup_lock 0000000140005540 f   LIBCMTD:utility.obj
 0001:00004570       __scrt_uninitialize_crt    0000000140005570 f   LIBCMTD:utility.obj
 0001:000045b0       _onexit                    00000001400055b0 f   LIBCMTD:utility.obj
 0001:00004630       atexit                     0000000140005630 f   LIBCMTD:utility.obj
 0001:00004730       __security_init_cookie     0000000140005730 f   LIBCMTD:gs_support.obj
 0001:000047b0       ?get_current_state_index@__crt_state_management@@YA_KAEBV__crt_scoped_get_last_error_reset@@@Z 00000001400057b0 f   libucrtd:per_thread_data.obj
 0001:000047b0       _matherr                   00000001400057b0 f   LIBCMTD:matherr.obj
 0001:000047c0       _get_startup_argv_mode     00000001400057c0 f   LIBCMTD:argv_mode.obj
 0001:000047d0       __scrt_stub_for_initialize_mta 00000001400057d0 f   LIBCMTD:utility_desktop.obj
 0001:000047d0       __scrt_exe_initialize_mta  00000001400057d0 f   LIBCMTD:utility_desktop.obj
 0001:000047d0       ?get_invalid_value@__crt_hmodule_traits@@SAPEAUHINSTANCE__@@XZ 00000001400057d0 f   libucrtd:exit.obj
 0001:000047d0       _get_startup_commit_mode   00000001400057d0 f   LIBCMTD:commit_mode.obj
 0001:000047d0       _get_startup_thread_locale_mode 00000001400057d0 f   LIBCMTD:thread_locale.obj
 0001:000047d0       _get_startup_new_mode      00000001400057d0 f   LIBCMTD:new_mode.obj
 0001:000047d0       ?get_current_state_index@__crt_state_management@@YA_KXZ 00000001400057d0 f   libucrtd:matherr.obj
 0001:000047d0       __scrt_initialize_winrt    00000001400057d0 f   LIBCMTD:utility_desktop.obj
 0001:000047e0       _get_startup_file_mode     00000001400057e0 f   LIBCMTD:file_mode.obj
 0001:000047f0       ?__scrt_initialize_type_info@@YAXXZ 00000001400057f0 f   LIBCMTD:tncleanup.obj
 0001:00004810       _should_initialize_environment 0000000140005810 f   LIBCMTD:env_mode.obj
 0001:00004820       _initialize_denormal_control 0000000140005820 f   LIBCMTD:denormal_control.obj
 0001:00004820       _initialize_invalid_parameter_handler 0000000140005820 f   LIBCMTD:invalid_parameter_handler.obj
 0001:00004830       __local_stdio_printf_options 0000000140005830 f i LIBCMTD:default_local_stdio_options.obj
 0001:00004840       __local_stdio_scanf_options 0000000140005840 f i LIBCMTD:default_local_stdio_options.obj
 0001:00004850       __scrt_initialize_default_local_stdio_options 0000000140005850 f   LIBCMTD:default_local_stdio_options.obj
 0001:000048a0       __scrt_is_user_matherr_present 00000001400058a0 f   LIBCMTD:matherr_detection.obj
 0001:000048d0       __scrt_get_dyn_tls_init_callback 00000001400058d0 f   LIBCMTD:dyn_tls_init.obj
 0001:000048e0       __scrt_get_dyn_tls_dtor_callback 00000001400058e0 f   LIBCMTD:dyn_tls_dtor.obj
 0001:000048f0       __crt_debugger_hook        00000001400058f0 f   LIBCMTD:utility_desktop.obj
 0001:00004900       __scrt_fastfail            0000000140005900 f   LIBCMTD:utility_desktop.obj
 0001:00004aa0       __scrt_get_show_window_mode 0000000140005aa0 f   LIBCMTD:utility_desktop.obj
 0001:00004b00       __scrt_initialize_mta      0000000140005b00 f   LIBCMTD:utility_desktop.obj
 0001:00004b10       __scrt_is_managed_app      0000000140005b10 f   LIBCMTD:utility_desktop.obj
 0001:00004bc0       __scrt_set_unhandled_exception_filter 0000000140005bc0 f   LIBCMTD:utility_desktop.obj
 0001:00004be0       __scrt_unhandled_exception_filter 0000000140005be0 f   LIBCMTD:utility_desktop.obj
 0001:00004c80       _RTC_Initialize            0000000140005c80 f   LIBCMTD:initsect.obj
 0001:00004cd0       _RTC_Terminate             0000000140005cd0 f   LIBCMTD:initsect.obj
 0001:00004d20       ??1?$__crt_simd_cleanup_guard@$0A@@@QEAA@XZ 0000000140005d20 f i libucrtd:strnlen.obj
 0001:00004d20       ??1scoped_global_state_reset@__crt_state_management@@QEAA@XZ 0000000140005d20 f i libucrtd:onexit.obj
 0001:00004d20       _guard_check_icall_nop     0000000140005d20 f i LIBCMTD:guard_support.obj
 0001:00004d30       ?__crt_interlocked_read_64@@YA_JPED_J@Z 0000000140005d30 f i libvcruntimed:std_type_info.obj
 0001:00004d30       ReadNoFence64              0000000140005d30 f i LIBCMTD:guard_support.obj
 0001:00004d50       ??$__crt_interlocked_read_pointer@X@@YAPEAXPEDSEAX@Z 0000000140005d50 f i libvcruntimed:winapi_downlevel.obj
 0001:00004d50       ??$__crt_interlocked_read_pointer@UHINSTANCE__@@@@YAPEAUHINSTANCE__@@PEDSEAU0@@Z 0000000140005d50 f i libvcruntimed:winapi_downlevel.obj
 0001:00004d50       ReadPointerNoFence         0000000140005d50 f i LIBCMTD:guard_support.obj
 0001:00004d70       _guard_icall_checks_enforced 0000000140005d70 f i LIBCMTD:guard_support.obj
 0001:00004db0       __isa_available_init       0000000140005db0 f   LIBCMTD:cpu_disp.obj
 0001:00005150       __scrt_is_ucrt_dll_in_use  0000000140006150 f   LIBCMTD:ucrt_detection.obj
 0001:00005180       IsProcessorFeaturePresent  0000000140006180 f   kernel32:KERNEL32.dll
 0001:00005190       __C_specific_handler       0000000140006190 f   libvcruntimed:riscchandler.obj
 0001:00005600       __vcrt_initialize          0000000140006600 f   libvcruntimed:initialization.obj
 0001:00005640       __vcrt_uninitialize        0000000140006640 f   libvcruntimed:initialization.obj
 0001:00005660       ??$?RE@__crt_internal_free_policy@@QEBAXQEBE@Z 0000000140006660 f i libucrtd:argv_parsing.obj
 0001:00005660       ??$?RP6AXXZ@__crt_internal_free_policy@@QEBAXQEBQ6AXXZ@Z 0000000140006660 f i libucrtd:onexit.obj
 0001:00005660       ??$?RU__vcrt_ptd@@@__crt_internal_free_policy@@QEBAXQEBU__vcrt_ptd@@@Z 0000000140006660 f i libvcruntimed:per_thread_data.obj
 0001:00005660       ??$?RU__crt_multibyte_data@@@__crt_internal_free_policy@@QEBAXQEBU__crt_multibyte_data@@@Z 0000000140006660 f i libucrtd:wsetlocale.obj
 0001:00005660       ??$?RD@__crt_internal_free_policy@@QEBAXQEBD@Z 0000000140006660 f i libvcruntimed:std_type_info.obj
 0001:00005660       ??$?RU__crt_lowio_handle_data@@@__crt_internal_free_policy@@QEBAXQEBU__crt_lowio_handle_data@@@Z 0000000140006660 f i libucrtd:osfinfo.obj
 0001:00005660       ??$?RPEAU__crt_stdio_stream_data@@@__crt_internal_free_policy@@QEBAXQEBQEAU__crt_stdio_stream_data@@@Z 0000000140006660 f i libucrtd:_file.obj
 0001:00005660       ??$?RU__acrt_ptd@@@__crt_internal_free_policy@@QEBAXQEBU__acrt_ptd@@@Z 0000000140006660 f i libucrtd:per_thread_data.obj
 0001:00005660       ??$?RPEAD@__crt_internal_free_policy@@QEBAXQEBQEAD@Z 0000000140006660 f i libucrtd:argv_parsing.obj
 0001:00005690       ??0?$__crt_unique_handle_t@U__crt_findfile_traits@@@@QEAA@QEAX@Z 0000000140006690 f i libucrtd:argv_wildcards.obj
 0001:00005690       ??0?$__crt_unique_heap_ptr@PEAU__crt_stdio_stream_data@@U__crt_internal_free_policy@@@@QEAA@QEAPEAU__crt_stdio_stream_data@@@Z 0000000140006690 f i libucrtd:_file.obj
 0001:00005690       ??0?$string_output_adapter@D@__crt_stdio_output@@QEAA@QEAU?$string_output_adapter_context@D@1@@Z 0000000140006690 f i libucrtd:output.obj
 0001:00005690       ??0?$__crt_unique_heap_ptr@P6AXXZU__crt_internal_free_policy@@@@QEAA@QEAP6AXXZ@Z 0000000140006690 f i libucrtd:onexit.obj
 0001:00005690       ??0?$__crt_scoped_stack_ptr@_W@@QEAA@U?$__crt_scoped_stack_ptr_tag@_W@@@Z 0000000140006690 f i libucrtd:getstringtypea.obj
 0001:00005690       ??0?$__crt_unique_heap_ptr@U__vcrt_ptd@@U__crt_internal_free_policy@@@@QEAA@QEAU__vcrt_ptd@@@Z 0000000140006690 f i libvcruntimed:per_thread_data.obj
 0001:00005690       ??0?$__crt_scoped_stack_ptr_tag@_W@@QEAA@QEA_W@Z 0000000140006690 f i libucrtd:getstringtypea.obj
 0001:00005690       ??0?$__crt_unique_handle_t@U__crt_hmodule_traits@@@@QEAA@QEAUHINSTANCE__@@@Z 0000000140006690 f i libucrtd:exit.obj
 0001:00005690       ??0__crt_stdio_stream@@QEAA@QEAU__crt_stdio_stream_data@@@Z 0000000140006690 f i libucrtd:fflush.obj
 0001:00005690       ??0?$__crt_unique_heap_ptr@DU__crt_internal_free_policy@@@@QEAA@QEAD@Z 0000000140006690 f i libvcruntimed:std_type_info.obj
 0001:00005690       ??0?$__crt_unique_heap_ptr@U__crt_multibyte_data@@U__crt_internal_free_policy@@@@QEAA@QEAU__crt_multibyte_data@@@Z 0000000140006690 f i libucrtd:wsetlocale.obj
 0001:00005690       ??0?$__crt_unique_heap_ptr@DU__crt_public_free_policy@@@@QEAA@QEAD@Z 0000000140006690 f i libvcruntimed:std_exception.obj
 0001:00005690       ??0?$__crt_unique_heap_ptr@U__crt_lowio_handle_data@@U__crt_internal_free_policy@@@@QEAA@QEAU__crt_lowio_handle_data@@@Z 0000000140006690 f i libucrtd:osfinfo.obj
 0001:00005690       ??0?$__crt_unique_heap_ptr@U__acrt_ptd@@U__crt_internal_free_policy@@@@QEAA@QEAU__acrt_ptd@@@Z 0000000140006690 f i libucrtd:per_thread_data.obj
 0001:00005690       ??0?$string_output_adapter@_W@__crt_stdio_output@@QEAA@QEAU?$string_output_adapter_context@_W@1@@Z 0000000140006690 f i libucrtd:output.obj
 0001:00005690       ??0?$__crt_unique_heap_ptr@EU__crt_internal_free_policy@@@@QEAA@QEAE@Z 0000000140006690 f i libucrtd:argv_parsing.obj
 0001:00005690       ??0?$__crt_unique_heap_ptr@PEADU__crt_internal_free_policy@@@@QEAA@QEAPEAD@Z 0000000140006690 f i libucrtd:argv_parsing.obj
 0001:00005690       ??0__crt_stdio_stream@@QEAA@QEAU_iobuf@@@Z 0000000140006690 f i libucrtd:output.obj
 0001:000056b0       ??1?$__crt_unique_heap_ptr@U__acrt_ptd@@U__crt_internal_free_policy@@@@QEAA@XZ 00000001400066b0 f i libucrtd:per_thread_data.obj
 0001:000056b0       ??1?$__crt_unique_heap_ptr@U__crt_multibyte_data@@U__crt_internal_free_policy@@@@QEAA@XZ 00000001400066b0 f i libucrtd:wsetlocale.obj
 0001:000056b0       ??1?$__crt_unique_heap_ptr@PEADU__crt_internal_free_policy@@@@QEAA@XZ 00000001400066b0 f i libucrtd:argv_parsing.obj
 0001:000056b0       ??1?$__crt_unique_heap_ptr@EU__crt_internal_free_policy@@@@QEAA@XZ 00000001400066b0 f i libucrtd:argv_parsing.obj
 0001:000056b0       ??1?$__crt_unique_heap_ptr@U__vcrt_ptd@@U__crt_internal_free_policy@@@@QEAA@XZ 00000001400066b0 f i libvcruntimed:per_thread_data.obj
 0001:000056b0       ??1?$__crt_unique_heap_ptr@PEAU__crt_stdio_stream_data@@U__crt_internal_free_policy@@@@QEAA@XZ 00000001400066b0 f i libucrtd:_file.obj
 0001:000056b0       ??1?$__crt_unique_heap_ptr@DU__crt_internal_free_policy@@@@QEAA@XZ 00000001400066b0 f i libvcruntimed:std_type_info.obj
 0001:000056b0       ??1?$__crt_unique_heap_ptr@U__crt_lowio_handle_data@@U__crt_internal_free_policy@@@@QEAA@XZ 00000001400066b0 f i libucrtd:osfinfo.obj
 0001:000056b0       ??1?$__crt_unique_heap_ptr@P6AXXZU__crt_internal_free_policy@@@@QEAA@XZ 00000001400066b0 f i libucrtd:onexit.obj
 0001:000056d0       ??B?$__crt_unique_heap_ptr@U__crt_multibyte_data@@U__crt_internal_free_policy@@@@QEBA_NXZ 00000001400066d0 f i libucrtd:wsetlocale.obj
 0001:000056d0       ??B?$__crt_unique_heap_ptr@EU__crt_internal_free_policy@@@@QEBA_NXZ 00000001400066d0 f i libucrtd:argv_parsing.obj
 0001:000056d0       ??B?$__crt_unique_heap_ptr@U__acrt_ptd@@U__crt_internal_free_policy@@@@QEBA_NXZ 00000001400066d0 f i libucrtd:per_thread_data.obj
 0001:000056d0       ??B?$__crt_unique_heap_ptr@U__vcrt_ptd@@U__crt_internal_free_policy@@@@QEBA_NXZ 00000001400066d0 f i libvcruntimed:per_thread_data.obj
 0001:000056d0       ??B?$__crt_unique_heap_ptr@U__crt_lowio_handle_data@@U__crt_internal_free_policy@@@@QEBA_NXZ 00000001400066d0 f i libucrtd:osfinfo.obj
 0001:000056d0       ??B?$__crt_unique_heap_ptr@DU__crt_public_free_policy@@@@QEBA_NXZ 00000001400066d0 f i libvcruntimed:std_exception.obj
 0001:000056d0       ??B?$__crt_unique_heap_ptr@DU__crt_internal_free_policy@@@@QEBA_NXZ 00000001400066d0 f i libvcruntimed:std_type_info.obj
 0001:000056f0       ?get@?$__crt_scoped_stack_ptr@_W@@QEBAPEA_WXZ 00000001400066f0 f i libucrtd:getstringtypea.obj
 0001:000056f0       ?get@?$__crt_unique_heap_ptr@DU__crt_public_free_policy@@@@QEBAPEADXZ 00000001400066f0 f i libvcruntimed:std_exception.obj
 0001:000056f0       ?get@?$__crt_unique_handle_t@U__crt_findfile_traits@@@@QEBAPEAXXZ 00000001400066f0 f i libucrtd:argv_wildcards.obj
 0001:000056f0       ?get@?$__crt_unique_heap_ptr@PEADU__crt_internal_free_policy@@@@QEBAPEAPEADXZ 00000001400066f0 f i libucrtd:argv_parsing.obj
 0001:000056f0       ?get@?$__crt_unique_heap_ptr@U__crt_lowio_handle_data@@U__crt_internal_free_policy@@@@QEBAPEAU__crt_lowio_handle_data@@XZ 00000001400066f0 f i libucrtd:osfinfo.obj
 0001:000056f0       ?get@?$__crt_unique_heap_ptr@U__vcrt_ptd@@U__crt_internal_free_policy@@@@QEBAPEAU__vcrt_ptd@@XZ 00000001400066f0 f i libvcruntimed:per_thread_data.obj
 0001:000056f0       ?save_state@?$c_string_character_source@D@__crt_strtox@@QEBAPEBDXZ 00000001400066f0 f i libucrtd:atox.obj
 0001:000056f0       ?public_stream@__crt_stdio_stream@@QEBAPEAU_iobuf@@XZ 00000001400066f0 f i libucrtd:output.obj
 0001:000056f0       ?get@?$__crt_unique_heap_ptr@EU__crt_internal_free_policy@@@@QEBAPEAEXZ 00000001400066f0 f i libucrtd:argv_parsing.obj
 0001:000056f0       ??C__crt_stdio_stream@@QEBAPEAU__crt_stdio_stream_data@@XZ 00000001400066f0 f i libucrtd:output.obj
 0001:000056f0       ?get@?$__crt_unique_heap_ptr@DU__crt_internal_free_policy@@@@QEBAPEADXZ 00000001400066f0 f i libvcruntimed:std_type_info.obj
 0001:000056f0       ?get@?$__crt_unique_heap_ptr@U__acrt_ptd@@U__crt_internal_free_policy@@@@QEBAPEAU__acrt_ptd@@XZ 00000001400066f0 f i libucrtd:per_thread_data.obj
 0001:000056f0       ?save_state@?$c_string_character_source@_W@__crt_strtox@@QEBAPEB_WXZ 00000001400066f0 f i libucrtd:atox.obj
 0001:000056f0       ?get@?$__crt_unique_heap_ptr@U__crt_multibyte_data@@U__crt_internal_free_policy@@@@QEBAPEAU__crt_multibyte_data@@XZ 00000001400066f0 f i libucrtd:wsetlocale.obj
 0001:000056f0       ?get@?$__crt_unique_handle_t@U__crt_hmodule_traits@@@@QEBAPEAUHINSTANCE__@@XZ 00000001400066f0 f i libucrtd:exit.obj
 0001:00005700       ?is_valid@?$__crt_unique_heap_ptr@U__acrt_ptd@@U__crt_internal_free_policy@@@@QEBA_NXZ 0000000140006700 f i libucrtd:per_thread_data.obj
 0001:00005700       ?is_valid@?$__crt_unique_heap_ptr@U__crt_lowio_handle_data@@U__crt_internal_free_policy@@@@QEBA_NXZ 0000000140006700 f i libucrtd:osfinfo.obj
 0001:00005700       ?valid@__crt_stdio_stream@@QEBA_NXZ 0000000140006700 f i libucrtd:output.obj
 0001:00005700       ?is_valid@?$__crt_unique_heap_ptr@DU__crt_public_free_policy@@@@QEBA_NXZ 0000000140006700 f i libvcruntimed:std_exception.obj
 0001:00005700       ?is_valid@?$__crt_unique_heap_ptr@DU__crt_internal_free_policy@@@@QEBA_NXZ 0000000140006700 f i libvcruntimed:std_type_info.obj
 0001:00005700       ?is_valid@?$__crt_unique_heap_ptr@EU__crt_internal_free_policy@@@@QEBA_NXZ 0000000140006700 f i libucrtd:argv_parsing.obj
 0001:00005700       ??B?$__crt_scoped_stack_ptr@_W@@QEBA_NXZ 0000000140006700 f i libucrtd:lcmapstringa.obj
 0001:00005700       ?is_valid@?$__crt_unique_heap_ptr@U__vcrt_ptd@@U__crt_internal_free_policy@@@@QEBA_NXZ 0000000140006700 f i libvcruntimed:per_thread_data.obj
 0001:00005700       ?is_valid@?$__crt_unique_heap_ptr@U__crt_multibyte_data@@U__crt_internal_free_policy@@@@QEBA_NXZ 0000000140006700 f i libucrtd:wsetlocale.obj
 0001:00005730       ?release@?$__crt_unique_heap_ptr@DU__crt_internal_free_policy@@@@QEAAXXZ 0000000140006730 f i libvcruntimed:std_type_info.obj
 0001:00005730       ?release@?$__crt_unique_heap_ptr@PEAU__crt_stdio_stream_data@@U__crt_internal_free_policy@@@@QEAAXXZ 0000000140006730 f i libucrtd:_file.obj
 0001:00005730       ?release@?$__crt_unique_heap_ptr@U__crt_lowio_handle_data@@U__crt_internal_free_policy@@@@QEAAXXZ 0000000140006730 f i libucrtd:osfinfo.obj
 0001:00005730       ?release@?$__crt_unique_heap_ptr@U__vcrt_ptd@@U__crt_internal_free_policy@@@@QEAAXXZ 0000000140006730 f i libvcruntimed:per_thread_data.obj
 0001:00005730       ?release@?$__crt_unique_heap_ptr@EU__crt_internal_free_policy@@@@QEAAXXZ 0000000140006730 f i libucrtd:argv_parsing.obj
 0001:00005730       ?release@?$__crt_unique_heap_ptr@P6AXXZU__crt_internal_free_policy@@@@QEAAXXZ 0000000140006730 f i libucrtd:onexit.obj
 0001:00005730       ?release@?$__crt_unique_heap_ptr@U__acrt_ptd@@U__crt_internal_free_policy@@@@QEAAXXZ 0000000140006730 f i libucrtd:per_thread_data.obj
 0001:00005730       ?release@?$__crt_unique_heap_ptr@PEADU__crt_internal_free_policy@@@@QEAAXXZ 0000000140006730 f i libucrtd:argv_parsing.obj
 0001:00005730       ?release@?$__crt_unique_heap_ptr@U__crt_multibyte_data@@U__crt_internal_free_policy@@@@QEAAXXZ 0000000140006730 f i libucrtd:wsetlocale.obj
 0001:00005760       __std_type_info_compare    0000000140006760 f   libvcruntimed:std_type_info.obj
 0001:000057a0       __DestructExceptionObject  00000001400067a0 f   libvcruntimed:ehhelpers.obj
 0001:000058a0       ?_CallMemberFunction0@@YAXQEAX0@Z 00000001400068a0 f i libvcruntimed:ehhelpers.obj
 0001:00005970       _IsExceptionObjectToBeDestroyed 0000000140006970 f   libvcruntimed:ehhelpers.obj
 0001:000059c0       __AdjustPointer            00000001400069c0 f   libvcruntimed:ehhelpers.obj
 0001:00005a40       __FrameUnwindFilter        0000000140006a40 f   libvcruntimed:ehhelpers.obj
 0001:00005af0       __current_exception        0000000140006af0 f   libvcruntimed:ehhelpers.obj
 0001:00005b10       __current_exception_context 0000000140006b10 f   libvcruntimed:ehhelpers.obj
 0001:00005b40       _NLG_Notify                0000000140006b40 f   libvcruntimed:notify.obj
 0001:00005b60       __NLG_Dispatch2            0000000140006b60 f   libvcruntimed:notify.obj
 0001:00005b70       __NLG_Return2              0000000140006b70 f   libvcruntimed:notify.obj
 0001:00005b80       __except_validate_context_record 0000000140006b80 f   libvcruntimed:jbcxrval.obj
 0001:00005c20       ?detach@?$__crt_unique_heap_ptr@PEADU__crt_internal_free_policy@@@@QEAAPEAPEADXZ 0000000140006c20 f i libucrtd:argv_parsing.obj
 0001:00005c20       ?detach@?$__crt_unique_heap_ptr@PEAU__crt_stdio_stream_data@@U__crt_internal_free_policy@@@@QEAAPEAPEAU__crt_stdio_stream_data@@XZ 0000000140006c20 f i libucrtd:_file.obj
 0001:00005c20       ?detach@?$__crt_unique_heap_ptr@U__crt_multibyte_data@@U__crt_internal_free_policy@@@@QEAAPEAU__crt_multibyte_data@@XZ 0000000140006c20 f i libucrtd:wsetlocale.obj
 0001:00005c20       ?detach@?$__crt_unique_heap_ptr@U__crt_lowio_handle_data@@U__crt_internal_free_policy@@@@QEAAPEAU__crt_lowio_handle_data@@XZ 0000000140006c20 f i libucrtd:osfinfo.obj
 0001:00005c20       ?detach@?$__crt_unique_heap_ptr@P6AXXZU__crt_internal_free_policy@@@@QEAAPEAP6AXXZXZ 0000000140006c20 f i libucrtd:onexit.obj
 0001:00005c20       ?detach@?$__crt_unique_heap_ptr@EU__crt_internal_free_policy@@@@QEAAPEAEXZ 0000000140006c20 f i libucrtd:argv_parsing.obj
 0001:00005c20       ?detach@?$__crt_unique_heap_ptr@U__vcrt_ptd@@U__crt_internal_free_policy@@@@QEAAPEAU__vcrt_ptd@@XZ 0000000140006c20 f i libvcruntimed:per_thread_data.obj
 0001:00005c20       ?detach@?$__crt_unique_heap_ptr@U__acrt_ptd@@U__crt_internal_free_policy@@@@QEAAPEAU__acrt_ptd@@XZ 0000000140006c20 f i libucrtd:per_thread_data.obj
 0001:00005c20       ?detach@?$__crt_unique_heap_ptr@DU__crt_public_free_policy@@@@QEAAPEADXZ 0000000140006c20 f i libvcruntimed:std_exception.obj
 0001:00005c90       __vcrt_freefls             0000000140006c90 f   libvcruntimed:per_thread_data.obj
 0001:00005cd0       __vcrt_getptd              0000000140006cd0 f   libvcruntimed:per_thread_data.obj
 0001:00005d00       __vcrt_getptd_noexit       0000000140006d00 f   libvcruntimed:per_thread_data.obj
 0001:00005ea0       __vcrt_initialize_ptd      0000000140006ea0 f   libvcruntimed:per_thread_data.obj
 0001:00005ef0       __vcrt_uninitialize_ptd    0000000140006ef0 f   libvcruntimed:per_thread_data.obj
 0001:00005f20       __vcrt_initialize_locks    0000000140006f20 f   libvcruntimed:locks.obj
 0001:00005f90       __vcrt_uninitialize_locks  0000000140006f90 f   libvcruntimed:locks.obj
 0001:00005ff0       _vsprintf_s_l              0000000140006ff0 f i libvcruntimed:undname.obj
 0001:00006060       sprintf_s                  0000000140007060 f i libvcruntimed:undname.obj
 0001:000060c0       ??$__crt_interlocked_exchange_pointer@XPEAX@@YAPEAXPEDSEAXQEAX@Z 00000001400070c0 f i libvcruntimed:winapi_downlevel.obj
 0001:000060c0       ??$__crt_interlocked_exchange_pointer@UHINSTANCE__@@PEAX@@YAPEAUHINSTANCE__@@PEDSEAU0@QEAX@Z 00000001400070c0 f i libvcruntimed:winapi_downlevel.obj
 0001:000060c0       ??$__crt_interlocked_exchange_pointer@UHINSTANCE__@@PEAU1@@@YAPEAUHINSTANCE__@@PEDSEAU0@QEAU0@@Z 00000001400070c0 f i libvcruntimed:winapi_downlevel.obj
 0001:000060e0       ?get_invalid_value@__crt_findfile_traits@@SAPEAXXZ 00000001400070e0 f   libucrtd:argv_wildcards.obj
 0001:000065d0       __vcrt_FlsAlloc            00000001400075d0 f   libvcruntimed:winapi_downlevel.obj
 0001:00006620       __vcrt_FlsFree             0000000140007620 f   libvcruntimed:winapi_downlevel.obj
 0001:00006670       __vcrt_FlsGetValue         0000000140007670 f   libvcruntimed:winapi_downlevel.obj
 0001:000066c0       __vcrt_FlsSetValue         00000001400076c0 f   libvcruntimed:winapi_downlevel.obj
 0001:00006720       __vcrt_InitializeCriticalSectionEx 0000000140007720 f   libvcruntimed:winapi_downlevel.obj
 0001:000067a0       memcpy_repmovs             00000001400077a0 f   libvcruntimed:memcpy.obj
 0001:000067c0       memcpy                     00000001400077c0 f   libvcruntimed:memcpy.obj
 0001:000067c0       memmove                    00000001400077c0 f   libvcruntimed:memcpy.obj
 0001:00006ba0       ??$?0AEAViterator@TryBlockMap@__FrameHandler3@@AEAV012@$0A@@?$pair@Viterator@TryBlockMap@__FrameHandler3@@V123@@std@@QEAA@AEAViterator@TryBlockMap@__FrameHandler3@@0@Z 0000000140007ba0 f i libvcruntimed:risctrnsctrl.obj
 0001:00006cb0       ??$_CallSETranslator@V__FrameHandler3@@@@YAHPEAUEHExceptionRecord@@PEA_KPEAU_CONTEXT@@PEAU_xDISPATCHER_CONTEXT@@PEBU_s_FuncInfo@@K1H@Z 0000000140007cb0 f i libvcruntimed:risctrnsctrl.obj
 0001:00006d40       ?debug_info@?$__crt_win32_buffer@_WU__crt_win32_buffer_internal_dynamic_resizing@@@@QEBAAEBV__crt_win32_buffer_empty_debug_info@@XZ 0000000140007d40 f i libucrtd:argv_wildcards.obj
 0001:00006d40       ??$forward@AEAViterator@TryBlockMap@__FrameHandler3@@@std@@YAAEAViterator@TryBlockMap@__FrameHandler3@@AEAV123@@Z 0000000140007d40 f i libvcruntimed:risctrnsctrl.obj
 0001:00006d40       ?dangerous_get_state_array@?$dual_state_global@H@__crt_state_management@@QEAAPEAHXZ 0000000140007d40 f i libucrtd:txtmode.obj
 0001:00006d40       ?debug_info@?$__crt_win32_buffer@DU__crt_win32_buffer_no_resizing@@@@QEBAAEBV__crt_win32_buffer_empty_debug_info@@XZ 0000000140007d40 f i libucrtd:getmodulefilenamea.obj
 0001:00006d40       ?get_address_of@?$__crt_unique_heap_ptr@PEADU__crt_internal_free_policy@@@@QEAAPEAPEAPEADXZ 0000000140007d40 f i libucrtd:argv_parsing.obj
 0001:00006d40       ?dangerous_get_state_array@?$dual_state_global@PEAU__crt_multibyte_data@@@__crt_state_management@@QEAAPEAPEAU__crt_multibyte_data@@XZ 0000000140007d40 f i libucrtd:mbctype.obj
 0001:00006d40       ?dangerous_get_state_array@?$dual_state_global@PEAU__crt_locale_data@@@__crt_state_management@@QEAAPEAPEAU__crt_locale_data@@XZ 0000000140007d40 f i libucrtd:per_thread_data.obj
 0001:00006d40       ?debug_info@?$__crt_win32_buffer@DU__crt_win32_buffer_internal_dynamic_resizing@@@@QEBAAEBV__crt_win32_buffer_empty_debug_info@@XZ 0000000140007d40 f i libucrtd:argv_wildcards.obj
 0001:00006d40       ?dangerous_get_state_array@?$dual_state_global@PEAE@__crt_state_management@@QEAAPEAPEAEXZ 0000000140007d40 f i libucrtd:mbctype.obj
 0001:00006d40       ?dangerous_get_state_array@?$dual_state_global@P6AXPEB_W00I_K@Z@__crt_state_management@@QEAAPEAP6AXPEB_W00I_K@ZXZ 0000000140007d40 f i libucrtd:invalid_parameter.obj
 0001:00006d40       ?get_address_of@?$__crt_unique_handle_t@U__crt_hmodule_traits@@@@QEAAPEAPEAUHINSTANCE__@@XZ 0000000140007d40 f i libucrtd:exit.obj
 0001:00006d50       ??0iterator@TryBlockMap@__FrameHandler3@@QEAA@AEAV12@I@Z 0000000140007d50 f i libvcruntimed:risctrnsctrl.obj
 0001:00006d50       ??0iterator@HandlerMap@__FrameHandler3@@QEAA@AEAV12@I@Z 0000000140007d50 f i libvcruntimed:frame.obj
 0001:00006d80       ?CatchTryBlock@__FrameHandler3@@SAPEBU_s_TryBlockMapEntry@@PEBU_s_FuncInfo@@H@Z 0000000140007d80 f   libvcruntimed:risctrnsctrl.obj
 0001:00006e10       ?ExecutionInCatch@__FrameHandler3@@SA_NPEAU_xDISPATCHER_CONTEXT@@PEBU_s_FuncInfo@@@Z 0000000140007e10 f   libvcruntimed:risctrnsctrl.obj
 0001:00006e60       ?FrameUnwindToEmptyState@__FrameHandler3@@SAXPEA_KPEAU_xDISPATCHER_CONTEXT@@PEBU_s_FuncInfo@@@Z 0000000140007e60 f   libvcruntimed:risctrnsctrl.obj
 0001:00006f00       ?GetEstablisherFrame@__FrameHandler3@@SAPEA_KPEA_KPEAU_xDISPATCHER_CONTEXT@@PEBU_s_FuncInfo@@0@Z 0000000140007f00 f   libvcruntimed:risctrnsctrl.obj
 0001:00007070       ?GetRangeOfTrysToCheck@__FrameHandler3@@SA?AU?$pair@Viterator@TryBlockMap@__FrameHandler3@@V123@@std@@AEAVTryBlockMap@1@HPEAU_xDISPATCHER_CONTEXT@@PEBU_s_FuncInfo@@H@Z 0000000140008070 f   libvcruntimed:risctrnsctrl.obj
 0001:000072b0       ?UnwindNestedFrames@__FrameHandler3@@SAXPEA_KPEAUEHExceptionRecord@@PEAU_CONTEXT@@0PEAXPEBU_s_FuncInfo@@HHPEBU_s_HandlerType@@PEAU_xDISPATCHER_CONTEXT@@E@Z 00000001400082b0 f   libvcruntimed:risctrnsctrl.obj
 0001:00007420       _CreateFrameInfo           0000000140008420 f   libvcruntimed:risctrnsctrl.obj
 0001:00007490       _FindAndUnlinkFrame        0000000140008490 f   libvcruntimed:risctrnsctrl.obj
 0001:00007510       _GetImageBase              0000000140008510 f   libvcruntimed:risctrnsctrl.obj
 0001:00007530       _GetThrowImageBase         0000000140008530 f   libvcruntimed:risctrnsctrl.obj
 0001:00007550       _SetImageBase              0000000140008550 f   libvcruntimed:risctrnsctrl.obj
 0001:00007570       _SetThrowImageBase         0000000140008570 f   libvcruntimed:risctrnsctrl.obj
 0001:00007590       __CxxFrameHandler3         0000000140008590 f   libvcruntimed:risctrnsctrl.obj
 0001:00007670       ?GetCurrentState@__FrameHandler3@@SAHPEA_KPEAU_xDISPATCHER_CONTEXT@@PEBU_s_FuncInfo@@@Z 0000000140008670 f   libvcruntimed:ehstate.obj
 0001:000076d0       ?GetUnwindTryBlock@__FrameHandler3@@SAHPEA_KPEAU_xDISPATCHER_CONTEXT@@PEBU_s_FuncInfo@@@Z 00000001400086d0 f   libvcruntimed:ehstate.obj
 0001:00007720       ?SetState@__FrameHandler3@@SAXPEA_KPEBU_s_FuncInfo@@H@Z 0000000140008720 f   libvcruntimed:ehstate.obj
 0001:00007750       ?SetUnwindTryBlock@__FrameHandler3@@SAXPEA_KPEAU_xDISPATCHER_CONTEXT@@PEBU_s_FuncInfo@@H@Z 0000000140008750 f   libvcruntimed:ehstate.obj
 0001:000077c0       ?StateFromControlPc@__FrameHandler3@@SAHPEBU_s_FuncInfo@@PEAU_xDISPATCHER_CONTEXT@@@Z 00000001400087c0 f   libvcruntimed:ehstate.obj
 0001:00007800       ?StateFromIp@__FrameHandler3@@SAHPEBU_s_FuncInfo@@PEAU_xDISPATCHER_CONTEXT@@_K@Z 0000000140008800 f   libvcruntimed:ehstate.obj
 0001:000078f0       ?__RVAtoRealOffset@@YA_KPEAU_xDISPATCHER_CONTEXT@@H@Z 00000001400088f0 f i libvcruntimed:ehstate.obj
 0001:00008ad0       ??$TypeMatchHelper@V__FrameHandler3@@@@YAHPEBU_s_HandlerType@@PEBU_s_CatchableType@@PEBU_s_ThrowInfo@@@Z 0000000140009ad0 f i libvcruntimed:frame.obj
 0001:00008cd0       ??$__InternalCxxFrameHandler@V__FrameHandler3@@@@YA?AW4_EXCEPTION_DISPOSITION@@PEAUEHExceptionRecord@@PEA_KPEAU_CONTEXT@@PEAU_xDISPATCHER_CONTEXT@@PEBU_s_FuncInfo@@H1E@Z 0000000140009cd0 f i libvcruntimed:frame.obj
 0001:00009140       ??0HandlerMap@__FrameHandler3@@QEAA@PEBU_s_TryBlockMapEntry@@_KI@Z 000000014000a140 f i libvcruntimed:frame.obj
 0001:00009190       ??0TryBlockMap@__FrameHandler3@@QEAA@PEBU_s_FuncInfo@@_K@Z 000000014000a190 f i libvcruntimed:frame.obj
 0001:000091c0       ??0bad_exception@std@@QEAA@AEBV01@@Z 000000014000a1c0 f i libvcruntimed:frame.obj
 0001:00009200       ??0bad_exception@std@@QEAA@XZ 000000014000a200 f i libvcruntimed:frame.obj
 0001:00009240       ??0exception@std@@QEAA@AEBV01@@Z 000000014000a240 f i libvcruntimed:frame.obj
 0001:000092a0       ??0exception@std@@QEAA@QEBDH@Z 000000014000a2a0 f i libvcruntimed:frame.obj
 0001:000092f0       ??1bad_exception@std@@UEAA@XZ 000000014000a2f0 f i libvcruntimed:frame.obj
 0001:00009310       ??1exception@std@@UEAA@XZ  000000014000a310 f i libvcruntimed:frame.obj
 0001:00009340       ??8iterator@HandlerMap@__FrameHandler3@@QEBA_NAEBV012@@Z 000000014000a340 f i libvcruntimed:frame.obj
 0001:00009380       ??8type_info@@QEBA_NAEBV0@@Z 000000014000a380 f i libvcruntimed:frame.obj
 0001:000093d0       ??9iterator@HandlerMap@__FrameHandler3@@QEBA_NAEBV012@@Z 000000014000a3d0 f i libvcruntimed:frame.obj
 0001:00009410       ??Diterator@HandlerMap@__FrameHandler3@@QEAA?BU_s_HandlerType@@XZ 000000014000a410 f i libvcruntimed:frame.obj
 0001:00009450       ??Diterator@TryBlockMap@__FrameHandler3@@QEAA?BU_s_TryBlockMapEntry@@XZ 000000014000a450 f i libvcruntimed:frame.obj
 0001:000094a0       ??Eiterator@HandlerMap@__FrameHandler3@@QEAAAEAV012@XZ 000000014000a4a0 f i libvcruntimed:frame.obj
 0001:000094a0       ??Eiterator@TryBlockMap@__FrameHandler3@@QEAAAEAV012@XZ 000000014000a4a0 f i libvcruntimed:frame.obj
 0001:000094c0       ??Miterator@TryBlockMap@__FrameHandler3@@QEBA_NAEBV012@@Z 000000014000a4c0 f i libvcruntimed:frame.obj
 0001:00009500       ??_Ebad_exception@std@@UEAAPEAXI@Z 000000014000a500 f i libvcruntimed:frame.obj
 0001:00009500       ??_Gbad_exception@std@@UEAAPEAXI@Z 000000014000a500 f i libvcruntimed:frame.obj
 0001:00009540       ??_Eexception@std@@UEAAPEAXI@Z 000000014000a540 f i libvcruntimed:frame.obj
 0001:00009540       ??_Gexception@std@@UEAAPEAXI@Z 000000014000a540 f i libvcruntimed:frame.obj
 0001:00009580       ?BuildCatchObject@__FrameHandler3@@SAXPEAUEHExceptionRecord@@PEAXPEBU_s_HandlerType@@PEBU_s_CatchableType@@@Z 000000014000a580 f   libvcruntimed:frame.obj
 0001:000095c0       ?CxxCallCatchBlock@__FrameHandler3@@SAPEAXPEAU_EXCEPTION_RECORD@@@Z 000000014000a5c0 f   libvcruntimed:frame.obj
 0001:00009920       ?FrameUnwindToState@__FrameHandler3@@SAXPEA_KPEAU_xDISPATCHER_CONTEXT@@PEBU_s_FuncInfo@@H@Z 000000014000a920 f   libvcruntimed:frame.obj
 0001:00009b70       ?GetHandlerSearchState@__FrameHandler3@@SAHPEA_KPEAU_xDISPATCHER_CONTEXT@@PEBU_s_FuncInfo@@@Z 000000014000ab70 f i libvcruntimed:frame.obj
 0001:00009c20       ?GetMaxState@__FrameHandler3@@SAHPEAU_xDISPATCHER_CONTEXT@@PEBU_s_FuncInfo@@@Z 000000014000ac20 f i libvcruntimed:frame.obj
 0001:00009e20       ?TypeMatch@__FrameHandler3@@SAHPEBU_s_HandlerType@@PEBU_s_CatchableType@@PEBU_s_ThrowInfo@@@Z 000000014000ae20 f   libvcruntimed:frame.obj
 0001:00009e20       __TypeMatch                000000014000ae20 f   libvcruntimed:frame.obj
 0001:00009e50       ?_CallMemberFunction1@@YAXQEAX00@Z 000000014000ae50 f i libvcruntimed:frame.obj
 0001:00009e90       ?_CallMemberFunction2@@YAXQEAX00H@Z 000000014000ae90 f i libvcruntimed:frame.obj
 0001:00009f20       ?begin@HandlerMap@__FrameHandler3@@QEAA?AViterator@12@XZ 000000014000af20 f i libvcruntimed:frame.obj
 0001:00009f50       ?end@HandlerMap@__FrameHandler3@@QEAA?AViterator@12@XZ 000000014000af50 f i libvcruntimed:frame.obj
 0001:00009f80       ?getESTypes@__FrameHandler3@@SAPEBU_s_ESTypeList@@PEBU_s_FuncInfo@@@Z 000000014000af80 f i libvcruntimed:frame.obj
 0001:00009fc0       ?getLastEntry@HandlerMap@__FrameHandler3@@QEAAPEBU_s_HandlerType@@XZ 000000014000afc0 f i libvcruntimed:frame.obj
 0001:00009fe0       ?getMagicNum@__FrameHandler3@@SAIPEBU_s_FuncInfo@@@Z 000000014000afe0 f i libvcruntimed:frame.obj
 0001:0000a000       ?getNumTryBlocks@TryBlockMap@__FrameHandler3@@QEAAIXZ 000000014000b000 f i libvcruntimed:frame.obj
 0001:0000a020       ?isEHs@__FrameHandler3@@SA_NPEBU_s_FuncInfo@@@Z 000000014000b020 f i libvcruntimed:frame.obj
 0001:0000a060       ?isNoExcept@__FrameHandler3@@SA_NPEBU_s_FuncInfo@@@Z 000000014000b060 f i libvcruntimed:frame.obj
 0001:0000a0a0       ?what@exception@std@@UEBAPEBDXZ 000000014000b0a0 f i libvcruntimed:frame.obj
 0001:0000a0e0       __vcrt_EncodePointer       000000014000b0e0 f i libvcruntimed:frame.obj
 0001:0000a110       memset_repmovs             000000014000b110 f   libvcruntimed:memset.obj
 0001:0000a130       memset                     000000014000b130 f   libvcruntimed:memset.obj
 0001:0000a2d0       _CallSettingFrame          000000014000b2d0 f   libvcruntimed:handlers.obj
 0001:0000a320       _CallSettingFrame_LookupContinuationIndex 000000014000b320 f   libvcruntimed:handlers.obj
 0001:0000a350       _CallSettingFrame_NotifyContinuationAddr 000000014000b350 f   libvcruntimed:handlers.obj
 0001:0000a380       _CallSettingFrameEncoded   000000014000b380 f   libvcruntimed:handlers.obj
 0001:0000a3d0       ??$?RD@__crt_public_free_policy@@QEBAXQEBD@Z 000000014000b3d0 f i libvcruntimed:std_exception.obj
 0001:0000a3f0       ??1?$__crt_unique_heap_ptr@DU__crt_public_free_policy@@@@QEAA@XZ 000000014000b3f0 f i libvcruntimed:std_exception.obj
 0001:0000a410       ?release@?$__crt_unique_heap_ptr@DU__crt_public_free_policy@@@@QEAAXXZ 000000014000b410 f i libvcruntimed:std_exception.obj
 0001:0000a440       __std_exception_copy       000000014000b440 f   libvcruntimed:std_exception.obj
 0001:0000a580       __std_exception_destroy    000000014000b580 f   libvcruntimed:std_exception.obj
 0001:0000a5c0       _CxxThrowException         000000014000b5c0 f   libvcruntimed:throw.obj
 0001:0000a760       _seh_filter_exe            000000014000b760 f   libucrtd:exception_filter.obj
 0001:0000abd0       __acrt_report_runtime_error 000000014000bbd0 f   libucrtd:report_runtime_error.obj
 0001:0000ae50       _invoke_watson_if_error    000000014000be50 f i libucrtd:report_runtime_error.obj
 0001:0000aea0       _query_app_type            000000014000bea0 f   libucrtd:report_runtime_error.obj
 0001:0000aeb0       _set_app_type              000000014000beb0 f   libucrtd:report_runtime_error.obj
 0001:0000aec0       ??$__crt_fast_decode_pointer@P6AXPEB_W00I_K@Z@@YAP6AXPEB_W00I_K@ZQ6AX000I1@Z@Z 000000014000bec0 f i libucrtd:invalid_parameter.obj
 0001:0000aec0       ??$__crt_fast_decode_pointer@PEAX@@YAPEAXQEAX@Z 000000014000bec0 f i libucrtd:winapi_thunks.obj
 0001:0000aec0       ??$__crt_fast_decode_pointer@P6AXXZ@@YAP6AXXZQ6AXXZ@Z 000000014000bec0 f i libucrtd:onexit.obj
 0001:0000aec0       ??$__crt_fast_decode_pointer@P6AXH@Z@@YAP6AXH@ZQ6AXH@Z@Z 000000014000bec0 f i libucrtd:signal.obj
 0001:0000aec0       ??$__crt_fast_decode_pointer@P6AH_K@Z@@YAP6AH_K@ZQ6AH0@Z@Z 000000014000bec0 f i libucrtd:new_handler.obj
 0001:0000aec0       ??$__crt_fast_decode_pointer@PEAP6AXXZ@@YAPEAP6AXXZQEAP6AXXZ@Z 000000014000bec0 f i libucrtd:onexit.obj
 0001:0000aec0       ??$__crt_fast_decode_pointer@P6AXPEAXK0@Z@@YAP6AXPEAXK0@ZQ6AX0K0@Z@Z 000000014000bec0 f i libucrtd:exit.obj
 0001:0000aec0       ??$__crt_fast_decode_pointer@P6AHPEAU_exception@@@Z@@YAP6AHPEAU_exception@@@ZQ6AH0@Z@Z 000000014000bec0 f i libucrtd:matherr.obj
 0001:0000af00       ??$__crt_fast_encode_pointer@P6AHPEAU_exception@@@Z@@YAP6AHPEAU_exception@@@ZQ6AH0@Z@Z 000000014000bf00 f i libucrtd:matherr.obj
 0001:0000af00       ??$__crt_fast_encode_pointer@PEAX@@YAPEAXQEAX@Z 000000014000bf00 f i libucrtd:initialization.obj
 0001:0000af00       ??$__crt_fast_encode_pointer@PEAP6AXXZ@@YAPEAP6AXXZQEAP6AXXZ@Z 000000014000bf00 f i libucrtd:onexit.obj
 0001:0000af00       ??$__crt_fast_encode_pointer@P6AHXZ@@YAP6AHXZQ6AHXZ@Z 000000014000bf00 f i libucrtd:onexit.obj
 0001:0000af00       ??$__crt_fast_encode_pointer@P6AXH@Z@@YAP6AXH@ZQ6AXH@Z@Z 000000014000bf00 f i libucrtd:signal.obj
 0001:0000af00       ??$__crt_fast_encode_pointer@P6AXXZ@@YAP6AXXZQ6AXXZ@Z 000000014000bf00 f i libucrtd:onexit.obj
 0001:0000af00       ??$__crt_fast_encode_pointer@P6AXPEAXK0@Z@@YAP6AXPEAXK0@ZQ6AX0K0@Z@Z 000000014000bf00 f i libucrtd:exit.obj
 0001:0000af40       ?__crt_rotate_pointer_value@@YA_K_KH@Z 000000014000bf40 f i libucrtd:matherr.obj
 0001:0000af60       ?initialize@?$dual_state_global@P6AXH@Z@__crt_state_management@@QEAAXQ6AXH@Z@Z 000000014000bf60 f i libucrtd:signal.obj
 0001:0000af60       ?initialize@?$dual_state_global@PEAU__crt_multibyte_data@@@__crt_state_management@@QEAAXQEAU__crt_multibyte_data@@@Z 000000014000bf60 f i libucrtd:mbctype.obj
 0001:0000af60       ?initialize@?$dual_state_global@P6AHPEAU_exception@@@Z@__crt_state_management@@QEAAXQ6AHPEAU_exception@@@Z@Z 000000014000bf60 f i libucrtd:matherr.obj
 0001:0000af60       ?initialize@?$dual_state_global@PEAU__crt_locale_data@@@__crt_state_management@@QEAAXQEAU__crt_locale_data@@@Z 000000014000bf60 f i libucrtd:initialization.obj
 0001:0000af60       ?initialize@?$dual_state_global@P6AH_K@Z@__crt_state_management@@QEAAXQ6AH_K@Z@Z 000000014000bf60 f i libucrtd:new_handler.obj
 0001:0000afb0       ?value@?$dual_state_global@P6AH_K@Z@__crt_state_management@@QEAAAEAP6AH_K@ZXZ 000000014000bfb0 f i libucrtd:new_handler.obj
 0001:0000afb0       ?value@?$dual_state_global@PEAU__crt_multibyte_data@@@__crt_state_management@@QEAAAEAPEAU__crt_multibyte_data@@XZ 000000014000bfb0 f i libucrtd:mbctype.obj
 0001:0000afb0       ?value@?$dual_state_global@PEAE@__crt_state_management@@QEAAAEAPEAEXZ 000000014000bfb0 f i libucrtd:mbctype.obj
 0001:0000afb0       ?value@?$dual_state_global@P6AHPEAU_exception@@@Z@__crt_state_management@@QEAAAEAP6AHPEAU_exception@@@ZXZ 000000014000bfb0 f i libucrtd:matherr.obj
 0001:0000afb0       ?value@?$dual_state_global@P6AXPEB_W00I_K@Z@__crt_state_management@@QEAAAEAP6AXPEB_W00I_K@ZXZ 000000014000bfb0 f i libucrtd:invalid_parameter.obj
 0001:0000afb0       ?value@?$dual_state_global@PEAU__crt_locale_data@@@__crt_state_management@@QEAAAEAPEAU__crt_locale_data@@XZ 000000014000bfb0 f i libucrtd:wsetlocale.obj
 0001:0000afb0       ?value@?$dual_state_global@P6AXH@Z@__crt_state_management@@QEAAAEAP6AXH@ZXZ 000000014000bfb0 f i libucrtd:signal.obj
 0001:0000afd0       __acrt_has_user_matherr    000000014000bfd0 f   libucrtd:matherr.obj
 0001:0000b010       __acrt_initialize_user_matherr 000000014000c010 f   libucrtd:matherr.obj
 0001:0000b030       __acrt_invoke_user_matherr 000000014000c030 f   libucrtd:matherr.obj
 0001:0000b080       __setusermatherr           000000014000c080 f   libucrtd:matherr.obj
 0001:0000b450       ??$get_module_file_name@$$TAEAY0BAF@DH@?$__crt_char_traits@D@@SAK$$QEA$$TAEAY0BAF@D$$QEAH@Z 000000014000c450 f i libucrtd:argv_parsing.obj
 0001:0000b450       ??$get_module_file_name@AEAPEAUHINSTANCE__@@AEAY0BAF@DK@?$__crt_char_traits@D@@SAKAEAPEAUHINSTANCE__@@AEAY0BAF@D$$QEAK@Z 000000014000c450 f i libucrtd:dbgrpt.obj
 0001:0000b920       ??$set_program_name@PEAD@?$__crt_char_traits@D@@SAX$$QEAPEAD@Z 000000014000c920 f i libucrtd:argv_parsing.obj
 0001:0000ba50       __acrt_allocate_buffer_for_argv 000000014000ca50 f   libucrtd:argv_parsing.obj
 0001:0000bb70       _configure_narrow_argv     000000014000cb70 f   libucrtd:argv_parsing.obj
 0001:0000bb90       _set_pgmptr                000000014000cb90 f i libucrtd:argv_parsing.obj
 0001:0000bdc0       ??$tcslen@AEAPEAD@?$__crt_char_traits@D@@SA_KAEAPEAD@Z 000000014000cdc0 f i libucrtd:environment_initialization.obj
 0001:0000be0c       ??B?$__crt_unique_heap_ptr@PEADU__crt_internal_free_policy@@@@QEBA_NXZ 000000014000ce0c f i libucrtd:environment_initialization.obj
 0001:0000be14       ?detach@?$__crt_unique_heap_ptr@DU__crt_internal_free_policy@@@@QEAAPEADXZ 000000014000ce14 f i libucrtd:environment_initialization.obj
 0001:0000be1c       __dcrt_uninitialize_environments_nolock 000000014000ce1c f   libucrtd:environment_initialization.obj
 0001:0000be54       _initialize_narrow_environment 000000014000ce54 f   libucrtd:environment_initialization.obj
 0001:0000bfa0       _get_narrow_winmain_command_line 000000014000cfa0 f   libucrtd:argv_winmain.obj
 0001:0000bfb0       _initterm                  000000014000cfb0 f   libucrtd:initterm.obj
 0001:0000c010       _initterm_e                000000014000d010 f   libucrtd:initterm.obj
 0001:0000c090       ??$?B$$A6AXPEAXK0@Z@__crt_fast_encoded_nullptr_t@@QEBAP6AXPEAXK0@ZXZ 000000014000d090 f i libucrtd:exit.obj
 0001:0000c090       ??$?B$$A6AXXZ@__crt_fast_encoded_nullptr_t@@QEBAP6AXXZXZ 000000014000d090 f i libucrtd:onexit.obj
 0001:0000c090       ??$?B$$A6AXH@Z@__crt_fast_encoded_nullptr_t@@QEBAP6AXH@ZXZ 000000014000d090 f i libucrtd:signal.obj
 0001:0000c090       ??$?BP6AXXZ@__crt_fast_encoded_nullptr_t@@QEBAPEAP6AXXZXZ 000000014000d090 f i libucrtd:onexit.obj
 0001:0000c090       ??$?BX@__crt_fast_encoded_nullptr_t@@QEBAPEAXXZ 000000014000d090 f i libucrtd:initialization.obj
 0001:0000c140       ??$__crt_get_proc_address@P6AXI@Z@@YAP6AXI@ZQEAUHINSTANCE__@@QEBD@Z 000000014000d140 f i libucrtd:exit.obj
 0001:0000c170       ??$__crt_interlocked_read@J@@YAJPEDJ@Z 000000014000d170 f i libucrtd:exit.obj
 0001:0000c200       ??1?$__crt_unique_handle_t@U__crt_hmodule_traits@@@@QEAA@XZ 000000014000d200 f i libucrtd:exit.obj
 0001:0000c360       ?__acrt_select_exit_lock@@YA?AW4__acrt_lock_id@@XZ 000000014000d360 f i libucrtd:exit.obj
 0001:0000c370       ?__crt_fast_encode_pointer@@YA?AU__crt_fast_encoded_nullptr_t@@$$T@Z 000000014000d370 f i libucrtd:exit.obj
 0001:0000c390       ?__crt_interlocked_read_32@@YAHPEDH@Z 000000014000d390 f i libucrtd:exit.obj
 0001:0000c3d0       ?close@?$__crt_unique_handle_t@U__crt_hmodule_traits@@@@QEAAXXZ 000000014000d3d0 f i libucrtd:exit.obj
 0001:0000c410       ?close@__crt_hmodule_traits@@SA_NPEAUHINSTANCE__@@@Z 000000014000d410 f i libucrtd:exit.obj
 0001:0000c6d0       __acrt_initialize_thread_local_exit_callback 000000014000d6d0 f   libucrtd:exit.obj
 0001:0000c6f0       _c_exit                    000000014000d6f0 f   libucrtd:exit.obj
 0001:0000c710       _cexit                     000000014000d710 f   libucrtd:exit.obj
 0001:0000c730       _exit                      000000014000d730 f   libucrtd:exit.obj
 0001:0000c750       _register_thread_local_exe_atexit_callback 000000014000d750 f   libucrtd:exit.obj
 0001:0000c7a0       exit                       000000014000d7a0 f   libucrtd:exit.obj
 0001:0000c7c0       ?value@?$dual_state_global@H@__crt_state_management@@QEAAAEAHXZ 000000014000d7c0 f i libucrtd:setmode.obj
 0001:0000c7c0       ?value@?$dual_state_global@J@__crt_state_management@@QEAAAEAJXZ 000000014000d7c0 f i libucrtd:new_mode.obj
 0001:0000c7e0       _set_fmode                 000000014000d7e0 f   libucrtd:setmode.obj
 0001:0000ca20       __acrt_disable_global_locale_sync 000000014000da20 f i libucrtd:wsetlocale.obj
 0001:0000ca50       __acrt_enable_global_locale_sync 000000014000da50 f i libucrtd:wsetlocale.obj
 0001:0000ca80       __acrt_set_locale_changed  000000014000da80 f   libucrtd:wsetlocale.obj
 0001:0000ca90       __acrt_uninitialize_locale 000000014000da90 f   libucrtd:wsetlocale.obj
 0001:0000cac0       __ascii_tolower            000000014000dac0 f i libucrtd:wsetlocale.obj
 0001:0000cae0       __ascii_towlower           000000014000dae0 f i libucrtd:wsetlocale.obj
 0001:0000cb00       _configthreadlocale        000000014000db00 f   libucrtd:wsetlocale.obj
 0001:0000cc60       _query_new_mode            000000014000dc60 f   libucrtd:new_mode.obj
 0001:0000cc80       _set_new_mode              000000014000dc80 f   libucrtd:new_mode.obj
 0001:0000cd50       __p__commode               000000014000dd50 f   libucrtd:ncommode.obj
 0001:0000d3e0       _crt_atexit                000000014000e3e0 f   libucrtd:onexit.obj
 0001:0000d400       _execute_onexit_table      000000014000e400 f   libucrtd:onexit.obj
 0001:0000d440       _initialize_onexit_table   000000014000e440 f   libucrtd:onexit.obj
 0001:0000d4c0       _register_onexit_function  000000014000e4c0 f   libucrtd:onexit.obj
 0001:0000d550       __acrt_uninitialize_command_line 000000014000e550 f   libucrtd:argv_data.obj
 0001:0000d7b0       __acrt_initialize          000000014000e7b0 f   libucrtd:initialization.obj
 0001:0000d7e0       __acrt_uninitialize        000000014000e7e0 f   libucrtd:initialization.obj
 0001:0000d810       terminate                  000000014000e810 f   libucrtd:terminate.obj
 0001:0000d850       ??0_LocaleUpdate@@QEAA@QEAU__crt_locale_pointers@@@Z 000000014000e850 f i libucrtd:debug_heap.obj
 0001:0000d970       ??1_LocaleUpdate@@QEAA@XZ  000000014000e970 f i libucrtd:debug_heap.obj
 0001:0000d9a0       ?GetLocaleT@_LocaleUpdate@@QEAAPEAU__crt_locale_pointers@@XZ 000000014000e9a0 f i libucrtd:debug_heap.obj
 0001:0000f980       _CrtCheckMemory            0000000140010980 f   libucrtd:debug_heap.obj
 0001:0000fb10       _CrtDumpMemoryLeaks        0000000140010b10 f   libucrtd:debug_heap.obj
 0001:0000fbd0       _CrtIsValidHeapPointer     0000000140010bd0 f   libucrtd:debug_heap.obj
 0001:0000fc10       _CrtIsValidPointer         0000000140010c10 f   libucrtd:debug_heap.obj
 0001:0000fc50       _CrtMemCheckpoint          0000000140010c50 f   libucrtd:debug_heap.obj
 0001:0000fed0       _CrtMemDumpAllObjectsSince 0000000140010ed0 f   libucrtd:debug_heap.obj
 0001:0000ff30       _CrtSetDbgFlag             0000000140010f30 f   libucrtd:debug_heap.obj
 0001:00010090       _CrtSetDumpClient          0000000140011090 f   libucrtd:debug_heap.obj
 0001:000100c0       __acrt_get_locale_data_prefix 00000001400110c0 f i libucrtd:debug_heap.obj
 0001:000100e0       __acrt_locale_changed      00000001400110e0 f i libucrtd:debug_heap.obj
 0001:00010110       _calloc_dbg                0000000140011110 f   libucrtd:debug_heap.obj
 0001:000101b0       _chvalidchk_l              00000001400111b0 f i libucrtd:debug_heap.obj
 0001:000101e0       _free_dbg                  00000001400111e0 f   libucrtd:debug_heap.obj
 0001:00010250       _invoke_watson_if_oneof    0000000140011250 f i libucrtd:debug_heap.obj
 0001:000102b0       _ischartype_l              00000001400112b0 f i libucrtd:debug_heap.obj
 0001:00010340       _malloc_dbg                0000000140011340 f   libucrtd:debug_heap.obj
 0001:00010380       _msize_dbg                 0000000140011380 f   libucrtd:debug_heap.obj
 0001:00010520       _realloc_dbg               0000000140011520 f   libucrtd:debug_heap.obj
 0001:00010590       _recalloc_dbg              0000000140011590 f   libucrtd:debug_heap.obj
 0001:00010b60       strcpy_s                   0000000140011b60 f   libucrtd:strcpy_s.obj
 0001:00010ba0       strcmp                     0000000140011ba0 f   libucrtd:strcmp.obj
 0001:00010c20       strlen                     0000000140011c20 f   libucrtd:strlen.obj
 0001:00010cd0       abort                      0000000140011cd0 f   libucrtd:abort.obj
 0001:00010d50       ??$?0AEBV?$string_output_adapter@D@__crt_stdio_output@@AEB_KAEBQEBDAEBQEAU__crt_locale_pointers@@AEBQEAD@?$format_validation_base@DV?$string_output_adapter@D@__crt_stdio_output@@@__crt_stdio_output@@IEAA@AEBV?$string_output_adapter@D@1@AEB_KAEBQEBDAEBQEAU__crt_locale_pointers@@AEBQEAD@Z 0000000140011d50 f i libucrtd:output.obj
 0001:00010da0       ??$?0AEBV?$string_output_adapter@D@__crt_stdio_output@@AEB_KAEBQEBDAEBQEAU__crt_locale_pointers@@AEBQEAD@?$standard_base@DV?$string_output_adapter@D@__crt_stdio_output@@@__crt_stdio_output@@IEAA@AEBV?$string_output_adapter@D@1@AEB_KAEBQEBDAEBQEAU__crt_locale_pointers@@AEBQEAD@Z 0000000140011da0 f i libucrtd:output.obj
 0001:00010e10       ??$?0AEBV?$string_output_adapter@_W@__crt_stdio_output@@AEB_KAEBQEB_WAEBQEAU__crt_locale_pointers@@AEBQEAD@?$format_validation_base@_WV?$string_output_adapter@_W@__crt_stdio_output@@@__crt_stdio_output@@IEAA@AEBV?$string_output_adapter@_W@1@AEB_KAEBQEB_WAEBQEAU__crt_locale_pointers@@AEBQEAD@Z 0000000140011e10 f i libucrtd:output.obj
 0001:00010e60       ??$?0AEBV?$string_output_adapter@_W@__crt_stdio_output@@AEB_KAEBQEB_WAEBQEAU__crt_locale_pointers@@AEBQEAD@?$standard_base@_WV?$string_output_adapter@_W@__crt_stdio_output@@@__crt_stdio_output@@IEAA@AEBV?$string_output_adapter@_W@1@AEB_KAEBQEB_WAEBQEAU__crt_locale_pointers@@AEBQEAD@Z 0000000140011e60 f i libucrtd:output.obj
 0001:000127e0       ??$count@D@formatting_buffer@__crt_stdio_output@@QEBA_KXZ 00000001400137e0 f i libucrtd:output.obj
 0001:00012830       ??$count@_W@formatting_buffer@__crt_stdio_output@@QEBA_KXZ 0000000140013830 f i libucrtd:output.obj
 0001:00012880       ??$data@D@formatting_buffer@__crt_stdio_output@@QEAAPEADXZ 0000000140013880 f i libucrtd:output.obj
 0001:00012880       ??$data@_W@formatting_buffer@__crt_stdio_output@@QEAAPEA_WXZ 0000000140013880 f i libucrtd:output.obj
 0001:000128d0       ??$ensure_buffer_is_big_enough@D@formatting_buffer@__crt_stdio_output@@QEAA_N_K@Z 00000001400138d0 f i libucrtd:output.obj
 0001:00012a00       ??$ensure_buffer_is_big_enough@_W@formatting_buffer@__crt_stdio_output@@QEAA_N_K@Z 0000000140013a00 f i libucrtd:output.obj
 0001:00012b30       ??$extract_argument_from_va_list@C_J@?$standard_base@DV?$string_output_adapter@D@__crt_stdio_output@@@__crt_stdio_output@@IEAA_NAEA_J@Z 0000000140013b30 f i libucrtd:output.obj
 0001:00012b30       ??$extract_argument_from_va_list@C_J@?$standard_base@_WV?$string_output_adapter@_W@__crt_stdio_output@@@__crt_stdio_output@@IEAA_NAEA_J@Z 0000000140013b30 f i libucrtd:output.obj
 0001:00012b70       ??$extract_argument_from_va_list@E_J@?$standard_base@_WV?$string_output_adapter@_W@__crt_stdio_output@@@__crt_stdio_output@@IEAA_NAEA_J@Z 0000000140013b70 f i libucrtd:output.obj
 0001:00012b70       ??$extract_argument_from_va_list@E_J@?$standard_base@DV?$string_output_adapter@D@__crt_stdio_output@@@__crt_stdio_output@@IEAA_NAEA_J@Z 0000000140013b70 f i libucrtd:output.obj
 0001:00012bb0       ??$extract_argument_from_va_list@F_J@?$standard_base@_WV?$string_output_adapter@_W@__crt_stdio_output@@@__crt_stdio_output@@IEAA_NAEA_J@Z 0000000140013bb0 f i libucrtd:output.obj
 0001:00012bb0       ??$extract_argument_from_va_list@F_J@?$standard_base@DV?$string_output_adapter@D@__crt_stdio_output@@@__crt_stdio_output@@IEAA_NAEA_J@Z 0000000140013bb0 f i libucrtd:output.obj
 0001:00012bf0       ??$extract_argument_from_va_list@GD@?$standard_base@DV?$string_output_adapter@D@__crt_stdio_output@@@__crt_stdio_output@@IEAA_NAEAD@Z 0000000140013bf0 f i libucrtd:output.obj
 0001:00012c20       ??$extract_argument_from_va_list@G_J@?$standard_base@DV?$string_output_adapter@D@__crt_stdio_output@@@__crt_stdio_output@@IEAA_NAEA_J@Z 0000000140013c20 f i libucrtd:output.obj
 0001:00012c20       ??$extract_argument_from_va_list@G_J@?$standard_base@_WV?$string_output_adapter@_W@__crt_stdio_output@@@__crt_stdio_output@@IEAA_NAEA_J@Z 0000000140013c20 f i libucrtd:output.obj
 0001:00012c60       ??$extract_argument_from_va_list@H_J@?$standard_base@DV?$string_output_adapter@D@__crt_stdio_output@@@__crt_stdio_output@@IEAA_NAEA_J@Z 0000000140013c60 f i libucrtd:output.obj
 0001:00012c60       ??$extract_argument_from_va_list@H_J@?$standard_base@_WV?$string_output_adapter@_W@__crt_stdio_output@@@__crt_stdio_output@@IEAA_NAEA_J@Z 0000000140013c60 f i libucrtd:output.obj
 0001:00012c90       ??$extract_argument_from_va_list@I_J@?$standard_base@DV?$string_output_adapter@D@__crt_stdio_output@@@__crt_stdio_output@@IEAA_NAEA_J@Z 0000000140013c90 f i libucrtd:output.obj
 0001:00012c90       ??$extract_argument_from_va_list@I_J@?$standard_base@_WV?$string_output_adapter@_W@__crt_stdio_output@@@__crt_stdio_output@@IEAA_NAEA_J@Z 0000000140013c90 f i libucrtd:output.obj
 0001:00012cc0       ??$extract_argument_from_va_list@_K_J@?$standard_base@DV?$string_output_adapter@D@__crt_stdio_output@@@__crt_stdio_output@@IEAA_NAEA_J@Z 0000000140013cc0 f i libucrtd:output.obj
 0001:00012cc0       ??$extract_argument_from_va_list@PEAXPEAX@?$standard_base@_WV?$string_output_adapter@_W@__crt_stdio_output@@@__crt_stdio_output@@IEAA_NAEAPEAX@Z 0000000140013cc0 f i libucrtd:output.obj
 0001:00012cc0       ??$extract_argument_from_va_list@_K_J@?$standard_base@_WV?$string_output_adapter@_W@__crt_stdio_output@@@__crt_stdio_output@@IEAA_NAEA_J@Z 0000000140013cc0 f i libucrtd:output.obj
 0001:00012cc0       ??$extract_argument_from_va_list@PEAUansi_string@?1??type_case_Z@?$output_processor@_WV?$string_output_adapter@_W@__crt_stdio_output@@V?$format_validation_base@_WV?$string_output_adapter@_W@__crt_stdio_output@@@2@@__crt_stdio_output@@AEAA_NXZ@PEAU1?1??234@AEAA_NXZ@@?$standard_base@_WV?$string_output_adapter@_W@__crt_stdio_output@@@__crt_stdio_output@@IEAA_NAEAPEAUansi_string@?1??type_case_Z@?$output_processor@_WV?$string_output_adapter@_W@__crt_stdio_output@@V?$format_validation_base@_WV?$string_output_adapter@_W@__crt_stdio_output@@@2@@1@AEAA_NXZ@@Z 0000000140013cc0 f i libucrtd:output.obj
 0001:00012cc0       ??$extract_argument_from_va_list@PEADPEAD@?$standard_base@_WV?$string_output_adapter@_W@__crt_stdio_output@@@__crt_stdio_output@@IEAA_NAEAPEAD@Z 0000000140013cc0 f i libucrtd:output.obj
 0001:00012cc0       ??$extract_argument_from_va_list@PEAXPEAX@?$standard_base@DV?$string_output_adapter@D@__crt_stdio_output@@@__crt_stdio_output@@IEAA_NAEAPEAX@Z 0000000140013cc0 f i libucrtd:output.obj
 0001:00012cc0       ??$extract_argument_from_va_list@_J_J@?$standard_base@DV?$string_output_adapter@D@__crt_stdio_output@@@__crt_stdio_output@@IEAA_NAEA_J@Z 0000000140013cc0 f i libucrtd:output.obj
 0001:00012cc0       ??$extract_argument_from_va_list@_J_J@?$standard_base@_WV?$string_output_adapter@_W@__crt_stdio_output@@@__crt_stdio_output@@IEAA_NAEA_J@Z 0000000140013cc0 f i libucrtd:output.obj
 0001:00012cc0       ??$extract_argument_from_va_list@PEAUansi_string@?1??type_case_Z@?$output_processor@DV?$string_output_adapter@D@__crt_stdio_output@@V?$format_validation_base@DV?$string_output_adapter@D@__crt_stdio_output@@@2@@__crt_stdio_output@@AEAA_NXZ@PEAU1?1??234@AEAA_NXZ@@?$standard_base@DV?$string_output_adapter@D@__crt_stdio_output@@@__crt_stdio_output@@IEAA_NAEAPEAUansi_string@?1??type_case_Z@?$output_processor@DV?$string_output_adapter@D@__crt_stdio_output@@V?$format_validation_base@DV?$string_output_adapter@D@__crt_stdio_output@@@2@@1@AEAA_NXZ@@Z 0000000140013cc0 f i libucrtd:output.obj
 0001:00012cc0       ??$extract_argument_from_va_list@PEADPEAD@?$standard_base@DV?$string_output_adapter@D@__crt_stdio_output@@@__crt_stdio_output@@IEAA_NAEAPEAD@Z 0000000140013cc0 f i libucrtd:output.obj
 0001:00012cf0       ??$extract_argument_from_va_list@U_CRT_DOUBLE@@U1@@?$standard_base@_WV?$string_output_adapter@_W@__crt_stdio_output@@@__crt_stdio_output@@IEAA_NAEAU_CRT_DOUBLE@@@Z 0000000140013cf0 f i libucrtd:output.obj
 0001:00012cf0       ??$extract_argument_from_va_list@U_CRT_DOUBLE@@U1@@?$standard_base@DV?$string_output_adapter@D@__crt_stdio_output@@@__crt_stdio_output@@IEAA_NAEAU_CRT_DOUBLE@@@Z 0000000140013cf0 f i libucrtd:output.obj
 0001:00012d40       ??$extract_argument_from_va_list@_W_W@?$standard_base@DV?$string_output_adapter@D@__crt_stdio_output@@@__crt_stdio_output@@IEAA_NAEA_W@Z 0000000140013d40 f i libucrtd:output.obj
 0001:00012d40       ??$extract_argument_from_va_list@_W_W@?$standard_base@_WV?$string_output_adapter@_W@__crt_stdio_output@@@__crt_stdio_output@@IEAA_NAEA_W@Z 0000000140013d40 f i libucrtd:output.obj
 0001:00012d70       ??$is_wide_character_specifier@D@__crt_stdio_output@@YA_N_KDW4length_modifier@0@@Z 0000000140013d70 f i libucrtd:output.obj
 0001:00012e10       ??$is_wide_character_specifier@_W@__crt_stdio_output@@YA_N_K_WW4length_modifier@0@@Z 0000000140013e10 f i libucrtd:output.obj
 0001:00012ee0       ??$read_va_arg@E@__crt_stdio_output@@YAEAEAPEAD@Z 0000000140013ee0 f i libucrtd:output.obj
 0001:00012ee0       ??$read_va_arg@C@__crt_stdio_output@@YACAEAPEAD@Z 0000000140013ee0 f i libucrtd:output.obj
 0001:00012f50       ??$read_va_arg@G@__crt_stdio_output@@YAGAEAPEAD@Z 0000000140013f50 f i libucrtd:output.obj
 0001:00012f50       ??$read_va_arg@_W@__crt_stdio_output@@YA_WAEAPEAD@Z 0000000140013f50 f i libucrtd:output.obj
 0001:00012f50       ??$read_va_arg@F@__crt_stdio_output@@YAFAEAPEAD@Z 0000000140013f50 f i libucrtd:output.obj
 0001:00012fc0       ??$read_va_arg@I@__crt_stdio_output@@YAIAEAPEAD@Z 0000000140013fc0 f i libucrtd:output.obj
 0001:00012fc0       ??$read_va_arg@H@__crt_stdio_output@@YAHAEAPEAD@Z 0000000140013fc0 f i libucrtd:output.obj
 0001:00013020       ??$read_va_arg@PEAD@__crt_stdio_output@@YAPEADAEAPEAD@Z 0000000140014020 f i libucrtd:output.obj
 0001:00013020       ??$read_va_arg@_J@__crt_stdio_output@@YA_JAEAPEAD@Z 0000000140014020 f i libucrtd:output.obj
 0001:00013020       ??$read_va_arg@U_CRT_DOUBLE@@@__crt_stdio_output@@YA?AU_CRT_DOUBLE@@AEAPEAD@Z 0000000140014020 f i libucrtd:output.obj
 0001:00013020       ??$read_va_arg@PEAX@__crt_stdio_output@@YAPEAXAEAPEAD@Z 0000000140014020 f i libucrtd:output.obj
 0001:00013020       ??$read_va_arg@_K@__crt_stdio_output@@YA_KAEAPEAD@Z 0000000140014020 f i libucrtd:output.obj
 0001:00013020       ??$read_va_arg@PEAUansi_string@?1??type_case_Z@?$output_processor@DV?$string_output_adapter@D@__crt_stdio_output@@V?$format_validation_base@DV?$string_output_adapter@D@__crt_stdio_output@@@2@@__crt_stdio_output@@AEAA_NXZ@@__crt_stdio_output@@YAPEAUansi_string@?1??type_case_Z@?$output_processor@DV?$string_output_adapter@D@__crt_stdio_output@@V?$format_validation_base@DV?$string_output_adapter@D@__crt_stdio_output@@@2@@0@AEAA_NXZ@AEAPEAD@Z 0000000140014020 f i libucrtd:output.obj
 0001:00013020       ??$read_va_arg@PEAUansi_string@?1??type_case_Z@?$output_processor@_WV?$string_output_adapter@_W@__crt_stdio_output@@V?$format_validation_base@_WV?$string_output_adapter@_W@__crt_stdio_output@@@2@@__crt_stdio_output@@AEAA_NXZ@@__crt_stdio_output@@YAPEAUansi_string@?1??type_case_Z@?$output_processor@_WV?$string_output_adapter@_W@__crt_stdio_output@@V?$format_validation_base@_WV?$string_output_adapter@_W@__crt_stdio_output@@@2@@0@AEAA_NXZ@AEAPEAD@Z 0000000140014020 f i libucrtd:output.obj
 0001:00013090       ??$scratch_count@D@formatting_buffer@__crt_stdio_output@@QEBA_KXZ 0000000140014090 f i libucrtd:output.obj
 0001:000130b0       ??$scratch_data@D@formatting_buffer@__crt_stdio_output@@QEAAPEADXZ 00000001400140b0 f i libucrtd:output.obj
 0001:00013120       ??$tcstol@PEBDPEAPEADH@?$__crt_char_traits@D@@SAJ$$QEAPEBD$$QEAPEAPEAD$$QEAH@Z 0000000140014120 f i libucrtd:output.obj
 0001:00013160       ??$tcstol@PEB_WPEAPEA_WH@?$__crt_char_traits@_W@@SAJ$$QEAPEB_W$$QEAPEAPEA_W$$QEAH@Z 0000000140014160 f i libucrtd:output.obj
 0001:000131a0       ??$type_case_integer_parse_into_buffer@I@?$output_processor@DV?$string_output_adapter@D@__crt_stdio_output@@V?$format_validation_base@DV?$string_output_adapter@D@__crt_stdio_output@@@2@@__crt_stdio_output@@AEAAXII_N@Z 00000001400141a0 f i libucrtd:output.obj
 0001:000132d0       ??$type_case_integer_parse_into_buffer@I@?$output_processor@_WV?$string_output_adapter@_W@__crt_stdio_output@@V?$format_validation_base@_WV?$string_output_adapter@_W@__crt_stdio_output@@@2@@__crt_stdio_output@@AEAAXII_N@Z 00000001400142d0 f i libucrtd:output.obj
 0001:00013410       ??$type_case_integer_parse_into_buffer@_K@?$output_processor@DV?$string_output_adapter@D@__crt_stdio_output@@V?$format_validation_base@DV?$string_output_adapter@D@__crt_stdio_output@@@2@@__crt_stdio_output@@AEAAX_KI_N@Z 0000000140014410 f i libucrtd:output.obj
 0001:00013560       ??$type_case_integer_parse_into_buffer@_K@?$output_processor@_WV?$string_output_adapter@_W@__crt_stdio_output@@V?$format_validation_base@_WV?$string_output_adapter@_W@__crt_stdio_output@@@2@@__crt_stdio_output@@AEAAX_KI_N@Z 0000000140014560 f i libucrtd:output.obj
 0001:000136c0       ??$write_multiple_characters@V?$string_output_adapter@D@__crt_stdio_output@@D@__crt_stdio_output@@YAXAEBV?$string_output_adapter@D@0@DHQEAH@Z 00000001400146c0 f i libucrtd:output.obj
 0001:00013720       ??$write_multiple_characters@V?$string_output_adapter@_W@__crt_stdio_output@@D@__crt_stdio_output@@YAXAEBV?$string_output_adapter@_W@0@DHQEAH@Z 0000000140014720 f i libucrtd:output.obj
 0001:00013780       ??0?$common_data@D@__crt_stdio_output@@IEAA@XZ 0000000140014780 f i libucrtd:output.obj
 0001:00013850       ??0?$common_data@_W@__crt_stdio_output@@IEAA@XZ 0000000140014850 f i libucrtd:output.obj
 0001:00013920       ??0?$output_adapter_data@DV?$string_output_adapter@D@__crt_stdio_output@@@__crt_stdio_output@@IEAA@AEBV?$string_output_adapter@D@1@_KQEBDQEAU__crt_locale_pointers@@QEAD@Z 0000000140014920 f i libucrtd:output.obj
 0001:000139a0       ??0?$output_adapter_data@_WV?$string_output_adapter@_W@__crt_stdio_output@@@__crt_stdio_output@@IEAA@AEBV?$string_output_adapter@_W@1@_KQEB_WQEAU__crt_locale_pointers@@QEAD@Z 00000001400149a0 f i libucrtd:output.obj
 0001:00013a20       ??0?$output_processor@DV?$string_output_adapter@D@__crt_stdio_output@@V?$format_validation_base@DV?$string_output_adapter@D@__crt_stdio_output@@@2@@__crt_stdio_output@@QEAA@AEBV?$string_output_adapter@D@1@_KQEBDQEAU__crt_locale_pointers@@QEAD@Z 0000000140014a20 f i libucrtd:output.obj
 0001:00013a70       ??0?$output_processor@_WV?$string_output_adapter@_W@__crt_stdio_output@@V?$format_validation_base@_WV?$string_output_adapter@_W@__crt_stdio_output@@@2@@__crt_stdio_output@@QEAA@AEBV?$string_output_adapter@_W@1@_KQEB_WQEAU__crt_locale_pointers@@QEAD@Z 0000000140014a70 f i libucrtd:output.obj
 0001:00013ac0       ??0__crt_deferred_errno_cache@@QEAA@XZ 0000000140014ac0 f i libucrtd:output.obj
 0001:00013ae0       ??0__crt_errno_guard@@QEAA@QEAH@Z 0000000140014ae0 f i libucrtd:output.obj
 0001:00013b20       ??0formatting_buffer@__crt_stdio_output@@QEAA@XZ 0000000140014b20 f i libucrtd:output.obj
 0001:00013b60       ??1?$common_data@_W@__crt_stdio_output@@QEAA@XZ 0000000140014b60 f i libucrtd:output.obj
 0001:00013b60       ??1?$common_data@D@__crt_stdio_output@@QEAA@XZ 0000000140014b60 f i libucrtd:output.obj
 0001:00013b80       ??1?$format_validation_base@_WV?$string_output_adapter@_W@__crt_stdio_output@@@__crt_stdio_output@@QEAA@XZ 0000000140014b80 f i libucrtd:output.obj
 0001:00013b80       ??1?$format_validation_base@DV?$string_output_adapter@D@__crt_stdio_output@@@__crt_stdio_output@@QEAA@XZ 0000000140014b80 f i libucrtd:output.obj
 0001:00013ba0       ??1?$output_adapter_data@DV?$string_output_adapter@D@__crt_stdio_output@@@__crt_stdio_output@@QEAA@XZ 0000000140014ba0 f i libucrtd:output.obj
 0001:00013ba0       ??1?$output_adapter_data@_WV?$string_output_adapter@_W@__crt_stdio_output@@@__crt_stdio_output@@QEAA@XZ 0000000140014ba0 f i libucrtd:output.obj
 0001:00013bc0       ??1?$output_processor@DV?$string_output_adapter@D@__crt_stdio_output@@V?$format_validation_base@DV?$string_output_adapter@D@__crt_stdio_output@@@2@@__crt_stdio_output@@QEAA@XZ 0000000140014bc0 f i libucrtd:output.obj
 0001:00013bc0       ??1?$output_processor@_WV?$string_output_adapter@_W@__crt_stdio_output@@V?$format_validation_base@_WV?$string_output_adapter@_W@__crt_stdio_output@@@2@@__crt_stdio_output@@QEAA@XZ 0000000140014bc0 f i libucrtd:output.obj
 0001:00013be0       ??1?$standard_base@DV?$string_output_adapter@D@__crt_stdio_output@@@__crt_stdio_output@@QEAA@XZ 0000000140014be0 f i libucrtd:output.obj
 0001:00013be0       ??1?$standard_base@_WV?$string_output_adapter@_W@__crt_stdio_output@@@__crt_stdio_output@@QEAA@XZ 0000000140014be0 f i libucrtd:output.obj
 0001:00013c00       ??1__crt_errno_guard@@QEAA@XZ 0000000140014c00 f i libucrtd:output.obj
 0001:00013c30       ??1formatting_buffer@__crt_stdio_output@@QEAA@XZ 0000000140014c30 f i libucrtd:output.obj
 0001:00013c60       ??4?$__crt_unique_heap_ptr@DU__crt_internal_free_policy@@@@QEAAAEAV0@$$QEAV0@@Z 0000000140014c60 f i libucrtd:output.obj
 0001:00013ca0       ??A?$spectre_mitigated_lookup_table@Ustate_transition_pair@__crt_stdio_output@@$0IA@@__crt_stdio_output@@QEBAAEBUstate_transition_pair@1@_K@Z 0000000140014ca0 f i libucrtd:output.obj
 0001:00013cc0       ?adjust_hexit@?$output_processor@DV?$string_output_adapter@D@__crt_stdio_output@@V?$format_validation_base@DV?$string_output_adapter@D@__crt_stdio_output@@@2@@__crt_stdio_output@@CADH_N@Z 0000000140014cc0 f i libucrtd:output.obj
 0001:00013cc0       ?adjust_hexit@?$output_processor@_WV?$string_output_adapter@_W@__crt_stdio_output@@V?$format_validation_base@_WV?$string_output_adapter@_W@__crt_stdio_output@@@2@@__crt_stdio_output@@CADH_N@Z 0000000140014cc0 f i libucrtd:output.obj
 0001:00013d10       ?advance_to_next_pass@?$standard_base@_WV?$string_output_adapter@_W@__crt_stdio_output@@@__crt_stdio_output@@IEAA_NXZ 0000000140014d10 f i libucrtd:output.obj
 0001:00013d10       ?advance_to_next_pass@?$standard_base@DV?$string_output_adapter@D@__crt_stdio_output@@@__crt_stdio_output@@IEAA_NXZ 0000000140014d10 f i libucrtd:output.obj
 0001:00013d60       ?crop_zeroes@__crt_stdio_output@@YAXPEADQEAU__crt_locale_pointers@@@Z 0000000140014d60 f i libucrtd:output.obj
 0001:00013ea0       ?find_next_state@?$output_processor@DV?$string_output_adapter@D@__crt_stdio_output@@V?$format_validation_base@DV?$string_output_adapter@D@__crt_stdio_output@@@2@@__crt_stdio_output@@AEBA?AW4state@2@DW432@@Z 0000000140014ea0 f i libucrtd:output.obj
 0001:00013f30       ?find_next_state@?$output_processor@_WV?$string_output_adapter@_W@__crt_stdio_output@@V?$format_validation_base@_WV?$string_output_adapter@_W@__crt_stdio_output@@@2@@__crt_stdio_output@@AEBA?AW4state@2@_WW432@@Z 0000000140014f30 f i libucrtd:output.obj
 0001:00013fc0       ?force_decimal_point@__crt_stdio_output@@YAXPEADQEAU__crt_locale_pointers@@@Z 0000000140014fc0 f i libucrtd:output.obj
 0001:000140c0       ?get@__crt_deferred_errno_cache@@QEAAAEAHXZ 00000001400150c0 f i libucrtd:output.obj
 0001:000140f0       ?get_flags@__crt_stdio_stream@@QEBAJXZ 00000001400150f0 f i libucrtd:output.obj
 0001:00014120       ?has_flag@?$output_processor@_WV?$string_output_adapter@_W@__crt_stdio_output@@V?$format_validation_base@_WV?$string_output_adapter@_W@__crt_stdio_output@@@2@@__crt_stdio_output@@AEBA_NI@Z 0000000140015120 f i libucrtd:output.obj
 0001:00014120       ?has_flag@?$output_processor@DV?$string_output_adapter@D@__crt_stdio_output@@V?$format_validation_base@DV?$string_output_adapter@D@__crt_stdio_output@@@2@@__crt_stdio_output@@AEBA_NI@Z 0000000140015120 f i libucrtd:output.obj
 0001:00014160       ?is_string_backed@__crt_stdio_stream@@QEBA_NXZ 0000000140015160 f i libucrtd:output.obj
 0001:000141a0       ?narrow_null_string@?$output_processor@DV?$string_output_adapter@D@__crt_stdio_output@@V?$format_validation_base@DV?$string_output_adapter@D@__crt_stdio_output@@@2@@__crt_stdio_output@@CAPEADXZ 00000001400151a0 f i libucrtd:output.obj
 0001:000141a0       ?narrow_null_string@?$output_processor@_WV?$string_output_adapter@_W@__crt_stdio_output@@V?$format_validation_base@_WV?$string_output_adapter@_W@__crt_stdio_output@@@2@@__crt_stdio_output@@CAPEADXZ 00000001400151a0 f i libucrtd:output.obj
 0001:000141b0       ?parse_int_from_format_string@?$output_processor@DV?$string_output_adapter@D@__crt_stdio_output@@V?$format_validation_base@DV?$string_output_adapter@D@__crt_stdio_output@@@2@@__crt_stdio_output@@AEAA_NQEAH@Z 00000001400151b0 f i libucrtd:output.obj
 0001:000142a0       ?parse_int_from_format_string@?$output_processor@_WV?$string_output_adapter@_W@__crt_stdio_output@@V?$format_validation_base@_WV?$string_output_adapter@_W@__crt_stdio_output@@@2@@__crt_stdio_output@@AEAA_NQEAH@Z 00000001400152a0 f i libucrtd:output.obj
 0001:00014390       ?process@?$output_processor@DV?$string_output_adapter@D@__crt_stdio_output@@V?$format_validation_base@DV?$string_output_adapter@D@__crt_stdio_output@@@2@@__crt_stdio_output@@QEAAHXZ 0000000140015390 f i libucrtd:output.obj
 0001:000146f0       ?process@?$output_processor@_WV?$string_output_adapter@_W@__crt_stdio_output@@V?$format_validation_base@_WV?$string_output_adapter@_W@__crt_stdio_output@@@2@@__crt_stdio_output@@QEAAHXZ 00000001400156f0 f i libucrtd:output.obj
 0001:00014a50       ?set_flag@?$output_processor@DV?$string_output_adapter@D@__crt_stdio_output@@V?$format_validation_base@DV?$string_output_adapter@D@__crt_stdio_output@@@2@@__crt_stdio_output@@AEAAXI@Z 0000000140015a50 f i libucrtd:output.obj
 0001:00014a50       ?set_flag@?$output_processor@_WV?$string_output_adapter@_W@__crt_stdio_output@@V?$format_validation_base@_WV?$string_output_adapter@_W@__crt_stdio_output@@@2@@__crt_stdio_output@@AEAAXI@Z 0000000140015a50 f i libucrtd:output.obj
 0001:00014a70       ?should_format@?$standard_base@_WV?$string_output_adapter@_W@__crt_stdio_output@@@__crt_stdio_output@@IEAA_NXZ 0000000140015a70 f i libucrtd:output.obj
 0001:00014a70       ?validate_state_for_type_case_a@?$standard_base@DV?$string_output_adapter@D@__crt_stdio_output@@@__crt_stdio_output@@IEBA_NXZ 0000000140015a70 f i libucrtd:output.obj
 0001:00014a70       ?validate_and_update_state_at_beginning_of_format_character@?$standard_base@DV?$string_output_adapter@D@__crt_stdio_output@@@__crt_stdio_output@@IEAA_NXZ 0000000140015a70 f i libucrtd:output.obj
 0001:00014a70       ?validate_and_update_state_at_beginning_of_format_character@?$standard_base@_WV?$string_output_adapter@_W@__crt_stdio_output@@@__crt_stdio_output@@IEAA_NXZ 0000000140015a70 f i libucrtd:output.obj
 0001:00014a70       ?should_format@?$standard_base@DV?$string_output_adapter@D@__crt_stdio_output@@@__crt_stdio_output@@IEAA_NXZ 0000000140015a70 f i libucrtd:output.obj
 0001:00014a70       ?validate_state_for_type_case_a@?$standard_base@_WV?$string_output_adapter@_W@__crt_stdio_output@@@__crt_stdio_output@@IEBA_NXZ 0000000140015a70 f i libucrtd:output.obj
 0001:00014a80       ?should_skip_normal_state_processing@?$standard_base@DV?$string_output_adapter@D@__crt_stdio_output@@@__crt_stdio_output@@IEAA_NXZ 0000000140015a80 f i libucrtd:output.obj
 0001:00014a80       ?should_skip_type_state_output@?$standard_base@DV?$string_output_adapter@D@__crt_stdio_output@@@__crt_stdio_output@@IEBA_NXZ 0000000140015a80 f i libucrtd:output.obj
 0001:00014a80       ?should_skip_type_state_output@?$standard_base@_WV?$string_output_adapter@_W@__crt_stdio_output@@@__crt_stdio_output@@IEBA_NXZ 0000000140015a80 f i libucrtd:output.obj
 0001:00014a80       ?should_skip_normal_state_processing@?$standard_base@_WV?$string_output_adapter@_W@__crt_stdio_output@@@__crt_stdio_output@@IEAA_NXZ 0000000140015a80 f i libucrtd:output.obj
 0001:00014a90       ?state_case_dot@?$output_processor@DV?$string_output_adapter@D@__crt_stdio_output@@V?$format_validation_base@DV?$string_output_adapter@D@__crt_stdio_output@@@2@@__crt_stdio_output@@AEAA_NXZ 0000000140015a90 f i libucrtd:output.obj
 0001:00014a90       ?state_case_dot@?$output_processor@_WV?$string_output_adapter@_W@__crt_stdio_output@@V?$format_validation_base@_WV?$string_output_adapter@_W@__crt_stdio_output@@@2@@__crt_stdio_output@@AEAA_NXZ 0000000140015a90 f i libucrtd:output.obj
 0001:00014ab0       ?state_case_flag@?$output_processor@DV?$string_output_adapter@D@__crt_stdio_output@@V?$format_validation_base@DV?$string_output_adapter@D@__crt_stdio_output@@@2@@__crt_stdio_output@@AEAA_NXZ 0000000140015ab0 f i libucrtd:output.obj
 0001:00014b50       ?state_case_flag@?$output_processor@_WV?$string_output_adapter@_W@__crt_stdio_output@@V?$format_validation_base@_WV?$string_output_adapter@_W@__crt_stdio_output@@@2@@__crt_stdio_output@@AEAA_NXZ 0000000140015b50 f i libucrtd:output.obj
 0001:00014bf0       ?state_case_normal@?$output_processor@DV?$string_output_adapter@D@__crt_stdio_output@@V?$format_validation_base@DV?$string_output_adapter@D@__crt_stdio_output@@@2@@__crt_stdio_output@@AEAA_NXZ 0000000140015bf0 f i libucrtd:output.obj
[...]
 0002:000120c8       $unwind$__acrt_update_thread_locale_data 000000014004f0c8     libucrtd:locale_refcounting.obj
 0002:000120e8       $unwind$__acrt_get_parent_window 000000014004f0e8     libucrtd:winapi_thunks.obj
 0002:000120e8       $unwind$__acrt_initialize_winapi_thunks 000000014004f0e8     libucrtd:winapi_thunks.obj
 0002:000120e8       $unwind$__acrt_initialize_stdio 000000014004f0e8     libucrtd:_file.obj
 0002:000120f0       $unwind$__acrt_InitializeCriticalSectionEx 000000014004f0f0     libucrtd:winapi_thunks.obj
 0002:000120f8       $unwind$??$common_xtox@KD@@YAHKQEAD_KI_N@Z 000000014004f0f8     libucrtd:xtoa.obj
 0002:000120f8       $unwind$??$common_xtox@K_W@@YAHKQEA_W_KI_N@Z 000000014004f0f8     libucrtd:xtoa.obj
 0002:000120f8       $unwind$__acrt_LCMapStringEx 000000014004f0f8     libucrtd:winapi_thunks.obj
 0002:00012100       $unwind$__acrt_is_interactive 000000014004f100     libucrtd:winapi_thunks.obj
 0002:00012110       $unwind$_query_new_handler 000000014004f110     libucrtd:new_handler.obj
 0002:00012130       $unwind$raise              000000014004f130     libucrtd:signal.obj
 0002:00012150       $unwind$??$?RV<lambda_450d765d439847d4c735a33c368b5fc0>@@AEAV<lambda_44731a7d0e6d81c3e6aa82d741081786>@@V<lambda_601a2a7da3b7a96e9554ac7215c4b07c>@@@?$__crt_seh_guarded_call@P6AXH@Z@@QEAAP6AXH@Z$$QEAV<lambda_450d765d439847d4c735a33c368b5fc0>@@AEAV<lambda_44731a7d0e6d81c3e6aa82d741081786>@@$$QEAV<lambda_601a2a7da3b7a96e9554ac7215c4b07c>@@@Z 000000014004f150     libucrtd:signal.obj
 0002:00012170       $unwind$_expand_base       000000014004f170     libucrtd:expand.obj
 0002:00012178       $unwind$?fp_format_g@@YAHQEBNQEAD_K12H_NIQEAU__crt_locale_pointers@@@Z 000000014004f178     libucrtd:cvt.obj
 0002:00012178       $unwind$_mbtowc_l          000000014004f178     libucrtd:mbtowc.obj
 0002:00012184       $unwind$_wctomb_s_l        000000014004f184     libucrtd:wctomb.obj
 0002:00012190       $unwind$?fp_format_nan_or_infinity@@YAHW4__acrt_fp_class@@_NPEAD_K1@Z 000000014004f190     libucrtd:cvt.obj
 0002:00012198       $unwind$?fe_to_nearest@@YA_NQEBN_KF@Z 000000014004f198     libucrtd:cvt.obj
 0002:000121a0       $unwind$?should_round_up@@YA_NQEBN_KFW4__acrt_rounding_mode@@@Z 000000014004f1a0     libucrtd:cvt.obj
 0002:000121a8       $unwind$?fp_format_a@@YAHQEBNPEAD_KQEAD2H_NIQEAU__crt_locale_pointers@@W4__acrt_rounding_mode@@@Z 000000014004f1a8     libucrtd:cvt.obj
 0002:000121b8       $stateUnwindMap$?fp_format_a@@YAHQEBNPEAD_KQEAD2H_NIQEAU__crt_locale_pointers@@W4__acrt_rounding_mode@@@Z 000000014004f1b8     libucrtd:cvt.obj
 0002:000121c0       $ip2state$?fp_format_a@@YAHQEBNPEAD_KQEAD2H_NIQEAU__crt_locale_pointers@@W4__acrt_rounding_mode@@@Z 000000014004f1c0     libucrtd:cvt.obj
 0002:00012208       $unwind$?fp_format_f@@YAHQEBNQEAD_K12HQEAU__crt_locale_pointers@@W4__acrt_rounding_mode@@@Z 000000014004f208     libucrtd:cvt.obj
 0002:00012210       $unwind$_VCrtDbgReportA    000000014004f210     libucrtd:dbgrptt.obj
 0002:00012248       $unwind$_VCrtDbgReportW    000000014004f248     libucrtd:dbgrptt.obj
 0002:00012280       $unwind$__acrt_OutputDebugStringA 000000014004f280     libucrtd:outputdebugstringa.obj
 0002:00012294       $unwind$qsort              000000014004f294     libucrtd:qsort.obj
 0002:000122a4       $unwind$?shortsort@@YAXPEAD0_KP6AHPEBX2@Z@Z 000000014004f2a4     libucrtd:qsort.obj
 0002:000122b4       $stateUnwindMap$?shortsort@@YAXPEAD0_KP6AHPEBX2@Z@Z 000000014004f2b4     libucrtd:qsort.obj
 0002:000122c0       $ip2state$?shortsort@@YAXPEAD0_KP6AHPEBX2@Z@Z 000000014004f2c0     libucrtd:qsort.obj
 0002:000122d8       $unwind$strpbrk            000000014004f2d8     libucrtd:strpbrk.obj
 0002:000122e0       $unwind$fallbackMethod     000000014004f2e0     libucrtd:strpbrk.obj
 0002:000122f0       $unwind$_mbsdec_l          000000014004f2f0     libucrtd:mbsdec.obj
 0002:000122fc       $unwind$__acrt_LCMapStringA 000000014004f2fc     libucrtd:lcmapstringa.obj
 0002:00012304       $unwind$_mbstowcs_s_l      000000014004f304     libucrtd:mbstowcs.obj
 0002:00012304       $unwind$?__acrt_LCMapStringA_stat@@YAHPEAU__crt_locale_pointers@@PEB_WKPEBDHPEADHHH@Z 000000014004f304     libucrtd:lcmapstringa.obj
 0002:0001230c       $unwind$??$common_xtox_s@KD@@YAHKQEAD_KI_N@Z 000000014004f30c     libucrtd:xtoa.obj
 0002:0001230c       $unwind$??$common_xtox_s@K_W@@YAHKQEA_W_KI_N@Z 000000014004f30c     libucrtd:xtoa.obj
 0002:00012314       $unwind$??R<lambda_ab61a845afdef5b7c387490eaf3616ee>@@QEBA@XZ 000000014004f314     libucrtd:fflush.obj
 0002:0001231c       $unwind$??$?RV<lambda_842d9ff0dc9ef11c61343bbaebe7f885>@@AEAV<lambda_c5860995281e5c4ce005b3de8f5874ee>@@V<lambda_d90129c13df834fdcbf8d2b88dafcf2d>@@@?$__crt_seh_guarded_call@X@@QEAAX$$QEAV<lambda_842d9ff0dc9ef11c61343bbaebe7f885>@@AEAV<lambda_c5860995281e5c4ce005b3de8f5874ee>@@$$QEAV<lambda_d90129c13df834fdcbf8d2b88dafcf2d>@@@Z 000000014004f31c     libucrtd:fflush.obj
 0002:0001233c       $unwind$??$?RV<lambda_886d6c58226a84441f68b9f2b8217b83>@@AEAV<lambda_ab61a845afdef5b7c387490eaf3616ee>@@V<lambda_f7f22ab5edc0698d5f6905b0d3f44752>@@@?$__crt_seh_guarded_call@X@@QEAAX$$QEAV<lambda_886d6c58226a84441f68b9f2b8217b83>@@AEAV<lambda_ab61a845afdef5b7c387490eaf3616ee>@@$$QEAV<lambda_f7f22ab5edc0698d5f6905b0d3f44752>@@@Z 000000014004f33c     libucrtd:fflush.obj
 0002:0001235c       $unwind$_isleadbyte_l      000000014004f35c     libucrtd:_wctype.obj
 0002:00012364       $unwind$?__mbsrtowcs_utf8@__crt_mbstring@@YA_KPEA_WPEAPEBD_KPEAU_Mbstatet@@@Z 000000014004f364     libucrtd:mbrtowc.obj
 0002:0001236c       $unwind$?__c32rtomb_utf8@__crt_mbstring@@YA_KPEAD_UPEAU_Mbstatet@@@Z 000000014004f36c     libucrtd:c32rtomb.obj
 0002:00012374       $unwind$?reset_and_return@__crt_mbstring@@YA_K_KPEAU_Mbstatet@@@Z 000000014004f374     libucrtd:c32rtomb.obj
 0002:0001237c       $unwind$__acrt_fltout      000000014004f37c     libucrtd:cfout.obj
 0002:00012384       $unwind$?make_big_integer@__crt_strtox@@YA?AUbig_integer@1@_K@Z 000000014004f384     libucrtd:cfout.obj
 0002:00012394       $unwind$?make_big_integer_power_of_two@__crt_strtox@@YA?AUbig_integer@1@I@Z 000000014004f394     libucrtd:cfout.obj
 0002:000123a4       $unwind$?shift_left@__crt_strtox@@YA_NAEAUbig_integer@1@I@Z 000000014004f3a4     libucrtd:cfout.obj
 0002:000123b4       $unwind$?add_multiply_carry@__crt_strtox@@YAIAEAIIII@Z 000000014004f3b4     libucrtd:cfout.obj
 0002:000123bc       $unwind$?multiply@__crt_strtox@@YA_NAEAUbig_integer@1@I@Z 000000014004f3bc     libucrtd:cfout.obj
 0002:000123cc       $unwind$?multiply@__crt_strtox@@YA_NAEAUbig_integer@1@AEBU21@@Z 000000014004f3cc     libucrtd:cfout.obj
 0002:000123dc       $unwind$?multiply_by_power_of_ten@__crt_strtox@@YA_NAEAUbig_integer@1@I@Z 000000014004f3dc     libucrtd:cfout.obj
 0002:000123ec       $unwind$?divide@__crt_strtox@@YA_KAEAUbig_integer@1@AEBU21@@Z 000000014004f3ec     libucrtd:cfout.obj
 0002:000123fc       $unwind$??$convert_to_fos_high_precision@N@@YA?AW4__acrt_has_trailing_digits@@NIQEAHQEAD_K@Z 000000014004f3fc     libucrtd:cfout.obj
 0002:0001240c       $unwind$_fcloseall         000000014004f40c     libucrtd:closeall.obj
 0002:0001242c       $unwind$?_mbstowcs_l_helper@@YA_KPEA_WPEBD_KPEAU__crt_locale_pointers@@@Z 000000014004f42c     libucrtd:mbstowcs.obj
 0002:00012438       $unwind$?_wcstombs_l_helper@@YA_KPEADPEB_W_KPEAU__crt_locale_pointers@@@Z 000000014004f438     libucrtd:wcstombs.obj
 0002:00012450       $stateUnwindMap$?_wcstombs_l_helper@@YA_KPEADPEB_W_KPEAU__crt_locale_pointers@@@Z 000000014004f450     libucrtd:wcstombs.obj
 0002:00012460       $ip2state$?_wcstombs_l_helper@@YA_KPEADPEB_W_KPEAU__crt_locale_pointers@@@Z 000000014004f460     libucrtd:wcstombs.obj
 0002:00012578       $unwind$??$?RV<lambda_4e3dbe6921bc0b5a1a6bc6573fdc859e>@@AEAV<lambda_5533cddd4bda0037814beee657757329>@@V<lambda_47cffbaa968af5c721c38a4a6f8da44d>@@@?$__crt_seh_guarded_call@H@@QEAAH$$QEAV<lambda_4e3dbe6921bc0b5a1a6bc6573fdc859e>@@AEAV<lambda_5533cddd4bda0037814beee657757329>@@$$QEAV<lambda_47cffbaa968af5c721c38a4a6f8da44d>@@@Z 000000014004f578     libucrtd:commit.obj
 0002:00012598       $unwind$_write             000000014004f598     libucrtd:write.obj
 0002:000125b8       $unwind$_write_nolock      000000014004f5b8     libucrtd:write.obj
 0002:000125cc       $unwind$?write_double_translated_ansi_nolock@@YA?AUwrite_result@?A0x17268360@@HQEBDI@Z 000000014004f5cc     libucrtd:write.obj
 0002:000125e0       $unwind$?write_double_translated_unicode_nolock@@YA?AUwrite_result@?A0x17268360@@QEBDI@Z 000000014004f5e0     libucrtd:write.obj
 0002:000125f4       $unwind$?write_text_ansi_nolock@@YA?AUwrite_result@?A0x17268360@@HQEBDI@Z 000000014004f5f4     libucrtd:write.obj
 0002:000125f4       $unwind$?write_text_utf16le_nolock@@YA?AUwrite_result@?A0x17268360@@HQEBDI@Z 000000014004f5f4     libucrtd:write.obj
 0002:00012608       $unwind$?write_text_utf8_nolock@@YA?AUwrite_result@?A0x17268360@@HQEBDI@Z 000000014004f608     libucrtd:write.obj
 0002:0001261c       $unwind$?write_binary_nolock@@YA?AUwrite_result@?A0x17268360@@HQEBDI@Z 000000014004f61c     libucrtd:write.obj
 0002:00012630       $unwind$?__mbrtoc32_utf8@__crt_mbstring@@YA_KPEA_UPEBD_KPEAU_Mbstatet@@@Z 000000014004f630     libucrtd:mbrtoc32.obj
 0002:00012640       $xdatasym                  000000014004f640     libucrtd:log10.obj
 0002:0001264c       $unwind$ceil               000000014004f64c     libucrtd:ceil.obj
 0002:00012654       $unwind$fclose             000000014004f654     libucrtd:fclose.obj
 0002:00012674       $unwind$?__wcsrtombs_utf8@__crt_mbstring@@YA_KPEADPEAPEB_W_KPEAU_Mbstatet@@@Z 000000014004f674     libucrtd:wcrtomb.obj
 0002:00012684       $unwind$__acrt_initialize_fma3 000000014004f684     libucrtd:fma3_available.obj
 0002:00012694       $unwind$_log_special_common 000000014004f694     libucrtd:log_special.obj
 0002:000126a4       $unwind$_log10_special     000000014004f6a4     libucrtd:log_special.obj
 0002:000126ac       $unwind$_handle_error      000000014004f6ac     libucrtd:libm_error.obj
 0002:000126bc       $unwind$common_control87   000000014004f6bc     libucrtd:ieee.obj
 0002:000126dc       $unwind$??$?RV<lambda_53fc7fc888e23d815d7080162c0aeeb2>@@AEAV<lambda_4e7105787b7b0e0227fbf2b2d883fa65>@@V<lambda_8ddc48ad9d26c778cb15812d1d88fc8a>@@@?$__crt_seh_guarded_call@H@@QEAAH$$QEAV<lambda_53fc7fc888e23d815d7080162c0aeeb2>@@AEAV<lambda_4e7105787b7b0e0227fbf2b2d883fa65>@@$$QEAV<lambda_8ddc48ad9d26c778cb15812d1d88fc8a>@@@Z 000000014004f6dc     libucrtd:close.obj
 0002:000126fc       $unwind$?__c16rtomb_utf8@__crt_mbstring@@YA_KPEAD_SPEAU_Mbstatet@@@Z 000000014004f6fc     libucrtd:c16rtomb.obj
 0002:00012704       $unwind$__dcrt_lowio_ensure_console_output_initialized 000000014004f704     libucrtd:initcon.obj
 0002:0001270c       $unwind$__dcrt_write_console 000000014004f70c     libucrtd:initcon.obj
 0002:00012720       $unwind$_ctrlfp            000000014004f720     libucrtd:fpctrl.obj
 0002:00012740       $xdatasym                  000000014004f740     libucrtd:fpsr.obj
 0002:00012748       $unwind$_IsNonwritableInCurrentImage 000000014004f748     LIBCMTD:pesect.obj
 0002:00012768       $xdatasym                  000000014004f768     libvcruntimed:memcmp.obj
 0002:0001276c       $unwind$strrchr            000000014004f76c     libvcruntimed:strrchr.obj
 0002:00012d98       .idata$6                   000000014004fd98     user32:USER32.dll
 0002:00012dce       .idata$6                   000000014004fdce     gdi32:GDI32.dll
 0002:00012dea       .idata$6                   000000014004fdea     winmm:WINMM.dll
 0002:000130a2       .idata$6                   00000001400500a2     kernel32:KERNEL32.dll
 0003:00000000       ?GlobalWindowPosition@@3UtagWINDOWPLACEMENT@@A 0000000140051000     win32_handmade.obj
 0003:00000030       ?XInputGetState_@@3P6AKKPEAU_XINPUT_STATE@@@ZEA 0000000140051030     win32_handmade.obj
 0003:00000038       ?XInputSetState_@@3P6AKKPEAU_XINPUT_VIBRATION@@@ZEA 0000000140051038     win32_handmade.obj
 0003:00000080       ?__vcrt_flsindex@@3KA      0000000140051080     libvcruntimed:per_thread_data.obj
 0003:00000090       ?__acrt_current_request_number@@3JA 0000000140051090     libucrtd:debug_heap.obj
 0003:000000b0       ?__acrt_flsindex@@3KA      00000001400510b0     libucrtd:per_thread_data.obj
 0003:000000b4       ?errno_no_memory@@3HA      00000001400510b4     libucrtd:errno.obj
 0003:000000b8       ?doserrno_no_memory@@3KA   00000001400510b8     libucrtd:errno.obj
 0003:000002f0       _mbctypes                  00000001400512f0     libucrtd:mbctype.obj
 0003:00000400       _mbcasemaps                0000000140051400     libucrtd:mbctype.obj
 0003:00000500       ?__rgctypeflag@@3PADA      0000000140051500     libucrtd:mbctype.obj
 0003:00000510       ?__rgcode_page_info@@3PAUcode_page_info@@A 0000000140051510     libucrtd:mbctype.obj
 0003:00000830       ?__acrt_debug_fill_threshold@@3_KA 0000000140051830     libucrtd:debug_fill_threshold.obj
 0003:00000a80       ?dazSupported@?1??common_control87@@9@9 0000000140051a80     libucrtd:ieee.obj
 0003:00000a88       ?__dcrt_lowio_console_output_handle@@3PEAXEA 0000000140051a88     libucrtd:initcon.obj
 0003:00000a90       ?dazSupported@?1??_ctrlfp@@9@9 0000000140051a90     libucrtd:fpctrl.obj
 0003:00000b10       ?GlobalRunning@@3HA        0000000140051b10     win32_handmade.obj
 0003:00000b14       ?GlobalPause@@3HA          0000000140051b14     win32_handmade.obj
 0003:00000b18       ?GlobalSecondaryBuffer@@3PEAUIDirectSoundBuffer@@EA 0000000140051b18     win32_handmade.obj
 0003:00000b20       ?GlobalBackbuffer@@3Uwin32_offscreen_buffer@@A 0000000140051b20     win32_handmade.obj
 0003:00000b68       ?GlobalPerfCountFrequency@@3_KA 0000000140051b68     win32_handmade.obj
 0003:00000b70       ?DEBUGGlobalShowCursor@@3HA 0000000140051b70     win32_handmade.obj
 0003:00000b80       GS_ExceptionRecord         0000000140051b80     LIBCMTD:gs_report.obj
 0003:00000c20       GS_ContextRecord           0000000140051c20     LIBCMTD:gs_report.obj
 0003:00001100       ?is_initialized_as_dll@@3_NA 0000000140052100     LIBCMTD:utility.obj
 0003:00001101       ?module_local_atexit_table_initialized@@3_NA 0000000140052101     LIBCMTD:utility.obj
 0003:00001108       ?module_local_atexit_table@@3U_onexit_table_t@@A 0000000140052108     LIBCMTD:utility.obj
 0003:00001120       ?module_local_at_quick_exit_table@@3U_onexit_table_t@@A 0000000140052120     LIBCMTD:utility.obj
 0003:00001180       ?__vcrt_startup_thread_ptd@@3U__vcrt_ptd@@A 0000000140052180     libvcruntimed:per_thread_data.obj
 0003:00001200       __vcrt_lock_table          0000000140052200     libvcruntimed:locks.obj
 0003:00001228       __vcrt_locks_initialized   0000000140052228     libvcruntimed:locks.obj
 0003:00001270       ?heap@@3V_HeapManager@@A   0000000140052270     libvcruntimed:undname.obj
 0003:00001298       ?module_handles@@3PAPEAUHINSTANCE__@@A 0000000140052298     libvcruntimed:winapi_downlevel.obj
 0003:000012b0       ?function_pointers@@3PAPEAXA 00000001400522b0     libvcruntimed:winapi_downlevel.obj
 0003:000012e0       ?__acrt_app_type@@3W4_crt_app_type@@A 00000001400522e0     libucrtd:report_runtime_error.obj
 0003:000012f0       ?outmsg@?9??__acrt_report_runtime_error@@9@4PA_WA 00000001400522f0     libucrtd:report_runtime_error.obj
 0003:00001918       ?user_matherr@@3V?$dual_state_global@P6AHPEAU_exception@@@Z@__crt_state_management@@A 0000000140052918     libucrtd:matherr.obj
 0003:00001920       ?program_name@?1???$common_configure_argv@D@@YAHW4_crt_argv_mode@@@Z@4PADA 0000000140052920     libucrtd:argv_parsing.obj
 0003:00001a48       ?empty_string@?1???$common_wincmdln@E@@YAPEAEXZ@4PAEA 0000000140052a48     libucrtd:argv_winmain.obj
 0003:00001a4c       ?c_termination_complete@@3JA 0000000140052a4c     libucrtd:exit.obj
 0003:00001a50       ?thread_local_exit_callback_func@@3P6AXPEAXK0@ZEA 0000000140052a50     libucrtd:exit.obj
 0003:00001a60       ?__acrt_global_new_mode@@3V?$dual_state_global@J@__crt_state_management@@A 0000000140052a60     libucrtd:new_mode.obj
 0003:00001a98       ?__acrt_first_block@@3PEAU_CrtMemBlockHeader@@EA 0000000140052a98     libucrtd:debug_heap.obj
 0003:00001aa0       ?__acrt_last_block@@3PEAU_CrtMemBlockHeader@@EA 0000000140052aa0     libucrtd:debug_heap.obj
 0003:00001aa8       ?__acrt_total_allocations@@3_KA 0000000140052aa8     libucrtd:debug_heap.obj
 0003:00001ab0       ?__acrt_current_allocations@@3_KA 0000000140052ab0     libucrtd:debug_heap.obj
 0003:00001ab8       ?__acrt_max_allocations@@3_KA 0000000140052ab8     libucrtd:debug_heap.obj
 0003:00001ac0       ?__acrt_check_frequency@@3IA 0000000140052ac0     libucrtd:debug_heap.obj
 0003:00001ac4       ?__acrt_check_counter@@3IA 0000000140052ac4     libucrtd:debug_heap.obj
 0003:00001ad0       ?heap_validation_pending@@3_NA 0000000140052ad0     libucrtd:debug_heap.obj
 0003:00001ad8       ?__acrt_invalid_parameter_handler@@3V?$dual_state_global@P6AXPEB_W00I_K@Z@__crt_state_management@@A 0000000140052ad8     libucrtd:invalid_parameter.obj
 0003:00001ae0       __acrt_error_mode          0000000140052ae0     libucrtd:set_error_mode.obj
 0003:00001b00       ?fSystemSet@@3HA           0000000140052b00     libucrtd:mbctype.obj
 0003:00001b04       ?initialized@?1??__acrt_initialize_multibyte@@9@4_NA 0000000140052b04     libucrtd:mbctype.obj
 0003:00001b40       ?__acrt_lock_table@@3PAU_RTL_CRITICAL_SECTION@@A 0000000140052b40     libucrtd:locks.obj
 0003:00001d70       ?__acrt_locks_initialized@@3IA 0000000140052d70     libucrtd:locks.obj
 0003:00001d74       ?state_cache@?1???$get_cached_win_policy@Udeveloper_information_policy_properties@?1??__acrt_get_developer_information_policy@@YA?AW4developer_information_policy@@XZ@@@YA?AW4developer_information_policy@@W4AppPolicyShowDeveloperDiagnostic@@@Z@4JA 0000000140052d74     libucrtd:win_policies.obj
 0003:00001d78       ?state_cache@?1???$get_cached_win_policy@Uwindowing_model_policy_properties@?1??__acrt_get_windowing_model_policy@@YA?AW4windowing_model_policy@@XZ@@@YA?AW4windowing_model_policy@@W4AppPolicyWindowingModel@@@Z@4JA 0000000140052d78     libucrtd:win_policies.obj
 0003:00002190       ?module_handles@@3PAPEAUHINSTANCE__@@A 0000000140053190     libucrtd:winapi_thunks.obj
 0003:00002230       ?encoded_function_pointers@@3PAPEAXA 0000000140053230     libucrtd:winapi_thunks.obj
 0003:00002350       ?__acrt_new_handler@@3V?$dual_state_global@P6AH_K@Z@__crt_state_management@@A 0000000140053350     libucrtd:new_handler.obj
 0003:00002358       ?ctrlc_action@@3V?$dual_state_global@P6AXH@Z@__crt_state_management@@A 0000000140053358     libucrtd:signal.obj
 0003:00002360       ?ctrlbreak_action@@3V?$dual_state_global@P6AXH@Z@__crt_state_management@@A 0000000140053360     libucrtd:signal.obj
 0003:00002368       ?abort_action@@3V?$dual_state_global@P6AXH@Z@__crt_state_management@@A 0000000140053368     libucrtd:signal.obj
 0003:00002370       ?term_action@@3V?$dual_state_global@P6AXH@Z@__crt_state_management@@A 0000000140053370     libucrtd:signal.obj
 0003:00002388       ?internal_state@?1??_mbtowc_l@@9@4U_Mbstatet@@A 0000000140053388     libucrtd:mbtowc.obj
 0003:000023a0       ?enable_percent_n@@3_KA    00000001400533a0     libucrtd:printf_count_output.obj
 0003:000023c0       ?internal_pst@?1??__mbrtoc32_utf8@__crt_mbstring@@YA_KPEA_UPEBD_KPEAU_Mbstatet@@@Z@4U3@A 00000001400533c0     libucrtd:mbrtoc32.obj
 0003:000023d0       ?internal_pst@?1??__c16rtomb_utf8@__crt_mbstring@@YA_KPEAD_SPEAU_Mbstatet@@@Z@4U3@A 00000001400533d0     libucrtd:c16rtomb.obj
 0005:00000000       MoveSmall                  0000000140057000     libvcruntimed:memcpy.obj
 0005:00000050       MsetTab                    0000000140057050     libvcruntimed:memset.obj
